
> toystack-boilerplate@0.1.0 tsc
> tsc --traceResolution

======== Resolving module 'graphql-shield' from 'd:/DOPAMS/Toystack/dopams-backend-staging/src/permissions.ts'. ========
Explicitly specified module resolution kind: 'Node10'.
'baseUrl' option is set to 'd:/DOPAMS/Toystack/dopams-backend-staging/src', using this value to resolve non-relative module name 'graphql-shield'.
'paths' option is specified, looking for a pattern to match module name 'graphql-shield'.
'baseUrl' option is set to 'd:/DOPAMS/Toystack/dopams-backend-staging/src', using this value to resolve non-relative module name 'graphql-shield'.
Resolving module name 'graphql-shield' relative to base url 'd:/DOPAMS/Toystack/dopams-backend-staging/src' - 'd:/DOPAMS/Toystack/dopams-backend-staging/src/graphql-shield'.
Loading module as file / folder, candidate module location 'd:/DOPAMS/Toystack/dopams-backend-staging/src/graphql-shield', target file types: TypeScript, Declaration.
File 'd:/DOPAMS/Toystack/dopams-backend-staging/src/graphql-shield.ts' does not exist.
File 'd:/DOPAMS/Toystack/dopams-backend-staging/src/graphql-shield.tsx' does not exist.
File 'd:/DOPAMS/Toystack/dopams-backend-staging/src/graphql-shield.d.ts' does not exist.
Directory 'd:/DOPAMS/Toystack/dopams-backend-staging/src/graphql-shield' does not exist, skipping all lookups in it.
Loading module 'graphql-shield' from 'node_modules' folder, target file types: TypeScript, Declaration.
Searching all ancestor node_modules directories for preferred extensions: TypeScript, Declaration.
Directory 'd:/DOPAMS/Toystack/dopams-backend-staging/src/node_modules' does not exist, skipping all lookups in it.
Found 'package.json' at 'd:/DOPAMS/Toystack/dopams-backend-staging/node_modules/graphql-shield/package.json'.
File 'd:/DOPAMS/Toystack/dopams-backend-staging/node_modules/graphql-shield.ts' does not exist.
File 'd:/DOPAMS/Toystack/dopams-backend-staging/node_modules/graphql-shield.tsx' does not exist.
File 'd:/DOPAMS/Toystack/dopams-backend-staging/node_modules/graphql-shield.d.ts' does not exist.
'package.json' does not have a 'typesVersions' field.
'package.json' has 'typings' field 'typings/index.d.ts' that references 'd:/DOPAMS/Toystack/dopams-backend-staging/node_modules/graphql-shield/typings/index.d.ts'.
File 'd:/DOPAMS/Toystack/dopams-backend-staging/node_modules/graphql-shield/typings/index.d.ts' exists - use it as a name resolution result.
'package.json' has a 'peerDependencies' field.
Resolving real path for 'd:/DOPAMS/Toystack/dopams-backend-staging/node_modules/graphql-shield', result 'D:/DOPAMS/Toystack/dopams-backend-staging/node_modules/graphql-shield'.
Found 'package.json' at 'D:/DOPAMS/Toystack/dopams-backend-staging/node_modules/graphql/package.json'.
Found peerDependency 'graphql' with '16.12.0' version.
Found 'package.json' at 'D:/DOPAMS/Toystack/dopams-backend-staging/node_modules/graphql-middleware/package.json'.
Found peerDependency 'graphql-middleware' with '6.1.35' version.
Resolving real path for 'd:/DOPAMS/Toystack/dopams-backend-staging/node_modules/graphql-shield/typings/index.d.ts', result 'D:/DOPAMS/Toystack/dopams-backend-staging/node_modules/graphql-shield/typings/index.d.ts'.
======== Module name 'graphql-shield' was successfully resolved to 'd:/DOPAMS/Toystack/dopams-backend-staging/node_modules/graphql-shield/typings/index.d.ts' with Package ID 'graphql-shield/typings/index.d.ts@7.6.5+graphql@16.12.0+graphql-middleware@6.1.35'. ========
File 'd:/DOPAMS/Toystack/dopams-backend-staging/node_modules/graphql-shield/typings/package.json' does not exist.
File 'd:/DOPAMS/Toystack/dopams-backend-staging/node_modules/graphql-shield/package.json' exists according to earlier cached lookups.
======== Resolving module './types.js' from 'd:/DOPAMS/Toystack/dopams-backend-staging/node_modules/graphql-shield/typings/index.d.ts'. ========
Explicitly specified module resolution kind: 'Node10'.
Loading module as file / folder, candidate module location 'd:/DOPAMS/Toystack/dopams-backend-staging/node_modules/graphql-shield/typings/types.js', target file types: TypeScript, Declaration.
File name 'd:/DOPAMS/Toystack/dopams-backend-staging/node_modules/graphql-shield/typings/types.js' has a '.js' extension - stripping it.
File 'd:/DOPAMS/Toystack/dopams-backend-staging/node_modules/graphql-shield/typings/types.ts' does not exist.
File 'd:/DOPAMS/Toystack/dopams-backend-staging/node_modules/graphql-shield/typings/types.tsx' does not exist.
File 'd:/DOPAMS/Toystack/dopams-backend-staging/node_modules/graphql-shield/typings/types.d.ts' exists - use it as a name resolution result.
File 'd:/DOPAMS/Toystack/dopams-backend-staging/node_modules/graphql-shield/package.json' exists according to earlier cached lookups.
======== Module name './types.js' was successfully resolved to 'd:/DOPAMS/Toystack/dopams-backend-staging/node_modules/graphql-shield/typings/types.d.ts' with Package ID 'graphql-shield/typings/types.d.ts@7.6.5+graphql@16.12.0+graphql-middleware@6.1.35'. ========
======== Resolving module './shield.js' from 'd:/DOPAMS/Toystack/dopams-backend-staging/node_modules/graphql-shield/typings/index.d.ts'. ========
Explicitly specified module resolution kind: 'Node10'.
Loading module as file / folder, candidate module location 'd:/DOPAMS/Toystack/dopams-backend-staging/node_modules/graphql-shield/typings/shield.js', target file types: TypeScript, Declaration.
File name 'd:/DOPAMS/Toystack/dopams-backend-staging/node_modules/graphql-shield/typings/shield.js' has a '.js' extension - stripping it.
File 'd:/DOPAMS/Toystack/dopams-backend-staging/node_modules/graphql-shield/typings/shield.ts' does not exist.
File 'd:/DOPAMS/Toystack/dopams-backend-staging/node_modules/graphql-shield/typings/shield.tsx' does not exist.
File 'd:/DOPAMS/Toystack/dopams-backend-staging/node_modules/graphql-shield/typings/shield.d.ts' exists - use it as a name resolution result.
File 'd:/DOPAMS/Toystack/dopams-backend-staging/node_modules/graphql-shield/package.json' exists according to earlier cached lookups.
======== Module name './shield.js' was successfully resolved to 'd:/DOPAMS/Toystack/dopams-backend-staging/node_modules/graphql-shield/typings/shield.d.ts' with Package ID 'graphql-shield/typings/shield.d.ts@7.6.5+graphql@16.12.0+graphql-middleware@6.1.35'. ========
======== Resolving module './constructors.js' from 'd:/DOPAMS/Toystack/dopams-backend-staging/node_modules/graphql-shield/typings/index.d.ts'. ========
Explicitly specified module resolution kind: 'Node10'.
Loading module as file / folder, candidate module location 'd:/DOPAMS/Toystack/dopams-backend-staging/node_modules/graphql-shield/typings/constructors.js', target file types: TypeScript, Declaration.
File name 'd:/DOPAMS/Toystack/dopams-backend-staging/node_modules/graphql-shield/typings/constructors.js' has a '.js' extension - stripping it.
File 'd:/DOPAMS/Toystack/dopams-backend-staging/node_modules/graphql-shield/typings/constructors.ts' does not exist.
File 'd:/DOPAMS/Toystack/dopams-backend-staging/node_modules/graphql-shield/typings/constructors.tsx' does not exist.
File 'd:/DOPAMS/Toystack/dopams-backend-staging/node_modules/graphql-shield/typings/constructors.d.ts' exists - use it as a name resolution result.
File 'd:/DOPAMS/Toystack/dopams-backend-staging/node_modules/graphql-shield/package.json' exists according to earlier cached lookups.
======== Module name './constructors.js' was successfully resolved to 'd:/DOPAMS/Toystack/dopams-backend-staging/node_modules/graphql-shield/typings/constructors.d.ts' with Package ID 'graphql-shield/typings/constructors.d.ts@7.6.5+graphql@16.12.0+graphql-middleware@6.1.35'. ========
File 'd:/DOPAMS/Toystack/dopams-backend-staging/node_modules/graphql-shield/typings/package.json' does not exist according to earlier cached lookups.
File 'd:/DOPAMS/Toystack/dopams-backend-staging/node_modules/graphql-shield/package.json' exists according to earlier cached lookups.
======== Resolving module 'graphql' from 'd:/DOPAMS/Toystack/dopams-backend-staging/node_modules/graphql-shield/typings/types.d.ts'. ========
Explicitly specified module resolution kind: 'Node10'.
'baseUrl' option is set to 'd:/DOPAMS/Toystack/dopams-backend-staging/src', using this value to resolve non-relative module name 'graphql'.
'paths' option is specified, looking for a pattern to match module name 'graphql'.
'baseUrl' option is set to 'd:/DOPAMS/Toystack/dopams-backend-staging/src', using this value to resolve non-relative module name 'graphql'.
Resolving module name 'graphql' relative to base url 'd:/DOPAMS/Toystack/dopams-backend-staging/src' - 'd:/DOPAMS/Toystack/dopams-backend-staging/src/graphql'.
Loading module as file / folder, candidate module location 'd:/DOPAMS/Toystack/dopams-backend-staging/src/graphql', target file types: TypeScript, Declaration.
File 'd:/DOPAMS/Toystack/dopams-backend-staging/src/graphql.ts' does not exist.
File 'd:/DOPAMS/Toystack/dopams-backend-staging/src/graphql.tsx' does not exist.
File 'd:/DOPAMS/Toystack/dopams-backend-staging/src/graphql.d.ts' does not exist.
Directory 'd:/DOPAMS/Toystack/dopams-backend-staging/src/graphql' does not exist, skipping all lookups in it.
Loading module 'graphql' from 'node_modules' folder, target file types: TypeScript, Declaration.
Searching all ancestor node_modules directories for preferred extensions: TypeScript, Declaration.
Directory 'd:/DOPAMS/Toystack/dopams-backend-staging/node_modules/graphql-shield/typings/node_modules' does not exist, skipping all lookups in it.
Directory 'd:/DOPAMS/Toystack/dopams-backend-staging/node_modules/graphql-shield/node_modules' does not exist, skipping all lookups in it.
File 'd:/DOPAMS/Toystack/dopams-backend-staging/node_modules/graphql/package.json' exists according to earlier cached lookups.
File 'd:/DOPAMS/Toystack/dopams-backend-staging/node_modules/graphql.ts' does not exist.
File 'd:/DOPAMS/Toystack/dopams-backend-staging/node_modules/graphql.tsx' does not exist.
File 'd:/DOPAMS/Toystack/dopams-backend-staging/node_modules/graphql.d.ts' does not exist.
'package.json' has a 'typesVersions' field with version-specific path mappings.
'package.json' does not have a 'typings' field.
'package.json' does not have a 'types' field.
'package.json' has 'main' field 'index' that references 'd:/DOPAMS/Toystack/dopams-backend-staging/node_modules/graphql/index'.
'package.json' has a 'typesVersions' entry '>=4.1.0' that matches compiler version '5.9.3', looking for a pattern to match module name 'index'.
Module name 'index', matched pattern '*'.
Trying substitution '*', candidate module location: 'index'.
Loading module as file / folder, candidate module location 'd:/DOPAMS/Toystack/dopams-backend-staging/node_modules/graphql/index', target file types: TypeScript, Declaration.
File 'd:/DOPAMS/Toystack/dopams-backend-staging/node_modules/graphql/index.ts' does not exist.
File 'd:/DOPAMS/Toystack/dopams-backend-staging/node_modules/graphql/index.tsx' does not exist.
File 'd:/DOPAMS/Toystack/dopams-backend-staging/node_modules/graphql/index.d.ts' exists - use it as a name resolution result.
'package.json' does not have a 'peerDependencies' field.
Resolving real path for 'd:/DOPAMS/Toystack/dopams-backend-staging/node_modules/graphql/index.d.ts', result 'D:/DOPAMS/Toystack/dopams-backend-staging/node_modules/graphql/index.d.ts'.
======== Module name 'graphql' was successfully resolved to 'd:/DOPAMS/Toystack/dopams-backend-staging/node_modules/graphql/index.d.ts' with Package ID 'graphql/index.d.ts@16.12.0'. ========
======== Resolving module 'graphql-middleware' from 'd:/DOPAMS/Toystack/dopams-backend-staging/node_modules/graphql-shield/typings/types.d.ts'. ========
Explicitly specified module resolution kind: 'Node10'.
'baseUrl' option is set to 'd:/DOPAMS/Toystack/dopams-backend-staging/src', using this value to resolve non-relative module name 'graphql-middleware'.
'paths' option is specified, looking for a pattern to match module name 'graphql-middleware'.
'baseUrl' option is set to 'd:/DOPAMS/Toystack/dopams-backend-staging/src', using this value to resolve non-relative module name 'graphql-middleware'.
Resolving module name 'graphql-middleware' relative to base url 'd:/DOPAMS/Toystack/dopams-backend-staging/src' - 'd:/DOPAMS/Toystack/dopams-backend-staging/src/graphql-middleware'.
Loading module as file / folder, candidate module location 'd:/DOPAMS/Toystack/dopams-backend-staging/src/graphql-middleware', target file types: TypeScript, Declaration.
File 'd:/DOPAMS/Toystack/dopams-backend-staging/src/graphql-middleware.ts' does not exist.
File 'd:/DOPAMS/Toystack/dopams-backend-staging/src/graphql-middleware.tsx' does not exist.
File 'd:/DOPAMS/Toystack/dopams-backend-staging/src/graphql-middleware.d.ts' does not exist.
Directory 'd:/DOPAMS/Toystack/dopams-backend-staging/src/graphql-middleware' does not exist, skipping all lookups in it.
Loading module 'graphql-middleware' from 'node_modules' folder, target file types: TypeScript, Declaration.
Searching all ancestor node_modules directories for preferred extensions: TypeScript, Declaration.
Directory 'd:/DOPAMS/Toystack/dopams-backend-staging/node_modules/graphql-shield/typings/node_modules' does not exist, skipping all lookups in it.
Directory 'd:/DOPAMS/Toystack/dopams-backend-staging/node_modules/graphql-shield/node_modules' does not exist, skipping all lookups in it.
File 'd:/DOPAMS/Toystack/dopams-backend-staging/node_modules/graphql-middleware/package.json' exists according to earlier cached lookups.
File 'd:/DOPAMS/Toystack/dopams-backend-staging/node_modules/graphql-middleware.ts' does not exist.
File 'd:/DOPAMS/Toystack/dopams-backend-staging/node_modules/graphql-middleware.tsx' does not exist.
File 'd:/DOPAMS/Toystack/dopams-backend-staging/node_modules/graphql-middleware.d.ts' does not exist.
'package.json' does not have a 'typesVersions' field.
'package.json' has 'typings' field 'dist/index.d.ts' that references 'd:/DOPAMS/Toystack/dopams-backend-staging/node_modules/graphql-middleware/dist/index.d.ts'.
File 'd:/DOPAMS/Toystack/dopams-backend-staging/node_modules/graphql-middleware/dist/index.d.ts' exists - use it as a name resolution result.
'package.json' has a 'peerDependencies' field.
Resolving real path for 'd:/DOPAMS/Toystack/dopams-backend-staging/node_modules/graphql-middleware', result 'D:/DOPAMS/Toystack/dopams-backend-staging/node_modules/graphql-middleware'.
File 'D:/DOPAMS/Toystack/dopams-backend-staging/node_modules/graphql/package.json' exists according to earlier cached lookups.
Found peerDependency 'graphql' with '16.12.0' version.
Resolving real path for 'd:/DOPAMS/Toystack/dopams-backend-staging/node_modules/graphql-middleware/dist/index.d.ts', result 'D:/DOPAMS/Toystack/dopams-backend-staging/node_modules/graphql-middleware/dist/index.d.ts'.
======== Module name 'graphql-middleware' was successfully resolved to 'd:/DOPAMS/Toystack/dopams-backend-staging/node_modules/graphql-middleware/dist/index.d.ts' with Package ID 'graphql-middleware/dist/index.d.ts@6.1.35+graphql@16.12.0'. ========
File 'd:/DOPAMS/Toystack/dopams-backend-staging/node_modules/graphql/package.json' exists according to earlier cached lookups.
======== Resolving module './version' from 'd:/DOPAMS/Toystack/dopams-backend-staging/node_modules/graphql/index.d.ts'. ========
Explicitly specified module resolution kind: 'Node10'.
Loading module as file / folder, candidate module location 'd:/DOPAMS/Toystack/dopams-backend-staging/node_modules/graphql/version', target file types: TypeScript, Declaration.
File 'd:/DOPAMS/Toystack/dopams-backend-staging/node_modules/graphql/version.ts' does not exist.
File 'd:/DOPAMS/Toystack/dopams-backend-staging/node_modules/graphql/version.tsx' does not exist.
File 'd:/DOPAMS/Toystack/dopams-backend-staging/node_modules/graphql/version.d.ts' exists - use it as a name resolution result.
File 'd:/DOPAMS/Toystack/dopams-backend-staging/node_modules/graphql/package.json' exists according to earlier cached lookups.
======== Module name './version' was successfully resolved to 'd:/DOPAMS/Toystack/dopams-backend-staging/node_modules/graphql/version.d.ts' with Package ID 'graphql/version.d.ts@16.12.0'. ========
======== Resolving module './graphql' from 'd:/DOPAMS/Toystack/dopams-backend-staging/node_modules/graphql/index.d.ts'. ========
Explicitly specified module resolution kind: 'Node10'.
Loading module as file / folder, candidate module location 'd:/DOPAMS/Toystack/dopams-backend-staging/node_modules/graphql/graphql', target file types: TypeScript, Declaration.
File 'd:/DOPAMS/Toystack/dopams-backend-staging/node_modules/graphql/graphql.ts' does not exist.
File 'd:/DOPAMS/Toystack/dopams-backend-staging/node_modules/graphql/graphql.tsx' does not exist.
File 'd:/DOPAMS/Toystack/dopams-backend-staging/node_modules/graphql/graphql.d.ts' exists - use it as a name resolution result.
File 'd:/DOPAMS/Toystack/dopams-backend-staging/node_modules/graphql/package.json' exists according to earlier cached lookups.
======== Module name './graphql' was successfully resolved to 'd:/DOPAMS/Toystack/dopams-backend-staging/node_modules/graphql/graphql.d.ts' with Package ID 'graphql/graphql.d.ts@16.12.0'. ========
======== Resolving module './type/index' from 'd:/DOPAMS/Toystack/dopams-backend-staging/node_modules/graphql/index.d.ts'. ========
Explicitly specified module resolution kind: 'Node10'.
Loading module as file / folder, candidate module location 'd:/DOPAMS/Toystack/dopams-backend-staging/node_modules/graphql/type/index', target file types: TypeScript, Declaration.
File 'd:/DOPAMS/Toystack/dopams-backend-staging/node_modules/graphql/type/index.ts' does not exist.
File 'd:/DOPAMS/Toystack/dopams-backend-staging/node_modules/graphql/type/index.tsx' does not exist.
File 'd:/DOPAMS/Toystack/dopams-backend-staging/node_modules/graphql/type/index.d.ts' exists - use it as a name resolution result.
File 'd:/DOPAMS/Toystack/dopams-backend-staging/node_modules/graphql/package.json' exists according to earlier cached lookups.
======== Module name './type/index' was successfully resolved to 'd:/DOPAMS/Toystack/dopams-backend-staging/node_modules/graphql/type/index.d.ts' with Package ID 'graphql/type/index.d.ts@16.12.0'. ========
======== Resolving module './language/index' from 'd:/DOPAMS/Toystack/dopams-backend-staging/node_modules/graphql/index.d.ts'. ========
Explicitly specified module resolution kind: 'Node10'.
Loading module as file / folder, candidate module location 'd:/DOPAMS/Toystack/dopams-backend-staging/node_modules/graphql/language/index', target file types: TypeScript, Declaration.
File 'd:/DOPAMS/Toystack/dopams-backend-staging/node_modules/graphql/language/index.ts' does not exist.
File 'd:/DOPAMS/Toystack/dopams-backend-staging/node_modules/graphql/language/index.tsx' does not exist.
File 'd:/DOPAMS/Toystack/dopams-backend-staging/node_modules/graphql/language/index.d.ts' exists - use it as a name resolution result.
File 'd:/DOPAMS/Toystack/dopams-backend-staging/node_modules/graphql/package.json' exists according to earlier cached lookups.
======== Module name './language/index' was successfully resolved to 'd:/DOPAMS/Toystack/dopams-backend-staging/node_modules/graphql/language/index.d.ts' with Package ID 'graphql/language/index.d.ts@16.12.0'. ========
======== Resolving module './execution/index' from 'd:/DOPAMS/Toystack/dopams-backend-staging/node_modules/graphql/index.d.ts'. ========
Explicitly specified module resolution kind: 'Node10'.
Loading module as file / folder, candidate module location 'd:/DOPAMS/Toystack/dopams-backend-staging/node_modules/graphql/execution/index', target file types: TypeScript, Declaration.
File 'd:/DOPAMS/Toystack/dopams-backend-staging/node_modules/graphql/execution/index.ts' does not exist.
File 'd:/DOPAMS/Toystack/dopams-backend-staging/node_modules/graphql/execution/index.tsx' does not exist.
File 'd:/DOPAMS/Toystack/dopams-backend-staging/node_modules/graphql/execution/index.d.ts' exists - use it as a name resolution result.
File 'd:/DOPAMS/Toystack/dopams-backend-staging/node_modules/graphql/package.json' exists according to earlier cached lookups.
======== Module name './execution/index' was successfully resolved to 'd:/DOPAMS/Toystack/dopams-backend-staging/node_modules/graphql/execution/index.d.ts' with Package ID 'graphql/execution/index.d.ts@16.12.0'. ========
======== Resolving module './subscription/index' from 'd:/DOPAMS/Toystack/dopams-backend-staging/node_modules/graphql/index.d.ts'. ========
Explicitly specified module resolution kind: 'Node10'.
Loading module as file / folder, candidate module location 'd:/DOPAMS/Toystack/dopams-backend-staging/node_modules/graphql/subscription/index', target file types: TypeScript, Declaration.
File 'd:/DOPAMS/Toystack/dopams-backend-staging/node_modules/graphql/subscription/index.ts' does not exist.
File 'd:/DOPAMS/Toystack/dopams-backend-staging/node_modules/graphql/subscription/index.tsx' does not exist.
File 'd:/DOPAMS/Toystack/dopams-backend-staging/node_modules/graphql/subscription/index.d.ts' exists - use it as a name resolution result.
File 'd:/DOPAMS/Toystack/dopams-backend-staging/node_modules/graphql/package.json' exists according to earlier cached lookups.
======== Module name './subscription/index' was successfully resolved to 'd:/DOPAMS/Toystack/dopams-backend-staging/node_modules/graphql/subscription/index.d.ts' with Package ID 'graphql/subscription/index.d.ts@16.12.0'. ========
======== Resolving module './validation/index' from 'd:/DOPAMS/Toystack/dopams-backend-staging/node_modules/graphql/index.d.ts'. ========
Explicitly specified module resolution kind: 'Node10'.
Loading module as file / folder, candidate module location 'd:/DOPAMS/Toystack/dopams-backend-staging/node_modules/graphql/validation/index', target file types: TypeScript, Declaration.
File 'd:/DOPAMS/Toystack/dopams-backend-staging/node_modules/graphql/validation/index.ts' does not exist.
File 'd:/DOPAMS/Toystack/dopams-backend-staging/node_modules/graphql/validation/index.tsx' does not exist.
File 'd:/DOPAMS/Toystack/dopams-backend-staging/node_modules/graphql/validation/index.d.ts' exists - use it as a name resolution result.
File 'd:/DOPAMS/Toystack/dopams-backend-staging/node_modules/graphql/package.json' exists according to earlier cached lookups.
======== Module name './validation/index' was successfully resolved to 'd:/DOPAMS/Toystack/dopams-backend-staging/node_modules/graphql/validation/index.d.ts' with Package ID 'graphql/validation/index.d.ts@16.12.0'. ========
======== Resolving module './error/index' from 'd:/DOPAMS/Toystack/dopams-backend-staging/node_modules/graphql/index.d.ts'. ========
Explicitly specified module resolution kind: 'Node10'.
Loading module as file / folder, candidate module location 'd:/DOPAMS/Toystack/dopams-backend-staging/node_modules/graphql/error/index', target file types: TypeScript, Declaration.
File 'd:/DOPAMS/Toystack/dopams-backend-staging/node_modules/graphql/error/index.ts' does not exist.
File 'd:/DOPAMS/Toystack/dopams-backend-staging/node_modules/graphql/error/index.tsx' does not exist.
File 'd:/DOPAMS/Toystack/dopams-backend-staging/node_modules/graphql/error/index.d.ts' exists - use it as a name resolution result.
File 'd:/DOPAMS/Toystack/dopams-backend-staging/node_modules/graphql/package.json' exists according to earlier cached lookups.
======== Module name './error/index' was successfully resolved to 'd:/DOPAMS/Toystack/dopams-backend-staging/node_modules/graphql/error/index.d.ts' with Package ID 'graphql/error/index.d.ts@16.12.0'. ========
======== Resolving module './utilities/index' from 'd:/DOPAMS/Toystack/dopams-backend-staging/node_modules/graphql/index.d.ts'. ========
Explicitly specified module resolution kind: 'Node10'.
Loading module as file / folder, candidate module location 'd:/DOPAMS/Toystack/dopams-backend-staging/node_modules/graphql/utilities/index', target file types: TypeScript, Declaration.
File 'd:/DOPAMS/Toystack/dopams-backend-staging/node_modules/graphql/utilities/index.ts' does not exist.
File 'd:/DOPAMS/Toystack/dopams-backend-staging/node_modules/graphql/utilities/index.tsx' does not exist.
File 'd:/DOPAMS/Toystack/dopams-backend-staging/node_modules/graphql/utilities/index.d.ts' exists - use it as a name resolution result.
File 'd:/DOPAMS/Toystack/dopams-backend-staging/node_modules/graphql/package.json' exists according to earlier cached lookups.
======== Module name './utilities/index' was successfully resolved to 'd:/DOPAMS/Toystack/dopams-backend-staging/node_modules/graphql/utilities/index.d.ts' with Package ID 'graphql/utilities/index.d.ts@16.12.0'. ========
File 'd:/DOPAMS/Toystack/dopams-backend-staging/node_modules/graphql/package.json' exists according to earlier cached lookups.
File 'd:/DOPAMS/Toystack/dopams-backend-staging/node_modules/graphql/package.json' exists according to earlier cached lookups.
======== Resolving module './jsutils/Maybe' from 'd:/DOPAMS/Toystack/dopams-backend-staging/node_modules/graphql/graphql.d.ts'. ========
Explicitly specified module resolution kind: 'Node10'.
Loading module as file / folder, candidate module location 'd:/DOPAMS/Toystack/dopams-backend-staging/node_modules/graphql/jsutils/Maybe', target file types: TypeScript, Declaration.
File 'd:/DOPAMS/Toystack/dopams-backend-staging/node_modules/graphql/jsutils/Maybe.ts' does not exist.
File 'd:/DOPAMS/Toystack/dopams-backend-staging/node_modules/graphql/jsutils/Maybe.tsx' does not exist.
File 'd:/DOPAMS/Toystack/dopams-backend-staging/node_modules/graphql/jsutils/Maybe.d.ts' exists - use it as a name resolution result.
File 'd:/DOPAMS/Toystack/dopams-backend-staging/node_modules/graphql/package.json' exists according to earlier cached lookups.
======== Module name './jsutils/Maybe' was successfully resolved to 'd:/DOPAMS/Toystack/dopams-backend-staging/node_modules/graphql/jsutils/Maybe.d.ts' with Package ID 'graphql/jsutils/Maybe.d.ts@16.12.0'. ========
======== Resolving module './language/source' from 'd:/DOPAMS/Toystack/dopams-backend-staging/node_modules/graphql/graphql.d.ts'. ========
Explicitly specified module resolution kind: 'Node10'.
Loading module as file / folder, candidate module location 'd:/DOPAMS/Toystack/dopams-backend-staging/node_modules/graphql/language/source', target file types: TypeScript, Declaration.
File 'd:/DOPAMS/Toystack/dopams-backend-staging/node_modules/graphql/language/source.ts' does not exist.
File 'd:/DOPAMS/Toystack/dopams-backend-staging/node_modules/graphql/language/source.tsx' does not exist.
File 'd:/DOPAMS/Toystack/dopams-backend-staging/node_modules/graphql/language/source.d.ts' exists - use it as a name resolution result.
File 'd:/DOPAMS/Toystack/dopams-backend-staging/node_modules/graphql/package.json' exists according to earlier cached lookups.
======== Module name './language/source' was successfully resolved to 'd:/DOPAMS/Toystack/dopams-backend-staging/node_modules/graphql/language/source.d.ts' with Package ID 'graphql/language/source.d.ts@16.12.0'. ========
======== Resolving module './type/definition' from 'd:/DOPAMS/Toystack/dopams-backend-staging/node_modules/graphql/graphql.d.ts'. ========
Explicitly specified module resolution kind: 'Node10'.
Loading module as file / folder, candidate module location 'd:/DOPAMS/Toystack/dopams-backend-staging/node_modules/graphql/type/definition', target file types: TypeScript, Declaration.
File 'd:/DOPAMS/Toystack/dopams-backend-staging/node_modules/graphql/type/definition.ts' does not exist.
File 'd:/DOPAMS/Toystack/dopams-backend-staging/node_modules/graphql/type/definition.tsx' does not exist.
File 'd:/DOPAMS/Toystack/dopams-backend-staging/node_modules/graphql/type/definition.d.ts' exists - use it as a name resolution result.
File 'd:/DOPAMS/Toystack/dopams-backend-staging/node_modules/graphql/package.json' exists according to earlier cached lookups.
======== Module name './type/definition' was successfully resolved to 'd:/DOPAMS/Toystack/dopams-backend-staging/node_modules/graphql/type/definition.d.ts' with Package ID 'graphql/type/definition.d.ts@16.12.0'. ========
======== Resolving module './type/schema' from 'd:/DOPAMS/Toystack/dopams-backend-staging/node_modules/graphql/graphql.d.ts'. ========
Explicitly specified module resolution kind: 'Node10'.
Loading module as file / folder, candidate module location 'd:/DOPAMS/Toystack/dopams-backend-staging/node_modules/graphql/type/schema', target file types: TypeScript, Declaration.
File 'd:/DOPAMS/Toystack/dopams-backend-staging/node_modules/graphql/type/schema.ts' does not exist.
File 'd:/DOPAMS/Toystack/dopams-backend-staging/node_modules/graphql/type/schema.tsx' does not exist.
File 'd:/DOPAMS/Toystack/dopams-backend-staging/node_modules/graphql/type/schema.d.ts' exists - use it as a name resolution result.
File 'd:/DOPAMS/Toystack/dopams-backend-staging/node_modules/graphql/package.json' exists according to earlier cached lookups.
======== Module name './type/schema' was successfully resolved to 'd:/DOPAMS/Toystack/dopams-backend-staging/node_modules/graphql/type/schema.d.ts' with Package ID 'graphql/type/schema.d.ts@16.12.0'. ========
======== Resolving module './execution/execute' from 'd:/DOPAMS/Toystack/dopams-backend-staging/node_modules/graphql/graphql.d.ts'. ========
Explicitly specified module resolution kind: 'Node10'.
Loading module as file / folder, candidate module location 'd:/DOPAMS/Toystack/dopams-backend-staging/node_modules/graphql/execution/execute', target file types: TypeScript, Declaration.
File 'd:/DOPAMS/Toystack/dopams-backend-staging/node_modules/graphql/execution/execute.ts' does not exist.
File 'd:/DOPAMS/Toystack/dopams-backend-staging/node_modules/graphql/execution/execute.tsx' does not exist.
File 'd:/DOPAMS/Toystack/dopams-backend-staging/node_modules/graphql/execution/execute.d.ts' exists - use it as a name resolution result.
File 'd:/DOPAMS/Toystack/dopams-backend-staging/node_modules/graphql/package.json' exists according to earlier cached lookups.
======== Module name './execution/execute' was successfully resolved to 'd:/DOPAMS/Toystack/dopams-backend-staging/node_modules/graphql/execution/execute.d.ts' with Package ID 'graphql/execution/execute.d.ts@16.12.0'. ========
File 'd:/DOPAMS/Toystack/dopams-backend-staging/node_modules/graphql/jsutils/package.json' does not exist.
File 'd:/DOPAMS/Toystack/dopams-backend-staging/node_modules/graphql/package.json' exists according to earlier cached lookups.
File 'd:/DOPAMS/Toystack/dopams-backend-staging/node_modules/graphql/language/package.json' does not exist.
File 'd:/DOPAMS/Toystack/dopams-backend-staging/node_modules/graphql/package.json' exists according to earlier cached lookups.
File 'd:/DOPAMS/Toystack/dopams-backend-staging/node_modules/graphql/type/package.json' does not exist.
File 'd:/DOPAMS/Toystack/dopams-backend-staging/node_modules/graphql/package.json' exists according to earlier cached lookups.
======== Resolving module '../jsutils/Maybe' from 'd:/DOPAMS/Toystack/dopams-backend-staging/node_modules/graphql/type/definition.d.ts'. ========
Explicitly specified module resolution kind: 'Node10'.
Loading module as file / folder, candidate module location 'd:/DOPAMS/Toystack/dopams-backend-staging/node_modules/graphql/jsutils/Maybe', target file types: TypeScript, Declaration.
File 'd:/DOPAMS/Toystack/dopams-backend-staging/node_modules/graphql/jsutils/Maybe.ts' does not exist.
File 'd:/DOPAMS/Toystack/dopams-backend-staging/node_modules/graphql/jsutils/Maybe.tsx' does not exist.
File 'd:/DOPAMS/Toystack/dopams-backend-staging/node_modules/graphql/jsutils/Maybe.d.ts' exists - use it as a name resolution result.
File 'd:/DOPAMS/Toystack/dopams-backend-staging/node_modules/graphql/package.json' exists according to earlier cached lookups.
======== Module name '../jsutils/Maybe' was successfully resolved to 'd:/DOPAMS/Toystack/dopams-backend-staging/node_modules/graphql/jsutils/Maybe.d.ts' with Package ID 'graphql/jsutils/Maybe.d.ts@16.12.0'. ========
======== Resolving module '../jsutils/ObjMap' from 'd:/DOPAMS/Toystack/dopams-backend-staging/node_modules/graphql/type/definition.d.ts'. ========
Explicitly specified module resolution kind: 'Node10'.
Loading module as file / folder, candidate module location 'd:/DOPAMS/Toystack/dopams-backend-staging/node_modules/graphql/jsutils/ObjMap', target file types: TypeScript, Declaration.
File 'd:/DOPAMS/Toystack/dopams-backend-staging/node_modules/graphql/jsutils/ObjMap.ts' does not exist.
File 'd:/DOPAMS/Toystack/dopams-backend-staging/node_modules/graphql/jsutils/ObjMap.tsx' does not exist.
File 'd:/DOPAMS/Toystack/dopams-backend-staging/node_modules/graphql/jsutils/ObjMap.d.ts' exists - use it as a name resolution result.
File 'd:/DOPAMS/Toystack/dopams-backend-staging/node_modules/graphql/package.json' exists according to earlier cached lookups.
======== Module name '../jsutils/ObjMap' was successfully resolved to 'd:/DOPAMS/Toystack/dopams-backend-staging/node_modules/graphql/jsutils/ObjMap.d.ts' with Package ID 'graphql/jsutils/ObjMap.d.ts@16.12.0'. ========
======== Resolving module '../jsutils/Path' from 'd:/DOPAMS/Toystack/dopams-backend-staging/node_modules/graphql/type/definition.d.ts'. ========
Explicitly specified module resolution kind: 'Node10'.
Loading module as file / folder, candidate module location 'd:/DOPAMS/Toystack/dopams-backend-staging/node_modules/graphql/jsutils/Path', target file types: TypeScript, Declaration.
File 'd:/DOPAMS/Toystack/dopams-backend-staging/node_modules/graphql/jsutils/Path.ts' does not exist.
File 'd:/DOPAMS/Toystack/dopams-backend-staging/node_modules/graphql/jsutils/Path.tsx' does not exist.
File 'd:/DOPAMS/Toystack/dopams-backend-staging/node_modules/graphql/jsutils/Path.d.ts' exists - use it as a name resolution result.
File 'd:/DOPAMS/Toystack/dopams-backend-staging/node_modules/graphql/package.json' exists according to earlier cached lookups.
======== Module name '../jsutils/Path' was successfully resolved to 'd:/DOPAMS/Toystack/dopams-backend-staging/node_modules/graphql/jsutils/Path.d.ts' with Package ID 'graphql/jsutils/Path.d.ts@16.12.0'. ========
======== Resolving module '../jsutils/PromiseOrValue' from 'd:/DOPAMS/Toystack/dopams-backend-staging/node_modules/graphql/type/definition.d.ts'. ========
Explicitly specified module resolution kind: 'Node10'.
Loading module as file / folder, candidate module location 'd:/DOPAMS/Toystack/dopams-backend-staging/node_modules/graphql/jsutils/PromiseOrValue', target file types: TypeScript, Declaration.
File 'd:/DOPAMS/Toystack/dopams-backend-staging/node_modules/graphql/jsutils/PromiseOrValue.ts' does not exist.
File 'd:/DOPAMS/Toystack/dopams-backend-staging/node_modules/graphql/jsutils/PromiseOrValue.tsx' does not exist.
File 'd:/DOPAMS/Toystack/dopams-backend-staging/node_modules/graphql/jsutils/PromiseOrValue.d.ts' exists - use it as a name resolution result.
File 'd:/DOPAMS/Toystack/dopams-backend-staging/node_modules/graphql/package.json' exists according to earlier cached lookups.
======== Module name '../jsutils/PromiseOrValue' was successfully resolved to 'd:/DOPAMS/Toystack/dopams-backend-staging/node_modules/graphql/jsutils/PromiseOrValue.d.ts' with Package ID 'graphql/jsutils/PromiseOrValue.d.ts@16.12.0'. ========
======== Resolving module '../language/ast' from 'd:/DOPAMS/Toystack/dopams-backend-staging/node_modules/graphql/type/definition.d.ts'. ========
Explicitly specified module resolution kind: 'Node10'.
Loading module as file / folder, candidate module location 'd:/DOPAMS/Toystack/dopams-backend-staging/node_modules/graphql/language/ast', target file types: TypeScript, Declaration.
File 'd:/DOPAMS/Toystack/dopams-backend-staging/node_modules/graphql/language/ast.ts' does not exist.
File 'd:/DOPAMS/Toystack/dopams-backend-staging/node_modules/graphql/language/ast.tsx' does not exist.
File 'd:/DOPAMS/Toystack/dopams-backend-staging/node_modules/graphql/language/ast.d.ts' exists - use it as a name resolution result.
File 'd:/DOPAMS/Toystack/dopams-backend-staging/node_modules/graphql/package.json' exists according to earlier cached lookups.
======== Module name '../language/ast' was successfully resolved to 'd:/DOPAMS/Toystack/dopams-backend-staging/node_modules/graphql/language/ast.d.ts' with Package ID 'graphql/language/ast.d.ts@16.12.0'. ========
======== Resolving module './schema' from 'd:/DOPAMS/Toystack/dopams-backend-staging/node_modules/graphql/type/definition.d.ts'. ========
Explicitly specified module resolution kind: 'Node10'.
Loading module as file / folder, candidate module location 'd:/DOPAMS/Toystack/dopams-backend-staging/node_modules/graphql/type/schema', target file types: TypeScript, Declaration.
File 'd:/DOPAMS/Toystack/dopams-backend-staging/node_modules/graphql/type/schema.ts' does not exist.
File 'd:/DOPAMS/Toystack/dopams-backend-staging/node_modules/graphql/type/schema.tsx' does not exist.
File 'd:/DOPAMS/Toystack/dopams-backend-staging/node_modules/graphql/type/schema.d.ts' exists - use it as a name resolution result.
File 'd:/DOPAMS/Toystack/dopams-backend-staging/node_modules/graphql/package.json' exists according to earlier cached lookups.
======== Module name './schema' was successfully resolved to 'd:/DOPAMS/Toystack/dopams-backend-staging/node_modules/graphql/type/schema.d.ts' with Package ID 'graphql/type/schema.d.ts@16.12.0'. ========
File 'd:/DOPAMS/Toystack/dopams-backend-staging/node_modules/graphql/jsutils/package.json' does not exist according to earlier cached lookups.
File 'd:/DOPAMS/Toystack/dopams-backend-staging/node_modules/graphql/package.json' exists according to earlier cached lookups.
File 'd:/DOPAMS/Toystack/dopams-backend-staging/node_modules/graphql/jsutils/package.json' does not exist according to earlier cached lookups.
File 'd:/DOPAMS/Toystack/dopams-backend-staging/node_modules/graphql/package.json' exists according to earlier cached lookups.
======== Resolving module './Maybe' from 'd:/DOPAMS/Toystack/dopams-backend-staging/node_modules/graphql/jsutils/Path.d.ts'. ========
Explicitly specified module resolution kind: 'Node10'.
Loading module as file / folder, candidate module location 'd:/DOPAMS/Toystack/dopams-backend-staging/node_modules/graphql/jsutils/Maybe', target file types: TypeScript, Declaration.
File 'd:/DOPAMS/Toystack/dopams-backend-staging/node_modules/graphql/jsutils/Maybe.ts' does not exist.
File 'd:/DOPAMS/Toystack/dopams-backend-staging/node_modules/graphql/jsutils/Maybe.tsx' does not exist.
File 'd:/DOPAMS/Toystack/dopams-backend-staging/node_modules/graphql/jsutils/Maybe.d.ts' exists - use it as a name resolution result.
File 'd:/DOPAMS/Toystack/dopams-backend-staging/node_modules/graphql/package.json' exists according to earlier cached lookups.
======== Module name './Maybe' was successfully resolved to 'd:/DOPAMS/Toystack/dopams-backend-staging/node_modules/graphql/jsutils/Maybe.d.ts' with Package ID 'graphql/jsutils/Maybe.d.ts@16.12.0'. ========
File 'd:/DOPAMS/Toystack/dopams-backend-staging/node_modules/graphql/jsutils/package.json' does not exist according to earlier cached lookups.
File 'd:/DOPAMS/Toystack/dopams-backend-staging/node_modules/graphql/package.json' exists according to earlier cached lookups.
File 'd:/DOPAMS/Toystack/dopams-backend-staging/node_modules/graphql/language/package.json' does not exist according to earlier cached lookups.
File 'd:/DOPAMS/Toystack/dopams-backend-staging/node_modules/graphql/package.json' exists according to earlier cached lookups.
======== Resolving module './kinds' from 'd:/DOPAMS/Toystack/dopams-backend-staging/node_modules/graphql/language/ast.d.ts'. ========
Explicitly specified module resolution kind: 'Node10'.
Loading module as file / folder, candidate module location 'd:/DOPAMS/Toystack/dopams-backend-staging/node_modules/graphql/language/kinds', target file types: TypeScript, Declaration.
File 'd:/DOPAMS/Toystack/dopams-backend-staging/node_modules/graphql/language/kinds.ts' does not exist.
File 'd:/DOPAMS/Toystack/dopams-backend-staging/node_modules/graphql/language/kinds.tsx' does not exist.
File 'd:/DOPAMS/Toystack/dopams-backend-staging/node_modules/graphql/language/kinds.d.ts' exists - use it as a name resolution result.
File 'd:/DOPAMS/Toystack/dopams-backend-staging/node_modules/graphql/package.json' exists according to earlier cached lookups.
======== Module name './kinds' was successfully resolved to 'd:/DOPAMS/Toystack/dopams-backend-staging/node_modules/graphql/language/kinds.d.ts' with Package ID 'graphql/language/kinds.d.ts@16.12.0'. ========
======== Resolving module './source' from 'd:/DOPAMS/Toystack/dopams-backend-staging/node_modules/graphql/language/ast.d.ts'. ========
Explicitly specified module resolution kind: 'Node10'.
Loading module as file / folder, candidate module location 'd:/DOPAMS/Toystack/dopams-backend-staging/node_modules/graphql/language/source', target file types: TypeScript, Declaration.
File 'd:/DOPAMS/Toystack/dopams-backend-staging/node_modules/graphql/language/source.ts' does not exist.
File 'd:/DOPAMS/Toystack/dopams-backend-staging/node_modules/graphql/language/source.tsx' does not exist.
File 'd:/DOPAMS/Toystack/dopams-backend-staging/node_modules/graphql/language/source.d.ts' exists - use it as a name resolution result.
File 'd:/DOPAMS/Toystack/dopams-backend-staging/node_modules/graphql/package.json' exists according to earlier cached lookups.
======== Module name './source' was successfully resolved to 'd:/DOPAMS/Toystack/dopams-backend-staging/node_modules/graphql/language/source.d.ts' with Package ID 'graphql/language/source.d.ts@16.12.0'. ========
======== Resolving module './tokenKind' from 'd:/DOPAMS/Toystack/dopams-backend-staging/node_modules/graphql/language/ast.d.ts'. ========
Explicitly specified module resolution kind: 'Node10'.
Loading module as file / folder, candidate module location 'd:/DOPAMS/Toystack/dopams-backend-staging/node_modules/graphql/language/tokenKind', target file types: TypeScript, Declaration.
File 'd:/DOPAMS/Toystack/dopams-backend-staging/node_modules/graphql/language/tokenKind.ts' does not exist.
File 'd:/DOPAMS/Toystack/dopams-backend-staging/node_modules/graphql/language/tokenKind.tsx' does not exist.
File 'd:/DOPAMS/Toystack/dopams-backend-staging/node_modules/graphql/language/tokenKind.d.ts' exists - use it as a name resolution result.
File 'd:/DOPAMS/Toystack/dopams-backend-staging/node_modules/graphql/package.json' exists according to earlier cached lookups.
======== Module name './tokenKind' was successfully resolved to 'd:/DOPAMS/Toystack/dopams-backend-staging/node_modules/graphql/language/tokenKind.d.ts' with Package ID 'graphql/language/tokenKind.d.ts@16.12.0'. ========
File 'd:/DOPAMS/Toystack/dopams-backend-staging/node_modules/graphql/language/package.json' does not exist according to earlier cached lookups.
File 'd:/DOPAMS/Toystack/dopams-backend-staging/node_modules/graphql/package.json' exists according to earlier cached lookups.
File 'd:/DOPAMS/Toystack/dopams-backend-staging/node_modules/graphql/language/package.json' does not exist according to earlier cached lookups.
File 'd:/DOPAMS/Toystack/dopams-backend-staging/node_modules/graphql/package.json' exists according to earlier cached lookups.
File 'd:/DOPAMS/Toystack/dopams-backend-staging/node_modules/graphql/type/package.json' does not exist according to earlier cached lookups.
File 'd:/DOPAMS/Toystack/dopams-backend-staging/node_modules/graphql/package.json' exists according to earlier cached lookups.
======== Resolving module '../jsutils/Maybe' from 'd:/DOPAMS/Toystack/dopams-backend-staging/node_modules/graphql/type/schema.d.ts'. ========
Resolution for module '../jsutils/Maybe' was found in cache from location 'd:/DOPAMS/Toystack/dopams-backend-staging/node_modules/graphql/type'.
======== Module name '../jsutils/Maybe' was successfully resolved to 'd:/DOPAMS/Toystack/dopams-backend-staging/node_modules/graphql/jsutils/Maybe.d.ts' with Package ID 'graphql/jsutils/Maybe.d.ts@16.12.0'. ========
======== Resolving module '../jsutils/ObjMap' from 'd:/DOPAMS/Toystack/dopams-backend-staging/node_modules/graphql/type/schema.d.ts'. ========
Resolution for module '../jsutils/ObjMap' was found in cache from location 'd:/DOPAMS/Toystack/dopams-backend-staging/node_modules/graphql/type'.
======== Module name '../jsutils/ObjMap' was successfully resolved to 'd:/DOPAMS/Toystack/dopams-backend-staging/node_modules/graphql/jsutils/ObjMap.d.ts' with Package ID 'graphql/jsutils/ObjMap.d.ts@16.12.0'. ========
======== Resolving module '../error/GraphQLError' from 'd:/DOPAMS/Toystack/dopams-backend-staging/node_modules/graphql/type/schema.d.ts'. ========
Explicitly specified module resolution kind: 'Node10'.
Loading module as file / folder, candidate module location 'd:/DOPAMS/Toystack/dopams-backend-staging/node_modules/graphql/error/GraphQLError', target file types: TypeScript, Declaration.
File 'd:/DOPAMS/Toystack/dopams-backend-staging/node_modules/graphql/error/GraphQLError.ts' does not exist.
File 'd:/DOPAMS/Toystack/dopams-backend-staging/node_modules/graphql/error/GraphQLError.tsx' does not exist.
File 'd:/DOPAMS/Toystack/dopams-backend-staging/node_modules/graphql/error/GraphQLError.d.ts' exists - use it as a name resolution result.
File 'd:/DOPAMS/Toystack/dopams-backend-staging/node_modules/graphql/package.json' exists according to earlier cached lookups.
======== Module name '../error/GraphQLError' was successfully resolved to 'd:/DOPAMS/Toystack/dopams-backend-staging/node_modules/graphql/error/GraphQLError.d.ts' with Package ID 'graphql/error/GraphQLError.d.ts@16.12.0'. ========
======== Resolving module '../language/ast' from 'd:/DOPAMS/Toystack/dopams-backend-staging/node_modules/graphql/type/schema.d.ts'. ========
Resolution for module '../language/ast' was found in cache from location 'd:/DOPAMS/Toystack/dopams-backend-staging/node_modules/graphql/type'.
======== Module name '../language/ast' was successfully resolved to 'd:/DOPAMS/Toystack/dopams-backend-staging/node_modules/graphql/language/ast.d.ts' with Package ID 'graphql/language/ast.d.ts@16.12.0'. ========
======== Resolving module './definition' from 'd:/DOPAMS/Toystack/dopams-backend-staging/node_modules/graphql/type/schema.d.ts'. ========
Explicitly specified module resolution kind: 'Node10'.
Loading module as file / folder, candidate module location 'd:/DOPAMS/Toystack/dopams-backend-staging/node_modules/graphql/type/definition', target file types: TypeScript, Declaration.
File 'd:/DOPAMS/Toystack/dopams-backend-staging/node_modules/graphql/type/definition.ts' does not exist.
File 'd:/DOPAMS/Toystack/dopams-backend-staging/node_modules/graphql/type/definition.tsx' does not exist.
File 'd:/DOPAMS/Toystack/dopams-backend-staging/node_modules/graphql/type/definition.d.ts' exists - use it as a name resolution result.
File 'd:/DOPAMS/Toystack/dopams-backend-staging/node_modules/graphql/package.json' exists according to earlier cached lookups.
======== Module name './definition' was successfully resolved to 'd:/DOPAMS/Toystack/dopams-backend-staging/node_modules/graphql/type/definition.d.ts' with Package ID 'graphql/type/definition.d.ts@16.12.0'. ========
======== Resolving module './directives' from 'd:/DOPAMS/Toystack/dopams-backend-staging/node_modules/graphql/type/schema.d.ts'. ========
Explicitly specified module resolution kind: 'Node10'.
Loading module as file / folder, candidate module location 'd:/DOPAMS/Toystack/dopams-backend-staging/node_modules/graphql/type/directives', target file types: TypeScript, Declaration.
File 'd:/DOPAMS/Toystack/dopams-backend-staging/node_modules/graphql/type/directives.ts' does not exist.
File 'd:/DOPAMS/Toystack/dopams-backend-staging/node_modules/graphql/type/directives.tsx' does not exist.
File 'd:/DOPAMS/Toystack/dopams-backend-staging/node_modules/graphql/type/directives.d.ts' exists - use it as a name resolution result.
File 'd:/DOPAMS/Toystack/dopams-backend-staging/node_modules/graphql/package.json' exists according to earlier cached lookups.
======== Module name './directives' was successfully resolved to 'd:/DOPAMS/Toystack/dopams-backend-staging/node_modules/graphql/type/directives.d.ts' with Package ID 'graphql/type/directives.d.ts@16.12.0'. ========
File 'd:/DOPAMS/Toystack/dopams-backend-staging/node_modules/graphql/error/package.json' does not exist.
File 'd:/DOPAMS/Toystack/dopams-backend-staging/node_modules/graphql/package.json' exists according to earlier cached lookups.
======== Resolving module '../jsutils/Maybe' from 'd:/DOPAMS/Toystack/dopams-backend-staging/node_modules/graphql/error/GraphQLError.d.ts'. ========
Explicitly specified module resolution kind: 'Node10'.
Loading module as file / folder, candidate module location 'd:/DOPAMS/Toystack/dopams-backend-staging/node_modules/graphql/jsutils/Maybe', target file types: TypeScript, Declaration.
File 'd:/DOPAMS/Toystack/dopams-backend-staging/node_modules/graphql/jsutils/Maybe.ts' does not exist.
File 'd:/DOPAMS/Toystack/dopams-backend-staging/node_modules/graphql/jsutils/Maybe.tsx' does not exist.
File 'd:/DOPAMS/Toystack/dopams-backend-staging/node_modules/graphql/jsutils/Maybe.d.ts' exists - use it as a name resolution result.
File 'd:/DOPAMS/Toystack/dopams-backend-staging/node_modules/graphql/package.json' exists according to earlier cached lookups.
======== Module name '../jsutils/Maybe' was successfully resolved to 'd:/DOPAMS/Toystack/dopams-backend-staging/node_modules/graphql/jsutils/Maybe.d.ts' with Package ID 'graphql/jsutils/Maybe.d.ts@16.12.0'. ========
======== Resolving module '../language/ast' from 'd:/DOPAMS/Toystack/dopams-backend-staging/node_modules/graphql/error/GraphQLError.d.ts'. ========
Explicitly specified module resolution kind: 'Node10'.
Loading module as file / folder, candidate module location 'd:/DOPAMS/Toystack/dopams-backend-staging/node_modules/graphql/language/ast', target file types: TypeScript, Declaration.
File 'd:/DOPAMS/Toystack/dopams-backend-staging/node_modules/graphql/language/ast.ts' does not exist.
File 'd:/DOPAMS/Toystack/dopams-backend-staging/node_modules/graphql/language/ast.tsx' does not exist.
File 'd:/DOPAMS/Toystack/dopams-backend-staging/node_modules/graphql/language/ast.d.ts' exists - use it as a name resolution result.
File 'd:/DOPAMS/Toystack/dopams-backend-staging/node_modules/graphql/package.json' exists according to earlier cached lookups.
======== Module name '../language/ast' was successfully resolved to 'd:/DOPAMS/Toystack/dopams-backend-staging/node_modules/graphql/language/ast.d.ts' with Package ID 'graphql/language/ast.d.ts@16.12.0'. ========
======== Resolving module '../language/location' from 'd:/DOPAMS/Toystack/dopams-backend-staging/node_modules/graphql/error/GraphQLError.d.ts'. ========
Explicitly specified module resolution kind: 'Node10'.
Loading module as file / folder, candidate module location 'd:/DOPAMS/Toystack/dopams-backend-staging/node_modules/graphql/language/location', target file types: TypeScript, Declaration.
File 'd:/DOPAMS/Toystack/dopams-backend-staging/node_modules/graphql/language/location.ts' does not exist.
File 'd:/DOPAMS/Toystack/dopams-backend-staging/node_modules/graphql/language/location.tsx' does not exist.
File 'd:/DOPAMS/Toystack/dopams-backend-staging/node_modules/graphql/language/location.d.ts' exists - use it as a name resolution result.
File 'd:/DOPAMS/Toystack/dopams-backend-staging/node_modules/graphql/package.json' exists according to earlier cached lookups.
======== Module name '../language/location' was successfully resolved to 'd:/DOPAMS/Toystack/dopams-backend-staging/node_modules/graphql/language/location.d.ts' with Package ID 'graphql/language/location.d.ts@16.12.0'. ========
======== Resolving module '../language/source' from 'd:/DOPAMS/Toystack/dopams-backend-staging/node_modules/graphql/error/GraphQLError.d.ts'. ========
Explicitly specified module resolution kind: 'Node10'.
Loading module as file / folder, candidate module location 'd:/DOPAMS/Toystack/dopams-backend-staging/node_modules/graphql/language/source', target file types: TypeScript, Declaration.
File 'd:/DOPAMS/Toystack/dopams-backend-staging/node_modules/graphql/language/source.ts' does not exist.
File 'd:/DOPAMS/Toystack/dopams-backend-staging/node_modules/graphql/language/source.tsx' does not exist.
File 'd:/DOPAMS/Toystack/dopams-backend-staging/node_modules/graphql/language/source.d.ts' exists - use it as a name resolution result.
File 'd:/DOPAMS/Toystack/dopams-backend-staging/node_modules/graphql/package.json' exists according to earlier cached lookups.
======== Module name '../language/source' was successfully resolved to 'd:/DOPAMS/Toystack/dopams-backend-staging/node_modules/graphql/language/source.d.ts' with Package ID 'graphql/language/source.d.ts@16.12.0'. ========
File 'd:/DOPAMS/Toystack/dopams-backend-staging/node_modules/graphql/language/package.json' does not exist according to earlier cached lookups.
File 'd:/DOPAMS/Toystack/dopams-backend-staging/node_modules/graphql/package.json' exists according to earlier cached lookups.
======== Resolving module './source' from 'd:/DOPAMS/Toystack/dopams-backend-staging/node_modules/graphql/language/location.d.ts'. ========
Resolution for module './source' was found in cache from location 'd:/DOPAMS/Toystack/dopams-backend-staging/node_modules/graphql/language'.
======== Module name './source' was successfully resolved to 'd:/DOPAMS/Toystack/dopams-backend-staging/node_modules/graphql/language/source.d.ts' with Package ID 'graphql/language/source.d.ts@16.12.0'. ========
File 'd:/DOPAMS/Toystack/dopams-backend-staging/node_modules/graphql/type/package.json' does not exist according to earlier cached lookups.
File 'd:/DOPAMS/Toystack/dopams-backend-staging/node_modules/graphql/package.json' exists according to earlier cached lookups.
======== Resolving module '../jsutils/Maybe' from 'd:/DOPAMS/Toystack/dopams-backend-staging/node_modules/graphql/type/directives.d.ts'. ========
Resolution for module '../jsutils/Maybe' was found in cache from location 'd:/DOPAMS/Toystack/dopams-backend-staging/node_modules/graphql/type'.
======== Module name '../jsutils/Maybe' was successfully resolved to 'd:/DOPAMS/Toystack/dopams-backend-staging/node_modules/graphql/jsutils/Maybe.d.ts' with Package ID 'graphql/jsutils/Maybe.d.ts@16.12.0'. ========
======== Resolving module '../language/ast' from 'd:/DOPAMS/Toystack/dopams-backend-staging/node_modules/graphql/type/directives.d.ts'. ========
Resolution for module '../language/ast' was found in cache from location 'd:/DOPAMS/Toystack/dopams-backend-staging/node_modules/graphql/type'.
======== Module name '../language/ast' was successfully resolved to 'd:/DOPAMS/Toystack/dopams-backend-staging/node_modules/graphql/language/ast.d.ts' with Package ID 'graphql/language/ast.d.ts@16.12.0'. ========
======== Resolving module '../language/directiveLocation' from 'd:/DOPAMS/Toystack/dopams-backend-staging/node_modules/graphql/type/directives.d.ts'. ========
Explicitly specified module resolution kind: 'Node10'.
Loading module as file / folder, candidate module location 'd:/DOPAMS/Toystack/dopams-backend-staging/node_modules/graphql/language/directiveLocation', target file types: TypeScript, Declaration.
File 'd:/DOPAMS/Toystack/dopams-backend-staging/node_modules/graphql/language/directiveLocation.ts' does not exist.
File 'd:/DOPAMS/Toystack/dopams-backend-staging/node_modules/graphql/language/directiveLocation.tsx' does not exist.
File 'd:/DOPAMS/Toystack/dopams-backend-staging/node_modules/graphql/language/directiveLocation.d.ts' exists - use it as a name resolution result.
File 'd:/DOPAMS/Toystack/dopams-backend-staging/node_modules/graphql/package.json' exists according to earlier cached lookups.
======== Module name '../language/directiveLocation' was successfully resolved to 'd:/DOPAMS/Toystack/dopams-backend-staging/node_modules/graphql/language/directiveLocation.d.ts' with Package ID 'graphql/language/directiveLocation.d.ts@16.12.0'. ========
======== Resolving module './definition' from 'd:/DOPAMS/Toystack/dopams-backend-staging/node_modules/graphql/type/directives.d.ts'. ========
Resolution for module './definition' was found in cache from location 'd:/DOPAMS/Toystack/dopams-backend-staging/node_modules/graphql/type'.
======== Module name './definition' was successfully resolved to 'd:/DOPAMS/Toystack/dopams-backend-staging/node_modules/graphql/type/definition.d.ts' with Package ID 'graphql/type/definition.d.ts@16.12.0'. ========
File 'd:/DOPAMS/Toystack/dopams-backend-staging/node_modules/graphql/language/package.json' does not exist according to earlier cached lookups.
File 'd:/DOPAMS/Toystack/dopams-backend-staging/node_modules/graphql/package.json' exists according to earlier cached lookups.
File 'd:/DOPAMS/Toystack/dopams-backend-staging/node_modules/graphql/execution/package.json' does not exist.
File 'd:/DOPAMS/Toystack/dopams-backend-staging/node_modules/graphql/package.json' exists according to earlier cached lookups.
======== Resolving module '../jsutils/Maybe' from 'd:/DOPAMS/Toystack/dopams-backend-staging/node_modules/graphql/execution/execute.d.ts'. ========
Explicitly specified module resolution kind: 'Node10'.
Loading module as file / folder, candidate module location 'd:/DOPAMS/Toystack/dopams-backend-staging/node_modules/graphql/jsutils/Maybe', target file types: TypeScript, Declaration.
File 'd:/DOPAMS/Toystack/dopams-backend-staging/node_modules/graphql/jsutils/Maybe.ts' does not exist.
File 'd:/DOPAMS/Toystack/dopams-backend-staging/node_modules/graphql/jsutils/Maybe.tsx' does not exist.
File 'd:/DOPAMS/Toystack/dopams-backend-staging/node_modules/graphql/jsutils/Maybe.d.ts' exists - use it as a name resolution result.
File 'd:/DOPAMS/Toystack/dopams-backend-staging/node_modules/graphql/package.json' exists according to earlier cached lookups.
======== Module name '../jsutils/Maybe' was successfully resolved to 'd:/DOPAMS/Toystack/dopams-backend-staging/node_modules/graphql/jsutils/Maybe.d.ts' with Package ID 'graphql/jsutils/Maybe.d.ts@16.12.0'. ========
======== Resolving module '../jsutils/ObjMap' from 'd:/DOPAMS/Toystack/dopams-backend-staging/node_modules/graphql/execution/execute.d.ts'. ========
Explicitly specified module resolution kind: 'Node10'.
Loading module as file / folder, candidate module location 'd:/DOPAMS/Toystack/dopams-backend-staging/node_modules/graphql/jsutils/ObjMap', target file types: TypeScript, Declaration.
File 'd:/DOPAMS/Toystack/dopams-backend-staging/node_modules/graphql/jsutils/ObjMap.ts' does not exist.
File 'd:/DOPAMS/Toystack/dopams-backend-staging/node_modules/graphql/jsutils/ObjMap.tsx' does not exist.
File 'd:/DOPAMS/Toystack/dopams-backend-staging/node_modules/graphql/jsutils/ObjMap.d.ts' exists - use it as a name resolution result.
File 'd:/DOPAMS/Toystack/dopams-backend-staging/node_modules/graphql/package.json' exists according to earlier cached lookups.
======== Module name '../jsutils/ObjMap' was successfully resolved to 'd:/DOPAMS/Toystack/dopams-backend-staging/node_modules/graphql/jsutils/ObjMap.d.ts' with Package ID 'graphql/jsutils/ObjMap.d.ts@16.12.0'. ========
======== Resolving module '../jsutils/Path' from 'd:/DOPAMS/Toystack/dopams-backend-staging/node_modules/graphql/execution/execute.d.ts'. ========
Explicitly specified module resolution kind: 'Node10'.
Loading module as file / folder, candidate module location 'd:/DOPAMS/Toystack/dopams-backend-staging/node_modules/graphql/jsutils/Path', target file types: TypeScript, Declaration.
File 'd:/DOPAMS/Toystack/dopams-backend-staging/node_modules/graphql/jsutils/Path.ts' does not exist.
File 'd:/DOPAMS/Toystack/dopams-backend-staging/node_modules/graphql/jsutils/Path.tsx' does not exist.
File 'd:/DOPAMS/Toystack/dopams-backend-staging/node_modules/graphql/jsutils/Path.d.ts' exists - use it as a name resolution result.
File 'd:/DOPAMS/Toystack/dopams-backend-staging/node_modules/graphql/package.json' exists according to earlier cached lookups.
======== Module name '../jsutils/Path' was successfully resolved to 'd:/DOPAMS/Toystack/dopams-backend-staging/node_modules/graphql/jsutils/Path.d.ts' with Package ID 'graphql/jsutils/Path.d.ts@16.12.0'. ========
======== Resolving module '../jsutils/PromiseOrValue' from 'd:/DOPAMS/Toystack/dopams-backend-staging/node_modules/graphql/execution/execute.d.ts'. ========
Explicitly specified module resolution kind: 'Node10'.
Loading module as file / folder, candidate module location 'd:/DOPAMS/Toystack/dopams-backend-staging/node_modules/graphql/jsutils/PromiseOrValue', target file types: TypeScript, Declaration.
File 'd:/DOPAMS/Toystack/dopams-backend-staging/node_modules/graphql/jsutils/PromiseOrValue.ts' does not exist.
File 'd:/DOPAMS/Toystack/dopams-backend-staging/node_modules/graphql/jsutils/PromiseOrValue.tsx' does not exist.
File 'd:/DOPAMS/Toystack/dopams-backend-staging/node_modules/graphql/jsutils/PromiseOrValue.d.ts' exists - use it as a name resolution result.
File 'd:/DOPAMS/Toystack/dopams-backend-staging/node_modules/graphql/package.json' exists according to earlier cached lookups.
======== Module name '../jsutils/PromiseOrValue' was successfully resolved to 'd:/DOPAMS/Toystack/dopams-backend-staging/node_modules/graphql/jsutils/PromiseOrValue.d.ts' with Package ID 'graphql/jsutils/PromiseOrValue.d.ts@16.12.0'. ========
======== Resolving module '../error/GraphQLError' from 'd:/DOPAMS/Toystack/dopams-backend-staging/node_modules/graphql/execution/execute.d.ts'. ========
Explicitly specified module resolution kind: 'Node10'.
Loading module as file / folder, candidate module location 'd:/DOPAMS/Toystack/dopams-backend-staging/node_modules/graphql/error/GraphQLError', target file types: TypeScript, Declaration.
File 'd:/DOPAMS/Toystack/dopams-backend-staging/node_modules/graphql/error/GraphQLError.ts' does not exist.
File 'd:/DOPAMS/Toystack/dopams-backend-staging/node_modules/graphql/error/GraphQLError.tsx' does not exist.
File 'd:/DOPAMS/Toystack/dopams-backend-staging/node_modules/graphql/error/GraphQLError.d.ts' exists - use it as a name resolution result.
File 'd:/DOPAMS/Toystack/dopams-backend-staging/node_modules/graphql/package.json' exists according to earlier cached lookups.
======== Module name '../error/GraphQLError' was successfully resolved to 'd:/DOPAMS/Toystack/dopams-backend-staging/node_modules/graphql/error/GraphQLError.d.ts' with Package ID 'graphql/error/GraphQLError.d.ts@16.12.0'. ========
======== Resolving module '../language/ast' from 'd:/DOPAMS/Toystack/dopams-backend-staging/node_modules/graphql/execution/execute.d.ts'. ========
Explicitly specified module resolution kind: 'Node10'.
Loading module as file / folder, candidate module location 'd:/DOPAMS/Toystack/dopams-backend-staging/node_modules/graphql/language/ast', target file types: TypeScript, Declaration.
File 'd:/DOPAMS/Toystack/dopams-backend-staging/node_modules/graphql/language/ast.ts' does not exist.
File 'd:/DOPAMS/Toystack/dopams-backend-staging/node_modules/graphql/language/ast.tsx' does not exist.
File 'd:/DOPAMS/Toystack/dopams-backend-staging/node_modules/graphql/language/ast.d.ts' exists - use it as a name resolution result.
File 'd:/DOPAMS/Toystack/dopams-backend-staging/node_modules/graphql/package.json' exists according to earlier cached lookups.
======== Module name '../language/ast' was successfully resolved to 'd:/DOPAMS/Toystack/dopams-backend-staging/node_modules/graphql/language/ast.d.ts' with Package ID 'graphql/language/ast.d.ts@16.12.0'. ========
======== Resolving module '../type/definition' from 'd:/DOPAMS/Toystack/dopams-backend-staging/node_modules/graphql/execution/execute.d.ts'. ========
Explicitly specified module resolution kind: 'Node10'.
Loading module as file / folder, candidate module location 'd:/DOPAMS/Toystack/dopams-backend-staging/node_modules/graphql/type/definition', target file types: TypeScript, Declaration.
File 'd:/DOPAMS/Toystack/dopams-backend-staging/node_modules/graphql/type/definition.ts' does not exist.
File 'd:/DOPAMS/Toystack/dopams-backend-staging/node_modules/graphql/type/definition.tsx' does not exist.
File 'd:/DOPAMS/Toystack/dopams-backend-staging/node_modules/graphql/type/definition.d.ts' exists - use it as a name resolution result.
File 'd:/DOPAMS/Toystack/dopams-backend-staging/node_modules/graphql/package.json' exists according to earlier cached lookups.
======== Module name '../type/definition' was successfully resolved to 'd:/DOPAMS/Toystack/dopams-backend-staging/node_modules/graphql/type/definition.d.ts' with Package ID 'graphql/type/definition.d.ts@16.12.0'. ========
======== Resolving module '../type/schema' from 'd:/DOPAMS/Toystack/dopams-backend-staging/node_modules/graphql/execution/execute.d.ts'. ========
Explicitly specified module resolution kind: 'Node10'.
Loading module as file / folder, candidate module location 'd:/DOPAMS/Toystack/dopams-backend-staging/node_modules/graphql/type/schema', target file types: TypeScript, Declaration.
File 'd:/DOPAMS/Toystack/dopams-backend-staging/node_modules/graphql/type/schema.ts' does not exist.
File 'd:/DOPAMS/Toystack/dopams-backend-staging/node_modules/graphql/type/schema.tsx' does not exist.
File 'd:/DOPAMS/Toystack/dopams-backend-staging/node_modules/graphql/type/schema.d.ts' exists - use it as a name resolution result.
File 'd:/DOPAMS/Toystack/dopams-backend-staging/node_modules/graphql/package.json' exists according to earlier cached lookups.
======== Module name '../type/schema' was successfully resolved to 'd:/DOPAMS/Toystack/dopams-backend-staging/node_modules/graphql/type/schema.d.ts' with Package ID 'graphql/type/schema.d.ts@16.12.0'. ========
File 'd:/DOPAMS/Toystack/dopams-backend-staging/node_modules/graphql/type/package.json' does not exist according to earlier cached lookups.
File 'd:/DOPAMS/Toystack/dopams-backend-staging/node_modules/graphql/package.json' exists according to earlier cached lookups.
======== Resolving module '../jsutils/Path' from 'd:/DOPAMS/Toystack/dopams-backend-staging/node_modules/graphql/type/index.d.ts'. ========
Resolution for module '../jsutils/Path' was found in cache from location 'd:/DOPAMS/Toystack/dopams-backend-staging/node_modules/graphql/type'.
======== Module name '../jsutils/Path' was successfully resolved to 'd:/DOPAMS/Toystack/dopams-backend-staging/node_modules/graphql/jsutils/Path.d.ts' with Package ID 'graphql/jsutils/Path.d.ts@16.12.0'. ========
======== Resolving module './schema' from 'd:/DOPAMS/Toystack/dopams-backend-staging/node_modules/graphql/type/index.d.ts'. ========
Resolution for module './schema' was found in cache from location 'd:/DOPAMS/Toystack/dopams-backend-staging/node_modules/graphql/type'.
======== Module name './schema' was successfully resolved to 'd:/DOPAMS/Toystack/dopams-backend-staging/node_modules/graphql/type/schema.d.ts' with Package ID 'graphql/type/schema.d.ts@16.12.0'. ========
======== Resolving module './definition' from 'd:/DOPAMS/Toystack/dopams-backend-staging/node_modules/graphql/type/index.d.ts'. ========
Resolution for module './definition' was found in cache from location 'd:/DOPAMS/Toystack/dopams-backend-staging/node_modules/graphql/type'.
======== Module name './definition' was successfully resolved to 'd:/DOPAMS/Toystack/dopams-backend-staging/node_modules/graphql/type/definition.d.ts' with Package ID 'graphql/type/definition.d.ts@16.12.0'. ========
======== Resolving module './directives' from 'd:/DOPAMS/Toystack/dopams-backend-staging/node_modules/graphql/type/index.d.ts'. ========
Resolution for module './directives' was found in cache from location 'd:/DOPAMS/Toystack/dopams-backend-staging/node_modules/graphql/type'.
======== Module name './directives' was successfully resolved to 'd:/DOPAMS/Toystack/dopams-backend-staging/node_modules/graphql/type/directives.d.ts' with Package ID 'graphql/type/directives.d.ts@16.12.0'. ========
======== Resolving module './scalars' from 'd:/DOPAMS/Toystack/dopams-backend-staging/node_modules/graphql/type/index.d.ts'. ========
Explicitly specified module resolution kind: 'Node10'.
Loading module as file / folder, candidate module location 'd:/DOPAMS/Toystack/dopams-backend-staging/node_modules/graphql/type/scalars', target file types: TypeScript, Declaration.
File 'd:/DOPAMS/Toystack/dopams-backend-staging/node_modules/graphql/type/scalars.ts' does not exist.
File 'd:/DOPAMS/Toystack/dopams-backend-staging/node_modules/graphql/type/scalars.tsx' does not exist.
File 'd:/DOPAMS/Toystack/dopams-backend-staging/node_modules/graphql/type/scalars.d.ts' exists - use it as a name resolution result.
File 'd:/DOPAMS/Toystack/dopams-backend-staging/node_modules/graphql/package.json' exists according to earlier cached lookups.
======== Module name './scalars' was successfully resolved to 'd:/DOPAMS/Toystack/dopams-backend-staging/node_modules/graphql/type/scalars.d.ts' with Package ID 'graphql/type/scalars.d.ts@16.12.0'. ========
======== Resolving module './introspection' from 'd:/DOPAMS/Toystack/dopams-backend-staging/node_modules/graphql/type/index.d.ts'. ========
Explicitly specified module resolution kind: 'Node10'.
Loading module as file / folder, candidate module location 'd:/DOPAMS/Toystack/dopams-backend-staging/node_modules/graphql/type/introspection', target file types: TypeScript, Declaration.
File 'd:/DOPAMS/Toystack/dopams-backend-staging/node_modules/graphql/type/introspection.ts' does not exist.
File 'd:/DOPAMS/Toystack/dopams-backend-staging/node_modules/graphql/type/introspection.tsx' does not exist.
File 'd:/DOPAMS/Toystack/dopams-backend-staging/node_modules/graphql/type/introspection.d.ts' exists - use it as a name resolution result.
File 'd:/DOPAMS/Toystack/dopams-backend-staging/node_modules/graphql/package.json' exists according to earlier cached lookups.
======== Module name './introspection' was successfully resolved to 'd:/DOPAMS/Toystack/dopams-backend-staging/node_modules/graphql/type/introspection.d.ts' with Package ID 'graphql/type/introspection.d.ts@16.12.0'. ========
======== Resolving module './validate' from 'd:/DOPAMS/Toystack/dopams-backend-staging/node_modules/graphql/type/index.d.ts'. ========
Explicitly specified module resolution kind: 'Node10'.
Loading module as file / folder, candidate module location 'd:/DOPAMS/Toystack/dopams-backend-staging/node_modules/graphql/type/validate', target file types: TypeScript, Declaration.
File 'd:/DOPAMS/Toystack/dopams-backend-staging/node_modules/graphql/type/validate.ts' does not exist.
File 'd:/DOPAMS/Toystack/dopams-backend-staging/node_modules/graphql/type/validate.tsx' does not exist.
File 'd:/DOPAMS/Toystack/dopams-backend-staging/node_modules/graphql/type/validate.d.ts' exists - use it as a name resolution result.
File 'd:/DOPAMS/Toystack/dopams-backend-staging/node_modules/graphql/package.json' exists according to earlier cached lookups.
======== Module name './validate' was successfully resolved to 'd:/DOPAMS/Toystack/dopams-backend-staging/node_modules/graphql/type/validate.d.ts' with Package ID 'graphql/type/validate.d.ts@16.12.0'. ========
======== Resolving module './assertName' from 'd:/DOPAMS/Toystack/dopams-backend-staging/node_modules/graphql/type/index.d.ts'. ========
Explicitly specified module resolution kind: 'Node10'.
Loading module as file / folder, candidate module location 'd:/DOPAMS/Toystack/dopams-backend-staging/node_modules/graphql/type/assertName', target file types: TypeScript, Declaration.
File 'd:/DOPAMS/Toystack/dopams-backend-staging/node_modules/graphql/type/assertName.ts' does not exist.
File 'd:/DOPAMS/Toystack/dopams-backend-staging/node_modules/graphql/type/assertName.tsx' does not exist.
File 'd:/DOPAMS/Toystack/dopams-backend-staging/node_modules/graphql/type/assertName.d.ts' exists - use it as a name resolution result.
File 'd:/DOPAMS/Toystack/dopams-backend-staging/node_modules/graphql/package.json' exists according to earlier cached lookups.
======== Module name './assertName' was successfully resolved to 'd:/DOPAMS/Toystack/dopams-backend-staging/node_modules/graphql/type/assertName.d.ts' with Package ID 'graphql/type/assertName.d.ts@16.12.0'. ========
File 'd:/DOPAMS/Toystack/dopams-backend-staging/node_modules/graphql/type/package.json' does not exist according to earlier cached lookups.
File 'd:/DOPAMS/Toystack/dopams-backend-staging/node_modules/graphql/package.json' exists according to earlier cached lookups.
======== Resolving module './definition' from 'd:/DOPAMS/Toystack/dopams-backend-staging/node_modules/graphql/type/scalars.d.ts'. ========
Resolution for module './definition' was found in cache from location 'd:/DOPAMS/Toystack/dopams-backend-staging/node_modules/graphql/type'.
======== Module name './definition' was successfully resolved to 'd:/DOPAMS/Toystack/dopams-backend-staging/node_modules/graphql/type/definition.d.ts' with Package ID 'graphql/type/definition.d.ts@16.12.0'. ========
File 'd:/DOPAMS/Toystack/dopams-backend-staging/node_modules/graphql/type/package.json' does not exist according to earlier cached lookups.
File 'd:/DOPAMS/Toystack/dopams-backend-staging/node_modules/graphql/package.json' exists according to earlier cached lookups.
======== Resolving module './definition' from 'd:/DOPAMS/Toystack/dopams-backend-staging/node_modules/graphql/type/introspection.d.ts'. ========
Resolution for module './definition' was found in cache from location 'd:/DOPAMS/Toystack/dopams-backend-staging/node_modules/graphql/type'.
======== Module name './definition' was successfully resolved to 'd:/DOPAMS/Toystack/dopams-backend-staging/node_modules/graphql/type/definition.d.ts' with Package ID 'graphql/type/definition.d.ts@16.12.0'. ========
File 'd:/DOPAMS/Toystack/dopams-backend-staging/node_modules/graphql/type/package.json' does not exist according to earlier cached lookups.
File 'd:/DOPAMS/Toystack/dopams-backend-staging/node_modules/graphql/package.json' exists according to earlier cached lookups.
======== Resolving module '../error/GraphQLError' from 'd:/DOPAMS/Toystack/dopams-backend-staging/node_modules/graphql/type/validate.d.ts'. ========
Resolution for module '../error/GraphQLError' was found in cache from location 'd:/DOPAMS/Toystack/dopams-backend-staging/node_modules/graphql/type'.
======== Module name '../error/GraphQLError' was successfully resolved to 'd:/DOPAMS/Toystack/dopams-backend-staging/node_modules/graphql/error/GraphQLError.d.ts' with Package ID 'graphql/error/GraphQLError.d.ts@16.12.0'. ========
======== Resolving module './schema' from 'd:/DOPAMS/Toystack/dopams-backend-staging/node_modules/graphql/type/validate.d.ts'. ========
Resolution for module './schema' was found in cache from location 'd:/DOPAMS/Toystack/dopams-backend-staging/node_modules/graphql/type'.
======== Module name './schema' was successfully resolved to 'd:/DOPAMS/Toystack/dopams-backend-staging/node_modules/graphql/type/schema.d.ts' with Package ID 'graphql/type/schema.d.ts@16.12.0'. ========
File 'd:/DOPAMS/Toystack/dopams-backend-staging/node_modules/graphql/type/package.json' does not exist according to earlier cached lookups.
File 'd:/DOPAMS/Toystack/dopams-backend-staging/node_modules/graphql/package.json' exists according to earlier cached lookups.
File 'd:/DOPAMS/Toystack/dopams-backend-staging/node_modules/graphql/language/package.json' does not exist according to earlier cached lookups.
File 'd:/DOPAMS/Toystack/dopams-backend-staging/node_modules/graphql/package.json' exists according to earlier cached lookups.
======== Resolving module './source' from 'd:/DOPAMS/Toystack/dopams-backend-staging/node_modules/graphql/language/index.d.ts'. ========
Resolution for module './source' was found in cache from location 'd:/DOPAMS/Toystack/dopams-backend-staging/node_modules/graphql/language'.
======== Module name './source' was successfully resolved to 'd:/DOPAMS/Toystack/dopams-backend-staging/node_modules/graphql/language/source.d.ts' with Package ID 'graphql/language/source.d.ts@16.12.0'. ========
======== Resolving module './location' from 'd:/DOPAMS/Toystack/dopams-backend-staging/node_modules/graphql/language/index.d.ts'. ========
Explicitly specified module resolution kind: 'Node10'.
Loading module as file / folder, candidate module location 'd:/DOPAMS/Toystack/dopams-backend-staging/node_modules/graphql/language/location', target file types: TypeScript, Declaration.
File 'd:/DOPAMS/Toystack/dopams-backend-staging/node_modules/graphql/language/location.ts' does not exist.
File 'd:/DOPAMS/Toystack/dopams-backend-staging/node_modules/graphql/language/location.tsx' does not exist.
File 'd:/DOPAMS/Toystack/dopams-backend-staging/node_modules/graphql/language/location.d.ts' exists - use it as a name resolution result.
File 'd:/DOPAMS/Toystack/dopams-backend-staging/node_modules/graphql/package.json' exists according to earlier cached lookups.
======== Module name './location' was successfully resolved to 'd:/DOPAMS/Toystack/dopams-backend-staging/node_modules/graphql/language/location.d.ts' with Package ID 'graphql/language/location.d.ts@16.12.0'. ========
======== Resolving module './printLocation' from 'd:/DOPAMS/Toystack/dopams-backend-staging/node_modules/graphql/language/index.d.ts'. ========
Explicitly specified module resolution kind: 'Node10'.
Loading module as file / folder, candidate module location 'd:/DOPAMS/Toystack/dopams-backend-staging/node_modules/graphql/language/printLocation', target file types: TypeScript, Declaration.
File 'd:/DOPAMS/Toystack/dopams-backend-staging/node_modules/graphql/language/printLocation.ts' does not exist.
File 'd:/DOPAMS/Toystack/dopams-backend-staging/node_modules/graphql/language/printLocation.tsx' does not exist.
File 'd:/DOPAMS/Toystack/dopams-backend-staging/node_modules/graphql/language/printLocation.d.ts' exists - use it as a name resolution result.
File 'd:/DOPAMS/Toystack/dopams-backend-staging/node_modules/graphql/package.json' exists according to earlier cached lookups.
======== Module name './printLocation' was successfully resolved to 'd:/DOPAMS/Toystack/dopams-backend-staging/node_modules/graphql/language/printLocation.d.ts' with Package ID 'graphql/language/printLocation.d.ts@16.12.0'. ========
======== Resolving module './kinds' from 'd:/DOPAMS/Toystack/dopams-backend-staging/node_modules/graphql/language/index.d.ts'. ========
Resolution for module './kinds' was found in cache from location 'd:/DOPAMS/Toystack/dopams-backend-staging/node_modules/graphql/language'.
======== Module name './kinds' was successfully resolved to 'd:/DOPAMS/Toystack/dopams-backend-staging/node_modules/graphql/language/kinds.d.ts' with Package ID 'graphql/language/kinds.d.ts@16.12.0'. ========
======== Resolving module './tokenKind' from 'd:/DOPAMS/Toystack/dopams-backend-staging/node_modules/graphql/language/index.d.ts'. ========
Resolution for module './tokenKind' was found in cache from location 'd:/DOPAMS/Toystack/dopams-backend-staging/node_modules/graphql/language'.
======== Module name './tokenKind' was successfully resolved to 'd:/DOPAMS/Toystack/dopams-backend-staging/node_modules/graphql/language/tokenKind.d.ts' with Package ID 'graphql/language/tokenKind.d.ts@16.12.0'. ========
======== Resolving module './lexer' from 'd:/DOPAMS/Toystack/dopams-backend-staging/node_modules/graphql/language/index.d.ts'. ========
Explicitly specified module resolution kind: 'Node10'.
Loading module as file / folder, candidate module location 'd:/DOPAMS/Toystack/dopams-backend-staging/node_modules/graphql/language/lexer', target file types: TypeScript, Declaration.
File 'd:/DOPAMS/Toystack/dopams-backend-staging/node_modules/graphql/language/lexer.ts' does not exist.
File 'd:/DOPAMS/Toystack/dopams-backend-staging/node_modules/graphql/language/lexer.tsx' does not exist.
File 'd:/DOPAMS/Toystack/dopams-backend-staging/node_modules/graphql/language/lexer.d.ts' exists - use it as a name resolution result.
File 'd:/DOPAMS/Toystack/dopams-backend-staging/node_modules/graphql/package.json' exists according to earlier cached lookups.
======== Module name './lexer' was successfully resolved to 'd:/DOPAMS/Toystack/dopams-backend-staging/node_modules/graphql/language/lexer.d.ts' with Package ID 'graphql/language/lexer.d.ts@16.12.0'. ========
======== Resolving module './parser' from 'd:/DOPAMS/Toystack/dopams-backend-staging/node_modules/graphql/language/index.d.ts'. ========
Explicitly specified module resolution kind: 'Node10'.
Loading module as file / folder, candidate module location 'd:/DOPAMS/Toystack/dopams-backend-staging/node_modules/graphql/language/parser', target file types: TypeScript, Declaration.
File 'd:/DOPAMS/Toystack/dopams-backend-staging/node_modules/graphql/language/parser.ts' does not exist.
File 'd:/DOPAMS/Toystack/dopams-backend-staging/node_modules/graphql/language/parser.tsx' does not exist.
File 'd:/DOPAMS/Toystack/dopams-backend-staging/node_modules/graphql/language/parser.d.ts' exists - use it as a name resolution result.
File 'd:/DOPAMS/Toystack/dopams-backend-staging/node_modules/graphql/package.json' exists according to earlier cached lookups.
======== Module name './parser' was successfully resolved to 'd:/DOPAMS/Toystack/dopams-backend-staging/node_modules/graphql/language/parser.d.ts' with Package ID 'graphql/language/parser.d.ts@16.12.0'. ========
======== Resolving module './printer' from 'd:/DOPAMS/Toystack/dopams-backend-staging/node_modules/graphql/language/index.d.ts'. ========
Explicitly specified module resolution kind: 'Node10'.
Loading module as file / folder, candidate module location 'd:/DOPAMS/Toystack/dopams-backend-staging/node_modules/graphql/language/printer', target file types: TypeScript, Declaration.
File 'd:/DOPAMS/Toystack/dopams-backend-staging/node_modules/graphql/language/printer.ts' does not exist.
File 'd:/DOPAMS/Toystack/dopams-backend-staging/node_modules/graphql/language/printer.tsx' does not exist.
File 'd:/DOPAMS/Toystack/dopams-backend-staging/node_modules/graphql/language/printer.d.ts' exists - use it as a name resolution result.
File 'd:/DOPAMS/Toystack/dopams-backend-staging/node_modules/graphql/package.json' exists according to earlier cached lookups.
======== Module name './printer' was successfully resolved to 'd:/DOPAMS/Toystack/dopams-backend-staging/node_modules/graphql/language/printer.d.ts' with Package ID 'graphql/language/printer.d.ts@16.12.0'. ========
======== Resolving module './visitor' from 'd:/DOPAMS/Toystack/dopams-backend-staging/node_modules/graphql/language/index.d.ts'. ========
Explicitly specified module resolution kind: 'Node10'.
Loading module as file / folder, candidate module location 'd:/DOPAMS/Toystack/dopams-backend-staging/node_modules/graphql/language/visitor', target file types: TypeScript, Declaration.
File 'd:/DOPAMS/Toystack/dopams-backend-staging/node_modules/graphql/language/visitor.ts' does not exist.
File 'd:/DOPAMS/Toystack/dopams-backend-staging/node_modules/graphql/language/visitor.tsx' does not exist.
File 'd:/DOPAMS/Toystack/dopams-backend-staging/node_modules/graphql/language/visitor.d.ts' exists - use it as a name resolution result.
File 'd:/DOPAMS/Toystack/dopams-backend-staging/node_modules/graphql/package.json' exists according to earlier cached lookups.
======== Module name './visitor' was successfully resolved to 'd:/DOPAMS/Toystack/dopams-backend-staging/node_modules/graphql/language/visitor.d.ts' with Package ID 'graphql/language/visitor.d.ts@16.12.0'. ========
======== Resolving module './ast' from 'd:/DOPAMS/Toystack/dopams-backend-staging/node_modules/graphql/language/index.d.ts'. ========
Explicitly specified module resolution kind: 'Node10'.
Loading module as file / folder, candidate module location 'd:/DOPAMS/Toystack/dopams-backend-staging/node_modules/graphql/language/ast', target file types: TypeScript, Declaration.
File 'd:/DOPAMS/Toystack/dopams-backend-staging/node_modules/graphql/language/ast.ts' does not exist.
File 'd:/DOPAMS/Toystack/dopams-backend-staging/node_modules/graphql/language/ast.tsx' does not exist.
File 'd:/DOPAMS/Toystack/dopams-backend-staging/node_modules/graphql/language/ast.d.ts' exists - use it as a name resolution result.
File 'd:/DOPAMS/Toystack/dopams-backend-staging/node_modules/graphql/package.json' exists according to earlier cached lookups.
======== Module name './ast' was successfully resolved to 'd:/DOPAMS/Toystack/dopams-backend-staging/node_modules/graphql/language/ast.d.ts' with Package ID 'graphql/language/ast.d.ts@16.12.0'. ========
======== Resolving module './predicates' from 'd:/DOPAMS/Toystack/dopams-backend-staging/node_modules/graphql/language/index.d.ts'. ========
Explicitly specified module resolution kind: 'Node10'.
Loading module as file / folder, candidate module location 'd:/DOPAMS/Toystack/dopams-backend-staging/node_modules/graphql/language/predicates', target file types: TypeScript, Declaration.
File 'd:/DOPAMS/Toystack/dopams-backend-staging/node_modules/graphql/language/predicates.ts' does not exist.
File 'd:/DOPAMS/Toystack/dopams-backend-staging/node_modules/graphql/language/predicates.tsx' does not exist.
File 'd:/DOPAMS/Toystack/dopams-backend-staging/node_modules/graphql/language/predicates.d.ts' exists - use it as a name resolution result.
File 'd:/DOPAMS/Toystack/dopams-backend-staging/node_modules/graphql/package.json' exists according to earlier cached lookups.
======== Module name './predicates' was successfully resolved to 'd:/DOPAMS/Toystack/dopams-backend-staging/node_modules/graphql/language/predicates.d.ts' with Package ID 'graphql/language/predicates.d.ts@16.12.0'. ========
======== Resolving module './directiveLocation' from 'd:/DOPAMS/Toystack/dopams-backend-staging/node_modules/graphql/language/index.d.ts'. ========
Explicitly specified module resolution kind: 'Node10'.
Loading module as file / folder, candidate module location 'd:/DOPAMS/Toystack/dopams-backend-staging/node_modules/graphql/language/directiveLocation', target file types: TypeScript, Declaration.
File 'd:/DOPAMS/Toystack/dopams-backend-staging/node_modules/graphql/language/directiveLocation.ts' does not exist.
File 'd:/DOPAMS/Toystack/dopams-backend-staging/node_modules/graphql/language/directiveLocation.tsx' does not exist.
File 'd:/DOPAMS/Toystack/dopams-backend-staging/node_modules/graphql/language/directiveLocation.d.ts' exists - use it as a name resolution result.
File 'd:/DOPAMS/Toystack/dopams-backend-staging/node_modules/graphql/package.json' exists according to earlier cached lookups.
======== Module name './directiveLocation' was successfully resolved to 'd:/DOPAMS/Toystack/dopams-backend-staging/node_modules/graphql/language/directiveLocation.d.ts' with Package ID 'graphql/language/directiveLocation.d.ts@16.12.0'. ========
File 'd:/DOPAMS/Toystack/dopams-backend-staging/node_modules/graphql/language/package.json' does not exist according to earlier cached lookups.
File 'd:/DOPAMS/Toystack/dopams-backend-staging/node_modules/graphql/package.json' exists according to earlier cached lookups.
======== Resolving module './ast' from 'd:/DOPAMS/Toystack/dopams-backend-staging/node_modules/graphql/language/printLocation.d.ts'. ========
Resolution for module './ast' was found in cache from location 'd:/DOPAMS/Toystack/dopams-backend-staging/node_modules/graphql/language'.
======== Module name './ast' was successfully resolved to 'd:/DOPAMS/Toystack/dopams-backend-staging/node_modules/graphql/language/ast.d.ts' with Package ID 'graphql/language/ast.d.ts@16.12.0'. ========
======== Resolving module './location' from 'd:/DOPAMS/Toystack/dopams-backend-staging/node_modules/graphql/language/printLocation.d.ts'. ========
Resolution for module './location' was found in cache from location 'd:/DOPAMS/Toystack/dopams-backend-staging/node_modules/graphql/language'.
======== Module name './location' was successfully resolved to 'd:/DOPAMS/Toystack/dopams-backend-staging/node_modules/graphql/language/location.d.ts' with Package ID 'graphql/language/location.d.ts@16.12.0'. ========
======== Resolving module './source' from 'd:/DOPAMS/Toystack/dopams-backend-staging/node_modules/graphql/language/printLocation.d.ts'. ========
Resolution for module './source' was found in cache from location 'd:/DOPAMS/Toystack/dopams-backend-staging/node_modules/graphql/language'.
======== Module name './source' was successfully resolved to 'd:/DOPAMS/Toystack/dopams-backend-staging/node_modules/graphql/language/source.d.ts' with Package ID 'graphql/language/source.d.ts@16.12.0'. ========
File 'd:/DOPAMS/Toystack/dopams-backend-staging/node_modules/graphql/language/package.json' does not exist according to earlier cached lookups.
File 'd:/DOPAMS/Toystack/dopams-backend-staging/node_modules/graphql/package.json' exists according to earlier cached lookups.
======== Resolving module './ast' from 'd:/DOPAMS/Toystack/dopams-backend-staging/node_modules/graphql/language/lexer.d.ts'. ========
Resolution for module './ast' was found in cache from location 'd:/DOPAMS/Toystack/dopams-backend-staging/node_modules/graphql/language'.
======== Module name './ast' was successfully resolved to 'd:/DOPAMS/Toystack/dopams-backend-staging/node_modules/graphql/language/ast.d.ts' with Package ID 'graphql/language/ast.d.ts@16.12.0'. ========
======== Resolving module './source' from 'd:/DOPAMS/Toystack/dopams-backend-staging/node_modules/graphql/language/lexer.d.ts'. ========
Resolution for module './source' was found in cache from location 'd:/DOPAMS/Toystack/dopams-backend-staging/node_modules/graphql/language'.
======== Module name './source' was successfully resolved to 'd:/DOPAMS/Toystack/dopams-backend-staging/node_modules/graphql/language/source.d.ts' with Package ID 'graphql/language/source.d.ts@16.12.0'. ========
======== Resolving module './tokenKind' from 'd:/DOPAMS/Toystack/dopams-backend-staging/node_modules/graphql/language/lexer.d.ts'. ========
Resolution for module './tokenKind' was found in cache from location 'd:/DOPAMS/Toystack/dopams-backend-staging/node_modules/graphql/language'.
======== Module name './tokenKind' was successfully resolved to 'd:/DOPAMS/Toystack/dopams-backend-staging/node_modules/graphql/language/tokenKind.d.ts' with Package ID 'graphql/language/tokenKind.d.ts@16.12.0'. ========
File 'd:/DOPAMS/Toystack/dopams-backend-staging/node_modules/graphql/language/package.json' does not exist according to earlier cached lookups.
File 'd:/DOPAMS/Toystack/dopams-backend-staging/node_modules/graphql/package.json' exists according to earlier cached lookups.
======== Resolving module '../jsutils/Maybe' from 'd:/DOPAMS/Toystack/dopams-backend-staging/node_modules/graphql/language/parser.d.ts'. ========
Explicitly specified module resolution kind: 'Node10'.
Loading module as file / folder, candidate module location 'd:/DOPAMS/Toystack/dopams-backend-staging/node_modules/graphql/jsutils/Maybe', target file types: TypeScript, Declaration.
File 'd:/DOPAMS/Toystack/dopams-backend-staging/node_modules/graphql/jsutils/Maybe.ts' does not exist.
File 'd:/DOPAMS/Toystack/dopams-backend-staging/node_modules/graphql/jsutils/Maybe.tsx' does not exist.
File 'd:/DOPAMS/Toystack/dopams-backend-staging/node_modules/graphql/jsutils/Maybe.d.ts' exists - use it as a name resolution result.
File 'd:/DOPAMS/Toystack/dopams-backend-staging/node_modules/graphql/package.json' exists according to earlier cached lookups.
======== Module name '../jsutils/Maybe' was successfully resolved to 'd:/DOPAMS/Toystack/dopams-backend-staging/node_modules/graphql/jsutils/Maybe.d.ts' with Package ID 'graphql/jsutils/Maybe.d.ts@16.12.0'. ========
======== Resolving module '../error/GraphQLError' from 'd:/DOPAMS/Toystack/dopams-backend-staging/node_modules/graphql/language/parser.d.ts'. ========
Explicitly specified module resolution kind: 'Node10'.
Loading module as file / folder, candidate module location 'd:/DOPAMS/Toystack/dopams-backend-staging/node_modules/graphql/error/GraphQLError', target file types: TypeScript, Declaration.
File 'd:/DOPAMS/Toystack/dopams-backend-staging/node_modules/graphql/error/GraphQLError.ts' does not exist.
File 'd:/DOPAMS/Toystack/dopams-backend-staging/node_modules/graphql/error/GraphQLError.tsx' does not exist.
File 'd:/DOPAMS/Toystack/dopams-backend-staging/node_modules/graphql/error/GraphQLError.d.ts' exists - use it as a name resolution result.
File 'd:/DOPAMS/Toystack/dopams-backend-staging/node_modules/graphql/package.json' exists according to earlier cached lookups.
======== Module name '../error/GraphQLError' was successfully resolved to 'd:/DOPAMS/Toystack/dopams-backend-staging/node_modules/graphql/error/GraphQLError.d.ts' with Package ID 'graphql/error/GraphQLError.d.ts@16.12.0'. ========
======== Resolving module './ast' from 'd:/DOPAMS/Toystack/dopams-backend-staging/node_modules/graphql/language/parser.d.ts'. ========
Resolution for module './ast' was found in cache from location 'd:/DOPAMS/Toystack/dopams-backend-staging/node_modules/graphql/language'.
======== Module name './ast' was successfully resolved to 'd:/DOPAMS/Toystack/dopams-backend-staging/node_modules/graphql/language/ast.d.ts' with Package ID 'graphql/language/ast.d.ts@16.12.0'. ========
======== Resolving module './lexer' from 'd:/DOPAMS/Toystack/dopams-backend-staging/node_modules/graphql/language/parser.d.ts'. ========
Resolution for module './lexer' was found in cache from location 'd:/DOPAMS/Toystack/dopams-backend-staging/node_modules/graphql/language'.
======== Module name './lexer' was successfully resolved to 'd:/DOPAMS/Toystack/dopams-backend-staging/node_modules/graphql/language/lexer.d.ts' with Package ID 'graphql/language/lexer.d.ts@16.12.0'. ========
======== Resolving module './source' from 'd:/DOPAMS/Toystack/dopams-backend-staging/node_modules/graphql/language/parser.d.ts'. ========
Resolution for module './source' was found in cache from location 'd:/DOPAMS/Toystack/dopams-backend-staging/node_modules/graphql/language'.
======== Module name './source' was successfully resolved to 'd:/DOPAMS/Toystack/dopams-backend-staging/node_modules/graphql/language/source.d.ts' with Package ID 'graphql/language/source.d.ts@16.12.0'. ========
======== Resolving module './tokenKind' from 'd:/DOPAMS/Toystack/dopams-backend-staging/node_modules/graphql/language/parser.d.ts'. ========
Resolution for module './tokenKind' was found in cache from location 'd:/DOPAMS/Toystack/dopams-backend-staging/node_modules/graphql/language'.
======== Module name './tokenKind' was successfully resolved to 'd:/DOPAMS/Toystack/dopams-backend-staging/node_modules/graphql/language/tokenKind.d.ts' with Package ID 'graphql/language/tokenKind.d.ts@16.12.0'. ========
File 'd:/DOPAMS/Toystack/dopams-backend-staging/node_modules/graphql/language/package.json' does not exist according to earlier cached lookups.
File 'd:/DOPAMS/Toystack/dopams-backend-staging/node_modules/graphql/package.json' exists according to earlier cached lookups.
======== Resolving module './ast' from 'd:/DOPAMS/Toystack/dopams-backend-staging/node_modules/graphql/language/printer.d.ts'. ========
Resolution for module './ast' was found in cache from location 'd:/DOPAMS/Toystack/dopams-backend-staging/node_modules/graphql/language'.
======== Module name './ast' was successfully resolved to 'd:/DOPAMS/Toystack/dopams-backend-staging/node_modules/graphql/language/ast.d.ts' with Package ID 'graphql/language/ast.d.ts@16.12.0'. ========
File 'd:/DOPAMS/Toystack/dopams-backend-staging/node_modules/graphql/language/package.json' does not exist according to earlier cached lookups.
File 'd:/DOPAMS/Toystack/dopams-backend-staging/node_modules/graphql/package.json' exists according to earlier cached lookups.
======== Resolving module './ast' from 'd:/DOPAMS/Toystack/dopams-backend-staging/node_modules/graphql/language/visitor.d.ts'. ========
Resolution for module './ast' was found in cache from location 'd:/DOPAMS/Toystack/dopams-backend-staging/node_modules/graphql/language'.
======== Module name './ast' was successfully resolved to 'd:/DOPAMS/Toystack/dopams-backend-staging/node_modules/graphql/language/ast.d.ts' with Package ID 'graphql/language/ast.d.ts@16.12.0'. ========
======== Resolving module './kinds' from 'd:/DOPAMS/Toystack/dopams-backend-staging/node_modules/graphql/language/visitor.d.ts'. ========
Resolution for module './kinds' was found in cache from location 'd:/DOPAMS/Toystack/dopams-backend-staging/node_modules/graphql/language'.
======== Module name './kinds' was successfully resolved to 'd:/DOPAMS/Toystack/dopams-backend-staging/node_modules/graphql/language/kinds.d.ts' with Package ID 'graphql/language/kinds.d.ts@16.12.0'. ========
File 'd:/DOPAMS/Toystack/dopams-backend-staging/node_modules/graphql/language/package.json' does not exist according to earlier cached lookups.
File 'd:/DOPAMS/Toystack/dopams-backend-staging/node_modules/graphql/package.json' exists according to earlier cached lookups.
======== Resolving module './ast' from 'd:/DOPAMS/Toystack/dopams-backend-staging/node_modules/graphql/language/predicates.d.ts'. ========
Resolution for module './ast' was found in cache from location 'd:/DOPAMS/Toystack/dopams-backend-staging/node_modules/graphql/language'.
======== Module name './ast' was successfully resolved to 'd:/DOPAMS/Toystack/dopams-backend-staging/node_modules/graphql/language/ast.d.ts' with Package ID 'graphql/language/ast.d.ts@16.12.0'. ========
File 'd:/DOPAMS/Toystack/dopams-backend-staging/node_modules/graphql/execution/package.json' does not exist according to earlier cached lookups.
File 'd:/DOPAMS/Toystack/dopams-backend-staging/node_modules/graphql/package.json' exists according to earlier cached lookups.
======== Resolving module '../jsutils/Path' from 'd:/DOPAMS/Toystack/dopams-backend-staging/node_modules/graphql/execution/index.d.ts'. ========
Resolution for module '../jsutils/Path' was found in cache from location 'd:/DOPAMS/Toystack/dopams-backend-staging/node_modules/graphql/execution'.
======== Module name '../jsutils/Path' was successfully resolved to 'd:/DOPAMS/Toystack/dopams-backend-staging/node_modules/graphql/jsutils/Path.d.ts' with Package ID 'graphql/jsutils/Path.d.ts@16.12.0'. ========
======== Resolving module './execute' from 'd:/DOPAMS/Toystack/dopams-backend-staging/node_modules/graphql/execution/index.d.ts'. ========
Explicitly specified module resolution kind: 'Node10'.
Loading module as file / folder, candidate module location 'd:/DOPAMS/Toystack/dopams-backend-staging/node_modules/graphql/execution/execute', target file types: TypeScript, Declaration.
File 'd:/DOPAMS/Toystack/dopams-backend-staging/node_modules/graphql/execution/execute.ts' does not exist.
File 'd:/DOPAMS/Toystack/dopams-backend-staging/node_modules/graphql/execution/execute.tsx' does not exist.
File 'd:/DOPAMS/Toystack/dopams-backend-staging/node_modules/graphql/execution/execute.d.ts' exists - use it as a name resolution result.
File 'd:/DOPAMS/Toystack/dopams-backend-staging/node_modules/graphql/package.json' exists according to earlier cached lookups.
======== Module name './execute' was successfully resolved to 'd:/DOPAMS/Toystack/dopams-backend-staging/node_modules/graphql/execution/execute.d.ts' with Package ID 'graphql/execution/execute.d.ts@16.12.0'. ========
======== Resolving module './subscribe' from 'd:/DOPAMS/Toystack/dopams-backend-staging/node_modules/graphql/execution/index.d.ts'. ========
Explicitly specified module resolution kind: 'Node10'.
Loading module as file / folder, candidate module location 'd:/DOPAMS/Toystack/dopams-backend-staging/node_modules/graphql/execution/subscribe', target file types: TypeScript, Declaration.
File 'd:/DOPAMS/Toystack/dopams-backend-staging/node_modules/graphql/execution/subscribe.ts' does not exist.
File 'd:/DOPAMS/Toystack/dopams-backend-staging/node_modules/graphql/execution/subscribe.tsx' does not exist.
File 'd:/DOPAMS/Toystack/dopams-backend-staging/node_modules/graphql/execution/subscribe.d.ts' exists - use it as a name resolution result.
File 'd:/DOPAMS/Toystack/dopams-backend-staging/node_modules/graphql/package.json' exists according to earlier cached lookups.
======== Module name './subscribe' was successfully resolved to 'd:/DOPAMS/Toystack/dopams-backend-staging/node_modules/graphql/execution/subscribe.d.ts' with Package ID 'graphql/execution/subscribe.d.ts@16.12.0'. ========
======== Resolving module './values' from 'd:/DOPAMS/Toystack/dopams-backend-staging/node_modules/graphql/execution/index.d.ts'. ========
Explicitly specified module resolution kind: 'Node10'.
Loading module as file / folder, candidate module location 'd:/DOPAMS/Toystack/dopams-backend-staging/node_modules/graphql/execution/values', target file types: TypeScript, Declaration.
File 'd:/DOPAMS/Toystack/dopams-backend-staging/node_modules/graphql/execution/values.ts' does not exist.
File 'd:/DOPAMS/Toystack/dopams-backend-staging/node_modules/graphql/execution/values.tsx' does not exist.
File 'd:/DOPAMS/Toystack/dopams-backend-staging/node_modules/graphql/execution/values.d.ts' exists - use it as a name resolution result.
File 'd:/DOPAMS/Toystack/dopams-backend-staging/node_modules/graphql/package.json' exists according to earlier cached lookups.
======== Module name './values' was successfully resolved to 'd:/DOPAMS/Toystack/dopams-backend-staging/node_modules/graphql/execution/values.d.ts' with Package ID 'graphql/execution/values.d.ts@16.12.0'. ========
File 'd:/DOPAMS/Toystack/dopams-backend-staging/node_modules/graphql/execution/package.json' does not exist according to earlier cached lookups.
File 'd:/DOPAMS/Toystack/dopams-backend-staging/node_modules/graphql/package.json' exists according to earlier cached lookups.
======== Resolving module '../jsutils/Maybe' from 'd:/DOPAMS/Toystack/dopams-backend-staging/node_modules/graphql/execution/subscribe.d.ts'. ========
Resolution for module '../jsutils/Maybe' was found in cache from location 'd:/DOPAMS/Toystack/dopams-backend-staging/node_modules/graphql/execution'.
======== Module name '../jsutils/Maybe' was successfully resolved to 'd:/DOPAMS/Toystack/dopams-backend-staging/node_modules/graphql/jsutils/Maybe.d.ts' with Package ID 'graphql/jsutils/Maybe.d.ts@16.12.0'. ========
======== Resolving module '../language/ast' from 'd:/DOPAMS/Toystack/dopams-backend-staging/node_modules/graphql/execution/subscribe.d.ts'. ========
Resolution for module '../language/ast' was found in cache from location 'd:/DOPAMS/Toystack/dopams-backend-staging/node_modules/graphql/execution'.
======== Module name '../language/ast' was successfully resolved to 'd:/DOPAMS/Toystack/dopams-backend-staging/node_modules/graphql/language/ast.d.ts' with Package ID 'graphql/language/ast.d.ts@16.12.0'. ========
======== Resolving module '../type/definition' from 'd:/DOPAMS/Toystack/dopams-backend-staging/node_modules/graphql/execution/subscribe.d.ts'. ========
Resolution for module '../type/definition' was found in cache from location 'd:/DOPAMS/Toystack/dopams-backend-staging/node_modules/graphql/execution'.
======== Module name '../type/definition' was successfully resolved to 'd:/DOPAMS/Toystack/dopams-backend-staging/node_modules/graphql/type/definition.d.ts' with Package ID 'graphql/type/definition.d.ts@16.12.0'. ========
======== Resolving module '../type/schema' from 'd:/DOPAMS/Toystack/dopams-backend-staging/node_modules/graphql/execution/subscribe.d.ts'. ========
Resolution for module '../type/schema' was found in cache from location 'd:/DOPAMS/Toystack/dopams-backend-staging/node_modules/graphql/execution'.
======== Module name '../type/schema' was successfully resolved to 'd:/DOPAMS/Toystack/dopams-backend-staging/node_modules/graphql/type/schema.d.ts' with Package ID 'graphql/type/schema.d.ts@16.12.0'. ========
======== Resolving module './execute' from 'd:/DOPAMS/Toystack/dopams-backend-staging/node_modules/graphql/execution/subscribe.d.ts'. ========
Resolution for module './execute' was found in cache from location 'd:/DOPAMS/Toystack/dopams-backend-staging/node_modules/graphql/execution'.
======== Module name './execute' was successfully resolved to 'd:/DOPAMS/Toystack/dopams-backend-staging/node_modules/graphql/execution/execute.d.ts' with Package ID 'graphql/execution/execute.d.ts@16.12.0'. ========
File 'd:/DOPAMS/Toystack/dopams-backend-staging/node_modules/graphql/execution/package.json' does not exist according to earlier cached lookups.
File 'd:/DOPAMS/Toystack/dopams-backend-staging/node_modules/graphql/package.json' exists according to earlier cached lookups.
======== Resolving module '../jsutils/Maybe' from 'd:/DOPAMS/Toystack/dopams-backend-staging/node_modules/graphql/execution/values.d.ts'. ========
Resolution for module '../jsutils/Maybe' was found in cache from location 'd:/DOPAMS/Toystack/dopams-backend-staging/node_modules/graphql/execution'.
======== Module name '../jsutils/Maybe' was successfully resolved to 'd:/DOPAMS/Toystack/dopams-backend-staging/node_modules/graphql/jsutils/Maybe.d.ts' with Package ID 'graphql/jsutils/Maybe.d.ts@16.12.0'. ========
======== Resolving module '../jsutils/ObjMap' from 'd:/DOPAMS/Toystack/dopams-backend-staging/node_modules/graphql/execution/values.d.ts'. ========
Resolution for module '../jsutils/ObjMap' was found in cache from location 'd:/DOPAMS/Toystack/dopams-backend-staging/node_modules/graphql/execution'.
======== Module name '../jsutils/ObjMap' was successfully resolved to 'd:/DOPAMS/Toystack/dopams-backend-staging/node_modules/graphql/jsutils/ObjMap.d.ts' with Package ID 'graphql/jsutils/ObjMap.d.ts@16.12.0'. ========
======== Resolving module '../error/GraphQLError' from 'd:/DOPAMS/Toystack/dopams-backend-staging/node_modules/graphql/execution/values.d.ts'. ========
Resolution for module '../error/GraphQLError' was found in cache from location 'd:/DOPAMS/Toystack/dopams-backend-staging/node_modules/graphql/execution'.
======== Module name '../error/GraphQLError' was successfully resolved to 'd:/DOPAMS/Toystack/dopams-backend-staging/node_modules/graphql/error/GraphQLError.d.ts' with Package ID 'graphql/error/GraphQLError.d.ts@16.12.0'. ========
======== Resolving module '../language/ast' from 'd:/DOPAMS/Toystack/dopams-backend-staging/node_modules/graphql/execution/values.d.ts'. ========
Resolution for module '../language/ast' was found in cache from location 'd:/DOPAMS/Toystack/dopams-backend-staging/node_modules/graphql/execution'.
======== Module name '../language/ast' was successfully resolved to 'd:/DOPAMS/Toystack/dopams-backend-staging/node_modules/graphql/language/ast.d.ts' with Package ID 'graphql/language/ast.d.ts@16.12.0'. ========
======== Resolving module '../type/definition' from 'd:/DOPAMS/Toystack/dopams-backend-staging/node_modules/graphql/execution/values.d.ts'. ========
Resolution for module '../type/definition' was found in cache from location 'd:/DOPAMS/Toystack/dopams-backend-staging/node_modules/graphql/execution'.
======== Module name '../type/definition' was successfully resolved to 'd:/DOPAMS/Toystack/dopams-backend-staging/node_modules/graphql/type/definition.d.ts' with Package ID 'graphql/type/definition.d.ts@16.12.0'. ========
======== Resolving module '../type/directives' from 'd:/DOPAMS/Toystack/dopams-backend-staging/node_modules/graphql/execution/values.d.ts'. ========
Explicitly specified module resolution kind: 'Node10'.
Loading module as file / folder, candidate module location 'd:/DOPAMS/Toystack/dopams-backend-staging/node_modules/graphql/type/directives', target file types: TypeScript, Declaration.
File 'd:/DOPAMS/Toystack/dopams-backend-staging/node_modules/graphql/type/directives.ts' does not exist.
File 'd:/DOPAMS/Toystack/dopams-backend-staging/node_modules/graphql/type/directives.tsx' does not exist.
File 'd:/DOPAMS/Toystack/dopams-backend-staging/node_modules/graphql/type/directives.d.ts' exists - use it as a name resolution result.
File 'd:/DOPAMS/Toystack/dopams-backend-staging/node_modules/graphql/package.json' exists according to earlier cached lookups.
======== Module name '../type/directives' was successfully resolved to 'd:/DOPAMS/Toystack/dopams-backend-staging/node_modules/graphql/type/directives.d.ts' with Package ID 'graphql/type/directives.d.ts@16.12.0'. ========
======== Resolving module '../type/schema' from 'd:/DOPAMS/Toystack/dopams-backend-staging/node_modules/graphql/execution/values.d.ts'. ========
Resolution for module '../type/schema' was found in cache from location 'd:/DOPAMS/Toystack/dopams-backend-staging/node_modules/graphql/execution'.
======== Module name '../type/schema' was successfully resolved to 'd:/DOPAMS/Toystack/dopams-backend-staging/node_modules/graphql/type/schema.d.ts' with Package ID 'graphql/type/schema.d.ts@16.12.0'. ========
File 'd:/DOPAMS/Toystack/dopams-backend-staging/node_modules/graphql/subscription/package.json' does not exist.
File 'd:/DOPAMS/Toystack/dopams-backend-staging/node_modules/graphql/package.json' exists according to earlier cached lookups.
======== Resolving module '../execution/execute' from 'd:/DOPAMS/Toystack/dopams-backend-staging/node_modules/graphql/subscription/index.d.ts'. ========
Explicitly specified module resolution kind: 'Node10'.
Loading module as file / folder, candidate module location 'd:/DOPAMS/Toystack/dopams-backend-staging/node_modules/graphql/execution/execute', target file types: TypeScript, Declaration.
File 'd:/DOPAMS/Toystack/dopams-backend-staging/node_modules/graphql/execution/execute.ts' does not exist.
File 'd:/DOPAMS/Toystack/dopams-backend-staging/node_modules/graphql/execution/execute.tsx' does not exist.
File 'd:/DOPAMS/Toystack/dopams-backend-staging/node_modules/graphql/execution/execute.d.ts' exists - use it as a name resolution result.
File 'd:/DOPAMS/Toystack/dopams-backend-staging/node_modules/graphql/package.json' exists according to earlier cached lookups.
======== Module name '../execution/execute' was successfully resolved to 'd:/DOPAMS/Toystack/dopams-backend-staging/node_modules/graphql/execution/execute.d.ts' with Package ID 'graphql/execution/execute.d.ts@16.12.0'. ========
======== Resolving module '../execution/subscribe' from 'd:/DOPAMS/Toystack/dopams-backend-staging/node_modules/graphql/subscription/index.d.ts'. ========
Explicitly specified module resolution kind: 'Node10'.
Loading module as file / folder, candidate module location 'd:/DOPAMS/Toystack/dopams-backend-staging/node_modules/graphql/execution/subscribe', target file types: TypeScript, Declaration.
File 'd:/DOPAMS/Toystack/dopams-backend-staging/node_modules/graphql/execution/subscribe.ts' does not exist.
File 'd:/DOPAMS/Toystack/dopams-backend-staging/node_modules/graphql/execution/subscribe.tsx' does not exist.
File 'd:/DOPAMS/Toystack/dopams-backend-staging/node_modules/graphql/execution/subscribe.d.ts' exists - use it as a name resolution result.
File 'd:/DOPAMS/Toystack/dopams-backend-staging/node_modules/graphql/package.json' exists according to earlier cached lookups.
======== Module name '../execution/subscribe' was successfully resolved to 'd:/DOPAMS/Toystack/dopams-backend-staging/node_modules/graphql/execution/subscribe.d.ts' with Package ID 'graphql/execution/subscribe.d.ts@16.12.0'. ========
File 'd:/DOPAMS/Toystack/dopams-backend-staging/node_modules/graphql/validation/package.json' does not exist.
File 'd:/DOPAMS/Toystack/dopams-backend-staging/node_modules/graphql/package.json' exists according to earlier cached lookups.
======== Resolving module './validate' from 'd:/DOPAMS/Toystack/dopams-backend-staging/node_modules/graphql/validation/index.d.ts'. ========
Explicitly specified module resolution kind: 'Node10'.
Loading module as file / folder, candidate module location 'd:/DOPAMS/Toystack/dopams-backend-staging/node_modules/graphql/validation/validate', target file types: TypeScript, Declaration.
File 'd:/DOPAMS/Toystack/dopams-backend-staging/node_modules/graphql/validation/validate.ts' does not exist.
File 'd:/DOPAMS/Toystack/dopams-backend-staging/node_modules/graphql/validation/validate.tsx' does not exist.
File 'd:/DOPAMS/Toystack/dopams-backend-staging/node_modules/graphql/validation/validate.d.ts' exists - use it as a name resolution result.
File 'd:/DOPAMS/Toystack/dopams-backend-staging/node_modules/graphql/package.json' exists according to earlier cached lookups.
======== Module name './validate' was successfully resolved to 'd:/DOPAMS/Toystack/dopams-backend-staging/node_modules/graphql/validation/validate.d.ts' with Package ID 'graphql/validation/validate.d.ts@16.12.0'. ========
======== Resolving module './ValidationContext' from 'd:/DOPAMS/Toystack/dopams-backend-staging/node_modules/graphql/validation/index.d.ts'. ========
Explicitly specified module resolution kind: 'Node10'.
Loading module as file / folder, candidate module location 'd:/DOPAMS/Toystack/dopams-backend-staging/node_modules/graphql/validation/ValidationContext', target file types: TypeScript, Declaration.
File 'd:/DOPAMS/Toystack/dopams-backend-staging/node_modules/graphql/validation/ValidationContext.ts' does not exist.
File 'd:/DOPAMS/Toystack/dopams-backend-staging/node_modules/graphql/validation/ValidationContext.tsx' does not exist.
File 'd:/DOPAMS/Toystack/dopams-backend-staging/node_modules/graphql/validation/ValidationContext.d.ts' exists - use it as a name resolution result.
File 'd:/DOPAMS/Toystack/dopams-backend-staging/node_modules/graphql/package.json' exists according to earlier cached lookups.
======== Module name './ValidationContext' was successfully resolved to 'd:/DOPAMS/Toystack/dopams-backend-staging/node_modules/graphql/validation/ValidationContext.d.ts' with Package ID 'graphql/validation/ValidationContext.d.ts@16.12.0'. ========
======== Resolving module './specifiedRules' from 'd:/DOPAMS/Toystack/dopams-backend-staging/node_modules/graphql/validation/index.d.ts'. ========
Explicitly specified module resolution kind: 'Node10'.
Loading module as file / folder, candidate module location 'd:/DOPAMS/Toystack/dopams-backend-staging/node_modules/graphql/validation/specifiedRules', target file types: TypeScript, Declaration.
File 'd:/DOPAMS/Toystack/dopams-backend-staging/node_modules/graphql/validation/specifiedRules.ts' does not exist.
File 'd:/DOPAMS/Toystack/dopams-backend-staging/node_modules/graphql/validation/specifiedRules.tsx' does not exist.
File 'd:/DOPAMS/Toystack/dopams-backend-staging/node_modules/graphql/validation/specifiedRules.d.ts' exists - use it as a name resolution result.
File 'd:/DOPAMS/Toystack/dopams-backend-staging/node_modules/graphql/package.json' exists according to earlier cached lookups.
======== Module name './specifiedRules' was successfully resolved to 'd:/DOPAMS/Toystack/dopams-backend-staging/node_modules/graphql/validation/specifiedRules.d.ts' with Package ID 'graphql/validation/specifiedRules.d.ts@16.12.0'. ========
======== Resolving module './rules/ExecutableDefinitionsRule' from 'd:/DOPAMS/Toystack/dopams-backend-staging/node_modules/graphql/validation/index.d.ts'. ========
Explicitly specified module resolution kind: 'Node10'.
Loading module as file / folder, candidate module location 'd:/DOPAMS/Toystack/dopams-backend-staging/node_modules/graphql/validation/rules/ExecutableDefinitionsRule', target file types: TypeScript, Declaration.
File 'd:/DOPAMS/Toystack/dopams-backend-staging/node_modules/graphql/validation/rules/ExecutableDefinitionsRule.ts' does not exist.
File 'd:/DOPAMS/Toystack/dopams-backend-staging/node_modules/graphql/validation/rules/ExecutableDefinitionsRule.tsx' does not exist.
File 'd:/DOPAMS/Toystack/dopams-backend-staging/node_modules/graphql/validation/rules/ExecutableDefinitionsRule.d.ts' exists - use it as a name resolution result.
File 'd:/DOPAMS/Toystack/dopams-backend-staging/node_modules/graphql/package.json' exists according to earlier cached lookups.
======== Module name './rules/ExecutableDefinitionsRule' was successfully resolved to 'd:/DOPAMS/Toystack/dopams-backend-staging/node_modules/graphql/validation/rules/ExecutableDefinitionsRule.d.ts' with Package ID 'graphql/validation/rules/ExecutableDefinitionsRule.d.ts@16.12.0'. ========
======== Resolving module './rules/FieldsOnCorrectTypeRule' from 'd:/DOPAMS/Toystack/dopams-backend-staging/node_modules/graphql/validation/index.d.ts'. ========
Explicitly specified module resolution kind: 'Node10'.
Loading module as file / folder, candidate module location 'd:/DOPAMS/Toystack/dopams-backend-staging/node_modules/graphql/validation/rules/FieldsOnCorrectTypeRule', target file types: TypeScript, Declaration.
File 'd:/DOPAMS/Toystack/dopams-backend-staging/node_modules/graphql/validation/rules/FieldsOnCorrectTypeRule.ts' does not exist.
File 'd:/DOPAMS/Toystack/dopams-backend-staging/node_modules/graphql/validation/rules/FieldsOnCorrectTypeRule.tsx' does not exist.
File 'd:/DOPAMS/Toystack/dopams-backend-staging/node_modules/graphql/validation/rules/FieldsOnCorrectTypeRule.d.ts' exists - use it as a name resolution result.
File 'd:/DOPAMS/Toystack/dopams-backend-staging/node_modules/graphql/package.json' exists according to earlier cached lookups.
======== Module name './rules/FieldsOnCorrectTypeRule' was successfully resolved to 'd:/DOPAMS/Toystack/dopams-backend-staging/node_modules/graphql/validation/rules/FieldsOnCorrectTypeRule.d.ts' with Package ID 'graphql/validation/rules/FieldsOnCorrectTypeRule.d.ts@16.12.0'. ========
======== Resolving module './rules/FragmentsOnCompositeTypesRule' from 'd:/DOPAMS/Toystack/dopams-backend-staging/node_modules/graphql/validation/index.d.ts'. ========
Explicitly specified module resolution kind: 'Node10'.
Loading module as file / folder, candidate module location 'd:/DOPAMS/Toystack/dopams-backend-staging/node_modules/graphql/validation/rules/FragmentsOnCompositeTypesRule', target file types: TypeScript, Declaration.
File 'd:/DOPAMS/Toystack/dopams-backend-staging/node_modules/graphql/validation/rules/FragmentsOnCompositeTypesRule.ts' does not exist.
File 'd:/DOPAMS/Toystack/dopams-backend-staging/node_modules/graphql/validation/rules/FragmentsOnCompositeTypesRule.tsx' does not exist.
File 'd:/DOPAMS/Toystack/dopams-backend-staging/node_modules/graphql/validation/rules/FragmentsOnCompositeTypesRule.d.ts' exists - use it as a name resolution result.
File 'd:/DOPAMS/Toystack/dopams-backend-staging/node_modules/graphql/package.json' exists according to earlier cached lookups.
======== Module name './rules/FragmentsOnCompositeTypesRule' was successfully resolved to 'd:/DOPAMS/Toystack/dopams-backend-staging/node_modules/graphql/validation/rules/FragmentsOnCompositeTypesRule.d.ts' with Package ID 'graphql/validation/rules/FragmentsOnCompositeTypesRule.d.ts@16.12.0'. ========
======== Resolving module './rules/KnownArgumentNamesRule' from 'd:/DOPAMS/Toystack/dopams-backend-staging/node_modules/graphql/validation/index.d.ts'. ========
Explicitly specified module resolution kind: 'Node10'.
Loading module as file / folder, candidate module location 'd:/DOPAMS/Toystack/dopams-backend-staging/node_modules/graphql/validation/rules/KnownArgumentNamesRule', target file types: TypeScript, Declaration.
File 'd:/DOPAMS/Toystack/dopams-backend-staging/node_modules/graphql/validation/rules/KnownArgumentNamesRule.ts' does not exist.
File 'd:/DOPAMS/Toystack/dopams-backend-staging/node_modules/graphql/validation/rules/KnownArgumentNamesRule.tsx' does not exist.
File 'd:/DOPAMS/Toystack/dopams-backend-staging/node_modules/graphql/validation/rules/KnownArgumentNamesRule.d.ts' exists - use it as a name resolution result.
File 'd:/DOPAMS/Toystack/dopams-backend-staging/node_modules/graphql/package.json' exists according to earlier cached lookups.
======== Module name './rules/KnownArgumentNamesRule' was successfully resolved to 'd:/DOPAMS/Toystack/dopams-backend-staging/node_modules/graphql/validation/rules/KnownArgumentNamesRule.d.ts' with Package ID 'graphql/validation/rules/KnownArgumentNamesRule.d.ts@16.12.0'. ========
======== Resolving module './rules/KnownDirectivesRule' from 'd:/DOPAMS/Toystack/dopams-backend-staging/node_modules/graphql/validation/index.d.ts'. ========
Explicitly specified module resolution kind: 'Node10'.
Loading module as file / folder, candidate module location 'd:/DOPAMS/Toystack/dopams-backend-staging/node_modules/graphql/validation/rules/KnownDirectivesRule', target file types: TypeScript, Declaration.
File 'd:/DOPAMS/Toystack/dopams-backend-staging/node_modules/graphql/validation/rules/KnownDirectivesRule.ts' does not exist.
File 'd:/DOPAMS/Toystack/dopams-backend-staging/node_modules/graphql/validation/rules/KnownDirectivesRule.tsx' does not exist.
File 'd:/DOPAMS/Toystack/dopams-backend-staging/node_modules/graphql/validation/rules/KnownDirectivesRule.d.ts' exists - use it as a name resolution result.
File 'd:/DOPAMS/Toystack/dopams-backend-staging/node_modules/graphql/package.json' exists according to earlier cached lookups.
======== Module name './rules/KnownDirectivesRule' was successfully resolved to 'd:/DOPAMS/Toystack/dopams-backend-staging/node_modules/graphql/validation/rules/KnownDirectivesRule.d.ts' with Package ID 'graphql/validation/rules/KnownDirectivesRule.d.ts@16.12.0'. ========
======== Resolving module './rules/KnownFragmentNamesRule' from 'd:/DOPAMS/Toystack/dopams-backend-staging/node_modules/graphql/validation/index.d.ts'. ========
Explicitly specified module resolution kind: 'Node10'.
Loading module as file / folder, candidate module location 'd:/DOPAMS/Toystack/dopams-backend-staging/node_modules/graphql/validation/rules/KnownFragmentNamesRule', target file types: TypeScript, Declaration.
File 'd:/DOPAMS/Toystack/dopams-backend-staging/node_modules/graphql/validation/rules/KnownFragmentNamesRule.ts' does not exist.
File 'd:/DOPAMS/Toystack/dopams-backend-staging/node_modules/graphql/validation/rules/KnownFragmentNamesRule.tsx' does not exist.
File 'd:/DOPAMS/Toystack/dopams-backend-staging/node_modules/graphql/validation/rules/KnownFragmentNamesRule.d.ts' exists - use it as a name resolution result.
File 'd:/DOPAMS/Toystack/dopams-backend-staging/node_modules/graphql/package.json' exists according to earlier cached lookups.
======== Module name './rules/KnownFragmentNamesRule' was successfully resolved to 'd:/DOPAMS/Toystack/dopams-backend-staging/node_modules/graphql/validation/rules/KnownFragmentNamesRule.d.ts' with Package ID 'graphql/validation/rules/KnownFragmentNamesRule.d.ts@16.12.0'. ========
======== Resolving module './rules/KnownTypeNamesRule' from 'd:/DOPAMS/Toystack/dopams-backend-staging/node_modules/graphql/validation/index.d.ts'. ========
Explicitly specified module resolution kind: 'Node10'.
Loading module as file / folder, candidate module location 'd:/DOPAMS/Toystack/dopams-backend-staging/node_modules/graphql/validation/rules/KnownTypeNamesRule', target file types: TypeScript, Declaration.
File 'd:/DOPAMS/Toystack/dopams-backend-staging/node_modules/graphql/validation/rules/KnownTypeNamesRule.ts' does not exist.
File 'd:/DOPAMS/Toystack/dopams-backend-staging/node_modules/graphql/validation/rules/KnownTypeNamesRule.tsx' does not exist.
File 'd:/DOPAMS/Toystack/dopams-backend-staging/node_modules/graphql/validation/rules/KnownTypeNamesRule.d.ts' exists - use it as a name resolution result.
File 'd:/DOPAMS/Toystack/dopams-backend-staging/node_modules/graphql/package.json' exists according to earlier cached lookups.
======== Module name './rules/KnownTypeNamesRule' was successfully resolved to 'd:/DOPAMS/Toystack/dopams-backend-staging/node_modules/graphql/validation/rules/KnownTypeNamesRule.d.ts' with Package ID 'graphql/validation/rules/KnownTypeNamesRule.d.ts@16.12.0'. ========
======== Resolving module './rules/LoneAnonymousOperationRule' from 'd:/DOPAMS/Toystack/dopams-backend-staging/node_modules/graphql/validation/index.d.ts'. ========
Explicitly specified module resolution kind: 'Node10'.
Loading module as file / folder, candidate module location 'd:/DOPAMS/Toystack/dopams-backend-staging/node_modules/graphql/validation/rules/LoneAnonymousOperationRule', target file types: TypeScript, Declaration.
File 'd:/DOPAMS/Toystack/dopams-backend-staging/node_modules/graphql/validation/rules/LoneAnonymousOperationRule.ts' does not exist.
File 'd:/DOPAMS/Toystack/dopams-backend-staging/node_modules/graphql/validation/rules/LoneAnonymousOperationRule.tsx' does not exist.
File 'd:/DOPAMS/Toystack/dopams-backend-staging/node_modules/graphql/validation/rules/LoneAnonymousOperationRule.d.ts' exists - use it as a name resolution result.
File 'd:/DOPAMS/Toystack/dopams-backend-staging/node_modules/graphql/package.json' exists according to earlier cached lookups.
======== Module name './rules/LoneAnonymousOperationRule' was successfully resolved to 'd:/DOPAMS/Toystack/dopams-backend-staging/node_modules/graphql/validation/rules/LoneAnonymousOperationRule.d.ts' with Package ID 'graphql/validation/rules/LoneAnonymousOperationRule.d.ts@16.12.0'. ========
======== Resolving module './rules/NoFragmentCyclesRule' from 'd:/DOPAMS/Toystack/dopams-backend-staging/node_modules/graphql/validation/index.d.ts'. ========
Explicitly specified module resolution kind: 'Node10'.
Loading module as file / folder, candidate module location 'd:/DOPAMS/Toystack/dopams-backend-staging/node_modules/graphql/validation/rules/NoFragmentCyclesRule', target file types: TypeScript, Declaration.
File 'd:/DOPAMS/Toystack/dopams-backend-staging/node_modules/graphql/validation/rules/NoFragmentCyclesRule.ts' does not exist.
File 'd:/DOPAMS/Toystack/dopams-backend-staging/node_modules/graphql/validation/rules/NoFragmentCyclesRule.tsx' does not exist.
File 'd:/DOPAMS/Toystack/dopams-backend-staging/node_modules/graphql/validation/rules/NoFragmentCyclesRule.d.ts' exists - use it as a name resolution result.
File 'd:/DOPAMS/Toystack/dopams-backend-staging/node_modules/graphql/package.json' exists according to earlier cached lookups.
======== Module name './rules/NoFragmentCyclesRule' was successfully resolved to 'd:/DOPAMS/Toystack/dopams-backend-staging/node_modules/graphql/validation/rules/NoFragmentCyclesRule.d.ts' with Package ID 'graphql/validation/rules/NoFragmentCyclesRule.d.ts@16.12.0'. ========
======== Resolving module './rules/NoUndefinedVariablesRule' from 'd:/DOPAMS/Toystack/dopams-backend-staging/node_modules/graphql/validation/index.d.ts'. ========
Explicitly specified module resolution kind: 'Node10'.
Loading module as file / folder, candidate module location 'd:/DOPAMS/Toystack/dopams-backend-staging/node_modules/graphql/validation/rules/NoUndefinedVariablesRule', target file types: TypeScript, Declaration.
File 'd:/DOPAMS/Toystack/dopams-backend-staging/node_modules/graphql/validation/rules/NoUndefinedVariablesRule.ts' does not exist.
File 'd:/DOPAMS/Toystack/dopams-backend-staging/node_modules/graphql/validation/rules/NoUndefinedVariablesRule.tsx' does not exist.
File 'd:/DOPAMS/Toystack/dopams-backend-staging/node_modules/graphql/validation/rules/NoUndefinedVariablesRule.d.ts' exists - use it as a name resolution result.
File 'd:/DOPAMS/Toystack/dopams-backend-staging/node_modules/graphql/package.json' exists according to earlier cached lookups.
======== Module name './rules/NoUndefinedVariablesRule' was successfully resolved to 'd:/DOPAMS/Toystack/dopams-backend-staging/node_modules/graphql/validation/rules/NoUndefinedVariablesRule.d.ts' with Package ID 'graphql/validation/rules/NoUndefinedVariablesRule.d.ts@16.12.0'. ========
======== Resolving module './rules/NoUnusedFragmentsRule' from 'd:/DOPAMS/Toystack/dopams-backend-staging/node_modules/graphql/validation/index.d.ts'. ========
Explicitly specified module resolution kind: 'Node10'.
Loading module as file / folder, candidate module location 'd:/DOPAMS/Toystack/dopams-backend-staging/node_modules/graphql/validation/rules/NoUnusedFragmentsRule', target file types: TypeScript, Declaration.
File 'd:/DOPAMS/Toystack/dopams-backend-staging/node_modules/graphql/validation/rules/NoUnusedFragmentsRule.ts' does not exist.
File 'd:/DOPAMS/Toystack/dopams-backend-staging/node_modules/graphql/validation/rules/NoUnusedFragmentsRule.tsx' does not exist.
File 'd:/DOPAMS/Toystack/dopams-backend-staging/node_modules/graphql/validation/rules/NoUnusedFragmentsRule.d.ts' exists - use it as a name resolution result.
File 'd:/DOPAMS/Toystack/dopams-backend-staging/node_modules/graphql/package.json' exists according to earlier cached lookups.
======== Module name './rules/NoUnusedFragmentsRule' was successfully resolved to 'd:/DOPAMS/Toystack/dopams-backend-staging/node_modules/graphql/validation/rules/NoUnusedFragmentsRule.d.ts' with Package ID 'graphql/validation/rules/NoUnusedFragmentsRule.d.ts@16.12.0'. ========
======== Resolving module './rules/NoUnusedVariablesRule' from 'd:/DOPAMS/Toystack/dopams-backend-staging/node_modules/graphql/validation/index.d.ts'. ========
Explicitly specified module resolution kind: 'Node10'.
Loading module as file / folder, candidate module location 'd:/DOPAMS/Toystack/dopams-backend-staging/node_modules/graphql/validation/rules/NoUnusedVariablesRule', target file types: TypeScript, Declaration.
File 'd:/DOPAMS/Toystack/dopams-backend-staging/node_modules/graphql/validation/rules/NoUnusedVariablesRule.ts' does not exist.
File 'd:/DOPAMS/Toystack/dopams-backend-staging/node_modules/graphql/validation/rules/NoUnusedVariablesRule.tsx' does not exist.
File 'd:/DOPAMS/Toystack/dopams-backend-staging/node_modules/graphql/validation/rules/NoUnusedVariablesRule.d.ts' exists - use it as a name resolution result.
File 'd:/DOPAMS/Toystack/dopams-backend-staging/node_modules/graphql/package.json' exists according to earlier cached lookups.
======== Module name './rules/NoUnusedVariablesRule' was successfully resolved to 'd:/DOPAMS/Toystack/dopams-backend-staging/node_modules/graphql/validation/rules/NoUnusedVariablesRule.d.ts' with Package ID 'graphql/validation/rules/NoUnusedVariablesRule.d.ts@16.12.0'. ========
======== Resolving module './rules/OverlappingFieldsCanBeMergedRule' from 'd:/DOPAMS/Toystack/dopams-backend-staging/node_modules/graphql/validation/index.d.ts'. ========
Explicitly specified module resolution kind: 'Node10'.
Loading module as file / folder, candidate module location 'd:/DOPAMS/Toystack/dopams-backend-staging/node_modules/graphql/validation/rules/OverlappingFieldsCanBeMergedRule', target file types: TypeScript, Declaration.
File 'd:/DOPAMS/Toystack/dopams-backend-staging/node_modules/graphql/validation/rules/OverlappingFieldsCanBeMergedRule.ts' does not exist.
File 'd:/DOPAMS/Toystack/dopams-backend-staging/node_modules/graphql/validation/rules/OverlappingFieldsCanBeMergedRule.tsx' does not exist.
File 'd:/DOPAMS/Toystack/dopams-backend-staging/node_modules/graphql/validation/rules/OverlappingFieldsCanBeMergedRule.d.ts' exists - use it as a name resolution result.
File 'd:/DOPAMS/Toystack/dopams-backend-staging/node_modules/graphql/package.json' exists according to earlier cached lookups.
======== Module name './rules/OverlappingFieldsCanBeMergedRule' was successfully resolved to 'd:/DOPAMS/Toystack/dopams-backend-staging/node_modules/graphql/validation/rules/OverlappingFieldsCanBeMergedRule.d.ts' with Package ID 'graphql/validation/rules/OverlappingFieldsCanBeMergedRule.d.ts@16.12.0'. ========
======== Resolving module './rules/PossibleFragmentSpreadsRule' from 'd:/DOPAMS/Toystack/dopams-backend-staging/node_modules/graphql/validation/index.d.ts'. ========
Explicitly specified module resolution kind: 'Node10'.
Loading module as file / folder, candidate module location 'd:/DOPAMS/Toystack/dopams-backend-staging/node_modules/graphql/validation/rules/PossibleFragmentSpreadsRule', target file types: TypeScript, Declaration.
File 'd:/DOPAMS/Toystack/dopams-backend-staging/node_modules/graphql/validation/rules/PossibleFragmentSpreadsRule.ts' does not exist.
File 'd:/DOPAMS/Toystack/dopams-backend-staging/node_modules/graphql/validation/rules/PossibleFragmentSpreadsRule.tsx' does not exist.
File 'd:/DOPAMS/Toystack/dopams-backend-staging/node_modules/graphql/validation/rules/PossibleFragmentSpreadsRule.d.ts' exists - use it as a name resolution result.
File 'd:/DOPAMS/Toystack/dopams-backend-staging/node_modules/graphql/package.json' exists according to earlier cached lookups.
======== Module name './rules/PossibleFragmentSpreadsRule' was successfully resolved to 'd:/DOPAMS/Toystack/dopams-backend-staging/node_modules/graphql/validation/rules/PossibleFragmentSpreadsRule.d.ts' with Package ID 'graphql/validation/rules/PossibleFragmentSpreadsRule.d.ts@16.12.0'. ========
======== Resolving module './rules/ProvidedRequiredArgumentsRule' from 'd:/DOPAMS/Toystack/dopams-backend-staging/node_modules/graphql/validation/index.d.ts'. ========
Explicitly specified module resolution kind: 'Node10'.
Loading module as file / folder, candidate module location 'd:/DOPAMS/Toystack/dopams-backend-staging/node_modules/graphql/validation/rules/ProvidedRequiredArgumentsRule', target file types: TypeScript, Declaration.
File 'd:/DOPAMS/Toystack/dopams-backend-staging/node_modules/graphql/validation/rules/ProvidedRequiredArgumentsRule.ts' does not exist.
File 'd:/DOPAMS/Toystack/dopams-backend-staging/node_modules/graphql/validation/rules/ProvidedRequiredArgumentsRule.tsx' does not exist.
File 'd:/DOPAMS/Toystack/dopams-backend-staging/node_modules/graphql/validation/rules/ProvidedRequiredArgumentsRule.d.ts' exists - use it as a name resolution result.
File 'd:/DOPAMS/Toystack/dopams-backend-staging/node_modules/graphql/package.json' exists according to earlier cached lookups.
======== Module name './rules/ProvidedRequiredArgumentsRule' was successfully resolved to 'd:/DOPAMS/Toystack/dopams-backend-staging/node_modules/graphql/validation/rules/ProvidedRequiredArgumentsRule.d.ts' with Package ID 'graphql/validation/rules/ProvidedRequiredArgumentsRule.d.ts@16.12.0'. ========
======== Resolving module './rules/ScalarLeafsRule' from 'd:/DOPAMS/Toystack/dopams-backend-staging/node_modules/graphql/validation/index.d.ts'. ========
Explicitly specified module resolution kind: 'Node10'.
Loading module as file / folder, candidate module location 'd:/DOPAMS/Toystack/dopams-backend-staging/node_modules/graphql/validation/rules/ScalarLeafsRule', target file types: TypeScript, Declaration.
File 'd:/DOPAMS/Toystack/dopams-backend-staging/node_modules/graphql/validation/rules/ScalarLeafsRule.ts' does not exist.
File 'd:/DOPAMS/Toystack/dopams-backend-staging/node_modules/graphql/validation/rules/ScalarLeafsRule.tsx' does not exist.
File 'd:/DOPAMS/Toystack/dopams-backend-staging/node_modules/graphql/validation/rules/ScalarLeafsRule.d.ts' exists - use it as a name resolution result.
File 'd:/DOPAMS/Toystack/dopams-backend-staging/node_modules/graphql/package.json' exists according to earlier cached lookups.
======== Module name './rules/ScalarLeafsRule' was successfully resolved to 'd:/DOPAMS/Toystack/dopams-backend-staging/node_modules/graphql/validation/rules/ScalarLeafsRule.d.ts' with Package ID 'graphql/validation/rules/ScalarLeafsRule.d.ts@16.12.0'. ========
======== Resolving module './rules/SingleFieldSubscriptionsRule' from 'd:/DOPAMS/Toystack/dopams-backend-staging/node_modules/graphql/validation/index.d.ts'. ========
Explicitly specified module resolution kind: 'Node10'.
Loading module as file / folder, candidate module location 'd:/DOPAMS/Toystack/dopams-backend-staging/node_modules/graphql/validation/rules/SingleFieldSubscriptionsRule', target file types: TypeScript, Declaration.
File 'd:/DOPAMS/Toystack/dopams-backend-staging/node_modules/graphql/validation/rules/SingleFieldSubscriptionsRule.ts' does not exist.
File 'd:/DOPAMS/Toystack/dopams-backend-staging/node_modules/graphql/validation/rules/SingleFieldSubscriptionsRule.tsx' does not exist.
File 'd:/DOPAMS/Toystack/dopams-backend-staging/node_modules/graphql/validation/rules/SingleFieldSubscriptionsRule.d.ts' exists - use it as a name resolution result.
File 'd:/DOPAMS/Toystack/dopams-backend-staging/node_modules/graphql/package.json' exists according to earlier cached lookups.
======== Module name './rules/SingleFieldSubscriptionsRule' was successfully resolved to 'd:/DOPAMS/Toystack/dopams-backend-staging/node_modules/graphql/validation/rules/SingleFieldSubscriptionsRule.d.ts' with Package ID 'graphql/validation/rules/SingleFieldSubscriptionsRule.d.ts@16.12.0'. ========
======== Resolving module './rules/UniqueArgumentNamesRule' from 'd:/DOPAMS/Toystack/dopams-backend-staging/node_modules/graphql/validation/index.d.ts'. ========
Explicitly specified module resolution kind: 'Node10'.
Loading module as file / folder, candidate module location 'd:/DOPAMS/Toystack/dopams-backend-staging/node_modules/graphql/validation/rules/UniqueArgumentNamesRule', target file types: TypeScript, Declaration.
File 'd:/DOPAMS/Toystack/dopams-backend-staging/node_modules/graphql/validation/rules/UniqueArgumentNamesRule.ts' does not exist.
File 'd:/DOPAMS/Toystack/dopams-backend-staging/node_modules/graphql/validation/rules/UniqueArgumentNamesRule.tsx' does not exist.
File 'd:/DOPAMS/Toystack/dopams-backend-staging/node_modules/graphql/validation/rules/UniqueArgumentNamesRule.d.ts' exists - use it as a name resolution result.
File 'd:/DOPAMS/Toystack/dopams-backend-staging/node_modules/graphql/package.json' exists according to earlier cached lookups.
======== Module name './rules/UniqueArgumentNamesRule' was successfully resolved to 'd:/DOPAMS/Toystack/dopams-backend-staging/node_modules/graphql/validation/rules/UniqueArgumentNamesRule.d.ts' with Package ID 'graphql/validation/rules/UniqueArgumentNamesRule.d.ts@16.12.0'. ========
======== Resolving module './rules/UniqueDirectivesPerLocationRule' from 'd:/DOPAMS/Toystack/dopams-backend-staging/node_modules/graphql/validation/index.d.ts'. ========
Explicitly specified module resolution kind: 'Node10'.
Loading module as file / folder, candidate module location 'd:/DOPAMS/Toystack/dopams-backend-staging/node_modules/graphql/validation/rules/UniqueDirectivesPerLocationRule', target file types: TypeScript, Declaration.
File 'd:/DOPAMS/Toystack/dopams-backend-staging/node_modules/graphql/validation/rules/UniqueDirectivesPerLocationRule.ts' does not exist.
File 'd:/DOPAMS/Toystack/dopams-backend-staging/node_modules/graphql/validation/rules/UniqueDirectivesPerLocationRule.tsx' does not exist.
File 'd:/DOPAMS/Toystack/dopams-backend-staging/node_modules/graphql/validation/rules/UniqueDirectivesPerLocationRule.d.ts' exists - use it as a name resolution result.
File 'd:/DOPAMS/Toystack/dopams-backend-staging/node_modules/graphql/package.json' exists according to earlier cached lookups.
======== Module name './rules/UniqueDirectivesPerLocationRule' was successfully resolved to 'd:/DOPAMS/Toystack/dopams-backend-staging/node_modules/graphql/validation/rules/UniqueDirectivesPerLocationRule.d.ts' with Package ID 'graphql/validation/rules/UniqueDirectivesPerLocationRule.d.ts@16.12.0'. ========
======== Resolving module './rules/UniqueFragmentNamesRule' from 'd:/DOPAMS/Toystack/dopams-backend-staging/node_modules/graphql/validation/index.d.ts'. ========
Explicitly specified module resolution kind: 'Node10'.
Loading module as file / folder, candidate module location 'd:/DOPAMS/Toystack/dopams-backend-staging/node_modules/graphql/validation/rules/UniqueFragmentNamesRule', target file types: TypeScript, Declaration.
File 'd:/DOPAMS/Toystack/dopams-backend-staging/node_modules/graphql/validation/rules/UniqueFragmentNamesRule.ts' does not exist.
File 'd:/DOPAMS/Toystack/dopams-backend-staging/node_modules/graphql/validation/rules/UniqueFragmentNamesRule.tsx' does not exist.
File 'd:/DOPAMS/Toystack/dopams-backend-staging/node_modules/graphql/validation/rules/UniqueFragmentNamesRule.d.ts' exists - use it as a name resolution result.
File 'd:/DOPAMS/Toystack/dopams-backend-staging/node_modules/graphql/package.json' exists according to earlier cached lookups.
======== Module name './rules/UniqueFragmentNamesRule' was successfully resolved to 'd:/DOPAMS/Toystack/dopams-backend-staging/node_modules/graphql/validation/rules/UniqueFragmentNamesRule.d.ts' with Package ID 'graphql/validation/rules/UniqueFragmentNamesRule.d.ts@16.12.0'. ========
======== Resolving module './rules/UniqueInputFieldNamesRule' from 'd:/DOPAMS/Toystack/dopams-backend-staging/node_modules/graphql/validation/index.d.ts'. ========
Explicitly specified module resolution kind: 'Node10'.
Loading module as file / folder, candidate module location 'd:/DOPAMS/Toystack/dopams-backend-staging/node_modules/graphql/validation/rules/UniqueInputFieldNamesRule', target file types: TypeScript, Declaration.
File 'd:/DOPAMS/Toystack/dopams-backend-staging/node_modules/graphql/validation/rules/UniqueInputFieldNamesRule.ts' does not exist.
File 'd:/DOPAMS/Toystack/dopams-backend-staging/node_modules/graphql/validation/rules/UniqueInputFieldNamesRule.tsx' does not exist.
File 'd:/DOPAMS/Toystack/dopams-backend-staging/node_modules/graphql/validation/rules/UniqueInputFieldNamesRule.d.ts' exists - use it as a name resolution result.
File 'd:/DOPAMS/Toystack/dopams-backend-staging/node_modules/graphql/package.json' exists according to earlier cached lookups.
======== Module name './rules/UniqueInputFieldNamesRule' was successfully resolved to 'd:/DOPAMS/Toystack/dopams-backend-staging/node_modules/graphql/validation/rules/UniqueInputFieldNamesRule.d.ts' with Package ID 'graphql/validation/rules/UniqueInputFieldNamesRule.d.ts@16.12.0'. ========
======== Resolving module './rules/UniqueOperationNamesRule' from 'd:/DOPAMS/Toystack/dopams-backend-staging/node_modules/graphql/validation/index.d.ts'. ========
Explicitly specified module resolution kind: 'Node10'.
Loading module as file / folder, candidate module location 'd:/DOPAMS/Toystack/dopams-backend-staging/node_modules/graphql/validation/rules/UniqueOperationNamesRule', target file types: TypeScript, Declaration.
File 'd:/DOPAMS/Toystack/dopams-backend-staging/node_modules/graphql/validation/rules/UniqueOperationNamesRule.ts' does not exist.
File 'd:/DOPAMS/Toystack/dopams-backend-staging/node_modules/graphql/validation/rules/UniqueOperationNamesRule.tsx' does not exist.
File 'd:/DOPAMS/Toystack/dopams-backend-staging/node_modules/graphql/validation/rules/UniqueOperationNamesRule.d.ts' exists - use it as a name resolution result.
File 'd:/DOPAMS/Toystack/dopams-backend-staging/node_modules/graphql/package.json' exists according to earlier cached lookups.
======== Module name './rules/UniqueOperationNamesRule' was successfully resolved to 'd:/DOPAMS/Toystack/dopams-backend-staging/node_modules/graphql/validation/rules/UniqueOperationNamesRule.d.ts' with Package ID 'graphql/validation/rules/UniqueOperationNamesRule.d.ts@16.12.0'. ========
======== Resolving module './rules/UniqueVariableNamesRule' from 'd:/DOPAMS/Toystack/dopams-backend-staging/node_modules/graphql/validation/index.d.ts'. ========
Explicitly specified module resolution kind: 'Node10'.
Loading module as file / folder, candidate module location 'd:/DOPAMS/Toystack/dopams-backend-staging/node_modules/graphql/validation/rules/UniqueVariableNamesRule', target file types: TypeScript, Declaration.
File 'd:/DOPAMS/Toystack/dopams-backend-staging/node_modules/graphql/validation/rules/UniqueVariableNamesRule.ts' does not exist.
File 'd:/DOPAMS/Toystack/dopams-backend-staging/node_modules/graphql/validation/rules/UniqueVariableNamesRule.tsx' does not exist.
File 'd:/DOPAMS/Toystack/dopams-backend-staging/node_modules/graphql/validation/rules/UniqueVariableNamesRule.d.ts' exists - use it as a name resolution result.
File 'd:/DOPAMS/Toystack/dopams-backend-staging/node_modules/graphql/package.json' exists according to earlier cached lookups.
======== Module name './rules/UniqueVariableNamesRule' was successfully resolved to 'd:/DOPAMS/Toystack/dopams-backend-staging/node_modules/graphql/validation/rules/UniqueVariableNamesRule.d.ts' with Package ID 'graphql/validation/rules/UniqueVariableNamesRule.d.ts@16.12.0'. ========
======== Resolving module './rules/ValuesOfCorrectTypeRule' from 'd:/DOPAMS/Toystack/dopams-backend-staging/node_modules/graphql/validation/index.d.ts'. ========
Explicitly specified module resolution kind: 'Node10'.
Loading module as file / folder, candidate module location 'd:/DOPAMS/Toystack/dopams-backend-staging/node_modules/graphql/validation/rules/ValuesOfCorrectTypeRule', target file types: TypeScript, Declaration.
File 'd:/DOPAMS/Toystack/dopams-backend-staging/node_modules/graphql/validation/rules/ValuesOfCorrectTypeRule.ts' does not exist.
File 'd:/DOPAMS/Toystack/dopams-backend-staging/node_modules/graphql/validation/rules/ValuesOfCorrectTypeRule.tsx' does not exist.
File 'd:/DOPAMS/Toystack/dopams-backend-staging/node_modules/graphql/validation/rules/ValuesOfCorrectTypeRule.d.ts' exists - use it as a name resolution result.
File 'd:/DOPAMS/Toystack/dopams-backend-staging/node_modules/graphql/package.json' exists according to earlier cached lookups.
======== Module name './rules/ValuesOfCorrectTypeRule' was successfully resolved to 'd:/DOPAMS/Toystack/dopams-backend-staging/node_modules/graphql/validation/rules/ValuesOfCorrectTypeRule.d.ts' with Package ID 'graphql/validation/rules/ValuesOfCorrectTypeRule.d.ts@16.12.0'. ========
======== Resolving module './rules/VariablesAreInputTypesRule' from 'd:/DOPAMS/Toystack/dopams-backend-staging/node_modules/graphql/validation/index.d.ts'. ========
Explicitly specified module resolution kind: 'Node10'.
Loading module as file / folder, candidate module location 'd:/DOPAMS/Toystack/dopams-backend-staging/node_modules/graphql/validation/rules/VariablesAreInputTypesRule', target file types: TypeScript, Declaration.
File 'd:/DOPAMS/Toystack/dopams-backend-staging/node_modules/graphql/validation/rules/VariablesAreInputTypesRule.ts' does not exist.
File 'd:/DOPAMS/Toystack/dopams-backend-staging/node_modules/graphql/validation/rules/VariablesAreInputTypesRule.tsx' does not exist.
File 'd:/DOPAMS/Toystack/dopams-backend-staging/node_modules/graphql/validation/rules/VariablesAreInputTypesRule.d.ts' exists - use it as a name resolution result.
File 'd:/DOPAMS/Toystack/dopams-backend-staging/node_modules/graphql/package.json' exists according to earlier cached lookups.
======== Module name './rules/VariablesAreInputTypesRule' was successfully resolved to 'd:/DOPAMS/Toystack/dopams-backend-staging/node_modules/graphql/validation/rules/VariablesAreInputTypesRule.d.ts' with Package ID 'graphql/validation/rules/VariablesAreInputTypesRule.d.ts@16.12.0'. ========
======== Resolving module './rules/VariablesInAllowedPositionRule' from 'd:/DOPAMS/Toystack/dopams-backend-staging/node_modules/graphql/validation/index.d.ts'. ========
Explicitly specified module resolution kind: 'Node10'.
Loading module as file / folder, candidate module location 'd:/DOPAMS/Toystack/dopams-backend-staging/node_modules/graphql/validation/rules/VariablesInAllowedPositionRule', target file types: TypeScript, Declaration.
File 'd:/DOPAMS/Toystack/dopams-backend-staging/node_modules/graphql/validation/rules/VariablesInAllowedPositionRule.ts' does not exist.
File 'd:/DOPAMS/Toystack/dopams-backend-staging/node_modules/graphql/validation/rules/VariablesInAllowedPositionRule.tsx' does not exist.
File 'd:/DOPAMS/Toystack/dopams-backend-staging/node_modules/graphql/validation/rules/VariablesInAllowedPositionRule.d.ts' exists - use it as a name resolution result.
File 'd:/DOPAMS/Toystack/dopams-backend-staging/node_modules/graphql/package.json' exists according to earlier cached lookups.
======== Module name './rules/VariablesInAllowedPositionRule' was successfully resolved to 'd:/DOPAMS/Toystack/dopams-backend-staging/node_modules/graphql/validation/rules/VariablesInAllowedPositionRule.d.ts' with Package ID 'graphql/validation/rules/VariablesInAllowedPositionRule.d.ts@16.12.0'. ========
======== Resolving module './rules/MaxIntrospectionDepthRule' from 'd:/DOPAMS/Toystack/dopams-backend-staging/node_modules/graphql/validation/index.d.ts'. ========
Explicitly specified module resolution kind: 'Node10'.
Loading module as file / folder, candidate module location 'd:/DOPAMS/Toystack/dopams-backend-staging/node_modules/graphql/validation/rules/MaxIntrospectionDepthRule', target file types: TypeScript, Declaration.
File 'd:/DOPAMS/Toystack/dopams-backend-staging/node_modules/graphql/validation/rules/MaxIntrospectionDepthRule.ts' does not exist.
File 'd:/DOPAMS/Toystack/dopams-backend-staging/node_modules/graphql/validation/rules/MaxIntrospectionDepthRule.tsx' does not exist.
File 'd:/DOPAMS/Toystack/dopams-backend-staging/node_modules/graphql/validation/rules/MaxIntrospectionDepthRule.d.ts' exists - use it as a name resolution result.
File 'd:/DOPAMS/Toystack/dopams-backend-staging/node_modules/graphql/package.json' exists according to earlier cached lookups.
======== Module name './rules/MaxIntrospectionDepthRule' was successfully resolved to 'd:/DOPAMS/Toystack/dopams-backend-staging/node_modules/graphql/validation/rules/MaxIntrospectionDepthRule.d.ts' with Package ID 'graphql/validation/rules/MaxIntrospectionDepthRule.d.ts@16.12.0'. ========
======== Resolving module './rules/LoneSchemaDefinitionRule' from 'd:/DOPAMS/Toystack/dopams-backend-staging/node_modules/graphql/validation/index.d.ts'. ========
Explicitly specified module resolution kind: 'Node10'.
Loading module as file / folder, candidate module location 'd:/DOPAMS/Toystack/dopams-backend-staging/node_modules/graphql/validation/rules/LoneSchemaDefinitionRule', target file types: TypeScript, Declaration.
File 'd:/DOPAMS/Toystack/dopams-backend-staging/node_modules/graphql/validation/rules/LoneSchemaDefinitionRule.ts' does not exist.
File 'd:/DOPAMS/Toystack/dopams-backend-staging/node_modules/graphql/validation/rules/LoneSchemaDefinitionRule.tsx' does not exist.
File 'd:/DOPAMS/Toystack/dopams-backend-staging/node_modules/graphql/validation/rules/LoneSchemaDefinitionRule.d.ts' exists - use it as a name resolution result.
File 'd:/DOPAMS/Toystack/dopams-backend-staging/node_modules/graphql/package.json' exists according to earlier cached lookups.
======== Module name './rules/LoneSchemaDefinitionRule' was successfully resolved to 'd:/DOPAMS/Toystack/dopams-backend-staging/node_modules/graphql/validation/rules/LoneSchemaDefinitionRule.d.ts' with Package ID 'graphql/validation/rules/LoneSchemaDefinitionRule.d.ts@16.12.0'. ========
======== Resolving module './rules/UniqueOperationTypesRule' from 'd:/DOPAMS/Toystack/dopams-backend-staging/node_modules/graphql/validation/index.d.ts'. ========
Explicitly specified module resolution kind: 'Node10'.
Loading module as file / folder, candidate module location 'd:/DOPAMS/Toystack/dopams-backend-staging/node_modules/graphql/validation/rules/UniqueOperationTypesRule', target file types: TypeScript, Declaration.
File 'd:/DOPAMS/Toystack/dopams-backend-staging/node_modules/graphql/validation/rules/UniqueOperationTypesRule.ts' does not exist.
File 'd:/DOPAMS/Toystack/dopams-backend-staging/node_modules/graphql/validation/rules/UniqueOperationTypesRule.tsx' does not exist.
File 'd:/DOPAMS/Toystack/dopams-backend-staging/node_modules/graphql/validation/rules/UniqueOperationTypesRule.d.ts' exists - use it as a name resolution result.
File 'd:/DOPAMS/Toystack/dopams-backend-staging/node_modules/graphql/package.json' exists according to earlier cached lookups.
======== Module name './rules/UniqueOperationTypesRule' was successfully resolved to 'd:/DOPAMS/Toystack/dopams-backend-staging/node_modules/graphql/validation/rules/UniqueOperationTypesRule.d.ts' with Package ID 'graphql/validation/rules/UniqueOperationTypesRule.d.ts@16.12.0'. ========
======== Resolving module './rules/UniqueTypeNamesRule' from 'd:/DOPAMS/Toystack/dopams-backend-staging/node_modules/graphql/validation/index.d.ts'. ========
Explicitly specified module resolution kind: 'Node10'.
Loading module as file / folder, candidate module location 'd:/DOPAMS/Toystack/dopams-backend-staging/node_modules/graphql/validation/rules/UniqueTypeNamesRule', target file types: TypeScript, Declaration.
File 'd:/DOPAMS/Toystack/dopams-backend-staging/node_modules/graphql/validation/rules/UniqueTypeNamesRule.ts' does not exist.
File 'd:/DOPAMS/Toystack/dopams-backend-staging/node_modules/graphql/validation/rules/UniqueTypeNamesRule.tsx' does not exist.
File 'd:/DOPAMS/Toystack/dopams-backend-staging/node_modules/graphql/validation/rules/UniqueTypeNamesRule.d.ts' exists - use it as a name resolution result.
File 'd:/DOPAMS/Toystack/dopams-backend-staging/node_modules/graphql/package.json' exists according to earlier cached lookups.
======== Module name './rules/UniqueTypeNamesRule' was successfully resolved to 'd:/DOPAMS/Toystack/dopams-backend-staging/node_modules/graphql/validation/rules/UniqueTypeNamesRule.d.ts' with Package ID 'graphql/validation/rules/UniqueTypeNamesRule.d.ts@16.12.0'. ========
======== Resolving module './rules/UniqueEnumValueNamesRule' from 'd:/DOPAMS/Toystack/dopams-backend-staging/node_modules/graphql/validation/index.d.ts'. ========
Explicitly specified module resolution kind: 'Node10'.
Loading module as file / folder, candidate module location 'd:/DOPAMS/Toystack/dopams-backend-staging/node_modules/graphql/validation/rules/UniqueEnumValueNamesRule', target file types: TypeScript, Declaration.
File 'd:/DOPAMS/Toystack/dopams-backend-staging/node_modules/graphql/validation/rules/UniqueEnumValueNamesRule.ts' does not exist.
File 'd:/DOPAMS/Toystack/dopams-backend-staging/node_modules/graphql/validation/rules/UniqueEnumValueNamesRule.tsx' does not exist.
File 'd:/DOPAMS/Toystack/dopams-backend-staging/node_modules/graphql/validation/rules/UniqueEnumValueNamesRule.d.ts' exists - use it as a name resolution result.
File 'd:/DOPAMS/Toystack/dopams-backend-staging/node_modules/graphql/package.json' exists according to earlier cached lookups.
======== Module name './rules/UniqueEnumValueNamesRule' was successfully resolved to 'd:/DOPAMS/Toystack/dopams-backend-staging/node_modules/graphql/validation/rules/UniqueEnumValueNamesRule.d.ts' with Package ID 'graphql/validation/rules/UniqueEnumValueNamesRule.d.ts@16.12.0'. ========
======== Resolving module './rules/UniqueFieldDefinitionNamesRule' from 'd:/DOPAMS/Toystack/dopams-backend-staging/node_modules/graphql/validation/index.d.ts'. ========
Explicitly specified module resolution kind: 'Node10'.
Loading module as file / folder, candidate module location 'd:/DOPAMS/Toystack/dopams-backend-staging/node_modules/graphql/validation/rules/UniqueFieldDefinitionNamesRule', target file types: TypeScript, Declaration.
File 'd:/DOPAMS/Toystack/dopams-backend-staging/node_modules/graphql/validation/rules/UniqueFieldDefinitionNamesRule.ts' does not exist.
File 'd:/DOPAMS/Toystack/dopams-backend-staging/node_modules/graphql/validation/rules/UniqueFieldDefinitionNamesRule.tsx' does not exist.
File 'd:/DOPAMS/Toystack/dopams-backend-staging/node_modules/graphql/validation/rules/UniqueFieldDefinitionNamesRule.d.ts' exists - use it as a name resolution result.
File 'd:/DOPAMS/Toystack/dopams-backend-staging/node_modules/graphql/package.json' exists according to earlier cached lookups.
======== Module name './rules/UniqueFieldDefinitionNamesRule' was successfully resolved to 'd:/DOPAMS/Toystack/dopams-backend-staging/node_modules/graphql/validation/rules/UniqueFieldDefinitionNamesRule.d.ts' with Package ID 'graphql/validation/rules/UniqueFieldDefinitionNamesRule.d.ts@16.12.0'. ========
======== Resolving module './rules/UniqueArgumentDefinitionNamesRule' from 'd:/DOPAMS/Toystack/dopams-backend-staging/node_modules/graphql/validation/index.d.ts'. ========
Explicitly specified module resolution kind: 'Node10'.
Loading module as file / folder, candidate module location 'd:/DOPAMS/Toystack/dopams-backend-staging/node_modules/graphql/validation/rules/UniqueArgumentDefinitionNamesRule', target file types: TypeScript, Declaration.
File 'd:/DOPAMS/Toystack/dopams-backend-staging/node_modules/graphql/validation/rules/UniqueArgumentDefinitionNamesRule.ts' does not exist.
File 'd:/DOPAMS/Toystack/dopams-backend-staging/node_modules/graphql/validation/rules/UniqueArgumentDefinitionNamesRule.tsx' does not exist.
File 'd:/DOPAMS/Toystack/dopams-backend-staging/node_modules/graphql/validation/rules/UniqueArgumentDefinitionNamesRule.d.ts' exists - use it as a name resolution result.
File 'd:/DOPAMS/Toystack/dopams-backend-staging/node_modules/graphql/package.json' exists according to earlier cached lookups.
======== Module name './rules/UniqueArgumentDefinitionNamesRule' was successfully resolved to 'd:/DOPAMS/Toystack/dopams-backend-staging/node_modules/graphql/validation/rules/UniqueArgumentDefinitionNamesRule.d.ts' with Package ID 'graphql/validation/rules/UniqueArgumentDefinitionNamesRule.d.ts@16.12.0'. ========
======== Resolving module './rules/UniqueDirectiveNamesRule' from 'd:/DOPAMS/Toystack/dopams-backend-staging/node_modules/graphql/validation/index.d.ts'. ========
Explicitly specified module resolution kind: 'Node10'.
Loading module as file / folder, candidate module location 'd:/DOPAMS/Toystack/dopams-backend-staging/node_modules/graphql/validation/rules/UniqueDirectiveNamesRule', target file types: TypeScript, Declaration.
File 'd:/DOPAMS/Toystack/dopams-backend-staging/node_modules/graphql/validation/rules/UniqueDirectiveNamesRule.ts' does not exist.
File 'd:/DOPAMS/Toystack/dopams-backend-staging/node_modules/graphql/validation/rules/UniqueDirectiveNamesRule.tsx' does not exist.
File 'd:/DOPAMS/Toystack/dopams-backend-staging/node_modules/graphql/validation/rules/UniqueDirectiveNamesRule.d.ts' exists - use it as a name resolution result.
File 'd:/DOPAMS/Toystack/dopams-backend-staging/node_modules/graphql/package.json' exists according to earlier cached lookups.
======== Module name './rules/UniqueDirectiveNamesRule' was successfully resolved to 'd:/DOPAMS/Toystack/dopams-backend-staging/node_modules/graphql/validation/rules/UniqueDirectiveNamesRule.d.ts' with Package ID 'graphql/validation/rules/UniqueDirectiveNamesRule.d.ts@16.12.0'. ========
======== Resolving module './rules/PossibleTypeExtensionsRule' from 'd:/DOPAMS/Toystack/dopams-backend-staging/node_modules/graphql/validation/index.d.ts'. ========
Explicitly specified module resolution kind: 'Node10'.
Loading module as file / folder, candidate module location 'd:/DOPAMS/Toystack/dopams-backend-staging/node_modules/graphql/validation/rules/PossibleTypeExtensionsRule', target file types: TypeScript, Declaration.
File 'd:/DOPAMS/Toystack/dopams-backend-staging/node_modules/graphql/validation/rules/PossibleTypeExtensionsRule.ts' does not exist.
File 'd:/DOPAMS/Toystack/dopams-backend-staging/node_modules/graphql/validation/rules/PossibleTypeExtensionsRule.tsx' does not exist.
File 'd:/DOPAMS/Toystack/dopams-backend-staging/node_modules/graphql/validation/rules/PossibleTypeExtensionsRule.d.ts' exists - use it as a name resolution result.
File 'd:/DOPAMS/Toystack/dopams-backend-staging/node_modules/graphql/package.json' exists according to earlier cached lookups.
======== Module name './rules/PossibleTypeExtensionsRule' was successfully resolved to 'd:/DOPAMS/Toystack/dopams-backend-staging/node_modules/graphql/validation/rules/PossibleTypeExtensionsRule.d.ts' with Package ID 'graphql/validation/rules/PossibleTypeExtensionsRule.d.ts@16.12.0'. ========
======== Resolving module './rules/custom/NoDeprecatedCustomRule' from 'd:/DOPAMS/Toystack/dopams-backend-staging/node_modules/graphql/validation/index.d.ts'. ========
Explicitly specified module resolution kind: 'Node10'.
Loading module as file / folder, candidate module location 'd:/DOPAMS/Toystack/dopams-backend-staging/node_modules/graphql/validation/rules/custom/NoDeprecatedCustomRule', target file types: TypeScript, Declaration.
File 'd:/DOPAMS/Toystack/dopams-backend-staging/node_modules/graphql/validation/rules/custom/NoDeprecatedCustomRule.ts' does not exist.
File 'd:/DOPAMS/Toystack/dopams-backend-staging/node_modules/graphql/validation/rules/custom/NoDeprecatedCustomRule.tsx' does not exist.
File 'd:/DOPAMS/Toystack/dopams-backend-staging/node_modules/graphql/validation/rules/custom/NoDeprecatedCustomRule.d.ts' exists - use it as a name resolution result.
File 'd:/DOPAMS/Toystack/dopams-backend-staging/node_modules/graphql/package.json' exists according to earlier cached lookups.
======== Module name './rules/custom/NoDeprecatedCustomRule' was successfully resolved to 'd:/DOPAMS/Toystack/dopams-backend-staging/node_modules/graphql/validation/rules/custom/NoDeprecatedCustomRule.d.ts' with Package ID 'graphql/validation/rules/custom/NoDeprecatedCustomRule.d.ts@16.12.0'. ========
======== Resolving module './rules/custom/NoSchemaIntrospectionCustomRule' from 'd:/DOPAMS/Toystack/dopams-backend-staging/node_modules/graphql/validation/index.d.ts'. ========
Explicitly specified module resolution kind: 'Node10'.
Loading module as file / folder, candidate module location 'd:/DOPAMS/Toystack/dopams-backend-staging/node_modules/graphql/validation/rules/custom/NoSchemaIntrospectionCustomRule', target file types: TypeScript, Declaration.
File 'd:/DOPAMS/Toystack/dopams-backend-staging/node_modules/graphql/validation/rules/custom/NoSchemaIntrospectionCustomRule.ts' does not exist.
File 'd:/DOPAMS/Toystack/dopams-backend-staging/node_modules/graphql/validation/rules/custom/NoSchemaIntrospectionCustomRule.tsx' does not exist.
File 'd:/DOPAMS/Toystack/dopams-backend-staging/node_modules/graphql/validation/rules/custom/NoSchemaIntrospectionCustomRule.d.ts' exists - use it as a name resolution result.
File 'd:/DOPAMS/Toystack/dopams-backend-staging/node_modules/graphql/package.json' exists according to earlier cached lookups.
======== Module name './rules/custom/NoSchemaIntrospectionCustomRule' was successfully resolved to 'd:/DOPAMS/Toystack/dopams-backend-staging/node_modules/graphql/validation/rules/custom/NoSchemaIntrospectionCustomRule.d.ts' with Package ID 'graphql/validation/rules/custom/NoSchemaIntrospectionCustomRule.d.ts@16.12.0'. ========
File 'd:/DOPAMS/Toystack/dopams-backend-staging/node_modules/graphql/validation/package.json' does not exist according to earlier cached lookups.
File 'd:/DOPAMS/Toystack/dopams-backend-staging/node_modules/graphql/package.json' exists according to earlier cached lookups.
======== Resolving module '../jsutils/Maybe' from 'd:/DOPAMS/Toystack/dopams-backend-staging/node_modules/graphql/validation/validate.d.ts'. ========
Explicitly specified module resolution kind: 'Node10'.
Loading module as file / folder, candidate module location 'd:/DOPAMS/Toystack/dopams-backend-staging/node_modules/graphql/jsutils/Maybe', target file types: TypeScript, Declaration.
File 'd:/DOPAMS/Toystack/dopams-backend-staging/node_modules/graphql/jsutils/Maybe.ts' does not exist.
File 'd:/DOPAMS/Toystack/dopams-backend-staging/node_modules/graphql/jsutils/Maybe.tsx' does not exist.
File 'd:/DOPAMS/Toystack/dopams-backend-staging/node_modules/graphql/jsutils/Maybe.d.ts' exists - use it as a name resolution result.
File 'd:/DOPAMS/Toystack/dopams-backend-staging/node_modules/graphql/package.json' exists according to earlier cached lookups.
======== Module name '../jsutils/Maybe' was successfully resolved to 'd:/DOPAMS/Toystack/dopams-backend-staging/node_modules/graphql/jsutils/Maybe.d.ts' with Package ID 'graphql/jsutils/Maybe.d.ts@16.12.0'. ========
======== Resolving module '../error/GraphQLError' from 'd:/DOPAMS/Toystack/dopams-backend-staging/node_modules/graphql/validation/validate.d.ts'. ========
Explicitly specified module resolution kind: 'Node10'.
Loading module as file / folder, candidate module location 'd:/DOPAMS/Toystack/dopams-backend-staging/node_modules/graphql/error/GraphQLError', target file types: TypeScript, Declaration.
File 'd:/DOPAMS/Toystack/dopams-backend-staging/node_modules/graphql/error/GraphQLError.ts' does not exist.
File 'd:/DOPAMS/Toystack/dopams-backend-staging/node_modules/graphql/error/GraphQLError.tsx' does not exist.
File 'd:/DOPAMS/Toystack/dopams-backend-staging/node_modules/graphql/error/GraphQLError.d.ts' exists - use it as a name resolution result.
File 'd:/DOPAMS/Toystack/dopams-backend-staging/node_modules/graphql/package.json' exists according to earlier cached lookups.
======== Module name '../error/GraphQLError' was successfully resolved to 'd:/DOPAMS/Toystack/dopams-backend-staging/node_modules/graphql/error/GraphQLError.d.ts' with Package ID 'graphql/error/GraphQLError.d.ts@16.12.0'. ========
======== Resolving module '../language/ast' from 'd:/DOPAMS/Toystack/dopams-backend-staging/node_modules/graphql/validation/validate.d.ts'. ========
Explicitly specified module resolution kind: 'Node10'.
Loading module as file / folder, candidate module location 'd:/DOPAMS/Toystack/dopams-backend-staging/node_modules/graphql/language/ast', target file types: TypeScript, Declaration.
File 'd:/DOPAMS/Toystack/dopams-backend-staging/node_modules/graphql/language/ast.ts' does not exist.
File 'd:/DOPAMS/Toystack/dopams-backend-staging/node_modules/graphql/language/ast.tsx' does not exist.
File 'd:/DOPAMS/Toystack/dopams-backend-staging/node_modules/graphql/language/ast.d.ts' exists - use it as a name resolution result.
File 'd:/DOPAMS/Toystack/dopams-backend-staging/node_modules/graphql/package.json' exists according to earlier cached lookups.
======== Module name '../language/ast' was successfully resolved to 'd:/DOPAMS/Toystack/dopams-backend-staging/node_modules/graphql/language/ast.d.ts' with Package ID 'graphql/language/ast.d.ts@16.12.0'. ========
======== Resolving module '../type/schema' from 'd:/DOPAMS/Toystack/dopams-backend-staging/node_modules/graphql/validation/validate.d.ts'. ========
Explicitly specified module resolution kind: 'Node10'.
Loading module as file / folder, candidate module location 'd:/DOPAMS/Toystack/dopams-backend-staging/node_modules/graphql/type/schema', target file types: TypeScript, Declaration.
File 'd:/DOPAMS/Toystack/dopams-backend-staging/node_modules/graphql/type/schema.ts' does not exist.
File 'd:/DOPAMS/Toystack/dopams-backend-staging/node_modules/graphql/type/schema.tsx' does not exist.
File 'd:/DOPAMS/Toystack/dopams-backend-staging/node_modules/graphql/type/schema.d.ts' exists - use it as a name resolution result.
File 'd:/DOPAMS/Toystack/dopams-backend-staging/node_modules/graphql/package.json' exists according to earlier cached lookups.
======== Module name '../type/schema' was successfully resolved to 'd:/DOPAMS/Toystack/dopams-backend-staging/node_modules/graphql/type/schema.d.ts' with Package ID 'graphql/type/schema.d.ts@16.12.0'. ========
======== Resolving module '../utilities/TypeInfo' from 'd:/DOPAMS/Toystack/dopams-backend-staging/node_modules/graphql/validation/validate.d.ts'. ========
Explicitly specified module resolution kind: 'Node10'.
Loading module as file / folder, candidate module location 'd:/DOPAMS/Toystack/dopams-backend-staging/node_modules/graphql/utilities/TypeInfo', target file types: TypeScript, Declaration.
File 'd:/DOPAMS/Toystack/dopams-backend-staging/node_modules/graphql/utilities/TypeInfo.ts' does not exist.
File 'd:/DOPAMS/Toystack/dopams-backend-staging/node_modules/graphql/utilities/TypeInfo.tsx' does not exist.
File 'd:/DOPAMS/Toystack/dopams-backend-staging/node_modules/graphql/utilities/TypeInfo.d.ts' exists - use it as a name resolution result.
File 'd:/DOPAMS/Toystack/dopams-backend-staging/node_modules/graphql/package.json' exists according to earlier cached lookups.
======== Module name '../utilities/TypeInfo' was successfully resolved to 'd:/DOPAMS/Toystack/dopams-backend-staging/node_modules/graphql/utilities/TypeInfo.d.ts' with Package ID 'graphql/utilities/TypeInfo.d.ts@16.12.0'. ========
======== Resolving module './ValidationContext' from 'd:/DOPAMS/Toystack/dopams-backend-staging/node_modules/graphql/validation/validate.d.ts'. ========
Resolution for module './ValidationContext' was found in cache from location 'd:/DOPAMS/Toystack/dopams-backend-staging/node_modules/graphql/validation'.
======== Module name './ValidationContext' was successfully resolved to 'd:/DOPAMS/Toystack/dopams-backend-staging/node_modules/graphql/validation/ValidationContext.d.ts' with Package ID 'graphql/validation/ValidationContext.d.ts@16.12.0'. ========
File 'd:/DOPAMS/Toystack/dopams-backend-staging/node_modules/graphql/utilities/package.json' does not exist.
File 'd:/DOPAMS/Toystack/dopams-backend-staging/node_modules/graphql/package.json' exists according to earlier cached lookups.
======== Resolving module '../jsutils/Maybe' from 'd:/DOPAMS/Toystack/dopams-backend-staging/node_modules/graphql/utilities/TypeInfo.d.ts'. ========
Explicitly specified module resolution kind: 'Node10'.
Loading module as file / folder, candidate module location 'd:/DOPAMS/Toystack/dopams-backend-staging/node_modules/graphql/jsutils/Maybe', target file types: TypeScript, Declaration.
File 'd:/DOPAMS/Toystack/dopams-backend-staging/node_modules/graphql/jsutils/Maybe.ts' does not exist.
File 'd:/DOPAMS/Toystack/dopams-backend-staging/node_modules/graphql/jsutils/Maybe.tsx' does not exist.
File 'd:/DOPAMS/Toystack/dopams-backend-staging/node_modules/graphql/jsutils/Maybe.d.ts' exists - use it as a name resolution result.
File 'd:/DOPAMS/Toystack/dopams-backend-staging/node_modules/graphql/package.json' exists according to earlier cached lookups.
======== Module name '../jsutils/Maybe' was successfully resolved to 'd:/DOPAMS/Toystack/dopams-backend-staging/node_modules/graphql/jsutils/Maybe.d.ts' with Package ID 'graphql/jsutils/Maybe.d.ts@16.12.0'. ========
======== Resolving module '../language/ast' from 'd:/DOPAMS/Toystack/dopams-backend-staging/node_modules/graphql/utilities/TypeInfo.d.ts'. ========
Explicitly specified module resolution kind: 'Node10'.
Loading module as file / folder, candidate module location 'd:/DOPAMS/Toystack/dopams-backend-staging/node_modules/graphql/language/ast', target file types: TypeScript, Declaration.
File 'd:/DOPAMS/Toystack/dopams-backend-staging/node_modules/graphql/language/ast.ts' does not exist.
File 'd:/DOPAMS/Toystack/dopams-backend-staging/node_modules/graphql/language/ast.tsx' does not exist.
File 'd:/DOPAMS/Toystack/dopams-backend-staging/node_modules/graphql/language/ast.d.ts' exists - use it as a name resolution result.
File 'd:/DOPAMS/Toystack/dopams-backend-staging/node_modules/graphql/package.json' exists according to earlier cached lookups.
======== Module name '../language/ast' was successfully resolved to 'd:/DOPAMS/Toystack/dopams-backend-staging/node_modules/graphql/language/ast.d.ts' with Package ID 'graphql/language/ast.d.ts@16.12.0'. ========
======== Resolving module '../language/visitor' from 'd:/DOPAMS/Toystack/dopams-backend-staging/node_modules/graphql/utilities/TypeInfo.d.ts'. ========
Explicitly specified module resolution kind: 'Node10'.
Loading module as file / folder, candidate module location 'd:/DOPAMS/Toystack/dopams-backend-staging/node_modules/graphql/language/visitor', target file types: TypeScript, Declaration.
File 'd:/DOPAMS/Toystack/dopams-backend-staging/node_modules/graphql/language/visitor.ts' does not exist.
File 'd:/DOPAMS/Toystack/dopams-backend-staging/node_modules/graphql/language/visitor.tsx' does not exist.
File 'd:/DOPAMS/Toystack/dopams-backend-staging/node_modules/graphql/language/visitor.d.ts' exists - use it as a name resolution result.
File 'd:/DOPAMS/Toystack/dopams-backend-staging/node_modules/graphql/package.json' exists according to earlier cached lookups.
======== Module name '../language/visitor' was successfully resolved to 'd:/DOPAMS/Toystack/dopams-backend-staging/node_modules/graphql/language/visitor.d.ts' with Package ID 'graphql/language/visitor.d.ts@16.12.0'. ========
======== Resolving module '../type/definition' from 'd:/DOPAMS/Toystack/dopams-backend-staging/node_modules/graphql/utilities/TypeInfo.d.ts'. ========
Explicitly specified module resolution kind: 'Node10'.
Loading module as file / folder, candidate module location 'd:/DOPAMS/Toystack/dopams-backend-staging/node_modules/graphql/type/definition', target file types: TypeScript, Declaration.
File 'd:/DOPAMS/Toystack/dopams-backend-staging/node_modules/graphql/type/definition.ts' does not exist.
File 'd:/DOPAMS/Toystack/dopams-backend-staging/node_modules/graphql/type/definition.tsx' does not exist.
File 'd:/DOPAMS/Toystack/dopams-backend-staging/node_modules/graphql/type/definition.d.ts' exists - use it as a name resolution result.
File 'd:/DOPAMS/Toystack/dopams-backend-staging/node_modules/graphql/package.json' exists according to earlier cached lookups.
======== Module name '../type/definition' was successfully resolved to 'd:/DOPAMS/Toystack/dopams-backend-staging/node_modules/graphql/type/definition.d.ts' with Package ID 'graphql/type/definition.d.ts@16.12.0'. ========
======== Resolving module '../type/directives' from 'd:/DOPAMS/Toystack/dopams-backend-staging/node_modules/graphql/utilities/TypeInfo.d.ts'. ========
Explicitly specified module resolution kind: 'Node10'.
Loading module as file / folder, candidate module location 'd:/DOPAMS/Toystack/dopams-backend-staging/node_modules/graphql/type/directives', target file types: TypeScript, Declaration.
File 'd:/DOPAMS/Toystack/dopams-backend-staging/node_modules/graphql/type/directives.ts' does not exist.
File 'd:/DOPAMS/Toystack/dopams-backend-staging/node_modules/graphql/type/directives.tsx' does not exist.
File 'd:/DOPAMS/Toystack/dopams-backend-staging/node_modules/graphql/type/directives.d.ts' exists - use it as a name resolution result.
File 'd:/DOPAMS/Toystack/dopams-backend-staging/node_modules/graphql/package.json' exists according to earlier cached lookups.
======== Module name '../type/directives' was successfully resolved to 'd:/DOPAMS/Toystack/dopams-backend-staging/node_modules/graphql/type/directives.d.ts' with Package ID 'graphql/type/directives.d.ts@16.12.0'. ========
======== Resolving module '../type/schema' from 'd:/DOPAMS/Toystack/dopams-backend-staging/node_modules/graphql/utilities/TypeInfo.d.ts'. ========
Explicitly specified module resolution kind: 'Node10'.
Loading module as file / folder, candidate module location 'd:/DOPAMS/Toystack/dopams-backend-staging/node_modules/graphql/type/schema', target file types: TypeScript, Declaration.
File 'd:/DOPAMS/Toystack/dopams-backend-staging/node_modules/graphql/type/schema.ts' does not exist.
File 'd:/DOPAMS/Toystack/dopams-backend-staging/node_modules/graphql/type/schema.tsx' does not exist.
File 'd:/DOPAMS/Toystack/dopams-backend-staging/node_modules/graphql/type/schema.d.ts' exists - use it as a name resolution result.
File 'd:/DOPAMS/Toystack/dopams-backend-staging/node_modules/graphql/package.json' exists according to earlier cached lookups.
======== Module name '../type/schema' was successfully resolved to 'd:/DOPAMS/Toystack/dopams-backend-staging/node_modules/graphql/type/schema.d.ts' with Package ID 'graphql/type/schema.d.ts@16.12.0'. ========
File 'd:/DOPAMS/Toystack/dopams-backend-staging/node_modules/graphql/validation/package.json' does not exist according to earlier cached lookups.
File 'd:/DOPAMS/Toystack/dopams-backend-staging/node_modules/graphql/package.json' exists according to earlier cached lookups.
======== Resolving module '../jsutils/Maybe' from 'd:/DOPAMS/Toystack/dopams-backend-staging/node_modules/graphql/validation/ValidationContext.d.ts'. ========
Resolution for module '../jsutils/Maybe' was found in cache from location 'd:/DOPAMS/Toystack/dopams-backend-staging/node_modules/graphql/validation'.
======== Module name '../jsutils/Maybe' was successfully resolved to 'd:/DOPAMS/Toystack/dopams-backend-staging/node_modules/graphql/jsutils/Maybe.d.ts' with Package ID 'graphql/jsutils/Maybe.d.ts@16.12.0'. ========
======== Resolving module '../error/GraphQLError' from 'd:/DOPAMS/Toystack/dopams-backend-staging/node_modules/graphql/validation/ValidationContext.d.ts'. ========
Resolution for module '../error/GraphQLError' was found in cache from location 'd:/DOPAMS/Toystack/dopams-backend-staging/node_modules/graphql/validation'.
======== Module name '../error/GraphQLError' was successfully resolved to 'd:/DOPAMS/Toystack/dopams-backend-staging/node_modules/graphql/error/GraphQLError.d.ts' with Package ID 'graphql/error/GraphQLError.d.ts@16.12.0'. ========
======== Resolving module '../language/ast' from 'd:/DOPAMS/Toystack/dopams-backend-staging/node_modules/graphql/validation/ValidationContext.d.ts'. ========
Resolution for module '../language/ast' was found in cache from location 'd:/DOPAMS/Toystack/dopams-backend-staging/node_modules/graphql/validation'.
======== Module name '../language/ast' was successfully resolved to 'd:/DOPAMS/Toystack/dopams-backend-staging/node_modules/graphql/language/ast.d.ts' with Package ID 'graphql/language/ast.d.ts@16.12.0'. ========
======== Resolving module '../language/visitor' from 'd:/DOPAMS/Toystack/dopams-backend-staging/node_modules/graphql/validation/ValidationContext.d.ts'. ========
Explicitly specified module resolution kind: 'Node10'.
Loading module as file / folder, candidate module location 'd:/DOPAMS/Toystack/dopams-backend-staging/node_modules/graphql/language/visitor', target file types: TypeScript, Declaration.
File 'd:/DOPAMS/Toystack/dopams-backend-staging/node_modules/graphql/language/visitor.ts' does not exist.
File 'd:/DOPAMS/Toystack/dopams-backend-staging/node_modules/graphql/language/visitor.tsx' does not exist.
File 'd:/DOPAMS/Toystack/dopams-backend-staging/node_modules/graphql/language/visitor.d.ts' exists - use it as a name resolution result.
File 'd:/DOPAMS/Toystack/dopams-backend-staging/node_modules/graphql/package.json' exists according to earlier cached lookups.
======== Module name '../language/visitor' was successfully resolved to 'd:/DOPAMS/Toystack/dopams-backend-staging/node_modules/graphql/language/visitor.d.ts' with Package ID 'graphql/language/visitor.d.ts@16.12.0'. ========
======== Resolving module '../type/definition' from 'd:/DOPAMS/Toystack/dopams-backend-staging/node_modules/graphql/validation/ValidationContext.d.ts'. ========
Explicitly specified module resolution kind: 'Node10'.
Loading module as file / folder, candidate module location 'd:/DOPAMS/Toystack/dopams-backend-staging/node_modules/graphql/type/definition', target file types: TypeScript, Declaration.
File 'd:/DOPAMS/Toystack/dopams-backend-staging/node_modules/graphql/type/definition.ts' does not exist.
File 'd:/DOPAMS/Toystack/dopams-backend-staging/node_modules/graphql/type/definition.tsx' does not exist.
File 'd:/DOPAMS/Toystack/dopams-backend-staging/node_modules/graphql/type/definition.d.ts' exists - use it as a name resolution result.
File 'd:/DOPAMS/Toystack/dopams-backend-staging/node_modules/graphql/package.json' exists according to earlier cached lookups.
======== Module name '../type/definition' was successfully resolved to 'd:/DOPAMS/Toystack/dopams-backend-staging/node_modules/graphql/type/definition.d.ts' with Package ID 'graphql/type/definition.d.ts@16.12.0'. ========
======== Resolving module '../type/directives' from 'd:/DOPAMS/Toystack/dopams-backend-staging/node_modules/graphql/validation/ValidationContext.d.ts'. ========
Explicitly specified module resolution kind: 'Node10'.
Loading module as file / folder, candidate module location 'd:/DOPAMS/Toystack/dopams-backend-staging/node_modules/graphql/type/directives', target file types: TypeScript, Declaration.
File 'd:/DOPAMS/Toystack/dopams-backend-staging/node_modules/graphql/type/directives.ts' does not exist.
File 'd:/DOPAMS/Toystack/dopams-backend-staging/node_modules/graphql/type/directives.tsx' does not exist.
File 'd:/DOPAMS/Toystack/dopams-backend-staging/node_modules/graphql/type/directives.d.ts' exists - use it as a name resolution result.
File 'd:/DOPAMS/Toystack/dopams-backend-staging/node_modules/graphql/package.json' exists according to earlier cached lookups.
======== Module name '../type/directives' was successfully resolved to 'd:/DOPAMS/Toystack/dopams-backend-staging/node_modules/graphql/type/directives.d.ts' with Package ID 'graphql/type/directives.d.ts@16.12.0'. ========
======== Resolving module '../type/schema' from 'd:/DOPAMS/Toystack/dopams-backend-staging/node_modules/graphql/validation/ValidationContext.d.ts'. ========
Resolution for module '../type/schema' was found in cache from location 'd:/DOPAMS/Toystack/dopams-backend-staging/node_modules/graphql/validation'.
======== Module name '../type/schema' was successfully resolved to 'd:/DOPAMS/Toystack/dopams-backend-staging/node_modules/graphql/type/schema.d.ts' with Package ID 'graphql/type/schema.d.ts@16.12.0'. ========
======== Resolving module '../utilities/TypeInfo' from 'd:/DOPAMS/Toystack/dopams-backend-staging/node_modules/graphql/validation/ValidationContext.d.ts'. ========
Resolution for module '../utilities/TypeInfo' was found in cache from location 'd:/DOPAMS/Toystack/dopams-backend-staging/node_modules/graphql/validation'.
======== Module name '../utilities/TypeInfo' was successfully resolved to 'd:/DOPAMS/Toystack/dopams-backend-staging/node_modules/graphql/utilities/TypeInfo.d.ts' with Package ID 'graphql/utilities/TypeInfo.d.ts@16.12.0'. ========
File 'd:/DOPAMS/Toystack/dopams-backend-staging/node_modules/graphql/validation/package.json' does not exist according to earlier cached lookups.
File 'd:/DOPAMS/Toystack/dopams-backend-staging/node_modules/graphql/package.json' exists according to earlier cached lookups.
======== Resolving module './rules/MaxIntrospectionDepthRule' from 'd:/DOPAMS/Toystack/dopams-backend-staging/node_modules/graphql/validation/specifiedRules.d.ts'. ========
Resolution for module './rules/MaxIntrospectionDepthRule' was found in cache from location 'd:/DOPAMS/Toystack/dopams-backend-staging/node_modules/graphql/validation'.
======== Module name './rules/MaxIntrospectionDepthRule' was successfully resolved to 'd:/DOPAMS/Toystack/dopams-backend-staging/node_modules/graphql/validation/rules/MaxIntrospectionDepthRule.d.ts' with Package ID 'graphql/validation/rules/MaxIntrospectionDepthRule.d.ts@16.12.0'. ========
======== Resolving module './ValidationContext' from 'd:/DOPAMS/Toystack/dopams-backend-staging/node_modules/graphql/validation/specifiedRules.d.ts'. ========
Resolution for module './ValidationContext' was found in cache from location 'd:/DOPAMS/Toystack/dopams-backend-staging/node_modules/graphql/validation'.
======== Module name './ValidationContext' was successfully resolved to 'd:/DOPAMS/Toystack/dopams-backend-staging/node_modules/graphql/validation/ValidationContext.d.ts' with Package ID 'graphql/validation/ValidationContext.d.ts@16.12.0'. ========
File 'd:/DOPAMS/Toystack/dopams-backend-staging/node_modules/graphql/validation/rules/package.json' does not exist.
File 'd:/DOPAMS/Toystack/dopams-backend-staging/node_modules/graphql/validation/package.json' does not exist according to earlier cached lookups.
File 'd:/DOPAMS/Toystack/dopams-backend-staging/node_modules/graphql/package.json' exists according to earlier cached lookups.
======== Resolving module '../../language/visitor' from 'd:/DOPAMS/Toystack/dopams-backend-staging/node_modules/graphql/validation/rules/MaxIntrospectionDepthRule.d.ts'. ========
Explicitly specified module resolution kind: 'Node10'.
Loading module as file / folder, candidate module location 'd:/DOPAMS/Toystack/dopams-backend-staging/node_modules/graphql/language/visitor', target file types: TypeScript, Declaration.
File 'd:/DOPAMS/Toystack/dopams-backend-staging/node_modules/graphql/language/visitor.ts' does not exist.
File 'd:/DOPAMS/Toystack/dopams-backend-staging/node_modules/graphql/language/visitor.tsx' does not exist.
File 'd:/DOPAMS/Toystack/dopams-backend-staging/node_modules/graphql/language/visitor.d.ts' exists - use it as a name resolution result.
File 'd:/DOPAMS/Toystack/dopams-backend-staging/node_modules/graphql/package.json' exists according to earlier cached lookups.
======== Module name '../../language/visitor' was successfully resolved to 'd:/DOPAMS/Toystack/dopams-backend-staging/node_modules/graphql/language/visitor.d.ts' with Package ID 'graphql/language/visitor.d.ts@16.12.0'. ========
======== Resolving module '../ValidationContext' from 'd:/DOPAMS/Toystack/dopams-backend-staging/node_modules/graphql/validation/rules/MaxIntrospectionDepthRule.d.ts'. ========
Explicitly specified module resolution kind: 'Node10'.
Loading module as file / folder, candidate module location 'd:/DOPAMS/Toystack/dopams-backend-staging/node_modules/graphql/validation/ValidationContext', target file types: TypeScript, Declaration.
File 'd:/DOPAMS/Toystack/dopams-backend-staging/node_modules/graphql/validation/ValidationContext.ts' does not exist.
File 'd:/DOPAMS/Toystack/dopams-backend-staging/node_modules/graphql/validation/ValidationContext.tsx' does not exist.
File 'd:/DOPAMS/Toystack/dopams-backend-staging/node_modules/graphql/validation/ValidationContext.d.ts' exists - use it as a name resolution result.
File 'd:/DOPAMS/Toystack/dopams-backend-staging/node_modules/graphql/package.json' exists according to earlier cached lookups.
======== Module name '../ValidationContext' was successfully resolved to 'd:/DOPAMS/Toystack/dopams-backend-staging/node_modules/graphql/validation/ValidationContext.d.ts' with Package ID 'graphql/validation/ValidationContext.d.ts@16.12.0'. ========
File 'd:/DOPAMS/Toystack/dopams-backend-staging/node_modules/graphql/validation/rules/package.json' does not exist according to earlier cached lookups.
File 'd:/DOPAMS/Toystack/dopams-backend-staging/node_modules/graphql/validation/package.json' does not exist according to earlier cached lookups.
File 'd:/DOPAMS/Toystack/dopams-backend-staging/node_modules/graphql/package.json' exists according to earlier cached lookups.
======== Resolving module '../../language/visitor' from 'd:/DOPAMS/Toystack/dopams-backend-staging/node_modules/graphql/validation/rules/ExecutableDefinitionsRule.d.ts'. ========
Resolution for module '../../language/visitor' was found in cache from location 'd:/DOPAMS/Toystack/dopams-backend-staging/node_modules/graphql/validation/rules'.
======== Module name '../../language/visitor' was successfully resolved to 'd:/DOPAMS/Toystack/dopams-backend-staging/node_modules/graphql/language/visitor.d.ts' with Package ID 'graphql/language/visitor.d.ts@16.12.0'. ========
======== Resolving module '../ValidationContext' from 'd:/DOPAMS/Toystack/dopams-backend-staging/node_modules/graphql/validation/rules/ExecutableDefinitionsRule.d.ts'. ========
Resolution for module '../ValidationContext' was found in cache from location 'd:/DOPAMS/Toystack/dopams-backend-staging/node_modules/graphql/validation/rules'.
======== Module name '../ValidationContext' was successfully resolved to 'd:/DOPAMS/Toystack/dopams-backend-staging/node_modules/graphql/validation/ValidationContext.d.ts' with Package ID 'graphql/validation/ValidationContext.d.ts@16.12.0'. ========
File 'd:/DOPAMS/Toystack/dopams-backend-staging/node_modules/graphql/validation/rules/package.json' does not exist according to earlier cached lookups.
File 'd:/DOPAMS/Toystack/dopams-backend-staging/node_modules/graphql/validation/package.json' does not exist according to earlier cached lookups.
File 'd:/DOPAMS/Toystack/dopams-backend-staging/node_modules/graphql/package.json' exists according to earlier cached lookups.
======== Resolving module '../../language/visitor' from 'd:/DOPAMS/Toystack/dopams-backend-staging/node_modules/graphql/validation/rules/FieldsOnCorrectTypeRule.d.ts'. ========
Resolution for module '../../language/visitor' was found in cache from location 'd:/DOPAMS/Toystack/dopams-backend-staging/node_modules/graphql/validation/rules'.
======== Module name '../../language/visitor' was successfully resolved to 'd:/DOPAMS/Toystack/dopams-backend-staging/node_modules/graphql/language/visitor.d.ts' with Package ID 'graphql/language/visitor.d.ts@16.12.0'. ========
======== Resolving module '../ValidationContext' from 'd:/DOPAMS/Toystack/dopams-backend-staging/node_modules/graphql/validation/rules/FieldsOnCorrectTypeRule.d.ts'. ========
Resolution for module '../ValidationContext' was found in cache from location 'd:/DOPAMS/Toystack/dopams-backend-staging/node_modules/graphql/validation/rules'.
======== Module name '../ValidationContext' was successfully resolved to 'd:/DOPAMS/Toystack/dopams-backend-staging/node_modules/graphql/validation/ValidationContext.d.ts' with Package ID 'graphql/validation/ValidationContext.d.ts@16.12.0'. ========
File 'd:/DOPAMS/Toystack/dopams-backend-staging/node_modules/graphql/validation/rules/package.json' does not exist according to earlier cached lookups.
File 'd:/DOPAMS/Toystack/dopams-backend-staging/node_modules/graphql/validation/package.json' does not exist according to earlier cached lookups.
File 'd:/DOPAMS/Toystack/dopams-backend-staging/node_modules/graphql/package.json' exists according to earlier cached lookups.
======== Resolving module '../../language/visitor' from 'd:/DOPAMS/Toystack/dopams-backend-staging/node_modules/graphql/validation/rules/FragmentsOnCompositeTypesRule.d.ts'. ========
Resolution for module '../../language/visitor' was found in cache from location 'd:/DOPAMS/Toystack/dopams-backend-staging/node_modules/graphql/validation/rules'.
======== Module name '../../language/visitor' was successfully resolved to 'd:/DOPAMS/Toystack/dopams-backend-staging/node_modules/graphql/language/visitor.d.ts' with Package ID 'graphql/language/visitor.d.ts@16.12.0'. ========
======== Resolving module '../ValidationContext' from 'd:/DOPAMS/Toystack/dopams-backend-staging/node_modules/graphql/validation/rules/FragmentsOnCompositeTypesRule.d.ts'. ========
Resolution for module '../ValidationContext' was found in cache from location 'd:/DOPAMS/Toystack/dopams-backend-staging/node_modules/graphql/validation/rules'.
======== Module name '../ValidationContext' was successfully resolved to 'd:/DOPAMS/Toystack/dopams-backend-staging/node_modules/graphql/validation/ValidationContext.d.ts' with Package ID 'graphql/validation/ValidationContext.d.ts@16.12.0'. ========
File 'd:/DOPAMS/Toystack/dopams-backend-staging/node_modules/graphql/validation/rules/package.json' does not exist according to earlier cached lookups.
File 'd:/DOPAMS/Toystack/dopams-backend-staging/node_modules/graphql/validation/package.json' does not exist according to earlier cached lookups.
File 'd:/DOPAMS/Toystack/dopams-backend-staging/node_modules/graphql/package.json' exists according to earlier cached lookups.
======== Resolving module '../../language/visitor' from 'd:/DOPAMS/Toystack/dopams-backend-staging/node_modules/graphql/validation/rules/KnownArgumentNamesRule.d.ts'. ========
Resolution for module '../../language/visitor' was found in cache from location 'd:/DOPAMS/Toystack/dopams-backend-staging/node_modules/graphql/validation/rules'.
======== Module name '../../language/visitor' was successfully resolved to 'd:/DOPAMS/Toystack/dopams-backend-staging/node_modules/graphql/language/visitor.d.ts' with Package ID 'graphql/language/visitor.d.ts@16.12.0'. ========
======== Resolving module '../ValidationContext' from 'd:/DOPAMS/Toystack/dopams-backend-staging/node_modules/graphql/validation/rules/KnownArgumentNamesRule.d.ts'. ========
Resolution for module '../ValidationContext' was found in cache from location 'd:/DOPAMS/Toystack/dopams-backend-staging/node_modules/graphql/validation/rules'.
======== Module name '../ValidationContext' was successfully resolved to 'd:/DOPAMS/Toystack/dopams-backend-staging/node_modules/graphql/validation/ValidationContext.d.ts' with Package ID 'graphql/validation/ValidationContext.d.ts@16.12.0'. ========
File 'd:/DOPAMS/Toystack/dopams-backend-staging/node_modules/graphql/validation/rules/package.json' does not exist according to earlier cached lookups.
File 'd:/DOPAMS/Toystack/dopams-backend-staging/node_modules/graphql/validation/package.json' does not exist according to earlier cached lookups.
File 'd:/DOPAMS/Toystack/dopams-backend-staging/node_modules/graphql/package.json' exists according to earlier cached lookups.
======== Resolving module '../../language/visitor' from 'd:/DOPAMS/Toystack/dopams-backend-staging/node_modules/graphql/validation/rules/KnownDirectivesRule.d.ts'. ========
Resolution for module '../../language/visitor' was found in cache from location 'd:/DOPAMS/Toystack/dopams-backend-staging/node_modules/graphql/validation/rules'.
======== Module name '../../language/visitor' was successfully resolved to 'd:/DOPAMS/Toystack/dopams-backend-staging/node_modules/graphql/language/visitor.d.ts' with Package ID 'graphql/language/visitor.d.ts@16.12.0'. ========
======== Resolving module '../ValidationContext' from 'd:/DOPAMS/Toystack/dopams-backend-staging/node_modules/graphql/validation/rules/KnownDirectivesRule.d.ts'. ========
Resolution for module '../ValidationContext' was found in cache from location 'd:/DOPAMS/Toystack/dopams-backend-staging/node_modules/graphql/validation/rules'.
======== Module name '../ValidationContext' was successfully resolved to 'd:/DOPAMS/Toystack/dopams-backend-staging/node_modules/graphql/validation/ValidationContext.d.ts' with Package ID 'graphql/validation/ValidationContext.d.ts@16.12.0'. ========
File 'd:/DOPAMS/Toystack/dopams-backend-staging/node_modules/graphql/validation/rules/package.json' does not exist according to earlier cached lookups.
File 'd:/DOPAMS/Toystack/dopams-backend-staging/node_modules/graphql/validation/package.json' does not exist according to earlier cached lookups.
File 'd:/DOPAMS/Toystack/dopams-backend-staging/node_modules/graphql/package.json' exists according to earlier cached lookups.
======== Resolving module '../../language/visitor' from 'd:/DOPAMS/Toystack/dopams-backend-staging/node_modules/graphql/validation/rules/KnownFragmentNamesRule.d.ts'. ========
Resolution for module '../../language/visitor' was found in cache from location 'd:/DOPAMS/Toystack/dopams-backend-staging/node_modules/graphql/validation/rules'.
======== Module name '../../language/visitor' was successfully resolved to 'd:/DOPAMS/Toystack/dopams-backend-staging/node_modules/graphql/language/visitor.d.ts' with Package ID 'graphql/language/visitor.d.ts@16.12.0'. ========
======== Resolving module '../ValidationContext' from 'd:/DOPAMS/Toystack/dopams-backend-staging/node_modules/graphql/validation/rules/KnownFragmentNamesRule.d.ts'. ========
Resolution for module '../ValidationContext' was found in cache from location 'd:/DOPAMS/Toystack/dopams-backend-staging/node_modules/graphql/validation/rules'.
======== Module name '../ValidationContext' was successfully resolved to 'd:/DOPAMS/Toystack/dopams-backend-staging/node_modules/graphql/validation/ValidationContext.d.ts' with Package ID 'graphql/validation/ValidationContext.d.ts@16.12.0'. ========
File 'd:/DOPAMS/Toystack/dopams-backend-staging/node_modules/graphql/validation/rules/package.json' does not exist according to earlier cached lookups.
File 'd:/DOPAMS/Toystack/dopams-backend-staging/node_modules/graphql/validation/package.json' does not exist according to earlier cached lookups.
File 'd:/DOPAMS/Toystack/dopams-backend-staging/node_modules/graphql/package.json' exists according to earlier cached lookups.
======== Resolving module '../../language/visitor' from 'd:/DOPAMS/Toystack/dopams-backend-staging/node_modules/graphql/validation/rules/KnownTypeNamesRule.d.ts'. ========
Resolution for module '../../language/visitor' was found in cache from location 'd:/DOPAMS/Toystack/dopams-backend-staging/node_modules/graphql/validation/rules'.
======== Module name '../../language/visitor' was successfully resolved to 'd:/DOPAMS/Toystack/dopams-backend-staging/node_modules/graphql/language/visitor.d.ts' with Package ID 'graphql/language/visitor.d.ts@16.12.0'. ========
======== Resolving module '../ValidationContext' from 'd:/DOPAMS/Toystack/dopams-backend-staging/node_modules/graphql/validation/rules/KnownTypeNamesRule.d.ts'. ========
Resolution for module '../ValidationContext' was found in cache from location 'd:/DOPAMS/Toystack/dopams-backend-staging/node_modules/graphql/validation/rules'.
======== Module name '../ValidationContext' was successfully resolved to 'd:/DOPAMS/Toystack/dopams-backend-staging/node_modules/graphql/validation/ValidationContext.d.ts' with Package ID 'graphql/validation/ValidationContext.d.ts@16.12.0'. ========
File 'd:/DOPAMS/Toystack/dopams-backend-staging/node_modules/graphql/validation/rules/package.json' does not exist according to earlier cached lookups.
File 'd:/DOPAMS/Toystack/dopams-backend-staging/node_modules/graphql/validation/package.json' does not exist according to earlier cached lookups.
File 'd:/DOPAMS/Toystack/dopams-backend-staging/node_modules/graphql/package.json' exists according to earlier cached lookups.
======== Resolving module '../../language/visitor' from 'd:/DOPAMS/Toystack/dopams-backend-staging/node_modules/graphql/validation/rules/LoneAnonymousOperationRule.d.ts'. ========
Resolution for module '../../language/visitor' was found in cache from location 'd:/DOPAMS/Toystack/dopams-backend-staging/node_modules/graphql/validation/rules'.
======== Module name '../../language/visitor' was successfully resolved to 'd:/DOPAMS/Toystack/dopams-backend-staging/node_modules/graphql/language/visitor.d.ts' with Package ID 'graphql/language/visitor.d.ts@16.12.0'. ========
======== Resolving module '../ValidationContext' from 'd:/DOPAMS/Toystack/dopams-backend-staging/node_modules/graphql/validation/rules/LoneAnonymousOperationRule.d.ts'. ========
Resolution for module '../ValidationContext' was found in cache from location 'd:/DOPAMS/Toystack/dopams-backend-staging/node_modules/graphql/validation/rules'.
======== Module name '../ValidationContext' was successfully resolved to 'd:/DOPAMS/Toystack/dopams-backend-staging/node_modules/graphql/validation/ValidationContext.d.ts' with Package ID 'graphql/validation/ValidationContext.d.ts@16.12.0'. ========
File 'd:/DOPAMS/Toystack/dopams-backend-staging/node_modules/graphql/validation/rules/package.json' does not exist according to earlier cached lookups.
File 'd:/DOPAMS/Toystack/dopams-backend-staging/node_modules/graphql/validation/package.json' does not exist according to earlier cached lookups.
File 'd:/DOPAMS/Toystack/dopams-backend-staging/node_modules/graphql/package.json' exists according to earlier cached lookups.
======== Resolving module '../../language/visitor' from 'd:/DOPAMS/Toystack/dopams-backend-staging/node_modules/graphql/validation/rules/NoFragmentCyclesRule.d.ts'. ========
Resolution for module '../../language/visitor' was found in cache from location 'd:/DOPAMS/Toystack/dopams-backend-staging/node_modules/graphql/validation/rules'.
======== Module name '../../language/visitor' was successfully resolved to 'd:/DOPAMS/Toystack/dopams-backend-staging/node_modules/graphql/language/visitor.d.ts' with Package ID 'graphql/language/visitor.d.ts@16.12.0'. ========
======== Resolving module '../ValidationContext' from 'd:/DOPAMS/Toystack/dopams-backend-staging/node_modules/graphql/validation/rules/NoFragmentCyclesRule.d.ts'. ========
Resolution for module '../ValidationContext' was found in cache from location 'd:/DOPAMS/Toystack/dopams-backend-staging/node_modules/graphql/validation/rules'.
======== Module name '../ValidationContext' was successfully resolved to 'd:/DOPAMS/Toystack/dopams-backend-staging/node_modules/graphql/validation/ValidationContext.d.ts' with Package ID 'graphql/validation/ValidationContext.d.ts@16.12.0'. ========
File 'd:/DOPAMS/Toystack/dopams-backend-staging/node_modules/graphql/validation/rules/package.json' does not exist according to earlier cached lookups.
File 'd:/DOPAMS/Toystack/dopams-backend-staging/node_modules/graphql/validation/package.json' does not exist according to earlier cached lookups.
File 'd:/DOPAMS/Toystack/dopams-backend-staging/node_modules/graphql/package.json' exists according to earlier cached lookups.
======== Resolving module '../../language/visitor' from 'd:/DOPAMS/Toystack/dopams-backend-staging/node_modules/graphql/validation/rules/NoUndefinedVariablesRule.d.ts'. ========
Resolution for module '../../language/visitor' was found in cache from location 'd:/DOPAMS/Toystack/dopams-backend-staging/node_modules/graphql/validation/rules'.
======== Module name '../../language/visitor' was successfully resolved to 'd:/DOPAMS/Toystack/dopams-backend-staging/node_modules/graphql/language/visitor.d.ts' with Package ID 'graphql/language/visitor.d.ts@16.12.0'. ========
======== Resolving module '../ValidationContext' from 'd:/DOPAMS/Toystack/dopams-backend-staging/node_modules/graphql/validation/rules/NoUndefinedVariablesRule.d.ts'. ========
Resolution for module '../ValidationContext' was found in cache from location 'd:/DOPAMS/Toystack/dopams-backend-staging/node_modules/graphql/validation/rules'.
======== Module name '../ValidationContext' was successfully resolved to 'd:/DOPAMS/Toystack/dopams-backend-staging/node_modules/graphql/validation/ValidationContext.d.ts' with Package ID 'graphql/validation/ValidationContext.d.ts@16.12.0'. ========
File 'd:/DOPAMS/Toystack/dopams-backend-staging/node_modules/graphql/validation/rules/package.json' does not exist according to earlier cached lookups.
File 'd:/DOPAMS/Toystack/dopams-backend-staging/node_modules/graphql/validation/package.json' does not exist according to earlier cached lookups.
File 'd:/DOPAMS/Toystack/dopams-backend-staging/node_modules/graphql/package.json' exists according to earlier cached lookups.
======== Resolving module '../../language/visitor' from 'd:/DOPAMS/Toystack/dopams-backend-staging/node_modules/graphql/validation/rules/NoUnusedFragmentsRule.d.ts'. ========
Resolution for module '../../language/visitor' was found in cache from location 'd:/DOPAMS/Toystack/dopams-backend-staging/node_modules/graphql/validation/rules'.
======== Module name '../../language/visitor' was successfully resolved to 'd:/DOPAMS/Toystack/dopams-backend-staging/node_modules/graphql/language/visitor.d.ts' with Package ID 'graphql/language/visitor.d.ts@16.12.0'. ========
======== Resolving module '../ValidationContext' from 'd:/DOPAMS/Toystack/dopams-backend-staging/node_modules/graphql/validation/rules/NoUnusedFragmentsRule.d.ts'. ========
Resolution for module '../ValidationContext' was found in cache from location 'd:/DOPAMS/Toystack/dopams-backend-staging/node_modules/graphql/validation/rules'.
======== Module name '../ValidationContext' was successfully resolved to 'd:/DOPAMS/Toystack/dopams-backend-staging/node_modules/graphql/validation/ValidationContext.d.ts' with Package ID 'graphql/validation/ValidationContext.d.ts@16.12.0'. ========
File 'd:/DOPAMS/Toystack/dopams-backend-staging/node_modules/graphql/validation/rules/package.json' does not exist according to earlier cached lookups.
File 'd:/DOPAMS/Toystack/dopams-backend-staging/node_modules/graphql/validation/package.json' does not exist according to earlier cached lookups.
File 'd:/DOPAMS/Toystack/dopams-backend-staging/node_modules/graphql/package.json' exists according to earlier cached lookups.
======== Resolving module '../../language/visitor' from 'd:/DOPAMS/Toystack/dopams-backend-staging/node_modules/graphql/validation/rules/NoUnusedVariablesRule.d.ts'. ========
Resolution for module '../../language/visitor' was found in cache from location 'd:/DOPAMS/Toystack/dopams-backend-staging/node_modules/graphql/validation/rules'.
======== Module name '../../language/visitor' was successfully resolved to 'd:/DOPAMS/Toystack/dopams-backend-staging/node_modules/graphql/language/visitor.d.ts' with Package ID 'graphql/language/visitor.d.ts@16.12.0'. ========
======== Resolving module '../ValidationContext' from 'd:/DOPAMS/Toystack/dopams-backend-staging/node_modules/graphql/validation/rules/NoUnusedVariablesRule.d.ts'. ========
Resolution for module '../ValidationContext' was found in cache from location 'd:/DOPAMS/Toystack/dopams-backend-staging/node_modules/graphql/validation/rules'.
======== Module name '../ValidationContext' was successfully resolved to 'd:/DOPAMS/Toystack/dopams-backend-staging/node_modules/graphql/validation/ValidationContext.d.ts' with Package ID 'graphql/validation/ValidationContext.d.ts@16.12.0'. ========
File 'd:/DOPAMS/Toystack/dopams-backend-staging/node_modules/graphql/validation/rules/package.json' does not exist according to earlier cached lookups.
File 'd:/DOPAMS/Toystack/dopams-backend-staging/node_modules/graphql/validation/package.json' does not exist according to earlier cached lookups.
File 'd:/DOPAMS/Toystack/dopams-backend-staging/node_modules/graphql/package.json' exists according to earlier cached lookups.
======== Resolving module '../../language/visitor' from 'd:/DOPAMS/Toystack/dopams-backend-staging/node_modules/graphql/validation/rules/OverlappingFieldsCanBeMergedRule.d.ts'. ========
Resolution for module '../../language/visitor' was found in cache from location 'd:/DOPAMS/Toystack/dopams-backend-staging/node_modules/graphql/validation/rules'.
======== Module name '../../language/visitor' was successfully resolved to 'd:/DOPAMS/Toystack/dopams-backend-staging/node_modules/graphql/language/visitor.d.ts' with Package ID 'graphql/language/visitor.d.ts@16.12.0'. ========
======== Resolving module '../ValidationContext' from 'd:/DOPAMS/Toystack/dopams-backend-staging/node_modules/graphql/validation/rules/OverlappingFieldsCanBeMergedRule.d.ts'. ========
Resolution for module '../ValidationContext' was found in cache from location 'd:/DOPAMS/Toystack/dopams-backend-staging/node_modules/graphql/validation/rules'.
======== Module name '../ValidationContext' was successfully resolved to 'd:/DOPAMS/Toystack/dopams-backend-staging/node_modules/graphql/validation/ValidationContext.d.ts' with Package ID 'graphql/validation/ValidationContext.d.ts@16.12.0'. ========
File 'd:/DOPAMS/Toystack/dopams-backend-staging/node_modules/graphql/validation/rules/package.json' does not exist according to earlier cached lookups.
File 'd:/DOPAMS/Toystack/dopams-backend-staging/node_modules/graphql/validation/package.json' does not exist according to earlier cached lookups.
File 'd:/DOPAMS/Toystack/dopams-backend-staging/node_modules/graphql/package.json' exists according to earlier cached lookups.
======== Resolving module '../../language/visitor' from 'd:/DOPAMS/Toystack/dopams-backend-staging/node_modules/graphql/validation/rules/PossibleFragmentSpreadsRule.d.ts'. ========
Resolution for module '../../language/visitor' was found in cache from location 'd:/DOPAMS/Toystack/dopams-backend-staging/node_modules/graphql/validation/rules'.
======== Module name '../../language/visitor' was successfully resolved to 'd:/DOPAMS/Toystack/dopams-backend-staging/node_modules/graphql/language/visitor.d.ts' with Package ID 'graphql/language/visitor.d.ts@16.12.0'. ========
======== Resolving module '../ValidationContext' from 'd:/DOPAMS/Toystack/dopams-backend-staging/node_modules/graphql/validation/rules/PossibleFragmentSpreadsRule.d.ts'. ========
Resolution for module '../ValidationContext' was found in cache from location 'd:/DOPAMS/Toystack/dopams-backend-staging/node_modules/graphql/validation/rules'.
======== Module name '../ValidationContext' was successfully resolved to 'd:/DOPAMS/Toystack/dopams-backend-staging/node_modules/graphql/validation/ValidationContext.d.ts' with Package ID 'graphql/validation/ValidationContext.d.ts@16.12.0'. ========
File 'd:/DOPAMS/Toystack/dopams-backend-staging/node_modules/graphql/validation/rules/package.json' does not exist according to earlier cached lookups.
File 'd:/DOPAMS/Toystack/dopams-backend-staging/node_modules/graphql/validation/package.json' does not exist according to earlier cached lookups.
File 'd:/DOPAMS/Toystack/dopams-backend-staging/node_modules/graphql/package.json' exists according to earlier cached lookups.
======== Resolving module '../../language/visitor' from 'd:/DOPAMS/Toystack/dopams-backend-staging/node_modules/graphql/validation/rules/ProvidedRequiredArgumentsRule.d.ts'. ========
Resolution for module '../../language/visitor' was found in cache from location 'd:/DOPAMS/Toystack/dopams-backend-staging/node_modules/graphql/validation/rules'.
======== Module name '../../language/visitor' was successfully resolved to 'd:/DOPAMS/Toystack/dopams-backend-staging/node_modules/graphql/language/visitor.d.ts' with Package ID 'graphql/language/visitor.d.ts@16.12.0'. ========
======== Resolving module '../ValidationContext' from 'd:/DOPAMS/Toystack/dopams-backend-staging/node_modules/graphql/validation/rules/ProvidedRequiredArgumentsRule.d.ts'. ========
Resolution for module '../ValidationContext' was found in cache from location 'd:/DOPAMS/Toystack/dopams-backend-staging/node_modules/graphql/validation/rules'.
======== Module name '../ValidationContext' was successfully resolved to 'd:/DOPAMS/Toystack/dopams-backend-staging/node_modules/graphql/validation/ValidationContext.d.ts' with Package ID 'graphql/validation/ValidationContext.d.ts@16.12.0'. ========
File 'd:/DOPAMS/Toystack/dopams-backend-staging/node_modules/graphql/validation/rules/package.json' does not exist according to earlier cached lookups.
File 'd:/DOPAMS/Toystack/dopams-backend-staging/node_modules/graphql/validation/package.json' does not exist according to earlier cached lookups.
File 'd:/DOPAMS/Toystack/dopams-backend-staging/node_modules/graphql/package.json' exists according to earlier cached lookups.
======== Resolving module '../../language/visitor' from 'd:/DOPAMS/Toystack/dopams-backend-staging/node_modules/graphql/validation/rules/ScalarLeafsRule.d.ts'. ========
Resolution for module '../../language/visitor' was found in cache from location 'd:/DOPAMS/Toystack/dopams-backend-staging/node_modules/graphql/validation/rules'.
======== Module name '../../language/visitor' was successfully resolved to 'd:/DOPAMS/Toystack/dopams-backend-staging/node_modules/graphql/language/visitor.d.ts' with Package ID 'graphql/language/visitor.d.ts@16.12.0'. ========
======== Resolving module '../ValidationContext' from 'd:/DOPAMS/Toystack/dopams-backend-staging/node_modules/graphql/validation/rules/ScalarLeafsRule.d.ts'. ========
Resolution for module '../ValidationContext' was found in cache from location 'd:/DOPAMS/Toystack/dopams-backend-staging/node_modules/graphql/validation/rules'.
======== Module name '../ValidationContext' was successfully resolved to 'd:/DOPAMS/Toystack/dopams-backend-staging/node_modules/graphql/validation/ValidationContext.d.ts' with Package ID 'graphql/validation/ValidationContext.d.ts@16.12.0'. ========
File 'd:/DOPAMS/Toystack/dopams-backend-staging/node_modules/graphql/validation/rules/package.json' does not exist according to earlier cached lookups.
File 'd:/DOPAMS/Toystack/dopams-backend-staging/node_modules/graphql/validation/package.json' does not exist according to earlier cached lookups.
File 'd:/DOPAMS/Toystack/dopams-backend-staging/node_modules/graphql/package.json' exists according to earlier cached lookups.
======== Resolving module '../../language/visitor' from 'd:/DOPAMS/Toystack/dopams-backend-staging/node_modules/graphql/validation/rules/SingleFieldSubscriptionsRule.d.ts'. ========
Resolution for module '../../language/visitor' was found in cache from location 'd:/DOPAMS/Toystack/dopams-backend-staging/node_modules/graphql/validation/rules'.
======== Module name '../../language/visitor' was successfully resolved to 'd:/DOPAMS/Toystack/dopams-backend-staging/node_modules/graphql/language/visitor.d.ts' with Package ID 'graphql/language/visitor.d.ts@16.12.0'. ========
======== Resolving module '../ValidationContext' from 'd:/DOPAMS/Toystack/dopams-backend-staging/node_modules/graphql/validation/rules/SingleFieldSubscriptionsRule.d.ts'. ========
Resolution for module '../ValidationContext' was found in cache from location 'd:/DOPAMS/Toystack/dopams-backend-staging/node_modules/graphql/validation/rules'.
======== Module name '../ValidationContext' was successfully resolved to 'd:/DOPAMS/Toystack/dopams-backend-staging/node_modules/graphql/validation/ValidationContext.d.ts' with Package ID 'graphql/validation/ValidationContext.d.ts@16.12.0'. ========
File 'd:/DOPAMS/Toystack/dopams-backend-staging/node_modules/graphql/validation/rules/package.json' does not exist according to earlier cached lookups.
File 'd:/DOPAMS/Toystack/dopams-backend-staging/node_modules/graphql/validation/package.json' does not exist according to earlier cached lookups.
File 'd:/DOPAMS/Toystack/dopams-backend-staging/node_modules/graphql/package.json' exists according to earlier cached lookups.
======== Resolving module '../../language/visitor' from 'd:/DOPAMS/Toystack/dopams-backend-staging/node_modules/graphql/validation/rules/UniqueArgumentNamesRule.d.ts'. ========
Resolution for module '../../language/visitor' was found in cache from location 'd:/DOPAMS/Toystack/dopams-backend-staging/node_modules/graphql/validation/rules'.
======== Module name '../../language/visitor' was successfully resolved to 'd:/DOPAMS/Toystack/dopams-backend-staging/node_modules/graphql/language/visitor.d.ts' with Package ID 'graphql/language/visitor.d.ts@16.12.0'. ========
======== Resolving module '../ValidationContext' from 'd:/DOPAMS/Toystack/dopams-backend-staging/node_modules/graphql/validation/rules/UniqueArgumentNamesRule.d.ts'. ========
Resolution for module '../ValidationContext' was found in cache from location 'd:/DOPAMS/Toystack/dopams-backend-staging/node_modules/graphql/validation/rules'.
======== Module name '../ValidationContext' was successfully resolved to 'd:/DOPAMS/Toystack/dopams-backend-staging/node_modules/graphql/validation/ValidationContext.d.ts' with Package ID 'graphql/validation/ValidationContext.d.ts@16.12.0'. ========
File 'd:/DOPAMS/Toystack/dopams-backend-staging/node_modules/graphql/validation/rules/package.json' does not exist according to earlier cached lookups.
File 'd:/DOPAMS/Toystack/dopams-backend-staging/node_modules/graphql/validation/package.json' does not exist according to earlier cached lookups.
File 'd:/DOPAMS/Toystack/dopams-backend-staging/node_modules/graphql/package.json' exists according to earlier cached lookups.
======== Resolving module '../../language/visitor' from 'd:/DOPAMS/Toystack/dopams-backend-staging/node_modules/graphql/validation/rules/UniqueDirectivesPerLocationRule.d.ts'. ========
Resolution for module '../../language/visitor' was found in cache from location 'd:/DOPAMS/Toystack/dopams-backend-staging/node_modules/graphql/validation/rules'.
======== Module name '../../language/visitor' was successfully resolved to 'd:/DOPAMS/Toystack/dopams-backend-staging/node_modules/graphql/language/visitor.d.ts' with Package ID 'graphql/language/visitor.d.ts@16.12.0'. ========
======== Resolving module '../ValidationContext' from 'd:/DOPAMS/Toystack/dopams-backend-staging/node_modules/graphql/validation/rules/UniqueDirectivesPerLocationRule.d.ts'. ========
Resolution for module '../ValidationContext' was found in cache from location 'd:/DOPAMS/Toystack/dopams-backend-staging/node_modules/graphql/validation/rules'.
======== Module name '../ValidationContext' was successfully resolved to 'd:/DOPAMS/Toystack/dopams-backend-staging/node_modules/graphql/validation/ValidationContext.d.ts' with Package ID 'graphql/validation/ValidationContext.d.ts@16.12.0'. ========
File 'd:/DOPAMS/Toystack/dopams-backend-staging/node_modules/graphql/validation/rules/package.json' does not exist according to earlier cached lookups.
File 'd:/DOPAMS/Toystack/dopams-backend-staging/node_modules/graphql/validation/package.json' does not exist according to earlier cached lookups.
File 'd:/DOPAMS/Toystack/dopams-backend-staging/node_modules/graphql/package.json' exists according to earlier cached lookups.
======== Resolving module '../../language/visitor' from 'd:/DOPAMS/Toystack/dopams-backend-staging/node_modules/graphql/validation/rules/UniqueFragmentNamesRule.d.ts'. ========
Resolution for module '../../language/visitor' was found in cache from location 'd:/DOPAMS/Toystack/dopams-backend-staging/node_modules/graphql/validation/rules'.
======== Module name '../../language/visitor' was successfully resolved to 'd:/DOPAMS/Toystack/dopams-backend-staging/node_modules/graphql/language/visitor.d.ts' with Package ID 'graphql/language/visitor.d.ts@16.12.0'. ========
======== Resolving module '../ValidationContext' from 'd:/DOPAMS/Toystack/dopams-backend-staging/node_modules/graphql/validation/rules/UniqueFragmentNamesRule.d.ts'. ========
Resolution for module '../ValidationContext' was found in cache from location 'd:/DOPAMS/Toystack/dopams-backend-staging/node_modules/graphql/validation/rules'.
======== Module name '../ValidationContext' was successfully resolved to 'd:/DOPAMS/Toystack/dopams-backend-staging/node_modules/graphql/validation/ValidationContext.d.ts' with Package ID 'graphql/validation/ValidationContext.d.ts@16.12.0'. ========
File 'd:/DOPAMS/Toystack/dopams-backend-staging/node_modules/graphql/validation/rules/package.json' does not exist according to earlier cached lookups.
File 'd:/DOPAMS/Toystack/dopams-backend-staging/node_modules/graphql/validation/package.json' does not exist according to earlier cached lookups.
File 'd:/DOPAMS/Toystack/dopams-backend-staging/node_modules/graphql/package.json' exists according to earlier cached lookups.
======== Resolving module '../../language/visitor' from 'd:/DOPAMS/Toystack/dopams-backend-staging/node_modules/graphql/validation/rules/UniqueInputFieldNamesRule.d.ts'. ========
Resolution for module '../../language/visitor' was found in cache from location 'd:/DOPAMS/Toystack/dopams-backend-staging/node_modules/graphql/validation/rules'.
======== Module name '../../language/visitor' was successfully resolved to 'd:/DOPAMS/Toystack/dopams-backend-staging/node_modules/graphql/language/visitor.d.ts' with Package ID 'graphql/language/visitor.d.ts@16.12.0'. ========
======== Resolving module '../ValidationContext' from 'd:/DOPAMS/Toystack/dopams-backend-staging/node_modules/graphql/validation/rules/UniqueInputFieldNamesRule.d.ts'. ========
Resolution for module '../ValidationContext' was found in cache from location 'd:/DOPAMS/Toystack/dopams-backend-staging/node_modules/graphql/validation/rules'.
======== Module name '../ValidationContext' was successfully resolved to 'd:/DOPAMS/Toystack/dopams-backend-staging/node_modules/graphql/validation/ValidationContext.d.ts' with Package ID 'graphql/validation/ValidationContext.d.ts@16.12.0'. ========
File 'd:/DOPAMS/Toystack/dopams-backend-staging/node_modules/graphql/validation/rules/package.json' does not exist according to earlier cached lookups.
File 'd:/DOPAMS/Toystack/dopams-backend-staging/node_modules/graphql/validation/package.json' does not exist according to earlier cached lookups.
File 'd:/DOPAMS/Toystack/dopams-backend-staging/node_modules/graphql/package.json' exists according to earlier cached lookups.
======== Resolving module '../../language/visitor' from 'd:/DOPAMS/Toystack/dopams-backend-staging/node_modules/graphql/validation/rules/UniqueOperationNamesRule.d.ts'. ========
Resolution for module '../../language/visitor' was found in cache from location 'd:/DOPAMS/Toystack/dopams-backend-staging/node_modules/graphql/validation/rules'.
======== Module name '../../language/visitor' was successfully resolved to 'd:/DOPAMS/Toystack/dopams-backend-staging/node_modules/graphql/language/visitor.d.ts' with Package ID 'graphql/language/visitor.d.ts@16.12.0'. ========
======== Resolving module '../ValidationContext' from 'd:/DOPAMS/Toystack/dopams-backend-staging/node_modules/graphql/validation/rules/UniqueOperationNamesRule.d.ts'. ========
Resolution for module '../ValidationContext' was found in cache from location 'd:/DOPAMS/Toystack/dopams-backend-staging/node_modules/graphql/validation/rules'.
======== Module name '../ValidationContext' was successfully resolved to 'd:/DOPAMS/Toystack/dopams-backend-staging/node_modules/graphql/validation/ValidationContext.d.ts' with Package ID 'graphql/validation/ValidationContext.d.ts@16.12.0'. ========
File 'd:/DOPAMS/Toystack/dopams-backend-staging/node_modules/graphql/validation/rules/package.json' does not exist according to earlier cached lookups.
File 'd:/DOPAMS/Toystack/dopams-backend-staging/node_modules/graphql/validation/package.json' does not exist according to earlier cached lookups.
File 'd:/DOPAMS/Toystack/dopams-backend-staging/node_modules/graphql/package.json' exists according to earlier cached lookups.
======== Resolving module '../../language/visitor' from 'd:/DOPAMS/Toystack/dopams-backend-staging/node_modules/graphql/validation/rules/UniqueVariableNamesRule.d.ts'. ========
Resolution for module '../../language/visitor' was found in cache from location 'd:/DOPAMS/Toystack/dopams-backend-staging/node_modules/graphql/validation/rules'.
======== Module name '../../language/visitor' was successfully resolved to 'd:/DOPAMS/Toystack/dopams-backend-staging/node_modules/graphql/language/visitor.d.ts' with Package ID 'graphql/language/visitor.d.ts@16.12.0'. ========
======== Resolving module '../ValidationContext' from 'd:/DOPAMS/Toystack/dopams-backend-staging/node_modules/graphql/validation/rules/UniqueVariableNamesRule.d.ts'. ========
Resolution for module '../ValidationContext' was found in cache from location 'd:/DOPAMS/Toystack/dopams-backend-staging/node_modules/graphql/validation/rules'.
======== Module name '../ValidationContext' was successfully resolved to 'd:/DOPAMS/Toystack/dopams-backend-staging/node_modules/graphql/validation/ValidationContext.d.ts' with Package ID 'graphql/validation/ValidationContext.d.ts@16.12.0'. ========
File 'd:/DOPAMS/Toystack/dopams-backend-staging/node_modules/graphql/validation/rules/package.json' does not exist according to earlier cached lookups.
File 'd:/DOPAMS/Toystack/dopams-backend-staging/node_modules/graphql/validation/package.json' does not exist according to earlier cached lookups.
File 'd:/DOPAMS/Toystack/dopams-backend-staging/node_modules/graphql/package.json' exists according to earlier cached lookups.
======== Resolving module '../../language/visitor' from 'd:/DOPAMS/Toystack/dopams-backend-staging/node_modules/graphql/validation/rules/ValuesOfCorrectTypeRule.d.ts'. ========
Resolution for module '../../language/visitor' was found in cache from location 'd:/DOPAMS/Toystack/dopams-backend-staging/node_modules/graphql/validation/rules'.
======== Module name '../../language/visitor' was successfully resolved to 'd:/DOPAMS/Toystack/dopams-backend-staging/node_modules/graphql/language/visitor.d.ts' with Package ID 'graphql/language/visitor.d.ts@16.12.0'. ========
======== Resolving module '../ValidationContext' from 'd:/DOPAMS/Toystack/dopams-backend-staging/node_modules/graphql/validation/rules/ValuesOfCorrectTypeRule.d.ts'. ========
Resolution for module '../ValidationContext' was found in cache from location 'd:/DOPAMS/Toystack/dopams-backend-staging/node_modules/graphql/validation/rules'.
======== Module name '../ValidationContext' was successfully resolved to 'd:/DOPAMS/Toystack/dopams-backend-staging/node_modules/graphql/validation/ValidationContext.d.ts' with Package ID 'graphql/validation/ValidationContext.d.ts@16.12.0'. ========
File 'd:/DOPAMS/Toystack/dopams-backend-staging/node_modules/graphql/validation/rules/package.json' does not exist according to earlier cached lookups.
File 'd:/DOPAMS/Toystack/dopams-backend-staging/node_modules/graphql/validation/package.json' does not exist according to earlier cached lookups.
File 'd:/DOPAMS/Toystack/dopams-backend-staging/node_modules/graphql/package.json' exists according to earlier cached lookups.
======== Resolving module '../../language/visitor' from 'd:/DOPAMS/Toystack/dopams-backend-staging/node_modules/graphql/validation/rules/VariablesAreInputTypesRule.d.ts'. ========
Resolution for module '../../language/visitor' was found in cache from location 'd:/DOPAMS/Toystack/dopams-backend-staging/node_modules/graphql/validation/rules'.
======== Module name '../../language/visitor' was successfully resolved to 'd:/DOPAMS/Toystack/dopams-backend-staging/node_modules/graphql/language/visitor.d.ts' with Package ID 'graphql/language/visitor.d.ts@16.12.0'. ========
======== Resolving module '../ValidationContext' from 'd:/DOPAMS/Toystack/dopams-backend-staging/node_modules/graphql/validation/rules/VariablesAreInputTypesRule.d.ts'. ========
Resolution for module '../ValidationContext' was found in cache from location 'd:/DOPAMS/Toystack/dopams-backend-staging/node_modules/graphql/validation/rules'.
======== Module name '../ValidationContext' was successfully resolved to 'd:/DOPAMS/Toystack/dopams-backend-staging/node_modules/graphql/validation/ValidationContext.d.ts' with Package ID 'graphql/validation/ValidationContext.d.ts@16.12.0'. ========
File 'd:/DOPAMS/Toystack/dopams-backend-staging/node_modules/graphql/validation/rules/package.json' does not exist according to earlier cached lookups.
File 'd:/DOPAMS/Toystack/dopams-backend-staging/node_modules/graphql/validation/package.json' does not exist according to earlier cached lookups.
File 'd:/DOPAMS/Toystack/dopams-backend-staging/node_modules/graphql/package.json' exists according to earlier cached lookups.
======== Resolving module '../../language/visitor' from 'd:/DOPAMS/Toystack/dopams-backend-staging/node_modules/graphql/validation/rules/VariablesInAllowedPositionRule.d.ts'. ========
Resolution for module '../../language/visitor' was found in cache from location 'd:/DOPAMS/Toystack/dopams-backend-staging/node_modules/graphql/validation/rules'.
======== Module name '../../language/visitor' was successfully resolved to 'd:/DOPAMS/Toystack/dopams-backend-staging/node_modules/graphql/language/visitor.d.ts' with Package ID 'graphql/language/visitor.d.ts@16.12.0'. ========
======== Resolving module '../ValidationContext' from 'd:/DOPAMS/Toystack/dopams-backend-staging/node_modules/graphql/validation/rules/VariablesInAllowedPositionRule.d.ts'. ========
Resolution for module '../ValidationContext' was found in cache from location 'd:/DOPAMS/Toystack/dopams-backend-staging/node_modules/graphql/validation/rules'.
======== Module name '../ValidationContext' was successfully resolved to 'd:/DOPAMS/Toystack/dopams-backend-staging/node_modules/graphql/validation/ValidationContext.d.ts' with Package ID 'graphql/validation/ValidationContext.d.ts@16.12.0'. ========
File 'd:/DOPAMS/Toystack/dopams-backend-staging/node_modules/graphql/validation/rules/package.json' does not exist according to earlier cached lookups.
File 'd:/DOPAMS/Toystack/dopams-backend-staging/node_modules/graphql/validation/package.json' does not exist according to earlier cached lookups.
File 'd:/DOPAMS/Toystack/dopams-backend-staging/node_modules/graphql/package.json' exists according to earlier cached lookups.
======== Resolving module '../../language/visitor' from 'd:/DOPAMS/Toystack/dopams-backend-staging/node_modules/graphql/validation/rules/LoneSchemaDefinitionRule.d.ts'. ========
Resolution for module '../../language/visitor' was found in cache from location 'd:/DOPAMS/Toystack/dopams-backend-staging/node_modules/graphql/validation/rules'.
======== Module name '../../language/visitor' was successfully resolved to 'd:/DOPAMS/Toystack/dopams-backend-staging/node_modules/graphql/language/visitor.d.ts' with Package ID 'graphql/language/visitor.d.ts@16.12.0'. ========
======== Resolving module '../ValidationContext' from 'd:/DOPAMS/Toystack/dopams-backend-staging/node_modules/graphql/validation/rules/LoneSchemaDefinitionRule.d.ts'. ========
Resolution for module '../ValidationContext' was found in cache from location 'd:/DOPAMS/Toystack/dopams-backend-staging/node_modules/graphql/validation/rules'.
======== Module name '../ValidationContext' was successfully resolved to 'd:/DOPAMS/Toystack/dopams-backend-staging/node_modules/graphql/validation/ValidationContext.d.ts' with Package ID 'graphql/validation/ValidationContext.d.ts@16.12.0'. ========
File 'd:/DOPAMS/Toystack/dopams-backend-staging/node_modules/graphql/validation/rules/package.json' does not exist according to earlier cached lookups.
File 'd:/DOPAMS/Toystack/dopams-backend-staging/node_modules/graphql/validation/package.json' does not exist according to earlier cached lookups.
File 'd:/DOPAMS/Toystack/dopams-backend-staging/node_modules/graphql/package.json' exists according to earlier cached lookups.
======== Resolving module '../../language/visitor' from 'd:/DOPAMS/Toystack/dopams-backend-staging/node_modules/graphql/validation/rules/UniqueOperationTypesRule.d.ts'. ========
Resolution for module '../../language/visitor' was found in cache from location 'd:/DOPAMS/Toystack/dopams-backend-staging/node_modules/graphql/validation/rules'.
======== Module name '../../language/visitor' was successfully resolved to 'd:/DOPAMS/Toystack/dopams-backend-staging/node_modules/graphql/language/visitor.d.ts' with Package ID 'graphql/language/visitor.d.ts@16.12.0'. ========
======== Resolving module '../ValidationContext' from 'd:/DOPAMS/Toystack/dopams-backend-staging/node_modules/graphql/validation/rules/UniqueOperationTypesRule.d.ts'. ========
Resolution for module '../ValidationContext' was found in cache from location 'd:/DOPAMS/Toystack/dopams-backend-staging/node_modules/graphql/validation/rules'.
======== Module name '../ValidationContext' was successfully resolved to 'd:/DOPAMS/Toystack/dopams-backend-staging/node_modules/graphql/validation/ValidationContext.d.ts' with Package ID 'graphql/validation/ValidationContext.d.ts@16.12.0'. ========
File 'd:/DOPAMS/Toystack/dopams-backend-staging/node_modules/graphql/validation/rules/package.json' does not exist according to earlier cached lookups.
File 'd:/DOPAMS/Toystack/dopams-backend-staging/node_modules/graphql/validation/package.json' does not exist according to earlier cached lookups.
File 'd:/DOPAMS/Toystack/dopams-backend-staging/node_modules/graphql/package.json' exists according to earlier cached lookups.
======== Resolving module '../../language/visitor' from 'd:/DOPAMS/Toystack/dopams-backend-staging/node_modules/graphql/validation/rules/UniqueTypeNamesRule.d.ts'. ========
Resolution for module '../../language/visitor' was found in cache from location 'd:/DOPAMS/Toystack/dopams-backend-staging/node_modules/graphql/validation/rules'.
======== Module name '../../language/visitor' was successfully resolved to 'd:/DOPAMS/Toystack/dopams-backend-staging/node_modules/graphql/language/visitor.d.ts' with Package ID 'graphql/language/visitor.d.ts@16.12.0'. ========
======== Resolving module '../ValidationContext' from 'd:/DOPAMS/Toystack/dopams-backend-staging/node_modules/graphql/validation/rules/UniqueTypeNamesRule.d.ts'. ========
Resolution for module '../ValidationContext' was found in cache from location 'd:/DOPAMS/Toystack/dopams-backend-staging/node_modules/graphql/validation/rules'.
======== Module name '../ValidationContext' was successfully resolved to 'd:/DOPAMS/Toystack/dopams-backend-staging/node_modules/graphql/validation/ValidationContext.d.ts' with Package ID 'graphql/validation/ValidationContext.d.ts@16.12.0'. ========
File 'd:/DOPAMS/Toystack/dopams-backend-staging/node_modules/graphql/validation/rules/package.json' does not exist according to earlier cached lookups.
File 'd:/DOPAMS/Toystack/dopams-backend-staging/node_modules/graphql/validation/package.json' does not exist according to earlier cached lookups.
File 'd:/DOPAMS/Toystack/dopams-backend-staging/node_modules/graphql/package.json' exists according to earlier cached lookups.
======== Resolving module '../../language/visitor' from 'd:/DOPAMS/Toystack/dopams-backend-staging/node_modules/graphql/validation/rules/UniqueEnumValueNamesRule.d.ts'. ========
Resolution for module '../../language/visitor' was found in cache from location 'd:/DOPAMS/Toystack/dopams-backend-staging/node_modules/graphql/validation/rules'.
======== Module name '../../language/visitor' was successfully resolved to 'd:/DOPAMS/Toystack/dopams-backend-staging/node_modules/graphql/language/visitor.d.ts' with Package ID 'graphql/language/visitor.d.ts@16.12.0'. ========
======== Resolving module '../ValidationContext' from 'd:/DOPAMS/Toystack/dopams-backend-staging/node_modules/graphql/validation/rules/UniqueEnumValueNamesRule.d.ts'. ========
Resolution for module '../ValidationContext' was found in cache from location 'd:/DOPAMS/Toystack/dopams-backend-staging/node_modules/graphql/validation/rules'.
======== Module name '../ValidationContext' was successfully resolved to 'd:/DOPAMS/Toystack/dopams-backend-staging/node_modules/graphql/validation/ValidationContext.d.ts' with Package ID 'graphql/validation/ValidationContext.d.ts@16.12.0'. ========
File 'd:/DOPAMS/Toystack/dopams-backend-staging/node_modules/graphql/validation/rules/package.json' does not exist according to earlier cached lookups.
File 'd:/DOPAMS/Toystack/dopams-backend-staging/node_modules/graphql/validation/package.json' does not exist according to earlier cached lookups.
File 'd:/DOPAMS/Toystack/dopams-backend-staging/node_modules/graphql/package.json' exists according to earlier cached lookups.
======== Resolving module '../../language/visitor' from 'd:/DOPAMS/Toystack/dopams-backend-staging/node_modules/graphql/validation/rules/UniqueFieldDefinitionNamesRule.d.ts'. ========
Resolution for module '../../language/visitor' was found in cache from location 'd:/DOPAMS/Toystack/dopams-backend-staging/node_modules/graphql/validation/rules'.
======== Module name '../../language/visitor' was successfully resolved to 'd:/DOPAMS/Toystack/dopams-backend-staging/node_modules/graphql/language/visitor.d.ts' with Package ID 'graphql/language/visitor.d.ts@16.12.0'. ========
======== Resolving module '../ValidationContext' from 'd:/DOPAMS/Toystack/dopams-backend-staging/node_modules/graphql/validation/rules/UniqueFieldDefinitionNamesRule.d.ts'. ========
Resolution for module '../ValidationContext' was found in cache from location 'd:/DOPAMS/Toystack/dopams-backend-staging/node_modules/graphql/validation/rules'.
======== Module name '../ValidationContext' was successfully resolved to 'd:/DOPAMS/Toystack/dopams-backend-staging/node_modules/graphql/validation/ValidationContext.d.ts' with Package ID 'graphql/validation/ValidationContext.d.ts@16.12.0'. ========
File 'd:/DOPAMS/Toystack/dopams-backend-staging/node_modules/graphql/validation/rules/package.json' does not exist according to earlier cached lookups.
File 'd:/DOPAMS/Toystack/dopams-backend-staging/node_modules/graphql/validation/package.json' does not exist according to earlier cached lookups.
File 'd:/DOPAMS/Toystack/dopams-backend-staging/node_modules/graphql/package.json' exists according to earlier cached lookups.
======== Resolving module '../../language/visitor' from 'd:/DOPAMS/Toystack/dopams-backend-staging/node_modules/graphql/validation/rules/UniqueArgumentDefinitionNamesRule.d.ts'. ========
Resolution for module '../../language/visitor' was found in cache from location 'd:/DOPAMS/Toystack/dopams-backend-staging/node_modules/graphql/validation/rules'.
======== Module name '../../language/visitor' was successfully resolved to 'd:/DOPAMS/Toystack/dopams-backend-staging/node_modules/graphql/language/visitor.d.ts' with Package ID 'graphql/language/visitor.d.ts@16.12.0'. ========
======== Resolving module '../ValidationContext' from 'd:/DOPAMS/Toystack/dopams-backend-staging/node_modules/graphql/validation/rules/UniqueArgumentDefinitionNamesRule.d.ts'. ========
Resolution for module '../ValidationContext' was found in cache from location 'd:/DOPAMS/Toystack/dopams-backend-staging/node_modules/graphql/validation/rules'.
======== Module name '../ValidationContext' was successfully resolved to 'd:/DOPAMS/Toystack/dopams-backend-staging/node_modules/graphql/validation/ValidationContext.d.ts' with Package ID 'graphql/validation/ValidationContext.d.ts@16.12.0'. ========
File 'd:/DOPAMS/Toystack/dopams-backend-staging/node_modules/graphql/validation/rules/package.json' does not exist according to earlier cached lookups.
File 'd:/DOPAMS/Toystack/dopams-backend-staging/node_modules/graphql/validation/package.json' does not exist according to earlier cached lookups.
File 'd:/DOPAMS/Toystack/dopams-backend-staging/node_modules/graphql/package.json' exists according to earlier cached lookups.
======== Resolving module '../../language/visitor' from 'd:/DOPAMS/Toystack/dopams-backend-staging/node_modules/graphql/validation/rules/UniqueDirectiveNamesRule.d.ts'. ========
Resolution for module '../../language/visitor' was found in cache from location 'd:/DOPAMS/Toystack/dopams-backend-staging/node_modules/graphql/validation/rules'.
======== Module name '../../language/visitor' was successfully resolved to 'd:/DOPAMS/Toystack/dopams-backend-staging/node_modules/graphql/language/visitor.d.ts' with Package ID 'graphql/language/visitor.d.ts@16.12.0'. ========
======== Resolving module '../ValidationContext' from 'd:/DOPAMS/Toystack/dopams-backend-staging/node_modules/graphql/validation/rules/UniqueDirectiveNamesRule.d.ts'. ========
Resolution for module '../ValidationContext' was found in cache from location 'd:/DOPAMS/Toystack/dopams-backend-staging/node_modules/graphql/validation/rules'.
======== Module name '../ValidationContext' was successfully resolved to 'd:/DOPAMS/Toystack/dopams-backend-staging/node_modules/graphql/validation/ValidationContext.d.ts' with Package ID 'graphql/validation/ValidationContext.d.ts@16.12.0'. ========
File 'd:/DOPAMS/Toystack/dopams-backend-staging/node_modules/graphql/validation/rules/package.json' does not exist according to earlier cached lookups.
File 'd:/DOPAMS/Toystack/dopams-backend-staging/node_modules/graphql/validation/package.json' does not exist according to earlier cached lookups.
File 'd:/DOPAMS/Toystack/dopams-backend-staging/node_modules/graphql/package.json' exists according to earlier cached lookups.
======== Resolving module '../../language/visitor' from 'd:/DOPAMS/Toystack/dopams-backend-staging/node_modules/graphql/validation/rules/PossibleTypeExtensionsRule.d.ts'. ========
Resolution for module '../../language/visitor' was found in cache from location 'd:/DOPAMS/Toystack/dopams-backend-staging/node_modules/graphql/validation/rules'.
======== Module name '../../language/visitor' was successfully resolved to 'd:/DOPAMS/Toystack/dopams-backend-staging/node_modules/graphql/language/visitor.d.ts' with Package ID 'graphql/language/visitor.d.ts@16.12.0'. ========
======== Resolving module '../ValidationContext' from 'd:/DOPAMS/Toystack/dopams-backend-staging/node_modules/graphql/validation/rules/PossibleTypeExtensionsRule.d.ts'. ========
Resolution for module '../ValidationContext' was found in cache from location 'd:/DOPAMS/Toystack/dopams-backend-staging/node_modules/graphql/validation/rules'.
======== Module name '../ValidationContext' was successfully resolved to 'd:/DOPAMS/Toystack/dopams-backend-staging/node_modules/graphql/validation/ValidationContext.d.ts' with Package ID 'graphql/validation/ValidationContext.d.ts@16.12.0'. ========
File 'd:/DOPAMS/Toystack/dopams-backend-staging/node_modules/graphql/validation/rules/custom/package.json' does not exist.
File 'd:/DOPAMS/Toystack/dopams-backend-staging/node_modules/graphql/validation/rules/package.json' does not exist according to earlier cached lookups.
File 'd:/DOPAMS/Toystack/dopams-backend-staging/node_modules/graphql/validation/package.json' does not exist according to earlier cached lookups.
File 'd:/DOPAMS/Toystack/dopams-backend-staging/node_modules/graphql/package.json' exists according to earlier cached lookups.
======== Resolving module '../../../language/visitor' from 'd:/DOPAMS/Toystack/dopams-backend-staging/node_modules/graphql/validation/rules/custom/NoDeprecatedCustomRule.d.ts'. ========
Explicitly specified module resolution kind: 'Node10'.
Loading module as file / folder, candidate module location 'd:/DOPAMS/Toystack/dopams-backend-staging/node_modules/graphql/language/visitor', target file types: TypeScript, Declaration.
File 'd:/DOPAMS/Toystack/dopams-backend-staging/node_modules/graphql/language/visitor.ts' does not exist.
File 'd:/DOPAMS/Toystack/dopams-backend-staging/node_modules/graphql/language/visitor.tsx' does not exist.
File 'd:/DOPAMS/Toystack/dopams-backend-staging/node_modules/graphql/language/visitor.d.ts' exists - use it as a name resolution result.
File 'd:/DOPAMS/Toystack/dopams-backend-staging/node_modules/graphql/package.json' exists according to earlier cached lookups.
======== Module name '../../../language/visitor' was successfully resolved to 'd:/DOPAMS/Toystack/dopams-backend-staging/node_modules/graphql/language/visitor.d.ts' with Package ID 'graphql/language/visitor.d.ts@16.12.0'. ========
======== Resolving module '../../ValidationContext' from 'd:/DOPAMS/Toystack/dopams-backend-staging/node_modules/graphql/validation/rules/custom/NoDeprecatedCustomRule.d.ts'. ========
Explicitly specified module resolution kind: 'Node10'.
Loading module as file / folder, candidate module location 'd:/DOPAMS/Toystack/dopams-backend-staging/node_modules/graphql/validation/ValidationContext', target file types: TypeScript, Declaration.
File 'd:/DOPAMS/Toystack/dopams-backend-staging/node_modules/graphql/validation/ValidationContext.ts' does not exist.
File 'd:/DOPAMS/Toystack/dopams-backend-staging/node_modules/graphql/validation/ValidationContext.tsx' does not exist.
File 'd:/DOPAMS/Toystack/dopams-backend-staging/node_modules/graphql/validation/ValidationContext.d.ts' exists - use it as a name resolution result.
File 'd:/DOPAMS/Toystack/dopams-backend-staging/node_modules/graphql/package.json' exists according to earlier cached lookups.
======== Module name '../../ValidationContext' was successfully resolved to 'd:/DOPAMS/Toystack/dopams-backend-staging/node_modules/graphql/validation/ValidationContext.d.ts' with Package ID 'graphql/validation/ValidationContext.d.ts@16.12.0'. ========
File 'd:/DOPAMS/Toystack/dopams-backend-staging/node_modules/graphql/validation/rules/custom/package.json' does not exist according to earlier cached lookups.
File 'd:/DOPAMS/Toystack/dopams-backend-staging/node_modules/graphql/validation/rules/package.json' does not exist according to earlier cached lookups.
File 'd:/DOPAMS/Toystack/dopams-backend-staging/node_modules/graphql/validation/package.json' does not exist according to earlier cached lookups.
File 'd:/DOPAMS/Toystack/dopams-backend-staging/node_modules/graphql/package.json' exists according to earlier cached lookups.
======== Resolving module '../../../language/visitor' from 'd:/DOPAMS/Toystack/dopams-backend-staging/node_modules/graphql/validation/rules/custom/NoSchemaIntrospectionCustomRule.d.ts'. ========
Resolution for module '../../../language/visitor' was found in cache from location 'd:/DOPAMS/Toystack/dopams-backend-staging/node_modules/graphql/validation/rules/custom'.
======== Module name '../../../language/visitor' was successfully resolved to 'd:/DOPAMS/Toystack/dopams-backend-staging/node_modules/graphql/language/visitor.d.ts' with Package ID 'graphql/language/visitor.d.ts@16.12.0'. ========
======== Resolving module '../../ValidationContext' from 'd:/DOPAMS/Toystack/dopams-backend-staging/node_modules/graphql/validation/rules/custom/NoSchemaIntrospectionCustomRule.d.ts'. ========
Resolution for module '../../ValidationContext' was found in cache from location 'd:/DOPAMS/Toystack/dopams-backend-staging/node_modules/graphql/validation/rules/custom'.
======== Module name '../../ValidationContext' was successfully resolved to 'd:/DOPAMS/Toystack/dopams-backend-staging/node_modules/graphql/validation/ValidationContext.d.ts' with Package ID 'graphql/validation/ValidationContext.d.ts@16.12.0'. ========
File 'd:/DOPAMS/Toystack/dopams-backend-staging/node_modules/graphql/error/package.json' does not exist according to earlier cached lookups.
File 'd:/DOPAMS/Toystack/dopams-backend-staging/node_modules/graphql/package.json' exists according to earlier cached lookups.
======== Resolving module './GraphQLError' from 'd:/DOPAMS/Toystack/dopams-backend-staging/node_modules/graphql/error/index.d.ts'. ========
Explicitly specified module resolution kind: 'Node10'.
Loading module as file / folder, candidate module location 'd:/DOPAMS/Toystack/dopams-backend-staging/node_modules/graphql/error/GraphQLError', target file types: TypeScript, Declaration.
File 'd:/DOPAMS/Toystack/dopams-backend-staging/node_modules/graphql/error/GraphQLError.ts' does not exist.
File 'd:/DOPAMS/Toystack/dopams-backend-staging/node_modules/graphql/error/GraphQLError.tsx' does not exist.
File 'd:/DOPAMS/Toystack/dopams-backend-staging/node_modules/graphql/error/GraphQLError.d.ts' exists - use it as a name resolution result.
File 'd:/DOPAMS/Toystack/dopams-backend-staging/node_modules/graphql/package.json' exists according to earlier cached lookups.
======== Module name './GraphQLError' was successfully resolved to 'd:/DOPAMS/Toystack/dopams-backend-staging/node_modules/graphql/error/GraphQLError.d.ts' with Package ID 'graphql/error/GraphQLError.d.ts@16.12.0'. ========
======== Resolving module './syntaxError' from 'd:/DOPAMS/Toystack/dopams-backend-staging/node_modules/graphql/error/index.d.ts'. ========
Explicitly specified module resolution kind: 'Node10'.
Loading module as file / folder, candidate module location 'd:/DOPAMS/Toystack/dopams-backend-staging/node_modules/graphql/error/syntaxError', target file types: TypeScript, Declaration.
File 'd:/DOPAMS/Toystack/dopams-backend-staging/node_modules/graphql/error/syntaxError.ts' does not exist.
File 'd:/DOPAMS/Toystack/dopams-backend-staging/node_modules/graphql/error/syntaxError.tsx' does not exist.
File 'd:/DOPAMS/Toystack/dopams-backend-staging/node_modules/graphql/error/syntaxError.d.ts' exists - use it as a name resolution result.
File 'd:/DOPAMS/Toystack/dopams-backend-staging/node_modules/graphql/package.json' exists according to earlier cached lookups.
======== Module name './syntaxError' was successfully resolved to 'd:/DOPAMS/Toystack/dopams-backend-staging/node_modules/graphql/error/syntaxError.d.ts' with Package ID 'graphql/error/syntaxError.d.ts@16.12.0'. ========
======== Resolving module './locatedError' from 'd:/DOPAMS/Toystack/dopams-backend-staging/node_modules/graphql/error/index.d.ts'. ========
Explicitly specified module resolution kind: 'Node10'.
Loading module as file / folder, candidate module location 'd:/DOPAMS/Toystack/dopams-backend-staging/node_modules/graphql/error/locatedError', target file types: TypeScript, Declaration.
File 'd:/DOPAMS/Toystack/dopams-backend-staging/node_modules/graphql/error/locatedError.ts' does not exist.
File 'd:/DOPAMS/Toystack/dopams-backend-staging/node_modules/graphql/error/locatedError.tsx' does not exist.
File 'd:/DOPAMS/Toystack/dopams-backend-staging/node_modules/graphql/error/locatedError.d.ts' exists - use it as a name resolution result.
File 'd:/DOPAMS/Toystack/dopams-backend-staging/node_modules/graphql/package.json' exists according to earlier cached lookups.
======== Module name './locatedError' was successfully resolved to 'd:/DOPAMS/Toystack/dopams-backend-staging/node_modules/graphql/error/locatedError.d.ts' with Package ID 'graphql/error/locatedError.d.ts@16.12.0'. ========
File 'd:/DOPAMS/Toystack/dopams-backend-staging/node_modules/graphql/error/package.json' does not exist according to earlier cached lookups.
File 'd:/DOPAMS/Toystack/dopams-backend-staging/node_modules/graphql/package.json' exists according to earlier cached lookups.
======== Resolving module '../language/source' from 'd:/DOPAMS/Toystack/dopams-backend-staging/node_modules/graphql/error/syntaxError.d.ts'. ========
Resolution for module '../language/source' was found in cache from location 'd:/DOPAMS/Toystack/dopams-backend-staging/node_modules/graphql/error'.
======== Module name '../language/source' was successfully resolved to 'd:/DOPAMS/Toystack/dopams-backend-staging/node_modules/graphql/language/source.d.ts' with Package ID 'graphql/language/source.d.ts@16.12.0'. ========
======== Resolving module './GraphQLError' from 'd:/DOPAMS/Toystack/dopams-backend-staging/node_modules/graphql/error/syntaxError.d.ts'. ========
Resolution for module './GraphQLError' was found in cache from location 'd:/DOPAMS/Toystack/dopams-backend-staging/node_modules/graphql/error'.
======== Module name './GraphQLError' was successfully resolved to 'd:/DOPAMS/Toystack/dopams-backend-staging/node_modules/graphql/error/GraphQLError.d.ts' with Package ID 'graphql/error/GraphQLError.d.ts@16.12.0'. ========
File 'd:/DOPAMS/Toystack/dopams-backend-staging/node_modules/graphql/error/package.json' does not exist according to earlier cached lookups.
File 'd:/DOPAMS/Toystack/dopams-backend-staging/node_modules/graphql/package.json' exists according to earlier cached lookups.
======== Resolving module '../jsutils/Maybe' from 'd:/DOPAMS/Toystack/dopams-backend-staging/node_modules/graphql/error/locatedError.d.ts'. ========
Resolution for module '../jsutils/Maybe' was found in cache from location 'd:/DOPAMS/Toystack/dopams-backend-staging/node_modules/graphql/error'.
======== Module name '../jsutils/Maybe' was successfully resolved to 'd:/DOPAMS/Toystack/dopams-backend-staging/node_modules/graphql/jsutils/Maybe.d.ts' with Package ID 'graphql/jsutils/Maybe.d.ts@16.12.0'. ========
======== Resolving module '../language/ast' from 'd:/DOPAMS/Toystack/dopams-backend-staging/node_modules/graphql/error/locatedError.d.ts'. ========
Resolution for module '../language/ast' was found in cache from location 'd:/DOPAMS/Toystack/dopams-backend-staging/node_modules/graphql/error'.
======== Module name '../language/ast' was successfully resolved to 'd:/DOPAMS/Toystack/dopams-backend-staging/node_modules/graphql/language/ast.d.ts' with Package ID 'graphql/language/ast.d.ts@16.12.0'. ========
======== Resolving module './GraphQLError' from 'd:/DOPAMS/Toystack/dopams-backend-staging/node_modules/graphql/error/locatedError.d.ts'. ========
Resolution for module './GraphQLError' was found in cache from location 'd:/DOPAMS/Toystack/dopams-backend-staging/node_modules/graphql/error'.
======== Module name './GraphQLError' was successfully resolved to 'd:/DOPAMS/Toystack/dopams-backend-staging/node_modules/graphql/error/GraphQLError.d.ts' with Package ID 'graphql/error/GraphQLError.d.ts@16.12.0'. ========
File 'd:/DOPAMS/Toystack/dopams-backend-staging/node_modules/graphql/utilities/package.json' does not exist according to earlier cached lookups.
File 'd:/DOPAMS/Toystack/dopams-backend-staging/node_modules/graphql/package.json' exists according to earlier cached lookups.
======== Resolving module './getIntrospectionQuery' from 'd:/DOPAMS/Toystack/dopams-backend-staging/node_modules/graphql/utilities/index.d.ts'. ========
Explicitly specified module resolution kind: 'Node10'.
Loading module as file / folder, candidate module location 'd:/DOPAMS/Toystack/dopams-backend-staging/node_modules/graphql/utilities/getIntrospectionQuery', target file types: TypeScript, Declaration.
File 'd:/DOPAMS/Toystack/dopams-backend-staging/node_modules/graphql/utilities/getIntrospectionQuery.ts' does not exist.
File 'd:/DOPAMS/Toystack/dopams-backend-staging/node_modules/graphql/utilities/getIntrospectionQuery.tsx' does not exist.
File 'd:/DOPAMS/Toystack/dopams-backend-staging/node_modules/graphql/utilities/getIntrospectionQuery.d.ts' exists - use it as a name resolution result.
File 'd:/DOPAMS/Toystack/dopams-backend-staging/node_modules/graphql/package.json' exists according to earlier cached lookups.
======== Module name './getIntrospectionQuery' was successfully resolved to 'd:/DOPAMS/Toystack/dopams-backend-staging/node_modules/graphql/utilities/getIntrospectionQuery.d.ts' with Package ID 'graphql/utilities/getIntrospectionQuery.d.ts@16.12.0'. ========
======== Resolving module './getOperationAST' from 'd:/DOPAMS/Toystack/dopams-backend-staging/node_modules/graphql/utilities/index.d.ts'. ========
Explicitly specified module resolution kind: 'Node10'.
Loading module as file / folder, candidate module location 'd:/DOPAMS/Toystack/dopams-backend-staging/node_modules/graphql/utilities/getOperationAST', target file types: TypeScript, Declaration.
File 'd:/DOPAMS/Toystack/dopams-backend-staging/node_modules/graphql/utilities/getOperationAST.ts' does not exist.
File 'd:/DOPAMS/Toystack/dopams-backend-staging/node_modules/graphql/utilities/getOperationAST.tsx' does not exist.
File 'd:/DOPAMS/Toystack/dopams-backend-staging/node_modules/graphql/utilities/getOperationAST.d.ts' exists - use it as a name resolution result.
File 'd:/DOPAMS/Toystack/dopams-backend-staging/node_modules/graphql/package.json' exists according to earlier cached lookups.
======== Module name './getOperationAST' was successfully resolved to 'd:/DOPAMS/Toystack/dopams-backend-staging/node_modules/graphql/utilities/getOperationAST.d.ts' with Package ID 'graphql/utilities/getOperationAST.d.ts@16.12.0'. ========
======== Resolving module './getOperationRootType' from 'd:/DOPAMS/Toystack/dopams-backend-staging/node_modules/graphql/utilities/index.d.ts'. ========
Explicitly specified module resolution kind: 'Node10'.
Loading module as file / folder, candidate module location 'd:/DOPAMS/Toystack/dopams-backend-staging/node_modules/graphql/utilities/getOperationRootType', target file types: TypeScript, Declaration.
File 'd:/DOPAMS/Toystack/dopams-backend-staging/node_modules/graphql/utilities/getOperationRootType.ts' does not exist.
File 'd:/DOPAMS/Toystack/dopams-backend-staging/node_modules/graphql/utilities/getOperationRootType.tsx' does not exist.
File 'd:/DOPAMS/Toystack/dopams-backend-staging/node_modules/graphql/utilities/getOperationRootType.d.ts' exists - use it as a name resolution result.
File 'd:/DOPAMS/Toystack/dopams-backend-staging/node_modules/graphql/package.json' exists according to earlier cached lookups.
======== Module name './getOperationRootType' was successfully resolved to 'd:/DOPAMS/Toystack/dopams-backend-staging/node_modules/graphql/utilities/getOperationRootType.d.ts' with Package ID 'graphql/utilities/getOperationRootType.d.ts@16.12.0'. ========
======== Resolving module './introspectionFromSchema' from 'd:/DOPAMS/Toystack/dopams-backend-staging/node_modules/graphql/utilities/index.d.ts'. ========
Explicitly specified module resolution kind: 'Node10'.
Loading module as file / folder, candidate module location 'd:/DOPAMS/Toystack/dopams-backend-staging/node_modules/graphql/utilities/introspectionFromSchema', target file types: TypeScript, Declaration.
File 'd:/DOPAMS/Toystack/dopams-backend-staging/node_modules/graphql/utilities/introspectionFromSchema.ts' does not exist.
File 'd:/DOPAMS/Toystack/dopams-backend-staging/node_modules/graphql/utilities/introspectionFromSchema.tsx' does not exist.
File 'd:/DOPAMS/Toystack/dopams-backend-staging/node_modules/graphql/utilities/introspectionFromSchema.d.ts' exists - use it as a name resolution result.
File 'd:/DOPAMS/Toystack/dopams-backend-staging/node_modules/graphql/package.json' exists according to earlier cached lookups.
======== Module name './introspectionFromSchema' was successfully resolved to 'd:/DOPAMS/Toystack/dopams-backend-staging/node_modules/graphql/utilities/introspectionFromSchema.d.ts' with Package ID 'graphql/utilities/introspectionFromSchema.d.ts@16.12.0'. ========
======== Resolving module './buildClientSchema' from 'd:/DOPAMS/Toystack/dopams-backend-staging/node_modules/graphql/utilities/index.d.ts'. ========
Explicitly specified module resolution kind: 'Node10'.
Loading module as file / folder, candidate module location 'd:/DOPAMS/Toystack/dopams-backend-staging/node_modules/graphql/utilities/buildClientSchema', target file types: TypeScript, Declaration.
File 'd:/DOPAMS/Toystack/dopams-backend-staging/node_modules/graphql/utilities/buildClientSchema.ts' does not exist.
File 'd:/DOPAMS/Toystack/dopams-backend-staging/node_modules/graphql/utilities/buildClientSchema.tsx' does not exist.
File 'd:/DOPAMS/Toystack/dopams-backend-staging/node_modules/graphql/utilities/buildClientSchema.d.ts' exists - use it as a name resolution result.
File 'd:/DOPAMS/Toystack/dopams-backend-staging/node_modules/graphql/package.json' exists according to earlier cached lookups.
======== Module name './buildClientSchema' was successfully resolved to 'd:/DOPAMS/Toystack/dopams-backend-staging/node_modules/graphql/utilities/buildClientSchema.d.ts' with Package ID 'graphql/utilities/buildClientSchema.d.ts@16.12.0'. ========
======== Resolving module './buildASTSchema' from 'd:/DOPAMS/Toystack/dopams-backend-staging/node_modules/graphql/utilities/index.d.ts'. ========
Explicitly specified module resolution kind: 'Node10'.
Loading module as file / folder, candidate module location 'd:/DOPAMS/Toystack/dopams-backend-staging/node_modules/graphql/utilities/buildASTSchema', target file types: TypeScript, Declaration.
File 'd:/DOPAMS/Toystack/dopams-backend-staging/node_modules/graphql/utilities/buildASTSchema.ts' does not exist.
File 'd:/DOPAMS/Toystack/dopams-backend-staging/node_modules/graphql/utilities/buildASTSchema.tsx' does not exist.
File 'd:/DOPAMS/Toystack/dopams-backend-staging/node_modules/graphql/utilities/buildASTSchema.d.ts' exists - use it as a name resolution result.
File 'd:/DOPAMS/Toystack/dopams-backend-staging/node_modules/graphql/package.json' exists according to earlier cached lookups.
======== Module name './buildASTSchema' was successfully resolved to 'd:/DOPAMS/Toystack/dopams-backend-staging/node_modules/graphql/utilities/buildASTSchema.d.ts' with Package ID 'graphql/utilities/buildASTSchema.d.ts@16.12.0'. ========
======== Resolving module './extendSchema' from 'd:/DOPAMS/Toystack/dopams-backend-staging/node_modules/graphql/utilities/index.d.ts'. ========
Explicitly specified module resolution kind: 'Node10'.
Loading module as file / folder, candidate module location 'd:/DOPAMS/Toystack/dopams-backend-staging/node_modules/graphql/utilities/extendSchema', target file types: TypeScript, Declaration.
File 'd:/DOPAMS/Toystack/dopams-backend-staging/node_modules/graphql/utilities/extendSchema.ts' does not exist.
File 'd:/DOPAMS/Toystack/dopams-backend-staging/node_modules/graphql/utilities/extendSchema.tsx' does not exist.
File 'd:/DOPAMS/Toystack/dopams-backend-staging/node_modules/graphql/utilities/extendSchema.d.ts' exists - use it as a name resolution result.
File 'd:/DOPAMS/Toystack/dopams-backend-staging/node_modules/graphql/package.json' exists according to earlier cached lookups.
======== Module name './extendSchema' was successfully resolved to 'd:/DOPAMS/Toystack/dopams-backend-staging/node_modules/graphql/utilities/extendSchema.d.ts' with Package ID 'graphql/utilities/extendSchema.d.ts@16.12.0'. ========
======== Resolving module './lexicographicSortSchema' from 'd:/DOPAMS/Toystack/dopams-backend-staging/node_modules/graphql/utilities/index.d.ts'. ========
Explicitly specified module resolution kind: 'Node10'.
Loading module as file / folder, candidate module location 'd:/DOPAMS/Toystack/dopams-backend-staging/node_modules/graphql/utilities/lexicographicSortSchema', target file types: TypeScript, Declaration.
File 'd:/DOPAMS/Toystack/dopams-backend-staging/node_modules/graphql/utilities/lexicographicSortSchema.ts' does not exist.
File 'd:/DOPAMS/Toystack/dopams-backend-staging/node_modules/graphql/utilities/lexicographicSortSchema.tsx' does not exist.
File 'd:/DOPAMS/Toystack/dopams-backend-staging/node_modules/graphql/utilities/lexicographicSortSchema.d.ts' exists - use it as a name resolution result.
File 'd:/DOPAMS/Toystack/dopams-backend-staging/node_modules/graphql/package.json' exists according to earlier cached lookups.
======== Module name './lexicographicSortSchema' was successfully resolved to 'd:/DOPAMS/Toystack/dopams-backend-staging/node_modules/graphql/utilities/lexicographicSortSchema.d.ts' with Package ID 'graphql/utilities/lexicographicSortSchema.d.ts@16.12.0'. ========
======== Resolving module './printSchema' from 'd:/DOPAMS/Toystack/dopams-backend-staging/node_modules/graphql/utilities/index.d.ts'. ========
Explicitly specified module resolution kind: 'Node10'.
Loading module as file / folder, candidate module location 'd:/DOPAMS/Toystack/dopams-backend-staging/node_modules/graphql/utilities/printSchema', target file types: TypeScript, Declaration.
File 'd:/DOPAMS/Toystack/dopams-backend-staging/node_modules/graphql/utilities/printSchema.ts' does not exist.
File 'd:/DOPAMS/Toystack/dopams-backend-staging/node_modules/graphql/utilities/printSchema.tsx' does not exist.
File 'd:/DOPAMS/Toystack/dopams-backend-staging/node_modules/graphql/utilities/printSchema.d.ts' exists - use it as a name resolution result.
File 'd:/DOPAMS/Toystack/dopams-backend-staging/node_modules/graphql/package.json' exists according to earlier cached lookups.
======== Module name './printSchema' was successfully resolved to 'd:/DOPAMS/Toystack/dopams-backend-staging/node_modules/graphql/utilities/printSchema.d.ts' with Package ID 'graphql/utilities/printSchema.d.ts@16.12.0'. ========
======== Resolving module './typeFromAST' from 'd:/DOPAMS/Toystack/dopams-backend-staging/node_modules/graphql/utilities/index.d.ts'. ========
Explicitly specified module resolution kind: 'Node10'.
Loading module as file / folder, candidate module location 'd:/DOPAMS/Toystack/dopams-backend-staging/node_modules/graphql/utilities/typeFromAST', target file types: TypeScript, Declaration.
File 'd:/DOPAMS/Toystack/dopams-backend-staging/node_modules/graphql/utilities/typeFromAST.ts' does not exist.
File 'd:/DOPAMS/Toystack/dopams-backend-staging/node_modules/graphql/utilities/typeFromAST.tsx' does not exist.
File 'd:/DOPAMS/Toystack/dopams-backend-staging/node_modules/graphql/utilities/typeFromAST.d.ts' exists - use it as a name resolution result.
File 'd:/DOPAMS/Toystack/dopams-backend-staging/node_modules/graphql/package.json' exists according to earlier cached lookups.
======== Module name './typeFromAST' was successfully resolved to 'd:/DOPAMS/Toystack/dopams-backend-staging/node_modules/graphql/utilities/typeFromAST.d.ts' with Package ID 'graphql/utilities/typeFromAST.d.ts@16.12.0'. ========
======== Resolving module './valueFromAST' from 'd:/DOPAMS/Toystack/dopams-backend-staging/node_modules/graphql/utilities/index.d.ts'. ========
Explicitly specified module resolution kind: 'Node10'.
Loading module as file / folder, candidate module location 'd:/DOPAMS/Toystack/dopams-backend-staging/node_modules/graphql/utilities/valueFromAST', target file types: TypeScript, Declaration.
File 'd:/DOPAMS/Toystack/dopams-backend-staging/node_modules/graphql/utilities/valueFromAST.ts' does not exist.
File 'd:/DOPAMS/Toystack/dopams-backend-staging/node_modules/graphql/utilities/valueFromAST.tsx' does not exist.
File 'd:/DOPAMS/Toystack/dopams-backend-staging/node_modules/graphql/utilities/valueFromAST.d.ts' exists - use it as a name resolution result.
File 'd:/DOPAMS/Toystack/dopams-backend-staging/node_modules/graphql/package.json' exists according to earlier cached lookups.
======== Module name './valueFromAST' was successfully resolved to 'd:/DOPAMS/Toystack/dopams-backend-staging/node_modules/graphql/utilities/valueFromAST.d.ts' with Package ID 'graphql/utilities/valueFromAST.d.ts@16.12.0'. ========
======== Resolving module './valueFromASTUntyped' from 'd:/DOPAMS/Toystack/dopams-backend-staging/node_modules/graphql/utilities/index.d.ts'. ========
Explicitly specified module resolution kind: 'Node10'.
Loading module as file / folder, candidate module location 'd:/DOPAMS/Toystack/dopams-backend-staging/node_modules/graphql/utilities/valueFromASTUntyped', target file types: TypeScript, Declaration.
File 'd:/DOPAMS/Toystack/dopams-backend-staging/node_modules/graphql/utilities/valueFromASTUntyped.ts' does not exist.
File 'd:/DOPAMS/Toystack/dopams-backend-staging/node_modules/graphql/utilities/valueFromASTUntyped.tsx' does not exist.
File 'd:/DOPAMS/Toystack/dopams-backend-staging/node_modules/graphql/utilities/valueFromASTUntyped.d.ts' exists - use it as a name resolution result.
File 'd:/DOPAMS/Toystack/dopams-backend-staging/node_modules/graphql/package.json' exists according to earlier cached lookups.
======== Module name './valueFromASTUntyped' was successfully resolved to 'd:/DOPAMS/Toystack/dopams-backend-staging/node_modules/graphql/utilities/valueFromASTUntyped.d.ts' with Package ID 'graphql/utilities/valueFromASTUntyped.d.ts@16.12.0'. ========
======== Resolving module './astFromValue' from 'd:/DOPAMS/Toystack/dopams-backend-staging/node_modules/graphql/utilities/index.d.ts'. ========
Explicitly specified module resolution kind: 'Node10'.
Loading module as file / folder, candidate module location 'd:/DOPAMS/Toystack/dopams-backend-staging/node_modules/graphql/utilities/astFromValue', target file types: TypeScript, Declaration.
File 'd:/DOPAMS/Toystack/dopams-backend-staging/node_modules/graphql/utilities/astFromValue.ts' does not exist.
File 'd:/DOPAMS/Toystack/dopams-backend-staging/node_modules/graphql/utilities/astFromValue.tsx' does not exist.
File 'd:/DOPAMS/Toystack/dopams-backend-staging/node_modules/graphql/utilities/astFromValue.d.ts' exists - use it as a name resolution result.
File 'd:/DOPAMS/Toystack/dopams-backend-staging/node_modules/graphql/package.json' exists according to earlier cached lookups.
======== Module name './astFromValue' was successfully resolved to 'd:/DOPAMS/Toystack/dopams-backend-staging/node_modules/graphql/utilities/astFromValue.d.ts' with Package ID 'graphql/utilities/astFromValue.d.ts@16.12.0'. ========
======== Resolving module './TypeInfo' from 'd:/DOPAMS/Toystack/dopams-backend-staging/node_modules/graphql/utilities/index.d.ts'. ========
Explicitly specified module resolution kind: 'Node10'.
Loading module as file / folder, candidate module location 'd:/DOPAMS/Toystack/dopams-backend-staging/node_modules/graphql/utilities/TypeInfo', target file types: TypeScript, Declaration.
File 'd:/DOPAMS/Toystack/dopams-backend-staging/node_modules/graphql/utilities/TypeInfo.ts' does not exist.
File 'd:/DOPAMS/Toystack/dopams-backend-staging/node_modules/graphql/utilities/TypeInfo.tsx' does not exist.
File 'd:/DOPAMS/Toystack/dopams-backend-staging/node_modules/graphql/utilities/TypeInfo.d.ts' exists - use it as a name resolution result.
File 'd:/DOPAMS/Toystack/dopams-backend-staging/node_modules/graphql/package.json' exists according to earlier cached lookups.
======== Module name './TypeInfo' was successfully resolved to 'd:/DOPAMS/Toystack/dopams-backend-staging/node_modules/graphql/utilities/TypeInfo.d.ts' with Package ID 'graphql/utilities/TypeInfo.d.ts@16.12.0'. ========
======== Resolving module './coerceInputValue' from 'd:/DOPAMS/Toystack/dopams-backend-staging/node_modules/graphql/utilities/index.d.ts'. ========
Explicitly specified module resolution kind: 'Node10'.
Loading module as file / folder, candidate module location 'd:/DOPAMS/Toystack/dopams-backend-staging/node_modules/graphql/utilities/coerceInputValue', target file types: TypeScript, Declaration.
File 'd:/DOPAMS/Toystack/dopams-backend-staging/node_modules/graphql/utilities/coerceInputValue.ts' does not exist.
File 'd:/DOPAMS/Toystack/dopams-backend-staging/node_modules/graphql/utilities/coerceInputValue.tsx' does not exist.
File 'd:/DOPAMS/Toystack/dopams-backend-staging/node_modules/graphql/utilities/coerceInputValue.d.ts' exists - use it as a name resolution result.
File 'd:/DOPAMS/Toystack/dopams-backend-staging/node_modules/graphql/package.json' exists according to earlier cached lookups.
======== Module name './coerceInputValue' was successfully resolved to 'd:/DOPAMS/Toystack/dopams-backend-staging/node_modules/graphql/utilities/coerceInputValue.d.ts' with Package ID 'graphql/utilities/coerceInputValue.d.ts@16.12.0'. ========
======== Resolving module './concatAST' from 'd:/DOPAMS/Toystack/dopams-backend-staging/node_modules/graphql/utilities/index.d.ts'. ========
Explicitly specified module resolution kind: 'Node10'.
Loading module as file / folder, candidate module location 'd:/DOPAMS/Toystack/dopams-backend-staging/node_modules/graphql/utilities/concatAST', target file types: TypeScript, Declaration.
File 'd:/DOPAMS/Toystack/dopams-backend-staging/node_modules/graphql/utilities/concatAST.ts' does not exist.
File 'd:/DOPAMS/Toystack/dopams-backend-staging/node_modules/graphql/utilities/concatAST.tsx' does not exist.
File 'd:/DOPAMS/Toystack/dopams-backend-staging/node_modules/graphql/utilities/concatAST.d.ts' exists - use it as a name resolution result.
File 'd:/DOPAMS/Toystack/dopams-backend-staging/node_modules/graphql/package.json' exists according to earlier cached lookups.
======== Module name './concatAST' was successfully resolved to 'd:/DOPAMS/Toystack/dopams-backend-staging/node_modules/graphql/utilities/concatAST.d.ts' with Package ID 'graphql/utilities/concatAST.d.ts@16.12.0'. ========
======== Resolving module './separateOperations' from 'd:/DOPAMS/Toystack/dopams-backend-staging/node_modules/graphql/utilities/index.d.ts'. ========
Explicitly specified module resolution kind: 'Node10'.
Loading module as file / folder, candidate module location 'd:/DOPAMS/Toystack/dopams-backend-staging/node_modules/graphql/utilities/separateOperations', target file types: TypeScript, Declaration.
File 'd:/DOPAMS/Toystack/dopams-backend-staging/node_modules/graphql/utilities/separateOperations.ts' does not exist.
File 'd:/DOPAMS/Toystack/dopams-backend-staging/node_modules/graphql/utilities/separateOperations.tsx' does not exist.
File 'd:/DOPAMS/Toystack/dopams-backend-staging/node_modules/graphql/utilities/separateOperations.d.ts' exists - use it as a name resolution result.
File 'd:/DOPAMS/Toystack/dopams-backend-staging/node_modules/graphql/package.json' exists according to earlier cached lookups.
======== Module name './separateOperations' was successfully resolved to 'd:/DOPAMS/Toystack/dopams-backend-staging/node_modules/graphql/utilities/separateOperations.d.ts' with Package ID 'graphql/utilities/separateOperations.d.ts@16.12.0'. ========
======== Resolving module './stripIgnoredCharacters' from 'd:/DOPAMS/Toystack/dopams-backend-staging/node_modules/graphql/utilities/index.d.ts'. ========
Explicitly specified module resolution kind: 'Node10'.
Loading module as file / folder, candidate module location 'd:/DOPAMS/Toystack/dopams-backend-staging/node_modules/graphql/utilities/stripIgnoredCharacters', target file types: TypeScript, Declaration.
File 'd:/DOPAMS/Toystack/dopams-backend-staging/node_modules/graphql/utilities/stripIgnoredCharacters.ts' does not exist.
File 'd:/DOPAMS/Toystack/dopams-backend-staging/node_modules/graphql/utilities/stripIgnoredCharacters.tsx' does not exist.
File 'd:/DOPAMS/Toystack/dopams-backend-staging/node_modules/graphql/utilities/stripIgnoredCharacters.d.ts' exists - use it as a name resolution result.
File 'd:/DOPAMS/Toystack/dopams-backend-staging/node_modules/graphql/package.json' exists according to earlier cached lookups.
======== Module name './stripIgnoredCharacters' was successfully resolved to 'd:/DOPAMS/Toystack/dopams-backend-staging/node_modules/graphql/utilities/stripIgnoredCharacters.d.ts' with Package ID 'graphql/utilities/stripIgnoredCharacters.d.ts@16.12.0'. ========
======== Resolving module './typeComparators' from 'd:/DOPAMS/Toystack/dopams-backend-staging/node_modules/graphql/utilities/index.d.ts'. ========
Explicitly specified module resolution kind: 'Node10'.
Loading module as file / folder, candidate module location 'd:/DOPAMS/Toystack/dopams-backend-staging/node_modules/graphql/utilities/typeComparators', target file types: TypeScript, Declaration.
File 'd:/DOPAMS/Toystack/dopams-backend-staging/node_modules/graphql/utilities/typeComparators.ts' does not exist.
File 'd:/DOPAMS/Toystack/dopams-backend-staging/node_modules/graphql/utilities/typeComparators.tsx' does not exist.
File 'd:/DOPAMS/Toystack/dopams-backend-staging/node_modules/graphql/utilities/typeComparators.d.ts' exists - use it as a name resolution result.
File 'd:/DOPAMS/Toystack/dopams-backend-staging/node_modules/graphql/package.json' exists according to earlier cached lookups.
======== Module name './typeComparators' was successfully resolved to 'd:/DOPAMS/Toystack/dopams-backend-staging/node_modules/graphql/utilities/typeComparators.d.ts' with Package ID 'graphql/utilities/typeComparators.d.ts@16.12.0'. ========
======== Resolving module './assertValidName' from 'd:/DOPAMS/Toystack/dopams-backend-staging/node_modules/graphql/utilities/index.d.ts'. ========
Explicitly specified module resolution kind: 'Node10'.
Loading module as file / folder, candidate module location 'd:/DOPAMS/Toystack/dopams-backend-staging/node_modules/graphql/utilities/assertValidName', target file types: TypeScript, Declaration.
File 'd:/DOPAMS/Toystack/dopams-backend-staging/node_modules/graphql/utilities/assertValidName.ts' does not exist.
File 'd:/DOPAMS/Toystack/dopams-backend-staging/node_modules/graphql/utilities/assertValidName.tsx' does not exist.
File 'd:/DOPAMS/Toystack/dopams-backend-staging/node_modules/graphql/utilities/assertValidName.d.ts' exists - use it as a name resolution result.
File 'd:/DOPAMS/Toystack/dopams-backend-staging/node_modules/graphql/package.json' exists according to earlier cached lookups.
======== Module name './assertValidName' was successfully resolved to 'd:/DOPAMS/Toystack/dopams-backend-staging/node_modules/graphql/utilities/assertValidName.d.ts' with Package ID 'graphql/utilities/assertValidName.d.ts@16.12.0'. ========
======== Resolving module './findBreakingChanges' from 'd:/DOPAMS/Toystack/dopams-backend-staging/node_modules/graphql/utilities/index.d.ts'. ========
Explicitly specified module resolution kind: 'Node10'.
Loading module as file / folder, candidate module location 'd:/DOPAMS/Toystack/dopams-backend-staging/node_modules/graphql/utilities/findBreakingChanges', target file types: TypeScript, Declaration.
File 'd:/DOPAMS/Toystack/dopams-backend-staging/node_modules/graphql/utilities/findBreakingChanges.ts' does not exist.
File 'd:/DOPAMS/Toystack/dopams-backend-staging/node_modules/graphql/utilities/findBreakingChanges.tsx' does not exist.
File 'd:/DOPAMS/Toystack/dopams-backend-staging/node_modules/graphql/utilities/findBreakingChanges.d.ts' exists - use it as a name resolution result.
File 'd:/DOPAMS/Toystack/dopams-backend-staging/node_modules/graphql/package.json' exists according to earlier cached lookups.
======== Module name './findBreakingChanges' was successfully resolved to 'd:/DOPAMS/Toystack/dopams-backend-staging/node_modules/graphql/utilities/findBreakingChanges.d.ts' with Package ID 'graphql/utilities/findBreakingChanges.d.ts@16.12.0'. ========
======== Resolving module './typedQueryDocumentNode' from 'd:/DOPAMS/Toystack/dopams-backend-staging/node_modules/graphql/utilities/index.d.ts'. ========
Explicitly specified module resolution kind: 'Node10'.
Loading module as file / folder, candidate module location 'd:/DOPAMS/Toystack/dopams-backend-staging/node_modules/graphql/utilities/typedQueryDocumentNode', target file types: TypeScript, Declaration.
File 'd:/DOPAMS/Toystack/dopams-backend-staging/node_modules/graphql/utilities/typedQueryDocumentNode.ts' does not exist.
File 'd:/DOPAMS/Toystack/dopams-backend-staging/node_modules/graphql/utilities/typedQueryDocumentNode.tsx' does not exist.
File 'd:/DOPAMS/Toystack/dopams-backend-staging/node_modules/graphql/utilities/typedQueryDocumentNode.d.ts' exists - use it as a name resolution result.
File 'd:/DOPAMS/Toystack/dopams-backend-staging/node_modules/graphql/package.json' exists according to earlier cached lookups.
======== Module name './typedQueryDocumentNode' was successfully resolved to 'd:/DOPAMS/Toystack/dopams-backend-staging/node_modules/graphql/utilities/typedQueryDocumentNode.d.ts' with Package ID 'graphql/utilities/typedQueryDocumentNode.d.ts@16.12.0'. ========
======== Resolving module './resolveSchemaCoordinate' from 'd:/DOPAMS/Toystack/dopams-backend-staging/node_modules/graphql/utilities/index.d.ts'. ========
Explicitly specified module resolution kind: 'Node10'.
Loading module as file / folder, candidate module location 'd:/DOPAMS/Toystack/dopams-backend-staging/node_modules/graphql/utilities/resolveSchemaCoordinate', target file types: TypeScript, Declaration.
File 'd:/DOPAMS/Toystack/dopams-backend-staging/node_modules/graphql/utilities/resolveSchemaCoordinate.ts' does not exist.
File 'd:/DOPAMS/Toystack/dopams-backend-staging/node_modules/graphql/utilities/resolveSchemaCoordinate.tsx' does not exist.
File 'd:/DOPAMS/Toystack/dopams-backend-staging/node_modules/graphql/utilities/resolveSchemaCoordinate.d.ts' exists - use it as a name resolution result.
File 'd:/DOPAMS/Toystack/dopams-backend-staging/node_modules/graphql/package.json' exists according to earlier cached lookups.
======== Module name './resolveSchemaCoordinate' was successfully resolved to 'd:/DOPAMS/Toystack/dopams-backend-staging/node_modules/graphql/utilities/resolveSchemaCoordinate.d.ts' with Package ID 'graphql/utilities/resolveSchemaCoordinate.d.ts@16.12.0'. ========
File 'd:/DOPAMS/Toystack/dopams-backend-staging/node_modules/graphql/utilities/package.json' does not exist according to earlier cached lookups.
File 'd:/DOPAMS/Toystack/dopams-backend-staging/node_modules/graphql/package.json' exists according to earlier cached lookups.
======== Resolving module '../jsutils/Maybe' from 'd:/DOPAMS/Toystack/dopams-backend-staging/node_modules/graphql/utilities/getIntrospectionQuery.d.ts'. ========
Resolution for module '../jsutils/Maybe' was found in cache from location 'd:/DOPAMS/Toystack/dopams-backend-staging/node_modules/graphql/utilities'.
======== Module name '../jsutils/Maybe' was successfully resolved to 'd:/DOPAMS/Toystack/dopams-backend-staging/node_modules/graphql/jsutils/Maybe.d.ts' with Package ID 'graphql/jsutils/Maybe.d.ts@16.12.0'. ========
======== Resolving module '../language/directiveLocation' from 'd:/DOPAMS/Toystack/dopams-backend-staging/node_modules/graphql/utilities/getIntrospectionQuery.d.ts'. ========
Explicitly specified module resolution kind: 'Node10'.
Loading module as file / folder, candidate module location 'd:/DOPAMS/Toystack/dopams-backend-staging/node_modules/graphql/language/directiveLocation', target file types: TypeScript, Declaration.
File 'd:/DOPAMS/Toystack/dopams-backend-staging/node_modules/graphql/language/directiveLocation.ts' does not exist.
File 'd:/DOPAMS/Toystack/dopams-backend-staging/node_modules/graphql/language/directiveLocation.tsx' does not exist.
File 'd:/DOPAMS/Toystack/dopams-backend-staging/node_modules/graphql/language/directiveLocation.d.ts' exists - use it as a name resolution result.
File 'd:/DOPAMS/Toystack/dopams-backend-staging/node_modules/graphql/package.json' exists according to earlier cached lookups.
======== Module name '../language/directiveLocation' was successfully resolved to 'd:/DOPAMS/Toystack/dopams-backend-staging/node_modules/graphql/language/directiveLocation.d.ts' with Package ID 'graphql/language/directiveLocation.d.ts@16.12.0'. ========
File 'd:/DOPAMS/Toystack/dopams-backend-staging/node_modules/graphql/utilities/package.json' does not exist according to earlier cached lookups.
File 'd:/DOPAMS/Toystack/dopams-backend-staging/node_modules/graphql/package.json' exists according to earlier cached lookups.
======== Resolving module '../jsutils/Maybe' from 'd:/DOPAMS/Toystack/dopams-backend-staging/node_modules/graphql/utilities/getOperationAST.d.ts'. ========
Resolution for module '../jsutils/Maybe' was found in cache from location 'd:/DOPAMS/Toystack/dopams-backend-staging/node_modules/graphql/utilities'.
======== Module name '../jsutils/Maybe' was successfully resolved to 'd:/DOPAMS/Toystack/dopams-backend-staging/node_modules/graphql/jsutils/Maybe.d.ts' with Package ID 'graphql/jsutils/Maybe.d.ts@16.12.0'. ========
======== Resolving module '../language/ast' from 'd:/DOPAMS/Toystack/dopams-backend-staging/node_modules/graphql/utilities/getOperationAST.d.ts'. ========
Resolution for module '../language/ast' was found in cache from location 'd:/DOPAMS/Toystack/dopams-backend-staging/node_modules/graphql/utilities'.
======== Module name '../language/ast' was successfully resolved to 'd:/DOPAMS/Toystack/dopams-backend-staging/node_modules/graphql/language/ast.d.ts' with Package ID 'graphql/language/ast.d.ts@16.12.0'. ========
File 'd:/DOPAMS/Toystack/dopams-backend-staging/node_modules/graphql/utilities/package.json' does not exist according to earlier cached lookups.
File 'd:/DOPAMS/Toystack/dopams-backend-staging/node_modules/graphql/package.json' exists according to earlier cached lookups.
======== Resolving module '../language/ast' from 'd:/DOPAMS/Toystack/dopams-backend-staging/node_modules/graphql/utilities/getOperationRootType.d.ts'. ========
Resolution for module '../language/ast' was found in cache from location 'd:/DOPAMS/Toystack/dopams-backend-staging/node_modules/graphql/utilities'.
======== Module name '../language/ast' was successfully resolved to 'd:/DOPAMS/Toystack/dopams-backend-staging/node_modules/graphql/language/ast.d.ts' with Package ID 'graphql/language/ast.d.ts@16.12.0'. ========
======== Resolving module '../type/definition' from 'd:/DOPAMS/Toystack/dopams-backend-staging/node_modules/graphql/utilities/getOperationRootType.d.ts'. ========
Resolution for module '../type/definition' was found in cache from location 'd:/DOPAMS/Toystack/dopams-backend-staging/node_modules/graphql/utilities'.
======== Module name '../type/definition' was successfully resolved to 'd:/DOPAMS/Toystack/dopams-backend-staging/node_modules/graphql/type/definition.d.ts' with Package ID 'graphql/type/definition.d.ts@16.12.0'. ========
======== Resolving module '../type/schema' from 'd:/DOPAMS/Toystack/dopams-backend-staging/node_modules/graphql/utilities/getOperationRootType.d.ts'. ========
Resolution for module '../type/schema' was found in cache from location 'd:/DOPAMS/Toystack/dopams-backend-staging/node_modules/graphql/utilities'.
======== Module name '../type/schema' was successfully resolved to 'd:/DOPAMS/Toystack/dopams-backend-staging/node_modules/graphql/type/schema.d.ts' with Package ID 'graphql/type/schema.d.ts@16.12.0'. ========
File 'd:/DOPAMS/Toystack/dopams-backend-staging/node_modules/graphql/utilities/package.json' does not exist according to earlier cached lookups.
File 'd:/DOPAMS/Toystack/dopams-backend-staging/node_modules/graphql/package.json' exists according to earlier cached lookups.
======== Resolving module '../type/schema' from 'd:/DOPAMS/Toystack/dopams-backend-staging/node_modules/graphql/utilities/introspectionFromSchema.d.ts'. ========
Resolution for module '../type/schema' was found in cache from location 'd:/DOPAMS/Toystack/dopams-backend-staging/node_modules/graphql/utilities'.
======== Module name '../type/schema' was successfully resolved to 'd:/DOPAMS/Toystack/dopams-backend-staging/node_modules/graphql/type/schema.d.ts' with Package ID 'graphql/type/schema.d.ts@16.12.0'. ========
======== Resolving module './getIntrospectionQuery' from 'd:/DOPAMS/Toystack/dopams-backend-staging/node_modules/graphql/utilities/introspectionFromSchema.d.ts'. ========
Resolution for module './getIntrospectionQuery' was found in cache from location 'd:/DOPAMS/Toystack/dopams-backend-staging/node_modules/graphql/utilities'.
======== Module name './getIntrospectionQuery' was successfully resolved to 'd:/DOPAMS/Toystack/dopams-backend-staging/node_modules/graphql/utilities/getIntrospectionQuery.d.ts' with Package ID 'graphql/utilities/getIntrospectionQuery.d.ts@16.12.0'. ========
File 'd:/DOPAMS/Toystack/dopams-backend-staging/node_modules/graphql/utilities/package.json' does not exist according to earlier cached lookups.
File 'd:/DOPAMS/Toystack/dopams-backend-staging/node_modules/graphql/package.json' exists according to earlier cached lookups.
======== Resolving module '../type/schema' from 'd:/DOPAMS/Toystack/dopams-backend-staging/node_modules/graphql/utilities/buildClientSchema.d.ts'. ========
Resolution for module '../type/schema' was found in cache from location 'd:/DOPAMS/Toystack/dopams-backend-staging/node_modules/graphql/utilities'.
======== Module name '../type/schema' was successfully resolved to 'd:/DOPAMS/Toystack/dopams-backend-staging/node_modules/graphql/type/schema.d.ts' with Package ID 'graphql/type/schema.d.ts@16.12.0'. ========
======== Resolving module './getIntrospectionQuery' from 'd:/DOPAMS/Toystack/dopams-backend-staging/node_modules/graphql/utilities/buildClientSchema.d.ts'. ========
Resolution for module './getIntrospectionQuery' was found in cache from location 'd:/DOPAMS/Toystack/dopams-backend-staging/node_modules/graphql/utilities'.
======== Module name './getIntrospectionQuery' was successfully resolved to 'd:/DOPAMS/Toystack/dopams-backend-staging/node_modules/graphql/utilities/getIntrospectionQuery.d.ts' with Package ID 'graphql/utilities/getIntrospectionQuery.d.ts@16.12.0'. ========
File 'd:/DOPAMS/Toystack/dopams-backend-staging/node_modules/graphql/utilities/package.json' does not exist according to earlier cached lookups.
File 'd:/DOPAMS/Toystack/dopams-backend-staging/node_modules/graphql/package.json' exists according to earlier cached lookups.
======== Resolving module '../language/ast' from 'd:/DOPAMS/Toystack/dopams-backend-staging/node_modules/graphql/utilities/buildASTSchema.d.ts'. ========
Resolution for module '../language/ast' was found in cache from location 'd:/DOPAMS/Toystack/dopams-backend-staging/node_modules/graphql/utilities'.
======== Module name '../language/ast' was successfully resolved to 'd:/DOPAMS/Toystack/dopams-backend-staging/node_modules/graphql/language/ast.d.ts' with Package ID 'graphql/language/ast.d.ts@16.12.0'. ========
======== Resolving module '../language/parser' from 'd:/DOPAMS/Toystack/dopams-backend-staging/node_modules/graphql/utilities/buildASTSchema.d.ts'. ========
Explicitly specified module resolution kind: 'Node10'.
Loading module as file / folder, candidate module location 'd:/DOPAMS/Toystack/dopams-backend-staging/node_modules/graphql/language/parser', target file types: TypeScript, Declaration.
File 'd:/DOPAMS/Toystack/dopams-backend-staging/node_modules/graphql/language/parser.ts' does not exist.
File 'd:/DOPAMS/Toystack/dopams-backend-staging/node_modules/graphql/language/parser.tsx' does not exist.
File 'd:/DOPAMS/Toystack/dopams-backend-staging/node_modules/graphql/language/parser.d.ts' exists - use it as a name resolution result.
File 'd:/DOPAMS/Toystack/dopams-backend-staging/node_modules/graphql/package.json' exists according to earlier cached lookups.
======== Module name '../language/parser' was successfully resolved to 'd:/DOPAMS/Toystack/dopams-backend-staging/node_modules/graphql/language/parser.d.ts' with Package ID 'graphql/language/parser.d.ts@16.12.0'. ========
======== Resolving module '../language/source' from 'd:/DOPAMS/Toystack/dopams-backend-staging/node_modules/graphql/utilities/buildASTSchema.d.ts'. ========
Explicitly specified module resolution kind: 'Node10'.
Loading module as file / folder, candidate module location 'd:/DOPAMS/Toystack/dopams-backend-staging/node_modules/graphql/language/source', target file types: TypeScript, Declaration.
File 'd:/DOPAMS/Toystack/dopams-backend-staging/node_modules/graphql/language/source.ts' does not exist.
File 'd:/DOPAMS/Toystack/dopams-backend-staging/node_modules/graphql/language/source.tsx' does not exist.
File 'd:/DOPAMS/Toystack/dopams-backend-staging/node_modules/graphql/language/source.d.ts' exists - use it as a name resolution result.
File 'd:/DOPAMS/Toystack/dopams-backend-staging/node_modules/graphql/package.json' exists according to earlier cached lookups.
======== Module name '../language/source' was successfully resolved to 'd:/DOPAMS/Toystack/dopams-backend-staging/node_modules/graphql/language/source.d.ts' with Package ID 'graphql/language/source.d.ts@16.12.0'. ========
======== Resolving module '../type/schema' from 'd:/DOPAMS/Toystack/dopams-backend-staging/node_modules/graphql/utilities/buildASTSchema.d.ts'. ========
Resolution for module '../type/schema' was found in cache from location 'd:/DOPAMS/Toystack/dopams-backend-staging/node_modules/graphql/utilities'.
======== Module name '../type/schema' was successfully resolved to 'd:/DOPAMS/Toystack/dopams-backend-staging/node_modules/graphql/type/schema.d.ts' with Package ID 'graphql/type/schema.d.ts@16.12.0'. ========
File 'd:/DOPAMS/Toystack/dopams-backend-staging/node_modules/graphql/utilities/package.json' does not exist according to earlier cached lookups.
File 'd:/DOPAMS/Toystack/dopams-backend-staging/node_modules/graphql/package.json' exists according to earlier cached lookups.
======== Resolving module '../language/ast' from 'd:/DOPAMS/Toystack/dopams-backend-staging/node_modules/graphql/utilities/extendSchema.d.ts'. ========
Resolution for module '../language/ast' was found in cache from location 'd:/DOPAMS/Toystack/dopams-backend-staging/node_modules/graphql/utilities'.
======== Module name '../language/ast' was successfully resolved to 'd:/DOPAMS/Toystack/dopams-backend-staging/node_modules/graphql/language/ast.d.ts' with Package ID 'graphql/language/ast.d.ts@16.12.0'. ========
======== Resolving module '../type/schema' from 'd:/DOPAMS/Toystack/dopams-backend-staging/node_modules/graphql/utilities/extendSchema.d.ts'. ========
Resolution for module '../type/schema' was found in cache from location 'd:/DOPAMS/Toystack/dopams-backend-staging/node_modules/graphql/utilities'.
======== Module name '../type/schema' was successfully resolved to 'd:/DOPAMS/Toystack/dopams-backend-staging/node_modules/graphql/type/schema.d.ts' with Package ID 'graphql/type/schema.d.ts@16.12.0'. ========
File 'd:/DOPAMS/Toystack/dopams-backend-staging/node_modules/graphql/utilities/package.json' does not exist according to earlier cached lookups.
File 'd:/DOPAMS/Toystack/dopams-backend-staging/node_modules/graphql/package.json' exists according to earlier cached lookups.
======== Resolving module '../type/schema' from 'd:/DOPAMS/Toystack/dopams-backend-staging/node_modules/graphql/utilities/lexicographicSortSchema.d.ts'. ========
Resolution for module '../type/schema' was found in cache from location 'd:/DOPAMS/Toystack/dopams-backend-staging/node_modules/graphql/utilities'.
======== Module name '../type/schema' was successfully resolved to 'd:/DOPAMS/Toystack/dopams-backend-staging/node_modules/graphql/type/schema.d.ts' with Package ID 'graphql/type/schema.d.ts@16.12.0'. ========
File 'd:/DOPAMS/Toystack/dopams-backend-staging/node_modules/graphql/utilities/package.json' does not exist according to earlier cached lookups.
File 'd:/DOPAMS/Toystack/dopams-backend-staging/node_modules/graphql/package.json' exists according to earlier cached lookups.
======== Resolving module '../type/definition' from 'd:/DOPAMS/Toystack/dopams-backend-staging/node_modules/graphql/utilities/printSchema.d.ts'. ========
Resolution for module '../type/definition' was found in cache from location 'd:/DOPAMS/Toystack/dopams-backend-staging/node_modules/graphql/utilities'.
======== Module name '../type/definition' was successfully resolved to 'd:/DOPAMS/Toystack/dopams-backend-staging/node_modules/graphql/type/definition.d.ts' with Package ID 'graphql/type/definition.d.ts@16.12.0'. ========
======== Resolving module '../type/schema' from 'd:/DOPAMS/Toystack/dopams-backend-staging/node_modules/graphql/utilities/printSchema.d.ts'. ========
Resolution for module '../type/schema' was found in cache from location 'd:/DOPAMS/Toystack/dopams-backend-staging/node_modules/graphql/utilities'.
======== Module name '../type/schema' was successfully resolved to 'd:/DOPAMS/Toystack/dopams-backend-staging/node_modules/graphql/type/schema.d.ts' with Package ID 'graphql/type/schema.d.ts@16.12.0'. ========
File 'd:/DOPAMS/Toystack/dopams-backend-staging/node_modules/graphql/utilities/package.json' does not exist according to earlier cached lookups.
File 'd:/DOPAMS/Toystack/dopams-backend-staging/node_modules/graphql/package.json' exists according to earlier cached lookups.
======== Resolving module '../language/ast' from 'd:/DOPAMS/Toystack/dopams-backend-staging/node_modules/graphql/utilities/typeFromAST.d.ts'. ========
Resolution for module '../language/ast' was found in cache from location 'd:/DOPAMS/Toystack/dopams-backend-staging/node_modules/graphql/utilities'.
======== Module name '../language/ast' was successfully resolved to 'd:/DOPAMS/Toystack/dopams-backend-staging/node_modules/graphql/language/ast.d.ts' with Package ID 'graphql/language/ast.d.ts@16.12.0'. ========
======== Resolving module '../type/definition' from 'd:/DOPAMS/Toystack/dopams-backend-staging/node_modules/graphql/utilities/typeFromAST.d.ts'. ========
Resolution for module '../type/definition' was found in cache from location 'd:/DOPAMS/Toystack/dopams-backend-staging/node_modules/graphql/utilities'.
======== Module name '../type/definition' was successfully resolved to 'd:/DOPAMS/Toystack/dopams-backend-staging/node_modules/graphql/type/definition.d.ts' with Package ID 'graphql/type/definition.d.ts@16.12.0'. ========
======== Resolving module '../type/schema' from 'd:/DOPAMS/Toystack/dopams-backend-staging/node_modules/graphql/utilities/typeFromAST.d.ts'. ========
Resolution for module '../type/schema' was found in cache from location 'd:/DOPAMS/Toystack/dopams-backend-staging/node_modules/graphql/utilities'.
======== Module name '../type/schema' was successfully resolved to 'd:/DOPAMS/Toystack/dopams-backend-staging/node_modules/graphql/type/schema.d.ts' with Package ID 'graphql/type/schema.d.ts@16.12.0'. ========
File 'd:/DOPAMS/Toystack/dopams-backend-staging/node_modules/graphql/utilities/package.json' does not exist according to earlier cached lookups.
File 'd:/DOPAMS/Toystack/dopams-backend-staging/node_modules/graphql/package.json' exists according to earlier cached lookups.
======== Resolving module '../jsutils/Maybe' from 'd:/DOPAMS/Toystack/dopams-backend-staging/node_modules/graphql/utilities/valueFromAST.d.ts'. ========
Resolution for module '../jsutils/Maybe' was found in cache from location 'd:/DOPAMS/Toystack/dopams-backend-staging/node_modules/graphql/utilities'.
======== Module name '../jsutils/Maybe' was successfully resolved to 'd:/DOPAMS/Toystack/dopams-backend-staging/node_modules/graphql/jsutils/Maybe.d.ts' with Package ID 'graphql/jsutils/Maybe.d.ts@16.12.0'. ========
======== Resolving module '../jsutils/ObjMap' from 'd:/DOPAMS/Toystack/dopams-backend-staging/node_modules/graphql/utilities/valueFromAST.d.ts'. ========
Explicitly specified module resolution kind: 'Node10'.
Loading module as file / folder, candidate module location 'd:/DOPAMS/Toystack/dopams-backend-staging/node_modules/graphql/jsutils/ObjMap', target file types: TypeScript, Declaration.
File 'd:/DOPAMS/Toystack/dopams-backend-staging/node_modules/graphql/jsutils/ObjMap.ts' does not exist.
File 'd:/DOPAMS/Toystack/dopams-backend-staging/node_modules/graphql/jsutils/ObjMap.tsx' does not exist.
File 'd:/DOPAMS/Toystack/dopams-backend-staging/node_modules/graphql/jsutils/ObjMap.d.ts' exists - use it as a name resolution result.
File 'd:/DOPAMS/Toystack/dopams-backend-staging/node_modules/graphql/package.json' exists according to earlier cached lookups.
======== Module name '../jsutils/ObjMap' was successfully resolved to 'd:/DOPAMS/Toystack/dopams-backend-staging/node_modules/graphql/jsutils/ObjMap.d.ts' with Package ID 'graphql/jsutils/ObjMap.d.ts@16.12.0'. ========
======== Resolving module '../language/ast' from 'd:/DOPAMS/Toystack/dopams-backend-staging/node_modules/graphql/utilities/valueFromAST.d.ts'. ========
Resolution for module '../language/ast' was found in cache from location 'd:/DOPAMS/Toystack/dopams-backend-staging/node_modules/graphql/utilities'.
======== Module name '../language/ast' was successfully resolved to 'd:/DOPAMS/Toystack/dopams-backend-staging/node_modules/graphql/language/ast.d.ts' with Package ID 'graphql/language/ast.d.ts@16.12.0'. ========
======== Resolving module '../type/definition' from 'd:/DOPAMS/Toystack/dopams-backend-staging/node_modules/graphql/utilities/valueFromAST.d.ts'. ========
Resolution for module '../type/definition' was found in cache from location 'd:/DOPAMS/Toystack/dopams-backend-staging/node_modules/graphql/utilities'.
======== Module name '../type/definition' was successfully resolved to 'd:/DOPAMS/Toystack/dopams-backend-staging/node_modules/graphql/type/definition.d.ts' with Package ID 'graphql/type/definition.d.ts@16.12.0'. ========
File 'd:/DOPAMS/Toystack/dopams-backend-staging/node_modules/graphql/utilities/package.json' does not exist according to earlier cached lookups.
File 'd:/DOPAMS/Toystack/dopams-backend-staging/node_modules/graphql/package.json' exists according to earlier cached lookups.
======== Resolving module '../jsutils/Maybe' from 'd:/DOPAMS/Toystack/dopams-backend-staging/node_modules/graphql/utilities/valueFromASTUntyped.d.ts'. ========
Resolution for module '../jsutils/Maybe' was found in cache from location 'd:/DOPAMS/Toystack/dopams-backend-staging/node_modules/graphql/utilities'.
======== Module name '../jsutils/Maybe' was successfully resolved to 'd:/DOPAMS/Toystack/dopams-backend-staging/node_modules/graphql/jsutils/Maybe.d.ts' with Package ID 'graphql/jsutils/Maybe.d.ts@16.12.0'. ========
======== Resolving module '../jsutils/ObjMap' from 'd:/DOPAMS/Toystack/dopams-backend-staging/node_modules/graphql/utilities/valueFromASTUntyped.d.ts'. ========
Resolution for module '../jsutils/ObjMap' was found in cache from location 'd:/DOPAMS/Toystack/dopams-backend-staging/node_modules/graphql/utilities'.
======== Module name '../jsutils/ObjMap' was successfully resolved to 'd:/DOPAMS/Toystack/dopams-backend-staging/node_modules/graphql/jsutils/ObjMap.d.ts' with Package ID 'graphql/jsutils/ObjMap.d.ts@16.12.0'. ========
======== Resolving module '../language/ast' from 'd:/DOPAMS/Toystack/dopams-backend-staging/node_modules/graphql/utilities/valueFromASTUntyped.d.ts'. ========
Resolution for module '../language/ast' was found in cache from location 'd:/DOPAMS/Toystack/dopams-backend-staging/node_modules/graphql/utilities'.
======== Module name '../language/ast' was successfully resolved to 'd:/DOPAMS/Toystack/dopams-backend-staging/node_modules/graphql/language/ast.d.ts' with Package ID 'graphql/language/ast.d.ts@16.12.0'. ========
File 'd:/DOPAMS/Toystack/dopams-backend-staging/node_modules/graphql/utilities/package.json' does not exist according to earlier cached lookups.
File 'd:/DOPAMS/Toystack/dopams-backend-staging/node_modules/graphql/package.json' exists according to earlier cached lookups.
======== Resolving module '../jsutils/Maybe' from 'd:/DOPAMS/Toystack/dopams-backend-staging/node_modules/graphql/utilities/astFromValue.d.ts'. ========
Resolution for module '../jsutils/Maybe' was found in cache from location 'd:/DOPAMS/Toystack/dopams-backend-staging/node_modules/graphql/utilities'.
======== Module name '../jsutils/Maybe' was successfully resolved to 'd:/DOPAMS/Toystack/dopams-backend-staging/node_modules/graphql/jsutils/Maybe.d.ts' with Package ID 'graphql/jsutils/Maybe.d.ts@16.12.0'. ========
======== Resolving module '../language/ast' from 'd:/DOPAMS/Toystack/dopams-backend-staging/node_modules/graphql/utilities/astFromValue.d.ts'. ========
Resolution for module '../language/ast' was found in cache from location 'd:/DOPAMS/Toystack/dopams-backend-staging/node_modules/graphql/utilities'.
======== Module name '../language/ast' was successfully resolved to 'd:/DOPAMS/Toystack/dopams-backend-staging/node_modules/graphql/language/ast.d.ts' with Package ID 'graphql/language/ast.d.ts@16.12.0'. ========
======== Resolving module '../type/definition' from 'd:/DOPAMS/Toystack/dopams-backend-staging/node_modules/graphql/utilities/astFromValue.d.ts'. ========
Resolution for module '../type/definition' was found in cache from location 'd:/DOPAMS/Toystack/dopams-backend-staging/node_modules/graphql/utilities'.
======== Module name '../type/definition' was successfully resolved to 'd:/DOPAMS/Toystack/dopams-backend-staging/node_modules/graphql/type/definition.d.ts' with Package ID 'graphql/type/definition.d.ts@16.12.0'. ========
File 'd:/DOPAMS/Toystack/dopams-backend-staging/node_modules/graphql/utilities/package.json' does not exist according to earlier cached lookups.
File 'd:/DOPAMS/Toystack/dopams-backend-staging/node_modules/graphql/package.json' exists according to earlier cached lookups.
======== Resolving module '../error/GraphQLError' from 'd:/DOPAMS/Toystack/dopams-backend-staging/node_modules/graphql/utilities/coerceInputValue.d.ts'. ========
Explicitly specified module resolution kind: 'Node10'.
Loading module as file / folder, candidate module location 'd:/DOPAMS/Toystack/dopams-backend-staging/node_modules/graphql/error/GraphQLError', target file types: TypeScript, Declaration.
File 'd:/DOPAMS/Toystack/dopams-backend-staging/node_modules/graphql/error/GraphQLError.ts' does not exist.
File 'd:/DOPAMS/Toystack/dopams-backend-staging/node_modules/graphql/error/GraphQLError.tsx' does not exist.
File 'd:/DOPAMS/Toystack/dopams-backend-staging/node_modules/graphql/error/GraphQLError.d.ts' exists - use it as a name resolution result.
File 'd:/DOPAMS/Toystack/dopams-backend-staging/node_modules/graphql/package.json' exists according to earlier cached lookups.
======== Module name '../error/GraphQLError' was successfully resolved to 'd:/DOPAMS/Toystack/dopams-backend-staging/node_modules/graphql/error/GraphQLError.d.ts' with Package ID 'graphql/error/GraphQLError.d.ts@16.12.0'. ========
======== Resolving module '../type/definition' from 'd:/DOPAMS/Toystack/dopams-backend-staging/node_modules/graphql/utilities/coerceInputValue.d.ts'. ========
Resolution for module '../type/definition' was found in cache from location 'd:/DOPAMS/Toystack/dopams-backend-staging/node_modules/graphql/utilities'.
======== Module name '../type/definition' was successfully resolved to 'd:/DOPAMS/Toystack/dopams-backend-staging/node_modules/graphql/type/definition.d.ts' with Package ID 'graphql/type/definition.d.ts@16.12.0'. ========
File 'd:/DOPAMS/Toystack/dopams-backend-staging/node_modules/graphql/utilities/package.json' does not exist according to earlier cached lookups.
File 'd:/DOPAMS/Toystack/dopams-backend-staging/node_modules/graphql/package.json' exists according to earlier cached lookups.
======== Resolving module '../language/ast' from 'd:/DOPAMS/Toystack/dopams-backend-staging/node_modules/graphql/utilities/concatAST.d.ts'. ========
Resolution for module '../language/ast' was found in cache from location 'd:/DOPAMS/Toystack/dopams-backend-staging/node_modules/graphql/utilities'.
======== Module name '../language/ast' was successfully resolved to 'd:/DOPAMS/Toystack/dopams-backend-staging/node_modules/graphql/language/ast.d.ts' with Package ID 'graphql/language/ast.d.ts@16.12.0'. ========
File 'd:/DOPAMS/Toystack/dopams-backend-staging/node_modules/graphql/utilities/package.json' does not exist according to earlier cached lookups.
File 'd:/DOPAMS/Toystack/dopams-backend-staging/node_modules/graphql/package.json' exists according to earlier cached lookups.
======== Resolving module '../jsutils/ObjMap' from 'd:/DOPAMS/Toystack/dopams-backend-staging/node_modules/graphql/utilities/separateOperations.d.ts'. ========
Resolution for module '../jsutils/ObjMap' was found in cache from location 'd:/DOPAMS/Toystack/dopams-backend-staging/node_modules/graphql/utilities'.
======== Module name '../jsutils/ObjMap' was successfully resolved to 'd:/DOPAMS/Toystack/dopams-backend-staging/node_modules/graphql/jsutils/ObjMap.d.ts' with Package ID 'graphql/jsutils/ObjMap.d.ts@16.12.0'. ========
======== Resolving module '../language/ast' from 'd:/DOPAMS/Toystack/dopams-backend-staging/node_modules/graphql/utilities/separateOperations.d.ts'. ========
Resolution for module '../language/ast' was found in cache from location 'd:/DOPAMS/Toystack/dopams-backend-staging/node_modules/graphql/utilities'.
======== Module name '../language/ast' was successfully resolved to 'd:/DOPAMS/Toystack/dopams-backend-staging/node_modules/graphql/language/ast.d.ts' with Package ID 'graphql/language/ast.d.ts@16.12.0'. ========
File 'd:/DOPAMS/Toystack/dopams-backend-staging/node_modules/graphql/utilities/package.json' does not exist according to earlier cached lookups.
File 'd:/DOPAMS/Toystack/dopams-backend-staging/node_modules/graphql/package.json' exists according to earlier cached lookups.
======== Resolving module '../language/source' from 'd:/DOPAMS/Toystack/dopams-backend-staging/node_modules/graphql/utilities/stripIgnoredCharacters.d.ts'. ========
Resolution for module '../language/source' was found in cache from location 'd:/DOPAMS/Toystack/dopams-backend-staging/node_modules/graphql/utilities'.
======== Module name '../language/source' was successfully resolved to 'd:/DOPAMS/Toystack/dopams-backend-staging/node_modules/graphql/language/source.d.ts' with Package ID 'graphql/language/source.d.ts@16.12.0'. ========
File 'd:/DOPAMS/Toystack/dopams-backend-staging/node_modules/graphql/utilities/package.json' does not exist according to earlier cached lookups.
File 'd:/DOPAMS/Toystack/dopams-backend-staging/node_modules/graphql/package.json' exists according to earlier cached lookups.
======== Resolving module '../type/definition' from 'd:/DOPAMS/Toystack/dopams-backend-staging/node_modules/graphql/utilities/typeComparators.d.ts'. ========
Resolution for module '../type/definition' was found in cache from location 'd:/DOPAMS/Toystack/dopams-backend-staging/node_modules/graphql/utilities'.
======== Module name '../type/definition' was successfully resolved to 'd:/DOPAMS/Toystack/dopams-backend-staging/node_modules/graphql/type/definition.d.ts' with Package ID 'graphql/type/definition.d.ts@16.12.0'. ========
======== Resolving module '../type/schema' from 'd:/DOPAMS/Toystack/dopams-backend-staging/node_modules/graphql/utilities/typeComparators.d.ts'. ========
Resolution for module '../type/schema' was found in cache from location 'd:/DOPAMS/Toystack/dopams-backend-staging/node_modules/graphql/utilities'.
======== Module name '../type/schema' was successfully resolved to 'd:/DOPAMS/Toystack/dopams-backend-staging/node_modules/graphql/type/schema.d.ts' with Package ID 'graphql/type/schema.d.ts@16.12.0'. ========
File 'd:/DOPAMS/Toystack/dopams-backend-staging/node_modules/graphql/utilities/package.json' does not exist according to earlier cached lookups.
File 'd:/DOPAMS/Toystack/dopams-backend-staging/node_modules/graphql/package.json' exists according to earlier cached lookups.
======== Resolving module '../error/GraphQLError' from 'd:/DOPAMS/Toystack/dopams-backend-staging/node_modules/graphql/utilities/assertValidName.d.ts'. ========
Resolution for module '../error/GraphQLError' was found in cache from location 'd:/DOPAMS/Toystack/dopams-backend-staging/node_modules/graphql/utilities'.
======== Module name '../error/GraphQLError' was successfully resolved to 'd:/DOPAMS/Toystack/dopams-backend-staging/node_modules/graphql/error/GraphQLError.d.ts' with Package ID 'graphql/error/GraphQLError.d.ts@16.12.0'. ========
File 'd:/DOPAMS/Toystack/dopams-backend-staging/node_modules/graphql/utilities/package.json' does not exist according to earlier cached lookups.
File 'd:/DOPAMS/Toystack/dopams-backend-staging/node_modules/graphql/package.json' exists according to earlier cached lookups.
======== Resolving module '../type/schema' from 'd:/DOPAMS/Toystack/dopams-backend-staging/node_modules/graphql/utilities/findBreakingChanges.d.ts'. ========
Resolution for module '../type/schema' was found in cache from location 'd:/DOPAMS/Toystack/dopams-backend-staging/node_modules/graphql/utilities'.
======== Module name '../type/schema' was successfully resolved to 'd:/DOPAMS/Toystack/dopams-backend-staging/node_modules/graphql/type/schema.d.ts' with Package ID 'graphql/type/schema.d.ts@16.12.0'. ========
File 'd:/DOPAMS/Toystack/dopams-backend-staging/node_modules/graphql/utilities/package.json' does not exist according to earlier cached lookups.
File 'd:/DOPAMS/Toystack/dopams-backend-staging/node_modules/graphql/package.json' exists according to earlier cached lookups.
======== Resolving module '../language/ast' from 'd:/DOPAMS/Toystack/dopams-backend-staging/node_modules/graphql/utilities/typedQueryDocumentNode.d.ts'. ========
Resolution for module '../language/ast' was found in cache from location 'd:/DOPAMS/Toystack/dopams-backend-staging/node_modules/graphql/utilities'.
======== Module name '../language/ast' was successfully resolved to 'd:/DOPAMS/Toystack/dopams-backend-staging/node_modules/graphql/language/ast.d.ts' with Package ID 'graphql/language/ast.d.ts@16.12.0'. ========
File 'd:/DOPAMS/Toystack/dopams-backend-staging/node_modules/graphql/utilities/package.json' does not exist according to earlier cached lookups.
File 'd:/DOPAMS/Toystack/dopams-backend-staging/node_modules/graphql/package.json' exists according to earlier cached lookups.
======== Resolving module '../language/ast' from 'd:/DOPAMS/Toystack/dopams-backend-staging/node_modules/graphql/utilities/resolveSchemaCoordinate.d.ts'. ========
Resolution for module '../language/ast' was found in cache from location 'd:/DOPAMS/Toystack/dopams-backend-staging/node_modules/graphql/utilities'.
======== Module name '../language/ast' was successfully resolved to 'd:/DOPAMS/Toystack/dopams-backend-staging/node_modules/graphql/language/ast.d.ts' with Package ID 'graphql/language/ast.d.ts@16.12.0'. ========
======== Resolving module '../language/source' from 'd:/DOPAMS/Toystack/dopams-backend-staging/node_modules/graphql/utilities/resolveSchemaCoordinate.d.ts'. ========
Resolution for module '../language/source' was found in cache from location 'd:/DOPAMS/Toystack/dopams-backend-staging/node_modules/graphql/utilities'.
======== Module name '../language/source' was successfully resolved to 'd:/DOPAMS/Toystack/dopams-backend-staging/node_modules/graphql/language/source.d.ts' with Package ID 'graphql/language/source.d.ts@16.12.0'. ========
======== Resolving module '../type/definition' from 'd:/DOPAMS/Toystack/dopams-backend-staging/node_modules/graphql/utilities/resolveSchemaCoordinate.d.ts'. ========
Resolution for module '../type/definition' was found in cache from location 'd:/DOPAMS/Toystack/dopams-backend-staging/node_modules/graphql/utilities'.
======== Module name '../type/definition' was successfully resolved to 'd:/DOPAMS/Toystack/dopams-backend-staging/node_modules/graphql/type/definition.d.ts' with Package ID 'graphql/type/definition.d.ts@16.12.0'. ========
======== Resolving module '../type/directives' from 'd:/DOPAMS/Toystack/dopams-backend-staging/node_modules/graphql/utilities/resolveSchemaCoordinate.d.ts'. ========
Resolution for module '../type/directives' was found in cache from location 'd:/DOPAMS/Toystack/dopams-backend-staging/node_modules/graphql/utilities'.
======== Module name '../type/directives' was successfully resolved to 'd:/DOPAMS/Toystack/dopams-backend-staging/node_modules/graphql/type/directives.d.ts' with Package ID 'graphql/type/directives.d.ts@16.12.0'. ========
======== Resolving module '../type/schema' from 'd:/DOPAMS/Toystack/dopams-backend-staging/node_modules/graphql/utilities/resolveSchemaCoordinate.d.ts'. ========
Resolution for module '../type/schema' was found in cache from location 'd:/DOPAMS/Toystack/dopams-backend-staging/node_modules/graphql/utilities'.
======== Module name '../type/schema' was successfully resolved to 'd:/DOPAMS/Toystack/dopams-backend-staging/node_modules/graphql/type/schema.d.ts' with Package ID 'graphql/type/schema.d.ts@16.12.0'. ========
Found 'package.json' at 'd:/DOPAMS/Toystack/dopams-backend-staging/node_modules/graphql-middleware/dist/package.json'.
======== Resolving module './types' from 'd:/DOPAMS/Toystack/dopams-backend-staging/node_modules/graphql-middleware/dist/index.d.ts'. ========
Explicitly specified module resolution kind: 'Node10'.
Loading module as file / folder, candidate module location 'd:/DOPAMS/Toystack/dopams-backend-staging/node_modules/graphql-middleware/dist/types', target file types: TypeScript, Declaration.
File 'd:/DOPAMS/Toystack/dopams-backend-staging/node_modules/graphql-middleware/dist/types.ts' does not exist.
File 'd:/DOPAMS/Toystack/dopams-backend-staging/node_modules/graphql-middleware/dist/types.tsx' does not exist.
File 'd:/DOPAMS/Toystack/dopams-backend-staging/node_modules/graphql-middleware/dist/types.d.ts' exists - use it as a name resolution result.
File 'd:/DOPAMS/Toystack/dopams-backend-staging/node_modules/graphql-middleware/package.json' exists according to earlier cached lookups.
======== Module name './types' was successfully resolved to 'd:/DOPAMS/Toystack/dopams-backend-staging/node_modules/graphql-middleware/dist/types.d.ts' with Package ID 'graphql-middleware/dist/types.d.ts@6.1.35+graphql@16.12.0'. ========
======== Resolving module './middleware' from 'd:/DOPAMS/Toystack/dopams-backend-staging/node_modules/graphql-middleware/dist/index.d.ts'. ========
Explicitly specified module resolution kind: 'Node10'.
Loading module as file / folder, candidate module location 'd:/DOPAMS/Toystack/dopams-backend-staging/node_modules/graphql-middleware/dist/middleware', target file types: TypeScript, Declaration.
File 'd:/DOPAMS/Toystack/dopams-backend-staging/node_modules/graphql-middleware/dist/middleware.ts' does not exist.
File 'd:/DOPAMS/Toystack/dopams-backend-staging/node_modules/graphql-middleware/dist/middleware.tsx' does not exist.
File 'd:/DOPAMS/Toystack/dopams-backend-staging/node_modules/graphql-middleware/dist/middleware.d.ts' exists - use it as a name resolution result.
File 'd:/DOPAMS/Toystack/dopams-backend-staging/node_modules/graphql-middleware/package.json' exists according to earlier cached lookups.
======== Module name './middleware' was successfully resolved to 'd:/DOPAMS/Toystack/dopams-backend-staging/node_modules/graphql-middleware/dist/middleware.d.ts' with Package ID 'graphql-middleware/dist/middleware.d.ts@6.1.35+graphql@16.12.0'. ========
======== Resolving module './constructors' from 'd:/DOPAMS/Toystack/dopams-backend-staging/node_modules/graphql-middleware/dist/index.d.ts'. ========
Explicitly specified module resolution kind: 'Node10'.
Loading module as file / folder, candidate module location 'd:/DOPAMS/Toystack/dopams-backend-staging/node_modules/graphql-middleware/dist/constructors', target file types: TypeScript, Declaration.
File 'd:/DOPAMS/Toystack/dopams-backend-staging/node_modules/graphql-middleware/dist/constructors.ts' does not exist.
File 'd:/DOPAMS/Toystack/dopams-backend-staging/node_modules/graphql-middleware/dist/constructors.tsx' does not exist.
File 'd:/DOPAMS/Toystack/dopams-backend-staging/node_modules/graphql-middleware/dist/constructors.d.ts' exists - use it as a name resolution result.
File 'd:/DOPAMS/Toystack/dopams-backend-staging/node_modules/graphql-middleware/package.json' exists according to earlier cached lookups.
======== Module name './constructors' was successfully resolved to 'd:/DOPAMS/Toystack/dopams-backend-staging/node_modules/graphql-middleware/dist/constructors.d.ts' with Package ID 'graphql-middleware/dist/constructors.d.ts@6.1.35+graphql@16.12.0'. ========
======== Resolving module './validation' from 'd:/DOPAMS/Toystack/dopams-backend-staging/node_modules/graphql-middleware/dist/index.d.ts'. ========
Explicitly specified module resolution kind: 'Node10'.
Loading module as file / folder, candidate module location 'd:/DOPAMS/Toystack/dopams-backend-staging/node_modules/graphql-middleware/dist/validation', target file types: TypeScript, Declaration.
File 'd:/DOPAMS/Toystack/dopams-backend-staging/node_modules/graphql-middleware/dist/validation.ts' does not exist.
File 'd:/DOPAMS/Toystack/dopams-backend-staging/node_modules/graphql-middleware/dist/validation.tsx' does not exist.
File 'd:/DOPAMS/Toystack/dopams-backend-staging/node_modules/graphql-middleware/dist/validation.d.ts' exists - use it as a name resolution result.
File 'd:/DOPAMS/Toystack/dopams-backend-staging/node_modules/graphql-middleware/package.json' exists according to earlier cached lookups.
======== Module name './validation' was successfully resolved to 'd:/DOPAMS/Toystack/dopams-backend-staging/node_modules/graphql-middleware/dist/validation.d.ts' with Package ID 'graphql-middleware/dist/validation.d.ts@6.1.35+graphql@16.12.0'. ========
File 'd:/DOPAMS/Toystack/dopams-backend-staging/node_modules/graphql-middleware/dist/package.json' exists according to earlier cached lookups.
======== Resolving module 'graphql' from 'd:/DOPAMS/Toystack/dopams-backend-staging/node_modules/graphql-middleware/dist/types.d.ts'. ========
Explicitly specified module resolution kind: 'Node10'.
'baseUrl' option is set to 'd:/DOPAMS/Toystack/dopams-backend-staging/src', using this value to resolve non-relative module name 'graphql'.
'paths' option is specified, looking for a pattern to match module name 'graphql'.
'baseUrl' option is set to 'd:/DOPAMS/Toystack/dopams-backend-staging/src', using this value to resolve non-relative module name 'graphql'.
Resolving module name 'graphql' relative to base url 'd:/DOPAMS/Toystack/dopams-backend-staging/src' - 'd:/DOPAMS/Toystack/dopams-backend-staging/src/graphql'.
Loading module as file / folder, candidate module location 'd:/DOPAMS/Toystack/dopams-backend-staging/src/graphql', target file types: TypeScript, Declaration.
File 'd:/DOPAMS/Toystack/dopams-backend-staging/src/graphql.ts' does not exist.
File 'd:/DOPAMS/Toystack/dopams-backend-staging/src/graphql.tsx' does not exist.
File 'd:/DOPAMS/Toystack/dopams-backend-staging/src/graphql.d.ts' does not exist.
Directory 'd:/DOPAMS/Toystack/dopams-backend-staging/src/graphql' does not exist, skipping all lookups in it.
Loading module 'graphql' from 'node_modules' folder, target file types: TypeScript, Declaration.
Searching all ancestor node_modules directories for preferred extensions: TypeScript, Declaration.
Directory 'd:/DOPAMS/Toystack/dopams-backend-staging/node_modules/graphql-middleware/dist/node_modules' does not exist, skipping all lookups in it.
File 'd:/DOPAMS/Toystack/dopams-backend-staging/node_modules/graphql-middleware/node_modules/graphql.ts' does not exist.
File 'd:/DOPAMS/Toystack/dopams-backend-staging/node_modules/graphql-middleware/node_modules/graphql.tsx' does not exist.
File 'd:/DOPAMS/Toystack/dopams-backend-staging/node_modules/graphql-middleware/node_modules/graphql.d.ts' does not exist.
Directory 'd:/DOPAMS/Toystack/dopams-backend-staging/node_modules/graphql-middleware/node_modules/@types' does not exist, skipping all lookups in it.
File 'd:/DOPAMS/Toystack/dopams-backend-staging/node_modules/graphql/package.json' exists according to earlier cached lookups.
File 'd:/DOPAMS/Toystack/dopams-backend-staging/node_modules/graphql.ts' does not exist.
File 'd:/DOPAMS/Toystack/dopams-backend-staging/node_modules/graphql.tsx' does not exist.
File 'd:/DOPAMS/Toystack/dopams-backend-staging/node_modules/graphql.d.ts' does not exist.
'package.json' does not have a 'typings' field.
'package.json' does not have a 'types' field.
'package.json' has 'main' field 'index' that references 'd:/DOPAMS/Toystack/dopams-backend-staging/node_modules/graphql/index'.
'package.json' has a 'typesVersions' entry '>=4.1.0' that matches compiler version '5.9.3', looking for a pattern to match module name 'index'.
Module name 'index', matched pattern '*'.
Trying substitution '*', candidate module location: 'index'.
Loading module as file / folder, candidate module location 'd:/DOPAMS/Toystack/dopams-backend-staging/node_modules/graphql/index', target file types: TypeScript, Declaration.
File 'd:/DOPAMS/Toystack/dopams-backend-staging/node_modules/graphql/index.ts' does not exist.
File 'd:/DOPAMS/Toystack/dopams-backend-staging/node_modules/graphql/index.tsx' does not exist.
File 'd:/DOPAMS/Toystack/dopams-backend-staging/node_modules/graphql/index.d.ts' exists - use it as a name resolution result.
Resolving real path for 'd:/DOPAMS/Toystack/dopams-backend-staging/node_modules/graphql/index.d.ts', result 'D:/DOPAMS/Toystack/dopams-backend-staging/node_modules/graphql/index.d.ts'.
======== Module name 'graphql' was successfully resolved to 'd:/DOPAMS/Toystack/dopams-backend-staging/node_modules/graphql/index.d.ts' with Package ID 'graphql/index.d.ts@16.12.0'. ========
======== Resolving module '@graphql-tools/delegate' from 'd:/DOPAMS/Toystack/dopams-backend-staging/node_modules/graphql-middleware/dist/types.d.ts'. ========
Explicitly specified module resolution kind: 'Node10'.
'baseUrl' option is set to 'd:/DOPAMS/Toystack/dopams-backend-staging/src', using this value to resolve non-relative module name '@graphql-tools/delegate'.
'paths' option is specified, looking for a pattern to match module name '@graphql-tools/delegate'.
'baseUrl' option is set to 'd:/DOPAMS/Toystack/dopams-backend-staging/src', using this value to resolve non-relative module name '@graphql-tools/delegate'.
Resolving module name '@graphql-tools/delegate' relative to base url 'd:/DOPAMS/Toystack/dopams-backend-staging/src' - 'd:/DOPAMS/Toystack/dopams-backend-staging/src/@graphql-tools/delegate'.
Loading module as file / folder, candidate module location 'd:/DOPAMS/Toystack/dopams-backend-staging/src/@graphql-tools/delegate', target file types: TypeScript, Declaration.
Loading module '@graphql-tools/delegate' from 'node_modules' folder, target file types: TypeScript, Declaration.
Searching all ancestor node_modules directories for preferred extensions: TypeScript, Declaration.
Directory 'd:/DOPAMS/Toystack/dopams-backend-staging/node_modules/graphql-middleware/dist/node_modules' does not exist, skipping all lookups in it.
Scoped package detected, looking in 'graphql-tools__delegate'
File 'd:/DOPAMS/Toystack/dopams-backend-staging/node_modules/graphql-middleware/node_modules/@graphql-tools/delegate.ts' does not exist.
File 'd:/DOPAMS/Toystack/dopams-backend-staging/node_modules/graphql-middleware/node_modules/@graphql-tools/delegate.tsx' does not exist.
File 'd:/DOPAMS/Toystack/dopams-backend-staging/node_modules/graphql-middleware/node_modules/@graphql-tools/delegate.d.ts' does not exist.
Directory 'd:/DOPAMS/Toystack/dopams-backend-staging/node_modules/graphql-middleware/node_modules/@types' does not exist, skipping all lookups in it.
Scoped package detected, looking in 'graphql-tools__delegate'
Found 'package.json' at 'd:/DOPAMS/Toystack/dopams-backend-staging/node_modules/@graphql-tools/delegate/package.json'.
File 'd:/DOPAMS/Toystack/dopams-backend-staging/node_modules/@graphql-tools/delegate.ts' does not exist.
File 'd:/DOPAMS/Toystack/dopams-backend-staging/node_modules/@graphql-tools/delegate.tsx' does not exist.
File 'd:/DOPAMS/Toystack/dopams-backend-staging/node_modules/@graphql-tools/delegate.d.ts' does not exist.
'package.json' does not have a 'typesVersions' field.
'package.json' has 'typings' field 'typings/index.d.ts' that references 'd:/DOPAMS/Toystack/dopams-backend-staging/node_modules/@graphql-tools/delegate/typings/index.d.ts'.
File 'd:/DOPAMS/Toystack/dopams-backend-staging/node_modules/@graphql-tools/delegate/typings/index.d.ts' exists - use it as a name resolution result.
'package.json' has a 'peerDependencies' field.
Resolving real path for 'd:/DOPAMS/Toystack/dopams-backend-staging/node_modules/@graphql-tools/delegate', result 'D:/DOPAMS/Toystack/dopams-backend-staging/node_modules/@graphql-tools/delegate'.
File 'D:/DOPAMS/Toystack/dopams-backend-staging/node_modules/graphql/package.json' exists according to earlier cached lookups.
Found peerDependency 'graphql' with '16.12.0' version.
Resolving real path for 'd:/DOPAMS/Toystack/dopams-backend-staging/node_modules/@graphql-tools/delegate/typings/index.d.ts', result 'D:/DOPAMS/Toystack/dopams-backend-staging/node_modules/@graphql-tools/delegate/typings/index.d.ts'.
======== Module name '@graphql-tools/delegate' was successfully resolved to 'd:/DOPAMS/Toystack/dopams-backend-staging/node_modules/@graphql-tools/delegate/typings/index.d.ts' with Package ID '@graphql-tools/delegate/typings/index.d.ts@8.8.1+graphql@16.12.0'. ========
File 'd:/DOPAMS/Toystack/dopams-backend-staging/node_modules/@graphql-tools/delegate/typings/package.json' does not exist.
File 'd:/DOPAMS/Toystack/dopams-backend-staging/node_modules/@graphql-tools/delegate/package.json' exists according to earlier cached lookups.
======== Resolving module './Subschema.js' from 'd:/DOPAMS/Toystack/dopams-backend-staging/node_modules/@graphql-tools/delegate/typings/index.d.ts'. ========
Explicitly specified module resolution kind: 'Node10'.
Loading module as file / folder, candidate module location 'd:/DOPAMS/Toystack/dopams-backend-staging/node_modules/@graphql-tools/delegate/typings/Subschema.js', target file types: TypeScript, Declaration.
File name 'd:/DOPAMS/Toystack/dopams-backend-staging/node_modules/@graphql-tools/delegate/typings/Subschema.js' has a '.js' extension - stripping it.
File 'd:/DOPAMS/Toystack/dopams-backend-staging/node_modules/@graphql-tools/delegate/typings/Subschema.ts' does not exist.
File 'd:/DOPAMS/Toystack/dopams-backend-staging/node_modules/@graphql-tools/delegate/typings/Subschema.tsx' does not exist.
File 'd:/DOPAMS/Toystack/dopams-backend-staging/node_modules/@graphql-tools/delegate/typings/Subschema.d.ts' exists - use it as a name resolution result.
File 'd:/DOPAMS/Toystack/dopams-backend-staging/node_modules/@graphql-tools/delegate/package.json' exists according to earlier cached lookups.
======== Module name './Subschema.js' was successfully resolved to 'd:/DOPAMS/Toystack/dopams-backend-staging/node_modules/@graphql-tools/delegate/typings/Subschema.d.ts' with Package ID '@graphql-tools/delegate/typings/Subschema.d.ts@8.8.1+graphql@16.12.0'. ========
======== Resolving module './Transformer.js' from 'd:/DOPAMS/Toystack/dopams-backend-staging/node_modules/@graphql-tools/delegate/typings/index.d.ts'. ========
Explicitly specified module resolution kind: 'Node10'.
Loading module as file / folder, candidate module location 'd:/DOPAMS/Toystack/dopams-backend-staging/node_modules/@graphql-tools/delegate/typings/Transformer.js', target file types: TypeScript, Declaration.
File name 'd:/DOPAMS/Toystack/dopams-backend-staging/node_modules/@graphql-tools/delegate/typings/Transformer.js' has a '.js' extension - stripping it.
File 'd:/DOPAMS/Toystack/dopams-backend-staging/node_modules/@graphql-tools/delegate/typings/Transformer.ts' does not exist.
File 'd:/DOPAMS/Toystack/dopams-backend-staging/node_modules/@graphql-tools/delegate/typings/Transformer.tsx' does not exist.
File 'd:/DOPAMS/Toystack/dopams-backend-staging/node_modules/@graphql-tools/delegate/typings/Transformer.d.ts' exists - use it as a name resolution result.
File 'd:/DOPAMS/Toystack/dopams-backend-staging/node_modules/@graphql-tools/delegate/package.json' exists according to earlier cached lookups.
======== Module name './Transformer.js' was successfully resolved to 'd:/DOPAMS/Toystack/dopams-backend-staging/node_modules/@graphql-tools/delegate/typings/Transformer.d.ts' with Package ID '@graphql-tools/delegate/typings/Transformer.d.ts@8.8.1+graphql@16.12.0'. ========
======== Resolving module './applySchemaTransforms.js' from 'd:/DOPAMS/Toystack/dopams-backend-staging/node_modules/@graphql-tools/delegate/typings/index.d.ts'. ========
Explicitly specified module resolution kind: 'Node10'.
Loading module as file / folder, candidate module location 'd:/DOPAMS/Toystack/dopams-backend-staging/node_modules/@graphql-tools/delegate/typings/applySchemaTransforms.js', target file types: TypeScript, Declaration.
File name 'd:/DOPAMS/Toystack/dopams-backend-staging/node_modules/@graphql-tools/delegate/typings/applySchemaTransforms.js' has a '.js' extension - stripping it.
File 'd:/DOPAMS/Toystack/dopams-backend-staging/node_modules/@graphql-tools/delegate/typings/applySchemaTransforms.ts' does not exist.
File 'd:/DOPAMS/Toystack/dopams-backend-staging/node_modules/@graphql-tools/delegate/typings/applySchemaTransforms.tsx' does not exist.
File 'd:/DOPAMS/Toystack/dopams-backend-staging/node_modules/@graphql-tools/delegate/typings/applySchemaTransforms.d.ts' exists - use it as a name resolution result.
File 'd:/DOPAMS/Toystack/dopams-backend-staging/node_modules/@graphql-tools/delegate/package.json' exists according to earlier cached lookups.
======== Module name './applySchemaTransforms.js' was successfully resolved to 'd:/DOPAMS/Toystack/dopams-backend-staging/node_modules/@graphql-tools/delegate/typings/applySchemaTransforms.d.ts' with Package ID '@graphql-tools/delegate/typings/applySchemaTransforms.d.ts@8.8.1+graphql@16.12.0'. ========
======== Resolving module './createRequest.js' from 'd:/DOPAMS/Toystack/dopams-backend-staging/node_modules/@graphql-tools/delegate/typings/index.d.ts'. ========
Explicitly specified module resolution kind: 'Node10'.
Loading module as file / folder, candidate module location 'd:/DOPAMS/Toystack/dopams-backend-staging/node_modules/@graphql-tools/delegate/typings/createRequest.js', target file types: TypeScript, Declaration.
File name 'd:/DOPAMS/Toystack/dopams-backend-staging/node_modules/@graphql-tools/delegate/typings/createRequest.js' has a '.js' extension - stripping it.
File 'd:/DOPAMS/Toystack/dopams-backend-staging/node_modules/@graphql-tools/delegate/typings/createRequest.ts' does not exist.
File 'd:/DOPAMS/Toystack/dopams-backend-staging/node_modules/@graphql-tools/delegate/typings/createRequest.tsx' does not exist.
File 'd:/DOPAMS/Toystack/dopams-backend-staging/node_modules/@graphql-tools/delegate/typings/createRequest.d.ts' exists - use it as a name resolution result.
File 'd:/DOPAMS/Toystack/dopams-backend-staging/node_modules/@graphql-tools/delegate/package.json' exists according to earlier cached lookups.
======== Module name './createRequest.js' was successfully resolved to 'd:/DOPAMS/Toystack/dopams-backend-staging/node_modules/@graphql-tools/delegate/typings/createRequest.d.ts' with Package ID '@graphql-tools/delegate/typings/createRequest.d.ts@8.8.1+graphql@16.12.0'. ========
======== Resolving module './defaultMergedResolver.js' from 'd:/DOPAMS/Toystack/dopams-backend-staging/node_modules/@graphql-tools/delegate/typings/index.d.ts'. ========
Explicitly specified module resolution kind: 'Node10'.
Loading module as file / folder, candidate module location 'd:/DOPAMS/Toystack/dopams-backend-staging/node_modules/@graphql-tools/delegate/typings/defaultMergedResolver.js', target file types: TypeScript, Declaration.
File name 'd:/DOPAMS/Toystack/dopams-backend-staging/node_modules/@graphql-tools/delegate/typings/defaultMergedResolver.js' has a '.js' extension - stripping it.
File 'd:/DOPAMS/Toystack/dopams-backend-staging/node_modules/@graphql-tools/delegate/typings/defaultMergedResolver.ts' does not exist.
File 'd:/DOPAMS/Toystack/dopams-backend-staging/node_modules/@graphql-tools/delegate/typings/defaultMergedResolver.tsx' does not exist.
File 'd:/DOPAMS/Toystack/dopams-backend-staging/node_modules/@graphql-tools/delegate/typings/defaultMergedResolver.d.ts' exists - use it as a name resolution result.
File 'd:/DOPAMS/Toystack/dopams-backend-staging/node_modules/@graphql-tools/delegate/package.json' exists according to earlier cached lookups.
======== Module name './defaultMergedResolver.js' was successfully resolved to 'd:/DOPAMS/Toystack/dopams-backend-staging/node_modules/@graphql-tools/delegate/typings/defaultMergedResolver.d.ts' with Package ID '@graphql-tools/delegate/typings/defaultMergedResolver.d.ts@8.8.1+graphql@16.12.0'. ========
======== Resolving module './delegateToSchema.js' from 'd:/DOPAMS/Toystack/dopams-backend-staging/node_modules/@graphql-tools/delegate/typings/index.d.ts'. ========
Explicitly specified module resolution kind: 'Node10'.
Loading module as file / folder, candidate module location 'd:/DOPAMS/Toystack/dopams-backend-staging/node_modules/@graphql-tools/delegate/typings/delegateToSchema.js', target file types: TypeScript, Declaration.
File name 'd:/DOPAMS/Toystack/dopams-backend-staging/node_modules/@graphql-tools/delegate/typings/delegateToSchema.js' has a '.js' extension - stripping it.
File 'd:/DOPAMS/Toystack/dopams-backend-staging/node_modules/@graphql-tools/delegate/typings/delegateToSchema.ts' does not exist.
File 'd:/DOPAMS/Toystack/dopams-backend-staging/node_modules/@graphql-tools/delegate/typings/delegateToSchema.tsx' does not exist.
File 'd:/DOPAMS/Toystack/dopams-backend-staging/node_modules/@graphql-tools/delegate/typings/delegateToSchema.d.ts' exists - use it as a name resolution result.
File 'd:/DOPAMS/Toystack/dopams-backend-staging/node_modules/@graphql-tools/delegate/package.json' exists according to earlier cached lookups.
======== Module name './delegateToSchema.js' was successfully resolved to 'd:/DOPAMS/Toystack/dopams-backend-staging/node_modules/@graphql-tools/delegate/typings/delegateToSchema.d.ts' with Package ID '@graphql-tools/delegate/typings/delegateToSchema.d.ts@8.8.1+graphql@16.12.0'. ========
======== Resolving module './mergeFields.js' from 'd:/DOPAMS/Toystack/dopams-backend-staging/node_modules/@graphql-tools/delegate/typings/index.d.ts'. ========
Explicitly specified module resolution kind: 'Node10'.
Loading module as file / folder, candidate module location 'd:/DOPAMS/Toystack/dopams-backend-staging/node_modules/@graphql-tools/delegate/typings/mergeFields.js', target file types: TypeScript, Declaration.
File name 'd:/DOPAMS/Toystack/dopams-backend-staging/node_modules/@graphql-tools/delegate/typings/mergeFields.js' has a '.js' extension - stripping it.
File 'd:/DOPAMS/Toystack/dopams-backend-staging/node_modules/@graphql-tools/delegate/typings/mergeFields.ts' does not exist.
File 'd:/DOPAMS/Toystack/dopams-backend-staging/node_modules/@graphql-tools/delegate/typings/mergeFields.tsx' does not exist.
File 'd:/DOPAMS/Toystack/dopams-backend-staging/node_modules/@graphql-tools/delegate/typings/mergeFields.d.ts' exists - use it as a name resolution result.
File 'd:/DOPAMS/Toystack/dopams-backend-staging/node_modules/@graphql-tools/delegate/package.json' exists according to earlier cached lookups.
======== Module name './mergeFields.js' was successfully resolved to 'd:/DOPAMS/Toystack/dopams-backend-staging/node_modules/@graphql-tools/delegate/typings/mergeFields.d.ts' with Package ID '@graphql-tools/delegate/typings/mergeFields.d.ts@8.8.1+graphql@16.12.0'. ========
======== Resolving module './resolveExternalValue.js' from 'd:/DOPAMS/Toystack/dopams-backend-staging/node_modules/@graphql-tools/delegate/typings/index.d.ts'. ========
Explicitly specified module resolution kind: 'Node10'.
Loading module as file / folder, candidate module location 'd:/DOPAMS/Toystack/dopams-backend-staging/node_modules/@graphql-tools/delegate/typings/resolveExternalValue.js', target file types: TypeScript, Declaration.
File name 'd:/DOPAMS/Toystack/dopams-backend-staging/node_modules/@graphql-tools/delegate/typings/resolveExternalValue.js' has a '.js' extension - stripping it.
File 'd:/DOPAMS/Toystack/dopams-backend-staging/node_modules/@graphql-tools/delegate/typings/resolveExternalValue.ts' does not exist.
File 'd:/DOPAMS/Toystack/dopams-backend-staging/node_modules/@graphql-tools/delegate/typings/resolveExternalValue.tsx' does not exist.
File 'd:/DOPAMS/Toystack/dopams-backend-staging/node_modules/@graphql-tools/delegate/typings/resolveExternalValue.d.ts' exists - use it as a name resolution result.
File 'd:/DOPAMS/Toystack/dopams-backend-staging/node_modules/@graphql-tools/delegate/package.json' exists according to earlier cached lookups.
======== Module name './resolveExternalValue.js' was successfully resolved to 'd:/DOPAMS/Toystack/dopams-backend-staging/node_modules/@graphql-tools/delegate/typings/resolveExternalValue.d.ts' with Package ID '@graphql-tools/delegate/typings/resolveExternalValue.d.ts@8.8.1+graphql@16.12.0'. ========
======== Resolving module './subschemaConfig.js' from 'd:/DOPAMS/Toystack/dopams-backend-staging/node_modules/@graphql-tools/delegate/typings/index.d.ts'. ========
Explicitly specified module resolution kind: 'Node10'.
Loading module as file / folder, candidate module location 'd:/DOPAMS/Toystack/dopams-backend-staging/node_modules/@graphql-tools/delegate/typings/subschemaConfig.js', target file types: TypeScript, Declaration.
File name 'd:/DOPAMS/Toystack/dopams-backend-staging/node_modules/@graphql-tools/delegate/typings/subschemaConfig.js' has a '.js' extension - stripping it.
File 'd:/DOPAMS/Toystack/dopams-backend-staging/node_modules/@graphql-tools/delegate/typings/subschemaConfig.ts' does not exist.
File 'd:/DOPAMS/Toystack/dopams-backend-staging/node_modules/@graphql-tools/delegate/typings/subschemaConfig.tsx' does not exist.
File 'd:/DOPAMS/Toystack/dopams-backend-staging/node_modules/@graphql-tools/delegate/typings/subschemaConfig.d.ts' exists - use it as a name resolution result.
File 'd:/DOPAMS/Toystack/dopams-backend-staging/node_modules/@graphql-tools/delegate/package.json' exists according to earlier cached lookups.
======== Module name './subschemaConfig.js' was successfully resolved to 'd:/DOPAMS/Toystack/dopams-backend-staging/node_modules/@graphql-tools/delegate/typings/subschemaConfig.d.ts' with Package ID '@graphql-tools/delegate/typings/subschemaConfig.d.ts@8.8.1+graphql@16.12.0'. ========
======== Resolving module './types.js' from 'd:/DOPAMS/Toystack/dopams-backend-staging/node_modules/@graphql-tools/delegate/typings/index.d.ts'. ========
Explicitly specified module resolution kind: 'Node10'.
Loading module as file / folder, candidate module location 'd:/DOPAMS/Toystack/dopams-backend-staging/node_modules/@graphql-tools/delegate/typings/types.js', target file types: TypeScript, Declaration.
File name 'd:/DOPAMS/Toystack/dopams-backend-staging/node_modules/@graphql-tools/delegate/typings/types.js' has a '.js' extension - stripping it.
File 'd:/DOPAMS/Toystack/dopams-backend-staging/node_modules/@graphql-tools/delegate/typings/types.ts' does not exist.
File 'd:/DOPAMS/Toystack/dopams-backend-staging/node_modules/@graphql-tools/delegate/typings/types.tsx' does not exist.
File 'd:/DOPAMS/Toystack/dopams-backend-staging/node_modules/@graphql-tools/delegate/typings/types.d.ts' exists - use it as a name resolution result.
File 'd:/DOPAMS/Toystack/dopams-backend-staging/node_modules/@graphql-tools/delegate/package.json' exists according to earlier cached lookups.
======== Module name './types.js' was successfully resolved to 'd:/DOPAMS/Toystack/dopams-backend-staging/node_modules/@graphql-tools/delegate/typings/types.d.ts' with Package ID '@graphql-tools/delegate/typings/types.d.ts@8.8.1+graphql@16.12.0'. ========
File 'd:/DOPAMS/Toystack/dopams-backend-staging/node_modules/@graphql-tools/delegate/typings/package.json' does not exist according to earlier cached lookups.
File 'd:/DOPAMS/Toystack/dopams-backend-staging/node_modules/@graphql-tools/delegate/package.json' exists according to earlier cached lookups.
======== Resolving module 'graphql' from 'd:/DOPAMS/Toystack/dopams-backend-staging/node_modules/@graphql-tools/delegate/typings/Subschema.d.ts'. ========
Explicitly specified module resolution kind: 'Node10'.
'baseUrl' option is set to 'd:/DOPAMS/Toystack/dopams-backend-staging/src', using this value to resolve non-relative module name 'graphql'.
'paths' option is specified, looking for a pattern to match module name 'graphql'.
'baseUrl' option is set to 'd:/DOPAMS/Toystack/dopams-backend-staging/src', using this value to resolve non-relative module name 'graphql'.
Resolving module name 'graphql' relative to base url 'd:/DOPAMS/Toystack/dopams-backend-staging/src' - 'd:/DOPAMS/Toystack/dopams-backend-staging/src/graphql'.
Loading module as file / folder, candidate module location 'd:/DOPAMS/Toystack/dopams-backend-staging/src/graphql', target file types: TypeScript, Declaration.
File 'd:/DOPAMS/Toystack/dopams-backend-staging/src/graphql.ts' does not exist.
File 'd:/DOPAMS/Toystack/dopams-backend-staging/src/graphql.tsx' does not exist.
File 'd:/DOPAMS/Toystack/dopams-backend-staging/src/graphql.d.ts' does not exist.
Directory 'd:/DOPAMS/Toystack/dopams-backend-staging/src/graphql' does not exist, skipping all lookups in it.
Loading module 'graphql' from 'node_modules' folder, target file types: TypeScript, Declaration.
Searching all ancestor node_modules directories for preferred extensions: TypeScript, Declaration.
Directory 'd:/DOPAMS/Toystack/dopams-backend-staging/node_modules/@graphql-tools/delegate/typings/node_modules' does not exist, skipping all lookups in it.
File 'd:/DOPAMS/Toystack/dopams-backend-staging/node_modules/@graphql-tools/delegate/node_modules/graphql.ts' does not exist.
File 'd:/DOPAMS/Toystack/dopams-backend-staging/node_modules/@graphql-tools/delegate/node_modules/graphql.tsx' does not exist.
File 'd:/DOPAMS/Toystack/dopams-backend-staging/node_modules/@graphql-tools/delegate/node_modules/graphql.d.ts' does not exist.
Directory 'd:/DOPAMS/Toystack/dopams-backend-staging/node_modules/@graphql-tools/delegate/node_modules/@types' does not exist, skipping all lookups in it.
Directory 'd:/DOPAMS/Toystack/dopams-backend-staging/node_modules/@graphql-tools/node_modules' does not exist, skipping all lookups in it.
File 'd:/DOPAMS/Toystack/dopams-backend-staging/node_modules/graphql/package.json' exists according to earlier cached lookups.
File 'd:/DOPAMS/Toystack/dopams-backend-staging/node_modules/graphql.ts' does not exist.
File 'd:/DOPAMS/Toystack/dopams-backend-staging/node_modules/graphql.tsx' does not exist.
File 'd:/DOPAMS/Toystack/dopams-backend-staging/node_modules/graphql.d.ts' does not exist.
'package.json' does not have a 'typings' field.
'package.json' does not have a 'types' field.
'package.json' has 'main' field 'index' that references 'd:/DOPAMS/Toystack/dopams-backend-staging/node_modules/graphql/index'.
'package.json' has a 'typesVersions' entry '>=4.1.0' that matches compiler version '5.9.3', looking for a pattern to match module name 'index'.
Module name 'index', matched pattern '*'.
Trying substitution '*', candidate module location: 'index'.
Loading module as file / folder, candidate module location 'd:/DOPAMS/Toystack/dopams-backend-staging/node_modules/graphql/index', target file types: TypeScript, Declaration.
File 'd:/DOPAMS/Toystack/dopams-backend-staging/node_modules/graphql/index.ts' does not exist.
File 'd:/DOPAMS/Toystack/dopams-backend-staging/node_modules/graphql/index.tsx' does not exist.
File 'd:/DOPAMS/Toystack/dopams-backend-staging/node_modules/graphql/index.d.ts' exists - use it as a name resolution result.
Resolving real path for 'd:/DOPAMS/Toystack/dopams-backend-staging/node_modules/graphql/index.d.ts', result 'D:/DOPAMS/Toystack/dopams-backend-staging/node_modules/graphql/index.d.ts'.
======== Module name 'graphql' was successfully resolved to 'd:/DOPAMS/Toystack/dopams-backend-staging/node_modules/graphql/index.d.ts' with Package ID 'graphql/index.d.ts@16.12.0'. ========
======== Resolving module './types.js' from 'd:/DOPAMS/Toystack/dopams-backend-staging/node_modules/@graphql-tools/delegate/typings/Subschema.d.ts'. ========
Resolution for module './types.js' was found in cache from location 'd:/DOPAMS/Toystack/dopams-backend-staging/node_modules/@graphql-tools/delegate/typings'.
======== Module name './types.js' was successfully resolved to 'd:/DOPAMS/Toystack/dopams-backend-staging/node_modules/@graphql-tools/delegate/typings/types.d.ts' with Package ID '@graphql-tools/delegate/typings/types.d.ts@8.8.1+graphql@16.12.0'. ========
======== Resolving module '@graphql-tools/utils' from 'd:/DOPAMS/Toystack/dopams-backend-staging/node_modules/@graphql-tools/delegate/typings/Subschema.d.ts'. ========
Explicitly specified module resolution kind: 'Node10'.
'baseUrl' option is set to 'd:/DOPAMS/Toystack/dopams-backend-staging/src', using this value to resolve non-relative module name '@graphql-tools/utils'.
'paths' option is specified, looking for a pattern to match module name '@graphql-tools/utils'.
'baseUrl' option is set to 'd:/DOPAMS/Toystack/dopams-backend-staging/src', using this value to resolve non-relative module name '@graphql-tools/utils'.
Resolving module name '@graphql-tools/utils' relative to base url 'd:/DOPAMS/Toystack/dopams-backend-staging/src' - 'd:/DOPAMS/Toystack/dopams-backend-staging/src/@graphql-tools/utils'.
Loading module as file / folder, candidate module location 'd:/DOPAMS/Toystack/dopams-backend-staging/src/@graphql-tools/utils', target file types: TypeScript, Declaration.
Loading module '@graphql-tools/utils' from 'node_modules' folder, target file types: TypeScript, Declaration.
Searching all ancestor node_modules directories for preferred extensions: TypeScript, Declaration.
Directory 'd:/DOPAMS/Toystack/dopams-backend-staging/node_modules/@graphql-tools/delegate/typings/node_modules' does not exist, skipping all lookups in it.
Scoped package detected, looking in 'graphql-tools__utils'
Found 'package.json' at 'd:/DOPAMS/Toystack/dopams-backend-staging/node_modules/@graphql-tools/delegate/node_modules/@graphql-tools/utils/package.json'.
File 'd:/DOPAMS/Toystack/dopams-backend-staging/node_modules/@graphql-tools/delegate/node_modules/@graphql-tools/utils.ts' does not exist.
File 'd:/DOPAMS/Toystack/dopams-backend-staging/node_modules/@graphql-tools/delegate/node_modules/@graphql-tools/utils.tsx' does not exist.
File 'd:/DOPAMS/Toystack/dopams-backend-staging/node_modules/@graphql-tools/delegate/node_modules/@graphql-tools/utils.d.ts' does not exist.
'package.json' does not have a 'typesVersions' field.
'package.json' has 'typings' field 'typings/index.d.ts' that references 'd:/DOPAMS/Toystack/dopams-backend-staging/node_modules/@graphql-tools/delegate/node_modules/@graphql-tools/utils/typings/index.d.ts'.
File 'd:/DOPAMS/Toystack/dopams-backend-staging/node_modules/@graphql-tools/delegate/node_modules/@graphql-tools/utils/typings/index.d.ts' exists - use it as a name resolution result.
'package.json' has a 'peerDependencies' field.
Resolving real path for 'd:/DOPAMS/Toystack/dopams-backend-staging/node_modules/@graphql-tools/delegate/node_modules/@graphql-tools/utils', result 'D:/DOPAMS/Toystack/dopams-backend-staging/node_modules/@graphql-tools/delegate/node_modules/@graphql-tools/utils'.
Failed to find peerDependency 'graphql'.
Resolving real path for 'd:/DOPAMS/Toystack/dopams-backend-staging/node_modules/@graphql-tools/delegate/node_modules/@graphql-tools/utils/typings/index.d.ts', result 'D:/DOPAMS/Toystack/dopams-backend-staging/node_modules/@graphql-tools/delegate/node_modules/@graphql-tools/utils/typings/index.d.ts'.
======== Module name '@graphql-tools/utils' was successfully resolved to 'd:/DOPAMS/Toystack/dopams-backend-staging/node_modules/@graphql-tools/delegate/node_modules/@graphql-tools/utils/typings/index.d.ts' with Package ID '@graphql-tools/utils/typings/index.d.ts@8.9.0'. ========
File 'd:/DOPAMS/Toystack/dopams-backend-staging/node_modules/@graphql-tools/delegate/typings/package.json' does not exist according to earlier cached lookups.
File 'd:/DOPAMS/Toystack/dopams-backend-staging/node_modules/@graphql-tools/delegate/package.json' exists according to earlier cached lookups.
======== Resolving module 'graphql' from 'd:/DOPAMS/Toystack/dopams-backend-staging/node_modules/@graphql-tools/delegate/typings/types.d.ts'. ========
Resolution for module 'graphql' was found in cache from location 'd:/DOPAMS/Toystack/dopams-backend-staging/node_modules/@graphql-tools/delegate/typings'.
======== Module name 'graphql' was successfully resolved to 'd:/DOPAMS/Toystack/dopams-backend-staging/node_modules/graphql/index.d.ts' with Package ID 'graphql/index.d.ts@16.12.0'. ========
======== Resolving module 'dataloader' from 'd:/DOPAMS/Toystack/dopams-backend-staging/node_modules/@graphql-tools/delegate/typings/types.d.ts'. ========
Explicitly specified module resolution kind: 'Node10'.
'baseUrl' option is set to 'd:/DOPAMS/Toystack/dopams-backend-staging/src', using this value to resolve non-relative module name 'dataloader'.
'paths' option is specified, looking for a pattern to match module name 'dataloader'.
'baseUrl' option is set to 'd:/DOPAMS/Toystack/dopams-backend-staging/src', using this value to resolve non-relative module name 'dataloader'.
Resolving module name 'dataloader' relative to base url 'd:/DOPAMS/Toystack/dopams-backend-staging/src' - 'd:/DOPAMS/Toystack/dopams-backend-staging/src/dataloader'.
Loading module as file / folder, candidate module location 'd:/DOPAMS/Toystack/dopams-backend-staging/src/dataloader', target file types: TypeScript, Declaration.
File 'd:/DOPAMS/Toystack/dopams-backend-staging/src/dataloader.ts' does not exist.
File 'd:/DOPAMS/Toystack/dopams-backend-staging/src/dataloader.tsx' does not exist.
File 'd:/DOPAMS/Toystack/dopams-backend-staging/src/dataloader.d.ts' does not exist.
Directory 'd:/DOPAMS/Toystack/dopams-backend-staging/src/dataloader' does not exist, skipping all lookups in it.
Loading module 'dataloader' from 'node_modules' folder, target file types: TypeScript, Declaration.
Searching all ancestor node_modules directories for preferred extensions: TypeScript, Declaration.
Directory 'd:/DOPAMS/Toystack/dopams-backend-staging/node_modules/@graphql-tools/delegate/typings/node_modules' does not exist, skipping all lookups in it.
File 'd:/DOPAMS/Toystack/dopams-backend-staging/node_modules/@graphql-tools/delegate/node_modules/dataloader.ts' does not exist.
File 'd:/DOPAMS/Toystack/dopams-backend-staging/node_modules/@graphql-tools/delegate/node_modules/dataloader.tsx' does not exist.
File 'd:/DOPAMS/Toystack/dopams-backend-staging/node_modules/@graphql-tools/delegate/node_modules/dataloader.d.ts' does not exist.
Directory 'd:/DOPAMS/Toystack/dopams-backend-staging/node_modules/@graphql-tools/delegate/node_modules/@types' does not exist, skipping all lookups in it.
Directory 'd:/DOPAMS/Toystack/dopams-backend-staging/node_modules/@graphql-tools/node_modules' does not exist, skipping all lookups in it.
Found 'package.json' at 'd:/DOPAMS/Toystack/dopams-backend-staging/node_modules/dataloader/package.json'.
File 'd:/DOPAMS/Toystack/dopams-backend-staging/node_modules/dataloader.ts' does not exist.
File 'd:/DOPAMS/Toystack/dopams-backend-staging/node_modules/dataloader.tsx' does not exist.
File 'd:/DOPAMS/Toystack/dopams-backend-staging/node_modules/dataloader.d.ts' does not exist.
'package.json' does not have a 'typesVersions' field.
'package.json' has 'typings' field 'index.d.ts' that references 'd:/DOPAMS/Toystack/dopams-backend-staging/node_modules/dataloader/index.d.ts'.
File 'd:/DOPAMS/Toystack/dopams-backend-staging/node_modules/dataloader/index.d.ts' exists - use it as a name resolution result.
'package.json' does not have a 'peerDependencies' field.
Resolving real path for 'd:/DOPAMS/Toystack/dopams-backend-staging/node_modules/dataloader/index.d.ts', result 'D:/DOPAMS/Toystack/dopams-backend-staging/node_modules/dataloader/index.d.ts'.
======== Module name 'dataloader' was successfully resolved to 'd:/DOPAMS/Toystack/dopams-backend-staging/node_modules/dataloader/index.d.ts' with Package ID 'dataloader/index.d.ts@2.1.0'. ========
======== Resolving module '@graphql-tools/utils' from 'd:/DOPAMS/Toystack/dopams-backend-staging/node_modules/@graphql-tools/delegate/typings/types.d.ts'. ========
Resolution for module '@graphql-tools/utils' was found in cache from location 'd:/DOPAMS/Toystack/dopams-backend-staging/node_modules/@graphql-tools/delegate/typings'.
======== Module name '@graphql-tools/utils' was successfully resolved to 'd:/DOPAMS/Toystack/dopams-backend-staging/node_modules/@graphql-tools/delegate/node_modules/@graphql-tools/utils/typings/index.d.ts' with Package ID '@graphql-tools/utils/typings/index.d.ts@8.9.0'. ========
======== Resolving module './Subschema.js' from 'd:/DOPAMS/Toystack/dopams-backend-staging/node_modules/@graphql-tools/delegate/typings/types.d.ts'. ========
Resolution for module './Subschema.js' was found in cache from location 'd:/DOPAMS/Toystack/dopams-backend-staging/node_modules/@graphql-tools/delegate/typings'.
======== Module name './Subschema.js' was successfully resolved to 'd:/DOPAMS/Toystack/dopams-backend-staging/node_modules/@graphql-tools/delegate/typings/Subschema.d.ts' with Package ID '@graphql-tools/delegate/typings/Subschema.d.ts@8.8.1+graphql@16.12.0'. ========
======== Resolving module './symbols.js' from 'd:/DOPAMS/Toystack/dopams-backend-staging/node_modules/@graphql-tools/delegate/typings/types.d.ts'. ========
Explicitly specified module resolution kind: 'Node10'.
Loading module as file / folder, candidate module location 'd:/DOPAMS/Toystack/dopams-backend-staging/node_modules/@graphql-tools/delegate/typings/symbols.js', target file types: TypeScript, Declaration.
File name 'd:/DOPAMS/Toystack/dopams-backend-staging/node_modules/@graphql-tools/delegate/typings/symbols.js' has a '.js' extension - stripping it.
File 'd:/DOPAMS/Toystack/dopams-backend-staging/node_modules/@graphql-tools/delegate/typings/symbols.ts' does not exist.
File 'd:/DOPAMS/Toystack/dopams-backend-staging/node_modules/@graphql-tools/delegate/typings/symbols.tsx' does not exist.
File 'd:/DOPAMS/Toystack/dopams-backend-staging/node_modules/@graphql-tools/delegate/typings/symbols.d.ts' exists - use it as a name resolution result.
File 'd:/DOPAMS/Toystack/dopams-backend-staging/node_modules/@graphql-tools/delegate/package.json' exists according to earlier cached lookups.
======== Module name './symbols.js' was successfully resolved to 'd:/DOPAMS/Toystack/dopams-backend-staging/node_modules/@graphql-tools/delegate/typings/symbols.d.ts' with Package ID '@graphql-tools/delegate/typings/symbols.d.ts@8.8.1+graphql@16.12.0'. ========
File 'd:/DOPAMS/Toystack/dopams-backend-staging/node_modules/dataloader/package.json' exists according to earlier cached lookups.
File 'd:/DOPAMS/Toystack/dopams-backend-staging/node_modules/@graphql-tools/delegate/node_modules/@graphql-tools/utils/typings/package.json' does not exist.
File 'd:/DOPAMS/Toystack/dopams-backend-staging/node_modules/@graphql-tools/delegate/node_modules/@graphql-tools/utils/package.json' exists according to earlier cached lookups.
======== Resolving module './loaders.js' from 'd:/DOPAMS/Toystack/dopams-backend-staging/node_modules/@graphql-tools/delegate/node_modules/@graphql-tools/utils/typings/index.d.ts'. ========
Explicitly specified module resolution kind: 'Node10'.
Loading module as file / folder, candidate module location 'd:/DOPAMS/Toystack/dopams-backend-staging/node_modules/@graphql-tools/delegate/node_modules/@graphql-tools/utils/typings/loaders.js', target file types: TypeScript, Declaration.
File name 'd:/DOPAMS/Toystack/dopams-backend-staging/node_modules/@graphql-tools/delegate/node_modules/@graphql-tools/utils/typings/loaders.js' has a '.js' extension - stripping it.
File 'd:/DOPAMS/Toystack/dopams-backend-staging/node_modules/@graphql-tools/delegate/node_modules/@graphql-tools/utils/typings/loaders.ts' does not exist.
File 'd:/DOPAMS/Toystack/dopams-backend-staging/node_modules/@graphql-tools/delegate/node_modules/@graphql-tools/utils/typings/loaders.tsx' does not exist.
File 'd:/DOPAMS/Toystack/dopams-backend-staging/node_modules/@graphql-tools/delegate/node_modules/@graphql-tools/utils/typings/loaders.d.ts' exists - use it as a name resolution result.
File 'd:/DOPAMS/Toystack/dopams-backend-staging/node_modules/@graphql-tools/delegate/node_modules/@graphql-tools/utils/package.json' exists according to earlier cached lookups.
======== Module name './loaders.js' was successfully resolved to 'd:/DOPAMS/Toystack/dopams-backend-staging/node_modules/@graphql-tools/delegate/node_modules/@graphql-tools/utils/typings/loaders.d.ts' with Package ID '@graphql-tools/utils/typings/loaders.d.ts@8.9.0'. ========
======== Resolving module './helpers.js' from 'd:/DOPAMS/Toystack/dopams-backend-staging/node_modules/@graphql-tools/delegate/node_modules/@graphql-tools/utils/typings/index.d.ts'. ========
Explicitly specified module resolution kind: 'Node10'.
Loading module as file / folder, candidate module location 'd:/DOPAMS/Toystack/dopams-backend-staging/node_modules/@graphql-tools/delegate/node_modules/@graphql-tools/utils/typings/helpers.js', target file types: TypeScript, Declaration.
File name 'd:/DOPAMS/Toystack/dopams-backend-staging/node_modules/@graphql-tools/delegate/node_modules/@graphql-tools/utils/typings/helpers.js' has a '.js' extension - stripping it.
File 'd:/DOPAMS/Toystack/dopams-backend-staging/node_modules/@graphql-tools/delegate/node_modules/@graphql-tools/utils/typings/helpers.ts' does not exist.
File 'd:/DOPAMS/Toystack/dopams-backend-staging/node_modules/@graphql-tools/delegate/node_modules/@graphql-tools/utils/typings/helpers.tsx' does not exist.
File 'd:/DOPAMS/Toystack/dopams-backend-staging/node_modules/@graphql-tools/delegate/node_modules/@graphql-tools/utils/typings/helpers.d.ts' exists - use it as a name resolution result.
File 'd:/DOPAMS/Toystack/dopams-backend-staging/node_modules/@graphql-tools/delegate/node_modules/@graphql-tools/utils/package.json' exists according to earlier cached lookups.
======== Module name './helpers.js' was successfully resolved to 'd:/DOPAMS/Toystack/dopams-backend-staging/node_modules/@graphql-tools/delegate/node_modules/@graphql-tools/utils/typings/helpers.d.ts' with Package ID '@graphql-tools/utils/typings/helpers.d.ts@8.9.0'. ========
======== Resolving module './get-directives.js' from 'd:/DOPAMS/Toystack/dopams-backend-staging/node_modules/@graphql-tools/delegate/node_modules/@graphql-tools/utils/typings/index.d.ts'. ========
Explicitly specified module resolution kind: 'Node10'.
Loading module as file / folder, candidate module location 'd:/DOPAMS/Toystack/dopams-backend-staging/node_modules/@graphql-tools/delegate/node_modules/@graphql-tools/utils/typings/get-directives.js', target file types: TypeScript, Declaration.
File name 'd:/DOPAMS/Toystack/dopams-backend-staging/node_modules/@graphql-tools/delegate/node_modules/@graphql-tools/utils/typings/get-directives.js' has a '.js' extension - stripping it.
File 'd:/DOPAMS/Toystack/dopams-backend-staging/node_modules/@graphql-tools/delegate/node_modules/@graphql-tools/utils/typings/get-directives.ts' does not exist.
File 'd:/DOPAMS/Toystack/dopams-backend-staging/node_modules/@graphql-tools/delegate/node_modules/@graphql-tools/utils/typings/get-directives.tsx' does not exist.
File 'd:/DOPAMS/Toystack/dopams-backend-staging/node_modules/@graphql-tools/delegate/node_modules/@graphql-tools/utils/typings/get-directives.d.ts' exists - use it as a name resolution result.
File 'd:/DOPAMS/Toystack/dopams-backend-staging/node_modules/@graphql-tools/delegate/node_modules/@graphql-tools/utils/package.json' exists according to earlier cached lookups.
======== Module name './get-directives.js' was successfully resolved to 'd:/DOPAMS/Toystack/dopams-backend-staging/node_modules/@graphql-tools/delegate/node_modules/@graphql-tools/utils/typings/get-directives.d.ts' with Package ID '@graphql-tools/utils/typings/get-directives.d.ts@8.9.0'. ========
======== Resolving module './get-fields-with-directives.js' from 'd:/DOPAMS/Toystack/dopams-backend-staging/node_modules/@graphql-tools/delegate/node_modules/@graphql-tools/utils/typings/index.d.ts'. ========
Explicitly specified module resolution kind: 'Node10'.
Loading module as file / folder, candidate module location 'd:/DOPAMS/Toystack/dopams-backend-staging/node_modules/@graphql-tools/delegate/node_modules/@graphql-tools/utils/typings/get-fields-with-directives.js', target file types: TypeScript, Declaration.
File name 'd:/DOPAMS/Toystack/dopams-backend-staging/node_modules/@graphql-tools/delegate/node_modules/@graphql-tools/utils/typings/get-fields-with-directives.js' has a '.js' extension - stripping it.
File 'd:/DOPAMS/Toystack/dopams-backend-staging/node_modules/@graphql-tools/delegate/node_modules/@graphql-tools/utils/typings/get-fields-with-directives.ts' does not exist.
File 'd:/DOPAMS/Toystack/dopams-backend-staging/node_modules/@graphql-tools/delegate/node_modules/@graphql-tools/utils/typings/get-fields-with-directives.tsx' does not exist.
File 'd:/DOPAMS/Toystack/dopams-backend-staging/node_modules/@graphql-tools/delegate/node_modules/@graphql-tools/utils/typings/get-fields-with-directives.d.ts' exists - use it as a name resolution result.
File 'd:/DOPAMS/Toystack/dopams-backend-staging/node_modules/@graphql-tools/delegate/node_modules/@graphql-tools/utils/package.json' exists according to earlier cached lookups.
======== Module name './get-fields-with-directives.js' was successfully resolved to 'd:/DOPAMS/Toystack/dopams-backend-staging/node_modules/@graphql-tools/delegate/node_modules/@graphql-tools/utils/typings/get-fields-with-directives.d.ts' with Package ID '@graphql-tools/utils/typings/get-fields-with-directives.d.ts@8.9.0'. ========
======== Resolving module './get-implementing-types.js' from 'd:/DOPAMS/Toystack/dopams-backend-staging/node_modules/@graphql-tools/delegate/node_modules/@graphql-tools/utils/typings/index.d.ts'. ========
Explicitly specified module resolution kind: 'Node10'.
Loading module as file / folder, candidate module location 'd:/DOPAMS/Toystack/dopams-backend-staging/node_modules/@graphql-tools/delegate/node_modules/@graphql-tools/utils/typings/get-implementing-types.js', target file types: TypeScript, Declaration.
File name 'd:/DOPAMS/Toystack/dopams-backend-staging/node_modules/@graphql-tools/delegate/node_modules/@graphql-tools/utils/typings/get-implementing-types.js' has a '.js' extension - stripping it.
File 'd:/DOPAMS/Toystack/dopams-backend-staging/node_modules/@graphql-tools/delegate/node_modules/@graphql-tools/utils/typings/get-implementing-types.ts' does not exist.
File 'd:/DOPAMS/Toystack/dopams-backend-staging/node_modules/@graphql-tools/delegate/node_modules/@graphql-tools/utils/typings/get-implementing-types.tsx' does not exist.
File 'd:/DOPAMS/Toystack/dopams-backend-staging/node_modules/@graphql-tools/delegate/node_modules/@graphql-tools/utils/typings/get-implementing-types.d.ts' exists - use it as a name resolution result.
File 'd:/DOPAMS/Toystack/dopams-backend-staging/node_modules/@graphql-tools/delegate/node_modules/@graphql-tools/utils/package.json' exists according to earlier cached lookups.
======== Module name './get-implementing-types.js' was successfully resolved to 'd:/DOPAMS/Toystack/dopams-backend-staging/node_modules/@graphql-tools/delegate/node_modules/@graphql-tools/utils/typings/get-implementing-types.d.ts' with Package ID '@graphql-tools/utils/typings/get-implementing-types.d.ts@8.9.0'. ========
======== Resolving module './print-schema-with-directives.js' from 'd:/DOPAMS/Toystack/dopams-backend-staging/node_modules/@graphql-tools/delegate/node_modules/@graphql-tools/utils/typings/index.d.ts'. ========
Explicitly specified module resolution kind: 'Node10'.
Loading module as file / folder, candidate module location 'd:/DOPAMS/Toystack/dopams-backend-staging/node_modules/@graphql-tools/delegate/node_modules/@graphql-tools/utils/typings/print-schema-with-directives.js', target file types: TypeScript, Declaration.
File name 'd:/DOPAMS/Toystack/dopams-backend-staging/node_modules/@graphql-tools/delegate/node_modules/@graphql-tools/utils/typings/print-schema-with-directives.js' has a '.js' extension - stripping it.
File 'd:/DOPAMS/Toystack/dopams-backend-staging/node_modules/@graphql-tools/delegate/node_modules/@graphql-tools/utils/typings/print-schema-with-directives.ts' does not exist.
File 'd:/DOPAMS/Toystack/dopams-backend-staging/node_modules/@graphql-tools/delegate/node_modules/@graphql-tools/utils/typings/print-schema-with-directives.tsx' does not exist.
File 'd:/DOPAMS/Toystack/dopams-backend-staging/node_modules/@graphql-tools/delegate/node_modules/@graphql-tools/utils/typings/print-schema-with-directives.d.ts' exists - use it as a name resolution result.
File 'd:/DOPAMS/Toystack/dopams-backend-staging/node_modules/@graphql-tools/delegate/node_modules/@graphql-tools/utils/package.json' exists according to earlier cached lookups.
======== Module name './print-schema-with-directives.js' was successfully resolved to 'd:/DOPAMS/Toystack/dopams-backend-staging/node_modules/@graphql-tools/delegate/node_modules/@graphql-tools/utils/typings/print-schema-with-directives.d.ts' with Package ID '@graphql-tools/utils/typings/print-schema-with-directives.d.ts@8.9.0'. ========
======== Resolving module './validate-documents.js' from 'd:/DOPAMS/Toystack/dopams-backend-staging/node_modules/@graphql-tools/delegate/node_modules/@graphql-tools/utils/typings/index.d.ts'. ========
Explicitly specified module resolution kind: 'Node10'.
Loading module as file / folder, candidate module location 'd:/DOPAMS/Toystack/dopams-backend-staging/node_modules/@graphql-tools/delegate/node_modules/@graphql-tools/utils/typings/validate-documents.js', target file types: TypeScript, Declaration.
File name 'd:/DOPAMS/Toystack/dopams-backend-staging/node_modules/@graphql-tools/delegate/node_modules/@graphql-tools/utils/typings/validate-documents.js' has a '.js' extension - stripping it.
File 'd:/DOPAMS/Toystack/dopams-backend-staging/node_modules/@graphql-tools/delegate/node_modules/@graphql-tools/utils/typings/validate-documents.ts' does not exist.
File 'd:/DOPAMS/Toystack/dopams-backend-staging/node_modules/@graphql-tools/delegate/node_modules/@graphql-tools/utils/typings/validate-documents.tsx' does not exist.
File 'd:/DOPAMS/Toystack/dopams-backend-staging/node_modules/@graphql-tools/delegate/node_modules/@graphql-tools/utils/typings/validate-documents.d.ts' exists - use it as a name resolution result.
File 'd:/DOPAMS/Toystack/dopams-backend-staging/node_modules/@graphql-tools/delegate/node_modules/@graphql-tools/utils/package.json' exists according to earlier cached lookups.
======== Module name './validate-documents.js' was successfully resolved to 'd:/DOPAMS/Toystack/dopams-backend-staging/node_modules/@graphql-tools/delegate/node_modules/@graphql-tools/utils/typings/validate-documents.d.ts' with Package ID '@graphql-tools/utils/typings/validate-documents.d.ts@8.9.0'. ========
======== Resolving module './parse-graphql-json.js' from 'd:/DOPAMS/Toystack/dopams-backend-staging/node_modules/@graphql-tools/delegate/node_modules/@graphql-tools/utils/typings/index.d.ts'. ========
Explicitly specified module resolution kind: 'Node10'.
Loading module as file / folder, candidate module location 'd:/DOPAMS/Toystack/dopams-backend-staging/node_modules/@graphql-tools/delegate/node_modules/@graphql-tools/utils/typings/parse-graphql-json.js', target file types: TypeScript, Declaration.
File name 'd:/DOPAMS/Toystack/dopams-backend-staging/node_modules/@graphql-tools/delegate/node_modules/@graphql-tools/utils/typings/parse-graphql-json.js' has a '.js' extension - stripping it.
File 'd:/DOPAMS/Toystack/dopams-backend-staging/node_modules/@graphql-tools/delegate/node_modules/@graphql-tools/utils/typings/parse-graphql-json.ts' does not exist.
File 'd:/DOPAMS/Toystack/dopams-backend-staging/node_modules/@graphql-tools/delegate/node_modules/@graphql-tools/utils/typings/parse-graphql-json.tsx' does not exist.
File 'd:/DOPAMS/Toystack/dopams-backend-staging/node_modules/@graphql-tools/delegate/node_modules/@graphql-tools/utils/typings/parse-graphql-json.d.ts' exists - use it as a name resolution result.
File 'd:/DOPAMS/Toystack/dopams-backend-staging/node_modules/@graphql-tools/delegate/node_modules/@graphql-tools/utils/package.json' exists according to earlier cached lookups.
======== Module name './parse-graphql-json.js' was successfully resolved to 'd:/DOPAMS/Toystack/dopams-backend-staging/node_modules/@graphql-tools/delegate/node_modules/@graphql-tools/utils/typings/parse-graphql-json.d.ts' with Package ID '@graphql-tools/utils/typings/parse-graphql-json.d.ts@8.9.0'. ========
======== Resolving module './parse-graphql-sdl.js' from 'd:/DOPAMS/Toystack/dopams-backend-staging/node_modules/@graphql-tools/delegate/node_modules/@graphql-tools/utils/typings/index.d.ts'. ========
Explicitly specified module resolution kind: 'Node10'.
Loading module as file / folder, candidate module location 'd:/DOPAMS/Toystack/dopams-backend-staging/node_modules/@graphql-tools/delegate/node_modules/@graphql-tools/utils/typings/parse-graphql-sdl.js', target file types: TypeScript, Declaration.
File name 'd:/DOPAMS/Toystack/dopams-backend-staging/node_modules/@graphql-tools/delegate/node_modules/@graphql-tools/utils/typings/parse-graphql-sdl.js' has a '.js' extension - stripping it.
File 'd:/DOPAMS/Toystack/dopams-backend-staging/node_modules/@graphql-tools/delegate/node_modules/@graphql-tools/utils/typings/parse-graphql-sdl.ts' does not exist.
File 'd:/DOPAMS/Toystack/dopams-backend-staging/node_modules/@graphql-tools/delegate/node_modules/@graphql-tools/utils/typings/parse-graphql-sdl.tsx' does not exist.
File 'd:/DOPAMS/Toystack/dopams-backend-staging/node_modules/@graphql-tools/delegate/node_modules/@graphql-tools/utils/typings/parse-graphql-sdl.d.ts' exists - use it as a name resolution result.
File 'd:/DOPAMS/Toystack/dopams-backend-staging/node_modules/@graphql-tools/delegate/node_modules/@graphql-tools/utils/package.json' exists according to earlier cached lookups.
======== Module name './parse-graphql-sdl.js' was successfully resolved to 'd:/DOPAMS/Toystack/dopams-backend-staging/node_modules/@graphql-tools/delegate/node_modules/@graphql-tools/utils/typings/parse-graphql-sdl.d.ts' with Package ID '@graphql-tools/utils/typings/parse-graphql-sdl.d.ts@8.9.0'. ========
======== Resolving module './build-operation-for-field.js' from 'd:/DOPAMS/Toystack/dopams-backend-staging/node_modules/@graphql-tools/delegate/node_modules/@graphql-tools/utils/typings/index.d.ts'. ========
Explicitly specified module resolution kind: 'Node10'.
Loading module as file / folder, candidate module location 'd:/DOPAMS/Toystack/dopams-backend-staging/node_modules/@graphql-tools/delegate/node_modules/@graphql-tools/utils/typings/build-operation-for-field.js', target file types: TypeScript, Declaration.
File name 'd:/DOPAMS/Toystack/dopams-backend-staging/node_modules/@graphql-tools/delegate/node_modules/@graphql-tools/utils/typings/build-operation-for-field.js' has a '.js' extension - stripping it.
File 'd:/DOPAMS/Toystack/dopams-backend-staging/node_modules/@graphql-tools/delegate/node_modules/@graphql-tools/utils/typings/build-operation-for-field.ts' does not exist.
File 'd:/DOPAMS/Toystack/dopams-backend-staging/node_modules/@graphql-tools/delegate/node_modules/@graphql-tools/utils/typings/build-operation-for-field.tsx' does not exist.
File 'd:/DOPAMS/Toystack/dopams-backend-staging/node_modules/@graphql-tools/delegate/node_modules/@graphql-tools/utils/typings/build-operation-for-field.d.ts' exists - use it as a name resolution result.
File 'd:/DOPAMS/Toystack/dopams-backend-staging/node_modules/@graphql-tools/delegate/node_modules/@graphql-tools/utils/package.json' exists according to earlier cached lookups.
======== Module name './build-operation-for-field.js' was successfully resolved to 'd:/DOPAMS/Toystack/dopams-backend-staging/node_modules/@graphql-tools/delegate/node_modules/@graphql-tools/utils/typings/build-operation-for-field.d.ts' with Package ID '@graphql-tools/utils/typings/build-operation-for-field.d.ts@8.9.0'. ========
======== Resolving module './types.js' from 'd:/DOPAMS/Toystack/dopams-backend-staging/node_modules/@graphql-tools/delegate/node_modules/@graphql-tools/utils/typings/index.d.ts'. ========
Explicitly specified module resolution kind: 'Node10'.
Loading module as file / folder, candidate module location 'd:/DOPAMS/Toystack/dopams-backend-staging/node_modules/@graphql-tools/delegate/node_modules/@graphql-tools/utils/typings/types.js', target file types: TypeScript, Declaration.
File name 'd:/DOPAMS/Toystack/dopams-backend-staging/node_modules/@graphql-tools/delegate/node_modules/@graphql-tools/utils/typings/types.js' has a '.js' extension - stripping it.
File 'd:/DOPAMS/Toystack/dopams-backend-staging/node_modules/@graphql-tools/delegate/node_modules/@graphql-tools/utils/typings/types.ts' does not exist.
File 'd:/DOPAMS/Toystack/dopams-backend-staging/node_modules/@graphql-tools/delegate/node_modules/@graphql-tools/utils/typings/types.tsx' does not exist.
File 'd:/DOPAMS/Toystack/dopams-backend-staging/node_modules/@graphql-tools/delegate/node_modules/@graphql-tools/utils/typings/types.d.ts' exists - use it as a name resolution result.
File 'd:/DOPAMS/Toystack/dopams-backend-staging/node_modules/@graphql-tools/delegate/node_modules/@graphql-tools/utils/package.json' exists according to earlier cached lookups.
======== Module name './types.js' was successfully resolved to 'd:/DOPAMS/Toystack/dopams-backend-staging/node_modules/@graphql-tools/delegate/node_modules/@graphql-tools/utils/typings/types.d.ts' with Package ID '@graphql-tools/utils/typings/types.d.ts@8.9.0'. ========
======== Resolving module './filterSchema.js' from 'd:/DOPAMS/Toystack/dopams-backend-staging/node_modules/@graphql-tools/delegate/node_modules/@graphql-tools/utils/typings/index.d.ts'. ========
Explicitly specified module resolution kind: 'Node10'.
Loading module as file / folder, candidate module location 'd:/DOPAMS/Toystack/dopams-backend-staging/node_modules/@graphql-tools/delegate/node_modules/@graphql-tools/utils/typings/filterSchema.js', target file types: TypeScript, Declaration.
File name 'd:/DOPAMS/Toystack/dopams-backend-staging/node_modules/@graphql-tools/delegate/node_modules/@graphql-tools/utils/typings/filterSchema.js' has a '.js' extension - stripping it.
File 'd:/DOPAMS/Toystack/dopams-backend-staging/node_modules/@graphql-tools/delegate/node_modules/@graphql-tools/utils/typings/filterSchema.ts' does not exist.
File 'd:/DOPAMS/Toystack/dopams-backend-staging/node_modules/@graphql-tools/delegate/node_modules/@graphql-tools/utils/typings/filterSchema.tsx' does not exist.
File 'd:/DOPAMS/Toystack/dopams-backend-staging/node_modules/@graphql-tools/delegate/node_modules/@graphql-tools/utils/typings/filterSchema.d.ts' exists - use it as a name resolution result.
File 'd:/DOPAMS/Toystack/dopams-backend-staging/node_modules/@graphql-tools/delegate/node_modules/@graphql-tools/utils/package.json' exists according to earlier cached lookups.
======== Module name './filterSchema.js' was successfully resolved to 'd:/DOPAMS/Toystack/dopams-backend-staging/node_modules/@graphql-tools/delegate/node_modules/@graphql-tools/utils/typings/filterSchema.d.ts' with Package ID '@graphql-tools/utils/typings/filterSchema.d.ts@8.9.0'. ========
======== Resolving module './heal.js' from 'd:/DOPAMS/Toystack/dopams-backend-staging/node_modules/@graphql-tools/delegate/node_modules/@graphql-tools/utils/typings/index.d.ts'. ========
Explicitly specified module resolution kind: 'Node10'.
Loading module as file / folder, candidate module location 'd:/DOPAMS/Toystack/dopams-backend-staging/node_modules/@graphql-tools/delegate/node_modules/@graphql-tools/utils/typings/heal.js', target file types: TypeScript, Declaration.
File name 'd:/DOPAMS/Toystack/dopams-backend-staging/node_modules/@graphql-tools/delegate/node_modules/@graphql-tools/utils/typings/heal.js' has a '.js' extension - stripping it.
File 'd:/DOPAMS/Toystack/dopams-backend-staging/node_modules/@graphql-tools/delegate/node_modules/@graphql-tools/utils/typings/heal.ts' does not exist.
File 'd:/DOPAMS/Toystack/dopams-backend-staging/node_modules/@graphql-tools/delegate/node_modules/@graphql-tools/utils/typings/heal.tsx' does not exist.
File 'd:/DOPAMS/Toystack/dopams-backend-staging/node_modules/@graphql-tools/delegate/node_modules/@graphql-tools/utils/typings/heal.d.ts' exists - use it as a name resolution result.
File 'd:/DOPAMS/Toystack/dopams-backend-staging/node_modules/@graphql-tools/delegate/node_modules/@graphql-tools/utils/package.json' exists according to earlier cached lookups.
======== Module name './heal.js' was successfully resolved to 'd:/DOPAMS/Toystack/dopams-backend-staging/node_modules/@graphql-tools/delegate/node_modules/@graphql-tools/utils/typings/heal.d.ts' with Package ID '@graphql-tools/utils/typings/heal.d.ts@8.9.0'. ========
======== Resolving module './getResolversFromSchema.js' from 'd:/DOPAMS/Toystack/dopams-backend-staging/node_modules/@graphql-tools/delegate/node_modules/@graphql-tools/utils/typings/index.d.ts'. ========
Explicitly specified module resolution kind: 'Node10'.
Loading module as file / folder, candidate module location 'd:/DOPAMS/Toystack/dopams-backend-staging/node_modules/@graphql-tools/delegate/node_modules/@graphql-tools/utils/typings/getResolversFromSchema.js', target file types: TypeScript, Declaration.
File name 'd:/DOPAMS/Toystack/dopams-backend-staging/node_modules/@graphql-tools/delegate/node_modules/@graphql-tools/utils/typings/getResolversFromSchema.js' has a '.js' extension - stripping it.
File 'd:/DOPAMS/Toystack/dopams-backend-staging/node_modules/@graphql-tools/delegate/node_modules/@graphql-tools/utils/typings/getResolversFromSchema.ts' does not exist.
File 'd:/DOPAMS/Toystack/dopams-backend-staging/node_modules/@graphql-tools/delegate/node_modules/@graphql-tools/utils/typings/getResolversFromSchema.tsx' does not exist.
File 'd:/DOPAMS/Toystack/dopams-backend-staging/node_modules/@graphql-tools/delegate/node_modules/@graphql-tools/utils/typings/getResolversFromSchema.d.ts' exists - use it as a name resolution result.
File 'd:/DOPAMS/Toystack/dopams-backend-staging/node_modules/@graphql-tools/delegate/node_modules/@graphql-tools/utils/package.json' exists according to earlier cached lookups.
======== Module name './getResolversFromSchema.js' was successfully resolved to 'd:/DOPAMS/Toystack/dopams-backend-staging/node_modules/@graphql-tools/delegate/node_modules/@graphql-tools/utils/typings/getResolversFromSchema.d.ts' with Package ID '@graphql-tools/utils/typings/getResolversFromSchema.d.ts@8.9.0'. ========
======== Resolving module './forEachField.js' from 'd:/DOPAMS/Toystack/dopams-backend-staging/node_modules/@graphql-tools/delegate/node_modules/@graphql-tools/utils/typings/index.d.ts'. ========
Explicitly specified module resolution kind: 'Node10'.
Loading module as file / folder, candidate module location 'd:/DOPAMS/Toystack/dopams-backend-staging/node_modules/@graphql-tools/delegate/node_modules/@graphql-tools/utils/typings/forEachField.js', target file types: TypeScript, Declaration.
File name 'd:/DOPAMS/Toystack/dopams-backend-staging/node_modules/@graphql-tools/delegate/node_modules/@graphql-tools/utils/typings/forEachField.js' has a '.js' extension - stripping it.
File 'd:/DOPAMS/Toystack/dopams-backend-staging/node_modules/@graphql-tools/delegate/node_modules/@graphql-tools/utils/typings/forEachField.ts' does not exist.
File 'd:/DOPAMS/Toystack/dopams-backend-staging/node_modules/@graphql-tools/delegate/node_modules/@graphql-tools/utils/typings/forEachField.tsx' does not exist.
File 'd:/DOPAMS/Toystack/dopams-backend-staging/node_modules/@graphql-tools/delegate/node_modules/@graphql-tools/utils/typings/forEachField.d.ts' exists - use it as a name resolution result.
File 'd:/DOPAMS/Toystack/dopams-backend-staging/node_modules/@graphql-tools/delegate/node_modules/@graphql-tools/utils/package.json' exists according to earlier cached lookups.
======== Module name './forEachField.js' was successfully resolved to 'd:/DOPAMS/Toystack/dopams-backend-staging/node_modules/@graphql-tools/delegate/node_modules/@graphql-tools/utils/typings/forEachField.d.ts' with Package ID '@graphql-tools/utils/typings/forEachField.d.ts@8.9.0'. ========
======== Resolving module './forEachDefaultValue.js' from 'd:/DOPAMS/Toystack/dopams-backend-staging/node_modules/@graphql-tools/delegate/node_modules/@graphql-tools/utils/typings/index.d.ts'. ========
Explicitly specified module resolution kind: 'Node10'.
Loading module as file / folder, candidate module location 'd:/DOPAMS/Toystack/dopams-backend-staging/node_modules/@graphql-tools/delegate/node_modules/@graphql-tools/utils/typings/forEachDefaultValue.js', target file types: TypeScript, Declaration.
File name 'd:/DOPAMS/Toystack/dopams-backend-staging/node_modules/@graphql-tools/delegate/node_modules/@graphql-tools/utils/typings/forEachDefaultValue.js' has a '.js' extension - stripping it.
File 'd:/DOPAMS/Toystack/dopams-backend-staging/node_modules/@graphql-tools/delegate/node_modules/@graphql-tools/utils/typings/forEachDefaultValue.ts' does not exist.
File 'd:/DOPAMS/Toystack/dopams-backend-staging/node_modules/@graphql-tools/delegate/node_modules/@graphql-tools/utils/typings/forEachDefaultValue.tsx' does not exist.
File 'd:/DOPAMS/Toystack/dopams-backend-staging/node_modules/@graphql-tools/delegate/node_modules/@graphql-tools/utils/typings/forEachDefaultValue.d.ts' exists - use it as a name resolution result.
File 'd:/DOPAMS/Toystack/dopams-backend-staging/node_modules/@graphql-tools/delegate/node_modules/@graphql-tools/utils/package.json' exists according to earlier cached lookups.
======== Module name './forEachDefaultValue.js' was successfully resolved to 'd:/DOPAMS/Toystack/dopams-backend-staging/node_modules/@graphql-tools/delegate/node_modules/@graphql-tools/utils/typings/forEachDefaultValue.d.ts' with Package ID '@graphql-tools/utils/typings/forEachDefaultValue.d.ts@8.9.0'. ========
======== Resolving module './mapSchema.js' from 'd:/DOPAMS/Toystack/dopams-backend-staging/node_modules/@graphql-tools/delegate/node_modules/@graphql-tools/utils/typings/index.d.ts'. ========
Explicitly specified module resolution kind: 'Node10'.
Loading module as file / folder, candidate module location 'd:/DOPAMS/Toystack/dopams-backend-staging/node_modules/@graphql-tools/delegate/node_modules/@graphql-tools/utils/typings/mapSchema.js', target file types: TypeScript, Declaration.
File name 'd:/DOPAMS/Toystack/dopams-backend-staging/node_modules/@graphql-tools/delegate/node_modules/@graphql-tools/utils/typings/mapSchema.js' has a '.js' extension - stripping it.
File 'd:/DOPAMS/Toystack/dopams-backend-staging/node_modules/@graphql-tools/delegate/node_modules/@graphql-tools/utils/typings/mapSchema.ts' does not exist.
File 'd:/DOPAMS/Toystack/dopams-backend-staging/node_modules/@graphql-tools/delegate/node_modules/@graphql-tools/utils/typings/mapSchema.tsx' does not exist.
File 'd:/DOPAMS/Toystack/dopams-backend-staging/node_modules/@graphql-tools/delegate/node_modules/@graphql-tools/utils/typings/mapSchema.d.ts' exists - use it as a name resolution result.
File 'd:/DOPAMS/Toystack/dopams-backend-staging/node_modules/@graphql-tools/delegate/node_modules/@graphql-tools/utils/package.json' exists according to earlier cached lookups.
======== Module name './mapSchema.js' was successfully resolved to 'd:/DOPAMS/Toystack/dopams-backend-staging/node_modules/@graphql-tools/delegate/node_modules/@graphql-tools/utils/typings/mapSchema.d.ts' with Package ID '@graphql-tools/utils/typings/mapSchema.d.ts@8.9.0'. ========
======== Resolving module './addTypes.js' from 'd:/DOPAMS/Toystack/dopams-backend-staging/node_modules/@graphql-tools/delegate/node_modules/@graphql-tools/utils/typings/index.d.ts'. ========
Explicitly specified module resolution kind: 'Node10'.
Loading module as file / folder, candidate module location 'd:/DOPAMS/Toystack/dopams-backend-staging/node_modules/@graphql-tools/delegate/node_modules/@graphql-tools/utils/typings/addTypes.js', target file types: TypeScript, Declaration.
File name 'd:/DOPAMS/Toystack/dopams-backend-staging/node_modules/@graphql-tools/delegate/node_modules/@graphql-tools/utils/typings/addTypes.js' has a '.js' extension - stripping it.
File 'd:/DOPAMS/Toystack/dopams-backend-staging/node_modules/@graphql-tools/delegate/node_modules/@graphql-tools/utils/typings/addTypes.ts' does not exist.
File 'd:/DOPAMS/Toystack/dopams-backend-staging/node_modules/@graphql-tools/delegate/node_modules/@graphql-tools/utils/typings/addTypes.tsx' does not exist.
File 'd:/DOPAMS/Toystack/dopams-backend-staging/node_modules/@graphql-tools/delegate/node_modules/@graphql-tools/utils/typings/addTypes.d.ts' exists - use it as a name resolution result.
File 'd:/DOPAMS/Toystack/dopams-backend-staging/node_modules/@graphql-tools/delegate/node_modules/@graphql-tools/utils/package.json' exists according to earlier cached lookups.
======== Module name './addTypes.js' was successfully resolved to 'd:/DOPAMS/Toystack/dopams-backend-staging/node_modules/@graphql-tools/delegate/node_modules/@graphql-tools/utils/typings/addTypes.d.ts' with Package ID '@graphql-tools/utils/typings/addTypes.d.ts@8.9.0'. ========
======== Resolving module './rewire.js' from 'd:/DOPAMS/Toystack/dopams-backend-staging/node_modules/@graphql-tools/delegate/node_modules/@graphql-tools/utils/typings/index.d.ts'. ========
Explicitly specified module resolution kind: 'Node10'.
Loading module as file / folder, candidate module location 'd:/DOPAMS/Toystack/dopams-backend-staging/node_modules/@graphql-tools/delegate/node_modules/@graphql-tools/utils/typings/rewire.js', target file types: TypeScript, Declaration.
File name 'd:/DOPAMS/Toystack/dopams-backend-staging/node_modules/@graphql-tools/delegate/node_modules/@graphql-tools/utils/typings/rewire.js' has a '.js' extension - stripping it.
File 'd:/DOPAMS/Toystack/dopams-backend-staging/node_modules/@graphql-tools/delegate/node_modules/@graphql-tools/utils/typings/rewire.ts' does not exist.
File 'd:/DOPAMS/Toystack/dopams-backend-staging/node_modules/@graphql-tools/delegate/node_modules/@graphql-tools/utils/typings/rewire.tsx' does not exist.
File 'd:/DOPAMS/Toystack/dopams-backend-staging/node_modules/@graphql-tools/delegate/node_modules/@graphql-tools/utils/typings/rewire.d.ts' exists - use it as a name resolution result.
File 'd:/DOPAMS/Toystack/dopams-backend-staging/node_modules/@graphql-tools/delegate/node_modules/@graphql-tools/utils/package.json' exists according to earlier cached lookups.
======== Module name './rewire.js' was successfully resolved to 'd:/DOPAMS/Toystack/dopams-backend-staging/node_modules/@graphql-tools/delegate/node_modules/@graphql-tools/utils/typings/rewire.d.ts' with Package ID '@graphql-tools/utils/typings/rewire.d.ts@8.9.0'. ========
======== Resolving module './prune.js' from 'd:/DOPAMS/Toystack/dopams-backend-staging/node_modules/@graphql-tools/delegate/node_modules/@graphql-tools/utils/typings/index.d.ts'. ========
Explicitly specified module resolution kind: 'Node10'.
Loading module as file / folder, candidate module location 'd:/DOPAMS/Toystack/dopams-backend-staging/node_modules/@graphql-tools/delegate/node_modules/@graphql-tools/utils/typings/prune.js', target file types: TypeScript, Declaration.
File name 'd:/DOPAMS/Toystack/dopams-backend-staging/node_modules/@graphql-tools/delegate/node_modules/@graphql-tools/utils/typings/prune.js' has a '.js' extension - stripping it.
File 'd:/DOPAMS/Toystack/dopams-backend-staging/node_modules/@graphql-tools/delegate/node_modules/@graphql-tools/utils/typings/prune.ts' does not exist.
File 'd:/DOPAMS/Toystack/dopams-backend-staging/node_modules/@graphql-tools/delegate/node_modules/@graphql-tools/utils/typings/prune.tsx' does not exist.
File 'd:/DOPAMS/Toystack/dopams-backend-staging/node_modules/@graphql-tools/delegate/node_modules/@graphql-tools/utils/typings/prune.d.ts' exists - use it as a name resolution result.
File 'd:/DOPAMS/Toystack/dopams-backend-staging/node_modules/@graphql-tools/delegate/node_modules/@graphql-tools/utils/package.json' exists according to earlier cached lookups.
======== Module name './prune.js' was successfully resolved to 'd:/DOPAMS/Toystack/dopams-backend-staging/node_modules/@graphql-tools/delegate/node_modules/@graphql-tools/utils/typings/prune.d.ts' with Package ID '@graphql-tools/utils/typings/prune.d.ts@8.9.0'. ========
======== Resolving module './mergeDeep.js' from 'd:/DOPAMS/Toystack/dopams-backend-staging/node_modules/@graphql-tools/delegate/node_modules/@graphql-tools/utils/typings/index.d.ts'. ========
Explicitly specified module resolution kind: 'Node10'.
Loading module as file / folder, candidate module location 'd:/DOPAMS/Toystack/dopams-backend-staging/node_modules/@graphql-tools/delegate/node_modules/@graphql-tools/utils/typings/mergeDeep.js', target file types: TypeScript, Declaration.
File name 'd:/DOPAMS/Toystack/dopams-backend-staging/node_modules/@graphql-tools/delegate/node_modules/@graphql-tools/utils/typings/mergeDeep.js' has a '.js' extension - stripping it.
File 'd:/DOPAMS/Toystack/dopams-backend-staging/node_modules/@graphql-tools/delegate/node_modules/@graphql-tools/utils/typings/mergeDeep.ts' does not exist.
File 'd:/DOPAMS/Toystack/dopams-backend-staging/node_modules/@graphql-tools/delegate/node_modules/@graphql-tools/utils/typings/mergeDeep.tsx' does not exist.
File 'd:/DOPAMS/Toystack/dopams-backend-staging/node_modules/@graphql-tools/delegate/node_modules/@graphql-tools/utils/typings/mergeDeep.d.ts' exists - use it as a name resolution result.
File 'd:/DOPAMS/Toystack/dopams-backend-staging/node_modules/@graphql-tools/delegate/node_modules/@graphql-tools/utils/package.json' exists according to earlier cached lookups.
======== Module name './mergeDeep.js' was successfully resolved to 'd:/DOPAMS/Toystack/dopams-backend-staging/node_modules/@graphql-tools/delegate/node_modules/@graphql-tools/utils/typings/mergeDeep.d.ts' with Package ID '@graphql-tools/utils/typings/mergeDeep.d.ts@8.9.0'. ========
======== Resolving module './Interfaces.js' from 'd:/DOPAMS/Toystack/dopams-backend-staging/node_modules/@graphql-tools/delegate/node_modules/@graphql-tools/utils/typings/index.d.ts'. ========
Explicitly specified module resolution kind: 'Node10'.
Loading module as file / folder, candidate module location 'd:/DOPAMS/Toystack/dopams-backend-staging/node_modules/@graphql-tools/delegate/node_modules/@graphql-tools/utils/typings/Interfaces.js', target file types: TypeScript, Declaration.
File name 'd:/DOPAMS/Toystack/dopams-backend-staging/node_modules/@graphql-tools/delegate/node_modules/@graphql-tools/utils/typings/Interfaces.js' has a '.js' extension - stripping it.
File 'd:/DOPAMS/Toystack/dopams-backend-staging/node_modules/@graphql-tools/delegate/node_modules/@graphql-tools/utils/typings/Interfaces.ts' does not exist.
File 'd:/DOPAMS/Toystack/dopams-backend-staging/node_modules/@graphql-tools/delegate/node_modules/@graphql-tools/utils/typings/Interfaces.tsx' does not exist.
File 'd:/DOPAMS/Toystack/dopams-backend-staging/node_modules/@graphql-tools/delegate/node_modules/@graphql-tools/utils/typings/Interfaces.d.ts' exists - use it as a name resolution result.
File 'd:/DOPAMS/Toystack/dopams-backend-staging/node_modules/@graphql-tools/delegate/node_modules/@graphql-tools/utils/package.json' exists according to earlier cached lookups.
======== Module name './Interfaces.js' was successfully resolved to 'd:/DOPAMS/Toystack/dopams-backend-staging/node_modules/@graphql-tools/delegate/node_modules/@graphql-tools/utils/typings/Interfaces.d.ts' with Package ID '@graphql-tools/utils/typings/Interfaces.d.ts@8.9.0'. ========
======== Resolving module './stub.js' from 'd:/DOPAMS/Toystack/dopams-backend-staging/node_modules/@graphql-tools/delegate/node_modules/@graphql-tools/utils/typings/index.d.ts'. ========
Explicitly specified module resolution kind: 'Node10'.
Loading module as file / folder, candidate module location 'd:/DOPAMS/Toystack/dopams-backend-staging/node_modules/@graphql-tools/delegate/node_modules/@graphql-tools/utils/typings/stub.js', target file types: TypeScript, Declaration.
File name 'd:/DOPAMS/Toystack/dopams-backend-staging/node_modules/@graphql-tools/delegate/node_modules/@graphql-tools/utils/typings/stub.js' has a '.js' extension - stripping it.
File 'd:/DOPAMS/Toystack/dopams-backend-staging/node_modules/@graphql-tools/delegate/node_modules/@graphql-tools/utils/typings/stub.ts' does not exist.
File 'd:/DOPAMS/Toystack/dopams-backend-staging/node_modules/@graphql-tools/delegate/node_modules/@graphql-tools/utils/typings/stub.tsx' does not exist.
File 'd:/DOPAMS/Toystack/dopams-backend-staging/node_modules/@graphql-tools/delegate/node_modules/@graphql-tools/utils/typings/stub.d.ts' exists - use it as a name resolution result.
File 'd:/DOPAMS/Toystack/dopams-backend-staging/node_modules/@graphql-tools/delegate/node_modules/@graphql-tools/utils/package.json' exists according to earlier cached lookups.
======== Module name './stub.js' was successfully resolved to 'd:/DOPAMS/Toystack/dopams-backend-staging/node_modules/@graphql-tools/delegate/node_modules/@graphql-tools/utils/typings/stub.d.ts' with Package ID '@graphql-tools/utils/typings/stub.d.ts@8.9.0'. ========
======== Resolving module './selectionSets.js' from 'd:/DOPAMS/Toystack/dopams-backend-staging/node_modules/@graphql-tools/delegate/node_modules/@graphql-tools/utils/typings/index.d.ts'. ========
Explicitly specified module resolution kind: 'Node10'.
Loading module as file / folder, candidate module location 'd:/DOPAMS/Toystack/dopams-backend-staging/node_modules/@graphql-tools/delegate/node_modules/@graphql-tools/utils/typings/selectionSets.js', target file types: TypeScript, Declaration.
File name 'd:/DOPAMS/Toystack/dopams-backend-staging/node_modules/@graphql-tools/delegate/node_modules/@graphql-tools/utils/typings/selectionSets.js' has a '.js' extension - stripping it.
File 'd:/DOPAMS/Toystack/dopams-backend-staging/node_modules/@graphql-tools/delegate/node_modules/@graphql-tools/utils/typings/selectionSets.ts' does not exist.
File 'd:/DOPAMS/Toystack/dopams-backend-staging/node_modules/@graphql-tools/delegate/node_modules/@graphql-tools/utils/typings/selectionSets.tsx' does not exist.
File 'd:/DOPAMS/Toystack/dopams-backend-staging/node_modules/@graphql-tools/delegate/node_modules/@graphql-tools/utils/typings/selectionSets.d.ts' exists - use it as a name resolution result.
File 'd:/DOPAMS/Toystack/dopams-backend-staging/node_modules/@graphql-tools/delegate/node_modules/@graphql-tools/utils/package.json' exists according to earlier cached lookups.
======== Module name './selectionSets.js' was successfully resolved to 'd:/DOPAMS/Toystack/dopams-backend-staging/node_modules/@graphql-tools/delegate/node_modules/@graphql-tools/utils/typings/selectionSets.d.ts' with Package ID '@graphql-tools/utils/typings/selectionSets.d.ts@8.9.0'. ========
======== Resolving module './getResponseKeyFromInfo.js' from 'd:/DOPAMS/Toystack/dopams-backend-staging/node_modules/@graphql-tools/delegate/node_modules/@graphql-tools/utils/typings/index.d.ts'. ========
Explicitly specified module resolution kind: 'Node10'.
Loading module as file / folder, candidate module location 'd:/DOPAMS/Toystack/dopams-backend-staging/node_modules/@graphql-tools/delegate/node_modules/@graphql-tools/utils/typings/getResponseKeyFromInfo.js', target file types: TypeScript, Declaration.
File name 'd:/DOPAMS/Toystack/dopams-backend-staging/node_modules/@graphql-tools/delegate/node_modules/@graphql-tools/utils/typings/getResponseKeyFromInfo.js' has a '.js' extension - stripping it.
File 'd:/DOPAMS/Toystack/dopams-backend-staging/node_modules/@graphql-tools/delegate/node_modules/@graphql-tools/utils/typings/getResponseKeyFromInfo.ts' does not exist.
File 'd:/DOPAMS/Toystack/dopams-backend-staging/node_modules/@graphql-tools/delegate/node_modules/@graphql-tools/utils/typings/getResponseKeyFromInfo.tsx' does not exist.
File 'd:/DOPAMS/Toystack/dopams-backend-staging/node_modules/@graphql-tools/delegate/node_modules/@graphql-tools/utils/typings/getResponseKeyFromInfo.d.ts' exists - use it as a name resolution result.
File 'd:/DOPAMS/Toystack/dopams-backend-staging/node_modules/@graphql-tools/delegate/node_modules/@graphql-tools/utils/package.json' exists according to earlier cached lookups.
======== Module name './getResponseKeyFromInfo.js' was successfully resolved to 'd:/DOPAMS/Toystack/dopams-backend-staging/node_modules/@graphql-tools/delegate/node_modules/@graphql-tools/utils/typings/getResponseKeyFromInfo.d.ts' with Package ID '@graphql-tools/utils/typings/getResponseKeyFromInfo.d.ts@8.9.0'. ========
======== Resolving module './fields.js' from 'd:/DOPAMS/Toystack/dopams-backend-staging/node_modules/@graphql-tools/delegate/node_modules/@graphql-tools/utils/typings/index.d.ts'. ========
Explicitly specified module resolution kind: 'Node10'.
Loading module as file / folder, candidate module location 'd:/DOPAMS/Toystack/dopams-backend-staging/node_modules/@graphql-tools/delegate/node_modules/@graphql-tools/utils/typings/fields.js', target file types: TypeScript, Declaration.
File name 'd:/DOPAMS/Toystack/dopams-backend-staging/node_modules/@graphql-tools/delegate/node_modules/@graphql-tools/utils/typings/fields.js' has a '.js' extension - stripping it.
File 'd:/DOPAMS/Toystack/dopams-backend-staging/node_modules/@graphql-tools/delegate/node_modules/@graphql-tools/utils/typings/fields.ts' does not exist.
File 'd:/DOPAMS/Toystack/dopams-backend-staging/node_modules/@graphql-tools/delegate/node_modules/@graphql-tools/utils/typings/fields.tsx' does not exist.
File 'd:/DOPAMS/Toystack/dopams-backend-staging/node_modules/@graphql-tools/delegate/node_modules/@graphql-tools/utils/typings/fields.d.ts' exists - use it as a name resolution result.
File 'd:/DOPAMS/Toystack/dopams-backend-staging/node_modules/@graphql-tools/delegate/node_modules/@graphql-tools/utils/package.json' exists according to earlier cached lookups.
======== Module name './fields.js' was successfully resolved to 'd:/DOPAMS/Toystack/dopams-backend-staging/node_modules/@graphql-tools/delegate/node_modules/@graphql-tools/utils/typings/fields.d.ts' with Package ID '@graphql-tools/utils/typings/fields.d.ts@8.9.0'. ========
======== Resolving module './renameType.js' from 'd:/DOPAMS/Toystack/dopams-backend-staging/node_modules/@graphql-tools/delegate/node_modules/@graphql-tools/utils/typings/index.d.ts'. ========
Explicitly specified module resolution kind: 'Node10'.
Loading module as file / folder, candidate module location 'd:/DOPAMS/Toystack/dopams-backend-staging/node_modules/@graphql-tools/delegate/node_modules/@graphql-tools/utils/typings/renameType.js', target file types: TypeScript, Declaration.
File name 'd:/DOPAMS/Toystack/dopams-backend-staging/node_modules/@graphql-tools/delegate/node_modules/@graphql-tools/utils/typings/renameType.js' has a '.js' extension - stripping it.
File 'd:/DOPAMS/Toystack/dopams-backend-staging/node_modules/@graphql-tools/delegate/node_modules/@graphql-tools/utils/typings/renameType.ts' does not exist.
File 'd:/DOPAMS/Toystack/dopams-backend-staging/node_modules/@graphql-tools/delegate/node_modules/@graphql-tools/utils/typings/renameType.tsx' does not exist.
File 'd:/DOPAMS/Toystack/dopams-backend-staging/node_modules/@graphql-tools/delegate/node_modules/@graphql-tools/utils/typings/renameType.d.ts' exists - use it as a name resolution result.
File 'd:/DOPAMS/Toystack/dopams-backend-staging/node_modules/@graphql-tools/delegate/node_modules/@graphql-tools/utils/package.json' exists according to earlier cached lookups.
======== Module name './renameType.js' was successfully resolved to 'd:/DOPAMS/Toystack/dopams-backend-staging/node_modules/@graphql-tools/delegate/node_modules/@graphql-tools/utils/typings/renameType.d.ts' with Package ID '@graphql-tools/utils/typings/renameType.d.ts@8.9.0'. ========
======== Resolving module './transformInputValue.js' from 'd:/DOPAMS/Toystack/dopams-backend-staging/node_modules/@graphql-tools/delegate/node_modules/@graphql-tools/utils/typings/index.d.ts'. ========
Explicitly specified module resolution kind: 'Node10'.
Loading module as file / folder, candidate module location 'd:/DOPAMS/Toystack/dopams-backend-staging/node_modules/@graphql-tools/delegate/node_modules/@graphql-tools/utils/typings/transformInputValue.js', target file types: TypeScript, Declaration.
File name 'd:/DOPAMS/Toystack/dopams-backend-staging/node_modules/@graphql-tools/delegate/node_modules/@graphql-tools/utils/typings/transformInputValue.js' has a '.js' extension - stripping it.
File 'd:/DOPAMS/Toystack/dopams-backend-staging/node_modules/@graphql-tools/delegate/node_modules/@graphql-tools/utils/typings/transformInputValue.ts' does not exist.
File 'd:/DOPAMS/Toystack/dopams-backend-staging/node_modules/@graphql-tools/delegate/node_modules/@graphql-tools/utils/typings/transformInputValue.tsx' does not exist.
File 'd:/DOPAMS/Toystack/dopams-backend-staging/node_modules/@graphql-tools/delegate/node_modules/@graphql-tools/utils/typings/transformInputValue.d.ts' exists - use it as a name resolution result.
File 'd:/DOPAMS/Toystack/dopams-backend-staging/node_modules/@graphql-tools/delegate/node_modules/@graphql-tools/utils/package.json' exists according to earlier cached lookups.
======== Module name './transformInputValue.js' was successfully resolved to 'd:/DOPAMS/Toystack/dopams-backend-staging/node_modules/@graphql-tools/delegate/node_modules/@graphql-tools/utils/typings/transformInputValue.d.ts' with Package ID '@graphql-tools/utils/typings/transformInputValue.d.ts@8.9.0'. ========
======== Resolving module './mapAsyncIterator.js' from 'd:/DOPAMS/Toystack/dopams-backend-staging/node_modules/@graphql-tools/delegate/node_modules/@graphql-tools/utils/typings/index.d.ts'. ========
Explicitly specified module resolution kind: 'Node10'.
Loading module as file / folder, candidate module location 'd:/DOPAMS/Toystack/dopams-backend-staging/node_modules/@graphql-tools/delegate/node_modules/@graphql-tools/utils/typings/mapAsyncIterator.js', target file types: TypeScript, Declaration.
File name 'd:/DOPAMS/Toystack/dopams-backend-staging/node_modules/@graphql-tools/delegate/node_modules/@graphql-tools/utils/typings/mapAsyncIterator.js' has a '.js' extension - stripping it.
File 'd:/DOPAMS/Toystack/dopams-backend-staging/node_modules/@graphql-tools/delegate/node_modules/@graphql-tools/utils/typings/mapAsyncIterator.ts' does not exist.
File 'd:/DOPAMS/Toystack/dopams-backend-staging/node_modules/@graphql-tools/delegate/node_modules/@graphql-tools/utils/typings/mapAsyncIterator.tsx' does not exist.
File 'd:/DOPAMS/Toystack/dopams-backend-staging/node_modules/@graphql-tools/delegate/node_modules/@graphql-tools/utils/typings/mapAsyncIterator.d.ts' exists - use it as a name resolution result.
File 'd:/DOPAMS/Toystack/dopams-backend-staging/node_modules/@graphql-tools/delegate/node_modules/@graphql-tools/utils/package.json' exists according to earlier cached lookups.
======== Module name './mapAsyncIterator.js' was successfully resolved to 'd:/DOPAMS/Toystack/dopams-backend-staging/node_modules/@graphql-tools/delegate/node_modules/@graphql-tools/utils/typings/mapAsyncIterator.d.ts' with Package ID '@graphql-tools/utils/typings/mapAsyncIterator.d.ts@8.9.0'. ========
======== Resolving module './updateArgument.js' from 'd:/DOPAMS/Toystack/dopams-backend-staging/node_modules/@graphql-tools/delegate/node_modules/@graphql-tools/utils/typings/index.d.ts'. ========
Explicitly specified module resolution kind: 'Node10'.
Loading module as file / folder, candidate module location 'd:/DOPAMS/Toystack/dopams-backend-staging/node_modules/@graphql-tools/delegate/node_modules/@graphql-tools/utils/typings/updateArgument.js', target file types: TypeScript, Declaration.
File name 'd:/DOPAMS/Toystack/dopams-backend-staging/node_modules/@graphql-tools/delegate/node_modules/@graphql-tools/utils/typings/updateArgument.js' has a '.js' extension - stripping it.
File 'd:/DOPAMS/Toystack/dopams-backend-staging/node_modules/@graphql-tools/delegate/node_modules/@graphql-tools/utils/typings/updateArgument.ts' does not exist.
File 'd:/DOPAMS/Toystack/dopams-backend-staging/node_modules/@graphql-tools/delegate/node_modules/@graphql-tools/utils/typings/updateArgument.tsx' does not exist.
File 'd:/DOPAMS/Toystack/dopams-backend-staging/node_modules/@graphql-tools/delegate/node_modules/@graphql-tools/utils/typings/updateArgument.d.ts' exists - use it as a name resolution result.
File 'd:/DOPAMS/Toystack/dopams-backend-staging/node_modules/@graphql-tools/delegate/node_modules/@graphql-tools/utils/package.json' exists according to earlier cached lookups.
======== Module name './updateArgument.js' was successfully resolved to 'd:/DOPAMS/Toystack/dopams-backend-staging/node_modules/@graphql-tools/delegate/node_modules/@graphql-tools/utils/typings/updateArgument.d.ts' with Package ID '@graphql-tools/utils/typings/updateArgument.d.ts@8.9.0'. ========
======== Resolving module './implementsAbstractType.js' from 'd:/DOPAMS/Toystack/dopams-backend-staging/node_modules/@graphql-tools/delegate/node_modules/@graphql-tools/utils/typings/index.d.ts'. ========
Explicitly specified module resolution kind: 'Node10'.
Loading module as file / folder, candidate module location 'd:/DOPAMS/Toystack/dopams-backend-staging/node_modules/@graphql-tools/delegate/node_modules/@graphql-tools/utils/typings/implementsAbstractType.js', target file types: TypeScript, Declaration.
File name 'd:/DOPAMS/Toystack/dopams-backend-staging/node_modules/@graphql-tools/delegate/node_modules/@graphql-tools/utils/typings/implementsAbstractType.js' has a '.js' extension - stripping it.
File 'd:/DOPAMS/Toystack/dopams-backend-staging/node_modules/@graphql-tools/delegate/node_modules/@graphql-tools/utils/typings/implementsAbstractType.ts' does not exist.
File 'd:/DOPAMS/Toystack/dopams-backend-staging/node_modules/@graphql-tools/delegate/node_modules/@graphql-tools/utils/typings/implementsAbstractType.tsx' does not exist.
File 'd:/DOPAMS/Toystack/dopams-backend-staging/node_modules/@graphql-tools/delegate/node_modules/@graphql-tools/utils/typings/implementsAbstractType.d.ts' exists - use it as a name resolution result.
File 'd:/DOPAMS/Toystack/dopams-backend-staging/node_modules/@graphql-tools/delegate/node_modules/@graphql-tools/utils/package.json' exists according to earlier cached lookups.
======== Module name './implementsAbstractType.js' was successfully resolved to 'd:/DOPAMS/Toystack/dopams-backend-staging/node_modules/@graphql-tools/delegate/node_modules/@graphql-tools/utils/typings/implementsAbstractType.d.ts' with Package ID '@graphql-tools/utils/typings/implementsAbstractType.d.ts@8.9.0'. ========
======== Resolving module './errors.js' from 'd:/DOPAMS/Toystack/dopams-backend-staging/node_modules/@graphql-tools/delegate/node_modules/@graphql-tools/utils/typings/index.d.ts'. ========
Explicitly specified module resolution kind: 'Node10'.
Loading module as file / folder, candidate module location 'd:/DOPAMS/Toystack/dopams-backend-staging/node_modules/@graphql-tools/delegate/node_modules/@graphql-tools/utils/typings/errors.js', target file types: TypeScript, Declaration.
File name 'd:/DOPAMS/Toystack/dopams-backend-staging/node_modules/@graphql-tools/delegate/node_modules/@graphql-tools/utils/typings/errors.js' has a '.js' extension - stripping it.
File 'd:/DOPAMS/Toystack/dopams-backend-staging/node_modules/@graphql-tools/delegate/node_modules/@graphql-tools/utils/typings/errors.ts' does not exist.
File 'd:/DOPAMS/Toystack/dopams-backend-staging/node_modules/@graphql-tools/delegate/node_modules/@graphql-tools/utils/typings/errors.tsx' does not exist.
File 'd:/DOPAMS/Toystack/dopams-backend-staging/node_modules/@graphql-tools/delegate/node_modules/@graphql-tools/utils/typings/errors.d.ts' exists - use it as a name resolution result.
File 'd:/DOPAMS/Toystack/dopams-backend-staging/node_modules/@graphql-tools/delegate/node_modules/@graphql-tools/utils/package.json' exists according to earlier cached lookups.
======== Module name './errors.js' was successfully resolved to 'd:/DOPAMS/Toystack/dopams-backend-staging/node_modules/@graphql-tools/delegate/node_modules/@graphql-tools/utils/typings/errors.d.ts' with Package ID '@graphql-tools/utils/typings/errors.d.ts@8.9.0'. ========
======== Resolving module './observableToAsyncIterable.js' from 'd:/DOPAMS/Toystack/dopams-backend-staging/node_modules/@graphql-tools/delegate/node_modules/@graphql-tools/utils/typings/index.d.ts'. ========
Explicitly specified module resolution kind: 'Node10'.
Loading module as file / folder, candidate module location 'd:/DOPAMS/Toystack/dopams-backend-staging/node_modules/@graphql-tools/delegate/node_modules/@graphql-tools/utils/typings/observableToAsyncIterable.js', target file types: TypeScript, Declaration.
File name 'd:/DOPAMS/Toystack/dopams-backend-staging/node_modules/@graphql-tools/delegate/node_modules/@graphql-tools/utils/typings/observableToAsyncIterable.js' has a '.js' extension - stripping it.
File 'd:/DOPAMS/Toystack/dopams-backend-staging/node_modules/@graphql-tools/delegate/node_modules/@graphql-tools/utils/typings/observableToAsyncIterable.ts' does not exist.
File 'd:/DOPAMS/Toystack/dopams-backend-staging/node_modules/@graphql-tools/delegate/node_modules/@graphql-tools/utils/typings/observableToAsyncIterable.tsx' does not exist.
File 'd:/DOPAMS/Toystack/dopams-backend-staging/node_modules/@graphql-tools/delegate/node_modules/@graphql-tools/utils/typings/observableToAsyncIterable.d.ts' exists - use it as a name resolution result.
File 'd:/DOPAMS/Toystack/dopams-backend-staging/node_modules/@graphql-tools/delegate/node_modules/@graphql-tools/utils/package.json' exists according to earlier cached lookups.
======== Module name './observableToAsyncIterable.js' was successfully resolved to 'd:/DOPAMS/Toystack/dopams-backend-staging/node_modules/@graphql-tools/delegate/node_modules/@graphql-tools/utils/typings/observableToAsyncIterable.d.ts' with Package ID '@graphql-tools/utils/typings/observableToAsyncIterable.d.ts@8.9.0'. ========
======== Resolving module './visitResult.js' from 'd:/DOPAMS/Toystack/dopams-backend-staging/node_modules/@graphql-tools/delegate/node_modules/@graphql-tools/utils/typings/index.d.ts'. ========
Explicitly specified module resolution kind: 'Node10'.
Loading module as file / folder, candidate module location 'd:/DOPAMS/Toystack/dopams-backend-staging/node_modules/@graphql-tools/delegate/node_modules/@graphql-tools/utils/typings/visitResult.js', target file types: TypeScript, Declaration.
File name 'd:/DOPAMS/Toystack/dopams-backend-staging/node_modules/@graphql-tools/delegate/node_modules/@graphql-tools/utils/typings/visitResult.js' has a '.js' extension - stripping it.
File 'd:/DOPAMS/Toystack/dopams-backend-staging/node_modules/@graphql-tools/delegate/node_modules/@graphql-tools/utils/typings/visitResult.ts' does not exist.
File 'd:/DOPAMS/Toystack/dopams-backend-staging/node_modules/@graphql-tools/delegate/node_modules/@graphql-tools/utils/typings/visitResult.tsx' does not exist.
File 'd:/DOPAMS/Toystack/dopams-backend-staging/node_modules/@graphql-tools/delegate/node_modules/@graphql-tools/utils/typings/visitResult.d.ts' exists - use it as a name resolution result.
File 'd:/DOPAMS/Toystack/dopams-backend-staging/node_modules/@graphql-tools/delegate/node_modules/@graphql-tools/utils/package.json' exists according to earlier cached lookups.
======== Module name './visitResult.js' was successfully resolved to 'd:/DOPAMS/Toystack/dopams-backend-staging/node_modules/@graphql-tools/delegate/node_modules/@graphql-tools/utils/typings/visitResult.d.ts' with Package ID '@graphql-tools/utils/typings/visitResult.d.ts@8.9.0'. ========
======== Resolving module './getArgumentValues.js' from 'd:/DOPAMS/Toystack/dopams-backend-staging/node_modules/@graphql-tools/delegate/node_modules/@graphql-tools/utils/typings/index.d.ts'. ========
Explicitly specified module resolution kind: 'Node10'.
Loading module as file / folder, candidate module location 'd:/DOPAMS/Toystack/dopams-backend-staging/node_modules/@graphql-tools/delegate/node_modules/@graphql-tools/utils/typings/getArgumentValues.js', target file types: TypeScript, Declaration.
File name 'd:/DOPAMS/Toystack/dopams-backend-staging/node_modules/@graphql-tools/delegate/node_modules/@graphql-tools/utils/typings/getArgumentValues.js' has a '.js' extension - stripping it.
File 'd:/DOPAMS/Toystack/dopams-backend-staging/node_modules/@graphql-tools/delegate/node_modules/@graphql-tools/utils/typings/getArgumentValues.ts' does not exist.
File 'd:/DOPAMS/Toystack/dopams-backend-staging/node_modules/@graphql-tools/delegate/node_modules/@graphql-tools/utils/typings/getArgumentValues.tsx' does not exist.
File 'd:/DOPAMS/Toystack/dopams-backend-staging/node_modules/@graphql-tools/delegate/node_modules/@graphql-tools/utils/typings/getArgumentValues.d.ts' exists - use it as a name resolution result.
File 'd:/DOPAMS/Toystack/dopams-backend-staging/node_modules/@graphql-tools/delegate/node_modules/@graphql-tools/utils/package.json' exists according to earlier cached lookups.
======== Module name './getArgumentValues.js' was successfully resolved to 'd:/DOPAMS/Toystack/dopams-backend-staging/node_modules/@graphql-tools/delegate/node_modules/@graphql-tools/utils/typings/getArgumentValues.d.ts' with Package ID '@graphql-tools/utils/typings/getArgumentValues.d.ts@8.9.0'. ========
======== Resolving module './valueMatchesCriteria.js' from 'd:/DOPAMS/Toystack/dopams-backend-staging/node_modules/@graphql-tools/delegate/node_modules/@graphql-tools/utils/typings/index.d.ts'. ========
Explicitly specified module resolution kind: 'Node10'.
Loading module as file / folder, candidate module location 'd:/DOPAMS/Toystack/dopams-backend-staging/node_modules/@graphql-tools/delegate/node_modules/@graphql-tools/utils/typings/valueMatchesCriteria.js', target file types: TypeScript, Declaration.
File name 'd:/DOPAMS/Toystack/dopams-backend-staging/node_modules/@graphql-tools/delegate/node_modules/@graphql-tools/utils/typings/valueMatchesCriteria.js' has a '.js' extension - stripping it.
File 'd:/DOPAMS/Toystack/dopams-backend-staging/node_modules/@graphql-tools/delegate/node_modules/@graphql-tools/utils/typings/valueMatchesCriteria.ts' does not exist.
File 'd:/DOPAMS/Toystack/dopams-backend-staging/node_modules/@graphql-tools/delegate/node_modules/@graphql-tools/utils/typings/valueMatchesCriteria.tsx' does not exist.
File 'd:/DOPAMS/Toystack/dopams-backend-staging/node_modules/@graphql-tools/delegate/node_modules/@graphql-tools/utils/typings/valueMatchesCriteria.d.ts' exists - use it as a name resolution result.
File 'd:/DOPAMS/Toystack/dopams-backend-staging/node_modules/@graphql-tools/delegate/node_modules/@graphql-tools/utils/package.json' exists according to earlier cached lookups.
======== Module name './valueMatchesCriteria.js' was successfully resolved to 'd:/DOPAMS/Toystack/dopams-backend-staging/node_modules/@graphql-tools/delegate/node_modules/@graphql-tools/utils/typings/valueMatchesCriteria.d.ts' with Package ID '@graphql-tools/utils/typings/valueMatchesCriteria.d.ts@8.9.0'. ========
======== Resolving module './isAsyncIterable.js' from 'd:/DOPAMS/Toystack/dopams-backend-staging/node_modules/@graphql-tools/delegate/node_modules/@graphql-tools/utils/typings/index.d.ts'. ========
Explicitly specified module resolution kind: 'Node10'.
Loading module as file / folder, candidate module location 'd:/DOPAMS/Toystack/dopams-backend-staging/node_modules/@graphql-tools/delegate/node_modules/@graphql-tools/utils/typings/isAsyncIterable.js', target file types: TypeScript, Declaration.
File name 'd:/DOPAMS/Toystack/dopams-backend-staging/node_modules/@graphql-tools/delegate/node_modules/@graphql-tools/utils/typings/isAsyncIterable.js' has a '.js' extension - stripping it.
File 'd:/DOPAMS/Toystack/dopams-backend-staging/node_modules/@graphql-tools/delegate/node_modules/@graphql-tools/utils/typings/isAsyncIterable.ts' does not exist.
File 'd:/DOPAMS/Toystack/dopams-backend-staging/node_modules/@graphql-tools/delegate/node_modules/@graphql-tools/utils/typings/isAsyncIterable.tsx' does not exist.
File 'd:/DOPAMS/Toystack/dopams-backend-staging/node_modules/@graphql-tools/delegate/node_modules/@graphql-tools/utils/typings/isAsyncIterable.d.ts' exists - use it as a name resolution result.
File 'd:/DOPAMS/Toystack/dopams-backend-staging/node_modules/@graphql-tools/delegate/node_modules/@graphql-tools/utils/package.json' exists according to earlier cached lookups.
======== Module name './isAsyncIterable.js' was successfully resolved to 'd:/DOPAMS/Toystack/dopams-backend-staging/node_modules/@graphql-tools/delegate/node_modules/@graphql-tools/utils/typings/isAsyncIterable.d.ts' with Package ID '@graphql-tools/utils/typings/isAsyncIterable.d.ts@8.9.0'. ========
======== Resolving module './isDocumentNode.js' from 'd:/DOPAMS/Toystack/dopams-backend-staging/node_modules/@graphql-tools/delegate/node_modules/@graphql-tools/utils/typings/index.d.ts'. ========
Explicitly specified module resolution kind: 'Node10'.
Loading module as file / folder, candidate module location 'd:/DOPAMS/Toystack/dopams-backend-staging/node_modules/@graphql-tools/delegate/node_modules/@graphql-tools/utils/typings/isDocumentNode.js', target file types: TypeScript, Declaration.
File name 'd:/DOPAMS/Toystack/dopams-backend-staging/node_modules/@graphql-tools/delegate/node_modules/@graphql-tools/utils/typings/isDocumentNode.js' has a '.js' extension - stripping it.
File 'd:/DOPAMS/Toystack/dopams-backend-staging/node_modules/@graphql-tools/delegate/node_modules/@graphql-tools/utils/typings/isDocumentNode.ts' does not exist.
File 'd:/DOPAMS/Toystack/dopams-backend-staging/node_modules/@graphql-tools/delegate/node_modules/@graphql-tools/utils/typings/isDocumentNode.tsx' does not exist.
File 'd:/DOPAMS/Toystack/dopams-backend-staging/node_modules/@graphql-tools/delegate/node_modules/@graphql-tools/utils/typings/isDocumentNode.d.ts' exists - use it as a name resolution result.
File 'd:/DOPAMS/Toystack/dopams-backend-staging/node_modules/@graphql-tools/delegate/node_modules/@graphql-tools/utils/package.json' exists according to earlier cached lookups.
======== Module name './isDocumentNode.js' was successfully resolved to 'd:/DOPAMS/Toystack/dopams-backend-staging/node_modules/@graphql-tools/delegate/node_modules/@graphql-tools/utils/typings/isDocumentNode.d.ts' with Package ID '@graphql-tools/utils/typings/isDocumentNode.d.ts@8.9.0'. ========
======== Resolving module './astFromValueUntyped.js' from 'd:/DOPAMS/Toystack/dopams-backend-staging/node_modules/@graphql-tools/delegate/node_modules/@graphql-tools/utils/typings/index.d.ts'. ========
Explicitly specified module resolution kind: 'Node10'.
Loading module as file / folder, candidate module location 'd:/DOPAMS/Toystack/dopams-backend-staging/node_modules/@graphql-tools/delegate/node_modules/@graphql-tools/utils/typings/astFromValueUntyped.js', target file types: TypeScript, Declaration.
File name 'd:/DOPAMS/Toystack/dopams-backend-staging/node_modules/@graphql-tools/delegate/node_modules/@graphql-tools/utils/typings/astFromValueUntyped.js' has a '.js' extension - stripping it.
File 'd:/DOPAMS/Toystack/dopams-backend-staging/node_modules/@graphql-tools/delegate/node_modules/@graphql-tools/utils/typings/astFromValueUntyped.ts' does not exist.
File 'd:/DOPAMS/Toystack/dopams-backend-staging/node_modules/@graphql-tools/delegate/node_modules/@graphql-tools/utils/typings/astFromValueUntyped.tsx' does not exist.
File 'd:/DOPAMS/Toystack/dopams-backend-staging/node_modules/@graphql-tools/delegate/node_modules/@graphql-tools/utils/typings/astFromValueUntyped.d.ts' exists - use it as a name resolution result.
File 'd:/DOPAMS/Toystack/dopams-backend-staging/node_modules/@graphql-tools/delegate/node_modules/@graphql-tools/utils/package.json' exists according to earlier cached lookups.
======== Module name './astFromValueUntyped.js' was successfully resolved to 'd:/DOPAMS/Toystack/dopams-backend-staging/node_modules/@graphql-tools/delegate/node_modules/@graphql-tools/utils/typings/astFromValueUntyped.d.ts' with Package ID '@graphql-tools/utils/typings/astFromValueUntyped.d.ts@8.9.0'. ========
======== Resolving module './executor.js' from 'd:/DOPAMS/Toystack/dopams-backend-staging/node_modules/@graphql-tools/delegate/node_modules/@graphql-tools/utils/typings/index.d.ts'. ========
Explicitly specified module resolution kind: 'Node10'.
Loading module as file / folder, candidate module location 'd:/DOPAMS/Toystack/dopams-backend-staging/node_modules/@graphql-tools/delegate/node_modules/@graphql-tools/utils/typings/executor.js', target file types: TypeScript, Declaration.
File name 'd:/DOPAMS/Toystack/dopams-backend-staging/node_modules/@graphql-tools/delegate/node_modules/@graphql-tools/utils/typings/executor.js' has a '.js' extension - stripping it.
File 'd:/DOPAMS/Toystack/dopams-backend-staging/node_modules/@graphql-tools/delegate/node_modules/@graphql-tools/utils/typings/executor.ts' does not exist.
File 'd:/DOPAMS/Toystack/dopams-backend-staging/node_modules/@graphql-tools/delegate/node_modules/@graphql-tools/utils/typings/executor.tsx' does not exist.
File 'd:/DOPAMS/Toystack/dopams-backend-staging/node_modules/@graphql-tools/delegate/node_modules/@graphql-tools/utils/typings/executor.d.ts' exists - use it as a name resolution result.
File 'd:/DOPAMS/Toystack/dopams-backend-staging/node_modules/@graphql-tools/delegate/node_modules/@graphql-tools/utils/package.json' exists according to earlier cached lookups.
======== Module name './executor.js' was successfully resolved to 'd:/DOPAMS/Toystack/dopams-backend-staging/node_modules/@graphql-tools/delegate/node_modules/@graphql-tools/utils/typings/executor.d.ts' with Package ID '@graphql-tools/utils/typings/executor.d.ts@8.9.0'. ========
======== Resolving module './withCancel.js' from 'd:/DOPAMS/Toystack/dopams-backend-staging/node_modules/@graphql-tools/delegate/node_modules/@graphql-tools/utils/typings/index.d.ts'. ========
Explicitly specified module resolution kind: 'Node10'.
Loading module as file / folder, candidate module location 'd:/DOPAMS/Toystack/dopams-backend-staging/node_modules/@graphql-tools/delegate/node_modules/@graphql-tools/utils/typings/withCancel.js', target file types: TypeScript, Declaration.
File name 'd:/DOPAMS/Toystack/dopams-backend-staging/node_modules/@graphql-tools/delegate/node_modules/@graphql-tools/utils/typings/withCancel.js' has a '.js' extension - stripping it.
File 'd:/DOPAMS/Toystack/dopams-backend-staging/node_modules/@graphql-tools/delegate/node_modules/@graphql-tools/utils/typings/withCancel.ts' does not exist.
File 'd:/DOPAMS/Toystack/dopams-backend-staging/node_modules/@graphql-tools/delegate/node_modules/@graphql-tools/utils/typings/withCancel.tsx' does not exist.
File 'd:/DOPAMS/Toystack/dopams-backend-staging/node_modules/@graphql-tools/delegate/node_modules/@graphql-tools/utils/typings/withCancel.d.ts' exists - use it as a name resolution result.
File 'd:/DOPAMS/Toystack/dopams-backend-staging/node_modules/@graphql-tools/delegate/node_modules/@graphql-tools/utils/package.json' exists according to earlier cached lookups.
======== Module name './withCancel.js' was successfully resolved to 'd:/DOPAMS/Toystack/dopams-backend-staging/node_modules/@graphql-tools/delegate/node_modules/@graphql-tools/utils/typings/withCancel.d.ts' with Package ID '@graphql-tools/utils/typings/withCancel.d.ts@8.9.0'. ========
======== Resolving module './AggregateError.js' from 'd:/DOPAMS/Toystack/dopams-backend-staging/node_modules/@graphql-tools/delegate/node_modules/@graphql-tools/utils/typings/index.d.ts'. ========
Explicitly specified module resolution kind: 'Node10'.
Loading module as file / folder, candidate module location 'd:/DOPAMS/Toystack/dopams-backend-staging/node_modules/@graphql-tools/delegate/node_modules/@graphql-tools/utils/typings/AggregateError.js', target file types: TypeScript, Declaration.
File name 'd:/DOPAMS/Toystack/dopams-backend-staging/node_modules/@graphql-tools/delegate/node_modules/@graphql-tools/utils/typings/AggregateError.js' has a '.js' extension - stripping it.
File 'd:/DOPAMS/Toystack/dopams-backend-staging/node_modules/@graphql-tools/delegate/node_modules/@graphql-tools/utils/typings/AggregateError.ts' does not exist.
File 'd:/DOPAMS/Toystack/dopams-backend-staging/node_modules/@graphql-tools/delegate/node_modules/@graphql-tools/utils/typings/AggregateError.tsx' does not exist.
File 'd:/DOPAMS/Toystack/dopams-backend-staging/node_modules/@graphql-tools/delegate/node_modules/@graphql-tools/utils/typings/AggregateError.d.ts' exists - use it as a name resolution result.
File 'd:/DOPAMS/Toystack/dopams-backend-staging/node_modules/@graphql-tools/delegate/node_modules/@graphql-tools/utils/package.json' exists according to earlier cached lookups.
======== Module name './AggregateError.js' was successfully resolved to 'd:/DOPAMS/Toystack/dopams-backend-staging/node_modules/@graphql-tools/delegate/node_modules/@graphql-tools/utils/typings/AggregateError.d.ts' with Package ID '@graphql-tools/utils/typings/AggregateError.d.ts@8.9.0'. ========
======== Resolving module './rootTypes.js' from 'd:/DOPAMS/Toystack/dopams-backend-staging/node_modules/@graphql-tools/delegate/node_modules/@graphql-tools/utils/typings/index.d.ts'. ========
Explicitly specified module resolution kind: 'Node10'.
Loading module as file / folder, candidate module location 'd:/DOPAMS/Toystack/dopams-backend-staging/node_modules/@graphql-tools/delegate/node_modules/@graphql-tools/utils/typings/rootTypes.js', target file types: TypeScript, Declaration.
File name 'd:/DOPAMS/Toystack/dopams-backend-staging/node_modules/@graphql-tools/delegate/node_modules/@graphql-tools/utils/typings/rootTypes.js' has a '.js' extension - stripping it.
File 'd:/DOPAMS/Toystack/dopams-backend-staging/node_modules/@graphql-tools/delegate/node_modules/@graphql-tools/utils/typings/rootTypes.ts' does not exist.
File 'd:/DOPAMS/Toystack/dopams-backend-staging/node_modules/@graphql-tools/delegate/node_modules/@graphql-tools/utils/typings/rootTypes.tsx' does not exist.
File 'd:/DOPAMS/Toystack/dopams-backend-staging/node_modules/@graphql-tools/delegate/node_modules/@graphql-tools/utils/typings/rootTypes.d.ts' exists - use it as a name resolution result.
File 'd:/DOPAMS/Toystack/dopams-backend-staging/node_modules/@graphql-tools/delegate/node_modules/@graphql-tools/utils/package.json' exists according to earlier cached lookups.
======== Module name './rootTypes.js' was successfully resolved to 'd:/DOPAMS/Toystack/dopams-backend-staging/node_modules/@graphql-tools/delegate/node_modules/@graphql-tools/utils/typings/rootTypes.d.ts' with Package ID '@graphql-tools/utils/typings/rootTypes.d.ts@8.9.0'. ========
======== Resolving module './comments.js' from 'd:/DOPAMS/Toystack/dopams-backend-staging/node_modules/@graphql-tools/delegate/node_modules/@graphql-tools/utils/typings/index.d.ts'. ========
Explicitly specified module resolution kind: 'Node10'.
Loading module as file / folder, candidate module location 'd:/DOPAMS/Toystack/dopams-backend-staging/node_modules/@graphql-tools/delegate/node_modules/@graphql-tools/utils/typings/comments.js', target file types: TypeScript, Declaration.
File name 'd:/DOPAMS/Toystack/dopams-backend-staging/node_modules/@graphql-tools/delegate/node_modules/@graphql-tools/utils/typings/comments.js' has a '.js' extension - stripping it.
File 'd:/DOPAMS/Toystack/dopams-backend-staging/node_modules/@graphql-tools/delegate/node_modules/@graphql-tools/utils/typings/comments.ts' does not exist.
File 'd:/DOPAMS/Toystack/dopams-backend-staging/node_modules/@graphql-tools/delegate/node_modules/@graphql-tools/utils/typings/comments.tsx' does not exist.
File 'd:/DOPAMS/Toystack/dopams-backend-staging/node_modules/@graphql-tools/delegate/node_modules/@graphql-tools/utils/typings/comments.d.ts' exists - use it as a name resolution result.
File 'd:/DOPAMS/Toystack/dopams-backend-staging/node_modules/@graphql-tools/delegate/node_modules/@graphql-tools/utils/package.json' exists according to earlier cached lookups.
======== Module name './comments.js' was successfully resolved to 'd:/DOPAMS/Toystack/dopams-backend-staging/node_modules/@graphql-tools/delegate/node_modules/@graphql-tools/utils/typings/comments.d.ts' with Package ID '@graphql-tools/utils/typings/comments.d.ts@8.9.0'. ========
======== Resolving module './collectFields.js' from 'd:/DOPAMS/Toystack/dopams-backend-staging/node_modules/@graphql-tools/delegate/node_modules/@graphql-tools/utils/typings/index.d.ts'. ========
Explicitly specified module resolution kind: 'Node10'.
Loading module as file / folder, candidate module location 'd:/DOPAMS/Toystack/dopams-backend-staging/node_modules/@graphql-tools/delegate/node_modules/@graphql-tools/utils/typings/collectFields.js', target file types: TypeScript, Declaration.
File name 'd:/DOPAMS/Toystack/dopams-backend-staging/node_modules/@graphql-tools/delegate/node_modules/@graphql-tools/utils/typings/collectFields.js' has a '.js' extension - stripping it.
File 'd:/DOPAMS/Toystack/dopams-backend-staging/node_modules/@graphql-tools/delegate/node_modules/@graphql-tools/utils/typings/collectFields.ts' does not exist.
File 'd:/DOPAMS/Toystack/dopams-backend-staging/node_modules/@graphql-tools/delegate/node_modules/@graphql-tools/utils/typings/collectFields.tsx' does not exist.
File 'd:/DOPAMS/Toystack/dopams-backend-staging/node_modules/@graphql-tools/delegate/node_modules/@graphql-tools/utils/typings/collectFields.d.ts' exists - use it as a name resolution result.
File 'd:/DOPAMS/Toystack/dopams-backend-staging/node_modules/@graphql-tools/delegate/node_modules/@graphql-tools/utils/package.json' exists according to earlier cached lookups.
======== Module name './collectFields.js' was successfully resolved to 'd:/DOPAMS/Toystack/dopams-backend-staging/node_modules/@graphql-tools/delegate/node_modules/@graphql-tools/utils/typings/collectFields.d.ts' with Package ID '@graphql-tools/utils/typings/collectFields.d.ts@8.9.0'. ========
======== Resolving module './inspect.js' from 'd:/DOPAMS/Toystack/dopams-backend-staging/node_modules/@graphql-tools/delegate/node_modules/@graphql-tools/utils/typings/index.d.ts'. ========
Explicitly specified module resolution kind: 'Node10'.
Loading module as file / folder, candidate module location 'd:/DOPAMS/Toystack/dopams-backend-staging/node_modules/@graphql-tools/delegate/node_modules/@graphql-tools/utils/typings/inspect.js', target file types: TypeScript, Declaration.
File name 'd:/DOPAMS/Toystack/dopams-backend-staging/node_modules/@graphql-tools/delegate/node_modules/@graphql-tools/utils/typings/inspect.js' has a '.js' extension - stripping it.
File 'd:/DOPAMS/Toystack/dopams-backend-staging/node_modules/@graphql-tools/delegate/node_modules/@graphql-tools/utils/typings/inspect.ts' does not exist.
File 'd:/DOPAMS/Toystack/dopams-backend-staging/node_modules/@graphql-tools/delegate/node_modules/@graphql-tools/utils/typings/inspect.tsx' does not exist.
File 'd:/DOPAMS/Toystack/dopams-backend-staging/node_modules/@graphql-tools/delegate/node_modules/@graphql-tools/utils/typings/inspect.d.ts' exists - use it as a name resolution result.
File 'd:/DOPAMS/Toystack/dopams-backend-staging/node_modules/@graphql-tools/delegate/node_modules/@graphql-tools/utils/package.json' exists according to earlier cached lookups.
======== Module name './inspect.js' was successfully resolved to 'd:/DOPAMS/Toystack/dopams-backend-staging/node_modules/@graphql-tools/delegate/node_modules/@graphql-tools/utils/typings/inspect.d.ts' with Package ID '@graphql-tools/utils/typings/inspect.d.ts@8.9.0'. ========
======== Resolving module './memoize.js' from 'd:/DOPAMS/Toystack/dopams-backend-staging/node_modules/@graphql-tools/delegate/node_modules/@graphql-tools/utils/typings/index.d.ts'. ========
Explicitly specified module resolution kind: 'Node10'.
Loading module as file / folder, candidate module location 'd:/DOPAMS/Toystack/dopams-backend-staging/node_modules/@graphql-tools/delegate/node_modules/@graphql-tools/utils/typings/memoize.js', target file types: TypeScript, Declaration.
File name 'd:/DOPAMS/Toystack/dopams-backend-staging/node_modules/@graphql-tools/delegate/node_modules/@graphql-tools/utils/typings/memoize.js' has a '.js' extension - stripping it.
File 'd:/DOPAMS/Toystack/dopams-backend-staging/node_modules/@graphql-tools/delegate/node_modules/@graphql-tools/utils/typings/memoize.ts' does not exist.
File 'd:/DOPAMS/Toystack/dopams-backend-staging/node_modules/@graphql-tools/delegate/node_modules/@graphql-tools/utils/typings/memoize.tsx' does not exist.
File 'd:/DOPAMS/Toystack/dopams-backend-staging/node_modules/@graphql-tools/delegate/node_modules/@graphql-tools/utils/typings/memoize.d.ts' exists - use it as a name resolution result.
File 'd:/DOPAMS/Toystack/dopams-backend-staging/node_modules/@graphql-tools/delegate/node_modules/@graphql-tools/utils/package.json' exists according to earlier cached lookups.
======== Module name './memoize.js' was successfully resolved to 'd:/DOPAMS/Toystack/dopams-backend-staging/node_modules/@graphql-tools/delegate/node_modules/@graphql-tools/utils/typings/memoize.d.ts' with Package ID '@graphql-tools/utils/typings/memoize.d.ts@8.9.0'. ========
======== Resolving module './fixSchemaAst.js' from 'd:/DOPAMS/Toystack/dopams-backend-staging/node_modules/@graphql-tools/delegate/node_modules/@graphql-tools/utils/typings/index.d.ts'. ========
Explicitly specified module resolution kind: 'Node10'.
Loading module as file / folder, candidate module location 'd:/DOPAMS/Toystack/dopams-backend-staging/node_modules/@graphql-tools/delegate/node_modules/@graphql-tools/utils/typings/fixSchemaAst.js', target file types: TypeScript, Declaration.
File name 'd:/DOPAMS/Toystack/dopams-backend-staging/node_modules/@graphql-tools/delegate/node_modules/@graphql-tools/utils/typings/fixSchemaAst.js' has a '.js' extension - stripping it.
File 'd:/DOPAMS/Toystack/dopams-backend-staging/node_modules/@graphql-tools/delegate/node_modules/@graphql-tools/utils/typings/fixSchemaAst.ts' does not exist.
File 'd:/DOPAMS/Toystack/dopams-backend-staging/node_modules/@graphql-tools/delegate/node_modules/@graphql-tools/utils/typings/fixSchemaAst.tsx' does not exist.
File 'd:/DOPAMS/Toystack/dopams-backend-staging/node_modules/@graphql-tools/delegate/node_modules/@graphql-tools/utils/typings/fixSchemaAst.d.ts' exists - use it as a name resolution result.
File 'd:/DOPAMS/Toystack/dopams-backend-staging/node_modules/@graphql-tools/delegate/node_modules/@graphql-tools/utils/package.json' exists according to earlier cached lookups.
======== Module name './fixSchemaAst.js' was successfully resolved to 'd:/DOPAMS/Toystack/dopams-backend-staging/node_modules/@graphql-tools/delegate/node_modules/@graphql-tools/utils/typings/fixSchemaAst.d.ts' with Package ID '@graphql-tools/utils/typings/fixSchemaAst.d.ts@8.9.0'. ========
======== Resolving module './getOperationASTFromRequest.js' from 'd:/DOPAMS/Toystack/dopams-backend-staging/node_modules/@graphql-tools/delegate/node_modules/@graphql-tools/utils/typings/index.d.ts'. ========
Explicitly specified module resolution kind: 'Node10'.
Loading module as file / folder, candidate module location 'd:/DOPAMS/Toystack/dopams-backend-staging/node_modules/@graphql-tools/delegate/node_modules/@graphql-tools/utils/typings/getOperationASTFromRequest.js', target file types: TypeScript, Declaration.
File name 'd:/DOPAMS/Toystack/dopams-backend-staging/node_modules/@graphql-tools/delegate/node_modules/@graphql-tools/utils/typings/getOperationASTFromRequest.js' has a '.js' extension - stripping it.
File 'd:/DOPAMS/Toystack/dopams-backend-staging/node_modules/@graphql-tools/delegate/node_modules/@graphql-tools/utils/typings/getOperationASTFromRequest.ts' does not exist.
File 'd:/DOPAMS/Toystack/dopams-backend-staging/node_modules/@graphql-tools/delegate/node_modules/@graphql-tools/utils/typings/getOperationASTFromRequest.tsx' does not exist.
File 'd:/DOPAMS/Toystack/dopams-backend-staging/node_modules/@graphql-tools/delegate/node_modules/@graphql-tools/utils/typings/getOperationASTFromRequest.d.ts' exists - use it as a name resolution result.
File 'd:/DOPAMS/Toystack/dopams-backend-staging/node_modules/@graphql-tools/delegate/node_modules/@graphql-tools/utils/package.json' exists according to earlier cached lookups.
======== Module name './getOperationASTFromRequest.js' was successfully resolved to 'd:/DOPAMS/Toystack/dopams-backend-staging/node_modules/@graphql-tools/delegate/node_modules/@graphql-tools/utils/typings/getOperationASTFromRequest.d.ts' with Package ID '@graphql-tools/utils/typings/getOperationASTFromRequest.d.ts@8.9.0'. ========
File 'd:/DOPAMS/Toystack/dopams-backend-staging/node_modules/@graphql-tools/delegate/node_modules/@graphql-tools/utils/typings/package.json' does not exist according to earlier cached lookups.
File 'd:/DOPAMS/Toystack/dopams-backend-staging/node_modules/@graphql-tools/delegate/node_modules/@graphql-tools/utils/package.json' exists according to earlier cached lookups.
======== Resolving module 'graphql' from 'd:/DOPAMS/Toystack/dopams-backend-staging/node_modules/@graphql-tools/delegate/node_modules/@graphql-tools/utils/typings/loaders.d.ts'. ========
Explicitly specified module resolution kind: 'Node10'.
'baseUrl' option is set to 'd:/DOPAMS/Toystack/dopams-backend-staging/src', using this value to resolve non-relative module name 'graphql'.
'paths' option is specified, looking for a pattern to match module name 'graphql'.
'baseUrl' option is set to 'd:/DOPAMS/Toystack/dopams-backend-staging/src', using this value to resolve non-relative module name 'graphql'.
Resolving module name 'graphql' relative to base url 'd:/DOPAMS/Toystack/dopams-backend-staging/src' - 'd:/DOPAMS/Toystack/dopams-backend-staging/src/graphql'.
Loading module as file / folder, candidate module location 'd:/DOPAMS/Toystack/dopams-backend-staging/src/graphql', target file types: TypeScript, Declaration.
File 'd:/DOPAMS/Toystack/dopams-backend-staging/src/graphql.ts' does not exist.
File 'd:/DOPAMS/Toystack/dopams-backend-staging/src/graphql.tsx' does not exist.
File 'd:/DOPAMS/Toystack/dopams-backend-staging/src/graphql.d.ts' does not exist.
Directory 'd:/DOPAMS/Toystack/dopams-backend-staging/src/graphql' does not exist, skipping all lookups in it.
Loading module 'graphql' from 'node_modules' folder, target file types: TypeScript, Declaration.
Searching all ancestor node_modules directories for preferred extensions: TypeScript, Declaration.
Directory 'd:/DOPAMS/Toystack/dopams-backend-staging/node_modules/@graphql-tools/delegate/node_modules/@graphql-tools/utils/typings/node_modules' does not exist, skipping all lookups in it.
Directory 'd:/DOPAMS/Toystack/dopams-backend-staging/node_modules/@graphql-tools/delegate/node_modules/@graphql-tools/utils/node_modules' does not exist, skipping all lookups in it.
Directory 'd:/DOPAMS/Toystack/dopams-backend-staging/node_modules/@graphql-tools/delegate/node_modules/@graphql-tools/node_modules' does not exist, skipping all lookups in it.
Resolution for module 'graphql' was found in cache from location 'd:/DOPAMS/Toystack/dopams-backend-staging/node_modules/@graphql-tools/delegate'.
======== Module name 'graphql' was successfully resolved to 'd:/DOPAMS/Toystack/dopams-backend-staging/node_modules/graphql/index.d.ts' with Package ID 'graphql/index.d.ts@16.12.0'. ========
======== Resolving module './Interfaces.js' from 'd:/DOPAMS/Toystack/dopams-backend-staging/node_modules/@graphql-tools/delegate/node_modules/@graphql-tools/utils/typings/loaders.d.ts'. ========
Resolution for module './Interfaces.js' was found in cache from location 'd:/DOPAMS/Toystack/dopams-backend-staging/node_modules/@graphql-tools/delegate/node_modules/@graphql-tools/utils/typings'.
======== Module name './Interfaces.js' was successfully resolved to 'd:/DOPAMS/Toystack/dopams-backend-staging/node_modules/@graphql-tools/delegate/node_modules/@graphql-tools/utils/typings/Interfaces.d.ts' with Package ID '@graphql-tools/utils/typings/Interfaces.d.ts@8.9.0'. ========
File 'd:/DOPAMS/Toystack/dopams-backend-staging/node_modules/@graphql-tools/delegate/node_modules/@graphql-tools/utils/typings/package.json' does not exist according to earlier cached lookups.
File 'd:/DOPAMS/Toystack/dopams-backend-staging/node_modules/@graphql-tools/delegate/node_modules/@graphql-tools/utils/package.json' exists according to earlier cached lookups.
======== Resolving module 'graphql' from 'd:/DOPAMS/Toystack/dopams-backend-staging/node_modules/@graphql-tools/delegate/node_modules/@graphql-tools/utils/typings/Interfaces.d.ts'. ========
Resolution for module 'graphql' was found in cache from location 'd:/DOPAMS/Toystack/dopams-backend-staging/node_modules/@graphql-tools/delegate/node_modules/@graphql-tools/utils/typings'.
======== Module name 'graphql' was successfully resolved to 'd:/DOPAMS/Toystack/dopams-backend-staging/node_modules/graphql/index.d.ts' with Package ID 'graphql/index.d.ts@16.12.0'. ========
File 'd:/DOPAMS/Toystack/dopams-backend-staging/node_modules/@graphql-tools/delegate/node_modules/@graphql-tools/utils/typings/package.json' does not exist according to earlier cached lookups.
File 'd:/DOPAMS/Toystack/dopams-backend-staging/node_modules/@graphql-tools/delegate/node_modules/@graphql-tools/utils/package.json' exists according to earlier cached lookups.
======== Resolving module 'graphql' from 'd:/DOPAMS/Toystack/dopams-backend-staging/node_modules/@graphql-tools/delegate/node_modules/@graphql-tools/utils/typings/helpers.d.ts'. ========
Resolution for module 'graphql' was found in cache from location 'd:/DOPAMS/Toystack/dopams-backend-staging/node_modules/@graphql-tools/delegate/node_modules/@graphql-tools/utils/typings'.
======== Module name 'graphql' was successfully resolved to 'd:/DOPAMS/Toystack/dopams-backend-staging/node_modules/graphql/index.d.ts' with Package ID 'graphql/index.d.ts@16.12.0'. ========
File 'd:/DOPAMS/Toystack/dopams-backend-staging/node_modules/@graphql-tools/delegate/node_modules/@graphql-tools/utils/typings/package.json' does not exist according to earlier cached lookups.
File 'd:/DOPAMS/Toystack/dopams-backend-staging/node_modules/@graphql-tools/delegate/node_modules/@graphql-tools/utils/package.json' exists according to earlier cached lookups.
======== Resolving module 'graphql' from 'd:/DOPAMS/Toystack/dopams-backend-staging/node_modules/@graphql-tools/delegate/node_modules/@graphql-tools/utils/typings/get-directives.d.ts'. ========
Resolution for module 'graphql' was found in cache from location 'd:/DOPAMS/Toystack/dopams-backend-staging/node_modules/@graphql-tools/delegate/node_modules/@graphql-tools/utils/typings'.
======== Module name 'graphql' was successfully resolved to 'd:/DOPAMS/Toystack/dopams-backend-staging/node_modules/graphql/index.d.ts' with Package ID 'graphql/index.d.ts@16.12.0'. ========
File 'd:/DOPAMS/Toystack/dopams-backend-staging/node_modules/@graphql-tools/delegate/node_modules/@graphql-tools/utils/typings/package.json' does not exist according to earlier cached lookups.
File 'd:/DOPAMS/Toystack/dopams-backend-staging/node_modules/@graphql-tools/delegate/node_modules/@graphql-tools/utils/package.json' exists according to earlier cached lookups.
======== Resolving module 'graphql' from 'd:/DOPAMS/Toystack/dopams-backend-staging/node_modules/@graphql-tools/delegate/node_modules/@graphql-tools/utils/typings/get-fields-with-directives.d.ts'. ========
Resolution for module 'graphql' was found in cache from location 'd:/DOPAMS/Toystack/dopams-backend-staging/node_modules/@graphql-tools/delegate/node_modules/@graphql-tools/utils/typings'.
======== Module name 'graphql' was successfully resolved to 'd:/DOPAMS/Toystack/dopams-backend-staging/node_modules/graphql/index.d.ts' with Package ID 'graphql/index.d.ts@16.12.0'. ========
File 'd:/DOPAMS/Toystack/dopams-backend-staging/node_modules/@graphql-tools/delegate/node_modules/@graphql-tools/utils/typings/package.json' does not exist according to earlier cached lookups.
File 'd:/DOPAMS/Toystack/dopams-backend-staging/node_modules/@graphql-tools/delegate/node_modules/@graphql-tools/utils/package.json' exists according to earlier cached lookups.
======== Resolving module 'graphql' from 'd:/DOPAMS/Toystack/dopams-backend-staging/node_modules/@graphql-tools/delegate/node_modules/@graphql-tools/utils/typings/get-implementing-types.d.ts'. ========
Resolution for module 'graphql' was found in cache from location 'd:/DOPAMS/Toystack/dopams-backend-staging/node_modules/@graphql-tools/delegate/node_modules/@graphql-tools/utils/typings'.
======== Module name 'graphql' was successfully resolved to 'd:/DOPAMS/Toystack/dopams-backend-staging/node_modules/graphql/index.d.ts' with Package ID 'graphql/index.d.ts@16.12.0'. ========
File 'd:/DOPAMS/Toystack/dopams-backend-staging/node_modules/@graphql-tools/delegate/node_modules/@graphql-tools/utils/typings/package.json' does not exist according to earlier cached lookups.
File 'd:/DOPAMS/Toystack/dopams-backend-staging/node_modules/@graphql-tools/delegate/node_modules/@graphql-tools/utils/package.json' exists according to earlier cached lookups.
======== Resolving module 'graphql' from 'd:/DOPAMS/Toystack/dopams-backend-staging/node_modules/@graphql-tools/delegate/node_modules/@graphql-tools/utils/typings/print-schema-with-directives.d.ts'. ========
Resolution for module 'graphql' was found in cache from location 'd:/DOPAMS/Toystack/dopams-backend-staging/node_modules/@graphql-tools/delegate/node_modules/@graphql-tools/utils/typings'.
======== Module name 'graphql' was successfully resolved to 'd:/DOPAMS/Toystack/dopams-backend-staging/node_modules/graphql/index.d.ts' with Package ID 'graphql/index.d.ts@16.12.0'. ========
======== Resolving module './types.js' from 'd:/DOPAMS/Toystack/dopams-backend-staging/node_modules/@graphql-tools/delegate/node_modules/@graphql-tools/utils/typings/print-schema-with-directives.d.ts'. ========
Resolution for module './types.js' was found in cache from location 'd:/DOPAMS/Toystack/dopams-backend-staging/node_modules/@graphql-tools/delegate/node_modules/@graphql-tools/utils/typings'.
======== Module name './types.js' was successfully resolved to 'd:/DOPAMS/Toystack/dopams-backend-staging/node_modules/@graphql-tools/delegate/node_modules/@graphql-tools/utils/typings/types.d.ts' with Package ID '@graphql-tools/utils/typings/types.d.ts@8.9.0'. ========
File 'd:/DOPAMS/Toystack/dopams-backend-staging/node_modules/@graphql-tools/delegate/node_modules/@graphql-tools/utils/typings/package.json' does not exist according to earlier cached lookups.
File 'd:/DOPAMS/Toystack/dopams-backend-staging/node_modules/@graphql-tools/delegate/node_modules/@graphql-tools/utils/package.json' exists according to earlier cached lookups.
======== Resolving module 'graphql' from 'd:/DOPAMS/Toystack/dopams-backend-staging/node_modules/@graphql-tools/delegate/node_modules/@graphql-tools/utils/typings/types.d.ts'. ========
Resolution for module 'graphql' was found in cache from location 'd:/DOPAMS/Toystack/dopams-backend-staging/node_modules/@graphql-tools/delegate/node_modules/@graphql-tools/utils/typings'.
======== Module name 'graphql' was successfully resolved to 'd:/DOPAMS/Toystack/dopams-backend-staging/node_modules/graphql/index.d.ts' with Package ID 'graphql/index.d.ts@16.12.0'. ========
File 'd:/DOPAMS/Toystack/dopams-backend-staging/node_modules/@graphql-tools/delegate/node_modules/@graphql-tools/utils/typings/package.json' does not exist according to earlier cached lookups.
File 'd:/DOPAMS/Toystack/dopams-backend-staging/node_modules/@graphql-tools/delegate/node_modules/@graphql-tools/utils/package.json' exists according to earlier cached lookups.
======== Resolving module 'graphql' from 'd:/DOPAMS/Toystack/dopams-backend-staging/node_modules/@graphql-tools/delegate/node_modules/@graphql-tools/utils/typings/validate-documents.d.ts'. ========
Resolution for module 'graphql' was found in cache from location 'd:/DOPAMS/Toystack/dopams-backend-staging/node_modules/@graphql-tools/delegate/node_modules/@graphql-tools/utils/typings'.
======== Module name 'graphql' was successfully resolved to 'd:/DOPAMS/Toystack/dopams-backend-staging/node_modules/graphql/index.d.ts' with Package ID 'graphql/index.d.ts@16.12.0'. ========
======== Resolving module './loaders.js' from 'd:/DOPAMS/Toystack/dopams-backend-staging/node_modules/@graphql-tools/delegate/node_modules/@graphql-tools/utils/typings/validate-documents.d.ts'. ========
Resolution for module './loaders.js' was found in cache from location 'd:/DOPAMS/Toystack/dopams-backend-staging/node_modules/@graphql-tools/delegate/node_modules/@graphql-tools/utils/typings'.
======== Module name './loaders.js' was successfully resolved to 'd:/DOPAMS/Toystack/dopams-backend-staging/node_modules/@graphql-tools/delegate/node_modules/@graphql-tools/utils/typings/loaders.d.ts' with Package ID '@graphql-tools/utils/typings/loaders.d.ts@8.9.0'. ========
File 'd:/DOPAMS/Toystack/dopams-backend-staging/node_modules/@graphql-tools/delegate/node_modules/@graphql-tools/utils/typings/package.json' does not exist according to earlier cached lookups.
File 'd:/DOPAMS/Toystack/dopams-backend-staging/node_modules/@graphql-tools/delegate/node_modules/@graphql-tools/utils/package.json' exists according to earlier cached lookups.
======== Resolving module 'graphql' from 'd:/DOPAMS/Toystack/dopams-backend-staging/node_modules/@graphql-tools/delegate/node_modules/@graphql-tools/utils/typings/parse-graphql-json.d.ts'. ========
Resolution for module 'graphql' was found in cache from location 'd:/DOPAMS/Toystack/dopams-backend-staging/node_modules/@graphql-tools/delegate/node_modules/@graphql-tools/utils/typings'.
======== Module name 'graphql' was successfully resolved to 'd:/DOPAMS/Toystack/dopams-backend-staging/node_modules/graphql/index.d.ts' with Package ID 'graphql/index.d.ts@16.12.0'. ========
======== Resolving module './loaders.js' from 'd:/DOPAMS/Toystack/dopams-backend-staging/node_modules/@graphql-tools/delegate/node_modules/@graphql-tools/utils/typings/parse-graphql-json.d.ts'. ========
Resolution for module './loaders.js' was found in cache from location 'd:/DOPAMS/Toystack/dopams-backend-staging/node_modules/@graphql-tools/delegate/node_modules/@graphql-tools/utils/typings'.
======== Module name './loaders.js' was successfully resolved to 'd:/DOPAMS/Toystack/dopams-backend-staging/node_modules/@graphql-tools/delegate/node_modules/@graphql-tools/utils/typings/loaders.d.ts' with Package ID '@graphql-tools/utils/typings/loaders.d.ts@8.9.0'. ========
======== Resolving module './types.js' from 'd:/DOPAMS/Toystack/dopams-backend-staging/node_modules/@graphql-tools/delegate/node_modules/@graphql-tools/utils/typings/parse-graphql-json.d.ts'. ========
Resolution for module './types.js' was found in cache from location 'd:/DOPAMS/Toystack/dopams-backend-staging/node_modules/@graphql-tools/delegate/node_modules/@graphql-tools/utils/typings'.
======== Module name './types.js' was successfully resolved to 'd:/DOPAMS/Toystack/dopams-backend-staging/node_modules/@graphql-tools/delegate/node_modules/@graphql-tools/utils/typings/types.d.ts' with Package ID '@graphql-tools/utils/typings/types.d.ts@8.9.0'. ========
File 'd:/DOPAMS/Toystack/dopams-backend-staging/node_modules/@graphql-tools/delegate/node_modules/@graphql-tools/utils/typings/package.json' does not exist according to earlier cached lookups.
File 'd:/DOPAMS/Toystack/dopams-backend-staging/node_modules/@graphql-tools/delegate/node_modules/@graphql-tools/utils/package.json' exists according to earlier cached lookups.
======== Resolving module 'graphql' from 'd:/DOPAMS/Toystack/dopams-backend-staging/node_modules/@graphql-tools/delegate/node_modules/@graphql-tools/utils/typings/parse-graphql-sdl.d.ts'. ========
Resolution for module 'graphql' was found in cache from location 'd:/DOPAMS/Toystack/dopams-backend-staging/node_modules/@graphql-tools/delegate/node_modules/@graphql-tools/utils/typings'.
======== Module name 'graphql' was successfully resolved to 'd:/DOPAMS/Toystack/dopams-backend-staging/node_modules/graphql/index.d.ts' with Package ID 'graphql/index.d.ts@16.12.0'. ========
======== Resolving module './Interfaces.js' from 'd:/DOPAMS/Toystack/dopams-backend-staging/node_modules/@graphql-tools/delegate/node_modules/@graphql-tools/utils/typings/parse-graphql-sdl.d.ts'. ========
Resolution for module './Interfaces.js' was found in cache from location 'd:/DOPAMS/Toystack/dopams-backend-staging/node_modules/@graphql-tools/delegate/node_modules/@graphql-tools/utils/typings'.
======== Module name './Interfaces.js' was successfully resolved to 'd:/DOPAMS/Toystack/dopams-backend-staging/node_modules/@graphql-tools/delegate/node_modules/@graphql-tools/utils/typings/Interfaces.d.ts' with Package ID '@graphql-tools/utils/typings/Interfaces.d.ts@8.9.0'. ========
File 'd:/DOPAMS/Toystack/dopams-backend-staging/node_modules/@graphql-tools/delegate/node_modules/@graphql-tools/utils/typings/package.json' does not exist according to earlier cached lookups.
File 'd:/DOPAMS/Toystack/dopams-backend-staging/node_modules/@graphql-tools/delegate/node_modules/@graphql-tools/utils/package.json' exists according to earlier cached lookups.
======== Resolving module 'graphql' from 'd:/DOPAMS/Toystack/dopams-backend-staging/node_modules/@graphql-tools/delegate/node_modules/@graphql-tools/utils/typings/build-operation-for-field.d.ts'. ========
Resolution for module 'graphql' was found in cache from location 'd:/DOPAMS/Toystack/dopams-backend-staging/node_modules/@graphql-tools/delegate/node_modules/@graphql-tools/utils/typings'.
======== Module name 'graphql' was successfully resolved to 'd:/DOPAMS/Toystack/dopams-backend-staging/node_modules/graphql/index.d.ts' with Package ID 'graphql/index.d.ts@16.12.0'. ========
File 'd:/DOPAMS/Toystack/dopams-backend-staging/node_modules/@graphql-tools/delegate/node_modules/@graphql-tools/utils/typings/package.json' does not exist according to earlier cached lookups.
File 'd:/DOPAMS/Toystack/dopams-backend-staging/node_modules/@graphql-tools/delegate/node_modules/@graphql-tools/utils/package.json' exists according to earlier cached lookups.
======== Resolving module 'graphql' from 'd:/DOPAMS/Toystack/dopams-backend-staging/node_modules/@graphql-tools/delegate/node_modules/@graphql-tools/utils/typings/filterSchema.d.ts'. ========
Resolution for module 'graphql' was found in cache from location 'd:/DOPAMS/Toystack/dopams-backend-staging/node_modules/@graphql-tools/delegate/node_modules/@graphql-tools/utils/typings'.
======== Module name 'graphql' was successfully resolved to 'd:/DOPAMS/Toystack/dopams-backend-staging/node_modules/graphql/index.d.ts' with Package ID 'graphql/index.d.ts@16.12.0'. ========
======== Resolving module './Interfaces.js' from 'd:/DOPAMS/Toystack/dopams-backend-staging/node_modules/@graphql-tools/delegate/node_modules/@graphql-tools/utils/typings/filterSchema.d.ts'. ========
Resolution for module './Interfaces.js' was found in cache from location 'd:/DOPAMS/Toystack/dopams-backend-staging/node_modules/@graphql-tools/delegate/node_modules/@graphql-tools/utils/typings'.
======== Module name './Interfaces.js' was successfully resolved to 'd:/DOPAMS/Toystack/dopams-backend-staging/node_modules/@graphql-tools/delegate/node_modules/@graphql-tools/utils/typings/Interfaces.d.ts' with Package ID '@graphql-tools/utils/typings/Interfaces.d.ts@8.9.0'. ========
File 'd:/DOPAMS/Toystack/dopams-backend-staging/node_modules/@graphql-tools/delegate/node_modules/@graphql-tools/utils/typings/package.json' does not exist according to earlier cached lookups.
File 'd:/DOPAMS/Toystack/dopams-backend-staging/node_modules/@graphql-tools/delegate/node_modules/@graphql-tools/utils/package.json' exists according to earlier cached lookups.
======== Resolving module 'graphql' from 'd:/DOPAMS/Toystack/dopams-backend-staging/node_modules/@graphql-tools/delegate/node_modules/@graphql-tools/utils/typings/heal.d.ts'. ========
Resolution for module 'graphql' was found in cache from location 'd:/DOPAMS/Toystack/dopams-backend-staging/node_modules/@graphql-tools/delegate/node_modules/@graphql-tools/utils/typings'.
======== Module name 'graphql' was successfully resolved to 'd:/DOPAMS/Toystack/dopams-backend-staging/node_modules/graphql/index.d.ts' with Package ID 'graphql/index.d.ts@16.12.0'. ========
File 'd:/DOPAMS/Toystack/dopams-backend-staging/node_modules/@graphql-tools/delegate/node_modules/@graphql-tools/utils/typings/package.json' does not exist according to earlier cached lookups.
File 'd:/DOPAMS/Toystack/dopams-backend-staging/node_modules/@graphql-tools/delegate/node_modules/@graphql-tools/utils/package.json' exists according to earlier cached lookups.
======== Resolving module 'graphql' from 'd:/DOPAMS/Toystack/dopams-backend-staging/node_modules/@graphql-tools/delegate/node_modules/@graphql-tools/utils/typings/getResolversFromSchema.d.ts'. ========
Resolution for module 'graphql' was found in cache from location 'd:/DOPAMS/Toystack/dopams-backend-staging/node_modules/@graphql-tools/delegate/node_modules/@graphql-tools/utils/typings'.
======== Module name 'graphql' was successfully resolved to 'd:/DOPAMS/Toystack/dopams-backend-staging/node_modules/graphql/index.d.ts' with Package ID 'graphql/index.d.ts@16.12.0'. ========
======== Resolving module './Interfaces.js' from 'd:/DOPAMS/Toystack/dopams-backend-staging/node_modules/@graphql-tools/delegate/node_modules/@graphql-tools/utils/typings/getResolversFromSchema.d.ts'. ========
Resolution for module './Interfaces.js' was found in cache from location 'd:/DOPAMS/Toystack/dopams-backend-staging/node_modules/@graphql-tools/delegate/node_modules/@graphql-tools/utils/typings'.
======== Module name './Interfaces.js' was successfully resolved to 'd:/DOPAMS/Toystack/dopams-backend-staging/node_modules/@graphql-tools/delegate/node_modules/@graphql-tools/utils/typings/Interfaces.d.ts' with Package ID '@graphql-tools/utils/typings/Interfaces.d.ts@8.9.0'. ========
File 'd:/DOPAMS/Toystack/dopams-backend-staging/node_modules/@graphql-tools/delegate/node_modules/@graphql-tools/utils/typings/package.json' does not exist according to earlier cached lookups.
File 'd:/DOPAMS/Toystack/dopams-backend-staging/node_modules/@graphql-tools/delegate/node_modules/@graphql-tools/utils/package.json' exists according to earlier cached lookups.
======== Resolving module 'graphql' from 'd:/DOPAMS/Toystack/dopams-backend-staging/node_modules/@graphql-tools/delegate/node_modules/@graphql-tools/utils/typings/forEachField.d.ts'. ========
Resolution for module 'graphql' was found in cache from location 'd:/DOPAMS/Toystack/dopams-backend-staging/node_modules/@graphql-tools/delegate/node_modules/@graphql-tools/utils/typings'.
======== Module name 'graphql' was successfully resolved to 'd:/DOPAMS/Toystack/dopams-backend-staging/node_modules/graphql/index.d.ts' with Package ID 'graphql/index.d.ts@16.12.0'. ========
======== Resolving module './Interfaces.js' from 'd:/DOPAMS/Toystack/dopams-backend-staging/node_modules/@graphql-tools/delegate/node_modules/@graphql-tools/utils/typings/forEachField.d.ts'. ========
Resolution for module './Interfaces.js' was found in cache from location 'd:/DOPAMS/Toystack/dopams-backend-staging/node_modules/@graphql-tools/delegate/node_modules/@graphql-tools/utils/typings'.
======== Module name './Interfaces.js' was successfully resolved to 'd:/DOPAMS/Toystack/dopams-backend-staging/node_modules/@graphql-tools/delegate/node_modules/@graphql-tools/utils/typings/Interfaces.d.ts' with Package ID '@graphql-tools/utils/typings/Interfaces.d.ts@8.9.0'. ========
File 'd:/DOPAMS/Toystack/dopams-backend-staging/node_modules/@graphql-tools/delegate/node_modules/@graphql-tools/utils/typings/package.json' does not exist according to earlier cached lookups.
File 'd:/DOPAMS/Toystack/dopams-backend-staging/node_modules/@graphql-tools/delegate/node_modules/@graphql-tools/utils/package.json' exists according to earlier cached lookups.
======== Resolving module 'graphql' from 'd:/DOPAMS/Toystack/dopams-backend-staging/node_modules/@graphql-tools/delegate/node_modules/@graphql-tools/utils/typings/forEachDefaultValue.d.ts'. ========
Resolution for module 'graphql' was found in cache from location 'd:/DOPAMS/Toystack/dopams-backend-staging/node_modules/@graphql-tools/delegate/node_modules/@graphql-tools/utils/typings'.
======== Module name 'graphql' was successfully resolved to 'd:/DOPAMS/Toystack/dopams-backend-staging/node_modules/graphql/index.d.ts' with Package ID 'graphql/index.d.ts@16.12.0'. ========
======== Resolving module './Interfaces.js' from 'd:/DOPAMS/Toystack/dopams-backend-staging/node_modules/@graphql-tools/delegate/node_modules/@graphql-tools/utils/typings/forEachDefaultValue.d.ts'. ========
Resolution for module './Interfaces.js' was found in cache from location 'd:/DOPAMS/Toystack/dopams-backend-staging/node_modules/@graphql-tools/delegate/node_modules/@graphql-tools/utils/typings'.
======== Module name './Interfaces.js' was successfully resolved to 'd:/DOPAMS/Toystack/dopams-backend-staging/node_modules/@graphql-tools/delegate/node_modules/@graphql-tools/utils/typings/Interfaces.d.ts' with Package ID '@graphql-tools/utils/typings/Interfaces.d.ts@8.9.0'. ========
File 'd:/DOPAMS/Toystack/dopams-backend-staging/node_modules/@graphql-tools/delegate/node_modules/@graphql-tools/utils/typings/package.json' does not exist according to earlier cached lookups.
File 'd:/DOPAMS/Toystack/dopams-backend-staging/node_modules/@graphql-tools/delegate/node_modules/@graphql-tools/utils/package.json' exists according to earlier cached lookups.
======== Resolving module 'graphql' from 'd:/DOPAMS/Toystack/dopams-backend-staging/node_modules/@graphql-tools/delegate/node_modules/@graphql-tools/utils/typings/mapSchema.d.ts'. ========
Resolution for module 'graphql' was found in cache from location 'd:/DOPAMS/Toystack/dopams-backend-staging/node_modules/@graphql-tools/delegate/node_modules/@graphql-tools/utils/typings'.
======== Module name 'graphql' was successfully resolved to 'd:/DOPAMS/Toystack/dopams-backend-staging/node_modules/graphql/index.d.ts' with Package ID 'graphql/index.d.ts@16.12.0'. ========
======== Resolving module './Interfaces.js' from 'd:/DOPAMS/Toystack/dopams-backend-staging/node_modules/@graphql-tools/delegate/node_modules/@graphql-tools/utils/typings/mapSchema.d.ts'. ========
Resolution for module './Interfaces.js' was found in cache from location 'd:/DOPAMS/Toystack/dopams-backend-staging/node_modules/@graphql-tools/delegate/node_modules/@graphql-tools/utils/typings'.
======== Module name './Interfaces.js' was successfully resolved to 'd:/DOPAMS/Toystack/dopams-backend-staging/node_modules/@graphql-tools/delegate/node_modules/@graphql-tools/utils/typings/Interfaces.d.ts' with Package ID '@graphql-tools/utils/typings/Interfaces.d.ts@8.9.0'. ========
File 'd:/DOPAMS/Toystack/dopams-backend-staging/node_modules/@graphql-tools/delegate/node_modules/@graphql-tools/utils/typings/package.json' does not exist according to earlier cached lookups.
File 'd:/DOPAMS/Toystack/dopams-backend-staging/node_modules/@graphql-tools/delegate/node_modules/@graphql-tools/utils/package.json' exists according to earlier cached lookups.
======== Resolving module 'graphql' from 'd:/DOPAMS/Toystack/dopams-backend-staging/node_modules/@graphql-tools/delegate/node_modules/@graphql-tools/utils/typings/addTypes.d.ts'. ========
Resolution for module 'graphql' was found in cache from location 'd:/DOPAMS/Toystack/dopams-backend-staging/node_modules/@graphql-tools/delegate/node_modules/@graphql-tools/utils/typings'.
======== Module name 'graphql' was successfully resolved to 'd:/DOPAMS/Toystack/dopams-backend-staging/node_modules/graphql/index.d.ts' with Package ID 'graphql/index.d.ts@16.12.0'. ========
File 'd:/DOPAMS/Toystack/dopams-backend-staging/node_modules/@graphql-tools/delegate/node_modules/@graphql-tools/utils/typings/package.json' does not exist according to earlier cached lookups.
File 'd:/DOPAMS/Toystack/dopams-backend-staging/node_modules/@graphql-tools/delegate/node_modules/@graphql-tools/utils/package.json' exists according to earlier cached lookups.
======== Resolving module 'graphql' from 'd:/DOPAMS/Toystack/dopams-backend-staging/node_modules/@graphql-tools/delegate/node_modules/@graphql-tools/utils/typings/rewire.d.ts'. ========
Resolution for module 'graphql' was found in cache from location 'd:/DOPAMS/Toystack/dopams-backend-staging/node_modules/@graphql-tools/delegate/node_modules/@graphql-tools/utils/typings'.
======== Module name 'graphql' was successfully resolved to 'd:/DOPAMS/Toystack/dopams-backend-staging/node_modules/graphql/index.d.ts' with Package ID 'graphql/index.d.ts@16.12.0'. ========
File 'd:/DOPAMS/Toystack/dopams-backend-staging/node_modules/@graphql-tools/delegate/node_modules/@graphql-tools/utils/typings/package.json' does not exist according to earlier cached lookups.
File 'd:/DOPAMS/Toystack/dopams-backend-staging/node_modules/@graphql-tools/delegate/node_modules/@graphql-tools/utils/package.json' exists according to earlier cached lookups.
======== Resolving module 'graphql' from 'd:/DOPAMS/Toystack/dopams-backend-staging/node_modules/@graphql-tools/delegate/node_modules/@graphql-tools/utils/typings/prune.d.ts'. ========
Resolution for module 'graphql' was found in cache from location 'd:/DOPAMS/Toystack/dopams-backend-staging/node_modules/@graphql-tools/delegate/node_modules/@graphql-tools/utils/typings'.
======== Module name 'graphql' was successfully resolved to 'd:/DOPAMS/Toystack/dopams-backend-staging/node_modules/graphql/index.d.ts' with Package ID 'graphql/index.d.ts@16.12.0'. ========
======== Resolving module './types.js' from 'd:/DOPAMS/Toystack/dopams-backend-staging/node_modules/@graphql-tools/delegate/node_modules/@graphql-tools/utils/typings/prune.d.ts'. ========
Resolution for module './types.js' was found in cache from location 'd:/DOPAMS/Toystack/dopams-backend-staging/node_modules/@graphql-tools/delegate/node_modules/@graphql-tools/utils/typings'.
======== Module name './types.js' was successfully resolved to 'd:/DOPAMS/Toystack/dopams-backend-staging/node_modules/@graphql-tools/delegate/node_modules/@graphql-tools/utils/typings/types.d.ts' with Package ID '@graphql-tools/utils/typings/types.d.ts@8.9.0'. ========
File 'd:/DOPAMS/Toystack/dopams-backend-staging/node_modules/@graphql-tools/delegate/node_modules/@graphql-tools/utils/typings/package.json' does not exist according to earlier cached lookups.
File 'd:/DOPAMS/Toystack/dopams-backend-staging/node_modules/@graphql-tools/delegate/node_modules/@graphql-tools/utils/package.json' exists according to earlier cached lookups.
File 'd:/DOPAMS/Toystack/dopams-backend-staging/node_modules/@graphql-tools/delegate/node_modules/@graphql-tools/utils/typings/package.json' does not exist according to earlier cached lookups.
File 'd:/DOPAMS/Toystack/dopams-backend-staging/node_modules/@graphql-tools/delegate/node_modules/@graphql-tools/utils/package.json' exists according to earlier cached lookups.
======== Resolving module 'graphql' from 'd:/DOPAMS/Toystack/dopams-backend-staging/node_modules/@graphql-tools/delegate/node_modules/@graphql-tools/utils/typings/stub.d.ts'. ========
Resolution for module 'graphql' was found in cache from location 'd:/DOPAMS/Toystack/dopams-backend-staging/node_modules/@graphql-tools/delegate/node_modules/@graphql-tools/utils/typings'.
======== Module name 'graphql' was successfully resolved to 'd:/DOPAMS/Toystack/dopams-backend-staging/node_modules/graphql/index.d.ts' with Package ID 'graphql/index.d.ts@16.12.0'. ========
File 'd:/DOPAMS/Toystack/dopams-backend-staging/node_modules/@graphql-tools/delegate/node_modules/@graphql-tools/utils/typings/package.json' does not exist according to earlier cached lookups.
File 'd:/DOPAMS/Toystack/dopams-backend-staging/node_modules/@graphql-tools/delegate/node_modules/@graphql-tools/utils/package.json' exists according to earlier cached lookups.
======== Resolving module 'graphql' from 'd:/DOPAMS/Toystack/dopams-backend-staging/node_modules/@graphql-tools/delegate/node_modules/@graphql-tools/utils/typings/selectionSets.d.ts'. ========
Resolution for module 'graphql' was found in cache from location 'd:/DOPAMS/Toystack/dopams-backend-staging/node_modules/@graphql-tools/delegate/node_modules/@graphql-tools/utils/typings'.
======== Module name 'graphql' was successfully resolved to 'd:/DOPAMS/Toystack/dopams-backend-staging/node_modules/graphql/index.d.ts' with Package ID 'graphql/index.d.ts@16.12.0'. ========
======== Resolving module './Interfaces.js' from 'd:/DOPAMS/Toystack/dopams-backend-staging/node_modules/@graphql-tools/delegate/node_modules/@graphql-tools/utils/typings/selectionSets.d.ts'. ========
Resolution for module './Interfaces.js' was found in cache from location 'd:/DOPAMS/Toystack/dopams-backend-staging/node_modules/@graphql-tools/delegate/node_modules/@graphql-tools/utils/typings'.
======== Module name './Interfaces.js' was successfully resolved to 'd:/DOPAMS/Toystack/dopams-backend-staging/node_modules/@graphql-tools/delegate/node_modules/@graphql-tools/utils/typings/Interfaces.d.ts' with Package ID '@graphql-tools/utils/typings/Interfaces.d.ts@8.9.0'. ========
File 'd:/DOPAMS/Toystack/dopams-backend-staging/node_modules/@graphql-tools/delegate/node_modules/@graphql-tools/utils/typings/package.json' does not exist according to earlier cached lookups.
File 'd:/DOPAMS/Toystack/dopams-backend-staging/node_modules/@graphql-tools/delegate/node_modules/@graphql-tools/utils/package.json' exists according to earlier cached lookups.
======== Resolving module 'graphql' from 'd:/DOPAMS/Toystack/dopams-backend-staging/node_modules/@graphql-tools/delegate/node_modules/@graphql-tools/utils/typings/getResponseKeyFromInfo.d.ts'. ========
Resolution for module 'graphql' was found in cache from location 'd:/DOPAMS/Toystack/dopams-backend-staging/node_modules/@graphql-tools/delegate/node_modules/@graphql-tools/utils/typings'.
======== Module name 'graphql' was successfully resolved to 'd:/DOPAMS/Toystack/dopams-backend-staging/node_modules/graphql/index.d.ts' with Package ID 'graphql/index.d.ts@16.12.0'. ========
File 'd:/DOPAMS/Toystack/dopams-backend-staging/node_modules/@graphql-tools/delegate/node_modules/@graphql-tools/utils/typings/package.json' does not exist according to earlier cached lookups.
File 'd:/DOPAMS/Toystack/dopams-backend-staging/node_modules/@graphql-tools/delegate/node_modules/@graphql-tools/utils/package.json' exists according to earlier cached lookups.
======== Resolving module 'graphql' from 'd:/DOPAMS/Toystack/dopams-backend-staging/node_modules/@graphql-tools/delegate/node_modules/@graphql-tools/utils/typings/fields.d.ts'. ========
Resolution for module 'graphql' was found in cache from location 'd:/DOPAMS/Toystack/dopams-backend-staging/node_modules/@graphql-tools/delegate/node_modules/@graphql-tools/utils/typings'.
======== Module name 'graphql' was successfully resolved to 'd:/DOPAMS/Toystack/dopams-backend-staging/node_modules/graphql/index.d.ts' with Package ID 'graphql/index.d.ts@16.12.0'. ========
File 'd:/DOPAMS/Toystack/dopams-backend-staging/node_modules/@graphql-tools/delegate/node_modules/@graphql-tools/utils/typings/package.json' does not exist according to earlier cached lookups.
File 'd:/DOPAMS/Toystack/dopams-backend-staging/node_modules/@graphql-tools/delegate/node_modules/@graphql-tools/utils/package.json' exists according to earlier cached lookups.
======== Resolving module 'graphql' from 'd:/DOPAMS/Toystack/dopams-backend-staging/node_modules/@graphql-tools/delegate/node_modules/@graphql-tools/utils/typings/renameType.d.ts'. ========
Resolution for module 'graphql' was found in cache from location 'd:/DOPAMS/Toystack/dopams-backend-staging/node_modules/@graphql-tools/delegate/node_modules/@graphql-tools/utils/typings'.
======== Module name 'graphql' was successfully resolved to 'd:/DOPAMS/Toystack/dopams-backend-staging/node_modules/graphql/index.d.ts' with Package ID 'graphql/index.d.ts@16.12.0'. ========
File 'd:/DOPAMS/Toystack/dopams-backend-staging/node_modules/@graphql-tools/delegate/node_modules/@graphql-tools/utils/typings/package.json' does not exist according to earlier cached lookups.
File 'd:/DOPAMS/Toystack/dopams-backend-staging/node_modules/@graphql-tools/delegate/node_modules/@graphql-tools/utils/package.json' exists according to earlier cached lookups.
======== Resolving module 'graphql' from 'd:/DOPAMS/Toystack/dopams-backend-staging/node_modules/@graphql-tools/delegate/node_modules/@graphql-tools/utils/typings/transformInputValue.d.ts'. ========
Resolution for module 'graphql' was found in cache from location 'd:/DOPAMS/Toystack/dopams-backend-staging/node_modules/@graphql-tools/delegate/node_modules/@graphql-tools/utils/typings'.
======== Module name 'graphql' was successfully resolved to 'd:/DOPAMS/Toystack/dopams-backend-staging/node_modules/graphql/index.d.ts' with Package ID 'graphql/index.d.ts@16.12.0'. ========
======== Resolving module './types.js' from 'd:/DOPAMS/Toystack/dopams-backend-staging/node_modules/@graphql-tools/delegate/node_modules/@graphql-tools/utils/typings/transformInputValue.d.ts'. ========
Resolution for module './types.js' was found in cache from location 'd:/DOPAMS/Toystack/dopams-backend-staging/node_modules/@graphql-tools/delegate/node_modules/@graphql-tools/utils/typings'.
======== Module name './types.js' was successfully resolved to 'd:/DOPAMS/Toystack/dopams-backend-staging/node_modules/@graphql-tools/delegate/node_modules/@graphql-tools/utils/typings/types.d.ts' with Package ID '@graphql-tools/utils/typings/types.d.ts@8.9.0'. ========
File 'd:/DOPAMS/Toystack/dopams-backend-staging/node_modules/@graphql-tools/delegate/node_modules/@graphql-tools/utils/typings/package.json' does not exist according to earlier cached lookups.
File 'd:/DOPAMS/Toystack/dopams-backend-staging/node_modules/@graphql-tools/delegate/node_modules/@graphql-tools/utils/package.json' exists according to earlier cached lookups.
File 'd:/DOPAMS/Toystack/dopams-backend-staging/node_modules/@graphql-tools/delegate/node_modules/@graphql-tools/utils/typings/package.json' does not exist according to earlier cached lookups.
File 'd:/DOPAMS/Toystack/dopams-backend-staging/node_modules/@graphql-tools/delegate/node_modules/@graphql-tools/utils/package.json' exists according to earlier cached lookups.
======== Resolving module 'graphql' from 'd:/DOPAMS/Toystack/dopams-backend-staging/node_modules/@graphql-tools/delegate/node_modules/@graphql-tools/utils/typings/updateArgument.d.ts'. ========
Resolution for module 'graphql' was found in cache from location 'd:/DOPAMS/Toystack/dopams-backend-staging/node_modules/@graphql-tools/delegate/node_modules/@graphql-tools/utils/typings'.
======== Module name 'graphql' was successfully resolved to 'd:/DOPAMS/Toystack/dopams-backend-staging/node_modules/graphql/index.d.ts' with Package ID 'graphql/index.d.ts@16.12.0'. ========
File 'd:/DOPAMS/Toystack/dopams-backend-staging/node_modules/@graphql-tools/delegate/node_modules/@graphql-tools/utils/typings/package.json' does not exist according to earlier cached lookups.
File 'd:/DOPAMS/Toystack/dopams-backend-staging/node_modules/@graphql-tools/delegate/node_modules/@graphql-tools/utils/package.json' exists according to earlier cached lookups.
======== Resolving module 'graphql' from 'd:/DOPAMS/Toystack/dopams-backend-staging/node_modules/@graphql-tools/delegate/node_modules/@graphql-tools/utils/typings/implementsAbstractType.d.ts'. ========
Resolution for module 'graphql' was found in cache from location 'd:/DOPAMS/Toystack/dopams-backend-staging/node_modules/@graphql-tools/delegate/node_modules/@graphql-tools/utils/typings'.
======== Module name 'graphql' was successfully resolved to 'd:/DOPAMS/Toystack/dopams-backend-staging/node_modules/graphql/index.d.ts' with Package ID 'graphql/index.d.ts@16.12.0'. ========
======== Resolving module './types.js' from 'd:/DOPAMS/Toystack/dopams-backend-staging/node_modules/@graphql-tools/delegate/node_modules/@graphql-tools/utils/typings/implementsAbstractType.d.ts'. ========
Resolution for module './types.js' was found in cache from location 'd:/DOPAMS/Toystack/dopams-backend-staging/node_modules/@graphql-tools/delegate/node_modules/@graphql-tools/utils/typings'.
======== Module name './types.js' was successfully resolved to 'd:/DOPAMS/Toystack/dopams-backend-staging/node_modules/@graphql-tools/delegate/node_modules/@graphql-tools/utils/typings/types.d.ts' with Package ID '@graphql-tools/utils/typings/types.d.ts@8.9.0'. ========
File 'd:/DOPAMS/Toystack/dopams-backend-staging/node_modules/@graphql-tools/delegate/node_modules/@graphql-tools/utils/typings/package.json' does not exist according to earlier cached lookups.
File 'd:/DOPAMS/Toystack/dopams-backend-staging/node_modules/@graphql-tools/delegate/node_modules/@graphql-tools/utils/package.json' exists according to earlier cached lookups.
======== Resolving module 'graphql' from 'd:/DOPAMS/Toystack/dopams-backend-staging/node_modules/@graphql-tools/delegate/node_modules/@graphql-tools/utils/typings/errors.d.ts'. ========
Resolution for module 'graphql' was found in cache from location 'd:/DOPAMS/Toystack/dopams-backend-staging/node_modules/@graphql-tools/delegate/node_modules/@graphql-tools/utils/typings'.
======== Module name 'graphql' was successfully resolved to 'd:/DOPAMS/Toystack/dopams-backend-staging/node_modules/graphql/index.d.ts' with Package ID 'graphql/index.d.ts@16.12.0'. ========
======== Resolving module './types.js' from 'd:/DOPAMS/Toystack/dopams-backend-staging/node_modules/@graphql-tools/delegate/node_modules/@graphql-tools/utils/typings/errors.d.ts'. ========
Resolution for module './types.js' was found in cache from location 'd:/DOPAMS/Toystack/dopams-backend-staging/node_modules/@graphql-tools/delegate/node_modules/@graphql-tools/utils/typings'.
======== Module name './types.js' was successfully resolved to 'd:/DOPAMS/Toystack/dopams-backend-staging/node_modules/@graphql-tools/delegate/node_modules/@graphql-tools/utils/typings/types.d.ts' with Package ID '@graphql-tools/utils/typings/types.d.ts@8.9.0'. ========
File 'd:/DOPAMS/Toystack/dopams-backend-staging/node_modules/@graphql-tools/delegate/node_modules/@graphql-tools/utils/typings/package.json' does not exist according to earlier cached lookups.
File 'd:/DOPAMS/Toystack/dopams-backend-staging/node_modules/@graphql-tools/delegate/node_modules/@graphql-tools/utils/package.json' exists according to earlier cached lookups.
File 'd:/DOPAMS/Toystack/dopams-backend-staging/node_modules/@graphql-tools/delegate/node_modules/@graphql-tools/utils/typings/package.json' does not exist according to earlier cached lookups.
File 'd:/DOPAMS/Toystack/dopams-backend-staging/node_modules/@graphql-tools/delegate/node_modules/@graphql-tools/utils/package.json' exists according to earlier cached lookups.
======== Resolving module 'graphql' from 'd:/DOPAMS/Toystack/dopams-backend-staging/node_modules/@graphql-tools/delegate/node_modules/@graphql-tools/utils/typings/visitResult.d.ts'. ========
Resolution for module 'graphql' was found in cache from location 'd:/DOPAMS/Toystack/dopams-backend-staging/node_modules/@graphql-tools/delegate/node_modules/@graphql-tools/utils/typings'.
======== Module name 'graphql' was successfully resolved to 'd:/DOPAMS/Toystack/dopams-backend-staging/node_modules/graphql/index.d.ts' with Package ID 'graphql/index.d.ts@16.12.0'. ========
======== Resolving module './Interfaces.js' from 'd:/DOPAMS/Toystack/dopams-backend-staging/node_modules/@graphql-tools/delegate/node_modules/@graphql-tools/utils/typings/visitResult.d.ts'. ========
Resolution for module './Interfaces.js' was found in cache from location 'd:/DOPAMS/Toystack/dopams-backend-staging/node_modules/@graphql-tools/delegate/node_modules/@graphql-tools/utils/typings'.
======== Module name './Interfaces.js' was successfully resolved to 'd:/DOPAMS/Toystack/dopams-backend-staging/node_modules/@graphql-tools/delegate/node_modules/@graphql-tools/utils/typings/Interfaces.d.ts' with Package ID '@graphql-tools/utils/typings/Interfaces.d.ts@8.9.0'. ========
File 'd:/DOPAMS/Toystack/dopams-backend-staging/node_modules/@graphql-tools/delegate/node_modules/@graphql-tools/utils/typings/package.json' does not exist according to earlier cached lookups.
File 'd:/DOPAMS/Toystack/dopams-backend-staging/node_modules/@graphql-tools/delegate/node_modules/@graphql-tools/utils/package.json' exists according to earlier cached lookups.
======== Resolving module 'graphql' from 'd:/DOPAMS/Toystack/dopams-backend-staging/node_modules/@graphql-tools/delegate/node_modules/@graphql-tools/utils/typings/getArgumentValues.d.ts'. ========
Resolution for module 'graphql' was found in cache from location 'd:/DOPAMS/Toystack/dopams-backend-staging/node_modules/@graphql-tools/delegate/node_modules/@graphql-tools/utils/typings'.
======== Module name 'graphql' was successfully resolved to 'd:/DOPAMS/Toystack/dopams-backend-staging/node_modules/graphql/index.d.ts' with Package ID 'graphql/index.d.ts@16.12.0'. ========
File 'd:/DOPAMS/Toystack/dopams-backend-staging/node_modules/@graphql-tools/delegate/node_modules/@graphql-tools/utils/typings/package.json' does not exist according to earlier cached lookups.
File 'd:/DOPAMS/Toystack/dopams-backend-staging/node_modules/@graphql-tools/delegate/node_modules/@graphql-tools/utils/package.json' exists according to earlier cached lookups.
File 'd:/DOPAMS/Toystack/dopams-backend-staging/node_modules/@graphql-tools/delegate/node_modules/@graphql-tools/utils/typings/package.json' does not exist according to earlier cached lookups.
File 'd:/DOPAMS/Toystack/dopams-backend-staging/node_modules/@graphql-tools/delegate/node_modules/@graphql-tools/utils/package.json' exists according to earlier cached lookups.
File 'd:/DOPAMS/Toystack/dopams-backend-staging/node_modules/@graphql-tools/delegate/node_modules/@graphql-tools/utils/typings/package.json' does not exist according to earlier cached lookups.
File 'd:/DOPAMS/Toystack/dopams-backend-staging/node_modules/@graphql-tools/delegate/node_modules/@graphql-tools/utils/package.json' exists according to earlier cached lookups.
======== Resolving module 'graphql' from 'd:/DOPAMS/Toystack/dopams-backend-staging/node_modules/@graphql-tools/delegate/node_modules/@graphql-tools/utils/typings/isDocumentNode.d.ts'. ========
Resolution for module 'graphql' was found in cache from location 'd:/DOPAMS/Toystack/dopams-backend-staging/node_modules/@graphql-tools/delegate/node_modules/@graphql-tools/utils/typings'.
======== Module name 'graphql' was successfully resolved to 'd:/DOPAMS/Toystack/dopams-backend-staging/node_modules/graphql/index.d.ts' with Package ID 'graphql/index.d.ts@16.12.0'. ========
File 'd:/DOPAMS/Toystack/dopams-backend-staging/node_modules/@graphql-tools/delegate/node_modules/@graphql-tools/utils/typings/package.json' does not exist according to earlier cached lookups.
File 'd:/DOPAMS/Toystack/dopams-backend-staging/node_modules/@graphql-tools/delegate/node_modules/@graphql-tools/utils/package.json' exists according to earlier cached lookups.
======== Resolving module 'graphql' from 'd:/DOPAMS/Toystack/dopams-backend-staging/node_modules/@graphql-tools/delegate/node_modules/@graphql-tools/utils/typings/astFromValueUntyped.d.ts'. ========
Resolution for module 'graphql' was found in cache from location 'd:/DOPAMS/Toystack/dopams-backend-staging/node_modules/@graphql-tools/delegate/node_modules/@graphql-tools/utils/typings'.
======== Module name 'graphql' was successfully resolved to 'd:/DOPAMS/Toystack/dopams-backend-staging/node_modules/graphql/index.d.ts' with Package ID 'graphql/index.d.ts@16.12.0'. ========
File 'd:/DOPAMS/Toystack/dopams-backend-staging/node_modules/@graphql-tools/delegate/node_modules/@graphql-tools/utils/typings/package.json' does not exist according to earlier cached lookups.
File 'd:/DOPAMS/Toystack/dopams-backend-staging/node_modules/@graphql-tools/delegate/node_modules/@graphql-tools/utils/package.json' exists according to earlier cached lookups.
======== Resolving module './Interfaces.js' from 'd:/DOPAMS/Toystack/dopams-backend-staging/node_modules/@graphql-tools/delegate/node_modules/@graphql-tools/utils/typings/executor.d.ts'. ========
Resolution for module './Interfaces.js' was found in cache from location 'd:/DOPAMS/Toystack/dopams-backend-staging/node_modules/@graphql-tools/delegate/node_modules/@graphql-tools/utils/typings'.
======== Module name './Interfaces.js' was successfully resolved to 'd:/DOPAMS/Toystack/dopams-backend-staging/node_modules/@graphql-tools/delegate/node_modules/@graphql-tools/utils/typings/Interfaces.d.ts' with Package ID '@graphql-tools/utils/typings/Interfaces.d.ts@8.9.0'. ========
File 'd:/DOPAMS/Toystack/dopams-backend-staging/node_modules/@graphql-tools/delegate/node_modules/@graphql-tools/utils/typings/package.json' does not exist according to earlier cached lookups.
File 'd:/DOPAMS/Toystack/dopams-backend-staging/node_modules/@graphql-tools/delegate/node_modules/@graphql-tools/utils/package.json' exists according to earlier cached lookups.
File 'd:/DOPAMS/Toystack/dopams-backend-staging/node_modules/@graphql-tools/delegate/node_modules/@graphql-tools/utils/typings/package.json' does not exist according to earlier cached lookups.
File 'd:/DOPAMS/Toystack/dopams-backend-staging/node_modules/@graphql-tools/delegate/node_modules/@graphql-tools/utils/package.json' exists according to earlier cached lookups.
File 'd:/DOPAMS/Toystack/dopams-backend-staging/node_modules/@graphql-tools/delegate/node_modules/@graphql-tools/utils/typings/package.json' does not exist according to earlier cached lookups.
File 'd:/DOPAMS/Toystack/dopams-backend-staging/node_modules/@graphql-tools/delegate/node_modules/@graphql-tools/utils/package.json' exists according to earlier cached lookups.
======== Resolving module 'graphql' from 'd:/DOPAMS/Toystack/dopams-backend-staging/node_modules/@graphql-tools/delegate/node_modules/@graphql-tools/utils/typings/rootTypes.d.ts'. ========
Resolution for module 'graphql' was found in cache from location 'd:/DOPAMS/Toystack/dopams-backend-staging/node_modules/@graphql-tools/delegate/node_modules/@graphql-tools/utils/typings'.
======== Module name 'graphql' was successfully resolved to 'd:/DOPAMS/Toystack/dopams-backend-staging/node_modules/graphql/index.d.ts' with Package ID 'graphql/index.d.ts@16.12.0'. ========
File 'd:/DOPAMS/Toystack/dopams-backend-staging/node_modules/@graphql-tools/delegate/node_modules/@graphql-tools/utils/typings/package.json' does not exist according to earlier cached lookups.
File 'd:/DOPAMS/Toystack/dopams-backend-staging/node_modules/@graphql-tools/delegate/node_modules/@graphql-tools/utils/package.json' exists according to earlier cached lookups.
======== Resolving module 'graphql' from 'd:/DOPAMS/Toystack/dopams-backend-staging/node_modules/@graphql-tools/delegate/node_modules/@graphql-tools/utils/typings/comments.d.ts'. ========
Resolution for module 'graphql' was found in cache from location 'd:/DOPAMS/Toystack/dopams-backend-staging/node_modules/@graphql-tools/delegate/node_modules/@graphql-tools/utils/typings'.
======== Module name 'graphql' was successfully resolved to 'd:/DOPAMS/Toystack/dopams-backend-staging/node_modules/graphql/index.d.ts' with Package ID 'graphql/index.d.ts@16.12.0'. ========
File 'd:/DOPAMS/Toystack/dopams-backend-staging/node_modules/@graphql-tools/delegate/node_modules/@graphql-tools/utils/typings/package.json' does not exist according to earlier cached lookups.
File 'd:/DOPAMS/Toystack/dopams-backend-staging/node_modules/@graphql-tools/delegate/node_modules/@graphql-tools/utils/package.json' exists according to earlier cached lookups.
======== Resolving module 'graphql' from 'd:/DOPAMS/Toystack/dopams-backend-staging/node_modules/@graphql-tools/delegate/node_modules/@graphql-tools/utils/typings/collectFields.d.ts'. ========
Resolution for module 'graphql' was found in cache from location 'd:/DOPAMS/Toystack/dopams-backend-staging/node_modules/@graphql-tools/delegate/node_modules/@graphql-tools/utils/typings'.
======== Module name 'graphql' was successfully resolved to 'd:/DOPAMS/Toystack/dopams-backend-staging/node_modules/graphql/index.d.ts' with Package ID 'graphql/index.d.ts@16.12.0'. ========
File 'd:/DOPAMS/Toystack/dopams-backend-staging/node_modules/@graphql-tools/delegate/node_modules/@graphql-tools/utils/typings/package.json' does not exist according to earlier cached lookups.
File 'd:/DOPAMS/Toystack/dopams-backend-staging/node_modules/@graphql-tools/delegate/node_modules/@graphql-tools/utils/package.json' exists according to earlier cached lookups.
File 'd:/DOPAMS/Toystack/dopams-backend-staging/node_modules/@graphql-tools/delegate/node_modules/@graphql-tools/utils/typings/package.json' does not exist according to earlier cached lookups.
File 'd:/DOPAMS/Toystack/dopams-backend-staging/node_modules/@graphql-tools/delegate/node_modules/@graphql-tools/utils/package.json' exists according to earlier cached lookups.
File 'd:/DOPAMS/Toystack/dopams-backend-staging/node_modules/@graphql-tools/delegate/node_modules/@graphql-tools/utils/typings/package.json' does not exist according to earlier cached lookups.
File 'd:/DOPAMS/Toystack/dopams-backend-staging/node_modules/@graphql-tools/delegate/node_modules/@graphql-tools/utils/package.json' exists according to earlier cached lookups.
======== Resolving module 'graphql' from 'd:/DOPAMS/Toystack/dopams-backend-staging/node_modules/@graphql-tools/delegate/node_modules/@graphql-tools/utils/typings/fixSchemaAst.d.ts'. ========
Resolution for module 'graphql' was found in cache from location 'd:/DOPAMS/Toystack/dopams-backend-staging/node_modules/@graphql-tools/delegate/node_modules/@graphql-tools/utils/typings'.
======== Module name 'graphql' was successfully resolved to 'd:/DOPAMS/Toystack/dopams-backend-staging/node_modules/graphql/index.d.ts' with Package ID 'graphql/index.d.ts@16.12.0'. ========
======== Resolving module './types.js' from 'd:/DOPAMS/Toystack/dopams-backend-staging/node_modules/@graphql-tools/delegate/node_modules/@graphql-tools/utils/typings/fixSchemaAst.d.ts'. ========
Resolution for module './types.js' was found in cache from location 'd:/DOPAMS/Toystack/dopams-backend-staging/node_modules/@graphql-tools/delegate/node_modules/@graphql-tools/utils/typings'.
======== Module name './types.js' was successfully resolved to 'd:/DOPAMS/Toystack/dopams-backend-staging/node_modules/@graphql-tools/delegate/node_modules/@graphql-tools/utils/typings/types.d.ts' with Package ID '@graphql-tools/utils/typings/types.d.ts@8.9.0'. ========
File 'd:/DOPAMS/Toystack/dopams-backend-staging/node_modules/@graphql-tools/delegate/node_modules/@graphql-tools/utils/typings/package.json' does not exist according to earlier cached lookups.
File 'd:/DOPAMS/Toystack/dopams-backend-staging/node_modules/@graphql-tools/delegate/node_modules/@graphql-tools/utils/package.json' exists according to earlier cached lookups.
======== Resolving module 'graphql' from 'd:/DOPAMS/Toystack/dopams-backend-staging/node_modules/@graphql-tools/delegate/node_modules/@graphql-tools/utils/typings/getOperationASTFromRequest.d.ts'. ========
Resolution for module 'graphql' was found in cache from location 'd:/DOPAMS/Toystack/dopams-backend-staging/node_modules/@graphql-tools/delegate/node_modules/@graphql-tools/utils/typings'.
======== Module name 'graphql' was successfully resolved to 'd:/DOPAMS/Toystack/dopams-backend-staging/node_modules/graphql/index.d.ts' with Package ID 'graphql/index.d.ts@16.12.0'. ========
======== Resolving module './Interfaces.js' from 'd:/DOPAMS/Toystack/dopams-backend-staging/node_modules/@graphql-tools/delegate/node_modules/@graphql-tools/utils/typings/getOperationASTFromRequest.d.ts'. ========
Resolution for module './Interfaces.js' was found in cache from location 'd:/DOPAMS/Toystack/dopams-backend-staging/node_modules/@graphql-tools/delegate/node_modules/@graphql-tools/utils/typings'.
======== Module name './Interfaces.js' was successfully resolved to 'd:/DOPAMS/Toystack/dopams-backend-staging/node_modules/@graphql-tools/delegate/node_modules/@graphql-tools/utils/typings/Interfaces.d.ts' with Package ID '@graphql-tools/utils/typings/Interfaces.d.ts@8.9.0'. ========
File 'd:/DOPAMS/Toystack/dopams-backend-staging/node_modules/@graphql-tools/delegate/typings/package.json' does not exist according to earlier cached lookups.
File 'd:/DOPAMS/Toystack/dopams-backend-staging/node_modules/@graphql-tools/delegate/package.json' exists according to earlier cached lookups.
File 'd:/DOPAMS/Toystack/dopams-backend-staging/node_modules/@graphql-tools/delegate/typings/package.json' does not exist according to earlier cached lookups.
File 'd:/DOPAMS/Toystack/dopams-backend-staging/node_modules/@graphql-tools/delegate/package.json' exists according to earlier cached lookups.
======== Resolving module '@graphql-tools/utils' from 'd:/DOPAMS/Toystack/dopams-backend-staging/node_modules/@graphql-tools/delegate/typings/Transformer.d.ts'. ========
Resolution for module '@graphql-tools/utils' was found in cache from location 'd:/DOPAMS/Toystack/dopams-backend-staging/node_modules/@graphql-tools/delegate/typings'.
======== Module name '@graphql-tools/utils' was successfully resolved to 'd:/DOPAMS/Toystack/dopams-backend-staging/node_modules/@graphql-tools/delegate/node_modules/@graphql-tools/utils/typings/index.d.ts' with Package ID '@graphql-tools/utils/typings/index.d.ts@8.9.0'. ========
======== Resolving module './types.js' from 'd:/DOPAMS/Toystack/dopams-backend-staging/node_modules/@graphql-tools/delegate/typings/Transformer.d.ts'. ========
Resolution for module './types.js' was found in cache from location 'd:/DOPAMS/Toystack/dopams-backend-staging/node_modules/@graphql-tools/delegate/typings'.
======== Module name './types.js' was successfully resolved to 'd:/DOPAMS/Toystack/dopams-backend-staging/node_modules/@graphql-tools/delegate/typings/types.d.ts' with Package ID '@graphql-tools/delegate/typings/types.d.ts@8.8.1+graphql@16.12.0'. ========
File 'd:/DOPAMS/Toystack/dopams-backend-staging/node_modules/@graphql-tools/delegate/typings/package.json' does not exist according to earlier cached lookups.
File 'd:/DOPAMS/Toystack/dopams-backend-staging/node_modules/@graphql-tools/delegate/package.json' exists according to earlier cached lookups.
======== Resolving module 'graphql' from 'd:/DOPAMS/Toystack/dopams-backend-staging/node_modules/@graphql-tools/delegate/typings/applySchemaTransforms.d.ts'. ========
Resolution for module 'graphql' was found in cache from location 'd:/DOPAMS/Toystack/dopams-backend-staging/node_modules/@graphql-tools/delegate/typings'.
======== Module name 'graphql' was successfully resolved to 'd:/DOPAMS/Toystack/dopams-backend-staging/node_modules/graphql/index.d.ts' with Package ID 'graphql/index.d.ts@16.12.0'. ========
======== Resolving module './types.js' from 'd:/DOPAMS/Toystack/dopams-backend-staging/node_modules/@graphql-tools/delegate/typings/applySchemaTransforms.d.ts'. ========
Resolution for module './types.js' was found in cache from location 'd:/DOPAMS/Toystack/dopams-backend-staging/node_modules/@graphql-tools/delegate/typings'.
======== Module name './types.js' was successfully resolved to 'd:/DOPAMS/Toystack/dopams-backend-staging/node_modules/@graphql-tools/delegate/typings/types.d.ts' with Package ID '@graphql-tools/delegate/typings/types.d.ts@8.8.1+graphql@16.12.0'. ========
File 'd:/DOPAMS/Toystack/dopams-backend-staging/node_modules/@graphql-tools/delegate/typings/package.json' does not exist according to earlier cached lookups.
File 'd:/DOPAMS/Toystack/dopams-backend-staging/node_modules/@graphql-tools/delegate/package.json' exists according to earlier cached lookups.
======== Resolving module 'graphql' from 'd:/DOPAMS/Toystack/dopams-backend-staging/node_modules/@graphql-tools/delegate/typings/createRequest.d.ts'. ========
Resolution for module 'graphql' was found in cache from location 'd:/DOPAMS/Toystack/dopams-backend-staging/node_modules/@graphql-tools/delegate/typings'.
======== Module name 'graphql' was successfully resolved to 'd:/DOPAMS/Toystack/dopams-backend-staging/node_modules/graphql/index.d.ts' with Package ID 'graphql/index.d.ts@16.12.0'. ========
======== Resolving module '@graphql-tools/utils' from 'd:/DOPAMS/Toystack/dopams-backend-staging/node_modules/@graphql-tools/delegate/typings/createRequest.d.ts'. ========
Resolution for module '@graphql-tools/utils' was found in cache from location 'd:/DOPAMS/Toystack/dopams-backend-staging/node_modules/@graphql-tools/delegate/typings'.
======== Module name '@graphql-tools/utils' was successfully resolved to 'd:/DOPAMS/Toystack/dopams-backend-staging/node_modules/@graphql-tools/delegate/node_modules/@graphql-tools/utils/typings/index.d.ts' with Package ID '@graphql-tools/utils/typings/index.d.ts@8.9.0'. ========
======== Resolving module './types.js' from 'd:/DOPAMS/Toystack/dopams-backend-staging/node_modules/@graphql-tools/delegate/typings/createRequest.d.ts'. ========
Resolution for module './types.js' was found in cache from location 'd:/DOPAMS/Toystack/dopams-backend-staging/node_modules/@graphql-tools/delegate/typings'.
======== Module name './types.js' was successfully resolved to 'd:/DOPAMS/Toystack/dopams-backend-staging/node_modules/@graphql-tools/delegate/typings/types.d.ts' with Package ID '@graphql-tools/delegate/typings/types.d.ts@8.8.1+graphql@16.12.0'. ========
File 'd:/DOPAMS/Toystack/dopams-backend-staging/node_modules/@graphql-tools/delegate/typings/package.json' does not exist according to earlier cached lookups.
File 'd:/DOPAMS/Toystack/dopams-backend-staging/node_modules/@graphql-tools/delegate/package.json' exists according to earlier cached lookups.
======== Resolving module 'graphql' from 'd:/DOPAMS/Toystack/dopams-backend-staging/node_modules/@graphql-tools/delegate/typings/defaultMergedResolver.d.ts'. ========
Resolution for module 'graphql' was found in cache from location 'd:/DOPAMS/Toystack/dopams-backend-staging/node_modules/@graphql-tools/delegate/typings'.
======== Module name 'graphql' was successfully resolved to 'd:/DOPAMS/Toystack/dopams-backend-staging/node_modules/graphql/index.d.ts' with Package ID 'graphql/index.d.ts@16.12.0'. ========
======== Resolving module './types.js' from 'd:/DOPAMS/Toystack/dopams-backend-staging/node_modules/@graphql-tools/delegate/typings/defaultMergedResolver.d.ts'. ========
Resolution for module './types.js' was found in cache from location 'd:/DOPAMS/Toystack/dopams-backend-staging/node_modules/@graphql-tools/delegate/typings'.
======== Module name './types.js' was successfully resolved to 'd:/DOPAMS/Toystack/dopams-backend-staging/node_modules/@graphql-tools/delegate/typings/types.d.ts' with Package ID '@graphql-tools/delegate/typings/types.d.ts@8.8.1+graphql@16.12.0'. ========
File 'd:/DOPAMS/Toystack/dopams-backend-staging/node_modules/@graphql-tools/delegate/typings/package.json' does not exist according to earlier cached lookups.
File 'd:/DOPAMS/Toystack/dopams-backend-staging/node_modules/@graphql-tools/delegate/package.json' exists according to earlier cached lookups.
======== Resolving module 'graphql' from 'd:/DOPAMS/Toystack/dopams-backend-staging/node_modules/@graphql-tools/delegate/typings/delegateToSchema.d.ts'. ========
Resolution for module 'graphql' was found in cache from location 'd:/DOPAMS/Toystack/dopams-backend-staging/node_modules/@graphql-tools/delegate/typings'.
======== Module name 'graphql' was successfully resolved to 'd:/DOPAMS/Toystack/dopams-backend-staging/node_modules/graphql/index.d.ts' with Package ID 'graphql/index.d.ts@16.12.0'. ========
======== Resolving module '@graphql-tools/utils' from 'd:/DOPAMS/Toystack/dopams-backend-staging/node_modules/@graphql-tools/delegate/typings/delegateToSchema.d.ts'. ========
Resolution for module '@graphql-tools/utils' was found in cache from location 'd:/DOPAMS/Toystack/dopams-backend-staging/node_modules/@graphql-tools/delegate/typings'.
======== Module name '@graphql-tools/utils' was successfully resolved to 'd:/DOPAMS/Toystack/dopams-backend-staging/node_modules/@graphql-tools/delegate/node_modules/@graphql-tools/utils/typings/index.d.ts' with Package ID '@graphql-tools/utils/typings/index.d.ts@8.9.0'. ========
======== Resolving module './types.js' from 'd:/DOPAMS/Toystack/dopams-backend-staging/node_modules/@graphql-tools/delegate/typings/delegateToSchema.d.ts'. ========
Resolution for module './types.js' was found in cache from location 'd:/DOPAMS/Toystack/dopams-backend-staging/node_modules/@graphql-tools/delegate/typings'.
======== Module name './types.js' was successfully resolved to 'd:/DOPAMS/Toystack/dopams-backend-staging/node_modules/@graphql-tools/delegate/typings/types.d.ts' with Package ID '@graphql-tools/delegate/typings/types.d.ts@8.8.1+graphql@16.12.0'. ========
File 'd:/DOPAMS/Toystack/dopams-backend-staging/node_modules/@graphql-tools/delegate/typings/package.json' does not exist according to earlier cached lookups.
File 'd:/DOPAMS/Toystack/dopams-backend-staging/node_modules/@graphql-tools/delegate/package.json' exists according to earlier cached lookups.
======== Resolving module 'graphql' from 'd:/DOPAMS/Toystack/dopams-backend-staging/node_modules/@graphql-tools/delegate/typings/mergeFields.d.ts'. ========
Resolution for module 'graphql' was found in cache from location 'd:/DOPAMS/Toystack/dopams-backend-staging/node_modules/@graphql-tools/delegate/typings'.
======== Module name 'graphql' was successfully resolved to 'd:/DOPAMS/Toystack/dopams-backend-staging/node_modules/graphql/index.d.ts' with Package ID 'graphql/index.d.ts@16.12.0'. ========
======== Resolving module './types.js' from 'd:/DOPAMS/Toystack/dopams-backend-staging/node_modules/@graphql-tools/delegate/typings/mergeFields.d.ts'. ========
Resolution for module './types.js' was found in cache from location 'd:/DOPAMS/Toystack/dopams-backend-staging/node_modules/@graphql-tools/delegate/typings'.
======== Module name './types.js' was successfully resolved to 'd:/DOPAMS/Toystack/dopams-backend-staging/node_modules/@graphql-tools/delegate/typings/types.d.ts' with Package ID '@graphql-tools/delegate/typings/types.d.ts@8.8.1+graphql@16.12.0'. ========
======== Resolving module './Subschema.js' from 'd:/DOPAMS/Toystack/dopams-backend-staging/node_modules/@graphql-tools/delegate/typings/mergeFields.d.ts'. ========
Resolution for module './Subschema.js' was found in cache from location 'd:/DOPAMS/Toystack/dopams-backend-staging/node_modules/@graphql-tools/delegate/typings'.
======== Module name './Subschema.js' was successfully resolved to 'd:/DOPAMS/Toystack/dopams-backend-staging/node_modules/@graphql-tools/delegate/typings/Subschema.d.ts' with Package ID '@graphql-tools/delegate/typings/Subschema.d.ts@8.8.1+graphql@16.12.0'. ========
File 'd:/DOPAMS/Toystack/dopams-backend-staging/node_modules/@graphql-tools/delegate/typings/package.json' does not exist according to earlier cached lookups.
File 'd:/DOPAMS/Toystack/dopams-backend-staging/node_modules/@graphql-tools/delegate/package.json' exists according to earlier cached lookups.
======== Resolving module 'graphql' from 'd:/DOPAMS/Toystack/dopams-backend-staging/node_modules/@graphql-tools/delegate/typings/resolveExternalValue.d.ts'. ========
Resolution for module 'graphql' was found in cache from location 'd:/DOPAMS/Toystack/dopams-backend-staging/node_modules/@graphql-tools/delegate/typings'.
======== Module name 'graphql' was successfully resolved to 'd:/DOPAMS/Toystack/dopams-backend-staging/node_modules/graphql/index.d.ts' with Package ID 'graphql/index.d.ts@16.12.0'. ========
======== Resolving module './types.js' from 'd:/DOPAMS/Toystack/dopams-backend-staging/node_modules/@graphql-tools/delegate/typings/resolveExternalValue.d.ts'. ========
Resolution for module './types.js' was found in cache from location 'd:/DOPAMS/Toystack/dopams-backend-staging/node_modules/@graphql-tools/delegate/typings'.
======== Module name './types.js' was successfully resolved to 'd:/DOPAMS/Toystack/dopams-backend-staging/node_modules/@graphql-tools/delegate/typings/types.d.ts' with Package ID '@graphql-tools/delegate/typings/types.d.ts@8.8.1+graphql@16.12.0'. ========
File 'd:/DOPAMS/Toystack/dopams-backend-staging/node_modules/@graphql-tools/delegate/typings/package.json' does not exist according to earlier cached lookups.
File 'd:/DOPAMS/Toystack/dopams-backend-staging/node_modules/@graphql-tools/delegate/package.json' exists according to earlier cached lookups.
======== Resolving module './types.js' from 'd:/DOPAMS/Toystack/dopams-backend-staging/node_modules/@graphql-tools/delegate/typings/subschemaConfig.d.ts'. ========
Resolution for module './types.js' was found in cache from location 'd:/DOPAMS/Toystack/dopams-backend-staging/node_modules/@graphql-tools/delegate/typings'.
======== Module name './types.js' was successfully resolved to 'd:/DOPAMS/Toystack/dopams-backend-staging/node_modules/@graphql-tools/delegate/typings/types.d.ts' with Package ID '@graphql-tools/delegate/typings/types.d.ts@8.8.1+graphql@16.12.0'. ========
File 'd:/DOPAMS/Toystack/dopams-backend-staging/node_modules/graphql-middleware/dist/package.json' exists according to earlier cached lookups.
======== Resolving module 'graphql' from 'd:/DOPAMS/Toystack/dopams-backend-staging/node_modules/graphql-middleware/dist/middleware.d.ts'. ========
Resolution for module 'graphql' was found in cache from location 'd:/DOPAMS/Toystack/dopams-backend-staging/node_modules/graphql-middleware/dist'.
======== Module name 'graphql' was successfully resolved to 'd:/DOPAMS/Toystack/dopams-backend-staging/node_modules/graphql/index.d.ts' with Package ID 'graphql/index.d.ts@16.12.0'. ========
======== Resolving module './types' from 'd:/DOPAMS/Toystack/dopams-backend-staging/node_modules/graphql-middleware/dist/middleware.d.ts'. ========
Resolution for module './types' was found in cache from location 'd:/DOPAMS/Toystack/dopams-backend-staging/node_modules/graphql-middleware/dist'.
======== Module name './types' was successfully resolved to 'd:/DOPAMS/Toystack/dopams-backend-staging/node_modules/graphql-middleware/dist/types.d.ts' with Package ID 'graphql-middleware/dist/types.d.ts@6.1.35+graphql@16.12.0'. ========
File 'd:/DOPAMS/Toystack/dopams-backend-staging/node_modules/graphql-middleware/dist/package.json' exists according to earlier cached lookups.
======== Resolving module './types' from 'd:/DOPAMS/Toystack/dopams-backend-staging/node_modules/graphql-middleware/dist/constructors.d.ts'. ========
Resolution for module './types' was found in cache from location 'd:/DOPAMS/Toystack/dopams-backend-staging/node_modules/graphql-middleware/dist'.
======== Module name './types' was successfully resolved to 'd:/DOPAMS/Toystack/dopams-backend-staging/node_modules/graphql-middleware/dist/types.d.ts' with Package ID 'graphql-middleware/dist/types.d.ts@6.1.35+graphql@16.12.0'. ========
File 'd:/DOPAMS/Toystack/dopams-backend-staging/node_modules/graphql-middleware/dist/package.json' exists according to earlier cached lookups.
======== Resolving module 'graphql' from 'd:/DOPAMS/Toystack/dopams-backend-staging/node_modules/graphql-middleware/dist/validation.d.ts'. ========
Resolution for module 'graphql' was found in cache from location 'd:/DOPAMS/Toystack/dopams-backend-staging/node_modules/graphql-middleware/dist'.
======== Module name 'graphql' was successfully resolved to 'd:/DOPAMS/Toystack/dopams-backend-staging/node_modules/graphql/index.d.ts' with Package ID 'graphql/index.d.ts@16.12.0'. ========
======== Resolving module './types' from 'd:/DOPAMS/Toystack/dopams-backend-staging/node_modules/graphql-middleware/dist/validation.d.ts'. ========
Resolution for module './types' was found in cache from location 'd:/DOPAMS/Toystack/dopams-backend-staging/node_modules/graphql-middleware/dist'.
======== Module name './types' was successfully resolved to 'd:/DOPAMS/Toystack/dopams-backend-staging/node_modules/graphql-middleware/dist/types.d.ts' with Package ID 'graphql-middleware/dist/types.d.ts@6.1.35+graphql@16.12.0'. ========
File 'd:/DOPAMS/Toystack/dopams-backend-staging/node_modules/graphql-shield/typings/package.json' does not exist according to earlier cached lookups.
File 'd:/DOPAMS/Toystack/dopams-backend-staging/node_modules/graphql-shield/package.json' exists according to earlier cached lookups.
======== Resolving module 'graphql-middleware' from 'd:/DOPAMS/Toystack/dopams-backend-staging/node_modules/graphql-shield/typings/shield.d.ts'. ========
Resolution for module 'graphql-middleware' was found in cache from location 'd:/DOPAMS/Toystack/dopams-backend-staging/node_modules/graphql-shield/typings'.
======== Module name 'graphql-middleware' was successfully resolved to 'd:/DOPAMS/Toystack/dopams-backend-staging/node_modules/graphql-middleware/dist/index.d.ts' with Package ID 'graphql-middleware/dist/index.d.ts@6.1.35+graphql@16.12.0'. ========
======== Resolving module './types.js' from 'd:/DOPAMS/Toystack/dopams-backend-staging/node_modules/graphql-shield/typings/shield.d.ts'. ========
Resolution for module './types.js' was found in cache from location 'd:/DOPAMS/Toystack/dopams-backend-staging/node_modules/graphql-shield/typings'.
======== Module name './types.js' was successfully resolved to 'd:/DOPAMS/Toystack/dopams-backend-staging/node_modules/graphql-shield/typings/types.d.ts' with Package ID 'graphql-shield/typings/types.d.ts@7.6.5+graphql@16.12.0+graphql-middleware@6.1.35'. ========
File 'd:/DOPAMS/Toystack/dopams-backend-staging/node_modules/graphql-shield/typings/package.json' does not exist according to earlier cached lookups.
File 'd:/DOPAMS/Toystack/dopams-backend-staging/node_modules/graphql-shield/package.json' exists according to earlier cached lookups.
======== Resolving module 'yup' from 'd:/DOPAMS/Toystack/dopams-backend-staging/node_modules/graphql-shield/typings/constructors.d.ts'. ========
Explicitly specified module resolution kind: 'Node10'.
'baseUrl' option is set to 'd:/DOPAMS/Toystack/dopams-backend-staging/src', using this value to resolve non-relative module name 'yup'.
'paths' option is specified, looking for a pattern to match module name 'yup'.
'baseUrl' option is set to 'd:/DOPAMS/Toystack/dopams-backend-staging/src', using this value to resolve non-relative module name 'yup'.
Resolving module name 'yup' relative to base url 'd:/DOPAMS/Toystack/dopams-backend-staging/src' - 'd:/DOPAMS/Toystack/dopams-backend-staging/src/yup'.
Loading module as file / folder, candidate module location 'd:/DOPAMS/Toystack/dopams-backend-staging/src/yup', target file types: TypeScript, Declaration.
File 'd:/DOPAMS/Toystack/dopams-backend-staging/src/yup.ts' does not exist.
File 'd:/DOPAMS/Toystack/dopams-backend-staging/src/yup.tsx' does not exist.
File 'd:/DOPAMS/Toystack/dopams-backend-staging/src/yup.d.ts' does not exist.
Directory 'd:/DOPAMS/Toystack/dopams-backend-staging/src/yup' does not exist, skipping all lookups in it.
Loading module 'yup' from 'node_modules' folder, target file types: TypeScript, Declaration.
Searching all ancestor node_modules directories for preferred extensions: TypeScript, Declaration.
Directory 'd:/DOPAMS/Toystack/dopams-backend-staging/node_modules/graphql-shield/typings/node_modules' does not exist, skipping all lookups in it.
Directory 'd:/DOPAMS/Toystack/dopams-backend-staging/node_modules/graphql-shield/node_modules' does not exist, skipping all lookups in it.
Found 'package.json' at 'd:/DOPAMS/Toystack/dopams-backend-staging/node_modules/yup/package.json'.
File 'd:/DOPAMS/Toystack/dopams-backend-staging/node_modules/yup.ts' does not exist.
File 'd:/DOPAMS/Toystack/dopams-backend-staging/node_modules/yup.tsx' does not exist.
File 'd:/DOPAMS/Toystack/dopams-backend-staging/node_modules/yup.d.ts' does not exist.
'package.json' does not have a 'typesVersions' field.
'package.json' does not have a 'typings' field.
'package.json' does not have a 'types' field.
'package.json' has 'main' field 'lib/index.js' that references 'd:/DOPAMS/Toystack/dopams-backend-staging/node_modules/yup/lib/index.js'.
File name 'd:/DOPAMS/Toystack/dopams-backend-staging/node_modules/yup/lib/index.js' has a '.js' extension - stripping it.
File 'd:/DOPAMS/Toystack/dopams-backend-staging/node_modules/yup/lib/index.ts' does not exist.
File 'd:/DOPAMS/Toystack/dopams-backend-staging/node_modules/yup/lib/index.tsx' does not exist.
File 'd:/DOPAMS/Toystack/dopams-backend-staging/node_modules/yup/lib/index.d.ts' exists - use it as a name resolution result.
'package.json' does not have a 'peerDependencies' field.
Resolving real path for 'd:/DOPAMS/Toystack/dopams-backend-staging/node_modules/yup/lib/index.d.ts', result 'D:/DOPAMS/Toystack/dopams-backend-staging/node_modules/yup/lib/index.d.ts'.
======== Module name 'yup' was successfully resolved to 'd:/DOPAMS/Toystack/dopams-backend-staging/node_modules/yup/lib/index.d.ts' with Package ID 'yup/lib/index.d.ts@0.32.11'. ========
======== Resolving module './types.js' from 'd:/DOPAMS/Toystack/dopams-backend-staging/node_modules/graphql-shield/typings/constructors.d.ts'. ========
Resolution for module './types.js' was found in cache from location 'd:/DOPAMS/Toystack/dopams-backend-staging/node_modules/graphql-shield/typings'.
======== Module name './types.js' was successfully resolved to 'd:/DOPAMS/Toystack/dopams-backend-staging/node_modules/graphql-shield/typings/types.d.ts' with Package ID 'graphql-shield/typings/types.d.ts@7.6.5+graphql@16.12.0+graphql-middleware@6.1.35'. ========
======== Resolving module './rules.js' from 'd:/DOPAMS/Toystack/dopams-backend-staging/node_modules/graphql-shield/typings/constructors.d.ts'. ========
Explicitly specified module resolution kind: 'Node10'.
Loading module as file / folder, candidate module location 'd:/DOPAMS/Toystack/dopams-backend-staging/node_modules/graphql-shield/typings/rules.js', target file types: TypeScript, Declaration.
File name 'd:/DOPAMS/Toystack/dopams-backend-staging/node_modules/graphql-shield/typings/rules.js' has a '.js' extension - stripping it.
File 'd:/DOPAMS/Toystack/dopams-backend-staging/node_modules/graphql-shield/typings/rules.ts' does not exist.
File 'd:/DOPAMS/Toystack/dopams-backend-staging/node_modules/graphql-shield/typings/rules.tsx' does not exist.
File 'd:/DOPAMS/Toystack/dopams-backend-staging/node_modules/graphql-shield/typings/rules.d.ts' exists - use it as a name resolution result.
File 'd:/DOPAMS/Toystack/dopams-backend-staging/node_modules/graphql-shield/package.json' exists according to earlier cached lookups.
======== Module name './rules.js' was successfully resolved to 'd:/DOPAMS/Toystack/dopams-backend-staging/node_modules/graphql-shield/typings/rules.d.ts' with Package ID 'graphql-shield/typings/rules.d.ts@7.6.5+graphql@16.12.0+graphql-middleware@6.1.35'. ========
======== Resolving module 'yup/lib/types.js' from 'd:/DOPAMS/Toystack/dopams-backend-staging/node_modules/graphql-shield/typings/constructors.d.ts'. ========
Explicitly specified module resolution kind: 'Node10'.
'baseUrl' option is set to 'd:/DOPAMS/Toystack/dopams-backend-staging/src', using this value to resolve non-relative module name 'yup/lib/types.js'.
'paths' option is specified, looking for a pattern to match module name 'yup/lib/types.js'.
'baseUrl' option is set to 'd:/DOPAMS/Toystack/dopams-backend-staging/src', using this value to resolve non-relative module name 'yup/lib/types.js'.
Resolving module name 'yup/lib/types.js' relative to base url 'd:/DOPAMS/Toystack/dopams-backend-staging/src' - 'd:/DOPAMS/Toystack/dopams-backend-staging/src/yup/lib/types.js'.
Loading module as file / folder, candidate module location 'd:/DOPAMS/Toystack/dopams-backend-staging/src/yup/lib/types.js', target file types: TypeScript, Declaration.
File name 'd:/DOPAMS/Toystack/dopams-backend-staging/src/yup/lib/types.js' has a '.js' extension - stripping it.
Loading module 'yup/lib/types.js' from 'node_modules' folder, target file types: TypeScript, Declaration.
Searching all ancestor node_modules directories for preferred extensions: TypeScript, Declaration.
Directory 'd:/DOPAMS/Toystack/dopams-backend-staging/node_modules/graphql-shield/typings/node_modules' does not exist, skipping all lookups in it.
File name 'd:/DOPAMS/Toystack/dopams-backend-staging/node_modules/graphql-shield/typings/node_modules/yup/lib/types.js' has a '.js' extension - stripping it.
File name 'd:/DOPAMS/Toystack/dopams-backend-staging/node_modules/graphql-shield/typings/node_modules/@types/yup/lib/types.js' has a '.js' extension - stripping it.
Directory 'd:/DOPAMS/Toystack/dopams-backend-staging/node_modules/graphql-shield/node_modules' does not exist, skipping all lookups in it.
File name 'd:/DOPAMS/Toystack/dopams-backend-staging/node_modules/graphql-shield/node_modules/yup/lib/types.js' has a '.js' extension - stripping it.
File name 'd:/DOPAMS/Toystack/dopams-backend-staging/node_modules/graphql-shield/node_modules/@types/yup/lib/types.js' has a '.js' extension - stripping it.
File 'd:/DOPAMS/Toystack/dopams-backend-staging/node_modules/yup/package.json' exists according to earlier cached lookups.
File name 'd:/DOPAMS/Toystack/dopams-backend-staging/node_modules/yup/lib/types.js' has a '.js' extension - stripping it.
File 'd:/DOPAMS/Toystack/dopams-backend-staging/node_modules/yup/lib/types.ts' does not exist.
File 'd:/DOPAMS/Toystack/dopams-backend-staging/node_modules/yup/lib/types.tsx' does not exist.
File 'd:/DOPAMS/Toystack/dopams-backend-staging/node_modules/yup/lib/types.d.ts' exists - use it as a name resolution result.
Resolving real path for 'd:/DOPAMS/Toystack/dopams-backend-staging/node_modules/yup/lib/types.d.ts', result 'D:/DOPAMS/Toystack/dopams-backend-staging/node_modules/yup/lib/types.d.ts'.
======== Module name 'yup/lib/types.js' was successfully resolved to 'd:/DOPAMS/Toystack/dopams-backend-staging/node_modules/yup/lib/types.d.ts' with Package ID 'yup/lib/types.d.ts@0.32.11'. ========
File 'd:/DOPAMS/Toystack/dopams-backend-staging/node_modules/yup/lib/package.json' does not exist.
File 'd:/DOPAMS/Toystack/dopams-backend-staging/node_modules/yup/package.json' exists according to earlier cached lookups.
======== Resolving module './mixed' from 'd:/DOPAMS/Toystack/dopams-backend-staging/node_modules/yup/lib/index.d.ts'. ========
Explicitly specified module resolution kind: 'Node10'.
Loading module as file / folder, candidate module location 'd:/DOPAMS/Toystack/dopams-backend-staging/node_modules/yup/lib/mixed', target file types: TypeScript, Declaration.
File 'd:/DOPAMS/Toystack/dopams-backend-staging/node_modules/yup/lib/mixed.ts' does not exist.
File 'd:/DOPAMS/Toystack/dopams-backend-staging/node_modules/yup/lib/mixed.tsx' does not exist.
File 'd:/DOPAMS/Toystack/dopams-backend-staging/node_modules/yup/lib/mixed.d.ts' exists - use it as a name resolution result.
File 'd:/DOPAMS/Toystack/dopams-backend-staging/node_modules/yup/package.json' exists according to earlier cached lookups.
======== Module name './mixed' was successfully resolved to 'd:/DOPAMS/Toystack/dopams-backend-staging/node_modules/yup/lib/mixed.d.ts' with Package ID 'yup/lib/mixed.d.ts@0.32.11'. ========
======== Resolving module './boolean' from 'd:/DOPAMS/Toystack/dopams-backend-staging/node_modules/yup/lib/index.d.ts'. ========
Explicitly specified module resolution kind: 'Node10'.
Loading module as file / folder, candidate module location 'd:/DOPAMS/Toystack/dopams-backend-staging/node_modules/yup/lib/boolean', target file types: TypeScript, Declaration.
File 'd:/DOPAMS/Toystack/dopams-backend-staging/node_modules/yup/lib/boolean.ts' does not exist.
File 'd:/DOPAMS/Toystack/dopams-backend-staging/node_modules/yup/lib/boolean.tsx' does not exist.
File 'd:/DOPAMS/Toystack/dopams-backend-staging/node_modules/yup/lib/boolean.d.ts' exists - use it as a name resolution result.
File 'd:/DOPAMS/Toystack/dopams-backend-staging/node_modules/yup/package.json' exists according to earlier cached lookups.
======== Module name './boolean' was successfully resolved to 'd:/DOPAMS/Toystack/dopams-backend-staging/node_modules/yup/lib/boolean.d.ts' with Package ID 'yup/lib/boolean.d.ts@0.32.11'. ========
======== Resolving module './string' from 'd:/DOPAMS/Toystack/dopams-backend-staging/node_modules/yup/lib/index.d.ts'. ========
Explicitly specified module resolution kind: 'Node10'.
Loading module as file / folder, candidate module location 'd:/DOPAMS/Toystack/dopams-backend-staging/node_modules/yup/lib/string', target file types: TypeScript, Declaration.
File 'd:/DOPAMS/Toystack/dopams-backend-staging/node_modules/yup/lib/string.ts' does not exist.
File 'd:/DOPAMS/Toystack/dopams-backend-staging/node_modules/yup/lib/string.tsx' does not exist.
File 'd:/DOPAMS/Toystack/dopams-backend-staging/node_modules/yup/lib/string.d.ts' exists - use it as a name resolution result.
File 'd:/DOPAMS/Toystack/dopams-backend-staging/node_modules/yup/package.json' exists according to earlier cached lookups.
======== Module name './string' was successfully resolved to 'd:/DOPAMS/Toystack/dopams-backend-staging/node_modules/yup/lib/string.d.ts' with Package ID 'yup/lib/string.d.ts@0.32.11'. ========
======== Resolving module './number' from 'd:/DOPAMS/Toystack/dopams-backend-staging/node_modules/yup/lib/index.d.ts'. ========
Explicitly specified module resolution kind: 'Node10'.
Loading module as file / folder, candidate module location 'd:/DOPAMS/Toystack/dopams-backend-staging/node_modules/yup/lib/number', target file types: TypeScript, Declaration.
File 'd:/DOPAMS/Toystack/dopams-backend-staging/node_modules/yup/lib/number.ts' does not exist.
File 'd:/DOPAMS/Toystack/dopams-backend-staging/node_modules/yup/lib/number.tsx' does not exist.
File 'd:/DOPAMS/Toystack/dopams-backend-staging/node_modules/yup/lib/number.d.ts' exists - use it as a name resolution result.
File 'd:/DOPAMS/Toystack/dopams-backend-staging/node_modules/yup/package.json' exists according to earlier cached lookups.
======== Module name './number' was successfully resolved to 'd:/DOPAMS/Toystack/dopams-backend-staging/node_modules/yup/lib/number.d.ts' with Package ID 'yup/lib/number.d.ts@0.32.11'. ========
======== Resolving module './date' from 'd:/DOPAMS/Toystack/dopams-backend-staging/node_modules/yup/lib/index.d.ts'. ========
Explicitly specified module resolution kind: 'Node10'.
Loading module as file / folder, candidate module location 'd:/DOPAMS/Toystack/dopams-backend-staging/node_modules/yup/lib/date', target file types: TypeScript, Declaration.
File 'd:/DOPAMS/Toystack/dopams-backend-staging/node_modules/yup/lib/date.ts' does not exist.
File 'd:/DOPAMS/Toystack/dopams-backend-staging/node_modules/yup/lib/date.tsx' does not exist.
File 'd:/DOPAMS/Toystack/dopams-backend-staging/node_modules/yup/lib/date.d.ts' exists - use it as a name resolution result.
File 'd:/DOPAMS/Toystack/dopams-backend-staging/node_modules/yup/package.json' exists according to earlier cached lookups.
======== Module name './date' was successfully resolved to 'd:/DOPAMS/Toystack/dopams-backend-staging/node_modules/yup/lib/date.d.ts' with Package ID 'yup/lib/date.d.ts@0.32.11'. ========
======== Resolving module './object' from 'd:/DOPAMS/Toystack/dopams-backend-staging/node_modules/yup/lib/index.d.ts'. ========
Explicitly specified module resolution kind: 'Node10'.
Loading module as file / folder, candidate module location 'd:/DOPAMS/Toystack/dopams-backend-staging/node_modules/yup/lib/object', target file types: TypeScript, Declaration.
File 'd:/DOPAMS/Toystack/dopams-backend-staging/node_modules/yup/lib/object.ts' does not exist.
File 'd:/DOPAMS/Toystack/dopams-backend-staging/node_modules/yup/lib/object.tsx' does not exist.
File 'd:/DOPAMS/Toystack/dopams-backend-staging/node_modules/yup/lib/object.d.ts' exists - use it as a name resolution result.
File 'd:/DOPAMS/Toystack/dopams-backend-staging/node_modules/yup/package.json' exists according to earlier cached lookups.
======== Module name './object' was successfully resolved to 'd:/DOPAMS/Toystack/dopams-backend-staging/node_modules/yup/lib/object.d.ts' with Package ID 'yup/lib/object.d.ts@0.32.11'. ========
======== Resolving module './array' from 'd:/DOPAMS/Toystack/dopams-backend-staging/node_modules/yup/lib/index.d.ts'. ========
Explicitly specified module resolution kind: 'Node10'.
Loading module as file / folder, candidate module location 'd:/DOPAMS/Toystack/dopams-backend-staging/node_modules/yup/lib/array', target file types: TypeScript, Declaration.
File 'd:/DOPAMS/Toystack/dopams-backend-staging/node_modules/yup/lib/array.ts' does not exist.
File 'd:/DOPAMS/Toystack/dopams-backend-staging/node_modules/yup/lib/array.tsx' does not exist.
File 'd:/DOPAMS/Toystack/dopams-backend-staging/node_modules/yup/lib/array.d.ts' exists - use it as a name resolution result.
File 'd:/DOPAMS/Toystack/dopams-backend-staging/node_modules/yup/package.json' exists according to earlier cached lookups.
======== Module name './array' was successfully resolved to 'd:/DOPAMS/Toystack/dopams-backend-staging/node_modules/yup/lib/array.d.ts' with Package ID 'yup/lib/array.d.ts@0.32.11'. ========
======== Resolving module './Reference' from 'd:/DOPAMS/Toystack/dopams-backend-staging/node_modules/yup/lib/index.d.ts'. ========
Explicitly specified module resolution kind: 'Node10'.
Loading module as file / folder, candidate module location 'd:/DOPAMS/Toystack/dopams-backend-staging/node_modules/yup/lib/Reference', target file types: TypeScript, Declaration.
File 'd:/DOPAMS/Toystack/dopams-backend-staging/node_modules/yup/lib/Reference.ts' does not exist.
File 'd:/DOPAMS/Toystack/dopams-backend-staging/node_modules/yup/lib/Reference.tsx' does not exist.
File 'd:/DOPAMS/Toystack/dopams-backend-staging/node_modules/yup/lib/Reference.d.ts' exists - use it as a name resolution result.
File 'd:/DOPAMS/Toystack/dopams-backend-staging/node_modules/yup/package.json' exists according to earlier cached lookups.
======== Module name './Reference' was successfully resolved to 'd:/DOPAMS/Toystack/dopams-backend-staging/node_modules/yup/lib/Reference.d.ts' with Package ID 'yup/lib/Reference.d.ts@0.32.11'. ========
======== Resolving module './Lazy' from 'd:/DOPAMS/Toystack/dopams-backend-staging/node_modules/yup/lib/index.d.ts'. ========
Explicitly specified module resolution kind: 'Node10'.
Loading module as file / folder, candidate module location 'd:/DOPAMS/Toystack/dopams-backend-staging/node_modules/yup/lib/Lazy', target file types: TypeScript, Declaration.
File 'd:/DOPAMS/Toystack/dopams-backend-staging/node_modules/yup/lib/Lazy.ts' does not exist.
File 'd:/DOPAMS/Toystack/dopams-backend-staging/node_modules/yup/lib/Lazy.tsx' does not exist.
File 'd:/DOPAMS/Toystack/dopams-backend-staging/node_modules/yup/lib/Lazy.d.ts' exists - use it as a name resolution result.
File 'd:/DOPAMS/Toystack/dopams-backend-staging/node_modules/yup/package.json' exists according to earlier cached lookups.
======== Module name './Lazy' was successfully resolved to 'd:/DOPAMS/Toystack/dopams-backend-staging/node_modules/yup/lib/Lazy.d.ts' with Package ID 'yup/lib/Lazy.d.ts@0.32.11'. ========
======== Resolving module './ValidationError' from 'd:/DOPAMS/Toystack/dopams-backend-staging/node_modules/yup/lib/index.d.ts'. ========
Explicitly specified module resolution kind: 'Node10'.
Loading module as file / folder, candidate module location 'd:/DOPAMS/Toystack/dopams-backend-staging/node_modules/yup/lib/ValidationError', target file types: TypeScript, Declaration.
File 'd:/DOPAMS/Toystack/dopams-backend-staging/node_modules/yup/lib/ValidationError.ts' does not exist.
File 'd:/DOPAMS/Toystack/dopams-backend-staging/node_modules/yup/lib/ValidationError.tsx' does not exist.
File 'd:/DOPAMS/Toystack/dopams-backend-staging/node_modules/yup/lib/ValidationError.d.ts' exists - use it as a name resolution result.
File 'd:/DOPAMS/Toystack/dopams-backend-staging/node_modules/yup/package.json' exists according to earlier cached lookups.
======== Module name './ValidationError' was successfully resolved to 'd:/DOPAMS/Toystack/dopams-backend-staging/node_modules/yup/lib/ValidationError.d.ts' with Package ID 'yup/lib/ValidationError.d.ts@0.32.11'. ========
======== Resolving module './util/reach' from 'd:/DOPAMS/Toystack/dopams-backend-staging/node_modules/yup/lib/index.d.ts'. ========
Explicitly specified module resolution kind: 'Node10'.
Loading module as file / folder, candidate module location 'd:/DOPAMS/Toystack/dopams-backend-staging/node_modules/yup/lib/util/reach', target file types: TypeScript, Declaration.
File 'd:/DOPAMS/Toystack/dopams-backend-staging/node_modules/yup/lib/util/reach.ts' does not exist.
File 'd:/DOPAMS/Toystack/dopams-backend-staging/node_modules/yup/lib/util/reach.tsx' does not exist.
File 'd:/DOPAMS/Toystack/dopams-backend-staging/node_modules/yup/lib/util/reach.d.ts' exists - use it as a name resolution result.
File 'd:/DOPAMS/Toystack/dopams-backend-staging/node_modules/yup/package.json' exists according to earlier cached lookups.
======== Module name './util/reach' was successfully resolved to 'd:/DOPAMS/Toystack/dopams-backend-staging/node_modules/yup/lib/util/reach.d.ts' with Package ID 'yup/lib/util/reach.d.ts@0.32.11'. ========
======== Resolving module './util/isSchema' from 'd:/DOPAMS/Toystack/dopams-backend-staging/node_modules/yup/lib/index.d.ts'. ========
Explicitly specified module resolution kind: 'Node10'.
Loading module as file / folder, candidate module location 'd:/DOPAMS/Toystack/dopams-backend-staging/node_modules/yup/lib/util/isSchema', target file types: TypeScript, Declaration.
File 'd:/DOPAMS/Toystack/dopams-backend-staging/node_modules/yup/lib/util/isSchema.ts' does not exist.
File 'd:/DOPAMS/Toystack/dopams-backend-staging/node_modules/yup/lib/util/isSchema.tsx' does not exist.
File 'd:/DOPAMS/Toystack/dopams-backend-staging/node_modules/yup/lib/util/isSchema.d.ts' exists - use it as a name resolution result.
File 'd:/DOPAMS/Toystack/dopams-backend-staging/node_modules/yup/package.json' exists according to earlier cached lookups.
======== Module name './util/isSchema' was successfully resolved to 'd:/DOPAMS/Toystack/dopams-backend-staging/node_modules/yup/lib/util/isSchema.d.ts' with Package ID 'yup/lib/util/isSchema.d.ts@0.32.11'. ========
======== Resolving module './setLocale' from 'd:/DOPAMS/Toystack/dopams-backend-staging/node_modules/yup/lib/index.d.ts'. ========
Explicitly specified module resolution kind: 'Node10'.
Loading module as file / folder, candidate module location 'd:/DOPAMS/Toystack/dopams-backend-staging/node_modules/yup/lib/setLocale', target file types: TypeScript, Declaration.
File 'd:/DOPAMS/Toystack/dopams-backend-staging/node_modules/yup/lib/setLocale.ts' does not exist.
File 'd:/DOPAMS/Toystack/dopams-backend-staging/node_modules/yup/lib/setLocale.tsx' does not exist.
File 'd:/DOPAMS/Toystack/dopams-backend-staging/node_modules/yup/lib/setLocale.d.ts' exists - use it as a name resolution result.
File 'd:/DOPAMS/Toystack/dopams-backend-staging/node_modules/yup/package.json' exists according to earlier cached lookups.
======== Module name './setLocale' was successfully resolved to 'd:/DOPAMS/Toystack/dopams-backend-staging/node_modules/yup/lib/setLocale.d.ts' with Package ID 'yup/lib/setLocale.d.ts@0.32.11'. ========
======== Resolving module './schema' from 'd:/DOPAMS/Toystack/dopams-backend-staging/node_modules/yup/lib/index.d.ts'. ========
Explicitly specified module resolution kind: 'Node10'.
Loading module as file / folder, candidate module location 'd:/DOPAMS/Toystack/dopams-backend-staging/node_modules/yup/lib/schema', target file types: TypeScript, Declaration.
File 'd:/DOPAMS/Toystack/dopams-backend-staging/node_modules/yup/lib/schema.ts' does not exist.
File 'd:/DOPAMS/Toystack/dopams-backend-staging/node_modules/yup/lib/schema.tsx' does not exist.
File 'd:/DOPAMS/Toystack/dopams-backend-staging/node_modules/yup/lib/schema.d.ts' exists - use it as a name resolution result.
File 'd:/DOPAMS/Toystack/dopams-backend-staging/node_modules/yup/package.json' exists according to earlier cached lookups.
======== Module name './schema' was successfully resolved to 'd:/DOPAMS/Toystack/dopams-backend-staging/node_modules/yup/lib/schema.d.ts' with Package ID 'yup/lib/schema.d.ts@0.32.11'. ========
======== Resolving module './util/types' from 'd:/DOPAMS/Toystack/dopams-backend-staging/node_modules/yup/lib/index.d.ts'. ========
Explicitly specified module resolution kind: 'Node10'.
Loading module as file / folder, candidate module location 'd:/DOPAMS/Toystack/dopams-backend-staging/node_modules/yup/lib/util/types', target file types: TypeScript, Declaration.
File 'd:/DOPAMS/Toystack/dopams-backend-staging/node_modules/yup/lib/util/types.ts' does not exist.
File 'd:/DOPAMS/Toystack/dopams-backend-staging/node_modules/yup/lib/util/types.tsx' does not exist.
File 'd:/DOPAMS/Toystack/dopams-backend-staging/node_modules/yup/lib/util/types.d.ts' exists - use it as a name resolution result.
File 'd:/DOPAMS/Toystack/dopams-backend-staging/node_modules/yup/package.json' exists according to earlier cached lookups.
======== Module name './util/types' was successfully resolved to 'd:/DOPAMS/Toystack/dopams-backend-staging/node_modules/yup/lib/util/types.d.ts' with Package ID 'yup/lib/util/types.d.ts@0.32.11'. ========
======== Resolving module './types' from 'd:/DOPAMS/Toystack/dopams-backend-staging/node_modules/yup/lib/index.d.ts'. ========
Explicitly specified module resolution kind: 'Node10'.
Loading module as file / folder, candidate module location 'd:/DOPAMS/Toystack/dopams-backend-staging/node_modules/yup/lib/types', target file types: TypeScript, Declaration.
File 'd:/DOPAMS/Toystack/dopams-backend-staging/node_modules/yup/lib/types.ts' does not exist.
File 'd:/DOPAMS/Toystack/dopams-backend-staging/node_modules/yup/lib/types.tsx' does not exist.
File 'd:/DOPAMS/Toystack/dopams-backend-staging/node_modules/yup/lib/types.d.ts' exists - use it as a name resolution result.
File 'd:/DOPAMS/Toystack/dopams-backend-staging/node_modules/yup/package.json' exists according to earlier cached lookups.
======== Module name './types' was successfully resolved to 'd:/DOPAMS/Toystack/dopams-backend-staging/node_modules/yup/lib/types.d.ts' with Package ID 'yup/lib/types.d.ts@0.32.11'. ========
======== Resolving module './util/createValidation' from 'd:/DOPAMS/Toystack/dopams-backend-staging/node_modules/yup/lib/index.d.ts'. ========
Explicitly specified module resolution kind: 'Node10'.
Loading module as file / folder, candidate module location 'd:/DOPAMS/Toystack/dopams-backend-staging/node_modules/yup/lib/util/createValidation', target file types: TypeScript, Declaration.
File 'd:/DOPAMS/Toystack/dopams-backend-staging/node_modules/yup/lib/util/createValidation.ts' does not exist.
File 'd:/DOPAMS/Toystack/dopams-backend-staging/node_modules/yup/lib/util/createValidation.tsx' does not exist.
File 'd:/DOPAMS/Toystack/dopams-backend-staging/node_modules/yup/lib/util/createValidation.d.ts' exists - use it as a name resolution result.
File 'd:/DOPAMS/Toystack/dopams-backend-staging/node_modules/yup/package.json' exists according to earlier cached lookups.
======== Module name './util/createValidation' was successfully resolved to 'd:/DOPAMS/Toystack/dopams-backend-staging/node_modules/yup/lib/util/createValidation.d.ts' with Package ID 'yup/lib/util/createValidation.d.ts@0.32.11'. ========
File 'd:/DOPAMS/Toystack/dopams-backend-staging/node_modules/yup/lib/package.json' does not exist according to earlier cached lookups.
File 'd:/DOPAMS/Toystack/dopams-backend-staging/node_modules/yup/package.json' exists according to earlier cached lookups.
======== Resolving module './locale' from 'd:/DOPAMS/Toystack/dopams-backend-staging/node_modules/yup/lib/mixed.d.ts'. ========
Explicitly specified module resolution kind: 'Node10'.
Loading module as file / folder, candidate module location 'd:/DOPAMS/Toystack/dopams-backend-staging/node_modules/yup/lib/locale', target file types: TypeScript, Declaration.
File 'd:/DOPAMS/Toystack/dopams-backend-staging/node_modules/yup/lib/locale.ts' does not exist.
File 'd:/DOPAMS/Toystack/dopams-backend-staging/node_modules/yup/lib/locale.tsx' does not exist.
File 'd:/DOPAMS/Toystack/dopams-backend-staging/node_modules/yup/lib/locale.d.ts' exists - use it as a name resolution result.
File 'd:/DOPAMS/Toystack/dopams-backend-staging/node_modules/yup/package.json' exists according to earlier cached lookups.
======== Module name './locale' was successfully resolved to 'd:/DOPAMS/Toystack/dopams-backend-staging/node_modules/yup/lib/locale.d.ts' with Package ID 'yup/lib/locale.d.ts@0.32.11'. ========
======== Resolving module './types' from 'd:/DOPAMS/Toystack/dopams-backend-staging/node_modules/yup/lib/mixed.d.ts'. ========
Resolution for module './types' was found in cache from location 'd:/DOPAMS/Toystack/dopams-backend-staging/node_modules/yup/lib'.
======== Module name './types' was successfully resolved to 'd:/DOPAMS/Toystack/dopams-backend-staging/node_modules/yup/lib/types.d.ts' with Package ID 'yup/lib/types.d.ts@0.32.11'. ========
======== Resolving module './util/types' from 'd:/DOPAMS/Toystack/dopams-backend-staging/node_modules/yup/lib/mixed.d.ts'. ========
Resolution for module './util/types' was found in cache from location 'd:/DOPAMS/Toystack/dopams-backend-staging/node_modules/yup/lib'.
======== Module name './util/types' was successfully resolved to 'd:/DOPAMS/Toystack/dopams-backend-staging/node_modules/yup/lib/util/types.d.ts' with Package ID 'yup/lib/util/types.d.ts@0.32.11'. ========
======== Resolving module './schema' from 'd:/DOPAMS/Toystack/dopams-backend-staging/node_modules/yup/lib/mixed.d.ts'. ========
Resolution for module './schema' was found in cache from location 'd:/DOPAMS/Toystack/dopams-backend-staging/node_modules/yup/lib'.
======== Module name './schema' was successfully resolved to 'd:/DOPAMS/Toystack/dopams-backend-staging/node_modules/yup/lib/schema.d.ts' with Package ID 'yup/lib/schema.d.ts@0.32.11'. ========
File 'd:/DOPAMS/Toystack/dopams-backend-staging/node_modules/yup/lib/package.json' does not exist according to earlier cached lookups.
File 'd:/DOPAMS/Toystack/dopams-backend-staging/node_modules/yup/package.json' exists according to earlier cached lookups.
======== Resolving module './types' from 'd:/DOPAMS/Toystack/dopams-backend-staging/node_modules/yup/lib/locale.d.ts'. ========
Resolution for module './types' was found in cache from location 'd:/DOPAMS/Toystack/dopams-backend-staging/node_modules/yup/lib'.
======== Module name './types' was successfully resolved to 'd:/DOPAMS/Toystack/dopams-backend-staging/node_modules/yup/lib/types.d.ts' with Package ID 'yup/lib/types.d.ts@0.32.11'. ========
File 'd:/DOPAMS/Toystack/dopams-backend-staging/node_modules/yup/lib/package.json' does not exist according to earlier cached lookups.
File 'd:/DOPAMS/Toystack/dopams-backend-staging/node_modules/yup/package.json' exists according to earlier cached lookups.
======== Resolving module './schema' from 'd:/DOPAMS/Toystack/dopams-backend-staging/node_modules/yup/lib/types.d.ts'. ========
Resolution for module './schema' was found in cache from location 'd:/DOPAMS/Toystack/dopams-backend-staging/node_modules/yup/lib'.
======== Module name './schema' was successfully resolved to 'd:/DOPAMS/Toystack/dopams-backend-staging/node_modules/yup/lib/schema.d.ts' with Package ID 'yup/lib/schema.d.ts@0.32.11'. ========
======== Resolving module './Lazy' from 'd:/DOPAMS/Toystack/dopams-backend-staging/node_modules/yup/lib/types.d.ts'. ========
Resolution for module './Lazy' was found in cache from location 'd:/DOPAMS/Toystack/dopams-backend-staging/node_modules/yup/lib'.
======== Module name './Lazy' was successfully resolved to 'd:/DOPAMS/Toystack/dopams-backend-staging/node_modules/yup/lib/Lazy.d.ts' with Package ID 'yup/lib/Lazy.d.ts@0.32.11'. ========
File 'd:/DOPAMS/Toystack/dopams-backend-staging/node_modules/yup/lib/package.json' does not exist according to earlier cached lookups.
File 'd:/DOPAMS/Toystack/dopams-backend-staging/node_modules/yup/package.json' exists according to earlier cached lookups.
======== Resolving module './Condition' from 'd:/DOPAMS/Toystack/dopams-backend-staging/node_modules/yup/lib/schema.d.ts'. ========
Explicitly specified module resolution kind: 'Node10'.
Loading module as file / folder, candidate module location 'd:/DOPAMS/Toystack/dopams-backend-staging/node_modules/yup/lib/Condition', target file types: TypeScript, Declaration.
File 'd:/DOPAMS/Toystack/dopams-backend-staging/node_modules/yup/lib/Condition.ts' does not exist.
File 'd:/DOPAMS/Toystack/dopams-backend-staging/node_modules/yup/lib/Condition.tsx' does not exist.
File 'd:/DOPAMS/Toystack/dopams-backend-staging/node_modules/yup/lib/Condition.d.ts' exists - use it as a name resolution result.
File 'd:/DOPAMS/Toystack/dopams-backend-staging/node_modules/yup/package.json' exists according to earlier cached lookups.
======== Module name './Condition' was successfully resolved to 'd:/DOPAMS/Toystack/dopams-backend-staging/node_modules/yup/lib/Condition.d.ts' with Package ID 'yup/lib/Condition.d.ts@0.32.11'. ========
======== Resolving module './util/createValidation' from 'd:/DOPAMS/Toystack/dopams-backend-staging/node_modules/yup/lib/schema.d.ts'. ========
Resolution for module './util/createValidation' was found in cache from location 'd:/DOPAMS/Toystack/dopams-backend-staging/node_modules/yup/lib'.
======== Module name './util/createValidation' was successfully resolved to 'd:/DOPAMS/Toystack/dopams-backend-staging/node_modules/yup/lib/util/createValidation.d.ts' with Package ID 'yup/lib/util/createValidation.d.ts@0.32.11'. ========
======== Resolving module './types' from 'd:/DOPAMS/Toystack/dopams-backend-staging/node_modules/yup/lib/schema.d.ts'. ========
Resolution for module './types' was found in cache from location 'd:/DOPAMS/Toystack/dopams-backend-staging/node_modules/yup/lib'.
======== Module name './types' was successfully resolved to 'd:/DOPAMS/Toystack/dopams-backend-staging/node_modules/yup/lib/types.d.ts' with Package ID 'yup/lib/types.d.ts@0.32.11'. ========
======== Resolving module './util/types' from 'd:/DOPAMS/Toystack/dopams-backend-staging/node_modules/yup/lib/schema.d.ts'. ========
Resolution for module './util/types' was found in cache from location 'd:/DOPAMS/Toystack/dopams-backend-staging/node_modules/yup/lib'.
======== Module name './util/types' was successfully resolved to 'd:/DOPAMS/Toystack/dopams-backend-staging/node_modules/yup/lib/util/types.d.ts' with Package ID 'yup/lib/util/types.d.ts@0.32.11'. ========
======== Resolving module './util/ReferenceSet' from 'd:/DOPAMS/Toystack/dopams-backend-staging/node_modules/yup/lib/schema.d.ts'. ========
Explicitly specified module resolution kind: 'Node10'.
Loading module as file / folder, candidate module location 'd:/DOPAMS/Toystack/dopams-backend-staging/node_modules/yup/lib/util/ReferenceSet', target file types: TypeScript, Declaration.
File 'd:/DOPAMS/Toystack/dopams-backend-staging/node_modules/yup/lib/util/ReferenceSet.ts' does not exist.
File 'd:/DOPAMS/Toystack/dopams-backend-staging/node_modules/yup/lib/util/ReferenceSet.tsx' does not exist.
File 'd:/DOPAMS/Toystack/dopams-backend-staging/node_modules/yup/lib/util/ReferenceSet.d.ts' exists - use it as a name resolution result.
File 'd:/DOPAMS/Toystack/dopams-backend-staging/node_modules/yup/package.json' exists according to earlier cached lookups.
======== Module name './util/ReferenceSet' was successfully resolved to 'd:/DOPAMS/Toystack/dopams-backend-staging/node_modules/yup/lib/util/ReferenceSet.d.ts' with Package ID 'yup/lib/util/ReferenceSet.d.ts@0.32.11'. ========
======== Resolving module './Reference' from 'd:/DOPAMS/Toystack/dopams-backend-staging/node_modules/yup/lib/schema.d.ts'. ========
Resolution for module './Reference' was found in cache from location 'd:/DOPAMS/Toystack/dopams-backend-staging/node_modules/yup/lib'.
======== Module name './Reference' was successfully resolved to 'd:/DOPAMS/Toystack/dopams-backend-staging/node_modules/yup/lib/Reference.d.ts' with Package ID 'yup/lib/Reference.d.ts@0.32.11'. ========
File 'd:/DOPAMS/Toystack/dopams-backend-staging/node_modules/yup/lib/package.json' does not exist according to earlier cached lookups.
File 'd:/DOPAMS/Toystack/dopams-backend-staging/node_modules/yup/package.json' exists according to earlier cached lookups.
======== Resolving module './Reference' from 'd:/DOPAMS/Toystack/dopams-backend-staging/node_modules/yup/lib/Condition.d.ts'. ========
Resolution for module './Reference' was found in cache from location 'd:/DOPAMS/Toystack/dopams-backend-staging/node_modules/yup/lib'.
======== Module name './Reference' was successfully resolved to 'd:/DOPAMS/Toystack/dopams-backend-staging/node_modules/yup/lib/Reference.d.ts' with Package ID 'yup/lib/Reference.d.ts@0.32.11'. ========
======== Resolving module './types' from 'd:/DOPAMS/Toystack/dopams-backend-staging/node_modules/yup/lib/Condition.d.ts'. ========
Resolution for module './types' was found in cache from location 'd:/DOPAMS/Toystack/dopams-backend-staging/node_modules/yup/lib'.
======== Module name './types' was successfully resolved to 'd:/DOPAMS/Toystack/dopams-backend-staging/node_modules/yup/lib/types.d.ts' with Package ID 'yup/lib/types.d.ts@0.32.11'. ========
File 'd:/DOPAMS/Toystack/dopams-backend-staging/node_modules/yup/lib/package.json' does not exist according to earlier cached lookups.
File 'd:/DOPAMS/Toystack/dopams-backend-staging/node_modules/yup/package.json' exists according to earlier cached lookups.
======== Resolving module './schema' from 'd:/DOPAMS/Toystack/dopams-backend-staging/node_modules/yup/lib/Reference.d.ts'. ========
Resolution for module './schema' was found in cache from location 'd:/DOPAMS/Toystack/dopams-backend-staging/node_modules/yup/lib'.
======== Module name './schema' was successfully resolved to 'd:/DOPAMS/Toystack/dopams-backend-staging/node_modules/yup/lib/schema.d.ts' with Package ID 'yup/lib/schema.d.ts@0.32.11'. ========
File 'd:/DOPAMS/Toystack/dopams-backend-staging/node_modules/yup/lib/util/package.json' does not exist.
File 'd:/DOPAMS/Toystack/dopams-backend-staging/node_modules/yup/lib/package.json' does not exist according to earlier cached lookups.
File 'd:/DOPAMS/Toystack/dopams-backend-staging/node_modules/yup/package.json' exists according to earlier cached lookups.
======== Resolving module '../ValidationError' from 'd:/DOPAMS/Toystack/dopams-backend-staging/node_modules/yup/lib/util/createValidation.d.ts'. ========
Explicitly specified module resolution kind: 'Node10'.
Loading module as file / folder, candidate module location 'd:/DOPAMS/Toystack/dopams-backend-staging/node_modules/yup/lib/ValidationError', target file types: TypeScript, Declaration.
File 'd:/DOPAMS/Toystack/dopams-backend-staging/node_modules/yup/lib/ValidationError.ts' does not exist.
File 'd:/DOPAMS/Toystack/dopams-backend-staging/node_modules/yup/lib/ValidationError.tsx' does not exist.
File 'd:/DOPAMS/Toystack/dopams-backend-staging/node_modules/yup/lib/ValidationError.d.ts' exists - use it as a name resolution result.
File 'd:/DOPAMS/Toystack/dopams-backend-staging/node_modules/yup/package.json' exists according to earlier cached lookups.
======== Module name '../ValidationError' was successfully resolved to 'd:/DOPAMS/Toystack/dopams-backend-staging/node_modules/yup/lib/ValidationError.d.ts' with Package ID 'yup/lib/ValidationError.d.ts@0.32.11'. ========
======== Resolving module '../types' from 'd:/DOPAMS/Toystack/dopams-backend-staging/node_modules/yup/lib/util/createValidation.d.ts'. ========
Explicitly specified module resolution kind: 'Node10'.
Loading module as file / folder, candidate module location 'd:/DOPAMS/Toystack/dopams-backend-staging/node_modules/yup/lib/types', target file types: TypeScript, Declaration.
File 'd:/DOPAMS/Toystack/dopams-backend-staging/node_modules/yup/lib/types.ts' does not exist.
File 'd:/DOPAMS/Toystack/dopams-backend-staging/node_modules/yup/lib/types.tsx' does not exist.
File 'd:/DOPAMS/Toystack/dopams-backend-staging/node_modules/yup/lib/types.d.ts' exists - use it as a name resolution result.
File 'd:/DOPAMS/Toystack/dopams-backend-staging/node_modules/yup/package.json' exists according to earlier cached lookups.
======== Module name '../types' was successfully resolved to 'd:/DOPAMS/Toystack/dopams-backend-staging/node_modules/yup/lib/types.d.ts' with Package ID 'yup/lib/types.d.ts@0.32.11'. ========
======== Resolving module '../Reference' from 'd:/DOPAMS/Toystack/dopams-backend-staging/node_modules/yup/lib/util/createValidation.d.ts'. ========
Explicitly specified module resolution kind: 'Node10'.
Loading module as file / folder, candidate module location 'd:/DOPAMS/Toystack/dopams-backend-staging/node_modules/yup/lib/Reference', target file types: TypeScript, Declaration.
File 'd:/DOPAMS/Toystack/dopams-backend-staging/node_modules/yup/lib/Reference.ts' does not exist.
File 'd:/DOPAMS/Toystack/dopams-backend-staging/node_modules/yup/lib/Reference.tsx' does not exist.
File 'd:/DOPAMS/Toystack/dopams-backend-staging/node_modules/yup/lib/Reference.d.ts' exists - use it as a name resolution result.
File 'd:/DOPAMS/Toystack/dopams-backend-staging/node_modules/yup/package.json' exists according to earlier cached lookups.
======== Module name '../Reference' was successfully resolved to 'd:/DOPAMS/Toystack/dopams-backend-staging/node_modules/yup/lib/Reference.d.ts' with Package ID 'yup/lib/Reference.d.ts@0.32.11'. ========
======== Resolving module '../schema' from 'd:/DOPAMS/Toystack/dopams-backend-staging/node_modules/yup/lib/util/createValidation.d.ts'. ========
Explicitly specified module resolution kind: 'Node10'.
Loading module as file / folder, candidate module location 'd:/DOPAMS/Toystack/dopams-backend-staging/node_modules/yup/lib/schema', target file types: TypeScript, Declaration.
File 'd:/DOPAMS/Toystack/dopams-backend-staging/node_modules/yup/lib/schema.ts' does not exist.
File 'd:/DOPAMS/Toystack/dopams-backend-staging/node_modules/yup/lib/schema.tsx' does not exist.
File 'd:/DOPAMS/Toystack/dopams-backend-staging/node_modules/yup/lib/schema.d.ts' exists - use it as a name resolution result.
File 'd:/DOPAMS/Toystack/dopams-backend-staging/node_modules/yup/package.json' exists according to earlier cached lookups.
======== Module name '../schema' was successfully resolved to 'd:/DOPAMS/Toystack/dopams-backend-staging/node_modules/yup/lib/schema.d.ts' with Package ID 'yup/lib/schema.d.ts@0.32.11'. ========
File 'd:/DOPAMS/Toystack/dopams-backend-staging/node_modules/yup/lib/package.json' does not exist according to earlier cached lookups.
File 'd:/DOPAMS/Toystack/dopams-backend-staging/node_modules/yup/package.json' exists according to earlier cached lookups.
File 'd:/DOPAMS/Toystack/dopams-backend-staging/node_modules/yup/lib/util/package.json' does not exist according to earlier cached lookups.
File 'd:/DOPAMS/Toystack/dopams-backend-staging/node_modules/yup/lib/package.json' does not exist according to earlier cached lookups.
File 'd:/DOPAMS/Toystack/dopams-backend-staging/node_modules/yup/package.json' exists according to earlier cached lookups.
File 'd:/DOPAMS/Toystack/dopams-backend-staging/node_modules/yup/lib/util/package.json' does not exist according to earlier cached lookups.
File 'd:/DOPAMS/Toystack/dopams-backend-staging/node_modules/yup/lib/package.json' does not exist according to earlier cached lookups.
File 'd:/DOPAMS/Toystack/dopams-backend-staging/node_modules/yup/package.json' exists according to earlier cached lookups.
======== Resolving module '../Reference' from 'd:/DOPAMS/Toystack/dopams-backend-staging/node_modules/yup/lib/util/ReferenceSet.d.ts'. ========
Resolution for module '../Reference' was found in cache from location 'd:/DOPAMS/Toystack/dopams-backend-staging/node_modules/yup/lib/util'.
======== Module name '../Reference' was successfully resolved to 'd:/DOPAMS/Toystack/dopams-backend-staging/node_modules/yup/lib/Reference.d.ts' with Package ID 'yup/lib/Reference.d.ts@0.32.11'. ========
File 'd:/DOPAMS/Toystack/dopams-backend-staging/node_modules/yup/lib/package.json' does not exist according to earlier cached lookups.
File 'd:/DOPAMS/Toystack/dopams-backend-staging/node_modules/yup/package.json' exists according to earlier cached lookups.
======== Resolving module './types' from 'd:/DOPAMS/Toystack/dopams-backend-staging/node_modules/yup/lib/Lazy.d.ts'. ========
Resolution for module './types' was found in cache from location 'd:/DOPAMS/Toystack/dopams-backend-staging/node_modules/yup/lib'.
======== Module name './types' was successfully resolved to 'd:/DOPAMS/Toystack/dopams-backend-staging/node_modules/yup/lib/types.d.ts' with Package ID 'yup/lib/types.d.ts@0.32.11'. ========
======== Resolving module './Condition' from 'd:/DOPAMS/Toystack/dopams-backend-staging/node_modules/yup/lib/Lazy.d.ts'. ========
Resolution for module './Condition' was found in cache from location 'd:/DOPAMS/Toystack/dopams-backend-staging/node_modules/yup/lib'.
======== Module name './Condition' was successfully resolved to 'd:/DOPAMS/Toystack/dopams-backend-staging/node_modules/yup/lib/Condition.d.ts' with Package ID 'yup/lib/Condition.d.ts@0.32.11'. ========
======== Resolving module './schema' from 'd:/DOPAMS/Toystack/dopams-backend-staging/node_modules/yup/lib/Lazy.d.ts'. ========
Resolution for module './schema' was found in cache from location 'd:/DOPAMS/Toystack/dopams-backend-staging/node_modules/yup/lib'.
======== Module name './schema' was successfully resolved to 'd:/DOPAMS/Toystack/dopams-backend-staging/node_modules/yup/lib/schema.d.ts' with Package ID 'yup/lib/schema.d.ts@0.32.11'. ========
======== Resolving module './util/types' from 'd:/DOPAMS/Toystack/dopams-backend-staging/node_modules/yup/lib/Lazy.d.ts'. ========
Resolution for module './util/types' was found in cache from location 'd:/DOPAMS/Toystack/dopams-backend-staging/node_modules/yup/lib'.
======== Module name './util/types' was successfully resolved to 'd:/DOPAMS/Toystack/dopams-backend-staging/node_modules/yup/lib/util/types.d.ts' with Package ID 'yup/lib/util/types.d.ts@0.32.11'. ========
File 'd:/DOPAMS/Toystack/dopams-backend-staging/node_modules/yup/lib/package.json' does not exist according to earlier cached lookups.
File 'd:/DOPAMS/Toystack/dopams-backend-staging/node_modules/yup/package.json' exists according to earlier cached lookups.
======== Resolving module './schema' from 'd:/DOPAMS/Toystack/dopams-backend-staging/node_modules/yup/lib/boolean.d.ts'. ========
Resolution for module './schema' was found in cache from location 'd:/DOPAMS/Toystack/dopams-backend-staging/node_modules/yup/lib'.
======== Module name './schema' was successfully resolved to 'd:/DOPAMS/Toystack/dopams-backend-staging/node_modules/yup/lib/schema.d.ts' with Package ID 'yup/lib/schema.d.ts@0.32.11'. ========
======== Resolving module './locale' from 'd:/DOPAMS/Toystack/dopams-backend-staging/node_modules/yup/lib/boolean.d.ts'. ========
Resolution for module './locale' was found in cache from location 'd:/DOPAMS/Toystack/dopams-backend-staging/node_modules/yup/lib'.
======== Module name './locale' was successfully resolved to 'd:/DOPAMS/Toystack/dopams-backend-staging/node_modules/yup/lib/locale.d.ts' with Package ID 'yup/lib/locale.d.ts@0.32.11'. ========
======== Resolving module './types' from 'd:/DOPAMS/Toystack/dopams-backend-staging/node_modules/yup/lib/boolean.d.ts'. ========
Resolution for module './types' was found in cache from location 'd:/DOPAMS/Toystack/dopams-backend-staging/node_modules/yup/lib'.
======== Module name './types' was successfully resolved to 'd:/DOPAMS/Toystack/dopams-backend-staging/node_modules/yup/lib/types.d.ts' with Package ID 'yup/lib/types.d.ts@0.32.11'. ========
======== Resolving module './util/types' from 'd:/DOPAMS/Toystack/dopams-backend-staging/node_modules/yup/lib/boolean.d.ts'. ========
Resolution for module './util/types' was found in cache from location 'd:/DOPAMS/Toystack/dopams-backend-staging/node_modules/yup/lib'.
======== Module name './util/types' was successfully resolved to 'd:/DOPAMS/Toystack/dopams-backend-staging/node_modules/yup/lib/util/types.d.ts' with Package ID 'yup/lib/util/types.d.ts@0.32.11'. ========
File 'd:/DOPAMS/Toystack/dopams-backend-staging/node_modules/yup/lib/package.json' does not exist according to earlier cached lookups.
File 'd:/DOPAMS/Toystack/dopams-backend-staging/node_modules/yup/package.json' exists according to earlier cached lookups.
======== Resolving module './locale' from 'd:/DOPAMS/Toystack/dopams-backend-staging/node_modules/yup/lib/string.d.ts'. ========
Resolution for module './locale' was found in cache from location 'd:/DOPAMS/Toystack/dopams-backend-staging/node_modules/yup/lib'.
======== Module name './locale' was successfully resolved to 'd:/DOPAMS/Toystack/dopams-backend-staging/node_modules/yup/lib/locale.d.ts' with Package ID 'yup/lib/locale.d.ts@0.32.11'. ========
======== Resolving module './Reference' from 'd:/DOPAMS/Toystack/dopams-backend-staging/node_modules/yup/lib/string.d.ts'. ========
Resolution for module './Reference' was found in cache from location 'd:/DOPAMS/Toystack/dopams-backend-staging/node_modules/yup/lib'.
======== Module name './Reference' was successfully resolved to 'd:/DOPAMS/Toystack/dopams-backend-staging/node_modules/yup/lib/Reference.d.ts' with Package ID 'yup/lib/Reference.d.ts@0.32.11'. ========
======== Resolving module './types' from 'd:/DOPAMS/Toystack/dopams-backend-staging/node_modules/yup/lib/string.d.ts'. ========
Resolution for module './types' was found in cache from location 'd:/DOPAMS/Toystack/dopams-backend-staging/node_modules/yup/lib'.
======== Module name './types' was successfully resolved to 'd:/DOPAMS/Toystack/dopams-backend-staging/node_modules/yup/lib/types.d.ts' with Package ID 'yup/lib/types.d.ts@0.32.11'. ========
======== Resolving module './util/types' from 'd:/DOPAMS/Toystack/dopams-backend-staging/node_modules/yup/lib/string.d.ts'. ========
Resolution for module './util/types' was found in cache from location 'd:/DOPAMS/Toystack/dopams-backend-staging/node_modules/yup/lib'.
======== Module name './util/types' was successfully resolved to 'd:/DOPAMS/Toystack/dopams-backend-staging/node_modules/yup/lib/util/types.d.ts' with Package ID 'yup/lib/util/types.d.ts@0.32.11'. ========
======== Resolving module './schema' from 'd:/DOPAMS/Toystack/dopams-backend-staging/node_modules/yup/lib/string.d.ts'. ========
Resolution for module './schema' was found in cache from location 'd:/DOPAMS/Toystack/dopams-backend-staging/node_modules/yup/lib'.
======== Module name './schema' was successfully resolved to 'd:/DOPAMS/Toystack/dopams-backend-staging/node_modules/yup/lib/schema.d.ts' with Package ID 'yup/lib/schema.d.ts@0.32.11'. ========
File 'd:/DOPAMS/Toystack/dopams-backend-staging/node_modules/yup/lib/package.json' does not exist according to earlier cached lookups.
File 'd:/DOPAMS/Toystack/dopams-backend-staging/node_modules/yup/package.json' exists according to earlier cached lookups.
======== Resolving module './locale' from 'd:/DOPAMS/Toystack/dopams-backend-staging/node_modules/yup/lib/number.d.ts'. ========
Resolution for module './locale' was found in cache from location 'd:/DOPAMS/Toystack/dopams-backend-staging/node_modules/yup/lib'.
======== Module name './locale' was successfully resolved to 'd:/DOPAMS/Toystack/dopams-backend-staging/node_modules/yup/lib/locale.d.ts' with Package ID 'yup/lib/locale.d.ts@0.32.11'. ========
======== Resolving module './types' from 'd:/DOPAMS/Toystack/dopams-backend-staging/node_modules/yup/lib/number.d.ts'. ========
Resolution for module './types' was found in cache from location 'd:/DOPAMS/Toystack/dopams-backend-staging/node_modules/yup/lib'.
======== Module name './types' was successfully resolved to 'd:/DOPAMS/Toystack/dopams-backend-staging/node_modules/yup/lib/types.d.ts' with Package ID 'yup/lib/types.d.ts@0.32.11'. ========
======== Resolving module './Reference' from 'd:/DOPAMS/Toystack/dopams-backend-staging/node_modules/yup/lib/number.d.ts'. ========
Resolution for module './Reference' was found in cache from location 'd:/DOPAMS/Toystack/dopams-backend-staging/node_modules/yup/lib'.
======== Module name './Reference' was successfully resolved to 'd:/DOPAMS/Toystack/dopams-backend-staging/node_modules/yup/lib/Reference.d.ts' with Package ID 'yup/lib/Reference.d.ts@0.32.11'. ========
======== Resolving module './util/types' from 'd:/DOPAMS/Toystack/dopams-backend-staging/node_modules/yup/lib/number.d.ts'. ========
Resolution for module './util/types' was found in cache from location 'd:/DOPAMS/Toystack/dopams-backend-staging/node_modules/yup/lib'.
======== Module name './util/types' was successfully resolved to 'd:/DOPAMS/Toystack/dopams-backend-staging/node_modules/yup/lib/util/types.d.ts' with Package ID 'yup/lib/util/types.d.ts@0.32.11'. ========
======== Resolving module './schema' from 'd:/DOPAMS/Toystack/dopams-backend-staging/node_modules/yup/lib/number.d.ts'. ========
Resolution for module './schema' was found in cache from location 'd:/DOPAMS/Toystack/dopams-backend-staging/node_modules/yup/lib'.
======== Module name './schema' was successfully resolved to 'd:/DOPAMS/Toystack/dopams-backend-staging/node_modules/yup/lib/schema.d.ts' with Package ID 'yup/lib/schema.d.ts@0.32.11'. ========
File 'd:/DOPAMS/Toystack/dopams-backend-staging/node_modules/yup/lib/package.json' does not exist according to earlier cached lookups.
File 'd:/DOPAMS/Toystack/dopams-backend-staging/node_modules/yup/package.json' exists according to earlier cached lookups.
======== Resolving module './locale' from 'd:/DOPAMS/Toystack/dopams-backend-staging/node_modules/yup/lib/date.d.ts'. ========
Resolution for module './locale' was found in cache from location 'd:/DOPAMS/Toystack/dopams-backend-staging/node_modules/yup/lib'.
======== Module name './locale' was successfully resolved to 'd:/DOPAMS/Toystack/dopams-backend-staging/node_modules/yup/lib/locale.d.ts' with Package ID 'yup/lib/locale.d.ts@0.32.11'. ========
======== Resolving module './Reference' from 'd:/DOPAMS/Toystack/dopams-backend-staging/node_modules/yup/lib/date.d.ts'. ========
Resolution for module './Reference' was found in cache from location 'd:/DOPAMS/Toystack/dopams-backend-staging/node_modules/yup/lib'.
======== Module name './Reference' was successfully resolved to 'd:/DOPAMS/Toystack/dopams-backend-staging/node_modules/yup/lib/Reference.d.ts' with Package ID 'yup/lib/Reference.d.ts@0.32.11'. ========
======== Resolving module './types' from 'd:/DOPAMS/Toystack/dopams-backend-staging/node_modules/yup/lib/date.d.ts'. ========
Resolution for module './types' was found in cache from location 'd:/DOPAMS/Toystack/dopams-backend-staging/node_modules/yup/lib'.
======== Module name './types' was successfully resolved to 'd:/DOPAMS/Toystack/dopams-backend-staging/node_modules/yup/lib/types.d.ts' with Package ID 'yup/lib/types.d.ts@0.32.11'. ========
======== Resolving module './util/types' from 'd:/DOPAMS/Toystack/dopams-backend-staging/node_modules/yup/lib/date.d.ts'. ========
Resolution for module './util/types' was found in cache from location 'd:/DOPAMS/Toystack/dopams-backend-staging/node_modules/yup/lib'.
======== Module name './util/types' was successfully resolved to 'd:/DOPAMS/Toystack/dopams-backend-staging/node_modules/yup/lib/util/types.d.ts' with Package ID 'yup/lib/util/types.d.ts@0.32.11'. ========
======== Resolving module './schema' from 'd:/DOPAMS/Toystack/dopams-backend-staging/node_modules/yup/lib/date.d.ts'. ========
Resolution for module './schema' was found in cache from location 'd:/DOPAMS/Toystack/dopams-backend-staging/node_modules/yup/lib'.
======== Module name './schema' was successfully resolved to 'd:/DOPAMS/Toystack/dopams-backend-staging/node_modules/yup/lib/schema.d.ts' with Package ID 'yup/lib/schema.d.ts@0.32.11'. ========
File 'd:/DOPAMS/Toystack/dopams-backend-staging/node_modules/yup/lib/package.json' does not exist according to earlier cached lookups.
File 'd:/DOPAMS/Toystack/dopams-backend-staging/node_modules/yup/package.json' exists according to earlier cached lookups.
======== Resolving module './locale' from 'd:/DOPAMS/Toystack/dopams-backend-staging/node_modules/yup/lib/object.d.ts'. ========
Resolution for module './locale' was found in cache from location 'd:/DOPAMS/Toystack/dopams-backend-staging/node_modules/yup/lib'.
======== Module name './locale' was successfully resolved to 'd:/DOPAMS/Toystack/dopams-backend-staging/node_modules/yup/lib/locale.d.ts' with Package ID 'yup/lib/locale.d.ts@0.32.11'. ========
======== Resolving module './types' from 'd:/DOPAMS/Toystack/dopams-backend-staging/node_modules/yup/lib/object.d.ts'. ========
Resolution for module './types' was found in cache from location 'd:/DOPAMS/Toystack/dopams-backend-staging/node_modules/yup/lib'.
======== Module name './types' was successfully resolved to 'd:/DOPAMS/Toystack/dopams-backend-staging/node_modules/yup/lib/types.d.ts' with Package ID 'yup/lib/types.d.ts@0.32.11'. ========
======== Resolving module './util/types' from 'd:/DOPAMS/Toystack/dopams-backend-staging/node_modules/yup/lib/object.d.ts'. ========
Resolution for module './util/types' was found in cache from location 'd:/DOPAMS/Toystack/dopams-backend-staging/node_modules/yup/lib'.
======== Module name './util/types' was successfully resolved to 'd:/DOPAMS/Toystack/dopams-backend-staging/node_modules/yup/lib/util/types.d.ts' with Package ID 'yup/lib/util/types.d.ts@0.32.11'. ========
======== Resolving module './Reference' from 'd:/DOPAMS/Toystack/dopams-backend-staging/node_modules/yup/lib/object.d.ts'. ========
Resolution for module './Reference' was found in cache from location 'd:/DOPAMS/Toystack/dopams-backend-staging/node_modules/yup/lib'.
======== Module name './Reference' was successfully resolved to 'd:/DOPAMS/Toystack/dopams-backend-staging/node_modules/yup/lib/Reference.d.ts' with Package ID 'yup/lib/Reference.d.ts@0.32.11'. ========
======== Resolving module './Lazy' from 'd:/DOPAMS/Toystack/dopams-backend-staging/node_modules/yup/lib/object.d.ts'. ========
Resolution for module './Lazy' was found in cache from location 'd:/DOPAMS/Toystack/dopams-backend-staging/node_modules/yup/lib'.
======== Module name './Lazy' was successfully resolved to 'd:/DOPAMS/Toystack/dopams-backend-staging/node_modules/yup/lib/Lazy.d.ts' with Package ID 'yup/lib/Lazy.d.ts@0.32.11'. ========
======== Resolving module './schema' from 'd:/DOPAMS/Toystack/dopams-backend-staging/node_modules/yup/lib/object.d.ts'. ========
Resolution for module './schema' was found in cache from location 'd:/DOPAMS/Toystack/dopams-backend-staging/node_modules/yup/lib'.
======== Module name './schema' was successfully resolved to 'd:/DOPAMS/Toystack/dopams-backend-staging/node_modules/yup/lib/schema.d.ts' with Package ID 'yup/lib/schema.d.ts@0.32.11'. ========
File 'd:/DOPAMS/Toystack/dopams-backend-staging/node_modules/yup/lib/package.json' does not exist according to earlier cached lookups.
File 'd:/DOPAMS/Toystack/dopams-backend-staging/node_modules/yup/package.json' exists according to earlier cached lookups.
======== Resolving module './locale' from 'd:/DOPAMS/Toystack/dopams-backend-staging/node_modules/yup/lib/array.d.ts'. ========
Resolution for module './locale' was found in cache from location 'd:/DOPAMS/Toystack/dopams-backend-staging/node_modules/yup/lib'.
======== Module name './locale' was successfully resolved to 'd:/DOPAMS/Toystack/dopams-backend-staging/node_modules/yup/lib/locale.d.ts' with Package ID 'yup/lib/locale.d.ts@0.32.11'. ========
======== Resolving module './types' from 'd:/DOPAMS/Toystack/dopams-backend-staging/node_modules/yup/lib/array.d.ts'. ========
Resolution for module './types' was found in cache from location 'd:/DOPAMS/Toystack/dopams-backend-staging/node_modules/yup/lib'.
======== Module name './types' was successfully resolved to 'd:/DOPAMS/Toystack/dopams-backend-staging/node_modules/yup/lib/types.d.ts' with Package ID 'yup/lib/types.d.ts@0.32.11'. ========
======== Resolving module './Reference' from 'd:/DOPAMS/Toystack/dopams-backend-staging/node_modules/yup/lib/array.d.ts'. ========
Resolution for module './Reference' was found in cache from location 'd:/DOPAMS/Toystack/dopams-backend-staging/node_modules/yup/lib'.
======== Module name './Reference' was successfully resolved to 'd:/DOPAMS/Toystack/dopams-backend-staging/node_modules/yup/lib/Reference.d.ts' with Package ID 'yup/lib/Reference.d.ts@0.32.11'. ========
======== Resolving module './util/types' from 'd:/DOPAMS/Toystack/dopams-backend-staging/node_modules/yup/lib/array.d.ts'. ========
Resolution for module './util/types' was found in cache from location 'd:/DOPAMS/Toystack/dopams-backend-staging/node_modules/yup/lib'.
======== Module name './util/types' was successfully resolved to 'd:/DOPAMS/Toystack/dopams-backend-staging/node_modules/yup/lib/util/types.d.ts' with Package ID 'yup/lib/util/types.d.ts@0.32.11'. ========
======== Resolving module './schema' from 'd:/DOPAMS/Toystack/dopams-backend-staging/node_modules/yup/lib/array.d.ts'. ========
Resolution for module './schema' was found in cache from location 'd:/DOPAMS/Toystack/dopams-backend-staging/node_modules/yup/lib'.
======== Module name './schema' was successfully resolved to 'd:/DOPAMS/Toystack/dopams-backend-staging/node_modules/yup/lib/schema.d.ts' with Package ID 'yup/lib/schema.d.ts@0.32.11'. ========
======== Resolving module './Lazy' from 'd:/DOPAMS/Toystack/dopams-backend-staging/node_modules/yup/lib/array.d.ts'. ========
Resolution for module './Lazy' was found in cache from location 'd:/DOPAMS/Toystack/dopams-backend-staging/node_modules/yup/lib'.
======== Module name './Lazy' was successfully resolved to 'd:/DOPAMS/Toystack/dopams-backend-staging/node_modules/yup/lib/Lazy.d.ts' with Package ID 'yup/lib/Lazy.d.ts@0.32.11'. ========
File 'd:/DOPAMS/Toystack/dopams-backend-staging/node_modules/yup/lib/util/package.json' does not exist according to earlier cached lookups.
File 'd:/DOPAMS/Toystack/dopams-backend-staging/node_modules/yup/lib/package.json' does not exist according to earlier cached lookups.
File 'd:/DOPAMS/Toystack/dopams-backend-staging/node_modules/yup/package.json' exists according to earlier cached lookups.
File 'd:/DOPAMS/Toystack/dopams-backend-staging/node_modules/yup/lib/util/package.json' does not exist according to earlier cached lookups.
File 'd:/DOPAMS/Toystack/dopams-backend-staging/node_modules/yup/lib/package.json' does not exist according to earlier cached lookups.
File 'd:/DOPAMS/Toystack/dopams-backend-staging/node_modules/yup/package.json' exists according to earlier cached lookups.
======== Resolving module '../types' from 'd:/DOPAMS/Toystack/dopams-backend-staging/node_modules/yup/lib/util/isSchema.d.ts'. ========
Resolution for module '../types' was found in cache from location 'd:/DOPAMS/Toystack/dopams-backend-staging/node_modules/yup/lib/util'.
======== Module name '../types' was successfully resolved to 'd:/DOPAMS/Toystack/dopams-backend-staging/node_modules/yup/lib/types.d.ts' with Package ID 'yup/lib/types.d.ts@0.32.11'. ========
File 'd:/DOPAMS/Toystack/dopams-backend-staging/node_modules/yup/lib/package.json' does not exist according to earlier cached lookups.
File 'd:/DOPAMS/Toystack/dopams-backend-staging/node_modules/yup/package.json' exists according to earlier cached lookups.
======== Resolving module './locale' from 'd:/DOPAMS/Toystack/dopams-backend-staging/node_modules/yup/lib/setLocale.d.ts'. ========
Resolution for module './locale' was found in cache from location 'd:/DOPAMS/Toystack/dopams-backend-staging/node_modules/yup/lib'.
======== Module name './locale' was successfully resolved to 'd:/DOPAMS/Toystack/dopams-backend-staging/node_modules/yup/lib/locale.d.ts' with Package ID 'yup/lib/locale.d.ts@0.32.11'. ========
File 'd:/DOPAMS/Toystack/dopams-backend-staging/node_modules/graphql-shield/typings/package.json' does not exist according to earlier cached lookups.
File 'd:/DOPAMS/Toystack/dopams-backend-staging/node_modules/graphql-shield/package.json' exists according to earlier cached lookups.
======== Resolving module 'yup' from 'd:/DOPAMS/Toystack/dopams-backend-staging/node_modules/graphql-shield/typings/rules.d.ts'. ========
Resolution for module 'yup' was found in cache from location 'd:/DOPAMS/Toystack/dopams-backend-staging/node_modules/graphql-shield/typings'.
======== Module name 'yup' was successfully resolved to 'd:/DOPAMS/Toystack/dopams-backend-staging/node_modules/yup/lib/index.d.ts' with Package ID 'yup/lib/index.d.ts@0.32.11'. ========
======== Resolving module './types.js' from 'd:/DOPAMS/Toystack/dopams-backend-staging/node_modules/graphql-shield/typings/rules.d.ts'. ========
Resolution for module './types.js' was found in cache from location 'd:/DOPAMS/Toystack/dopams-backend-staging/node_modules/graphql-shield/typings'.
======== Module name './types.js' was successfully resolved to 'd:/DOPAMS/Toystack/dopams-backend-staging/node_modules/graphql-shield/typings/types.d.ts' with Package ID 'graphql-shield/typings/types.d.ts@7.6.5+graphql@16.12.0+graphql-middleware@6.1.35'. ========
======== Resolving module 'graphql' from 'd:/DOPAMS/Toystack/dopams-backend-staging/node_modules/graphql-shield/typings/rules.d.ts'. ========
Resolution for module 'graphql' was found in cache from location 'd:/DOPAMS/Toystack/dopams-backend-staging/node_modules/graphql-shield/typings'.
======== Module name 'graphql' was successfully resolved to 'd:/DOPAMS/Toystack/dopams-backend-staging/node_modules/graphql/index.d.ts' with Package ID 'graphql/index.d.ts@16.12.0'. ========
======== Resolving module '@apollo/server/express4' from 'd:/DOPAMS/Toystack/dopams-backend-staging/src/server.ts'. ========
Explicitly specified module resolution kind: 'Node10'.
'baseUrl' option is set to 'd:/DOPAMS/Toystack/dopams-backend-staging/src', using this value to resolve non-relative module name '@apollo/server/express4'.
'paths' option is specified, looking for a pattern to match module name '@apollo/server/express4'.
'baseUrl' option is set to 'd:/DOPAMS/Toystack/dopams-backend-staging/src', using this value to resolve non-relative module name '@apollo/server/express4'.
Resolving module name '@apollo/server/express4' relative to base url 'd:/DOPAMS/Toystack/dopams-backend-staging/src' - 'd:/DOPAMS/Toystack/dopams-backend-staging/src/@apollo/server/express4'.
Loading module as file / folder, candidate module location 'd:/DOPAMS/Toystack/dopams-backend-staging/src/@apollo/server/express4', target file types: TypeScript, Declaration.
Loading module '@apollo/server/express4' from 'node_modules' folder, target file types: TypeScript, Declaration.
Searching all ancestor node_modules directories for preferred extensions: TypeScript, Declaration.
Directory 'd:/DOPAMS/Toystack/dopams-backend-staging/src/node_modules' does not exist, skipping all lookups in it.
Scoped package detected, looking in 'apollo__server/express4'
Found 'package.json' at 'd:/DOPAMS/Toystack/dopams-backend-staging/node_modules/@apollo/server/express4/package.json'.
File 'd:/DOPAMS/Toystack/dopams-backend-staging/node_modules/@apollo/server/express4.ts' does not exist.
File 'd:/DOPAMS/Toystack/dopams-backend-staging/node_modules/@apollo/server/express4.tsx' does not exist.
File 'd:/DOPAMS/Toystack/dopams-backend-staging/node_modules/@apollo/server/express4.d.ts' does not exist.
'package.json' does not have a 'typesVersions' field.
'package.json' does not have a 'typings' field.
'package.json' has 'types' field '../dist/esm/express4/index.d.ts' that references 'd:/DOPAMS/Toystack/dopams-backend-staging/node_modules/@apollo/server/dist/esm/express4/index.d.ts'.
File 'd:/DOPAMS/Toystack/dopams-backend-staging/node_modules/@apollo/server/dist/esm/express4/index.d.ts' exists - use it as a name resolution result.
Resolving real path for 'd:/DOPAMS/Toystack/dopams-backend-staging/node_modules/@apollo/server/dist/esm/express4/index.d.ts', result 'D:/DOPAMS/Toystack/dopams-backend-staging/node_modules/@apollo/server/dist/esm/express4/index.d.ts'.
======== Module name '@apollo/server/express4' was successfully resolved to 'd:/DOPAMS/Toystack/dopams-backend-staging/node_modules/@apollo/server/dist/esm/express4/index.d.ts'. ========
======== Resolving module '@apollo/server' from 'd:/DOPAMS/Toystack/dopams-backend-staging/src/server.ts'. ========
Explicitly specified module resolution kind: 'Node10'.
'baseUrl' option is set to 'd:/DOPAMS/Toystack/dopams-backend-staging/src', using this value to resolve non-relative module name '@apollo/server'.
'paths' option is specified, looking for a pattern to match module name '@apollo/server'.
'baseUrl' option is set to 'd:/DOPAMS/Toystack/dopams-backend-staging/src', using this value to resolve non-relative module name '@apollo/server'.
Resolving module name '@apollo/server' relative to base url 'd:/DOPAMS/Toystack/dopams-backend-staging/src' - 'd:/DOPAMS/Toystack/dopams-backend-staging/src/@apollo/server'.
Loading module as file / folder, candidate module location 'd:/DOPAMS/Toystack/dopams-backend-staging/src/@apollo/server', target file types: TypeScript, Declaration.
Loading module '@apollo/server' from 'node_modules' folder, target file types: TypeScript, Declaration.
Searching all ancestor node_modules directories for preferred extensions: TypeScript, Declaration.
Directory 'd:/DOPAMS/Toystack/dopams-backend-staging/src/node_modules' does not exist, skipping all lookups in it.
Scoped package detected, looking in 'apollo__server'
Found 'package.json' at 'd:/DOPAMS/Toystack/dopams-backend-staging/node_modules/@apollo/server/package.json'.
File 'd:/DOPAMS/Toystack/dopams-backend-staging/node_modules/@apollo/server.ts' does not exist.
File 'd:/DOPAMS/Toystack/dopams-backend-staging/node_modules/@apollo/server.tsx' does not exist.
File 'd:/DOPAMS/Toystack/dopams-backend-staging/node_modules/@apollo/server.d.ts' does not exist.
'package.json' does not have a 'typesVersions' field.
'package.json' does not have a 'typings' field.
'package.json' has 'types' field 'dist/esm/index.d.ts' that references 'd:/DOPAMS/Toystack/dopams-backend-staging/node_modules/@apollo/server/dist/esm/index.d.ts'.
File 'd:/DOPAMS/Toystack/dopams-backend-staging/node_modules/@apollo/server/dist/esm/index.d.ts' exists - use it as a name resolution result.
'package.json' has a 'peerDependencies' field.
Resolving real path for 'd:/DOPAMS/Toystack/dopams-backend-staging/node_modules/@apollo/server', result 'D:/DOPAMS/Toystack/dopams-backend-staging/node_modules/@apollo/server'.
File 'D:/DOPAMS/Toystack/dopams-backend-staging/node_modules/graphql/package.json' exists according to earlier cached lookups.
Found peerDependency 'graphql' with '16.12.0' version.
Resolving real path for 'd:/DOPAMS/Toystack/dopams-backend-staging/node_modules/@apollo/server/dist/esm/index.d.ts', result 'D:/DOPAMS/Toystack/dopams-backend-staging/node_modules/@apollo/server/dist/esm/index.d.ts'.
======== Module name '@apollo/server' was successfully resolved to 'd:/DOPAMS/Toystack/dopams-backend-staging/node_modules/@apollo/server/dist/esm/index.d.ts' with Package ID '@apollo/server/dist/esm/index.d.ts@4.13.0+graphql@16.12.0'. ========
======== Resolving module 'body-parser' from 'd:/DOPAMS/Toystack/dopams-backend-staging/src/server.ts'. ========
Explicitly specified module resolution kind: 'Node10'.
'baseUrl' option is set to 'd:/DOPAMS/Toystack/dopams-backend-staging/src', using this value to resolve non-relative module name 'body-parser'.
'paths' option is specified, looking for a pattern to match module name 'body-parser'.
'baseUrl' option is set to 'd:/DOPAMS/Toystack/dopams-backend-staging/src', using this value to resolve non-relative module name 'body-parser'.
Resolving module name 'body-parser' relative to base url 'd:/DOPAMS/Toystack/dopams-backend-staging/src' - 'd:/DOPAMS/Toystack/dopams-backend-staging/src/body-parser'.
Loading module as file / folder, candidate module location 'd:/DOPAMS/Toystack/dopams-backend-staging/src/body-parser', target file types: TypeScript, Declaration.
File 'd:/DOPAMS/Toystack/dopams-backend-staging/src/body-parser.ts' does not exist.
File 'd:/DOPAMS/Toystack/dopams-backend-staging/src/body-parser.tsx' does not exist.
File 'd:/DOPAMS/Toystack/dopams-backend-staging/src/body-parser.d.ts' does not exist.
Directory 'd:/DOPAMS/Toystack/dopams-backend-staging/src/body-parser' does not exist, skipping all lookups in it.
Loading module 'body-parser' from 'node_modules' folder, target file types: TypeScript, Declaration.
Searching all ancestor node_modules directories for preferred extensions: TypeScript, Declaration.
Directory 'd:/DOPAMS/Toystack/dopams-backend-staging/src/node_modules' does not exist, skipping all lookups in it.
Found 'package.json' at 'd:/DOPAMS/Toystack/dopams-backend-staging/node_modules/body-parser/package.json'.
File 'd:/DOPAMS/Toystack/dopams-backend-staging/node_modules/body-parser.ts' does not exist.
File 'd:/DOPAMS/Toystack/dopams-backend-staging/node_modules/body-parser.tsx' does not exist.
File 'd:/DOPAMS/Toystack/dopams-backend-staging/node_modules/body-parser.d.ts' does not exist.
'package.json' does not have a 'typesVersions' field.
'package.json' does not have a 'typings' field.
'package.json' does not have a 'types' field.
'package.json' does not have a 'main' field.
File 'd:/DOPAMS/Toystack/dopams-backend-staging/node_modules/body-parser/index.ts' does not exist.
File 'd:/DOPAMS/Toystack/dopams-backend-staging/node_modules/body-parser/index.tsx' does not exist.
File 'd:/DOPAMS/Toystack/dopams-backend-staging/node_modules/body-parser/index.d.ts' does not exist.
Found 'package.json' at 'd:/DOPAMS/Toystack/dopams-backend-staging/node_modules/@types/body-parser/package.json'.
File 'd:/DOPAMS/Toystack/dopams-backend-staging/node_modules/@types/body-parser.d.ts' does not exist.
'package.json' does not have a 'typesVersions' field.
'package.json' does not have a 'typings' field.
'package.json' has 'types' field 'index.d.ts' that references 'd:/DOPAMS/Toystack/dopams-backend-staging/node_modules/@types/body-parser/index.d.ts'.
File 'd:/DOPAMS/Toystack/dopams-backend-staging/node_modules/@types/body-parser/index.d.ts' exists - use it as a name resolution result.
'package.json' has a 'peerDependencies' field.
Resolving real path for 'd:/DOPAMS/Toystack/dopams-backend-staging/node_modules/@types/body-parser', result 'D:/DOPAMS/Toystack/dopams-backend-staging/node_modules/@types/body-parser'.
Resolving real path for 'd:/DOPAMS/Toystack/dopams-backend-staging/node_modules/@types/body-parser/index.d.ts', result 'D:/DOPAMS/Toystack/dopams-backend-staging/node_modules/@types/body-parser/index.d.ts'.
======== Module name 'body-parser' was successfully resolved to 'd:/DOPAMS/Toystack/dopams-backend-staging/node_modules/@types/body-parser/index.d.ts' with Package ID '@types/body-parser/index.d.ts@1.19.6'. ========
======== Resolving module 'cors' from 'd:/DOPAMS/Toystack/dopams-backend-staging/src/server.ts'. ========
Explicitly specified module resolution kind: 'Node10'.
'baseUrl' option is set to 'd:/DOPAMS/Toystack/dopams-backend-staging/src', using this value to resolve non-relative module name 'cors'.
'paths' option is specified, looking for a pattern to match module name 'cors'.
'baseUrl' option is set to 'd:/DOPAMS/Toystack/dopams-backend-staging/src', using this value to resolve non-relative module name 'cors'.
Resolving module name 'cors' relative to base url 'd:/DOPAMS/Toystack/dopams-backend-staging/src' - 'd:/DOPAMS/Toystack/dopams-backend-staging/src/cors'.
Loading module as file / folder, candidate module location 'd:/DOPAMS/Toystack/dopams-backend-staging/src/cors', target file types: TypeScript, Declaration.
File 'd:/DOPAMS/Toystack/dopams-backend-staging/src/cors.ts' does not exist.
File 'd:/DOPAMS/Toystack/dopams-backend-staging/src/cors.tsx' does not exist.
File 'd:/DOPAMS/Toystack/dopams-backend-staging/src/cors.d.ts' does not exist.
Directory 'd:/DOPAMS/Toystack/dopams-backend-staging/src/cors' does not exist, skipping all lookups in it.
Loading module 'cors' from 'node_modules' folder, target file types: TypeScript, Declaration.
Searching all ancestor node_modules directories for preferred extensions: TypeScript, Declaration.
Directory 'd:/DOPAMS/Toystack/dopams-backend-staging/src/node_modules' does not exist, skipping all lookups in it.
Found 'package.json' at 'd:/DOPAMS/Toystack/dopams-backend-staging/node_modules/cors/package.json'.
File 'd:/DOPAMS/Toystack/dopams-backend-staging/node_modules/cors.ts' does not exist.
File 'd:/DOPAMS/Toystack/dopams-backend-staging/node_modules/cors.tsx' does not exist.
File 'd:/DOPAMS/Toystack/dopams-backend-staging/node_modules/cors.d.ts' does not exist.
'package.json' does not have a 'typesVersions' field.
'package.json' does not have a 'typings' field.
'package.json' does not have a 'types' field.
'package.json' has 'main' field './lib/index.js' that references 'd:/DOPAMS/Toystack/dopams-backend-staging/node_modules/cors/lib/index.js'.
File name 'd:/DOPAMS/Toystack/dopams-backend-staging/node_modules/cors/lib/index.js' has a '.js' extension - stripping it.
File 'd:/DOPAMS/Toystack/dopams-backend-staging/node_modules/cors/lib/index.ts' does not exist.
File 'd:/DOPAMS/Toystack/dopams-backend-staging/node_modules/cors/lib/index.tsx' does not exist.
File 'd:/DOPAMS/Toystack/dopams-backend-staging/node_modules/cors/lib/index.d.ts' does not exist.
Loading module as file / folder, candidate module location 'd:/DOPAMS/Toystack/dopams-backend-staging/node_modules/cors/lib/index.js', target file types: TypeScript, Declaration.
File name 'd:/DOPAMS/Toystack/dopams-backend-staging/node_modules/cors/lib/index.js' has a '.js' extension - stripping it.
File 'd:/DOPAMS/Toystack/dopams-backend-staging/node_modules/cors/lib/index.ts' does not exist.
File 'd:/DOPAMS/Toystack/dopams-backend-staging/node_modules/cors/lib/index.tsx' does not exist.
File 'd:/DOPAMS/Toystack/dopams-backend-staging/node_modules/cors/lib/index.d.ts' does not exist.
File 'd:/DOPAMS/Toystack/dopams-backend-staging/node_modules/cors/lib/index.js.ts' does not exist.
File 'd:/DOPAMS/Toystack/dopams-backend-staging/node_modules/cors/lib/index.js.tsx' does not exist.
File 'd:/DOPAMS/Toystack/dopams-backend-staging/node_modules/cors/lib/index.js.d.ts' does not exist.
Directory 'd:/DOPAMS/Toystack/dopams-backend-staging/node_modules/cors/lib/index.js' does not exist, skipping all lookups in it.
File 'd:/DOPAMS/Toystack/dopams-backend-staging/node_modules/cors/index.ts' does not exist.
File 'd:/DOPAMS/Toystack/dopams-backend-staging/node_modules/cors/index.tsx' does not exist.
File 'd:/DOPAMS/Toystack/dopams-backend-staging/node_modules/cors/index.d.ts' does not exist.
File 'd:/DOPAMS/Toystack/dopams-backend-staging/node_modules/@types/cors.d.ts' does not exist.
Directory 'd:/DOPAMS/Toystack/node_modules' does not exist, skipping all lookups in it.
Directory 'd:/DOPAMS/node_modules' does not exist, skipping all lookups in it.
Directory 'd:/node_modules' does not exist, skipping all lookups in it.
'baseUrl' option is set to 'd:/DOPAMS/Toystack/dopams-backend-staging/src', using this value to resolve non-relative module name 'cors'.
'paths' option is specified, looking for a pattern to match module name 'cors'.
'baseUrl' option is set to 'd:/DOPAMS/Toystack/dopams-backend-staging/src', using this value to resolve non-relative module name 'cors'.
Resolving module name 'cors' relative to base url 'd:/DOPAMS/Toystack/dopams-backend-staging/src' - 'd:/DOPAMS/Toystack/dopams-backend-staging/src/cors'.
Loading module as file / folder, candidate module location 'd:/DOPAMS/Toystack/dopams-backend-staging/src/cors', target file types: JavaScript, JSON.
File 'd:/DOPAMS/Toystack/dopams-backend-staging/src/cors.js' does not exist.
File 'd:/DOPAMS/Toystack/dopams-backend-staging/src/cors.jsx' does not exist.
Directory 'd:/DOPAMS/Toystack/dopams-backend-staging/src/cors' does not exist, skipping all lookups in it.
Loading module 'cors' from 'node_modules' folder, target file types: JavaScript, JSON.
Searching all ancestor node_modules directories for fallback extensions: JavaScript, JSON.
Directory 'd:/DOPAMS/Toystack/dopams-backend-staging/src/node_modules' does not exist, skipping all lookups in it.
File 'd:/DOPAMS/Toystack/dopams-backend-staging/node_modules/cors/package.json' exists according to earlier cached lookups.
File 'd:/DOPAMS/Toystack/dopams-backend-staging/node_modules/cors.js' does not exist.
File 'd:/DOPAMS/Toystack/dopams-backend-staging/node_modules/cors.jsx' does not exist.
'package.json' has 'main' field './lib/index.js' that references 'd:/DOPAMS/Toystack/dopams-backend-staging/node_modules/cors/lib/index.js'.
File name 'd:/DOPAMS/Toystack/dopams-backend-staging/node_modules/cors/lib/index.js' has a '.js' extension - stripping it.
File 'd:/DOPAMS/Toystack/dopams-backend-staging/node_modules/cors/lib/index.js' exists - use it as a name resolution result.
'package.json' does not have a 'peerDependencies' field.
Resolution of non-relative name failed; trying with '--moduleResolution bundler' to see if project may need configuration update.
'baseUrl' option is set to 'd:/DOPAMS/Toystack/dopams-backend-staging/src', using this value to resolve non-relative module name 'cors'.
'paths' option is specified, looking for a pattern to match module name 'cors'.
'baseUrl' option is set to 'd:/DOPAMS/Toystack/dopams-backend-staging/src', using this value to resolve non-relative module name 'cors'.
Resolving module name 'cors' relative to base url 'd:/DOPAMS/Toystack/dopams-backend-staging/src' - 'd:/DOPAMS/Toystack/dopams-backend-staging/src/cors'.
Loading module as file / folder, candidate module location 'd:/DOPAMS/Toystack/dopams-backend-staging/src/cors', target file types: TypeScript, Declaration.
File 'd:/DOPAMS/Toystack/dopams-backend-staging/src/cors.ts' does not exist.
File 'd:/DOPAMS/Toystack/dopams-backend-staging/src/cors.tsx' does not exist.
File 'd:/DOPAMS/Toystack/dopams-backend-staging/src/cors.d.ts' does not exist.
Directory 'd:/DOPAMS/Toystack/dopams-backend-staging/src/cors' does not exist, skipping all lookups in it.
Loading module 'cors' from 'node_modules' folder, target file types: TypeScript, Declaration.
Searching all ancestor node_modules directories for preferred extensions: TypeScript, Declaration.
Directory 'd:/DOPAMS/Toystack/dopams-backend-staging/src/node_modules' does not exist, skipping all lookups in it.
File 'd:/DOPAMS/Toystack/dopams-backend-staging/node_modules/cors/package.json' exists according to earlier cached lookups.
File 'd:/DOPAMS/Toystack/dopams-backend-staging/node_modules/cors.ts' does not exist.
File 'd:/DOPAMS/Toystack/dopams-backend-staging/node_modules/cors.tsx' does not exist.
File 'd:/DOPAMS/Toystack/dopams-backend-staging/node_modules/cors.d.ts' does not exist.
'package.json' does not have a 'typings' field.
'package.json' does not have a 'types' field.
'package.json' has 'main' field './lib/index.js' that references 'd:/DOPAMS/Toystack/dopams-backend-staging/node_modules/cors/lib/index.js'.
File name 'd:/DOPAMS/Toystack/dopams-backend-staging/node_modules/cors/lib/index.js' has a '.js' extension - stripping it.
File 'd:/DOPAMS/Toystack/dopams-backend-staging/node_modules/cors/lib/index.ts' does not exist.
File 'd:/DOPAMS/Toystack/dopams-backend-staging/node_modules/cors/lib/index.tsx' does not exist.
File 'd:/DOPAMS/Toystack/dopams-backend-staging/node_modules/cors/lib/index.d.ts' does not exist.
Loading module as file / folder, candidate module location 'd:/DOPAMS/Toystack/dopams-backend-staging/node_modules/cors/lib/index.js', target file types: TypeScript, Declaration.
File name 'd:/DOPAMS/Toystack/dopams-backend-staging/node_modules/cors/lib/index.js' has a '.js' extension - stripping it.
File 'd:/DOPAMS/Toystack/dopams-backend-staging/node_modules/cors/lib/index.ts' does not exist.
File 'd:/DOPAMS/Toystack/dopams-backend-staging/node_modules/cors/lib/index.tsx' does not exist.
File 'd:/DOPAMS/Toystack/dopams-backend-staging/node_modules/cors/lib/index.d.ts' does not exist.
File 'd:/DOPAMS/Toystack/dopams-backend-staging/node_modules/cors/lib/index.js.ts' does not exist.
File 'd:/DOPAMS/Toystack/dopams-backend-staging/node_modules/cors/lib/index.js.tsx' does not exist.
File 'd:/DOPAMS/Toystack/dopams-backend-staging/node_modules/cors/lib/index.js.d.ts' does not exist.
Directory 'd:/DOPAMS/Toystack/dopams-backend-staging/node_modules/cors/lib/index.js' does not exist, skipping all lookups in it.
File 'd:/DOPAMS/Toystack/dopams-backend-staging/node_modules/cors/index.ts' does not exist.
File 'd:/DOPAMS/Toystack/dopams-backend-staging/node_modules/cors/index.tsx' does not exist.
File 'd:/DOPAMS/Toystack/dopams-backend-staging/node_modules/cors/index.d.ts' does not exist.
File 'd:/DOPAMS/Toystack/dopams-backend-staging/node_modules/@types/cors.d.ts' does not exist.
Directory 'd:/DOPAMS/Toystack/node_modules' does not exist, skipping all lookups in it.
Directory 'd:/DOPAMS/node_modules' does not exist, skipping all lookups in it.
Directory 'd:/node_modules' does not exist, skipping all lookups in it.
Resolving real path for 'd:/DOPAMS/Toystack/dopams-backend-staging/node_modules/cors/lib/index.js', result 'D:/DOPAMS/Toystack/dopams-backend-staging/node_modules/cors/lib/index.js'.
======== Module name 'cors' was successfully resolved to 'd:/DOPAMS/Toystack/dopams-backend-staging/node_modules/cors/lib/index.js' with Package ID 'cors/lib/index.js@2.8.6'. ========
======== Resolving module 'dotenv' from 'd:/DOPAMS/Toystack/dopams-backend-staging/src/server.ts'. ========
Explicitly specified module resolution kind: 'Node10'.
'baseUrl' option is set to 'd:/DOPAMS/Toystack/dopams-backend-staging/src', using this value to resolve non-relative module name 'dotenv'.
'paths' option is specified, looking for a pattern to match module name 'dotenv'.
'baseUrl' option is set to 'd:/DOPAMS/Toystack/dopams-backend-staging/src', using this value to resolve non-relative module name 'dotenv'.
Resolving module name 'dotenv' relative to base url 'd:/DOPAMS/Toystack/dopams-backend-staging/src' - 'd:/DOPAMS/Toystack/dopams-backend-staging/src/dotenv'.
Loading module as file / folder, candidate module location 'd:/DOPAMS/Toystack/dopams-backend-staging/src/dotenv', target file types: TypeScript, Declaration.
File 'd:/DOPAMS/Toystack/dopams-backend-staging/src/dotenv.ts' does not exist.
File 'd:/DOPAMS/Toystack/dopams-backend-staging/src/dotenv.tsx' does not exist.
File 'd:/DOPAMS/Toystack/dopams-backend-staging/src/dotenv.d.ts' does not exist.
Directory 'd:/DOPAMS/Toystack/dopams-backend-staging/src/dotenv' does not exist, skipping all lookups in it.
Loading module 'dotenv' from 'node_modules' folder, target file types: TypeScript, Declaration.
Searching all ancestor node_modules directories for preferred extensions: TypeScript, Declaration.
Directory 'd:/DOPAMS/Toystack/dopams-backend-staging/src/node_modules' does not exist, skipping all lookups in it.
Found 'package.json' at 'd:/DOPAMS/Toystack/dopams-backend-staging/node_modules/dotenv/package.json'.
File 'd:/DOPAMS/Toystack/dopams-backend-staging/node_modules/dotenv.ts' does not exist.
File 'd:/DOPAMS/Toystack/dopams-backend-staging/node_modules/dotenv.tsx' does not exist.
File 'd:/DOPAMS/Toystack/dopams-backend-staging/node_modules/dotenv.d.ts' does not exist.
'package.json' does not have a 'typesVersions' field.
'package.json' does not have a 'typings' field.
'package.json' has 'types' field 'lib/main.d.ts' that references 'd:/DOPAMS/Toystack/dopams-backend-staging/node_modules/dotenv/lib/main.d.ts'.
File 'd:/DOPAMS/Toystack/dopams-backend-staging/node_modules/dotenv/lib/main.d.ts' exists - use it as a name resolution result.
'package.json' does not have a 'peerDependencies' field.
Resolving real path for 'd:/DOPAMS/Toystack/dopams-backend-staging/node_modules/dotenv/lib/main.d.ts', result 'D:/DOPAMS/Toystack/dopams-backend-staging/node_modules/dotenv/lib/main.d.ts'.
======== Module name 'dotenv' was successfully resolved to 'd:/DOPAMS/Toystack/dopams-backend-staging/node_modules/dotenv/lib/main.d.ts' with Package ID 'dotenv/lib/main.d.ts@16.6.1'. ========
======== Resolving module 'express' from 'd:/DOPAMS/Toystack/dopams-backend-staging/src/server.ts'. ========
Explicitly specified module resolution kind: 'Node10'.
'baseUrl' option is set to 'd:/DOPAMS/Toystack/dopams-backend-staging/src', using this value to resolve non-relative module name 'express'.
'paths' option is specified, looking for a pattern to match module name 'express'.
'baseUrl' option is set to 'd:/DOPAMS/Toystack/dopams-backend-staging/src', using this value to resolve non-relative module name 'express'.
Resolving module name 'express' relative to base url 'd:/DOPAMS/Toystack/dopams-backend-staging/src' - 'd:/DOPAMS/Toystack/dopams-backend-staging/src/express'.
Loading module as file / folder, candidate module location 'd:/DOPAMS/Toystack/dopams-backend-staging/src/express', target file types: TypeScript, Declaration.
File 'd:/DOPAMS/Toystack/dopams-backend-staging/src/express.ts' does not exist.
File 'd:/DOPAMS/Toystack/dopams-backend-staging/src/express.tsx' does not exist.
File 'd:/DOPAMS/Toystack/dopams-backend-staging/src/express.d.ts' does not exist.
Directory 'd:/DOPAMS/Toystack/dopams-backend-staging/src/express' does not exist, skipping all lookups in it.
Loading module 'express' from 'node_modules' folder, target file types: TypeScript, Declaration.
Searching all ancestor node_modules directories for preferred extensions: TypeScript, Declaration.
Directory 'd:/DOPAMS/Toystack/dopams-backend-staging/src/node_modules' does not exist, skipping all lookups in it.
Found 'package.json' at 'd:/DOPAMS/Toystack/dopams-backend-staging/node_modules/express/package.json'.
File 'd:/DOPAMS/Toystack/dopams-backend-staging/node_modules/express.ts' does not exist.
File 'd:/DOPAMS/Toystack/dopams-backend-staging/node_modules/express.tsx' does not exist.
File 'd:/DOPAMS/Toystack/dopams-backend-staging/node_modules/express.d.ts' does not exist.
'package.json' does not have a 'typesVersions' field.
'package.json' does not have a 'typings' field.
'package.json' does not have a 'types' field.
'package.json' does not have a 'main' field.
File 'd:/DOPAMS/Toystack/dopams-backend-staging/node_modules/express/index.ts' does not exist.
File 'd:/DOPAMS/Toystack/dopams-backend-staging/node_modules/express/index.tsx' does not exist.
File 'd:/DOPAMS/Toystack/dopams-backend-staging/node_modules/express/index.d.ts' does not exist.
Found 'package.json' at 'd:/DOPAMS/Toystack/dopams-backend-staging/node_modules/@types/express/package.json'.
File 'd:/DOPAMS/Toystack/dopams-backend-staging/node_modules/@types/express.d.ts' does not exist.
'package.json' does not have a 'typesVersions' field.
'package.json' does not have a 'typings' field.
'package.json' has 'types' field 'index.d.ts' that references 'd:/DOPAMS/Toystack/dopams-backend-staging/node_modules/@types/express/index.d.ts'.
File 'd:/DOPAMS/Toystack/dopams-backend-staging/node_modules/@types/express/index.d.ts' exists - use it as a name resolution result.
'package.json' has a 'peerDependencies' field.
Resolving real path for 'd:/DOPAMS/Toystack/dopams-backend-staging/node_modules/@types/express', result 'D:/DOPAMS/Toystack/dopams-backend-staging/node_modules/@types/express'.
Resolving real path for 'd:/DOPAMS/Toystack/dopams-backend-staging/node_modules/@types/express/index.d.ts', result 'D:/DOPAMS/Toystack/dopams-backend-staging/node_modules/@types/express/index.d.ts'.
======== Module name 'express' was successfully resolved to 'd:/DOPAMS/Toystack/dopams-backend-staging/node_modules/@types/express/index.d.ts' with Package ID '@types/express/index.d.ts@4.17.25'. ========
======== Resolving module 'graphql-depth-limit' from 'd:/DOPAMS/Toystack/dopams-backend-staging/src/server.ts'. ========
Explicitly specified module resolution kind: 'Node10'.
'baseUrl' option is set to 'd:/DOPAMS/Toystack/dopams-backend-staging/src', using this value to resolve non-relative module name 'graphql-depth-limit'.
'paths' option is specified, looking for a pattern to match module name 'graphql-depth-limit'.
'baseUrl' option is set to 'd:/DOPAMS/Toystack/dopams-backend-staging/src', using this value to resolve non-relative module name 'graphql-depth-limit'.
Resolving module name 'graphql-depth-limit' relative to base url 'd:/DOPAMS/Toystack/dopams-backend-staging/src' - 'd:/DOPAMS/Toystack/dopams-backend-staging/src/graphql-depth-limit'.
Loading module as file / folder, candidate module location 'd:/DOPAMS/Toystack/dopams-backend-staging/src/graphql-depth-limit', target file types: TypeScript, Declaration.
File 'd:/DOPAMS/Toystack/dopams-backend-staging/src/graphql-depth-limit.ts' does not exist.
File 'd:/DOPAMS/Toystack/dopams-backend-staging/src/graphql-depth-limit.tsx' does not exist.
File 'd:/DOPAMS/Toystack/dopams-backend-staging/src/graphql-depth-limit.d.ts' does not exist.
Directory 'd:/DOPAMS/Toystack/dopams-backend-staging/src/graphql-depth-limit' does not exist, skipping all lookups in it.
Loading module 'graphql-depth-limit' from 'node_modules' folder, target file types: TypeScript, Declaration.
Searching all ancestor node_modules directories for preferred extensions: TypeScript, Declaration.
Directory 'd:/DOPAMS/Toystack/dopams-backend-staging/src/node_modules' does not exist, skipping all lookups in it.
Found 'package.json' at 'd:/DOPAMS/Toystack/dopams-backend-staging/node_modules/graphql-depth-limit/package.json'.
File 'd:/DOPAMS/Toystack/dopams-backend-staging/node_modules/graphql-depth-limit.ts' does not exist.
File 'd:/DOPAMS/Toystack/dopams-backend-staging/node_modules/graphql-depth-limit.tsx' does not exist.
File 'd:/DOPAMS/Toystack/dopams-backend-staging/node_modules/graphql-depth-limit.d.ts' does not exist.
'package.json' does not have a 'typesVersions' field.
'package.json' does not have a 'typings' field.
'package.json' does not have a 'types' field.
'package.json' has 'main' field 'index.js' that references 'd:/DOPAMS/Toystack/dopams-backend-staging/node_modules/graphql-depth-limit/index.js'.
File name 'd:/DOPAMS/Toystack/dopams-backend-staging/node_modules/graphql-depth-limit/index.js' has a '.js' extension - stripping it.
File 'd:/DOPAMS/Toystack/dopams-backend-staging/node_modules/graphql-depth-limit/index.ts' does not exist.
File 'd:/DOPAMS/Toystack/dopams-backend-staging/node_modules/graphql-depth-limit/index.tsx' does not exist.
File 'd:/DOPAMS/Toystack/dopams-backend-staging/node_modules/graphql-depth-limit/index.d.ts' does not exist.
Loading module as file / folder, candidate module location 'd:/DOPAMS/Toystack/dopams-backend-staging/node_modules/graphql-depth-limit/index.js', target file types: TypeScript, Declaration.
File name 'd:/DOPAMS/Toystack/dopams-backend-staging/node_modules/graphql-depth-limit/index.js' has a '.js' extension - stripping it.
File 'd:/DOPAMS/Toystack/dopams-backend-staging/node_modules/graphql-depth-limit/index.ts' does not exist.
File 'd:/DOPAMS/Toystack/dopams-backend-staging/node_modules/graphql-depth-limit/index.tsx' does not exist.
File 'd:/DOPAMS/Toystack/dopams-backend-staging/node_modules/graphql-depth-limit/index.d.ts' does not exist.
File 'd:/DOPAMS/Toystack/dopams-backend-staging/node_modules/graphql-depth-limit/index.js.ts' does not exist.
File 'd:/DOPAMS/Toystack/dopams-backend-staging/node_modules/graphql-depth-limit/index.js.tsx' does not exist.
File 'd:/DOPAMS/Toystack/dopams-backend-staging/node_modules/graphql-depth-limit/index.js.d.ts' does not exist.
Directory 'd:/DOPAMS/Toystack/dopams-backend-staging/node_modules/graphql-depth-limit/index.js' does not exist, skipping all lookups in it.
File 'd:/DOPAMS/Toystack/dopams-backend-staging/node_modules/graphql-depth-limit/index.ts' does not exist.
File 'd:/DOPAMS/Toystack/dopams-backend-staging/node_modules/graphql-depth-limit/index.tsx' does not exist.
File 'd:/DOPAMS/Toystack/dopams-backend-staging/node_modules/graphql-depth-limit/index.d.ts' does not exist.
File 'd:/DOPAMS/Toystack/dopams-backend-staging/node_modules/@types/graphql-depth-limit.d.ts' does not exist.
Directory 'd:/DOPAMS/Toystack/node_modules' does not exist, skipping all lookups in it.
Directory 'd:/DOPAMS/node_modules' does not exist, skipping all lookups in it.
Directory 'd:/node_modules' does not exist, skipping all lookups in it.
'baseUrl' option is set to 'd:/DOPAMS/Toystack/dopams-backend-staging/src', using this value to resolve non-relative module name 'graphql-depth-limit'.
'paths' option is specified, looking for a pattern to match module name 'graphql-depth-limit'.
'baseUrl' option is set to 'd:/DOPAMS/Toystack/dopams-backend-staging/src', using this value to resolve non-relative module name 'graphql-depth-limit'.
Resolving module name 'graphql-depth-limit' relative to base url 'd:/DOPAMS/Toystack/dopams-backend-staging/src' - 'd:/DOPAMS/Toystack/dopams-backend-staging/src/graphql-depth-limit'.
Loading module as file / folder, candidate module location 'd:/DOPAMS/Toystack/dopams-backend-staging/src/graphql-depth-limit', target file types: JavaScript, JSON.
File 'd:/DOPAMS/Toystack/dopams-backend-staging/src/graphql-depth-limit.js' does not exist.
File 'd:/DOPAMS/Toystack/dopams-backend-staging/src/graphql-depth-limit.jsx' does not exist.
Directory 'd:/DOPAMS/Toystack/dopams-backend-staging/src/graphql-depth-limit' does not exist, skipping all lookups in it.
Loading module 'graphql-depth-limit' from 'node_modules' folder, target file types: JavaScript, JSON.
Searching all ancestor node_modules directories for fallback extensions: JavaScript, JSON.
Directory 'd:/DOPAMS/Toystack/dopams-backend-staging/src/node_modules' does not exist, skipping all lookups in it.
File 'd:/DOPAMS/Toystack/dopams-backend-staging/node_modules/graphql-depth-limit/package.json' exists according to earlier cached lookups.
File 'd:/DOPAMS/Toystack/dopams-backend-staging/node_modules/graphql-depth-limit.js' does not exist.
File 'd:/DOPAMS/Toystack/dopams-backend-staging/node_modules/graphql-depth-limit.jsx' does not exist.
'package.json' has 'main' field 'index.js' that references 'd:/DOPAMS/Toystack/dopams-backend-staging/node_modules/graphql-depth-limit/index.js'.
File name 'd:/DOPAMS/Toystack/dopams-backend-staging/node_modules/graphql-depth-limit/index.js' has a '.js' extension - stripping it.
File 'd:/DOPAMS/Toystack/dopams-backend-staging/node_modules/graphql-depth-limit/index.js' exists - use it as a name resolution result.
'package.json' has a 'peerDependencies' field.
Resolving real path for 'd:/DOPAMS/Toystack/dopams-backend-staging/node_modules/graphql-depth-limit', result 'D:/DOPAMS/Toystack/dopams-backend-staging/node_modules/graphql-depth-limit'.
File 'D:/DOPAMS/Toystack/dopams-backend-staging/node_modules/graphql/package.json' exists according to earlier cached lookups.
Found peerDependency 'graphql' with '16.12.0' version.
Resolution of non-relative name failed; trying with '--moduleResolution bundler' to see if project may need configuration update.
'baseUrl' option is set to 'd:/DOPAMS/Toystack/dopams-backend-staging/src', using this value to resolve non-relative module name 'graphql-depth-limit'.
'paths' option is specified, looking for a pattern to match module name 'graphql-depth-limit'.
'baseUrl' option is set to 'd:/DOPAMS/Toystack/dopams-backend-staging/src', using this value to resolve non-relative module name 'graphql-depth-limit'.
Resolving module name 'graphql-depth-limit' relative to base url 'd:/DOPAMS/Toystack/dopams-backend-staging/src' - 'd:/DOPAMS/Toystack/dopams-backend-staging/src/graphql-depth-limit'.
Loading module as file / folder, candidate module location 'd:/DOPAMS/Toystack/dopams-backend-staging/src/graphql-depth-limit', target file types: TypeScript, Declaration.
File 'd:/DOPAMS/Toystack/dopams-backend-staging/src/graphql-depth-limit.ts' does not exist.
File 'd:/DOPAMS/Toystack/dopams-backend-staging/src/graphql-depth-limit.tsx' does not exist.
File 'd:/DOPAMS/Toystack/dopams-backend-staging/src/graphql-depth-limit.d.ts' does not exist.
Directory 'd:/DOPAMS/Toystack/dopams-backend-staging/src/graphql-depth-limit' does not exist, skipping all lookups in it.
Loading module 'graphql-depth-limit' from 'node_modules' folder, target file types: TypeScript, Declaration.
Searching all ancestor node_modules directories for preferred extensions: TypeScript, Declaration.
Directory 'd:/DOPAMS/Toystack/dopams-backend-staging/src/node_modules' does not exist, skipping all lookups in it.
File 'd:/DOPAMS/Toystack/dopams-backend-staging/node_modules/graphql-depth-limit/package.json' exists according to earlier cached lookups.
File 'd:/DOPAMS/Toystack/dopams-backend-staging/node_modules/graphql-depth-limit.ts' does not exist.
File 'd:/DOPAMS/Toystack/dopams-backend-staging/node_modules/graphql-depth-limit.tsx' does not exist.
File 'd:/DOPAMS/Toystack/dopams-backend-staging/node_modules/graphql-depth-limit.d.ts' does not exist.
'package.json' does not have a 'typings' field.
'package.json' does not have a 'types' field.
'package.json' has 'main' field 'index.js' that references 'd:/DOPAMS/Toystack/dopams-backend-staging/node_modules/graphql-depth-limit/index.js'.
File name 'd:/DOPAMS/Toystack/dopams-backend-staging/node_modules/graphql-depth-limit/index.js' has a '.js' extension - stripping it.
File 'd:/DOPAMS/Toystack/dopams-backend-staging/node_modules/graphql-depth-limit/index.ts' does not exist.
File 'd:/DOPAMS/Toystack/dopams-backend-staging/node_modules/graphql-depth-limit/index.tsx' does not exist.
File 'd:/DOPAMS/Toystack/dopams-backend-staging/node_modules/graphql-depth-limit/index.d.ts' does not exist.
Loading module as file / folder, candidate module location 'd:/DOPAMS/Toystack/dopams-backend-staging/node_modules/graphql-depth-limit/index.js', target file types: TypeScript, Declaration.
File name 'd:/DOPAMS/Toystack/dopams-backend-staging/node_modules/graphql-depth-limit/index.js' has a '.js' extension - stripping it.
File 'd:/DOPAMS/Toystack/dopams-backend-staging/node_modules/graphql-depth-limit/index.ts' does not exist.
File 'd:/DOPAMS/Toystack/dopams-backend-staging/node_modules/graphql-depth-limit/index.tsx' does not exist.
File 'd:/DOPAMS/Toystack/dopams-backend-staging/node_modules/graphql-depth-limit/index.d.ts' does not exist.
File 'd:/DOPAMS/Toystack/dopams-backend-staging/node_modules/graphql-depth-limit/index.js.ts' does not exist.
File 'd:/DOPAMS/Toystack/dopams-backend-staging/node_modules/graphql-depth-limit/index.js.tsx' does not exist.
File 'd:/DOPAMS/Toystack/dopams-backend-staging/node_modules/graphql-depth-limit/index.js.d.ts' does not exist.
Directory 'd:/DOPAMS/Toystack/dopams-backend-staging/node_modules/graphql-depth-limit/index.js' does not exist, skipping all lookups in it.
File 'd:/DOPAMS/Toystack/dopams-backend-staging/node_modules/graphql-depth-limit/index.ts' does not exist.
File 'd:/DOPAMS/Toystack/dopams-backend-staging/node_modules/graphql-depth-limit/index.tsx' does not exist.
File 'd:/DOPAMS/Toystack/dopams-backend-staging/node_modules/graphql-depth-limit/index.d.ts' does not exist.
File 'd:/DOPAMS/Toystack/dopams-backend-staging/node_modules/@types/graphql-depth-limit.d.ts' does not exist.
Directory 'd:/DOPAMS/Toystack/node_modules' does not exist, skipping all lookups in it.
Directory 'd:/DOPAMS/node_modules' does not exist, skipping all lookups in it.
Directory 'd:/node_modules' does not exist, skipping all lookups in it.
Resolving real path for 'd:/DOPAMS/Toystack/dopams-backend-staging/node_modules/graphql-depth-limit/index.js', result 'D:/DOPAMS/Toystack/dopams-backend-staging/node_modules/graphql-depth-limit/index.js'.
======== Module name 'graphql-depth-limit' was successfully resolved to 'd:/DOPAMS/Toystack/dopams-backend-staging/node_modules/graphql-depth-limit/index.js' with Package ID 'graphql-depth-limit/index.js@1.1.0+graphql@16.12.0'. ========
======== Resolving module 'graphql-middleware' from 'd:/DOPAMS/Toystack/dopams-backend-staging/src/server.ts'. ========
Explicitly specified module resolution kind: 'Node10'.
'baseUrl' option is set to 'd:/DOPAMS/Toystack/dopams-backend-staging/src', using this value to resolve non-relative module name 'graphql-middleware'.
'paths' option is specified, looking for a pattern to match module name 'graphql-middleware'.
'baseUrl' option is set to 'd:/DOPAMS/Toystack/dopams-backend-staging/src', using this value to resolve non-relative module name 'graphql-middleware'.
Resolving module name 'graphql-middleware' relative to base url 'd:/DOPAMS/Toystack/dopams-backend-staging/src' - 'd:/DOPAMS/Toystack/dopams-backend-staging/src/graphql-middleware'.
Loading module as file / folder, candidate module location 'd:/DOPAMS/Toystack/dopams-backend-staging/src/graphql-middleware', target file types: TypeScript, Declaration.
File 'd:/DOPAMS/Toystack/dopams-backend-staging/src/graphql-middleware.ts' does not exist.
File 'd:/DOPAMS/Toystack/dopams-backend-staging/src/graphql-middleware.tsx' does not exist.
File 'd:/DOPAMS/Toystack/dopams-backend-staging/src/graphql-middleware.d.ts' does not exist.
Directory 'd:/DOPAMS/Toystack/dopams-backend-staging/src/graphql-middleware' does not exist, skipping all lookups in it.
Loading module 'graphql-middleware' from 'node_modules' folder, target file types: TypeScript, Declaration.
Searching all ancestor node_modules directories for preferred extensions: TypeScript, Declaration.
Directory 'd:/DOPAMS/Toystack/dopams-backend-staging/src/node_modules' does not exist, skipping all lookups in it.
File 'd:/DOPAMS/Toystack/dopams-backend-staging/node_modules/graphql-middleware/package.json' exists according to earlier cached lookups.
File 'd:/DOPAMS/Toystack/dopams-backend-staging/node_modules/graphql-middleware.ts' does not exist.
File 'd:/DOPAMS/Toystack/dopams-backend-staging/node_modules/graphql-middleware.tsx' does not exist.
File 'd:/DOPAMS/Toystack/dopams-backend-staging/node_modules/graphql-middleware.d.ts' does not exist.
'package.json' has 'typings' field 'dist/index.d.ts' that references 'd:/DOPAMS/Toystack/dopams-backend-staging/node_modules/graphql-middleware/dist/index.d.ts'.
File 'd:/DOPAMS/Toystack/dopams-backend-staging/node_modules/graphql-middleware/dist/index.d.ts' exists - use it as a name resolution result.
Resolving real path for 'd:/DOPAMS/Toystack/dopams-backend-staging/node_modules/graphql-middleware/dist/index.d.ts', result 'D:/DOPAMS/Toystack/dopams-backend-staging/node_modules/graphql-middleware/dist/index.d.ts'.
======== Module name 'graphql-middleware' was successfully resolved to 'd:/DOPAMS/Toystack/dopams-backend-staging/node_modules/graphql-middleware/dist/index.d.ts' with Package ID 'graphql-middleware/dist/index.d.ts@6.1.35+graphql@16.12.0'. ========
======== Resolving module 'graphql-upload-ts' from 'd:/DOPAMS/Toystack/dopams-backend-staging/src/server.ts'. ========
Explicitly specified module resolution kind: 'Node10'.
'baseUrl' option is set to 'd:/DOPAMS/Toystack/dopams-backend-staging/src', using this value to resolve non-relative module name 'graphql-upload-ts'.
'paths' option is specified, looking for a pattern to match module name 'graphql-upload-ts'.
'baseUrl' option is set to 'd:/DOPAMS/Toystack/dopams-backend-staging/src', using this value to resolve non-relative module name 'graphql-upload-ts'.
Resolving module name 'graphql-upload-ts' relative to base url 'd:/DOPAMS/Toystack/dopams-backend-staging/src' - 'd:/DOPAMS/Toystack/dopams-backend-staging/src/graphql-upload-ts'.
Loading module as file / folder, candidate module location 'd:/DOPAMS/Toystack/dopams-backend-staging/src/graphql-upload-ts', target file types: TypeScript, Declaration.
File 'd:/DOPAMS/Toystack/dopams-backend-staging/src/graphql-upload-ts.ts' does not exist.
File 'd:/DOPAMS/Toystack/dopams-backend-staging/src/graphql-upload-ts.tsx' does not exist.
File 'd:/DOPAMS/Toystack/dopams-backend-staging/src/graphql-upload-ts.d.ts' does not exist.
Directory 'd:/DOPAMS/Toystack/dopams-backend-staging/src/graphql-upload-ts' does not exist, skipping all lookups in it.
Loading module 'graphql-upload-ts' from 'node_modules' folder, target file types: TypeScript, Declaration.
Searching all ancestor node_modules directories for preferred extensions: TypeScript, Declaration.
Directory 'd:/DOPAMS/Toystack/dopams-backend-staging/src/node_modules' does not exist, skipping all lookups in it.
Found 'package.json' at 'd:/DOPAMS/Toystack/dopams-backend-staging/node_modules/graphql-upload-ts/package.json'.
File 'd:/DOPAMS/Toystack/dopams-backend-staging/node_modules/graphql-upload-ts.ts' does not exist.
File 'd:/DOPAMS/Toystack/dopams-backend-staging/node_modules/graphql-upload-ts.tsx' does not exist.
File 'd:/DOPAMS/Toystack/dopams-backend-staging/node_modules/graphql-upload-ts.d.ts' does not exist.
'package.json' does not have a 'typesVersions' field.
'package.json' does not have a 'typings' field.
'package.json' has 'types' field './dist/index.d.ts' that references 'd:/DOPAMS/Toystack/dopams-backend-staging/node_modules/graphql-upload-ts/dist/index.d.ts'.
File 'd:/DOPAMS/Toystack/dopams-backend-staging/node_modules/graphql-upload-ts/dist/index.d.ts' exists - use it as a name resolution result.
'package.json' has a 'peerDependencies' field.
Resolving real path for 'd:/DOPAMS/Toystack/dopams-backend-staging/node_modules/graphql-upload-ts', result 'D:/DOPAMS/Toystack/dopams-backend-staging/node_modules/graphql-upload-ts'.
File 'D:/DOPAMS/Toystack/dopams-backend-staging/node_modules/graphql/package.json' exists according to earlier cached lookups.
Found peerDependency 'graphql' with '16.12.0' version.
Resolving real path for 'd:/DOPAMS/Toystack/dopams-backend-staging/node_modules/graphql-upload-ts/dist/index.d.ts', result 'D:/DOPAMS/Toystack/dopams-backend-staging/node_modules/graphql-upload-ts/dist/index.d.ts'.
======== Module name 'graphql-upload-ts' was successfully resolved to 'd:/DOPAMS/Toystack/dopams-backend-staging/node_modules/graphql-upload-ts/dist/index.d.ts' with Package ID 'graphql-upload-ts/dist/index.d.ts@2.1.3+graphql@16.12.0'. ========
======== Resolving module 'module-alias/register' from 'd:/DOPAMS/Toystack/dopams-backend-staging/src/server.ts'. ========
Explicitly specified module resolution kind: 'Node10'.
'baseUrl' option is set to 'd:/DOPAMS/Toystack/dopams-backend-staging/src', using this value to resolve non-relative module name 'module-alias/register'.
'paths' option is specified, looking for a pattern to match module name 'module-alias/register'.
'baseUrl' option is set to 'd:/DOPAMS/Toystack/dopams-backend-staging/src', using this value to resolve non-relative module name 'module-alias/register'.
Resolving module name 'module-alias/register' relative to base url 'd:/DOPAMS/Toystack/dopams-backend-staging/src' - 'd:/DOPAMS/Toystack/dopams-backend-staging/src/module-alias/register'.
Loading module as file / folder, candidate module location 'd:/DOPAMS/Toystack/dopams-backend-staging/src/module-alias/register', target file types: TypeScript, Declaration.
Loading module 'module-alias/register' from 'node_modules' folder, target file types: TypeScript, Declaration.
Searching all ancestor node_modules directories for preferred extensions: TypeScript, Declaration.
Directory 'd:/DOPAMS/Toystack/dopams-backend-staging/src/node_modules' does not exist, skipping all lookups in it.
Found 'package.json' at 'd:/DOPAMS/Toystack/dopams-backend-staging/node_modules/module-alias/package.json'.
'package.json' does not have a 'typesVersions' field.
File 'd:/DOPAMS/Toystack/dopams-backend-staging/node_modules/module-alias/register.ts' does not exist.
File 'd:/DOPAMS/Toystack/dopams-backend-staging/node_modules/module-alias/register.tsx' does not exist.
File 'd:/DOPAMS/Toystack/dopams-backend-staging/node_modules/module-alias/register.d.ts' does not exist.
Directory 'd:/DOPAMS/Toystack/node_modules' does not exist, skipping all lookups in it.
Directory 'd:/DOPAMS/node_modules' does not exist, skipping all lookups in it.
Directory 'd:/node_modules' does not exist, skipping all lookups in it.
'baseUrl' option is set to 'd:/DOPAMS/Toystack/dopams-backend-staging/src', using this value to resolve non-relative module name 'module-alias/register'.
'paths' option is specified, looking for a pattern to match module name 'module-alias/register'.
'baseUrl' option is set to 'd:/DOPAMS/Toystack/dopams-backend-staging/src', using this value to resolve non-relative module name 'module-alias/register'.
Resolving module name 'module-alias/register' relative to base url 'd:/DOPAMS/Toystack/dopams-backend-staging/src' - 'd:/DOPAMS/Toystack/dopams-backend-staging/src/module-alias/register'.
Loading module as file / folder, candidate module location 'd:/DOPAMS/Toystack/dopams-backend-staging/src/module-alias/register', target file types: JavaScript, JSON.
Loading module 'module-alias/register' from 'node_modules' folder, target file types: JavaScript, JSON.
Searching all ancestor node_modules directories for fallback extensions: JavaScript, JSON.
Directory 'd:/DOPAMS/Toystack/dopams-backend-staging/src/node_modules' does not exist, skipping all lookups in it.
File 'd:/DOPAMS/Toystack/dopams-backend-staging/node_modules/module-alias/package.json' exists according to earlier cached lookups.
File 'd:/DOPAMS/Toystack/dopams-backend-staging/node_modules/module-alias/register.js' exists - use it as a name resolution result.
'package.json' does not have a 'peerDependencies' field.
Resolution of non-relative name failed; trying with '--moduleResolution bundler' to see if project may need configuration update.
'baseUrl' option is set to 'd:/DOPAMS/Toystack/dopams-backend-staging/src', using this value to resolve non-relative module name 'module-alias/register'.
'paths' option is specified, looking for a pattern to match module name 'module-alias/register'.
'baseUrl' option is set to 'd:/DOPAMS/Toystack/dopams-backend-staging/src', using this value to resolve non-relative module name 'module-alias/register'.
Resolving module name 'module-alias/register' relative to base url 'd:/DOPAMS/Toystack/dopams-backend-staging/src' - 'd:/DOPAMS/Toystack/dopams-backend-staging/src/module-alias/register'.
Loading module as file / folder, candidate module location 'd:/DOPAMS/Toystack/dopams-backend-staging/src/module-alias/register', target file types: TypeScript, Declaration.
Loading module 'module-alias/register' from 'node_modules' folder, target file types: TypeScript, Declaration.
Searching all ancestor node_modules directories for preferred extensions: TypeScript, Declaration.
Directory 'd:/DOPAMS/Toystack/dopams-backend-staging/src/node_modules' does not exist, skipping all lookups in it.
File 'd:/DOPAMS/Toystack/dopams-backend-staging/node_modules/module-alias/package.json' exists according to earlier cached lookups.
Entering conditional exports.
Saw non-matching condition 'require'.
Matched 'exports' condition 'import'.
Using 'exports' subpath './register' with target './register.mjs'.
File name 'd:/DOPAMS/Toystack/dopams-backend-staging/node_modules/module-alias/register.mjs' has a '.mjs' extension - stripping it.
File 'd:/DOPAMS/Toystack/dopams-backend-staging/node_modules/module-alias/register.mts' does not exist.
File 'd:/DOPAMS/Toystack/dopams-backend-staging/node_modules/module-alias/register.d.mts' does not exist.
Failed to resolve under condition 'import'.
Exiting conditional exports.
Export specifier './register' does not exist in package.json scope at path 'd:/DOPAMS/Toystack/dopams-backend-staging/node_modules/module-alias'.
Directory 'd:/DOPAMS/Toystack/node_modules' does not exist, skipping all lookups in it.
Directory 'd:/DOPAMS/node_modules' does not exist, skipping all lookups in it.
Directory 'd:/node_modules' does not exist, skipping all lookups in it.
Resolving real path for 'd:/DOPAMS/Toystack/dopams-backend-staging/node_modules/module-alias/register.js', result 'D:/DOPAMS/Toystack/dopams-backend-staging/node_modules/module-alias/register.js'.
======== Module name 'module-alias/register' was successfully resolved to 'd:/DOPAMS/Toystack/dopams-backend-staging/node_modules/module-alias/register.js' with Package ID 'module-alias/register.js@2.3.4'. ========
======== Resolving module './permissions' from 'd:/DOPAMS/Toystack/dopams-backend-staging/src/server.ts'. ========
Explicitly specified module resolution kind: 'Node10'.
Loading module as file / folder, candidate module location 'd:/DOPAMS/Toystack/dopams-backend-staging/src/permissions', target file types: TypeScript, Declaration.
File 'd:/DOPAMS/Toystack/dopams-backend-staging/src/permissions.ts' exists - use it as a name resolution result.
======== Module name './permissions' was successfully resolved to 'd:/DOPAMS/Toystack/dopams-backend-staging/src/permissions.ts'. ========
======== Resolving module '../package.json' from 'd:/DOPAMS/Toystack/dopams-backend-staging/src/server.ts'. ========
Explicitly specified module resolution kind: 'Node10'.
Loading module as file / folder, candidate module location 'd:/DOPAMS/Toystack/dopams-backend-staging/package.json', target file types: TypeScript, Declaration.
File name 'd:/DOPAMS/Toystack/dopams-backend-staging/package.json' has a '.json' extension - stripping it.
File 'd:/DOPAMS/Toystack/dopams-backend-staging/package.d.json.ts' does not exist.
File 'd:/DOPAMS/Toystack/dopams-backend-staging/package.json.ts' does not exist.
File 'd:/DOPAMS/Toystack/dopams-backend-staging/package.json.tsx' does not exist.
File 'd:/DOPAMS/Toystack/dopams-backend-staging/package.json.d.ts' does not exist.
Directory 'd:/DOPAMS/Toystack/dopams-backend-staging/package.json' does not exist, skipping all lookups in it.
Loading module as file / folder, candidate module location 'd:/DOPAMS/Toystack/dopams-backend-staging/package.json', target file types: JavaScript, JSON.
File name 'd:/DOPAMS/Toystack/dopams-backend-staging/package.json' has a '.json' extension - stripping it.
File 'd:/DOPAMS/Toystack/dopams-backend-staging/package.json' exists - use it as a name resolution result.
======== Module name '../package.json' was successfully resolved to 'd:/DOPAMS/Toystack/dopams-backend-staging/package.json'. ========
======== Resolving module './schema' from 'd:/DOPAMS/Toystack/dopams-backend-staging/src/server.ts'. ========
Explicitly specified module resolution kind: 'Node10'.
Loading module as file / folder, candidate module location 'd:/DOPAMS/Toystack/dopams-backend-staging/src/schema', target file types: TypeScript, Declaration.
File 'd:/DOPAMS/Toystack/dopams-backend-staging/src/schema.ts' does not exist.
File 'd:/DOPAMS/Toystack/dopams-backend-staging/src/schema.tsx' does not exist.
File 'd:/DOPAMS/Toystack/dopams-backend-staging/src/schema.d.ts' does not exist.
File 'd:/DOPAMS/Toystack/dopams-backend-staging/src/schema/package.json' does not exist.
File 'd:/DOPAMS/Toystack/dopams-backend-staging/src/schema/index.ts' exists - use it as a name resolution result.
======== Module name './schema' was successfully resolved to 'd:/DOPAMS/Toystack/dopams-backend-staging/src/schema/index.ts'. ========
======== Resolving module './utils/logger' from 'd:/DOPAMS/Toystack/dopams-backend-staging/src/server.ts'. ========
Explicitly specified module resolution kind: 'Node10'.
Loading module as file / folder, candidate module location 'd:/DOPAMS/Toystack/dopams-backend-staging/src/utils/logger', target file types: TypeScript, Declaration.
File 'd:/DOPAMS/Toystack/dopams-backend-staging/src/utils/logger.ts' exists - use it as a name resolution result.
======== Module name './utils/logger' was successfully resolved to 'd:/DOPAMS/Toystack/dopams-backend-staging/src/utils/logger.ts'. ========
======== Resolving module './utils/misc' from 'd:/DOPAMS/Toystack/dopams-backend-staging/src/server.ts'. ========
Explicitly specified module resolution kind: 'Node10'.
Loading module as file / folder, candidate module location 'd:/DOPAMS/Toystack/dopams-backend-staging/src/utils/misc', target file types: TypeScript, Declaration.
File 'd:/DOPAMS/Toystack/dopams-backend-staging/src/utils/misc.ts' exists - use it as a name resolution result.
======== Module name './utils/misc' was successfully resolved to 'd:/DOPAMS/Toystack/dopams-backend-staging/src/utils/misc.ts'. ========
======== Resolving module './schema/user/services' from 'd:/DOPAMS/Toystack/dopams-backend-staging/src/server.ts'. ========
Explicitly specified module resolution kind: 'Node10'.
Loading module as file / folder, candidate module location 'd:/DOPAMS/Toystack/dopams-backend-staging/src/schema/user/services', target file types: TypeScript, Declaration.
File 'd:/DOPAMS/Toystack/dopams-backend-staging/src/schema/user/services.ts' does not exist.
File 'd:/DOPAMS/Toystack/dopams-backend-staging/src/schema/user/services.tsx' does not exist.
File 'd:/DOPAMS/Toystack/dopams-backend-staging/src/schema/user/services.d.ts' does not exist.
File 'd:/DOPAMS/Toystack/dopams-backend-staging/src/schema/user/services/package.json' does not exist.
File 'd:/DOPAMS/Toystack/dopams-backend-staging/src/schema/user/services/index.ts' exists - use it as a name resolution result.
======== Module name './schema/user/services' was successfully resolved to 'd:/DOPAMS/Toystack/dopams-backend-staging/src/schema/user/services/index.ts'. ========
File 'd:/DOPAMS/Toystack/dopams-backend-staging/node_modules/@apollo/server/dist/esm/express4/package.json' does not exist.
Found 'package.json' at 'd:/DOPAMS/Toystack/dopams-backend-staging/node_modules/@apollo/server/dist/esm/package.json'.
======== Resolving module '@apollo/utils.withrequired' from 'd:/DOPAMS/Toystack/dopams-backend-staging/node_modules/@apollo/server/dist/esm/express4/index.d.ts'. ========
Explicitly specified module resolution kind: 'Node10'.
'baseUrl' option is set to 'd:/DOPAMS/Toystack/dopams-backend-staging/src', using this value to resolve non-relative module name '@apollo/utils.withrequired'.
'paths' option is specified, looking for a pattern to match module name '@apollo/utils.withrequired'.
'baseUrl' option is set to 'd:/DOPAMS/Toystack/dopams-backend-staging/src', using this value to resolve non-relative module name '@apollo/utils.withrequired'.
Resolving module name '@apollo/utils.withrequired' relative to base url 'd:/DOPAMS/Toystack/dopams-backend-staging/src' - 'd:/DOPAMS/Toystack/dopams-backend-staging/src/@apollo/utils.withrequired'.
Loading module as file / folder, candidate module location 'd:/DOPAMS/Toystack/dopams-backend-staging/src/@apollo/utils.withrequired', target file types: TypeScript, Declaration.
File name 'd:/DOPAMS/Toystack/dopams-backend-staging/src/@apollo/utils.withrequired' has a '.withrequired' extension - stripping it.
Loading module '@apollo/utils.withrequired' from 'node_modules' folder, target file types: TypeScript, Declaration.
Searching all ancestor node_modules directories for preferred extensions: TypeScript, Declaration.
Directory 'd:/DOPAMS/Toystack/dopams-backend-staging/node_modules/@apollo/server/dist/esm/express4/node_modules' does not exist, skipping all lookups in it.
File name 'd:/DOPAMS/Toystack/dopams-backend-staging/node_modules/@apollo/server/dist/esm/express4/node_modules/@apollo/utils.withrequired' has a '.withrequired' extension - stripping it.
Scoped package detected, looking in 'apollo__utils.withrequired'
File name 'd:/DOPAMS/Toystack/dopams-backend-staging/node_modules/@apollo/server/dist/esm/express4/node_modules/@types/apollo__utils.withrequired' has a '.withrequired' extension - stripping it.
Directory 'd:/DOPAMS/Toystack/dopams-backend-staging/node_modules/@apollo/server/dist/esm/node_modules' does not exist, skipping all lookups in it.
File name 'd:/DOPAMS/Toystack/dopams-backend-staging/node_modules/@apollo/server/dist/esm/node_modules/@apollo/utils.withrequired' has a '.withrequired' extension - stripping it.
Scoped package detected, looking in 'apollo__utils.withrequired'
File name 'd:/DOPAMS/Toystack/dopams-backend-staging/node_modules/@apollo/server/dist/esm/node_modules/@types/apollo__utils.withrequired' has a '.withrequired' extension - stripping it.
Directory 'd:/DOPAMS/Toystack/dopams-backend-staging/node_modules/@apollo/server/dist/node_modules' does not exist, skipping all lookups in it.
File name 'd:/DOPAMS/Toystack/dopams-backend-staging/node_modules/@apollo/server/dist/node_modules/@apollo/utils.withrequired' has a '.withrequired' extension - stripping it.
Scoped package detected, looking in 'apollo__utils.withrequired'
File name 'd:/DOPAMS/Toystack/dopams-backend-staging/node_modules/@apollo/server/dist/node_modules/@types/apollo__utils.withrequired' has a '.withrequired' extension - stripping it.
Found 'package.json' at 'd:/DOPAMS/Toystack/dopams-backend-staging/node_modules/@apollo/server/node_modules/@apollo/utils.withrequired/package.json'.
File name 'd:/DOPAMS/Toystack/dopams-backend-staging/node_modules/@apollo/server/node_modules/@apollo/utils.withrequired' has a '.withrequired' extension - stripping it.
File 'd:/DOPAMS/Toystack/dopams-backend-staging/node_modules/@apollo/server/node_modules/@apollo/utils.d.withrequired.ts' does not exist.
File 'd:/DOPAMS/Toystack/dopams-backend-staging/node_modules/@apollo/server/node_modules/@apollo/utils.withrequired.ts' does not exist.
File 'd:/DOPAMS/Toystack/dopams-backend-staging/node_modules/@apollo/server/node_modules/@apollo/utils.withrequired.tsx' does not exist.
File 'd:/DOPAMS/Toystack/dopams-backend-staging/node_modules/@apollo/server/node_modules/@apollo/utils.withrequired.d.ts' does not exist.
'package.json' does not have a 'typesVersions' field.
'package.json' does not have a 'typings' field.
'package.json' has 'types' field 'dist/index.d.ts' that references 'd:/DOPAMS/Toystack/dopams-backend-staging/node_modules/@apollo/server/node_modules/@apollo/utils.withrequired/dist/index.d.ts'.
File 'd:/DOPAMS/Toystack/dopams-backend-staging/node_modules/@apollo/server/node_modules/@apollo/utils.withrequired/dist/index.d.ts' exists - use it as a name resolution result.
'package.json' does not have a 'peerDependencies' field.
Resolving real path for 'd:/DOPAMS/Toystack/dopams-backend-staging/node_modules/@apollo/server/node_modules/@apollo/utils.withrequired/dist/index.d.ts', result 'D:/DOPAMS/Toystack/dopams-backend-staging/node_modules/@apollo/server/node_modules/@apollo/utils.withrequired/dist/index.d.ts'.
======== Module name '@apollo/utils.withrequired' was successfully resolved to 'd:/DOPAMS/Toystack/dopams-backend-staging/node_modules/@apollo/server/node_modules/@apollo/utils.withrequired/dist/index.d.ts' with Package ID '@apollo/utils.withrequired/dist/index.d.ts@2.0.1'. ========
======== Resolving module 'express' from 'd:/DOPAMS/Toystack/dopams-backend-staging/node_modules/@apollo/server/dist/esm/express4/index.d.ts'. ========
Explicitly specified module resolution kind: 'Node10'.
'baseUrl' option is set to 'd:/DOPAMS/Toystack/dopams-backend-staging/src', using this value to resolve non-relative module name 'express'.
'paths' option is specified, looking for a pattern to match module name 'express'.
'baseUrl' option is set to 'd:/DOPAMS/Toystack/dopams-backend-staging/src', using this value to resolve non-relative module name 'express'.
Resolving module name 'express' relative to base url 'd:/DOPAMS/Toystack/dopams-backend-staging/src' - 'd:/DOPAMS/Toystack/dopams-backend-staging/src/express'.
Loading module as file / folder, candidate module location 'd:/DOPAMS/Toystack/dopams-backend-staging/src/express', target file types: TypeScript, Declaration.
File 'd:/DOPAMS/Toystack/dopams-backend-staging/src/express.ts' does not exist.
File 'd:/DOPAMS/Toystack/dopams-backend-staging/src/express.tsx' does not exist.
File 'd:/DOPAMS/Toystack/dopams-backend-staging/src/express.d.ts' does not exist.
Directory 'd:/DOPAMS/Toystack/dopams-backend-staging/src/express' does not exist, skipping all lookups in it.
Loading module 'express' from 'node_modules' folder, target file types: TypeScript, Declaration.
Searching all ancestor node_modules directories for preferred extensions: TypeScript, Declaration.
Directory 'd:/DOPAMS/Toystack/dopams-backend-staging/node_modules/@apollo/server/dist/esm/express4/node_modules' does not exist, skipping all lookups in it.
Directory 'd:/DOPAMS/Toystack/dopams-backend-staging/node_modules/@apollo/server/dist/esm/node_modules' does not exist, skipping all lookups in it.
Directory 'd:/DOPAMS/Toystack/dopams-backend-staging/node_modules/@apollo/server/dist/node_modules' does not exist, skipping all lookups in it.
File 'd:/DOPAMS/Toystack/dopams-backend-staging/node_modules/@apollo/server/node_modules/express.ts' does not exist.
File 'd:/DOPAMS/Toystack/dopams-backend-staging/node_modules/@apollo/server/node_modules/express.tsx' does not exist.
File 'd:/DOPAMS/Toystack/dopams-backend-staging/node_modules/@apollo/server/node_modules/express.d.ts' does not exist.
Directory 'd:/DOPAMS/Toystack/dopams-backend-staging/node_modules/@apollo/server/node_modules/@types' does not exist, skipping all lookups in it.
Directory 'd:/DOPAMS/Toystack/dopams-backend-staging/node_modules/@apollo/node_modules' does not exist, skipping all lookups in it.
Resolution for module 'express' was found in cache from location 'd:/DOPAMS/Toystack/dopams-backend-staging'.
======== Module name 'express' was successfully resolved to 'd:/DOPAMS/Toystack/dopams-backend-staging/node_modules/@types/express/index.d.ts' with Package ID '@types/express/index.d.ts@4.17.25'. ========
======== Resolving module '../index.js' from 'd:/DOPAMS/Toystack/dopams-backend-staging/node_modules/@apollo/server/dist/esm/express4/index.d.ts'. ========
Explicitly specified module resolution kind: 'Node10'.
Loading module as file / folder, candidate module location 'd:/DOPAMS/Toystack/dopams-backend-staging/node_modules/@apollo/server/dist/esm/index.js', target file types: TypeScript, Declaration.
File name 'd:/DOPAMS/Toystack/dopams-backend-staging/node_modules/@apollo/server/dist/esm/index.js' has a '.js' extension - stripping it.
File 'd:/DOPAMS/Toystack/dopams-backend-staging/node_modules/@apollo/server/dist/esm/index.ts' does not exist.
File 'd:/DOPAMS/Toystack/dopams-backend-staging/node_modules/@apollo/server/dist/esm/index.tsx' does not exist.
File 'd:/DOPAMS/Toystack/dopams-backend-staging/node_modules/@apollo/server/dist/esm/index.d.ts' exists - use it as a name resolution result.
File 'd:/DOPAMS/Toystack/dopams-backend-staging/node_modules/@apollo/server/package.json' exists according to earlier cached lookups.
======== Module name '../index.js' was successfully resolved to 'd:/DOPAMS/Toystack/dopams-backend-staging/node_modules/@apollo/server/dist/esm/index.d.ts' with Package ID '@apollo/server/dist/esm/index.d.ts@4.13.0+graphql@16.12.0'. ========
======== Resolving module '../externalTypes/index.js' from 'd:/DOPAMS/Toystack/dopams-backend-staging/node_modules/@apollo/server/dist/esm/express4/index.d.ts'. ========
Explicitly specified module resolution kind: 'Node10'.
Loading module as file / folder, candidate module location 'd:/DOPAMS/Toystack/dopams-backend-staging/node_modules/@apollo/server/dist/esm/externalTypes/index.js', target file types: TypeScript, Declaration.
File name 'd:/DOPAMS/Toystack/dopams-backend-staging/node_modules/@apollo/server/dist/esm/externalTypes/index.js' has a '.js' extension - stripping it.
File 'd:/DOPAMS/Toystack/dopams-backend-staging/node_modules/@apollo/server/dist/esm/externalTypes/index.ts' does not exist.
File 'd:/DOPAMS/Toystack/dopams-backend-staging/node_modules/@apollo/server/dist/esm/externalTypes/index.tsx' does not exist.
File 'd:/DOPAMS/Toystack/dopams-backend-staging/node_modules/@apollo/server/dist/esm/externalTypes/index.d.ts' exists - use it as a name resolution result.
File 'd:/DOPAMS/Toystack/dopams-backend-staging/node_modules/@apollo/server/package.json' exists according to earlier cached lookups.
======== Module name '../externalTypes/index.js' was successfully resolved to 'd:/DOPAMS/Toystack/dopams-backend-staging/node_modules/@apollo/server/dist/esm/externalTypes/index.d.ts' with Package ID '@apollo/server/dist/esm/externalTypes/index.d.ts@4.13.0+graphql@16.12.0'. ========
File 'd:/DOPAMS/Toystack/dopams-backend-staging/node_modules/@apollo/server/node_modules/@apollo/utils.withrequired/dist/package.json' does not exist.
File 'd:/DOPAMS/Toystack/dopams-backend-staging/node_modules/@apollo/server/node_modules/@apollo/utils.withrequired/package.json' exists according to earlier cached lookups.
File 'd:/DOPAMS/Toystack/dopams-backend-staging/node_modules/@types/express/package.json' exists according to earlier cached lookups.
======== Resolving type reference directive 'express-serve-static-core', containing file 'd:/DOPAMS/Toystack/dopams-backend-staging/node_modules/@types/express/index.d.ts', root directory 'd:/DOPAMS/Toystack/dopams-backend-staging/node_modules/@types,d:/DOPAMS/Toystack/node_modules/@types,d:/DOPAMS/node_modules/@types,d:/node_modules/@types'. ========
Resolving with primary search path 'd:/DOPAMS/Toystack/dopams-backend-staging/node_modules/@types, d:/DOPAMS/Toystack/node_modules/@types, d:/DOPAMS/node_modules/@types, d:/node_modules/@types'.
Found 'package.json' at 'd:/DOPAMS/Toystack/dopams-backend-staging/node_modules/@types/express-serve-static-core/package.json'.
'package.json' does not have a 'typesVersions' field.
'package.json' does not have a 'typings' field.
'package.json' has 'types' field 'index.d.ts' that references 'd:/DOPAMS/Toystack/dopams-backend-staging/node_modules/@types/express-serve-static-core/index.d.ts'.
File 'd:/DOPAMS/Toystack/dopams-backend-staging/node_modules/@types/express-serve-static-core/index.d.ts' exists - use it as a name resolution result.
'package.json' has a 'peerDependencies' field.
Resolving real path for 'd:/DOPAMS/Toystack/dopams-backend-staging/node_modules/@types/express-serve-static-core', result 'D:/DOPAMS/Toystack/dopams-backend-staging/node_modules/@types/express-serve-static-core'.
Resolving real path for 'd:/DOPAMS/Toystack/dopams-backend-staging/node_modules/@types/express-serve-static-core/index.d.ts', result 'D:/DOPAMS/Toystack/dopams-backend-staging/node_modules/@types/express-serve-static-core/index.d.ts'.
======== Type reference directive 'express-serve-static-core' was successfully resolved to 'd:/DOPAMS/Toystack/dopams-backend-staging/node_modules/@types/express-serve-static-core/index.d.ts' with Package ID '@types/express-serve-static-core/index.d.ts@4.19.8', primary: true. ========
======== Resolving type reference directive 'serve-static', containing file 'd:/DOPAMS/Toystack/dopams-backend-staging/node_modules/@types/express/index.d.ts', root directory 'd:/DOPAMS/Toystack/dopams-backend-staging/node_modules/@types,d:/DOPAMS/Toystack/node_modules/@types,d:/DOPAMS/node_modules/@types,d:/node_modules/@types'. ========
Resolving with primary search path 'd:/DOPAMS/Toystack/dopams-backend-staging/node_modules/@types, d:/DOPAMS/Toystack/node_modules/@types, d:/DOPAMS/node_modules/@types, d:/node_modules/@types'.
Found 'package.json' at 'd:/DOPAMS/Toystack/dopams-backend-staging/node_modules/@types/serve-static/package.json'.
'package.json' does not have a 'typesVersions' field.
'package.json' does not have a 'typings' field.
'package.json' has 'types' field 'index.d.ts' that references 'd:/DOPAMS/Toystack/dopams-backend-staging/node_modules/@types/serve-static/index.d.ts'.
File 'd:/DOPAMS/Toystack/dopams-backend-staging/node_modules/@types/serve-static/index.d.ts' exists - use it as a name resolution result.
'package.json' has a 'peerDependencies' field.
Resolving real path for 'd:/DOPAMS/Toystack/dopams-backend-staging/node_modules/@types/serve-static', result 'D:/DOPAMS/Toystack/dopams-backend-staging/node_modules/@types/serve-static'.
Resolving real path for 'd:/DOPAMS/Toystack/dopams-backend-staging/node_modules/@types/serve-static/index.d.ts', result 'D:/DOPAMS/Toystack/dopams-backend-staging/node_modules/@types/serve-static/index.d.ts'.
======== Type reference directive 'serve-static' was successfully resolved to 'd:/DOPAMS/Toystack/dopams-backend-staging/node_modules/@types/serve-static/index.d.ts' with Package ID '@types/serve-static/index.d.ts@1.15.10', primary: true. ========
File 'd:/DOPAMS/Toystack/dopams-backend-staging/node_modules/@types/express-serve-static-core/package.json' exists according to earlier cached lookups.
======== Resolving type reference directive 'node', containing file 'd:/DOPAMS/Toystack/dopams-backend-staging/node_modules/@types/express-serve-static-core/index.d.ts', root directory 'd:/DOPAMS/Toystack/dopams-backend-staging/node_modules/@types,d:/DOPAMS/Toystack/node_modules/@types,d:/DOPAMS/node_modules/@types,d:/node_modules/@types'. ========
Resolving with primary search path 'd:/DOPAMS/Toystack/dopams-backend-staging/node_modules/@types, d:/DOPAMS/Toystack/node_modules/@types, d:/DOPAMS/node_modules/@types, d:/node_modules/@types'.
Found 'package.json' at 'd:/DOPAMS/Toystack/dopams-backend-staging/node_modules/@types/node/package.json'.
'package.json' has a 'typesVersions' field with version-specific path mappings.
'package.json' does not have a 'typesVersions' entry that matches version '5.9'.
'package.json' does not have a 'typings' field.
'package.json' has 'types' field 'index.d.ts' that references 'd:/DOPAMS/Toystack/dopams-backend-staging/node_modules/@types/node/index.d.ts'.
File 'd:/DOPAMS/Toystack/dopams-backend-staging/node_modules/@types/node/index.d.ts' exists - use it as a name resolution result.
'package.json' has a 'peerDependencies' field.
Resolving real path for 'd:/DOPAMS/Toystack/dopams-backend-staging/node_modules/@types/node', result 'D:/DOPAMS/Toystack/dopams-backend-staging/node_modules/@types/node'.
Resolving real path for 'd:/DOPAMS/Toystack/dopams-backend-staging/node_modules/@types/node/index.d.ts', result 'D:/DOPAMS/Toystack/dopams-backend-staging/node_modules/@types/node/index.d.ts'.
======== Type reference directive 'node' was successfully resolved to 'd:/DOPAMS/Toystack/dopams-backend-staging/node_modules/@types/node/index.d.ts' with Package ID '@types/node/index.d.ts@22.19.10', primary: true. ========
File 'd:/DOPAMS/Toystack/dopams-backend-staging/node_modules/@types/node/package.json' exists according to earlier cached lookups.
File 'd:/DOPAMS/Toystack/dopams-backend-staging/node_modules/@types/node/compatibility/package.json' does not exist.
File 'd:/DOPAMS/Toystack/dopams-backend-staging/node_modules/@types/node/package.json' exists according to earlier cached lookups.
File 'd:/DOPAMS/Toystack/dopams-backend-staging/node_modules/@types/node/compatibility/package.json' does not exist according to earlier cached lookups.
File 'd:/DOPAMS/Toystack/dopams-backend-staging/node_modules/@types/node/package.json' exists according to earlier cached lookups.
File 'd:/DOPAMS/Toystack/dopams-backend-staging/node_modules/@types/node/compatibility/package.json' does not exist according to earlier cached lookups.
File 'd:/DOPAMS/Toystack/dopams-backend-staging/node_modules/@types/node/package.json' exists according to earlier cached lookups.
File 'd:/DOPAMS/Toystack/dopams-backend-staging/node_modules/@types/node/compatibility/package.json' does not exist according to earlier cached lookups.
File 'd:/DOPAMS/Toystack/dopams-backend-staging/node_modules/@types/node/package.json' exists according to earlier cached lookups.
File 'd:/DOPAMS/Toystack/dopams-backend-staging/node_modules/@types/node/package.json' exists according to earlier cached lookups.
File 'd:/DOPAMS/Toystack/dopams-backend-staging/node_modules/@types/node/package.json' exists according to earlier cached lookups.
File 'd:/DOPAMS/Toystack/dopams-backend-staging/node_modules/@types/node/package.json' exists according to earlier cached lookups.
File 'd:/DOPAMS/Toystack/dopams-backend-staging/node_modules/@types/node/web-globals/package.json' does not exist.
File 'd:/DOPAMS/Toystack/dopams-backend-staging/node_modules/@types/node/package.json' exists according to earlier cached lookups.
File 'd:/DOPAMS/Toystack/dopams-backend-staging/node_modules/@types/node/web-globals/package.json' does not exist according to earlier cached lookups.
File 'd:/DOPAMS/Toystack/dopams-backend-staging/node_modules/@types/node/package.json' exists according to earlier cached lookups.
File 'd:/DOPAMS/Toystack/dopams-backend-staging/node_modules/@types/node/web-globals/package.json' does not exist according to earlier cached lookups.
File 'd:/DOPAMS/Toystack/dopams-backend-staging/node_modules/@types/node/package.json' exists according to earlier cached lookups.
File 'd:/DOPAMS/Toystack/dopams-backend-staging/node_modules/@types/node/web-globals/package.json' does not exist according to earlier cached lookups.
File 'd:/DOPAMS/Toystack/dopams-backend-staging/node_modules/@types/node/package.json' exists according to earlier cached lookups.
======== Resolving module 'undici-types' from 'd:/DOPAMS/Toystack/dopams-backend-staging/node_modules/@types/node/web-globals/fetch.d.ts'. ========
Explicitly specified module resolution kind: 'Node10'.
'baseUrl' option is set to 'd:/DOPAMS/Toystack/dopams-backend-staging/src', using this value to resolve non-relative module name 'undici-types'.
'paths' option is specified, looking for a pattern to match module name 'undici-types'.
'baseUrl' option is set to 'd:/DOPAMS/Toystack/dopams-backend-staging/src', using this value to resolve non-relative module name 'undici-types'.
Resolving module name 'undici-types' relative to base url 'd:/DOPAMS/Toystack/dopams-backend-staging/src' - 'd:/DOPAMS/Toystack/dopams-backend-staging/src/undici-types'.
Loading module as file / folder, candidate module location 'd:/DOPAMS/Toystack/dopams-backend-staging/src/undici-types', target file types: TypeScript, Declaration.
File 'd:/DOPAMS/Toystack/dopams-backend-staging/src/undici-types.ts' does not exist.
File 'd:/DOPAMS/Toystack/dopams-backend-staging/src/undici-types.tsx' does not exist.
File 'd:/DOPAMS/Toystack/dopams-backend-staging/src/undici-types.d.ts' does not exist.
Directory 'd:/DOPAMS/Toystack/dopams-backend-staging/src/undici-types' does not exist, skipping all lookups in it.
Loading module 'undici-types' from 'node_modules' folder, target file types: TypeScript, Declaration.
Searching all ancestor node_modules directories for preferred extensions: TypeScript, Declaration.
Directory 'd:/DOPAMS/Toystack/dopams-backend-staging/node_modules/@types/node/web-globals/node_modules' does not exist, skipping all lookups in it.
Directory 'd:/DOPAMS/Toystack/dopams-backend-staging/node_modules/@types/node/node_modules' does not exist, skipping all lookups in it.
Directory 'd:/DOPAMS/Toystack/dopams-backend-staging/node_modules/@types/node_modules' does not exist, skipping all lookups in it.
Found 'package.json' at 'd:/DOPAMS/Toystack/dopams-backend-staging/node_modules/undici-types/package.json'.
File 'd:/DOPAMS/Toystack/dopams-backend-staging/node_modules/undici-types.ts' does not exist.
File 'd:/DOPAMS/Toystack/dopams-backend-staging/node_modules/undici-types.tsx' does not exist.
File 'd:/DOPAMS/Toystack/dopams-backend-staging/node_modules/undici-types.d.ts' does not exist.
'package.json' does not have a 'typesVersions' field.
'package.json' does not have a 'typings' field.
'package.json' has 'types' field 'index.d.ts' that references 'd:/DOPAMS/Toystack/dopams-backend-staging/node_modules/undici-types/index.d.ts'.
File 'd:/DOPAMS/Toystack/dopams-backend-staging/node_modules/undici-types/index.d.ts' exists - use it as a name resolution result.
'package.json' does not have a 'peerDependencies' field.
Resolving real path for 'd:/DOPAMS/Toystack/dopams-backend-staging/node_modules/undici-types/index.d.ts', result 'D:/DOPAMS/Toystack/dopams-backend-staging/node_modules/undici-types/index.d.ts'.
======== Module name 'undici-types' was successfully resolved to 'd:/DOPAMS/Toystack/dopams-backend-staging/node_modules/undici-types/index.d.ts' with Package ID 'undici-types/index.d.ts@6.21.0'. ========
File 'd:/DOPAMS/Toystack/dopams-backend-staging/node_modules/undici-types/package.json' exists according to earlier cached lookups.
======== Resolving module './dispatcher' from 'd:/DOPAMS/Toystack/dopams-backend-staging/node_modules/undici-types/index.d.ts'. ========
Explicitly specified module resolution kind: 'Node10'.
Loading module as file / folder, candidate module location 'd:/DOPAMS/Toystack/dopams-backend-staging/node_modules/undici-types/dispatcher', target file types: TypeScript, Declaration.
File 'd:/DOPAMS/Toystack/dopams-backend-staging/node_modules/undici-types/dispatcher.ts' does not exist.
File 'd:/DOPAMS/Toystack/dopams-backend-staging/node_modules/undici-types/dispatcher.tsx' does not exist.
File 'd:/DOPAMS/Toystack/dopams-backend-staging/node_modules/undici-types/dispatcher.d.ts' exists - use it as a name resolution result.
File 'd:/DOPAMS/Toystack/dopams-backend-staging/node_modules/undici-types/package.json' exists according to earlier cached lookups.
======== Module name './dispatcher' was successfully resolved to 'd:/DOPAMS/Toystack/dopams-backend-staging/node_modules/undici-types/dispatcher.d.ts' with Package ID 'undici-types/dispatcher.d.ts@6.21.0'. ========
======== Resolving module './global-dispatcher' from 'd:/DOPAMS/Toystack/dopams-backend-staging/node_modules/undici-types/index.d.ts'. ========
Explicitly specified module resolution kind: 'Node10'.
Loading module as file / folder, candidate module location 'd:/DOPAMS/Toystack/dopams-backend-staging/node_modules/undici-types/global-dispatcher', target file types: TypeScript, Declaration.
File 'd:/DOPAMS/Toystack/dopams-backend-staging/node_modules/undici-types/global-dispatcher.ts' does not exist.
File 'd:/DOPAMS/Toystack/dopams-backend-staging/node_modules/undici-types/global-dispatcher.tsx' does not exist.
File 'd:/DOPAMS/Toystack/dopams-backend-staging/node_modules/undici-types/global-dispatcher.d.ts' exists - use it as a name resolution result.
File 'd:/DOPAMS/Toystack/dopams-backend-staging/node_modules/undici-types/package.json' exists according to earlier cached lookups.
======== Module name './global-dispatcher' was successfully resolved to 'd:/DOPAMS/Toystack/dopams-backend-staging/node_modules/undici-types/global-dispatcher.d.ts' with Package ID 'undici-types/global-dispatcher.d.ts@6.21.0'. ========
======== Resolving module './global-origin' from 'd:/DOPAMS/Toystack/dopams-backend-staging/node_modules/undici-types/index.d.ts'. ========
Explicitly specified module resolution kind: 'Node10'.
Loading module as file / folder, candidate module location 'd:/DOPAMS/Toystack/dopams-backend-staging/node_modules/undici-types/global-origin', target file types: TypeScript, Declaration.
File 'd:/DOPAMS/Toystack/dopams-backend-staging/node_modules/undici-types/global-origin.ts' does not exist.
File 'd:/DOPAMS/Toystack/dopams-backend-staging/node_modules/undici-types/global-origin.tsx' does not exist.
File 'd:/DOPAMS/Toystack/dopams-backend-staging/node_modules/undici-types/global-origin.d.ts' exists - use it as a name resolution result.
File 'd:/DOPAMS/Toystack/dopams-backend-staging/node_modules/undici-types/package.json' exists according to earlier cached lookups.
======== Module name './global-origin' was successfully resolved to 'd:/DOPAMS/Toystack/dopams-backend-staging/node_modules/undici-types/global-origin.d.ts' with Package ID 'undici-types/global-origin.d.ts@6.21.0'. ========
======== Resolving module './pool' from 'd:/DOPAMS/Toystack/dopams-backend-staging/node_modules/undici-types/index.d.ts'. ========
Explicitly specified module resolution kind: 'Node10'.
Loading module as file / folder, candidate module location 'd:/DOPAMS/Toystack/dopams-backend-staging/node_modules/undici-types/pool', target file types: TypeScript, Declaration.
File 'd:/DOPAMS/Toystack/dopams-backend-staging/node_modules/undici-types/pool.ts' does not exist.
File 'd:/DOPAMS/Toystack/dopams-backend-staging/node_modules/undici-types/pool.tsx' does not exist.
File 'd:/DOPAMS/Toystack/dopams-backend-staging/node_modules/undici-types/pool.d.ts' exists - use it as a name resolution result.
File 'd:/DOPAMS/Toystack/dopams-backend-staging/node_modules/undici-types/package.json' exists according to earlier cached lookups.
======== Module name './pool' was successfully resolved to 'd:/DOPAMS/Toystack/dopams-backend-staging/node_modules/undici-types/pool.d.ts' with Package ID 'undici-types/pool.d.ts@6.21.0'. ========
======== Resolving module './handlers' from 'd:/DOPAMS/Toystack/dopams-backend-staging/node_modules/undici-types/index.d.ts'. ========
Explicitly specified module resolution kind: 'Node10'.
Loading module as file / folder, candidate module location 'd:/DOPAMS/Toystack/dopams-backend-staging/node_modules/undici-types/handlers', target file types: TypeScript, Declaration.
File 'd:/DOPAMS/Toystack/dopams-backend-staging/node_modules/undici-types/handlers.ts' does not exist.
File 'd:/DOPAMS/Toystack/dopams-backend-staging/node_modules/undici-types/handlers.tsx' does not exist.
File 'd:/DOPAMS/Toystack/dopams-backend-staging/node_modules/undici-types/handlers.d.ts' exists - use it as a name resolution result.
File 'd:/DOPAMS/Toystack/dopams-backend-staging/node_modules/undici-types/package.json' exists according to earlier cached lookups.
======== Module name './handlers' was successfully resolved to 'd:/DOPAMS/Toystack/dopams-backend-staging/node_modules/undici-types/handlers.d.ts' with Package ID 'undici-types/handlers.d.ts@6.21.0'. ========
======== Resolving module './balanced-pool' from 'd:/DOPAMS/Toystack/dopams-backend-staging/node_modules/undici-types/index.d.ts'. ========
Explicitly specified module resolution kind: 'Node10'.
Loading module as file / folder, candidate module location 'd:/DOPAMS/Toystack/dopams-backend-staging/node_modules/undici-types/balanced-pool', target file types: TypeScript, Declaration.
File 'd:/DOPAMS/Toystack/dopams-backend-staging/node_modules/undici-types/balanced-pool.ts' does not exist.
File 'd:/DOPAMS/Toystack/dopams-backend-staging/node_modules/undici-types/balanced-pool.tsx' does not exist.
File 'd:/DOPAMS/Toystack/dopams-backend-staging/node_modules/undici-types/balanced-pool.d.ts' exists - use it as a name resolution result.
File 'd:/DOPAMS/Toystack/dopams-backend-staging/node_modules/undici-types/package.json' exists according to earlier cached lookups.
======== Module name './balanced-pool' was successfully resolved to 'd:/DOPAMS/Toystack/dopams-backend-staging/node_modules/undici-types/balanced-pool.d.ts' with Package ID 'undici-types/balanced-pool.d.ts@6.21.0'. ========
======== Resolving module './client' from 'd:/DOPAMS/Toystack/dopams-backend-staging/node_modules/undici-types/index.d.ts'. ========
Explicitly specified module resolution kind: 'Node10'.
Loading module as file / folder, candidate module location 'd:/DOPAMS/Toystack/dopams-backend-staging/node_modules/undici-types/client', target file types: TypeScript, Declaration.
File 'd:/DOPAMS/Toystack/dopams-backend-staging/node_modules/undici-types/client.ts' does not exist.
File 'd:/DOPAMS/Toystack/dopams-backend-staging/node_modules/undici-types/client.tsx' does not exist.
File 'd:/DOPAMS/Toystack/dopams-backend-staging/node_modules/undici-types/client.d.ts' exists - use it as a name resolution result.
File 'd:/DOPAMS/Toystack/dopams-backend-staging/node_modules/undici-types/package.json' exists according to earlier cached lookups.
======== Module name './client' was successfully resolved to 'd:/DOPAMS/Toystack/dopams-backend-staging/node_modules/undici-types/client.d.ts' with Package ID 'undici-types/client.d.ts@6.21.0'. ========
======== Resolving module './connector' from 'd:/DOPAMS/Toystack/dopams-backend-staging/node_modules/undici-types/index.d.ts'. ========
Explicitly specified module resolution kind: 'Node10'.
Loading module as file / folder, candidate module location 'd:/DOPAMS/Toystack/dopams-backend-staging/node_modules/undici-types/connector', target file types: TypeScript, Declaration.
File 'd:/DOPAMS/Toystack/dopams-backend-staging/node_modules/undici-types/connector.ts' does not exist.
File 'd:/DOPAMS/Toystack/dopams-backend-staging/node_modules/undici-types/connector.tsx' does not exist.
File 'd:/DOPAMS/Toystack/dopams-backend-staging/node_modules/undici-types/connector.d.ts' exists - use it as a name resolution result.
File 'd:/DOPAMS/Toystack/dopams-backend-staging/node_modules/undici-types/package.json' exists according to earlier cached lookups.
======== Module name './connector' was successfully resolved to 'd:/DOPAMS/Toystack/dopams-backend-staging/node_modules/undici-types/connector.d.ts' with Package ID 'undici-types/connector.d.ts@6.21.0'. ========
======== Resolving module './errors' from 'd:/DOPAMS/Toystack/dopams-backend-staging/node_modules/undici-types/index.d.ts'. ========
Explicitly specified module resolution kind: 'Node10'.
Loading module as file / folder, candidate module location 'd:/DOPAMS/Toystack/dopams-backend-staging/node_modules/undici-types/errors', target file types: TypeScript, Declaration.
File 'd:/DOPAMS/Toystack/dopams-backend-staging/node_modules/undici-types/errors.ts' does not exist.
File 'd:/DOPAMS/Toystack/dopams-backend-staging/node_modules/undici-types/errors.tsx' does not exist.
File 'd:/DOPAMS/Toystack/dopams-backend-staging/node_modules/undici-types/errors.d.ts' exists - use it as a name resolution result.
File 'd:/DOPAMS/Toystack/dopams-backend-staging/node_modules/undici-types/package.json' exists according to earlier cached lookups.
======== Module name './errors' was successfully resolved to 'd:/DOPAMS/Toystack/dopams-backend-staging/node_modules/undici-types/errors.d.ts' with Package ID 'undici-types/errors.d.ts@6.21.0'. ========
======== Resolving module './agent' from 'd:/DOPAMS/Toystack/dopams-backend-staging/node_modules/undici-types/index.d.ts'. ========
Explicitly specified module resolution kind: 'Node10'.
Loading module as file / folder, candidate module location 'd:/DOPAMS/Toystack/dopams-backend-staging/node_modules/undici-types/agent', target file types: TypeScript, Declaration.
File 'd:/DOPAMS/Toystack/dopams-backend-staging/node_modules/undici-types/agent.ts' does not exist.
File 'd:/DOPAMS/Toystack/dopams-backend-staging/node_modules/undici-types/agent.tsx' does not exist.
File 'd:/DOPAMS/Toystack/dopams-backend-staging/node_modules/undici-types/agent.d.ts' exists - use it as a name resolution result.
File 'd:/DOPAMS/Toystack/dopams-backend-staging/node_modules/undici-types/package.json' exists according to earlier cached lookups.
======== Module name './agent' was successfully resolved to 'd:/DOPAMS/Toystack/dopams-backend-staging/node_modules/undici-types/agent.d.ts' with Package ID 'undici-types/agent.d.ts@6.21.0'. ========
======== Resolving module './mock-client' from 'd:/DOPAMS/Toystack/dopams-backend-staging/node_modules/undici-types/index.d.ts'. ========
Explicitly specified module resolution kind: 'Node10'.
Loading module as file / folder, candidate module location 'd:/DOPAMS/Toystack/dopams-backend-staging/node_modules/undici-types/mock-client', target file types: TypeScript, Declaration.
File 'd:/DOPAMS/Toystack/dopams-backend-staging/node_modules/undici-types/mock-client.ts' does not exist.
File 'd:/DOPAMS/Toystack/dopams-backend-staging/node_modules/undici-types/mock-client.tsx' does not exist.
File 'd:/DOPAMS/Toystack/dopams-backend-staging/node_modules/undici-types/mock-client.d.ts' exists - use it as a name resolution result.
File 'd:/DOPAMS/Toystack/dopams-backend-staging/node_modules/undici-types/package.json' exists according to earlier cached lookups.
======== Module name './mock-client' was successfully resolved to 'd:/DOPAMS/Toystack/dopams-backend-staging/node_modules/undici-types/mock-client.d.ts' with Package ID 'undici-types/mock-client.d.ts@6.21.0'. ========
======== Resolving module './mock-pool' from 'd:/DOPAMS/Toystack/dopams-backend-staging/node_modules/undici-types/index.d.ts'. ========
Explicitly specified module resolution kind: 'Node10'.
Loading module as file / folder, candidate module location 'd:/DOPAMS/Toystack/dopams-backend-staging/node_modules/undici-types/mock-pool', target file types: TypeScript, Declaration.
File 'd:/DOPAMS/Toystack/dopams-backend-staging/node_modules/undici-types/mock-pool.ts' does not exist.
File 'd:/DOPAMS/Toystack/dopams-backend-staging/node_modules/undici-types/mock-pool.tsx' does not exist.
File 'd:/DOPAMS/Toystack/dopams-backend-staging/node_modules/undici-types/mock-pool.d.ts' exists - use it as a name resolution result.
File 'd:/DOPAMS/Toystack/dopams-backend-staging/node_modules/undici-types/package.json' exists according to earlier cached lookups.
======== Module name './mock-pool' was successfully resolved to 'd:/DOPAMS/Toystack/dopams-backend-staging/node_modules/undici-types/mock-pool.d.ts' with Package ID 'undici-types/mock-pool.d.ts@6.21.0'. ========
======== Resolving module './mock-agent' from 'd:/DOPAMS/Toystack/dopams-backend-staging/node_modules/undici-types/index.d.ts'. ========
Explicitly specified module resolution kind: 'Node10'.
Loading module as file / folder, candidate module location 'd:/DOPAMS/Toystack/dopams-backend-staging/node_modules/undici-types/mock-agent', target file types: TypeScript, Declaration.
File 'd:/DOPAMS/Toystack/dopams-backend-staging/node_modules/undici-types/mock-agent.ts' does not exist.
File 'd:/DOPAMS/Toystack/dopams-backend-staging/node_modules/undici-types/mock-agent.tsx' does not exist.
File 'd:/DOPAMS/Toystack/dopams-backend-staging/node_modules/undici-types/mock-agent.d.ts' exists - use it as a name resolution result.
File 'd:/DOPAMS/Toystack/dopams-backend-staging/node_modules/undici-types/package.json' exists according to earlier cached lookups.
======== Module name './mock-agent' was successfully resolved to 'd:/DOPAMS/Toystack/dopams-backend-staging/node_modules/undici-types/mock-agent.d.ts' with Package ID 'undici-types/mock-agent.d.ts@6.21.0'. ========
======== Resolving module './mock-errors' from 'd:/DOPAMS/Toystack/dopams-backend-staging/node_modules/undici-types/index.d.ts'. ========
Explicitly specified module resolution kind: 'Node10'.
Loading module as file / folder, candidate module location 'd:/DOPAMS/Toystack/dopams-backend-staging/node_modules/undici-types/mock-errors', target file types: TypeScript, Declaration.
File 'd:/DOPAMS/Toystack/dopams-backend-staging/node_modules/undici-types/mock-errors.ts' does not exist.
File 'd:/DOPAMS/Toystack/dopams-backend-staging/node_modules/undici-types/mock-errors.tsx' does not exist.
File 'd:/DOPAMS/Toystack/dopams-backend-staging/node_modules/undici-types/mock-errors.d.ts' exists - use it as a name resolution result.
File 'd:/DOPAMS/Toystack/dopams-backend-staging/node_modules/undici-types/package.json' exists according to earlier cached lookups.
======== Module name './mock-errors' was successfully resolved to 'd:/DOPAMS/Toystack/dopams-backend-staging/node_modules/undici-types/mock-errors.d.ts' with Package ID 'undici-types/mock-errors.d.ts@6.21.0'. ========
======== Resolving module './proxy-agent' from 'd:/DOPAMS/Toystack/dopams-backend-staging/node_modules/undici-types/index.d.ts'. ========
Explicitly specified module resolution kind: 'Node10'.
Loading module as file / folder, candidate module location 'd:/DOPAMS/Toystack/dopams-backend-staging/node_modules/undici-types/proxy-agent', target file types: TypeScript, Declaration.
File 'd:/DOPAMS/Toystack/dopams-backend-staging/node_modules/undici-types/proxy-agent.ts' does not exist.
File 'd:/DOPAMS/Toystack/dopams-backend-staging/node_modules/undici-types/proxy-agent.tsx' does not exist.
File 'd:/DOPAMS/Toystack/dopams-backend-staging/node_modules/undici-types/proxy-agent.d.ts' exists - use it as a name resolution result.
File 'd:/DOPAMS/Toystack/dopams-backend-staging/node_modules/undici-types/package.json' exists according to earlier cached lookups.
======== Module name './proxy-agent' was successfully resolved to 'd:/DOPAMS/Toystack/dopams-backend-staging/node_modules/undici-types/proxy-agent.d.ts' with Package ID 'undici-types/proxy-agent.d.ts@6.21.0'. ========
======== Resolving module './env-http-proxy-agent' from 'd:/DOPAMS/Toystack/dopams-backend-staging/node_modules/undici-types/index.d.ts'. ========
Explicitly specified module resolution kind: 'Node10'.
Loading module as file / folder, candidate module location 'd:/DOPAMS/Toystack/dopams-backend-staging/node_modules/undici-types/env-http-proxy-agent', target file types: TypeScript, Declaration.
File 'd:/DOPAMS/Toystack/dopams-backend-staging/node_modules/undici-types/env-http-proxy-agent.ts' does not exist.
File 'd:/DOPAMS/Toystack/dopams-backend-staging/node_modules/undici-types/env-http-proxy-agent.tsx' does not exist.
File 'd:/DOPAMS/Toystack/dopams-backend-staging/node_modules/undici-types/env-http-proxy-agent.d.ts' exists - use it as a name resolution result.
File 'd:/DOPAMS/Toystack/dopams-backend-staging/node_modules/undici-types/package.json' exists according to earlier cached lookups.
======== Module name './env-http-proxy-agent' was successfully resolved to 'd:/DOPAMS/Toystack/dopams-backend-staging/node_modules/undici-types/env-http-proxy-agent.d.ts' with Package ID 'undici-types/env-http-proxy-agent.d.ts@6.21.0'. ========
======== Resolving module './retry-handler' from 'd:/DOPAMS/Toystack/dopams-backend-staging/node_modules/undici-types/index.d.ts'. ========
Explicitly specified module resolution kind: 'Node10'.
Loading module as file / folder, candidate module location 'd:/DOPAMS/Toystack/dopams-backend-staging/node_modules/undici-types/retry-handler', target file types: TypeScript, Declaration.
File 'd:/DOPAMS/Toystack/dopams-backend-staging/node_modules/undici-types/retry-handler.ts' does not exist.
File 'd:/DOPAMS/Toystack/dopams-backend-staging/node_modules/undici-types/retry-handler.tsx' does not exist.
File 'd:/DOPAMS/Toystack/dopams-backend-staging/node_modules/undici-types/retry-handler.d.ts' exists - use it as a name resolution result.
File 'd:/DOPAMS/Toystack/dopams-backend-staging/node_modules/undici-types/package.json' exists according to earlier cached lookups.
======== Module name './retry-handler' was successfully resolved to 'd:/DOPAMS/Toystack/dopams-backend-staging/node_modules/undici-types/retry-handler.d.ts' with Package ID 'undici-types/retry-handler.d.ts@6.21.0'. ========
======== Resolving module './retry-agent' from 'd:/DOPAMS/Toystack/dopams-backend-staging/node_modules/undici-types/index.d.ts'. ========
Explicitly specified module resolution kind: 'Node10'.
Loading module as file / folder, candidate module location 'd:/DOPAMS/Toystack/dopams-backend-staging/node_modules/undici-types/retry-agent', target file types: TypeScript, Declaration.
File 'd:/DOPAMS/Toystack/dopams-backend-staging/node_modules/undici-types/retry-agent.ts' does not exist.
File 'd:/DOPAMS/Toystack/dopams-backend-staging/node_modules/undici-types/retry-agent.tsx' does not exist.
File 'd:/DOPAMS/Toystack/dopams-backend-staging/node_modules/undici-types/retry-agent.d.ts' exists - use it as a name resolution result.
File 'd:/DOPAMS/Toystack/dopams-backend-staging/node_modules/undici-types/package.json' exists according to earlier cached lookups.
======== Module name './retry-agent' was successfully resolved to 'd:/DOPAMS/Toystack/dopams-backend-staging/node_modules/undici-types/retry-agent.d.ts' with Package ID 'undici-types/retry-agent.d.ts@6.21.0'. ========
======== Resolving module './api' from 'd:/DOPAMS/Toystack/dopams-backend-staging/node_modules/undici-types/index.d.ts'. ========
Explicitly specified module resolution kind: 'Node10'.
Loading module as file / folder, candidate module location 'd:/DOPAMS/Toystack/dopams-backend-staging/node_modules/undici-types/api', target file types: TypeScript, Declaration.
File 'd:/DOPAMS/Toystack/dopams-backend-staging/node_modules/undici-types/api.ts' does not exist.
File 'd:/DOPAMS/Toystack/dopams-backend-staging/node_modules/undici-types/api.tsx' does not exist.
File 'd:/DOPAMS/Toystack/dopams-backend-staging/node_modules/undici-types/api.d.ts' exists - use it as a name resolution result.
File 'd:/DOPAMS/Toystack/dopams-backend-staging/node_modules/undici-types/package.json' exists according to earlier cached lookups.
======== Module name './api' was successfully resolved to 'd:/DOPAMS/Toystack/dopams-backend-staging/node_modules/undici-types/api.d.ts' with Package ID 'undici-types/api.d.ts@6.21.0'. ========
======== Resolving module './interceptors' from 'd:/DOPAMS/Toystack/dopams-backend-staging/node_modules/undici-types/index.d.ts'. ========
Explicitly specified module resolution kind: 'Node10'.
Loading module as file / folder, candidate module location 'd:/DOPAMS/Toystack/dopams-backend-staging/node_modules/undici-types/interceptors', target file types: TypeScript, Declaration.
File 'd:/DOPAMS/Toystack/dopams-backend-staging/node_modules/undici-types/interceptors.ts' does not exist.
File 'd:/DOPAMS/Toystack/dopams-backend-staging/node_modules/undici-types/interceptors.tsx' does not exist.
File 'd:/DOPAMS/Toystack/dopams-backend-staging/node_modules/undici-types/interceptors.d.ts' exists - use it as a name resolution result.
File 'd:/DOPAMS/Toystack/dopams-backend-staging/node_modules/undici-types/package.json' exists according to earlier cached lookups.
======== Module name './interceptors' was successfully resolved to 'd:/DOPAMS/Toystack/dopams-backend-staging/node_modules/undici-types/interceptors.d.ts' with Package ID 'undici-types/interceptors.d.ts@6.21.0'. ========
======== Resolving module './util' from 'd:/DOPAMS/Toystack/dopams-backend-staging/node_modules/undici-types/index.d.ts'. ========
Explicitly specified module resolution kind: 'Node10'.
Loading module as file / folder, candidate module location 'd:/DOPAMS/Toystack/dopams-backend-staging/node_modules/undici-types/util', target file types: TypeScript, Declaration.
File 'd:/DOPAMS/Toystack/dopams-backend-staging/node_modules/undici-types/util.ts' does not exist.
File 'd:/DOPAMS/Toystack/dopams-backend-staging/node_modules/undici-types/util.tsx' does not exist.
File 'd:/DOPAMS/Toystack/dopams-backend-staging/node_modules/undici-types/util.d.ts' exists - use it as a name resolution result.
File 'd:/DOPAMS/Toystack/dopams-backend-staging/node_modules/undici-types/package.json' exists according to earlier cached lookups.
======== Module name './util' was successfully resolved to 'd:/DOPAMS/Toystack/dopams-backend-staging/node_modules/undici-types/util.d.ts' with Package ID 'undici-types/util.d.ts@6.21.0'. ========
======== Resolving module './cookies' from 'd:/DOPAMS/Toystack/dopams-backend-staging/node_modules/undici-types/index.d.ts'. ========
Explicitly specified module resolution kind: 'Node10'.
Loading module as file / folder, candidate module location 'd:/DOPAMS/Toystack/dopams-backend-staging/node_modules/undici-types/cookies', target file types: TypeScript, Declaration.
File 'd:/DOPAMS/Toystack/dopams-backend-staging/node_modules/undici-types/cookies.ts' does not exist.
File 'd:/DOPAMS/Toystack/dopams-backend-staging/node_modules/undici-types/cookies.tsx' does not exist.
File 'd:/DOPAMS/Toystack/dopams-backend-staging/node_modules/undici-types/cookies.d.ts' exists - use it as a name resolution result.
File 'd:/DOPAMS/Toystack/dopams-backend-staging/node_modules/undici-types/package.json' exists according to earlier cached lookups.
======== Module name './cookies' was successfully resolved to 'd:/DOPAMS/Toystack/dopams-backend-staging/node_modules/undici-types/cookies.d.ts' with Package ID 'undici-types/cookies.d.ts@6.21.0'. ========
======== Resolving module './eventsource' from 'd:/DOPAMS/Toystack/dopams-backend-staging/node_modules/undici-types/index.d.ts'. ========
Explicitly specified module resolution kind: 'Node10'.
Loading module as file / folder, candidate module location 'd:/DOPAMS/Toystack/dopams-backend-staging/node_modules/undici-types/eventsource', target file types: TypeScript, Declaration.
File 'd:/DOPAMS/Toystack/dopams-backend-staging/node_modules/undici-types/eventsource.ts' does not exist.
File 'd:/DOPAMS/Toystack/dopams-backend-staging/node_modules/undici-types/eventsource.tsx' does not exist.
File 'd:/DOPAMS/Toystack/dopams-backend-staging/node_modules/undici-types/eventsource.d.ts' exists - use it as a name resolution result.
File 'd:/DOPAMS/Toystack/dopams-backend-staging/node_modules/undici-types/package.json' exists according to earlier cached lookups.
======== Module name './eventsource' was successfully resolved to 'd:/DOPAMS/Toystack/dopams-backend-staging/node_modules/undici-types/eventsource.d.ts' with Package ID 'undici-types/eventsource.d.ts@6.21.0'. ========
======== Resolving module './fetch' from 'd:/DOPAMS/Toystack/dopams-backend-staging/node_modules/undici-types/index.d.ts'. ========
Explicitly specified module resolution kind: 'Node10'.
Loading module as file / folder, candidate module location 'd:/DOPAMS/Toystack/dopams-backend-staging/node_modules/undici-types/fetch', target file types: TypeScript, Declaration.
File 'd:/DOPAMS/Toystack/dopams-backend-staging/node_modules/undici-types/fetch.ts' does not exist.
File 'd:/DOPAMS/Toystack/dopams-backend-staging/node_modules/undici-types/fetch.tsx' does not exist.
File 'd:/DOPAMS/Toystack/dopams-backend-staging/node_modules/undici-types/fetch.d.ts' exists - use it as a name resolution result.
File 'd:/DOPAMS/Toystack/dopams-backend-staging/node_modules/undici-types/package.json' exists according to earlier cached lookups.
======== Module name './fetch' was successfully resolved to 'd:/DOPAMS/Toystack/dopams-backend-staging/node_modules/undici-types/fetch.d.ts' with Package ID 'undici-types/fetch.d.ts@6.21.0'. ========
======== Resolving module './file' from 'd:/DOPAMS/Toystack/dopams-backend-staging/node_modules/undici-types/index.d.ts'. ========
Explicitly specified module resolution kind: 'Node10'.
Loading module as file / folder, candidate module location 'd:/DOPAMS/Toystack/dopams-backend-staging/node_modules/undici-types/file', target file types: TypeScript, Declaration.
File 'd:/DOPAMS/Toystack/dopams-backend-staging/node_modules/undici-types/file.ts' does not exist.
File 'd:/DOPAMS/Toystack/dopams-backend-staging/node_modules/undici-types/file.tsx' does not exist.
File 'd:/DOPAMS/Toystack/dopams-backend-staging/node_modules/undici-types/file.d.ts' exists - use it as a name resolution result.
File 'd:/DOPAMS/Toystack/dopams-backend-staging/node_modules/undici-types/package.json' exists according to earlier cached lookups.
======== Module name './file' was successfully resolved to 'd:/DOPAMS/Toystack/dopams-backend-staging/node_modules/undici-types/file.d.ts' with Package ID 'undici-types/file.d.ts@6.21.0'. ========
======== Resolving module './filereader' from 'd:/DOPAMS/Toystack/dopams-backend-staging/node_modules/undici-types/index.d.ts'. ========
Explicitly specified module resolution kind: 'Node10'.
Loading module as file / folder, candidate module location 'd:/DOPAMS/Toystack/dopams-backend-staging/node_modules/undici-types/filereader', target file types: TypeScript, Declaration.
File 'd:/DOPAMS/Toystack/dopams-backend-staging/node_modules/undici-types/filereader.ts' does not exist.
File 'd:/DOPAMS/Toystack/dopams-backend-staging/node_modules/undici-types/filereader.tsx' does not exist.
File 'd:/DOPAMS/Toystack/dopams-backend-staging/node_modules/undici-types/filereader.d.ts' exists - use it as a name resolution result.
File 'd:/DOPAMS/Toystack/dopams-backend-staging/node_modules/undici-types/package.json' exists according to earlier cached lookups.
======== Module name './filereader' was successfully resolved to 'd:/DOPAMS/Toystack/dopams-backend-staging/node_modules/undici-types/filereader.d.ts' with Package ID 'undici-types/filereader.d.ts@6.21.0'. ========
======== Resolving module './formdata' from 'd:/DOPAMS/Toystack/dopams-backend-staging/node_modules/undici-types/index.d.ts'. ========
Explicitly specified module resolution kind: 'Node10'.
Loading module as file / folder, candidate module location 'd:/DOPAMS/Toystack/dopams-backend-staging/node_modules/undici-types/formdata', target file types: TypeScript, Declaration.
File 'd:/DOPAMS/Toystack/dopams-backend-staging/node_modules/undici-types/formdata.ts' does not exist.
File 'd:/DOPAMS/Toystack/dopams-backend-staging/node_modules/undici-types/formdata.tsx' does not exist.
File 'd:/DOPAMS/Toystack/dopams-backend-staging/node_modules/undici-types/formdata.d.ts' exists - use it as a name resolution result.
File 'd:/DOPAMS/Toystack/dopams-backend-staging/node_modules/undici-types/package.json' exists according to earlier cached lookups.
======== Module name './formdata' was successfully resolved to 'd:/DOPAMS/Toystack/dopams-backend-staging/node_modules/undici-types/formdata.d.ts' with Package ID 'undici-types/formdata.d.ts@6.21.0'. ========
======== Resolving module './diagnostics-channel' from 'd:/DOPAMS/Toystack/dopams-backend-staging/node_modules/undici-types/index.d.ts'. ========
Explicitly specified module resolution kind: 'Node10'.
Loading module as file / folder, candidate module location 'd:/DOPAMS/Toystack/dopams-backend-staging/node_modules/undici-types/diagnostics-channel', target file types: TypeScript, Declaration.
File 'd:/DOPAMS/Toystack/dopams-backend-staging/node_modules/undici-types/diagnostics-channel.ts' does not exist.
File 'd:/DOPAMS/Toystack/dopams-backend-staging/node_modules/undici-types/diagnostics-channel.tsx' does not exist.
File 'd:/DOPAMS/Toystack/dopams-backend-staging/node_modules/undici-types/diagnostics-channel.d.ts' exists - use it as a name resolution result.
File 'd:/DOPAMS/Toystack/dopams-backend-staging/node_modules/undici-types/package.json' exists according to earlier cached lookups.
======== Module name './diagnostics-channel' was successfully resolved to 'd:/DOPAMS/Toystack/dopams-backend-staging/node_modules/undici-types/diagnostics-channel.d.ts' with Package ID 'undici-types/diagnostics-channel.d.ts@6.21.0'. ========
======== Resolving module './websocket' from 'd:/DOPAMS/Toystack/dopams-backend-staging/node_modules/undici-types/index.d.ts'. ========
Explicitly specified module resolution kind: 'Node10'.
Loading module as file / folder, candidate module location 'd:/DOPAMS/Toystack/dopams-backend-staging/node_modules/undici-types/websocket', target file types: TypeScript, Declaration.
File 'd:/DOPAMS/Toystack/dopams-backend-staging/node_modules/undici-types/websocket.ts' does not exist.
File 'd:/DOPAMS/Toystack/dopams-backend-staging/node_modules/undici-types/websocket.tsx' does not exist.
File 'd:/DOPAMS/Toystack/dopams-backend-staging/node_modules/undici-types/websocket.d.ts' exists - use it as a name resolution result.
File 'd:/DOPAMS/Toystack/dopams-backend-staging/node_modules/undici-types/package.json' exists according to earlier cached lookups.
======== Module name './websocket' was successfully resolved to 'd:/DOPAMS/Toystack/dopams-backend-staging/node_modules/undici-types/websocket.d.ts' with Package ID 'undici-types/websocket.d.ts@6.21.0'. ========
======== Resolving module './content-type' from 'd:/DOPAMS/Toystack/dopams-backend-staging/node_modules/undici-types/index.d.ts'. ========
Explicitly specified module resolution kind: 'Node10'.
Loading module as file / folder, candidate module location 'd:/DOPAMS/Toystack/dopams-backend-staging/node_modules/undici-types/content-type', target file types: TypeScript, Declaration.
File 'd:/DOPAMS/Toystack/dopams-backend-staging/node_modules/undici-types/content-type.ts' does not exist.
File 'd:/DOPAMS/Toystack/dopams-backend-staging/node_modules/undici-types/content-type.tsx' does not exist.
File 'd:/DOPAMS/Toystack/dopams-backend-staging/node_modules/undici-types/content-type.d.ts' exists - use it as a name resolution result.
File 'd:/DOPAMS/Toystack/dopams-backend-staging/node_modules/undici-types/package.json' exists according to earlier cached lookups.
======== Module name './content-type' was successfully resolved to 'd:/DOPAMS/Toystack/dopams-backend-staging/node_modules/undici-types/content-type.d.ts' with Package ID 'undici-types/content-type.d.ts@6.21.0'. ========
======== Resolving module './cache' from 'd:/DOPAMS/Toystack/dopams-backend-staging/node_modules/undici-types/index.d.ts'. ========
Explicitly specified module resolution kind: 'Node10'.
Loading module as file / folder, candidate module location 'd:/DOPAMS/Toystack/dopams-backend-staging/node_modules/undici-types/cache', target file types: TypeScript, Declaration.
File 'd:/DOPAMS/Toystack/dopams-backend-staging/node_modules/undici-types/cache.ts' does not exist.
File 'd:/DOPAMS/Toystack/dopams-backend-staging/node_modules/undici-types/cache.tsx' does not exist.
File 'd:/DOPAMS/Toystack/dopams-backend-staging/node_modules/undici-types/cache.d.ts' exists - use it as a name resolution result.
File 'd:/DOPAMS/Toystack/dopams-backend-staging/node_modules/undici-types/package.json' exists according to earlier cached lookups.
======== Module name './cache' was successfully resolved to 'd:/DOPAMS/Toystack/dopams-backend-staging/node_modules/undici-types/cache.d.ts' with Package ID 'undici-types/cache.d.ts@6.21.0'. ========
======== Resolving module './mock-interceptor' from 'd:/DOPAMS/Toystack/dopams-backend-staging/node_modules/undici-types/index.d.ts'. ========
Explicitly specified module resolution kind: 'Node10'.
Loading module as file / folder, candidate module location 'd:/DOPAMS/Toystack/dopams-backend-staging/node_modules/undici-types/mock-interceptor', target file types: TypeScript, Declaration.
File 'd:/DOPAMS/Toystack/dopams-backend-staging/node_modules/undici-types/mock-interceptor.ts' does not exist.
File 'd:/DOPAMS/Toystack/dopams-backend-staging/node_modules/undici-types/mock-interceptor.tsx' does not exist.
File 'd:/DOPAMS/Toystack/dopams-backend-staging/node_modules/undici-types/mock-interceptor.d.ts' exists - use it as a name resolution result.
File 'd:/DOPAMS/Toystack/dopams-backend-staging/node_modules/undici-types/package.json' exists according to earlier cached lookups.
======== Module name './mock-interceptor' was successfully resolved to 'd:/DOPAMS/Toystack/dopams-backend-staging/node_modules/undici-types/mock-interceptor.d.ts' with Package ID 'undici-types/mock-interceptor.d.ts@6.21.0'. ========
File 'd:/DOPAMS/Toystack/dopams-backend-staging/node_modules/undici-types/package.json' exists according to earlier cached lookups.
======== Resolving module 'url' from 'd:/DOPAMS/Toystack/dopams-backend-staging/node_modules/undici-types/dispatcher.d.ts'. ========
Explicitly specified module resolution kind: 'Node10'.
'baseUrl' option is set to 'd:/DOPAMS/Toystack/dopams-backend-staging/src', using this value to resolve non-relative module name 'url'.
'paths' option is specified, looking for a pattern to match module name 'url'.
'baseUrl' option is set to 'd:/DOPAMS/Toystack/dopams-backend-staging/src', using this value to resolve non-relative module name 'url'.
Resolving module name 'url' relative to base url 'd:/DOPAMS/Toystack/dopams-backend-staging/src' - 'd:/DOPAMS/Toystack/dopams-backend-staging/src/url'.
Loading module as file / folder, candidate module location 'd:/DOPAMS/Toystack/dopams-backend-staging/src/url', target file types: TypeScript, Declaration.
File 'd:/DOPAMS/Toystack/dopams-backend-staging/src/url.ts' does not exist.
File 'd:/DOPAMS/Toystack/dopams-backend-staging/src/url.tsx' does not exist.
File 'd:/DOPAMS/Toystack/dopams-backend-staging/src/url.d.ts' does not exist.
Directory 'd:/DOPAMS/Toystack/dopams-backend-staging/src/url' does not exist, skipping all lookups in it.
Loading module 'url' from 'node_modules' folder, target file types: TypeScript, Declaration.
Searching all ancestor node_modules directories for preferred extensions: TypeScript, Declaration.
Directory 'd:/DOPAMS/Toystack/dopams-backend-staging/node_modules/undici-types/node_modules' does not exist, skipping all lookups in it.
Found 'package.json' at 'd:/DOPAMS/Toystack/dopams-backend-staging/node_modules/url/package.json'.
File 'd:/DOPAMS/Toystack/dopams-backend-staging/node_modules/url.ts' does not exist.
File 'd:/DOPAMS/Toystack/dopams-backend-staging/node_modules/url.tsx' does not exist.
File 'd:/DOPAMS/Toystack/dopams-backend-staging/node_modules/url.d.ts' does not exist.
'package.json' does not have a 'typesVersions' field.
'package.json' does not have a 'typings' field.
'package.json' does not have a 'types' field.
'package.json' has 'main' field './url.js' that references 'd:/DOPAMS/Toystack/dopams-backend-staging/node_modules/url/url.js'.
File name 'd:/DOPAMS/Toystack/dopams-backend-staging/node_modules/url/url.js' has a '.js' extension - stripping it.
File 'd:/DOPAMS/Toystack/dopams-backend-staging/node_modules/url/url.ts' does not exist.
File 'd:/DOPAMS/Toystack/dopams-backend-staging/node_modules/url/url.tsx' does not exist.
File 'd:/DOPAMS/Toystack/dopams-backend-staging/node_modules/url/url.d.ts' does not exist.
Loading module as file / folder, candidate module location 'd:/DOPAMS/Toystack/dopams-backend-staging/node_modules/url/url.js', target file types: TypeScript, Declaration.
File name 'd:/DOPAMS/Toystack/dopams-backend-staging/node_modules/url/url.js' has a '.js' extension - stripping it.
File 'd:/DOPAMS/Toystack/dopams-backend-staging/node_modules/url/url.ts' does not exist.
File 'd:/DOPAMS/Toystack/dopams-backend-staging/node_modules/url/url.tsx' does not exist.
File 'd:/DOPAMS/Toystack/dopams-backend-staging/node_modules/url/url.d.ts' does not exist.
File 'd:/DOPAMS/Toystack/dopams-backend-staging/node_modules/url/url.js.ts' does not exist.
File 'd:/DOPAMS/Toystack/dopams-backend-staging/node_modules/url/url.js.tsx' does not exist.
File 'd:/DOPAMS/Toystack/dopams-backend-staging/node_modules/url/url.js.d.ts' does not exist.
Directory 'd:/DOPAMS/Toystack/dopams-backend-staging/node_modules/url/url.js' does not exist, skipping all lookups in it.
File 'd:/DOPAMS/Toystack/dopams-backend-staging/node_modules/url/index.ts' does not exist.
File 'd:/DOPAMS/Toystack/dopams-backend-staging/node_modules/url/index.tsx' does not exist.
File 'd:/DOPAMS/Toystack/dopams-backend-staging/node_modules/url/index.d.ts' does not exist.
File 'd:/DOPAMS/Toystack/dopams-backend-staging/node_modules/@types/url.d.ts' does not exist.
Directory 'd:/DOPAMS/Toystack/node_modules' does not exist, skipping all lookups in it.
Directory 'd:/DOPAMS/node_modules' does not exist, skipping all lookups in it.
Directory 'd:/node_modules' does not exist, skipping all lookups in it.
'baseUrl' option is set to 'd:/DOPAMS/Toystack/dopams-backend-staging/src', using this value to resolve non-relative module name 'url'.
'paths' option is specified, looking for a pattern to match module name 'url'.
'baseUrl' option is set to 'd:/DOPAMS/Toystack/dopams-backend-staging/src', using this value to resolve non-relative module name 'url'.
Resolving module name 'url' relative to base url 'd:/DOPAMS/Toystack/dopams-backend-staging/src' - 'd:/DOPAMS/Toystack/dopams-backend-staging/src/url'.
Loading module as file / folder, candidate module location 'd:/DOPAMS/Toystack/dopams-backend-staging/src/url', target file types: JavaScript, JSON.
File 'd:/DOPAMS/Toystack/dopams-backend-staging/src/url.js' does not exist.
File 'd:/DOPAMS/Toystack/dopams-backend-staging/src/url.jsx' does not exist.
Directory 'd:/DOPAMS/Toystack/dopams-backend-staging/src/url' does not exist, skipping all lookups in it.
Loading module 'url' from 'node_modules' folder, target file types: JavaScript, JSON.
Searching all ancestor node_modules directories for fallback extensions: JavaScript, JSON.
Directory 'd:/DOPAMS/Toystack/dopams-backend-staging/node_modules/undici-types/node_modules' does not exist, skipping all lookups in it.
File 'd:/DOPAMS/Toystack/dopams-backend-staging/node_modules/url/package.json' exists according to earlier cached lookups.
File 'd:/DOPAMS/Toystack/dopams-backend-staging/node_modules/url.js' does not exist.
File 'd:/DOPAMS/Toystack/dopams-backend-staging/node_modules/url.jsx' does not exist.
'package.json' has 'main' field './url.js' that references 'd:/DOPAMS/Toystack/dopams-backend-staging/node_modules/url/url.js'.
File name 'd:/DOPAMS/Toystack/dopams-backend-staging/node_modules/url/url.js' has a '.js' extension - stripping it.
File 'd:/DOPAMS/Toystack/dopams-backend-staging/node_modules/url/url.js' exists - use it as a name resolution result.
'package.json' does not have a 'peerDependencies' field.
Resolution of non-relative name failed; trying with '--moduleResolution bundler' to see if project may need configuration update.
'baseUrl' option is set to 'd:/DOPAMS/Toystack/dopams-backend-staging/src', using this value to resolve non-relative module name 'url'.
'paths' option is specified, looking for a pattern to match module name 'url'.
'baseUrl' option is set to 'd:/DOPAMS/Toystack/dopams-backend-staging/src', using this value to resolve non-relative module name 'url'.
Resolving module name 'url' relative to base url 'd:/DOPAMS/Toystack/dopams-backend-staging/src' - 'd:/DOPAMS/Toystack/dopams-backend-staging/src/url'.
Loading module as file / folder, candidate module location 'd:/DOPAMS/Toystack/dopams-backend-staging/src/url', target file types: TypeScript, Declaration.
File 'd:/DOPAMS/Toystack/dopams-backend-staging/src/url.ts' does not exist.
File 'd:/DOPAMS/Toystack/dopams-backend-staging/src/url.tsx' does not exist.
File 'd:/DOPAMS/Toystack/dopams-backend-staging/src/url.d.ts' does not exist.
Directory 'd:/DOPAMS/Toystack/dopams-backend-staging/src/url' does not exist, skipping all lookups in it.
Loading module 'url' from 'node_modules' folder, target file types: TypeScript, Declaration.
Searching all ancestor node_modules directories for preferred extensions: TypeScript, Declaration.
Directory 'd:/DOPAMS/Toystack/dopams-backend-staging/node_modules/undici-types/node_modules' does not exist, skipping all lookups in it.
File 'd:/DOPAMS/Toystack/dopams-backend-staging/node_modules/url/package.json' exists according to earlier cached lookups.
File 'd:/DOPAMS/Toystack/dopams-backend-staging/node_modules/url.ts' does not exist.
File 'd:/DOPAMS/Toystack/dopams-backend-staging/node_modules/url.tsx' does not exist.
File 'd:/DOPAMS/Toystack/dopams-backend-staging/node_modules/url.d.ts' does not exist.
'package.json' does not have a 'typings' field.
'package.json' does not have a 'types' field.
'package.json' has 'main' field './url.js' that references 'd:/DOPAMS/Toystack/dopams-backend-staging/node_modules/url/url.js'.
File name 'd:/DOPAMS/Toystack/dopams-backend-staging/node_modules/url/url.js' has a '.js' extension - stripping it.
File 'd:/DOPAMS/Toystack/dopams-backend-staging/node_modules/url/url.ts' does not exist.
File 'd:/DOPAMS/Toystack/dopams-backend-staging/node_modules/url/url.tsx' does not exist.
File 'd:/DOPAMS/Toystack/dopams-backend-staging/node_modules/url/url.d.ts' does not exist.
Loading module as file / folder, candidate module location 'd:/DOPAMS/Toystack/dopams-backend-staging/node_modules/url/url.js', target file types: TypeScript, Declaration.
File name 'd:/DOPAMS/Toystack/dopams-backend-staging/node_modules/url/url.js' has a '.js' extension - stripping it.
File 'd:/DOPAMS/Toystack/dopams-backend-staging/node_modules/url/url.ts' does not exist.
File 'd:/DOPAMS/Toystack/dopams-backend-staging/node_modules/url/url.tsx' does not exist.
File 'd:/DOPAMS/Toystack/dopams-backend-staging/node_modules/url/url.d.ts' does not exist.
File 'd:/DOPAMS/Toystack/dopams-backend-staging/node_modules/url/url.js.ts' does not exist.
File 'd:/DOPAMS/Toystack/dopams-backend-staging/node_modules/url/url.js.tsx' does not exist.
File 'd:/DOPAMS/Toystack/dopams-backend-staging/node_modules/url/url.js.d.ts' does not exist.
Directory 'd:/DOPAMS/Toystack/dopams-backend-staging/node_modules/url/url.js' does not exist, skipping all lookups in it.
File 'd:/DOPAMS/Toystack/dopams-backend-staging/node_modules/url/index.ts' does not exist.
File 'd:/DOPAMS/Toystack/dopams-backend-staging/node_modules/url/index.tsx' does not exist.
File 'd:/DOPAMS/Toystack/dopams-backend-staging/node_modules/url/index.d.ts' does not exist.
File 'd:/DOPAMS/Toystack/dopams-backend-staging/node_modules/@types/url.d.ts' does not exist.
Directory 'd:/DOPAMS/Toystack/node_modules' does not exist, skipping all lookups in it.
Directory 'd:/DOPAMS/node_modules' does not exist, skipping all lookups in it.
Directory 'd:/node_modules' does not exist, skipping all lookups in it.
Resolving real path for 'd:/DOPAMS/Toystack/dopams-backend-staging/node_modules/url/url.js', result 'D:/DOPAMS/Toystack/dopams-backend-staging/node_modules/url/url.js'.
======== Module name 'url' was successfully resolved to 'd:/DOPAMS/Toystack/dopams-backend-staging/node_modules/url/url.js' with Package ID 'url/url.js@0.10.3'. ========
======== Resolving module 'stream' from 'd:/DOPAMS/Toystack/dopams-backend-staging/node_modules/undici-types/dispatcher.d.ts'. ========
Explicitly specified module resolution kind: 'Node10'.
'baseUrl' option is set to 'd:/DOPAMS/Toystack/dopams-backend-staging/src', using this value to resolve non-relative module name 'stream'.
'paths' option is specified, looking for a pattern to match module name 'stream'.
'baseUrl' option is set to 'd:/DOPAMS/Toystack/dopams-backend-staging/src', using this value to resolve non-relative module name 'stream'.
Resolving module name 'stream' relative to base url 'd:/DOPAMS/Toystack/dopams-backend-staging/src' - 'd:/DOPAMS/Toystack/dopams-backend-staging/src/stream'.
Loading module as file / folder, candidate module location 'd:/DOPAMS/Toystack/dopams-backend-staging/src/stream', target file types: TypeScript, Declaration.
File 'd:/DOPAMS/Toystack/dopams-backend-staging/src/stream.ts' does not exist.
File 'd:/DOPAMS/Toystack/dopams-backend-staging/src/stream.tsx' does not exist.
File 'd:/DOPAMS/Toystack/dopams-backend-staging/src/stream.d.ts' does not exist.
Directory 'd:/DOPAMS/Toystack/dopams-backend-staging/src/stream' does not exist, skipping all lookups in it.
Loading module 'stream' from 'node_modules' folder, target file types: TypeScript, Declaration.
Searching all ancestor node_modules directories for preferred extensions: TypeScript, Declaration.
Directory 'd:/DOPAMS/Toystack/dopams-backend-staging/node_modules/undici-types/node_modules' does not exist, skipping all lookups in it.
File 'd:/DOPAMS/Toystack/dopams-backend-staging/node_modules/stream.ts' does not exist.
File 'd:/DOPAMS/Toystack/dopams-backend-staging/node_modules/stream.tsx' does not exist.
File 'd:/DOPAMS/Toystack/dopams-backend-staging/node_modules/stream.d.ts' does not exist.
File 'd:/DOPAMS/Toystack/dopams-backend-staging/node_modules/@types/stream.d.ts' does not exist.
Directory 'd:/DOPAMS/Toystack/node_modules' does not exist, skipping all lookups in it.
Directory 'd:/DOPAMS/node_modules' does not exist, skipping all lookups in it.
Directory 'd:/node_modules' does not exist, skipping all lookups in it.
'baseUrl' option is set to 'd:/DOPAMS/Toystack/dopams-backend-staging/src', using this value to resolve non-relative module name 'stream'.
'paths' option is specified, looking for a pattern to match module name 'stream'.
'baseUrl' option is set to 'd:/DOPAMS/Toystack/dopams-backend-staging/src', using this value to resolve non-relative module name 'stream'.
Resolving module name 'stream' relative to base url 'd:/DOPAMS/Toystack/dopams-backend-staging/src' - 'd:/DOPAMS/Toystack/dopams-backend-staging/src/stream'.
Loading module as file / folder, candidate module location 'd:/DOPAMS/Toystack/dopams-backend-staging/src/stream', target file types: JavaScript, JSON.
File 'd:/DOPAMS/Toystack/dopams-backend-staging/src/stream.js' does not exist.
File 'd:/DOPAMS/Toystack/dopams-backend-staging/src/stream.jsx' does not exist.
Directory 'd:/DOPAMS/Toystack/dopams-backend-staging/src/stream' does not exist, skipping all lookups in it.
Loading module 'stream' from 'node_modules' folder, target file types: JavaScript, JSON.
Searching all ancestor node_modules directories for fallback extensions: JavaScript, JSON.
Directory 'd:/DOPAMS/Toystack/dopams-backend-staging/node_modules/undici-types/node_modules' does not exist, skipping all lookups in it.
File 'd:/DOPAMS/Toystack/dopams-backend-staging/node_modules/stream.js' does not exist.
File 'd:/DOPAMS/Toystack/dopams-backend-staging/node_modules/stream.jsx' does not exist.
Directory 'd:/DOPAMS/Toystack/node_modules' does not exist, skipping all lookups in it.
Directory 'd:/DOPAMS/node_modules' does not exist, skipping all lookups in it.
Directory 'd:/node_modules' does not exist, skipping all lookups in it.
======== Module name 'stream' was not resolved. ========
======== Resolving module 'events' from 'd:/DOPAMS/Toystack/dopams-backend-staging/node_modules/undici-types/dispatcher.d.ts'. ========
Explicitly specified module resolution kind: 'Node10'.
'baseUrl' option is set to 'd:/DOPAMS/Toystack/dopams-backend-staging/src', using this value to resolve non-relative module name 'events'.
'paths' option is specified, looking for a pattern to match module name 'events'.
'baseUrl' option is set to 'd:/DOPAMS/Toystack/dopams-backend-staging/src', using this value to resolve non-relative module name 'events'.
Resolving module name 'events' relative to base url 'd:/DOPAMS/Toystack/dopams-backend-staging/src' - 'd:/DOPAMS/Toystack/dopams-backend-staging/src/events'.
Loading module as file / folder, candidate module location 'd:/DOPAMS/Toystack/dopams-backend-staging/src/events', target file types: TypeScript, Declaration.
File 'd:/DOPAMS/Toystack/dopams-backend-staging/src/events.ts' does not exist.
File 'd:/DOPAMS/Toystack/dopams-backend-staging/src/events.tsx' does not exist.
File 'd:/DOPAMS/Toystack/dopams-backend-staging/src/events.d.ts' does not exist.
Directory 'd:/DOPAMS/Toystack/dopams-backend-staging/src/events' does not exist, skipping all lookups in it.
Loading module 'events' from 'node_modules' folder, target file types: TypeScript, Declaration.
Searching all ancestor node_modules directories for preferred extensions: TypeScript, Declaration.
Directory 'd:/DOPAMS/Toystack/dopams-backend-staging/node_modules/undici-types/node_modules' does not exist, skipping all lookups in it.
Found 'package.json' at 'd:/DOPAMS/Toystack/dopams-backend-staging/node_modules/events/package.json'.
File 'd:/DOPAMS/Toystack/dopams-backend-staging/node_modules/events.ts' does not exist.
File 'd:/DOPAMS/Toystack/dopams-backend-staging/node_modules/events.tsx' does not exist.
File 'd:/DOPAMS/Toystack/dopams-backend-staging/node_modules/events.d.ts' does not exist.
'package.json' does not have a 'typesVersions' field.
'package.json' does not have a 'typings' field.
'package.json' does not have a 'types' field.
'package.json' has 'main' field './events.js' that references 'd:/DOPAMS/Toystack/dopams-backend-staging/node_modules/events/events.js'.
File name 'd:/DOPAMS/Toystack/dopams-backend-staging/node_modules/events/events.js' has a '.js' extension - stripping it.
File 'd:/DOPAMS/Toystack/dopams-backend-staging/node_modules/events/events.ts' does not exist.
File 'd:/DOPAMS/Toystack/dopams-backend-staging/node_modules/events/events.tsx' does not exist.
File 'd:/DOPAMS/Toystack/dopams-backend-staging/node_modules/events/events.d.ts' does not exist.
Loading module as file / folder, candidate module location 'd:/DOPAMS/Toystack/dopams-backend-staging/node_modules/events/events.js', target file types: TypeScript, Declaration.
File name 'd:/DOPAMS/Toystack/dopams-backend-staging/node_modules/events/events.js' has a '.js' extension - stripping it.
File 'd:/DOPAMS/Toystack/dopams-backend-staging/node_modules/events/events.ts' does not exist.
File 'd:/DOPAMS/Toystack/dopams-backend-staging/node_modules/events/events.tsx' does not exist.
File 'd:/DOPAMS/Toystack/dopams-backend-staging/node_modules/events/events.d.ts' does not exist.
File 'd:/DOPAMS/Toystack/dopams-backend-staging/node_modules/events/events.js.ts' does not exist.
File 'd:/DOPAMS/Toystack/dopams-backend-staging/node_modules/events/events.js.tsx' does not exist.
File 'd:/DOPAMS/Toystack/dopams-backend-staging/node_modules/events/events.js.d.ts' does not exist.
Directory 'd:/DOPAMS/Toystack/dopams-backend-staging/node_modules/events/events.js' does not exist, skipping all lookups in it.
File 'd:/DOPAMS/Toystack/dopams-backend-staging/node_modules/events/index.ts' does not exist.
File 'd:/DOPAMS/Toystack/dopams-backend-staging/node_modules/events/index.tsx' does not exist.
File 'd:/DOPAMS/Toystack/dopams-backend-staging/node_modules/events/index.d.ts' does not exist.
File 'd:/DOPAMS/Toystack/dopams-backend-staging/node_modules/@types/events.d.ts' does not exist.
Directory 'd:/DOPAMS/Toystack/node_modules' does not exist, skipping all lookups in it.
Directory 'd:/DOPAMS/node_modules' does not exist, skipping all lookups in it.
Directory 'd:/node_modules' does not exist, skipping all lookups in it.
'baseUrl' option is set to 'd:/DOPAMS/Toystack/dopams-backend-staging/src', using this value to resolve non-relative module name 'events'.
'paths' option is specified, looking for a pattern to match module name 'events'.
'baseUrl' option is set to 'd:/DOPAMS/Toystack/dopams-backend-staging/src', using this value to resolve non-relative module name 'events'.
Resolving module name 'events' relative to base url 'd:/DOPAMS/Toystack/dopams-backend-staging/src' - 'd:/DOPAMS/Toystack/dopams-backend-staging/src/events'.
Loading module as file / folder, candidate module location 'd:/DOPAMS/Toystack/dopams-backend-staging/src/events', target file types: JavaScript, JSON.
File 'd:/DOPAMS/Toystack/dopams-backend-staging/src/events.js' does not exist.
File 'd:/DOPAMS/Toystack/dopams-backend-staging/src/events.jsx' does not exist.
Directory 'd:/DOPAMS/Toystack/dopams-backend-staging/src/events' does not exist, skipping all lookups in it.
Loading module 'events' from 'node_modules' folder, target file types: JavaScript, JSON.
Searching all ancestor node_modules directories for fallback extensions: JavaScript, JSON.
Directory 'd:/DOPAMS/Toystack/dopams-backend-staging/node_modules/undici-types/node_modules' does not exist, skipping all lookups in it.
File 'd:/DOPAMS/Toystack/dopams-backend-staging/node_modules/events/package.json' exists according to earlier cached lookups.
File 'd:/DOPAMS/Toystack/dopams-backend-staging/node_modules/events.js' does not exist.
File 'd:/DOPAMS/Toystack/dopams-backend-staging/node_modules/events.jsx' does not exist.
'package.json' has 'main' field './events.js' that references 'd:/DOPAMS/Toystack/dopams-backend-staging/node_modules/events/events.js'.
File name 'd:/DOPAMS/Toystack/dopams-backend-staging/node_modules/events/events.js' has a '.js' extension - stripping it.
File 'd:/DOPAMS/Toystack/dopams-backend-staging/node_modules/events/events.js' exists - use it as a name resolution result.
'package.json' does not have a 'peerDependencies' field.
Resolution of non-relative name failed; trying with '--moduleResolution bundler' to see if project may need configuration update.
'baseUrl' option is set to 'd:/DOPAMS/Toystack/dopams-backend-staging/src', using this value to resolve non-relative module name 'events'.
'paths' option is specified, looking for a pattern to match module name 'events'.
'baseUrl' option is set to 'd:/DOPAMS/Toystack/dopams-backend-staging/src', using this value to resolve non-relative module name 'events'.
Resolving module name 'events' relative to base url 'd:/DOPAMS/Toystack/dopams-backend-staging/src' - 'd:/DOPAMS/Toystack/dopams-backend-staging/src/events'.
Loading module as file / folder, candidate module location 'd:/DOPAMS/Toystack/dopams-backend-staging/src/events', target file types: TypeScript, Declaration.
File 'd:/DOPAMS/Toystack/dopams-backend-staging/src/events.ts' does not exist.
File 'd:/DOPAMS/Toystack/dopams-backend-staging/src/events.tsx' does not exist.
File 'd:/DOPAMS/Toystack/dopams-backend-staging/src/events.d.ts' does not exist.
Directory 'd:/DOPAMS/Toystack/dopams-backend-staging/src/events' does not exist, skipping all lookups in it.
Loading module 'events' from 'node_modules' folder, target file types: TypeScript, Declaration.
Searching all ancestor node_modules directories for preferred extensions: TypeScript, Declaration.
Directory 'd:/DOPAMS/Toystack/dopams-backend-staging/node_modules/undici-types/node_modules' does not exist, skipping all lookups in it.
File 'd:/DOPAMS/Toystack/dopams-backend-staging/node_modules/events/package.json' exists according to earlier cached lookups.
File 'd:/DOPAMS/Toystack/dopams-backend-staging/node_modules/events.ts' does not exist.
File 'd:/DOPAMS/Toystack/dopams-backend-staging/node_modules/events.tsx' does not exist.
File 'd:/DOPAMS/Toystack/dopams-backend-staging/node_modules/events.d.ts' does not exist.
'package.json' does not have a 'typings' field.
'package.json' does not have a 'types' field.
'package.json' has 'main' field './events.js' that references 'd:/DOPAMS/Toystack/dopams-backend-staging/node_modules/events/events.js'.
File name 'd:/DOPAMS/Toystack/dopams-backend-staging/node_modules/events/events.js' has a '.js' extension - stripping it.
File 'd:/DOPAMS/Toystack/dopams-backend-staging/node_modules/events/events.ts' does not exist.
File 'd:/DOPAMS/Toystack/dopams-backend-staging/node_modules/events/events.tsx' does not exist.
File 'd:/DOPAMS/Toystack/dopams-backend-staging/node_modules/events/events.d.ts' does not exist.
Loading module as file / folder, candidate module location 'd:/DOPAMS/Toystack/dopams-backend-staging/node_modules/events/events.js', target file types: TypeScript, Declaration.
File name 'd:/DOPAMS/Toystack/dopams-backend-staging/node_modules/events/events.js' has a '.js' extension - stripping it.
File 'd:/DOPAMS/Toystack/dopams-backend-staging/node_modules/events/events.ts' does not exist.
File 'd:/DOPAMS/Toystack/dopams-backend-staging/node_modules/events/events.tsx' does not exist.
File 'd:/DOPAMS/Toystack/dopams-backend-staging/node_modules/events/events.d.ts' does not exist.
File 'd:/DOPAMS/Toystack/dopams-backend-staging/node_modules/events/events.js.ts' does not exist.
File 'd:/DOPAMS/Toystack/dopams-backend-staging/node_modules/events/events.js.tsx' does not exist.
File 'd:/DOPAMS/Toystack/dopams-backend-staging/node_modules/events/events.js.d.ts' does not exist.
Directory 'd:/DOPAMS/Toystack/dopams-backend-staging/node_modules/events/events.js' does not exist, skipping all lookups in it.
File 'd:/DOPAMS/Toystack/dopams-backend-staging/node_modules/events/index.ts' does not exist.
File 'd:/DOPAMS/Toystack/dopams-backend-staging/node_modules/events/index.tsx' does not exist.
File 'd:/DOPAMS/Toystack/dopams-backend-staging/node_modules/events/index.d.ts' does not exist.
File 'd:/DOPAMS/Toystack/dopams-backend-staging/node_modules/@types/events.d.ts' does not exist.
Directory 'd:/DOPAMS/Toystack/node_modules' does not exist, skipping all lookups in it.
Directory 'd:/DOPAMS/node_modules' does not exist, skipping all lookups in it.
Directory 'd:/node_modules' does not exist, skipping all lookups in it.
Resolving real path for 'd:/DOPAMS/Toystack/dopams-backend-staging/node_modules/events/events.js', result 'D:/DOPAMS/Toystack/dopams-backend-staging/node_modules/events/events.js'.
======== Module name 'events' was successfully resolved to 'd:/DOPAMS/Toystack/dopams-backend-staging/node_modules/events/events.js' with Package ID 'events/events.js@1.1.1'. ========
======== Resolving module 'buffer' from 'd:/DOPAMS/Toystack/dopams-backend-staging/node_modules/undici-types/dispatcher.d.ts'. ========
Explicitly specified module resolution kind: 'Node10'.
'baseUrl' option is set to 'd:/DOPAMS/Toystack/dopams-backend-staging/src', using this value to resolve non-relative module name 'buffer'.
'paths' option is specified, looking for a pattern to match module name 'buffer'.
'baseUrl' option is set to 'd:/DOPAMS/Toystack/dopams-backend-staging/src', using this value to resolve non-relative module name 'buffer'.
Resolving module name 'buffer' relative to base url 'd:/DOPAMS/Toystack/dopams-backend-staging/src' - 'd:/DOPAMS/Toystack/dopams-backend-staging/src/buffer'.
Loading module as file / folder, candidate module location 'd:/DOPAMS/Toystack/dopams-backend-staging/src/buffer', target file types: TypeScript, Declaration.
File 'd:/DOPAMS/Toystack/dopams-backend-staging/src/buffer.ts' does not exist.
File 'd:/DOPAMS/Toystack/dopams-backend-staging/src/buffer.tsx' does not exist.
File 'd:/DOPAMS/Toystack/dopams-backend-staging/src/buffer.d.ts' does not exist.
Directory 'd:/DOPAMS/Toystack/dopams-backend-staging/src/buffer' does not exist, skipping all lookups in it.
Loading module 'buffer' from 'node_modules' folder, target file types: TypeScript, Declaration.
Searching all ancestor node_modules directories for preferred extensions: TypeScript, Declaration.
Directory 'd:/DOPAMS/Toystack/dopams-backend-staging/node_modules/undici-types/node_modules' does not exist, skipping all lookups in it.
Found 'package.json' at 'd:/DOPAMS/Toystack/dopams-backend-staging/node_modules/buffer/package.json'.
File 'd:/DOPAMS/Toystack/dopams-backend-staging/node_modules/buffer.ts' does not exist.
File 'd:/DOPAMS/Toystack/dopams-backend-staging/node_modules/buffer.tsx' does not exist.
File 'd:/DOPAMS/Toystack/dopams-backend-staging/node_modules/buffer.d.ts' does not exist.
'package.json' does not have a 'typesVersions' field.
'package.json' does not have a 'typings' field.
'package.json' does not have a 'types' field.
'package.json' has 'main' field 'index.js' that references 'd:/DOPAMS/Toystack/dopams-backend-staging/node_modules/buffer/index.js'.
File name 'd:/DOPAMS/Toystack/dopams-backend-staging/node_modules/buffer/index.js' has a '.js' extension - stripping it.
File 'd:/DOPAMS/Toystack/dopams-backend-staging/node_modules/buffer/index.ts' does not exist.
File 'd:/DOPAMS/Toystack/dopams-backend-staging/node_modules/buffer/index.tsx' does not exist.
File 'd:/DOPAMS/Toystack/dopams-backend-staging/node_modules/buffer/index.d.ts' does not exist.
Loading module as file / folder, candidate module location 'd:/DOPAMS/Toystack/dopams-backend-staging/node_modules/buffer/index.js', target file types: TypeScript, Declaration.
File name 'd:/DOPAMS/Toystack/dopams-backend-staging/node_modules/buffer/index.js' has a '.js' extension - stripping it.
File 'd:/DOPAMS/Toystack/dopams-backend-staging/node_modules/buffer/index.ts' does not exist.
File 'd:/DOPAMS/Toystack/dopams-backend-staging/node_modules/buffer/index.tsx' does not exist.
File 'd:/DOPAMS/Toystack/dopams-backend-staging/node_modules/buffer/index.d.ts' does not exist.
File 'd:/DOPAMS/Toystack/dopams-backend-staging/node_modules/buffer/index.js.ts' does not exist.
File 'd:/DOPAMS/Toystack/dopams-backend-staging/node_modules/buffer/index.js.tsx' does not exist.
File 'd:/DOPAMS/Toystack/dopams-backend-staging/node_modules/buffer/index.js.d.ts' does not exist.
Directory 'd:/DOPAMS/Toystack/dopams-backend-staging/node_modules/buffer/index.js' does not exist, skipping all lookups in it.
File 'd:/DOPAMS/Toystack/dopams-backend-staging/node_modules/buffer/index.ts' does not exist.
File 'd:/DOPAMS/Toystack/dopams-backend-staging/node_modules/buffer/index.tsx' does not exist.
File 'd:/DOPAMS/Toystack/dopams-backend-staging/node_modules/buffer/index.d.ts' does not exist.
File 'd:/DOPAMS/Toystack/dopams-backend-staging/node_modules/@types/buffer.d.ts' does not exist.
Directory 'd:/DOPAMS/Toystack/node_modules' does not exist, skipping all lookups in it.
Directory 'd:/DOPAMS/node_modules' does not exist, skipping all lookups in it.
Directory 'd:/node_modules' does not exist, skipping all lookups in it.
'baseUrl' option is set to 'd:/DOPAMS/Toystack/dopams-backend-staging/src', using this value to resolve non-relative module name 'buffer'.
'paths' option is specified, looking for a pattern to match module name 'buffer'.
'baseUrl' option is set to 'd:/DOPAMS/Toystack/dopams-backend-staging/src', using this value to resolve non-relative module name 'buffer'.
Resolving module name 'buffer' relative to base url 'd:/DOPAMS/Toystack/dopams-backend-staging/src' - 'd:/DOPAMS/Toystack/dopams-backend-staging/src/buffer'.
Loading module as file / folder, candidate module location 'd:/DOPAMS/Toystack/dopams-backend-staging/src/buffer', target file types: JavaScript, JSON.
File 'd:/DOPAMS/Toystack/dopams-backend-staging/src/buffer.js' does not exist.
File 'd:/DOPAMS/Toystack/dopams-backend-staging/src/buffer.jsx' does not exist.
Directory 'd:/DOPAMS/Toystack/dopams-backend-staging/src/buffer' does not exist, skipping all lookups in it.
Loading module 'buffer' from 'node_modules' folder, target file types: JavaScript, JSON.
Searching all ancestor node_modules directories for fallback extensions: JavaScript, JSON.
Directory 'd:/DOPAMS/Toystack/dopams-backend-staging/node_modules/undici-types/node_modules' does not exist, skipping all lookups in it.
File 'd:/DOPAMS/Toystack/dopams-backend-staging/node_modules/buffer/package.json' exists according to earlier cached lookups.
File 'd:/DOPAMS/Toystack/dopams-backend-staging/node_modules/buffer.js' does not exist.
File 'd:/DOPAMS/Toystack/dopams-backend-staging/node_modules/buffer.jsx' does not exist.
'package.json' has 'main' field 'index.js' that references 'd:/DOPAMS/Toystack/dopams-backend-staging/node_modules/buffer/index.js'.
File name 'd:/DOPAMS/Toystack/dopams-backend-staging/node_modules/buffer/index.js' has a '.js' extension - stripping it.
File 'd:/DOPAMS/Toystack/dopams-backend-staging/node_modules/buffer/index.js' exists - use it as a name resolution result.
'package.json' does not have a 'peerDependencies' field.
Resolution of non-relative name failed; trying with '--moduleResolution bundler' to see if project may need configuration update.
'baseUrl' option is set to 'd:/DOPAMS/Toystack/dopams-backend-staging/src', using this value to resolve non-relative module name 'buffer'.
'paths' option is specified, looking for a pattern to match module name 'buffer'.
'baseUrl' option is set to 'd:/DOPAMS/Toystack/dopams-backend-staging/src', using this value to resolve non-relative module name 'buffer'.
Resolving module name 'buffer' relative to base url 'd:/DOPAMS/Toystack/dopams-backend-staging/src' - 'd:/DOPAMS/Toystack/dopams-backend-staging/src/buffer'.
Loading module as file / folder, candidate module location 'd:/DOPAMS/Toystack/dopams-backend-staging/src/buffer', target file types: TypeScript, Declaration.
File 'd:/DOPAMS/Toystack/dopams-backend-staging/src/buffer.ts' does not exist.
File 'd:/DOPAMS/Toystack/dopams-backend-staging/src/buffer.tsx' does not exist.
File 'd:/DOPAMS/Toystack/dopams-backend-staging/src/buffer.d.ts' does not exist.
Directory 'd:/DOPAMS/Toystack/dopams-backend-staging/src/buffer' does not exist, skipping all lookups in it.
Loading module 'buffer' from 'node_modules' folder, target file types: TypeScript, Declaration.
Searching all ancestor node_modules directories for preferred extensions: TypeScript, Declaration.
Directory 'd:/DOPAMS/Toystack/dopams-backend-staging/node_modules/undici-types/node_modules' does not exist, skipping all lookups in it.
File 'd:/DOPAMS/Toystack/dopams-backend-staging/node_modules/buffer/package.json' exists according to earlier cached lookups.
File 'd:/DOPAMS/Toystack/dopams-backend-staging/node_modules/buffer.ts' does not exist.
File 'd:/DOPAMS/Toystack/dopams-backend-staging/node_modules/buffer.tsx' does not exist.
File 'd:/DOPAMS/Toystack/dopams-backend-staging/node_modules/buffer.d.ts' does not exist.
'package.json' does not have a 'typings' field.
'package.json' does not have a 'types' field.
'package.json' has 'main' field 'index.js' that references 'd:/DOPAMS/Toystack/dopams-backend-staging/node_modules/buffer/index.js'.
File name 'd:/DOPAMS/Toystack/dopams-backend-staging/node_modules/buffer/index.js' has a '.js' extension - stripping it.
File 'd:/DOPAMS/Toystack/dopams-backend-staging/node_modules/buffer/index.ts' does not exist.
File 'd:/DOPAMS/Toystack/dopams-backend-staging/node_modules/buffer/index.tsx' does not exist.
File 'd:/DOPAMS/Toystack/dopams-backend-staging/node_modules/buffer/index.d.ts' does not exist.
Loading module as file / folder, candidate module location 'd:/DOPAMS/Toystack/dopams-backend-staging/node_modules/buffer/index.js', target file types: TypeScript, Declaration.
File name 'd:/DOPAMS/Toystack/dopams-backend-staging/node_modules/buffer/index.js' has a '.js' extension - stripping it.
File 'd:/DOPAMS/Toystack/dopams-backend-staging/node_modules/buffer/index.ts' does not exist.
File 'd:/DOPAMS/Toystack/dopams-backend-staging/node_modules/buffer/index.tsx' does not exist.
File 'd:/DOPAMS/Toystack/dopams-backend-staging/node_modules/buffer/index.d.ts' does not exist.
File 'd:/DOPAMS/Toystack/dopams-backend-staging/node_modules/buffer/index.js.ts' does not exist.
File 'd:/DOPAMS/Toystack/dopams-backend-staging/node_modules/buffer/index.js.tsx' does not exist.
File 'd:/DOPAMS/Toystack/dopams-backend-staging/node_modules/buffer/index.js.d.ts' does not exist.
Directory 'd:/DOPAMS/Toystack/dopams-backend-staging/node_modules/buffer/index.js' does not exist, skipping all lookups in it.
File 'd:/DOPAMS/Toystack/dopams-backend-staging/node_modules/buffer/index.ts' does not exist.
File 'd:/DOPAMS/Toystack/dopams-backend-staging/node_modules/buffer/index.tsx' does not exist.
File 'd:/DOPAMS/Toystack/dopams-backend-staging/node_modules/buffer/index.d.ts' does not exist.
File 'd:/DOPAMS/Toystack/dopams-backend-staging/node_modules/@types/buffer.d.ts' does not exist.
Directory 'd:/DOPAMS/Toystack/node_modules' does not exist, skipping all lookups in it.
Directory 'd:/DOPAMS/node_modules' does not exist, skipping all lookups in it.
Directory 'd:/node_modules' does not exist, skipping all lookups in it.
Resolving real path for 'd:/DOPAMS/Toystack/dopams-backend-staging/node_modules/buffer/index.js', result 'D:/DOPAMS/Toystack/dopams-backend-staging/node_modules/buffer/index.js'.
======== Module name 'buffer' was successfully resolved to 'd:/DOPAMS/Toystack/dopams-backend-staging/node_modules/buffer/index.js' with Package ID 'buffer/index.js@4.9.2'. ========
======== Resolving module './header' from 'd:/DOPAMS/Toystack/dopams-backend-staging/node_modules/undici-types/dispatcher.d.ts'. ========
Explicitly specified module resolution kind: 'Node10'.
Loading module as file / folder, candidate module location 'd:/DOPAMS/Toystack/dopams-backend-staging/node_modules/undici-types/header', target file types: TypeScript, Declaration.
File 'd:/DOPAMS/Toystack/dopams-backend-staging/node_modules/undici-types/header.ts' does not exist.
File 'd:/DOPAMS/Toystack/dopams-backend-staging/node_modules/undici-types/header.tsx' does not exist.
File 'd:/DOPAMS/Toystack/dopams-backend-staging/node_modules/undici-types/header.d.ts' exists - use it as a name resolution result.
File 'd:/DOPAMS/Toystack/dopams-backend-staging/node_modules/undici-types/package.json' exists according to earlier cached lookups.
======== Module name './header' was successfully resolved to 'd:/DOPAMS/Toystack/dopams-backend-staging/node_modules/undici-types/header.d.ts' with Package ID 'undici-types/header.d.ts@6.21.0'. ========
======== Resolving module './readable' from 'd:/DOPAMS/Toystack/dopams-backend-staging/node_modules/undici-types/dispatcher.d.ts'. ========
Explicitly specified module resolution kind: 'Node10'.
Loading module as file / folder, candidate module location 'd:/DOPAMS/Toystack/dopams-backend-staging/node_modules/undici-types/readable', target file types: TypeScript, Declaration.
File 'd:/DOPAMS/Toystack/dopams-backend-staging/node_modules/undici-types/readable.ts' does not exist.
File 'd:/DOPAMS/Toystack/dopams-backend-staging/node_modules/undici-types/readable.tsx' does not exist.
File 'd:/DOPAMS/Toystack/dopams-backend-staging/node_modules/undici-types/readable.d.ts' exists - use it as a name resolution result.
File 'd:/DOPAMS/Toystack/dopams-backend-staging/node_modules/undici-types/package.json' exists according to earlier cached lookups.
======== Module name './readable' was successfully resolved to 'd:/DOPAMS/Toystack/dopams-backend-staging/node_modules/undici-types/readable.d.ts' with Package ID 'undici-types/readable.d.ts@6.21.0'. ========
======== Resolving module './formdata' from 'd:/DOPAMS/Toystack/dopams-backend-staging/node_modules/undici-types/dispatcher.d.ts'. ========
Resolution for module './formdata' was found in cache from location 'd:/DOPAMS/Toystack/dopams-backend-staging/node_modules/undici-types'.
======== Module name './formdata' was successfully resolved to 'd:/DOPAMS/Toystack/dopams-backend-staging/node_modules/undici-types/formdata.d.ts' with Package ID 'undici-types/formdata.d.ts@6.21.0'. ========
======== Resolving module './errors' from 'd:/DOPAMS/Toystack/dopams-backend-staging/node_modules/undici-types/dispatcher.d.ts'. ========
Resolution for module './errors' was found in cache from location 'd:/DOPAMS/Toystack/dopams-backend-staging/node_modules/undici-types'.
======== Module name './errors' was successfully resolved to 'd:/DOPAMS/Toystack/dopams-backend-staging/node_modules/undici-types/errors.d.ts' with Package ID 'undici-types/errors.d.ts@6.21.0'. ========
File 'd:/DOPAMS/Toystack/dopams-backend-staging/node_modules/undici-types/package.json' exists according to earlier cached lookups.
File 'd:/DOPAMS/Toystack/dopams-backend-staging/node_modules/undici-types/package.json' exists according to earlier cached lookups.
======== Resolving module 'stream' from 'd:/DOPAMS/Toystack/dopams-backend-staging/node_modules/undici-types/readable.d.ts'. ========
Resolution for module 'stream' was found in cache from location 'd:/DOPAMS/Toystack/dopams-backend-staging/node_modules/undici-types'.
======== Module name 'stream' was not resolved. ========
======== Resolving module 'buffer' from 'd:/DOPAMS/Toystack/dopams-backend-staging/node_modules/undici-types/readable.d.ts'. ========
Resolution for module 'buffer' was found in cache from location 'd:/DOPAMS/Toystack/dopams-backend-staging/node_modules/undici-types'.
======== Module name 'buffer' was successfully resolved to 'd:/DOPAMS/Toystack/dopams-backend-staging/node_modules/buffer/index.js' with Package ID 'buffer/index.js@4.9.2'. ========
File 'd:/DOPAMS/Toystack/dopams-backend-staging/node_modules/undici-types/package.json' exists according to earlier cached lookups.
======== Resolving type reference directive 'node', containing file 'd:/DOPAMS/Toystack/dopams-backend-staging/node_modules/undici-types/formdata.d.ts', root directory 'd:/DOPAMS/Toystack/dopams-backend-staging/node_modules/@types,d:/DOPAMS/Toystack/node_modules/@types,d:/DOPAMS/node_modules/@types,d:/node_modules/@types'. ========
Resolving with primary search path 'd:/DOPAMS/Toystack/dopams-backend-staging/node_modules/@types, d:/DOPAMS/Toystack/node_modules/@types, d:/DOPAMS/node_modules/@types, d:/node_modules/@types'.
File 'd:/DOPAMS/Toystack/dopams-backend-staging/node_modules/@types/node/package.json' exists according to earlier cached lookups.
'package.json' does not have a 'typings' field.
'package.json' has 'types' field 'index.d.ts' that references 'd:/DOPAMS/Toystack/dopams-backend-staging/node_modules/@types/node/index.d.ts'.
File 'd:/DOPAMS/Toystack/dopams-backend-staging/node_modules/@types/node/index.d.ts' exists - use it as a name resolution result.
Resolving real path for 'd:/DOPAMS/Toystack/dopams-backend-staging/node_modules/@types/node/index.d.ts', result 'D:/DOPAMS/Toystack/dopams-backend-staging/node_modules/@types/node/index.d.ts'.
======== Type reference directive 'node' was successfully resolved to 'd:/DOPAMS/Toystack/dopams-backend-staging/node_modules/@types/node/index.d.ts' with Package ID '@types/node/index.d.ts@22.19.10', primary: true. ========
======== Resolving module './file' from 'd:/DOPAMS/Toystack/dopams-backend-staging/node_modules/undici-types/formdata.d.ts'. ========
Resolution for module './file' was found in cache from location 'd:/DOPAMS/Toystack/dopams-backend-staging/node_modules/undici-types'.
======== Module name './file' was successfully resolved to 'd:/DOPAMS/Toystack/dopams-backend-staging/node_modules/undici-types/file.d.ts' with Package ID 'undici-types/file.d.ts@6.21.0'. ========
======== Resolving module './fetch' from 'd:/DOPAMS/Toystack/dopams-backend-staging/node_modules/undici-types/formdata.d.ts'. ========
Resolution for module './fetch' was found in cache from location 'd:/DOPAMS/Toystack/dopams-backend-staging/node_modules/undici-types'.
======== Module name './fetch' was successfully resolved to 'd:/DOPAMS/Toystack/dopams-backend-staging/node_modules/undici-types/fetch.d.ts' with Package ID 'undici-types/fetch.d.ts@6.21.0'. ========
File 'd:/DOPAMS/Toystack/dopams-backend-staging/node_modules/undici-types/package.json' exists according to earlier cached lookups.
======== Resolving type reference directive 'node', containing file 'd:/DOPAMS/Toystack/dopams-backend-staging/node_modules/undici-types/file.d.ts'. ========
Resolution for type reference directive 'node' was found in cache from location 'd:/DOPAMS/Toystack/dopams-backend-staging/node_modules/undici-types'.
======== Type reference directive 'node' was successfully resolved to 'd:/DOPAMS/Toystack/dopams-backend-staging/node_modules/@types/node/index.d.ts' with Package ID '@types/node/index.d.ts@22.19.10', primary: true. ========
======== Resolving module 'buffer' from 'd:/DOPAMS/Toystack/dopams-backend-staging/node_modules/undici-types/file.d.ts'. ========
Resolution for module 'buffer' was found in cache from location 'd:/DOPAMS/Toystack/dopams-backend-staging/node_modules/undici-types'.
======== Module name 'buffer' was successfully resolved to 'd:/DOPAMS/Toystack/dopams-backend-staging/node_modules/buffer/index.js' with Package ID 'buffer/index.js@4.9.2'. ========
File 'd:/DOPAMS/Toystack/dopams-backend-staging/node_modules/undici-types/package.json' exists according to earlier cached lookups.
======== Resolving type reference directive 'node', containing file 'd:/DOPAMS/Toystack/dopams-backend-staging/node_modules/undici-types/fetch.d.ts'. ========
Resolution for type reference directive 'node' was found in cache from location 'd:/DOPAMS/Toystack/dopams-backend-staging/node_modules/undici-types'.
======== Type reference directive 'node' was successfully resolved to 'd:/DOPAMS/Toystack/dopams-backend-staging/node_modules/@types/node/index.d.ts' with Package ID '@types/node/index.d.ts@22.19.10', primary: true. ========
======== Resolving module 'buffer' from 'd:/DOPAMS/Toystack/dopams-backend-staging/node_modules/undici-types/fetch.d.ts'. ========
Resolution for module 'buffer' was found in cache from location 'd:/DOPAMS/Toystack/dopams-backend-staging/node_modules/undici-types'.
======== Module name 'buffer' was successfully resolved to 'd:/DOPAMS/Toystack/dopams-backend-staging/node_modules/buffer/index.js' with Package ID 'buffer/index.js@4.9.2'. ========
======== Resolving module 'url' from 'd:/DOPAMS/Toystack/dopams-backend-staging/node_modules/undici-types/fetch.d.ts'. ========
Resolution for module 'url' was found in cache from location 'd:/DOPAMS/Toystack/dopams-backend-staging/node_modules/undici-types'.
======== Module name 'url' was successfully resolved to 'd:/DOPAMS/Toystack/dopams-backend-staging/node_modules/url/url.js' with Package ID 'url/url.js@0.10.3'. ========
======== Resolving module 'stream/web' from 'd:/DOPAMS/Toystack/dopams-backend-staging/node_modules/undici-types/fetch.d.ts'. ========
Explicitly specified module resolution kind: 'Node10'.
'baseUrl' option is set to 'd:/DOPAMS/Toystack/dopams-backend-staging/src', using this value to resolve non-relative module name 'stream/web'.
'paths' option is specified, looking for a pattern to match module name 'stream/web'.
'baseUrl' option is set to 'd:/DOPAMS/Toystack/dopams-backend-staging/src', using this value to resolve non-relative module name 'stream/web'.
Resolving module name 'stream/web' relative to base url 'd:/DOPAMS/Toystack/dopams-backend-staging/src' - 'd:/DOPAMS/Toystack/dopams-backend-staging/src/stream/web'.
Loading module as file / folder, candidate module location 'd:/DOPAMS/Toystack/dopams-backend-staging/src/stream/web', target file types: TypeScript, Declaration.
Loading module 'stream/web' from 'node_modules' folder, target file types: TypeScript, Declaration.
Searching all ancestor node_modules directories for preferred extensions: TypeScript, Declaration.
Directory 'd:/DOPAMS/Toystack/dopams-backend-staging/node_modules/undici-types/node_modules' does not exist, skipping all lookups in it.
Directory 'd:/DOPAMS/Toystack/node_modules' does not exist, skipping all lookups in it.
Directory 'd:/DOPAMS/node_modules' does not exist, skipping all lookups in it.
Directory 'd:/node_modules' does not exist, skipping all lookups in it.
'baseUrl' option is set to 'd:/DOPAMS/Toystack/dopams-backend-staging/src', using this value to resolve non-relative module name 'stream/web'.
'paths' option is specified, looking for a pattern to match module name 'stream/web'.
'baseUrl' option is set to 'd:/DOPAMS/Toystack/dopams-backend-staging/src', using this value to resolve non-relative module name 'stream/web'.
Resolving module name 'stream/web' relative to base url 'd:/DOPAMS/Toystack/dopams-backend-staging/src' - 'd:/DOPAMS/Toystack/dopams-backend-staging/src/stream/web'.
Loading module as file / folder, candidate module location 'd:/DOPAMS/Toystack/dopams-backend-staging/src/stream/web', target file types: JavaScript, JSON.
Loading module 'stream/web' from 'node_modules' folder, target file types: JavaScript, JSON.
Searching all ancestor node_modules directories for fallback extensions: JavaScript, JSON.
Directory 'd:/DOPAMS/Toystack/dopams-backend-staging/node_modules/undici-types/node_modules' does not exist, skipping all lookups in it.
Directory 'd:/DOPAMS/Toystack/node_modules' does not exist, skipping all lookups in it.
Directory 'd:/DOPAMS/node_modules' does not exist, skipping all lookups in it.
Directory 'd:/node_modules' does not exist, skipping all lookups in it.
======== Module name 'stream/web' was not resolved. ========
======== Resolving module './formdata' from 'd:/DOPAMS/Toystack/dopams-backend-staging/node_modules/undici-types/fetch.d.ts'. ========
Resolution for module './formdata' was found in cache from location 'd:/DOPAMS/Toystack/dopams-backend-staging/node_modules/undici-types'.
======== Module name './formdata' was successfully resolved to 'd:/DOPAMS/Toystack/dopams-backend-staging/node_modules/undici-types/formdata.d.ts' with Package ID 'undici-types/formdata.d.ts@6.21.0'. ========
======== Resolving module './dispatcher' from 'd:/DOPAMS/Toystack/dopams-backend-staging/node_modules/undici-types/fetch.d.ts'. ========
Resolution for module './dispatcher' was found in cache from location 'd:/DOPAMS/Toystack/dopams-backend-staging/node_modules/undici-types'.
======== Module name './dispatcher' was successfully resolved to 'd:/DOPAMS/Toystack/dopams-backend-staging/node_modules/undici-types/dispatcher.d.ts' with Package ID 'undici-types/dispatcher.d.ts@6.21.0'. ========
File 'd:/DOPAMS/Toystack/dopams-backend-staging/node_modules/undici-types/package.json' exists according to earlier cached lookups.
======== Resolving module './header' from 'd:/DOPAMS/Toystack/dopams-backend-staging/node_modules/undici-types/errors.d.ts'. ========
Resolution for module './header' was found in cache from location 'd:/DOPAMS/Toystack/dopams-backend-staging/node_modules/undici-types'.
======== Module name './header' was successfully resolved to 'd:/DOPAMS/Toystack/dopams-backend-staging/node_modules/undici-types/header.d.ts' with Package ID 'undici-types/header.d.ts@6.21.0'. ========
======== Resolving module './client' from 'd:/DOPAMS/Toystack/dopams-backend-staging/node_modules/undici-types/errors.d.ts'. ========
Resolution for module './client' was found in cache from location 'd:/DOPAMS/Toystack/dopams-backend-staging/node_modules/undici-types'.
======== Module name './client' was successfully resolved to 'd:/DOPAMS/Toystack/dopams-backend-staging/node_modules/undici-types/client.d.ts' with Package ID 'undici-types/client.d.ts@6.21.0'. ========
File 'd:/DOPAMS/Toystack/dopams-backend-staging/node_modules/undici-types/package.json' exists according to earlier cached lookups.
======== Resolving module 'url' from 'd:/DOPAMS/Toystack/dopams-backend-staging/node_modules/undici-types/client.d.ts'. ========
Resolution for module 'url' was found in cache from location 'd:/DOPAMS/Toystack/dopams-backend-staging/node_modules/undici-types'.
======== Module name 'url' was successfully resolved to 'd:/DOPAMS/Toystack/dopams-backend-staging/node_modules/url/url.js' with Package ID 'url/url.js@0.10.3'. ========
======== Resolving module 'tls' from 'd:/DOPAMS/Toystack/dopams-backend-staging/node_modules/undici-types/client.d.ts'. ========
Explicitly specified module resolution kind: 'Node10'.
'baseUrl' option is set to 'd:/DOPAMS/Toystack/dopams-backend-staging/src', using this value to resolve non-relative module name 'tls'.
'paths' option is specified, looking for a pattern to match module name 'tls'.
'baseUrl' option is set to 'd:/DOPAMS/Toystack/dopams-backend-staging/src', using this value to resolve non-relative module name 'tls'.
Resolving module name 'tls' relative to base url 'd:/DOPAMS/Toystack/dopams-backend-staging/src' - 'd:/DOPAMS/Toystack/dopams-backend-staging/src/tls'.
Loading module as file / folder, candidate module location 'd:/DOPAMS/Toystack/dopams-backend-staging/src/tls', target file types: TypeScript, Declaration.
File 'd:/DOPAMS/Toystack/dopams-backend-staging/src/tls.ts' does not exist.
File 'd:/DOPAMS/Toystack/dopams-backend-staging/src/tls.tsx' does not exist.
File 'd:/DOPAMS/Toystack/dopams-backend-staging/src/tls.d.ts' does not exist.
Directory 'd:/DOPAMS/Toystack/dopams-backend-staging/src/tls' does not exist, skipping all lookups in it.
Loading module 'tls' from 'node_modules' folder, target file types: TypeScript, Declaration.
Searching all ancestor node_modules directories for preferred extensions: TypeScript, Declaration.
Directory 'd:/DOPAMS/Toystack/dopams-backend-staging/node_modules/undici-types/node_modules' does not exist, skipping all lookups in it.
File 'd:/DOPAMS/Toystack/dopams-backend-staging/node_modules/tls.ts' does not exist.
File 'd:/DOPAMS/Toystack/dopams-backend-staging/node_modules/tls.tsx' does not exist.
File 'd:/DOPAMS/Toystack/dopams-backend-staging/node_modules/tls.d.ts' does not exist.
File 'd:/DOPAMS/Toystack/dopams-backend-staging/node_modules/@types/tls.d.ts' does not exist.
Directory 'd:/DOPAMS/Toystack/node_modules' does not exist, skipping all lookups in it.
Directory 'd:/DOPAMS/node_modules' does not exist, skipping all lookups in it.
Directory 'd:/node_modules' does not exist, skipping all lookups in it.
'baseUrl' option is set to 'd:/DOPAMS/Toystack/dopams-backend-staging/src', using this value to resolve non-relative module name 'tls'.
'paths' option is specified, looking for a pattern to match module name 'tls'.
'baseUrl' option is set to 'd:/DOPAMS/Toystack/dopams-backend-staging/src', using this value to resolve non-relative module name 'tls'.
Resolving module name 'tls' relative to base url 'd:/DOPAMS/Toystack/dopams-backend-staging/src' - 'd:/DOPAMS/Toystack/dopams-backend-staging/src/tls'.
Loading module as file / folder, candidate module location 'd:/DOPAMS/Toystack/dopams-backend-staging/src/tls', target file types: JavaScript, JSON.
File 'd:/DOPAMS/Toystack/dopams-backend-staging/src/tls.js' does not exist.
File 'd:/DOPAMS/Toystack/dopams-backend-staging/src/tls.jsx' does not exist.
Directory 'd:/DOPAMS/Toystack/dopams-backend-staging/src/tls' does not exist, skipping all lookups in it.
Loading module 'tls' from 'node_modules' folder, target file types: JavaScript, JSON.
Searching all ancestor node_modules directories for fallback extensions: JavaScript, JSON.
Directory 'd:/DOPAMS/Toystack/dopams-backend-staging/node_modules/undici-types/node_modules' does not exist, skipping all lookups in it.
File 'd:/DOPAMS/Toystack/dopams-backend-staging/node_modules/tls.js' does not exist.
File 'd:/DOPAMS/Toystack/dopams-backend-staging/node_modules/tls.jsx' does not exist.
Directory 'd:/DOPAMS/Toystack/node_modules' does not exist, skipping all lookups in it.
Directory 'd:/DOPAMS/node_modules' does not exist, skipping all lookups in it.
Directory 'd:/node_modules' does not exist, skipping all lookups in it.
======== Module name 'tls' was not resolved. ========
======== Resolving module './dispatcher' from 'd:/DOPAMS/Toystack/dopams-backend-staging/node_modules/undici-types/client.d.ts'. ========
Resolution for module './dispatcher' was found in cache from location 'd:/DOPAMS/Toystack/dopams-backend-staging/node_modules/undici-types'.
======== Module name './dispatcher' was successfully resolved to 'd:/DOPAMS/Toystack/dopams-backend-staging/node_modules/undici-types/dispatcher.d.ts' with Package ID 'undici-types/dispatcher.d.ts@6.21.0'. ========
======== Resolving module './connector' from 'd:/DOPAMS/Toystack/dopams-backend-staging/node_modules/undici-types/client.d.ts'. ========
Resolution for module './connector' was found in cache from location 'd:/DOPAMS/Toystack/dopams-backend-staging/node_modules/undici-types'.
======== Module name './connector' was successfully resolved to 'd:/DOPAMS/Toystack/dopams-backend-staging/node_modules/undici-types/connector.d.ts' with Package ID 'undici-types/connector.d.ts@6.21.0'. ========
File 'd:/DOPAMS/Toystack/dopams-backend-staging/node_modules/undici-types/package.json' exists according to earlier cached lookups.
======== Resolving module 'tls' from 'd:/DOPAMS/Toystack/dopams-backend-staging/node_modules/undici-types/connector.d.ts'. ========
Resolution for module 'tls' was found in cache from location 'd:/DOPAMS/Toystack/dopams-backend-staging/node_modules/undici-types'.
======== Module name 'tls' was not resolved. ========
======== Resolving module 'net' from 'd:/DOPAMS/Toystack/dopams-backend-staging/node_modules/undici-types/connector.d.ts'. ========
Explicitly specified module resolution kind: 'Node10'.
'baseUrl' option is set to 'd:/DOPAMS/Toystack/dopams-backend-staging/src', using this value to resolve non-relative module name 'net'.
'paths' option is specified, looking for a pattern to match module name 'net'.
'baseUrl' option is set to 'd:/DOPAMS/Toystack/dopams-backend-staging/src', using this value to resolve non-relative module name 'net'.
Resolving module name 'net' relative to base url 'd:/DOPAMS/Toystack/dopams-backend-staging/src' - 'd:/DOPAMS/Toystack/dopams-backend-staging/src/net'.
Loading module as file / folder, candidate module location 'd:/DOPAMS/Toystack/dopams-backend-staging/src/net', target file types: TypeScript, Declaration.
File 'd:/DOPAMS/Toystack/dopams-backend-staging/src/net.ts' does not exist.
File 'd:/DOPAMS/Toystack/dopams-backend-staging/src/net.tsx' does not exist.
File 'd:/DOPAMS/Toystack/dopams-backend-staging/src/net.d.ts' does not exist.
Directory 'd:/DOPAMS/Toystack/dopams-backend-staging/src/net' does not exist, skipping all lookups in it.
Loading module 'net' from 'node_modules' folder, target file types: TypeScript, Declaration.
Searching all ancestor node_modules directories for preferred extensions: TypeScript, Declaration.
Directory 'd:/DOPAMS/Toystack/dopams-backend-staging/node_modules/undici-types/node_modules' does not exist, skipping all lookups in it.
File 'd:/DOPAMS/Toystack/dopams-backend-staging/node_modules/net.ts' does not exist.
File 'd:/DOPAMS/Toystack/dopams-backend-staging/node_modules/net.tsx' does not exist.
File 'd:/DOPAMS/Toystack/dopams-backend-staging/node_modules/net.d.ts' does not exist.
File 'd:/DOPAMS/Toystack/dopams-backend-staging/node_modules/@types/net.d.ts' does not exist.
Directory 'd:/DOPAMS/Toystack/node_modules' does not exist, skipping all lookups in it.
Directory 'd:/DOPAMS/node_modules' does not exist, skipping all lookups in it.
Directory 'd:/node_modules' does not exist, skipping all lookups in it.
'baseUrl' option is set to 'd:/DOPAMS/Toystack/dopams-backend-staging/src', using this value to resolve non-relative module name 'net'.
'paths' option is specified, looking for a pattern to match module name 'net'.
'baseUrl' option is set to 'd:/DOPAMS/Toystack/dopams-backend-staging/src', using this value to resolve non-relative module name 'net'.
Resolving module name 'net' relative to base url 'd:/DOPAMS/Toystack/dopams-backend-staging/src' - 'd:/DOPAMS/Toystack/dopams-backend-staging/src/net'.
Loading module as file / folder, candidate module location 'd:/DOPAMS/Toystack/dopams-backend-staging/src/net', target file types: JavaScript, JSON.
File 'd:/DOPAMS/Toystack/dopams-backend-staging/src/net.js' does not exist.
File 'd:/DOPAMS/Toystack/dopams-backend-staging/src/net.jsx' does not exist.
Directory 'd:/DOPAMS/Toystack/dopams-backend-staging/src/net' does not exist, skipping all lookups in it.
Loading module 'net' from 'node_modules' folder, target file types: JavaScript, JSON.
Searching all ancestor node_modules directories for fallback extensions: JavaScript, JSON.
Directory 'd:/DOPAMS/Toystack/dopams-backend-staging/node_modules/undici-types/node_modules' does not exist, skipping all lookups in it.
File 'd:/DOPAMS/Toystack/dopams-backend-staging/node_modules/net.js' does not exist.
File 'd:/DOPAMS/Toystack/dopams-backend-staging/node_modules/net.jsx' does not exist.
Directory 'd:/DOPAMS/Toystack/node_modules' does not exist, skipping all lookups in it.
Directory 'd:/DOPAMS/node_modules' does not exist, skipping all lookups in it.
Directory 'd:/node_modules' does not exist, skipping all lookups in it.
======== Module name 'net' was not resolved. ========
File 'd:/DOPAMS/Toystack/dopams-backend-staging/node_modules/undici-types/package.json' exists according to earlier cached lookups.
======== Resolving module './dispatcher' from 'd:/DOPAMS/Toystack/dopams-backend-staging/node_modules/undici-types/global-dispatcher.d.ts'. ========
Resolution for module './dispatcher' was found in cache from location 'd:/DOPAMS/Toystack/dopams-backend-staging/node_modules/undici-types'.
======== Module name './dispatcher' was successfully resolved to 'd:/DOPAMS/Toystack/dopams-backend-staging/node_modules/undici-types/dispatcher.d.ts' with Package ID 'undici-types/dispatcher.d.ts@6.21.0'. ========
File 'd:/DOPAMS/Toystack/dopams-backend-staging/node_modules/undici-types/package.json' exists according to earlier cached lookups.
File 'd:/DOPAMS/Toystack/dopams-backend-staging/node_modules/undici-types/package.json' exists according to earlier cached lookups.
======== Resolving module './client' from 'd:/DOPAMS/Toystack/dopams-backend-staging/node_modules/undici-types/pool.d.ts'. ========
Resolution for module './client' was found in cache from location 'd:/DOPAMS/Toystack/dopams-backend-staging/node_modules/undici-types'.
======== Module name './client' was successfully resolved to 'd:/DOPAMS/Toystack/dopams-backend-staging/node_modules/undici-types/client.d.ts' with Package ID 'undici-types/client.d.ts@6.21.0'. ========
======== Resolving module './pool-stats' from 'd:/DOPAMS/Toystack/dopams-backend-staging/node_modules/undici-types/pool.d.ts'. ========
Explicitly specified module resolution kind: 'Node10'.
Loading module as file / folder, candidate module location 'd:/DOPAMS/Toystack/dopams-backend-staging/node_modules/undici-types/pool-stats', target file types: TypeScript, Declaration.
File 'd:/DOPAMS/Toystack/dopams-backend-staging/node_modules/undici-types/pool-stats.ts' does not exist.
File 'd:/DOPAMS/Toystack/dopams-backend-staging/node_modules/undici-types/pool-stats.tsx' does not exist.
File 'd:/DOPAMS/Toystack/dopams-backend-staging/node_modules/undici-types/pool-stats.d.ts' exists - use it as a name resolution result.
File 'd:/DOPAMS/Toystack/dopams-backend-staging/node_modules/undici-types/package.json' exists according to earlier cached lookups.
======== Module name './pool-stats' was successfully resolved to 'd:/DOPAMS/Toystack/dopams-backend-staging/node_modules/undici-types/pool-stats.d.ts' with Package ID 'undici-types/pool-stats.d.ts@6.21.0'. ========
======== Resolving module 'url' from 'd:/DOPAMS/Toystack/dopams-backend-staging/node_modules/undici-types/pool.d.ts'. ========
Resolution for module 'url' was found in cache from location 'd:/DOPAMS/Toystack/dopams-backend-staging/node_modules/undici-types'.
======== Module name 'url' was successfully resolved to 'd:/DOPAMS/Toystack/dopams-backend-staging/node_modules/url/url.js' with Package ID 'url/url.js@0.10.3'. ========
======== Resolving module './dispatcher' from 'd:/DOPAMS/Toystack/dopams-backend-staging/node_modules/undici-types/pool.d.ts'. ========
Resolution for module './dispatcher' was found in cache from location 'd:/DOPAMS/Toystack/dopams-backend-staging/node_modules/undici-types'.
======== Module name './dispatcher' was successfully resolved to 'd:/DOPAMS/Toystack/dopams-backend-staging/node_modules/undici-types/dispatcher.d.ts' with Package ID 'undici-types/dispatcher.d.ts@6.21.0'. ========
File 'd:/DOPAMS/Toystack/dopams-backend-staging/node_modules/undici-types/package.json' exists according to earlier cached lookups.
======== Resolving module './pool' from 'd:/DOPAMS/Toystack/dopams-backend-staging/node_modules/undici-types/pool-stats.d.ts'. ========
Resolution for module './pool' was found in cache from location 'd:/DOPAMS/Toystack/dopams-backend-staging/node_modules/undici-types'.
======== Module name './pool' was successfully resolved to 'd:/DOPAMS/Toystack/dopams-backend-staging/node_modules/undici-types/pool.d.ts' with Package ID 'undici-types/pool.d.ts@6.21.0'. ========
File 'd:/DOPAMS/Toystack/dopams-backend-staging/node_modules/undici-types/package.json' exists according to earlier cached lookups.
======== Resolving module './dispatcher' from 'd:/DOPAMS/Toystack/dopams-backend-staging/node_modules/undici-types/handlers.d.ts'. ========
Resolution for module './dispatcher' was found in cache from location 'd:/DOPAMS/Toystack/dopams-backend-staging/node_modules/undici-types'.
======== Module name './dispatcher' was successfully resolved to 'd:/DOPAMS/Toystack/dopams-backend-staging/node_modules/undici-types/dispatcher.d.ts' with Package ID 'undici-types/dispatcher.d.ts@6.21.0'. ========
File 'd:/DOPAMS/Toystack/dopams-backend-staging/node_modules/undici-types/package.json' exists according to earlier cached lookups.
======== Resolving module './pool' from 'd:/DOPAMS/Toystack/dopams-backend-staging/node_modules/undici-types/balanced-pool.d.ts'. ========
Resolution for module './pool' was found in cache from location 'd:/DOPAMS/Toystack/dopams-backend-staging/node_modules/undici-types'.
======== Module name './pool' was successfully resolved to 'd:/DOPAMS/Toystack/dopams-backend-staging/node_modules/undici-types/pool.d.ts' with Package ID 'undici-types/pool.d.ts@6.21.0'. ========
======== Resolving module './dispatcher' from 'd:/DOPAMS/Toystack/dopams-backend-staging/node_modules/undici-types/balanced-pool.d.ts'. ========
Resolution for module './dispatcher' was found in cache from location 'd:/DOPAMS/Toystack/dopams-backend-staging/node_modules/undici-types'.
======== Module name './dispatcher' was successfully resolved to 'd:/DOPAMS/Toystack/dopams-backend-staging/node_modules/undici-types/dispatcher.d.ts' with Package ID 'undici-types/dispatcher.d.ts@6.21.0'. ========
======== Resolving module 'url' from 'd:/DOPAMS/Toystack/dopams-backend-staging/node_modules/undici-types/balanced-pool.d.ts'. ========
Resolution for module 'url' was found in cache from location 'd:/DOPAMS/Toystack/dopams-backend-staging/node_modules/undici-types'.
======== Module name 'url' was successfully resolved to 'd:/DOPAMS/Toystack/dopams-backend-staging/node_modules/url/url.js' with Package ID 'url/url.js@0.10.3'. ========
File 'd:/DOPAMS/Toystack/dopams-backend-staging/node_modules/undici-types/package.json' exists according to earlier cached lookups.
======== Resolving module 'url' from 'd:/DOPAMS/Toystack/dopams-backend-staging/node_modules/undici-types/agent.d.ts'. ========
Resolution for module 'url' was found in cache from location 'd:/DOPAMS/Toystack/dopams-backend-staging/node_modules/undici-types'.
======== Module name 'url' was successfully resolved to 'd:/DOPAMS/Toystack/dopams-backend-staging/node_modules/url/url.js' with Package ID 'url/url.js@0.10.3'. ========
======== Resolving module './pool' from 'd:/DOPAMS/Toystack/dopams-backend-staging/node_modules/undici-types/agent.d.ts'. ========
Resolution for module './pool' was found in cache from location 'd:/DOPAMS/Toystack/dopams-backend-staging/node_modules/undici-types'.
======== Module name './pool' was successfully resolved to 'd:/DOPAMS/Toystack/dopams-backend-staging/node_modules/undici-types/pool.d.ts' with Package ID 'undici-types/pool.d.ts@6.21.0'. ========
======== Resolving module './dispatcher' from 'd:/DOPAMS/Toystack/dopams-backend-staging/node_modules/undici-types/agent.d.ts'. ========
Resolution for module './dispatcher' was found in cache from location 'd:/DOPAMS/Toystack/dopams-backend-staging/node_modules/undici-types'.
======== Module name './dispatcher' was successfully resolved to 'd:/DOPAMS/Toystack/dopams-backend-staging/node_modules/undici-types/dispatcher.d.ts' with Package ID 'undici-types/dispatcher.d.ts@6.21.0'. ========
File 'd:/DOPAMS/Toystack/dopams-backend-staging/node_modules/undici-types/package.json' exists according to earlier cached lookups.
======== Resolving module './client' from 'd:/DOPAMS/Toystack/dopams-backend-staging/node_modules/undici-types/mock-client.d.ts'. ========
Resolution for module './client' was found in cache from location 'd:/DOPAMS/Toystack/dopams-backend-staging/node_modules/undici-types'.
======== Module name './client' was successfully resolved to 'd:/DOPAMS/Toystack/dopams-backend-staging/node_modules/undici-types/client.d.ts' with Package ID 'undici-types/client.d.ts@6.21.0'. ========
======== Resolving module './dispatcher' from 'd:/DOPAMS/Toystack/dopams-backend-staging/node_modules/undici-types/mock-client.d.ts'. ========
Resolution for module './dispatcher' was found in cache from location 'd:/DOPAMS/Toystack/dopams-backend-staging/node_modules/undici-types'.
======== Module name './dispatcher' was successfully resolved to 'd:/DOPAMS/Toystack/dopams-backend-staging/node_modules/undici-types/dispatcher.d.ts' with Package ID 'undici-types/dispatcher.d.ts@6.21.0'. ========
======== Resolving module './mock-agent' from 'd:/DOPAMS/Toystack/dopams-backend-staging/node_modules/undici-types/mock-client.d.ts'. ========
Resolution for module './mock-agent' was found in cache from location 'd:/DOPAMS/Toystack/dopams-backend-staging/node_modules/undici-types'.
======== Module name './mock-agent' was successfully resolved to 'd:/DOPAMS/Toystack/dopams-backend-staging/node_modules/undici-types/mock-agent.d.ts' with Package ID 'undici-types/mock-agent.d.ts@6.21.0'. ========
======== Resolving module './mock-interceptor' from 'd:/DOPAMS/Toystack/dopams-backend-staging/node_modules/undici-types/mock-client.d.ts'. ========
Resolution for module './mock-interceptor' was found in cache from location 'd:/DOPAMS/Toystack/dopams-backend-staging/node_modules/undici-types'.
======== Module name './mock-interceptor' was successfully resolved to 'd:/DOPAMS/Toystack/dopams-backend-staging/node_modules/undici-types/mock-interceptor.d.ts' with Package ID 'undici-types/mock-interceptor.d.ts@6.21.0'. ========
File 'd:/DOPAMS/Toystack/dopams-backend-staging/node_modules/undici-types/package.json' exists according to earlier cached lookups.
======== Resolving module './agent' from 'd:/DOPAMS/Toystack/dopams-backend-staging/node_modules/undici-types/mock-agent.d.ts'. ========
Resolution for module './agent' was found in cache from location 'd:/DOPAMS/Toystack/dopams-backend-staging/node_modules/undici-types'.
======== Module name './agent' was successfully resolved to 'd:/DOPAMS/Toystack/dopams-backend-staging/node_modules/undici-types/agent.d.ts' with Package ID 'undici-types/agent.d.ts@6.21.0'. ========
======== Resolving module './dispatcher' from 'd:/DOPAMS/Toystack/dopams-backend-staging/node_modules/undici-types/mock-agent.d.ts'. ========
Resolution for module './dispatcher' was found in cache from location 'd:/DOPAMS/Toystack/dopams-backend-staging/node_modules/undici-types'.
======== Module name './dispatcher' was successfully resolved to 'd:/DOPAMS/Toystack/dopams-backend-staging/node_modules/undici-types/dispatcher.d.ts' with Package ID 'undici-types/dispatcher.d.ts@6.21.0'. ========
======== Resolving module './mock-interceptor' from 'd:/DOPAMS/Toystack/dopams-backend-staging/node_modules/undici-types/mock-agent.d.ts'. ========
Resolution for module './mock-interceptor' was found in cache from location 'd:/DOPAMS/Toystack/dopams-backend-staging/node_modules/undici-types'.
======== Module name './mock-interceptor' was successfully resolved to 'd:/DOPAMS/Toystack/dopams-backend-staging/node_modules/undici-types/mock-interceptor.d.ts' with Package ID 'undici-types/mock-interceptor.d.ts@6.21.0'. ========
File 'd:/DOPAMS/Toystack/dopams-backend-staging/node_modules/undici-types/package.json' exists according to earlier cached lookups.
======== Resolving module './header' from 'd:/DOPAMS/Toystack/dopams-backend-staging/node_modules/undici-types/mock-interceptor.d.ts'. ========
Resolution for module './header' was found in cache from location 'd:/DOPAMS/Toystack/dopams-backend-staging/node_modules/undici-types'.
======== Module name './header' was successfully resolved to 'd:/DOPAMS/Toystack/dopams-backend-staging/node_modules/undici-types/header.d.ts' with Package ID 'undici-types/header.d.ts@6.21.0'. ========
======== Resolving module './dispatcher' from 'd:/DOPAMS/Toystack/dopams-backend-staging/node_modules/undici-types/mock-interceptor.d.ts'. ========
Resolution for module './dispatcher' was found in cache from location 'd:/DOPAMS/Toystack/dopams-backend-staging/node_modules/undici-types'.
======== Module name './dispatcher' was successfully resolved to 'd:/DOPAMS/Toystack/dopams-backend-staging/node_modules/undici-types/dispatcher.d.ts' with Package ID 'undici-types/dispatcher.d.ts@6.21.0'. ========
======== Resolving module './fetch' from 'd:/DOPAMS/Toystack/dopams-backend-staging/node_modules/undici-types/mock-interceptor.d.ts'. ========
Resolution for module './fetch' was found in cache from location 'd:/DOPAMS/Toystack/dopams-backend-staging/node_modules/undici-types'.
======== Module name './fetch' was successfully resolved to 'd:/DOPAMS/Toystack/dopams-backend-staging/node_modules/undici-types/fetch.d.ts' with Package ID 'undici-types/fetch.d.ts@6.21.0'. ========
File 'd:/DOPAMS/Toystack/dopams-backend-staging/node_modules/undici-types/package.json' exists according to earlier cached lookups.
======== Resolving module './pool' from 'd:/DOPAMS/Toystack/dopams-backend-staging/node_modules/undici-types/mock-pool.d.ts'. ========
Resolution for module './pool' was found in cache from location 'd:/DOPAMS/Toystack/dopams-backend-staging/node_modules/undici-types'.
======== Module name './pool' was successfully resolved to 'd:/DOPAMS/Toystack/dopams-backend-staging/node_modules/undici-types/pool.d.ts' with Package ID 'undici-types/pool.d.ts@6.21.0'. ========
======== Resolving module './mock-agent' from 'd:/DOPAMS/Toystack/dopams-backend-staging/node_modules/undici-types/mock-pool.d.ts'. ========
Resolution for module './mock-agent' was found in cache from location 'd:/DOPAMS/Toystack/dopams-backend-staging/node_modules/undici-types'.
======== Module name './mock-agent' was successfully resolved to 'd:/DOPAMS/Toystack/dopams-backend-staging/node_modules/undici-types/mock-agent.d.ts' with Package ID 'undici-types/mock-agent.d.ts@6.21.0'. ========
======== Resolving module './mock-interceptor' from 'd:/DOPAMS/Toystack/dopams-backend-staging/node_modules/undici-types/mock-pool.d.ts'. ========
Resolution for module './mock-interceptor' was found in cache from location 'd:/DOPAMS/Toystack/dopams-backend-staging/node_modules/undici-types'.
======== Module name './mock-interceptor' was successfully resolved to 'd:/DOPAMS/Toystack/dopams-backend-staging/node_modules/undici-types/mock-interceptor.d.ts' with Package ID 'undici-types/mock-interceptor.d.ts@6.21.0'. ========
======== Resolving module './dispatcher' from 'd:/DOPAMS/Toystack/dopams-backend-staging/node_modules/undici-types/mock-pool.d.ts'. ========
Resolution for module './dispatcher' was found in cache from location 'd:/DOPAMS/Toystack/dopams-backend-staging/node_modules/undici-types'.
======== Module name './dispatcher' was successfully resolved to 'd:/DOPAMS/Toystack/dopams-backend-staging/node_modules/undici-types/dispatcher.d.ts' with Package ID 'undici-types/dispatcher.d.ts@6.21.0'. ========
File 'd:/DOPAMS/Toystack/dopams-backend-staging/node_modules/undici-types/package.json' exists according to earlier cached lookups.
======== Resolving module './errors' from 'd:/DOPAMS/Toystack/dopams-backend-staging/node_modules/undici-types/mock-errors.d.ts'. ========
Resolution for module './errors' was found in cache from location 'd:/DOPAMS/Toystack/dopams-backend-staging/node_modules/undici-types'.
======== Module name './errors' was successfully resolved to 'd:/DOPAMS/Toystack/dopams-backend-staging/node_modules/undici-types/errors.d.ts' with Package ID 'undici-types/errors.d.ts@6.21.0'. ========
File 'd:/DOPAMS/Toystack/dopams-backend-staging/node_modules/undici-types/package.json' exists according to earlier cached lookups.
======== Resolving module './agent' from 'd:/DOPAMS/Toystack/dopams-backend-staging/node_modules/undici-types/proxy-agent.d.ts'. ========
Resolution for module './agent' was found in cache from location 'd:/DOPAMS/Toystack/dopams-backend-staging/node_modules/undici-types'.
======== Module name './agent' was successfully resolved to 'd:/DOPAMS/Toystack/dopams-backend-staging/node_modules/undici-types/agent.d.ts' with Package ID 'undici-types/agent.d.ts@6.21.0'. ========
======== Resolving module './connector' from 'd:/DOPAMS/Toystack/dopams-backend-staging/node_modules/undici-types/proxy-agent.d.ts'. ========
Resolution for module './connector' was found in cache from location 'd:/DOPAMS/Toystack/dopams-backend-staging/node_modules/undici-types'.
======== Module name './connector' was successfully resolved to 'd:/DOPAMS/Toystack/dopams-backend-staging/node_modules/undici-types/connector.d.ts' with Package ID 'undici-types/connector.d.ts@6.21.0'. ========
======== Resolving module './dispatcher' from 'd:/DOPAMS/Toystack/dopams-backend-staging/node_modules/undici-types/proxy-agent.d.ts'. ========
Resolution for module './dispatcher' was found in cache from location 'd:/DOPAMS/Toystack/dopams-backend-staging/node_modules/undici-types'.
======== Module name './dispatcher' was successfully resolved to 'd:/DOPAMS/Toystack/dopams-backend-staging/node_modules/undici-types/dispatcher.d.ts' with Package ID 'undici-types/dispatcher.d.ts@6.21.0'. ========
======== Resolving module './header' from 'd:/DOPAMS/Toystack/dopams-backend-staging/node_modules/undici-types/proxy-agent.d.ts'. ========
Resolution for module './header' was found in cache from location 'd:/DOPAMS/Toystack/dopams-backend-staging/node_modules/undici-types'.
======== Module name './header' was successfully resolved to 'd:/DOPAMS/Toystack/dopams-backend-staging/node_modules/undici-types/header.d.ts' with Package ID 'undici-types/header.d.ts@6.21.0'. ========
File 'd:/DOPAMS/Toystack/dopams-backend-staging/node_modules/undici-types/package.json' exists according to earlier cached lookups.
======== Resolving module './agent' from 'd:/DOPAMS/Toystack/dopams-backend-staging/node_modules/undici-types/env-http-proxy-agent.d.ts'. ========
Resolution for module './agent' was found in cache from location 'd:/DOPAMS/Toystack/dopams-backend-staging/node_modules/undici-types'.
======== Module name './agent' was successfully resolved to 'd:/DOPAMS/Toystack/dopams-backend-staging/node_modules/undici-types/agent.d.ts' with Package ID 'undici-types/agent.d.ts@6.21.0'. ========
======== Resolving module './dispatcher' from 'd:/DOPAMS/Toystack/dopams-backend-staging/node_modules/undici-types/env-http-proxy-agent.d.ts'. ========
Resolution for module './dispatcher' was found in cache from location 'd:/DOPAMS/Toystack/dopams-backend-staging/node_modules/undici-types'.
======== Module name './dispatcher' was successfully resolved to 'd:/DOPAMS/Toystack/dopams-backend-staging/node_modules/undici-types/dispatcher.d.ts' with Package ID 'undici-types/dispatcher.d.ts@6.21.0'. ========
File 'd:/DOPAMS/Toystack/dopams-backend-staging/node_modules/undici-types/package.json' exists according to earlier cached lookups.
======== Resolving module './dispatcher' from 'd:/DOPAMS/Toystack/dopams-backend-staging/node_modules/undici-types/retry-handler.d.ts'. ========
Resolution for module './dispatcher' was found in cache from location 'd:/DOPAMS/Toystack/dopams-backend-staging/node_modules/undici-types'.
======== Module name './dispatcher' was successfully resolved to 'd:/DOPAMS/Toystack/dopams-backend-staging/node_modules/undici-types/dispatcher.d.ts' with Package ID 'undici-types/dispatcher.d.ts@6.21.0'. ========
File 'd:/DOPAMS/Toystack/dopams-backend-staging/node_modules/undici-types/package.json' exists according to earlier cached lookups.
======== Resolving module './dispatcher' from 'd:/DOPAMS/Toystack/dopams-backend-staging/node_modules/undici-types/retry-agent.d.ts'. ========
Resolution for module './dispatcher' was found in cache from location 'd:/DOPAMS/Toystack/dopams-backend-staging/node_modules/undici-types'.
======== Module name './dispatcher' was successfully resolved to 'd:/DOPAMS/Toystack/dopams-backend-staging/node_modules/undici-types/dispatcher.d.ts' with Package ID 'undici-types/dispatcher.d.ts@6.21.0'. ========
======== Resolving module './retry-handler' from 'd:/DOPAMS/Toystack/dopams-backend-staging/node_modules/undici-types/retry-agent.d.ts'. ========
Resolution for module './retry-handler' was found in cache from location 'd:/DOPAMS/Toystack/dopams-backend-staging/node_modules/undici-types'.
======== Module name './retry-handler' was successfully resolved to 'd:/DOPAMS/Toystack/dopams-backend-staging/node_modules/undici-types/retry-handler.d.ts' with Package ID 'undici-types/retry-handler.d.ts@6.21.0'. ========
File 'd:/DOPAMS/Toystack/dopams-backend-staging/node_modules/undici-types/package.json' exists according to earlier cached lookups.
======== Resolving module 'url' from 'd:/DOPAMS/Toystack/dopams-backend-staging/node_modules/undici-types/api.d.ts'. ========
Resolution for module 'url' was found in cache from location 'd:/DOPAMS/Toystack/dopams-backend-staging/node_modules/undici-types'.
======== Module name 'url' was successfully resolved to 'd:/DOPAMS/Toystack/dopams-backend-staging/node_modules/url/url.js' with Package ID 'url/url.js@0.10.3'. ========
======== Resolving module 'stream' from 'd:/DOPAMS/Toystack/dopams-backend-staging/node_modules/undici-types/api.d.ts'. ========
Resolution for module 'stream' was found in cache from location 'd:/DOPAMS/Toystack/dopams-backend-staging/node_modules/undici-types'.
======== Module name 'stream' was not resolved. ========
======== Resolving module './dispatcher' from 'd:/DOPAMS/Toystack/dopams-backend-staging/node_modules/undici-types/api.d.ts'. ========
Resolution for module './dispatcher' was found in cache from location 'd:/DOPAMS/Toystack/dopams-backend-staging/node_modules/undici-types'.
======== Module name './dispatcher' was successfully resolved to 'd:/DOPAMS/Toystack/dopams-backend-staging/node_modules/undici-types/dispatcher.d.ts' with Package ID 'undici-types/dispatcher.d.ts@6.21.0'. ========
File 'd:/DOPAMS/Toystack/dopams-backend-staging/node_modules/undici-types/package.json' exists according to earlier cached lookups.
======== Resolving module './dispatcher' from 'd:/DOPAMS/Toystack/dopams-backend-staging/node_modules/undici-types/interceptors.d.ts'. ========
Resolution for module './dispatcher' was found in cache from location 'd:/DOPAMS/Toystack/dopams-backend-staging/node_modules/undici-types'.
======== Module name './dispatcher' was successfully resolved to 'd:/DOPAMS/Toystack/dopams-backend-staging/node_modules/undici-types/dispatcher.d.ts' with Package ID 'undici-types/dispatcher.d.ts@6.21.0'. ========
======== Resolving module './retry-handler' from 'd:/DOPAMS/Toystack/dopams-backend-staging/node_modules/undici-types/interceptors.d.ts'. ========
Resolution for module './retry-handler' was found in cache from location 'd:/DOPAMS/Toystack/dopams-backend-staging/node_modules/undici-types'.
======== Module name './retry-handler' was successfully resolved to 'd:/DOPAMS/Toystack/dopams-backend-staging/node_modules/undici-types/retry-handler.d.ts' with Package ID 'undici-types/retry-handler.d.ts@6.21.0'. ========
File 'd:/DOPAMS/Toystack/dopams-backend-staging/node_modules/undici-types/package.json' exists according to earlier cached lookups.
File 'd:/DOPAMS/Toystack/dopams-backend-staging/node_modules/undici-types/package.json' exists according to earlier cached lookups.
======== Resolving type reference directive 'node', containing file 'd:/DOPAMS/Toystack/dopams-backend-staging/node_modules/undici-types/cookies.d.ts'. ========
Resolution for type reference directive 'node' was found in cache from location 'd:/DOPAMS/Toystack/dopams-backend-staging/node_modules/undici-types'.
======== Type reference directive 'node' was successfully resolved to 'd:/DOPAMS/Toystack/dopams-backend-staging/node_modules/@types/node/index.d.ts' with Package ID '@types/node/index.d.ts@22.19.10', primary: true. ========
======== Resolving module './fetch' from 'd:/DOPAMS/Toystack/dopams-backend-staging/node_modules/undici-types/cookies.d.ts'. ========
Resolution for module './fetch' was found in cache from location 'd:/DOPAMS/Toystack/dopams-backend-staging/node_modules/undici-types'.
======== Module name './fetch' was successfully resolved to 'd:/DOPAMS/Toystack/dopams-backend-staging/node_modules/undici-types/fetch.d.ts' with Package ID 'undici-types/fetch.d.ts@6.21.0'. ========
File 'd:/DOPAMS/Toystack/dopams-backend-staging/node_modules/undici-types/package.json' exists according to earlier cached lookups.
======== Resolving module './websocket' from 'd:/DOPAMS/Toystack/dopams-backend-staging/node_modules/undici-types/eventsource.d.ts'. ========
Resolution for module './websocket' was found in cache from location 'd:/DOPAMS/Toystack/dopams-backend-staging/node_modules/undici-types'.
======== Module name './websocket' was successfully resolved to 'd:/DOPAMS/Toystack/dopams-backend-staging/node_modules/undici-types/websocket.d.ts' with Package ID 'undici-types/websocket.d.ts@6.21.0'. ========
======== Resolving module './dispatcher' from 'd:/DOPAMS/Toystack/dopams-backend-staging/node_modules/undici-types/eventsource.d.ts'. ========
Resolution for module './dispatcher' was found in cache from location 'd:/DOPAMS/Toystack/dopams-backend-staging/node_modules/undici-types'.
======== Module name './dispatcher' was successfully resolved to 'd:/DOPAMS/Toystack/dopams-backend-staging/node_modules/undici-types/dispatcher.d.ts' with Package ID 'undici-types/dispatcher.d.ts@6.21.0'. ========
======== Resolving module './patch' from 'd:/DOPAMS/Toystack/dopams-backend-staging/node_modules/undici-types/eventsource.d.ts'. ========
Explicitly specified module resolution kind: 'Node10'.
Loading module as file / folder, candidate module location 'd:/DOPAMS/Toystack/dopams-backend-staging/node_modules/undici-types/patch', target file types: TypeScript, Declaration.
File 'd:/DOPAMS/Toystack/dopams-backend-staging/node_modules/undici-types/patch.ts' does not exist.
File 'd:/DOPAMS/Toystack/dopams-backend-staging/node_modules/undici-types/patch.tsx' does not exist.
File 'd:/DOPAMS/Toystack/dopams-backend-staging/node_modules/undici-types/patch.d.ts' exists - use it as a name resolution result.
File 'd:/DOPAMS/Toystack/dopams-backend-staging/node_modules/undici-types/package.json' exists according to earlier cached lookups.
======== Module name './patch' was successfully resolved to 'd:/DOPAMS/Toystack/dopams-backend-staging/node_modules/undici-types/patch.d.ts' with Package ID 'undici-types/patch.d.ts@6.21.0'. ========
File 'd:/DOPAMS/Toystack/dopams-backend-staging/node_modules/undici-types/package.json' exists according to earlier cached lookups.
======== Resolving type reference directive 'node', containing file 'd:/DOPAMS/Toystack/dopams-backend-staging/node_modules/undici-types/websocket.d.ts'. ========
Resolution for type reference directive 'node' was found in cache from location 'd:/DOPAMS/Toystack/dopams-backend-staging/node_modules/undici-types'.
======== Type reference directive 'node' was successfully resolved to 'd:/DOPAMS/Toystack/dopams-backend-staging/node_modules/@types/node/index.d.ts' with Package ID '@types/node/index.d.ts@22.19.10', primary: true. ========
======== Resolving module 'buffer' from 'd:/DOPAMS/Toystack/dopams-backend-staging/node_modules/undici-types/websocket.d.ts'. ========
Resolution for module 'buffer' was found in cache from location 'd:/DOPAMS/Toystack/dopams-backend-staging/node_modules/undici-types'.
======== Module name 'buffer' was successfully resolved to 'd:/DOPAMS/Toystack/dopams-backend-staging/node_modules/buffer/index.js' with Package ID 'buffer/index.js@4.9.2'. ========
======== Resolving module 'worker_threads' from 'd:/DOPAMS/Toystack/dopams-backend-staging/node_modules/undici-types/websocket.d.ts'. ========
Explicitly specified module resolution kind: 'Node10'.
'baseUrl' option is set to 'd:/DOPAMS/Toystack/dopams-backend-staging/src', using this value to resolve non-relative module name 'worker_threads'.
'paths' option is specified, looking for a pattern to match module name 'worker_threads'.
'baseUrl' option is set to 'd:/DOPAMS/Toystack/dopams-backend-staging/src', using this value to resolve non-relative module name 'worker_threads'.
Resolving module name 'worker_threads' relative to base url 'd:/DOPAMS/Toystack/dopams-backend-staging/src' - 'd:/DOPAMS/Toystack/dopams-backend-staging/src/worker_threads'.
Loading module as file / folder, candidate module location 'd:/DOPAMS/Toystack/dopams-backend-staging/src/worker_threads', target file types: TypeScript, Declaration.
File 'd:/DOPAMS/Toystack/dopams-backend-staging/src/worker_threads.ts' does not exist.
File 'd:/DOPAMS/Toystack/dopams-backend-staging/src/worker_threads.tsx' does not exist.
File 'd:/DOPAMS/Toystack/dopams-backend-staging/src/worker_threads.d.ts' does not exist.
Directory 'd:/DOPAMS/Toystack/dopams-backend-staging/src/worker_threads' does not exist, skipping all lookups in it.
Loading module 'worker_threads' from 'node_modules' folder, target file types: TypeScript, Declaration.
Searching all ancestor node_modules directories for preferred extensions: TypeScript, Declaration.
Directory 'd:/DOPAMS/Toystack/dopams-backend-staging/node_modules/undici-types/node_modules' does not exist, skipping all lookups in it.
File 'd:/DOPAMS/Toystack/dopams-backend-staging/node_modules/worker_threads.ts' does not exist.
File 'd:/DOPAMS/Toystack/dopams-backend-staging/node_modules/worker_threads.tsx' does not exist.
File 'd:/DOPAMS/Toystack/dopams-backend-staging/node_modules/worker_threads.d.ts' does not exist.
File 'd:/DOPAMS/Toystack/dopams-backend-staging/node_modules/@types/worker_threads.d.ts' does not exist.
Directory 'd:/DOPAMS/Toystack/node_modules' does not exist, skipping all lookups in it.
Directory 'd:/DOPAMS/node_modules' does not exist, skipping all lookups in it.
Directory 'd:/node_modules' does not exist, skipping all lookups in it.
'baseUrl' option is set to 'd:/DOPAMS/Toystack/dopams-backend-staging/src', using this value to resolve non-relative module name 'worker_threads'.
'paths' option is specified, looking for a pattern to match module name 'worker_threads'.
'baseUrl' option is set to 'd:/DOPAMS/Toystack/dopams-backend-staging/src', using this value to resolve non-relative module name 'worker_threads'.
Resolving module name 'worker_threads' relative to base url 'd:/DOPAMS/Toystack/dopams-backend-staging/src' - 'd:/DOPAMS/Toystack/dopams-backend-staging/src/worker_threads'.
Loading module as file / folder, candidate module location 'd:/DOPAMS/Toystack/dopams-backend-staging/src/worker_threads', target file types: JavaScript, JSON.
File 'd:/DOPAMS/Toystack/dopams-backend-staging/src/worker_threads.js' does not exist.
File 'd:/DOPAMS/Toystack/dopams-backend-staging/src/worker_threads.jsx' does not exist.
Directory 'd:/DOPAMS/Toystack/dopams-backend-staging/src/worker_threads' does not exist, skipping all lookups in it.
Loading module 'worker_threads' from 'node_modules' folder, target file types: JavaScript, JSON.
Searching all ancestor node_modules directories for fallback extensions: JavaScript, JSON.
Directory 'd:/DOPAMS/Toystack/dopams-backend-staging/node_modules/undici-types/node_modules' does not exist, skipping all lookups in it.
File 'd:/DOPAMS/Toystack/dopams-backend-staging/node_modules/worker_threads.js' does not exist.
File 'd:/DOPAMS/Toystack/dopams-backend-staging/node_modules/worker_threads.jsx' does not exist.
Directory 'd:/DOPAMS/Toystack/node_modules' does not exist, skipping all lookups in it.
Directory 'd:/DOPAMS/node_modules' does not exist, skipping all lookups in it.
Directory 'd:/node_modules' does not exist, skipping all lookups in it.
======== Module name 'worker_threads' was not resolved. ========
======== Resolving module './patch' from 'd:/DOPAMS/Toystack/dopams-backend-staging/node_modules/undici-types/websocket.d.ts'. ========
Resolution for module './patch' was found in cache from location 'd:/DOPAMS/Toystack/dopams-backend-staging/node_modules/undici-types'.
======== Module name './patch' was successfully resolved to 'd:/DOPAMS/Toystack/dopams-backend-staging/node_modules/undici-types/patch.d.ts' with Package ID 'undici-types/patch.d.ts@6.21.0'. ========
======== Resolving module './dispatcher' from 'd:/DOPAMS/Toystack/dopams-backend-staging/node_modules/undici-types/websocket.d.ts'. ========
Resolution for module './dispatcher' was found in cache from location 'd:/DOPAMS/Toystack/dopams-backend-staging/node_modules/undici-types'.
======== Module name './dispatcher' was successfully resolved to 'd:/DOPAMS/Toystack/dopams-backend-staging/node_modules/undici-types/dispatcher.d.ts' with Package ID 'undici-types/dispatcher.d.ts@6.21.0'. ========
======== Resolving module './fetch' from 'd:/DOPAMS/Toystack/dopams-backend-staging/node_modules/undici-types/websocket.d.ts'. ========
Resolution for module './fetch' was found in cache from location 'd:/DOPAMS/Toystack/dopams-backend-staging/node_modules/undici-types'.
======== Module name './fetch' was successfully resolved to 'd:/DOPAMS/Toystack/dopams-backend-staging/node_modules/undici-types/fetch.d.ts' with Package ID 'undici-types/fetch.d.ts@6.21.0'. ========
File 'd:/DOPAMS/Toystack/dopams-backend-staging/node_modules/undici-types/package.json' exists according to earlier cached lookups.
======== Resolving type reference directive 'node', containing file 'd:/DOPAMS/Toystack/dopams-backend-staging/node_modules/undici-types/patch.d.ts'. ========
Resolution for type reference directive 'node' was found in cache from location 'd:/DOPAMS/Toystack/dopams-backend-staging/node_modules/undici-types'.
======== Type reference directive 'node' was successfully resolved to 'd:/DOPAMS/Toystack/dopams-backend-staging/node_modules/@types/node/index.d.ts' with Package ID '@types/node/index.d.ts@22.19.10', primary: true. ========
File 'd:/DOPAMS/Toystack/dopams-backend-staging/node_modules/undici-types/package.json' exists according to earlier cached lookups.
======== Resolving type reference directive 'node', containing file 'd:/DOPAMS/Toystack/dopams-backend-staging/node_modules/undici-types/filereader.d.ts'. ========
Resolution for type reference directive 'node' was found in cache from location 'd:/DOPAMS/Toystack/dopams-backend-staging/node_modules/undici-types'.
======== Type reference directive 'node' was successfully resolved to 'd:/DOPAMS/Toystack/dopams-backend-staging/node_modules/@types/node/index.d.ts' with Package ID '@types/node/index.d.ts@22.19.10', primary: true. ========
======== Resolving module 'buffer' from 'd:/DOPAMS/Toystack/dopams-backend-staging/node_modules/undici-types/filereader.d.ts'. ========
Resolution for module 'buffer' was found in cache from location 'd:/DOPAMS/Toystack/dopams-backend-staging/node_modules/undici-types'.
======== Module name 'buffer' was successfully resolved to 'd:/DOPAMS/Toystack/dopams-backend-staging/node_modules/buffer/index.js' with Package ID 'buffer/index.js@4.9.2'. ========
======== Resolving module './patch' from 'd:/DOPAMS/Toystack/dopams-backend-staging/node_modules/undici-types/filereader.d.ts'. ========
Resolution for module './patch' was found in cache from location 'd:/DOPAMS/Toystack/dopams-backend-staging/node_modules/undici-types'.
======== Module name './patch' was successfully resolved to 'd:/DOPAMS/Toystack/dopams-backend-staging/node_modules/undici-types/patch.d.ts' with Package ID 'undici-types/patch.d.ts@6.21.0'. ========
File 'd:/DOPAMS/Toystack/dopams-backend-staging/node_modules/undici-types/package.json' exists according to earlier cached lookups.
======== Resolving module 'net' from 'd:/DOPAMS/Toystack/dopams-backend-staging/node_modules/undici-types/diagnostics-channel.d.ts'. ========
Resolution for module 'net' was found in cache from location 'd:/DOPAMS/Toystack/dopams-backend-staging/node_modules/undici-types'.
======== Module name 'net' was not resolved. ========
======== Resolving module 'url' from 'd:/DOPAMS/Toystack/dopams-backend-staging/node_modules/undici-types/diagnostics-channel.d.ts'. ========
Resolution for module 'url' was found in cache from location 'd:/DOPAMS/Toystack/dopams-backend-staging/node_modules/undici-types'.
======== Module name 'url' was successfully resolved to 'd:/DOPAMS/Toystack/dopams-backend-staging/node_modules/url/url.js' with Package ID 'url/url.js@0.10.3'. ========
======== Resolving module './connector' from 'd:/DOPAMS/Toystack/dopams-backend-staging/node_modules/undici-types/diagnostics-channel.d.ts'. ========
Resolution for module './connector' was found in cache from location 'd:/DOPAMS/Toystack/dopams-backend-staging/node_modules/undici-types'.
======== Module name './connector' was successfully resolved to 'd:/DOPAMS/Toystack/dopams-backend-staging/node_modules/undici-types/connector.d.ts' with Package ID 'undici-types/connector.d.ts@6.21.0'. ========
======== Resolving module './dispatcher' from 'd:/DOPAMS/Toystack/dopams-backend-staging/node_modules/undici-types/diagnostics-channel.d.ts'. ========
Resolution for module './dispatcher' was found in cache from location 'd:/DOPAMS/Toystack/dopams-backend-staging/node_modules/undici-types'.
======== Module name './dispatcher' was successfully resolved to 'd:/DOPAMS/Toystack/dopams-backend-staging/node_modules/undici-types/dispatcher.d.ts' with Package ID 'undici-types/dispatcher.d.ts@6.21.0'. ========
File 'd:/DOPAMS/Toystack/dopams-backend-staging/node_modules/undici-types/package.json' exists according to earlier cached lookups.
======== Resolving type reference directive 'node', containing file 'd:/DOPAMS/Toystack/dopams-backend-staging/node_modules/undici-types/content-type.d.ts'. ========
Resolution for type reference directive 'node' was found in cache from location 'd:/DOPAMS/Toystack/dopams-backend-staging/node_modules/undici-types'.
======== Type reference directive 'node' was successfully resolved to 'd:/DOPAMS/Toystack/dopams-backend-staging/node_modules/@types/node/index.d.ts' with Package ID '@types/node/index.d.ts@22.19.10', primary: true. ========
File 'd:/DOPAMS/Toystack/dopams-backend-staging/node_modules/undici-types/package.json' exists according to earlier cached lookups.
======== Resolving module './fetch' from 'd:/DOPAMS/Toystack/dopams-backend-staging/node_modules/undici-types/cache.d.ts'. ========
Resolution for module './fetch' was found in cache from location 'd:/DOPAMS/Toystack/dopams-backend-staging/node_modules/undici-types'.
======== Module name './fetch' was successfully resolved to 'd:/DOPAMS/Toystack/dopams-backend-staging/node_modules/undici-types/fetch.d.ts' with Package ID 'undici-types/fetch.d.ts@6.21.0'. ========
File 'd:/DOPAMS/Toystack/dopams-backend-staging/node_modules/@types/node/web-globals/package.json' does not exist according to earlier cached lookups.
File 'd:/DOPAMS/Toystack/dopams-backend-staging/node_modules/@types/node/package.json' exists according to earlier cached lookups.
File 'd:/DOPAMS/Toystack/dopams-backend-staging/node_modules/@types/node/web-globals/package.json' does not exist according to earlier cached lookups.
File 'd:/DOPAMS/Toystack/dopams-backend-staging/node_modules/@types/node/package.json' exists according to earlier cached lookups.
File 'd:/DOPAMS/Toystack/dopams-backend-staging/node_modules/@types/node/package.json' exists according to earlier cached lookups.
Module 'assert' was resolved as locally declared ambient module in file 'd:/DOPAMS/Toystack/dopams-backend-staging/node_modules/@types/node/assert.d.ts'.
======== Resolving module 'assert/strict' from 'd:/DOPAMS/Toystack/dopams-backend-staging/node_modules/@types/node/assert.d.ts'. ========
Explicitly specified module resolution kind: 'Node10'.
'baseUrl' option is set to 'd:/DOPAMS/Toystack/dopams-backend-staging/src', using this value to resolve non-relative module name 'assert/strict'.
'paths' option is specified, looking for a pattern to match module name 'assert/strict'.
'baseUrl' option is set to 'd:/DOPAMS/Toystack/dopams-backend-staging/src', using this value to resolve non-relative module name 'assert/strict'.
Resolving module name 'assert/strict' relative to base url 'd:/DOPAMS/Toystack/dopams-backend-staging/src' - 'd:/DOPAMS/Toystack/dopams-backend-staging/src/assert/strict'.
Loading module as file / folder, candidate module location 'd:/DOPAMS/Toystack/dopams-backend-staging/src/assert/strict', target file types: TypeScript, Declaration.
Loading module 'assert/strict' from 'node_modules' folder, target file types: TypeScript, Declaration.
Searching all ancestor node_modules directories for preferred extensions: TypeScript, Declaration.
Directory 'd:/DOPAMS/Toystack/dopams-backend-staging/node_modules/@types/node/node_modules' does not exist, skipping all lookups in it.
Directory 'd:/DOPAMS/Toystack/dopams-backend-staging/node_modules/@types/node_modules' does not exist, skipping all lookups in it.
Directory 'd:/DOPAMS/Toystack/node_modules' does not exist, skipping all lookups in it.
Directory 'd:/DOPAMS/node_modules' does not exist, skipping all lookups in it.
Directory 'd:/node_modules' does not exist, skipping all lookups in it.
'baseUrl' option is set to 'd:/DOPAMS/Toystack/dopams-backend-staging/src', using this value to resolve non-relative module name 'assert/strict'.
'paths' option is specified, looking for a pattern to match module name 'assert/strict'.
'baseUrl' option is set to 'd:/DOPAMS/Toystack/dopams-backend-staging/src', using this value to resolve non-relative module name 'assert/strict'.
Resolving module name 'assert/strict' relative to base url 'd:/DOPAMS/Toystack/dopams-backend-staging/src' - 'd:/DOPAMS/Toystack/dopams-backend-staging/src/assert/strict'.
Loading module as file / folder, candidate module location 'd:/DOPAMS/Toystack/dopams-backend-staging/src/assert/strict', target file types: JavaScript, JSON.
Loading module 'assert/strict' from 'node_modules' folder, target file types: JavaScript, JSON.
Searching all ancestor node_modules directories for fallback extensions: JavaScript, JSON.
Directory 'd:/DOPAMS/Toystack/dopams-backend-staging/node_modules/@types/node/node_modules' does not exist, skipping all lookups in it.
Directory 'd:/DOPAMS/Toystack/dopams-backend-staging/node_modules/@types/node_modules' does not exist, skipping all lookups in it.
Directory 'd:/DOPAMS/Toystack/node_modules' does not exist, skipping all lookups in it.
Directory 'd:/DOPAMS/node_modules' does not exist, skipping all lookups in it.
Directory 'd:/node_modules' does not exist, skipping all lookups in it.
======== Module name 'assert/strict' was not resolved. ========
File 'd:/DOPAMS/Toystack/dopams-backend-staging/node_modules/@types/node/assert/package.json' does not exist.
File 'd:/DOPAMS/Toystack/dopams-backend-staging/node_modules/@types/node/package.json' exists according to earlier cached lookups.
Module 'assert/strict' was resolved as locally declared ambient module in file 'd:/DOPAMS/Toystack/dopams-backend-staging/node_modules/@types/node/assert/strict.d.ts'.
======== Resolving module 'node:assert' from 'd:/DOPAMS/Toystack/dopams-backend-staging/node_modules/@types/node/assert/strict.d.ts'. ========
Explicitly specified module resolution kind: 'Node10'.
'baseUrl' option is set to 'd:/DOPAMS/Toystack/dopams-backend-staging/src', using this value to resolve non-relative module name 'node:assert'.
'paths' option is specified, looking for a pattern to match module name 'node:assert'.
'baseUrl' option is set to 'd:/DOPAMS/Toystack/dopams-backend-staging/src', using this value to resolve non-relative module name 'node:assert'.
Resolving module name 'node:assert' relative to base url 'd:/DOPAMS/Toystack/dopams-backend-staging/src' - 'd:/DOPAMS/Toystack/dopams-backend-staging/src/node:assert'.
Loading module as file / folder, candidate module location 'd:/DOPAMS/Toystack/dopams-backend-staging/src/node:assert', target file types: TypeScript, Declaration.
File 'd:/DOPAMS/Toystack/dopams-backend-staging/src/node:assert.ts' does not exist.
File 'd:/DOPAMS/Toystack/dopams-backend-staging/src/node:assert.tsx' does not exist.
File 'd:/DOPAMS/Toystack/dopams-backend-staging/src/node:assert.d.ts' does not exist.
Directory 'd:/DOPAMS/Toystack/dopams-backend-staging/src/node:assert' does not exist, skipping all lookups in it.
Skipping module 'node:assert' that looks like an absolute URI, target file types: TypeScript, Declaration.
'baseUrl' option is set to 'd:/DOPAMS/Toystack/dopams-backend-staging/src', using this value to resolve non-relative module name 'node:assert'.
'paths' option is specified, looking for a pattern to match module name 'node:assert'.
'baseUrl' option is set to 'd:/DOPAMS/Toystack/dopams-backend-staging/src', using this value to resolve non-relative module name 'node:assert'.
Resolving module name 'node:assert' relative to base url 'd:/DOPAMS/Toystack/dopams-backend-staging/src' - 'd:/DOPAMS/Toystack/dopams-backend-staging/src/node:assert'.
Loading module as file / folder, candidate module location 'd:/DOPAMS/Toystack/dopams-backend-staging/src/node:assert', target file types: JavaScript, JSON.
File 'd:/DOPAMS/Toystack/dopams-backend-staging/src/node:assert.js' does not exist.
File 'd:/DOPAMS/Toystack/dopams-backend-staging/src/node:assert.jsx' does not exist.
Directory 'd:/DOPAMS/Toystack/dopams-backend-staging/src/node:assert' does not exist, skipping all lookups in it.
Skipping module 'node:assert' that looks like an absolute URI, target file types: JavaScript, JSON.
======== Module name 'node:assert' was not resolved. ========
File 'd:/DOPAMS/Toystack/dopams-backend-staging/node_modules/@types/node/package.json' exists according to earlier cached lookups.
Module 'async_hooks' was resolved as locally declared ambient module in file 'd:/DOPAMS/Toystack/dopams-backend-staging/node_modules/@types/node/async_hooks.d.ts'.
File 'd:/DOPAMS/Toystack/dopams-backend-staging/node_modules/@types/node/package.json' exists according to earlier cached lookups.
Module 'buffer' was resolved as locally declared ambient module in file 'd:/DOPAMS/Toystack/dopams-backend-staging/node_modules/@types/node/buffer.d.ts'.
Module 'buffer' was resolved as locally declared ambient module in file 'd:/DOPAMS/Toystack/dopams-backend-staging/node_modules/@types/node/buffer.d.ts'.
Module 'buffer' was resolved as locally declared ambient module in file 'd:/DOPAMS/Toystack/dopams-backend-staging/node_modules/@types/node/buffer.d.ts'.
Module 'buffer' was resolved as locally declared ambient module in file 'd:/DOPAMS/Toystack/dopams-backend-staging/node_modules/@types/node/buffer.d.ts'.
Module 'buffer' was resolved as locally declared ambient module in file 'd:/DOPAMS/Toystack/dopams-backend-staging/node_modules/@types/node/buffer.d.ts'.
======== Resolving module 'node:crypto' from 'd:/DOPAMS/Toystack/dopams-backend-staging/node_modules/@types/node/buffer.d.ts'. ========
Explicitly specified module resolution kind: 'Node10'.
'baseUrl' option is set to 'd:/DOPAMS/Toystack/dopams-backend-staging/src', using this value to resolve non-relative module name 'node:crypto'.
'paths' option is specified, looking for a pattern to match module name 'node:crypto'.
'baseUrl' option is set to 'd:/DOPAMS/Toystack/dopams-backend-staging/src', using this value to resolve non-relative module name 'node:crypto'.
Resolving module name 'node:crypto' relative to base url 'd:/DOPAMS/Toystack/dopams-backend-staging/src' - 'd:/DOPAMS/Toystack/dopams-backend-staging/src/node:crypto'.
Loading module as file / folder, candidate module location 'd:/DOPAMS/Toystack/dopams-backend-staging/src/node:crypto', target file types: TypeScript, Declaration.
File 'd:/DOPAMS/Toystack/dopams-backend-staging/src/node:crypto.ts' does not exist.
File 'd:/DOPAMS/Toystack/dopams-backend-staging/src/node:crypto.tsx' does not exist.
File 'd:/DOPAMS/Toystack/dopams-backend-staging/src/node:crypto.d.ts' does not exist.
Directory 'd:/DOPAMS/Toystack/dopams-backend-staging/src/node:crypto' does not exist, skipping all lookups in it.
Skipping module 'node:crypto' that looks like an absolute URI, target file types: TypeScript, Declaration.
'baseUrl' option is set to 'd:/DOPAMS/Toystack/dopams-backend-staging/src', using this value to resolve non-relative module name 'node:crypto'.
'paths' option is specified, looking for a pattern to match module name 'node:crypto'.
'baseUrl' option is set to 'd:/DOPAMS/Toystack/dopams-backend-staging/src', using this value to resolve non-relative module name 'node:crypto'.
Resolving module name 'node:crypto' relative to base url 'd:/DOPAMS/Toystack/dopams-backend-staging/src' - 'd:/DOPAMS/Toystack/dopams-backend-staging/src/node:crypto'.
Loading module as file / folder, candidate module location 'd:/DOPAMS/Toystack/dopams-backend-staging/src/node:crypto', target file types: JavaScript, JSON.
File 'd:/DOPAMS/Toystack/dopams-backend-staging/src/node:crypto.js' does not exist.
File 'd:/DOPAMS/Toystack/dopams-backend-staging/src/node:crypto.jsx' does not exist.
Directory 'd:/DOPAMS/Toystack/dopams-backend-staging/src/node:crypto' does not exist, skipping all lookups in it.
Skipping module 'node:crypto' that looks like an absolute URI, target file types: JavaScript, JSON.
======== Module name 'node:crypto' was not resolved. ========
======== Resolving module 'node:stream/web' from 'd:/DOPAMS/Toystack/dopams-backend-staging/node_modules/@types/node/buffer.d.ts'. ========
Explicitly specified module resolution kind: 'Node10'.
'baseUrl' option is set to 'd:/DOPAMS/Toystack/dopams-backend-staging/src', using this value to resolve non-relative module name 'node:stream/web'.
'paths' option is specified, looking for a pattern to match module name 'node:stream/web'.
'baseUrl' option is set to 'd:/DOPAMS/Toystack/dopams-backend-staging/src', using this value to resolve non-relative module name 'node:stream/web'.
Resolving module name 'node:stream/web' relative to base url 'd:/DOPAMS/Toystack/dopams-backend-staging/src' - 'd:/DOPAMS/Toystack/dopams-backend-staging/src/node:stream/web'.
Loading module as file / folder, candidate module location 'd:/DOPAMS/Toystack/dopams-backend-staging/src/node:stream/web', target file types: TypeScript, Declaration.
Skipping module 'node:stream/web' that looks like an absolute URI, target file types: TypeScript, Declaration.
'baseUrl' option is set to 'd:/DOPAMS/Toystack/dopams-backend-staging/src', using this value to resolve non-relative module name 'node:stream/web'.
'paths' option is specified, looking for a pattern to match module name 'node:stream/web'.
'baseUrl' option is set to 'd:/DOPAMS/Toystack/dopams-backend-staging/src', using this value to resolve non-relative module name 'node:stream/web'.
Resolving module name 'node:stream/web' relative to base url 'd:/DOPAMS/Toystack/dopams-backend-staging/src' - 'd:/DOPAMS/Toystack/dopams-backend-staging/src/node:stream/web'.
Loading module as file / folder, candidate module location 'd:/DOPAMS/Toystack/dopams-backend-staging/src/node:stream/web', target file types: JavaScript, JSON.
Skipping module 'node:stream/web' that looks like an absolute URI, target file types: JavaScript, JSON.
======== Module name 'node:stream/web' was not resolved. ========
File 'd:/DOPAMS/Toystack/dopams-backend-staging/node_modules/@types/node/package.json' exists according to earlier cached lookups.
Module 'child_process' was resolved as locally declared ambient module in file 'd:/DOPAMS/Toystack/dopams-backend-staging/node_modules/@types/node/child_process.d.ts'.
======== Resolving module 'node:buffer' from 'd:/DOPAMS/Toystack/dopams-backend-staging/node_modules/@types/node/child_process.d.ts'. ========
Explicitly specified module resolution kind: 'Node10'.
'baseUrl' option is set to 'd:/DOPAMS/Toystack/dopams-backend-staging/src', using this value to resolve non-relative module name 'node:buffer'.
'paths' option is specified, looking for a pattern to match module name 'node:buffer'.
'baseUrl' option is set to 'd:/DOPAMS/Toystack/dopams-backend-staging/src', using this value to resolve non-relative module name 'node:buffer'.
Resolving module name 'node:buffer' relative to base url 'd:/DOPAMS/Toystack/dopams-backend-staging/src' - 'd:/DOPAMS/Toystack/dopams-backend-staging/src/node:buffer'.
Loading module as file / folder, candidate module location 'd:/DOPAMS/Toystack/dopams-backend-staging/src/node:buffer', target file types: TypeScript, Declaration.
File 'd:/DOPAMS/Toystack/dopams-backend-staging/src/node:buffer.ts' does not exist.
File 'd:/DOPAMS/Toystack/dopams-backend-staging/src/node:buffer.tsx' does not exist.
File 'd:/DOPAMS/Toystack/dopams-backend-staging/src/node:buffer.d.ts' does not exist.
Directory 'd:/DOPAMS/Toystack/dopams-backend-staging/src/node:buffer' does not exist, skipping all lookups in it.
Skipping module 'node:buffer' that looks like an absolute URI, target file types: TypeScript, Declaration.
'baseUrl' option is set to 'd:/DOPAMS/Toystack/dopams-backend-staging/src', using this value to resolve non-relative module name 'node:buffer'.
'paths' option is specified, looking for a pattern to match module name 'node:buffer'.
'baseUrl' option is set to 'd:/DOPAMS/Toystack/dopams-backend-staging/src', using this value to resolve non-relative module name 'node:buffer'.
Resolving module name 'node:buffer' relative to base url 'd:/DOPAMS/Toystack/dopams-backend-staging/src' - 'd:/DOPAMS/Toystack/dopams-backend-staging/src/node:buffer'.
Loading module as file / folder, candidate module location 'd:/DOPAMS/Toystack/dopams-backend-staging/src/node:buffer', target file types: JavaScript, JSON.
File 'd:/DOPAMS/Toystack/dopams-backend-staging/src/node:buffer.js' does not exist.
File 'd:/DOPAMS/Toystack/dopams-backend-staging/src/node:buffer.jsx' does not exist.
Directory 'd:/DOPAMS/Toystack/dopams-backend-staging/src/node:buffer' does not exist, skipping all lookups in it.
Skipping module 'node:buffer' that looks like an absolute URI, target file types: JavaScript, JSON.
======== Module name 'node:buffer' was not resolved. ========
======== Resolving module 'node:events' from 'd:/DOPAMS/Toystack/dopams-backend-staging/node_modules/@types/node/child_process.d.ts'. ========
Explicitly specified module resolution kind: 'Node10'.
'baseUrl' option is set to 'd:/DOPAMS/Toystack/dopams-backend-staging/src', using this value to resolve non-relative module name 'node:events'.
'paths' option is specified, looking for a pattern to match module name 'node:events'.
'baseUrl' option is set to 'd:/DOPAMS/Toystack/dopams-backend-staging/src', using this value to resolve non-relative module name 'node:events'.
Resolving module name 'node:events' relative to base url 'd:/DOPAMS/Toystack/dopams-backend-staging/src' - 'd:/DOPAMS/Toystack/dopams-backend-staging/src/node:events'.
Loading module as file / folder, candidate module location 'd:/DOPAMS/Toystack/dopams-backend-staging/src/node:events', target file types: TypeScript, Declaration.
File 'd:/DOPAMS/Toystack/dopams-backend-staging/src/node:events.ts' does not exist.
File 'd:/DOPAMS/Toystack/dopams-backend-staging/src/node:events.tsx' does not exist.
File 'd:/DOPAMS/Toystack/dopams-backend-staging/src/node:events.d.ts' does not exist.
Directory 'd:/DOPAMS/Toystack/dopams-backend-staging/src/node:events' does not exist, skipping all lookups in it.
Skipping module 'node:events' that looks like an absolute URI, target file types: TypeScript, Declaration.
'baseUrl' option is set to 'd:/DOPAMS/Toystack/dopams-backend-staging/src', using this value to resolve non-relative module name 'node:events'.
'paths' option is specified, looking for a pattern to match module name 'node:events'.
'baseUrl' option is set to 'd:/DOPAMS/Toystack/dopams-backend-staging/src', using this value to resolve non-relative module name 'node:events'.
Resolving module name 'node:events' relative to base url 'd:/DOPAMS/Toystack/dopams-backend-staging/src' - 'd:/DOPAMS/Toystack/dopams-backend-staging/src/node:events'.
Loading module as file / folder, candidate module location 'd:/DOPAMS/Toystack/dopams-backend-staging/src/node:events', target file types: JavaScript, JSON.
File 'd:/DOPAMS/Toystack/dopams-backend-staging/src/node:events.js' does not exist.
File 'd:/DOPAMS/Toystack/dopams-backend-staging/src/node:events.jsx' does not exist.
Directory 'd:/DOPAMS/Toystack/dopams-backend-staging/src/node:events' does not exist, skipping all lookups in it.
Skipping module 'node:events' that looks like an absolute URI, target file types: JavaScript, JSON.
======== Module name 'node:events' was not resolved. ========
======== Resolving module 'node:dgram' from 'd:/DOPAMS/Toystack/dopams-backend-staging/node_modules/@types/node/child_process.d.ts'. ========
Explicitly specified module resolution kind: 'Node10'.
'baseUrl' option is set to 'd:/DOPAMS/Toystack/dopams-backend-staging/src', using this value to resolve non-relative module name 'node:dgram'.
'paths' option is specified, looking for a pattern to match module name 'node:dgram'.
'baseUrl' option is set to 'd:/DOPAMS/Toystack/dopams-backend-staging/src', using this value to resolve non-relative module name 'node:dgram'.
Resolving module name 'node:dgram' relative to base url 'd:/DOPAMS/Toystack/dopams-backend-staging/src' - 'd:/DOPAMS/Toystack/dopams-backend-staging/src/node:dgram'.
Loading module as file / folder, candidate module location 'd:/DOPAMS/Toystack/dopams-backend-staging/src/node:dgram', target file types: TypeScript, Declaration.
File 'd:/DOPAMS/Toystack/dopams-backend-staging/src/node:dgram.ts' does not exist.
File 'd:/DOPAMS/Toystack/dopams-backend-staging/src/node:dgram.tsx' does not exist.
File 'd:/DOPAMS/Toystack/dopams-backend-staging/src/node:dgram.d.ts' does not exist.
Directory 'd:/DOPAMS/Toystack/dopams-backend-staging/src/node:dgram' does not exist, skipping all lookups in it.
Skipping module 'node:dgram' that looks like an absolute URI, target file types: TypeScript, Declaration.
'baseUrl' option is set to 'd:/DOPAMS/Toystack/dopams-backend-staging/src', using this value to resolve non-relative module name 'node:dgram'.
'paths' option is specified, looking for a pattern to match module name 'node:dgram'.
'baseUrl' option is set to 'd:/DOPAMS/Toystack/dopams-backend-staging/src', using this value to resolve non-relative module name 'node:dgram'.
Resolving module name 'node:dgram' relative to base url 'd:/DOPAMS/Toystack/dopams-backend-staging/src' - 'd:/DOPAMS/Toystack/dopams-backend-staging/src/node:dgram'.
Loading module as file / folder, candidate module location 'd:/DOPAMS/Toystack/dopams-backend-staging/src/node:dgram', target file types: JavaScript, JSON.
File 'd:/DOPAMS/Toystack/dopams-backend-staging/src/node:dgram.js' does not exist.
File 'd:/DOPAMS/Toystack/dopams-backend-staging/src/node:dgram.jsx' does not exist.
Directory 'd:/DOPAMS/Toystack/dopams-backend-staging/src/node:dgram' does not exist, skipping all lookups in it.
Skipping module 'node:dgram' that looks like an absolute URI, target file types: JavaScript, JSON.
======== Module name 'node:dgram' was not resolved. ========
======== Resolving module 'node:net' from 'd:/DOPAMS/Toystack/dopams-backend-staging/node_modules/@types/node/child_process.d.ts'. ========
Explicitly specified module resolution kind: 'Node10'.
'baseUrl' option is set to 'd:/DOPAMS/Toystack/dopams-backend-staging/src', using this value to resolve non-relative module name 'node:net'.
'paths' option is specified, looking for a pattern to match module name 'node:net'.
'baseUrl' option is set to 'd:/DOPAMS/Toystack/dopams-backend-staging/src', using this value to resolve non-relative module name 'node:net'.
Resolving module name 'node:net' relative to base url 'd:/DOPAMS/Toystack/dopams-backend-staging/src' - 'd:/DOPAMS/Toystack/dopams-backend-staging/src/node:net'.
Loading module as file / folder, candidate module location 'd:/DOPAMS/Toystack/dopams-backend-staging/src/node:net', target file types: TypeScript, Declaration.
File 'd:/DOPAMS/Toystack/dopams-backend-staging/src/node:net.ts' does not exist.
File 'd:/DOPAMS/Toystack/dopams-backend-staging/src/node:net.tsx' does not exist.
File 'd:/DOPAMS/Toystack/dopams-backend-staging/src/node:net.d.ts' does not exist.
Directory 'd:/DOPAMS/Toystack/dopams-backend-staging/src/node:net' does not exist, skipping all lookups in it.
Skipping module 'node:net' that looks like an absolute URI, target file types: TypeScript, Declaration.
'baseUrl' option is set to 'd:/DOPAMS/Toystack/dopams-backend-staging/src', using this value to resolve non-relative module name 'node:net'.
'paths' option is specified, looking for a pattern to match module name 'node:net'.
'baseUrl' option is set to 'd:/DOPAMS/Toystack/dopams-backend-staging/src', using this value to resolve non-relative module name 'node:net'.
Resolving module name 'node:net' relative to base url 'd:/DOPAMS/Toystack/dopams-backend-staging/src' - 'd:/DOPAMS/Toystack/dopams-backend-staging/src/node:net'.
Loading module as file / folder, candidate module location 'd:/DOPAMS/Toystack/dopams-backend-staging/src/node:net', target file types: JavaScript, JSON.
File 'd:/DOPAMS/Toystack/dopams-backend-staging/src/node:net.js' does not exist.
File 'd:/DOPAMS/Toystack/dopams-backend-staging/src/node:net.jsx' does not exist.
Directory 'd:/DOPAMS/Toystack/dopams-backend-staging/src/node:net' does not exist, skipping all lookups in it.
Skipping module 'node:net' that looks like an absolute URI, target file types: JavaScript, JSON.
======== Module name 'node:net' was not resolved. ========
======== Resolving module 'node:stream' from 'd:/DOPAMS/Toystack/dopams-backend-staging/node_modules/@types/node/child_process.d.ts'. ========
Explicitly specified module resolution kind: 'Node10'.
'baseUrl' option is set to 'd:/DOPAMS/Toystack/dopams-backend-staging/src', using this value to resolve non-relative module name 'node:stream'.
'paths' option is specified, looking for a pattern to match module name 'node:stream'.
'baseUrl' option is set to 'd:/DOPAMS/Toystack/dopams-backend-staging/src', using this value to resolve non-relative module name 'node:stream'.
Resolving module name 'node:stream' relative to base url 'd:/DOPAMS/Toystack/dopams-backend-staging/src' - 'd:/DOPAMS/Toystack/dopams-backend-staging/src/node:stream'.
Loading module as file / folder, candidate module location 'd:/DOPAMS/Toystack/dopams-backend-staging/src/node:stream', target file types: TypeScript, Declaration.
File 'd:/DOPAMS/Toystack/dopams-backend-staging/src/node:stream.ts' does not exist.
File 'd:/DOPAMS/Toystack/dopams-backend-staging/src/node:stream.tsx' does not exist.
File 'd:/DOPAMS/Toystack/dopams-backend-staging/src/node:stream.d.ts' does not exist.
Directory 'd:/DOPAMS/Toystack/dopams-backend-staging/src/node:stream' does not exist, skipping all lookups in it.
Skipping module 'node:stream' that looks like an absolute URI, target file types: TypeScript, Declaration.
'baseUrl' option is set to 'd:/DOPAMS/Toystack/dopams-backend-staging/src', using this value to resolve non-relative module name 'node:stream'.
'paths' option is specified, looking for a pattern to match module name 'node:stream'.
'baseUrl' option is set to 'd:/DOPAMS/Toystack/dopams-backend-staging/src', using this value to resolve non-relative module name 'node:stream'.
Resolving module name 'node:stream' relative to base url 'd:/DOPAMS/Toystack/dopams-backend-staging/src' - 'd:/DOPAMS/Toystack/dopams-backend-staging/src/node:stream'.
Loading module as file / folder, candidate module location 'd:/DOPAMS/Toystack/dopams-backend-staging/src/node:stream', target file types: JavaScript, JSON.
File 'd:/DOPAMS/Toystack/dopams-backend-staging/src/node:stream.js' does not exist.
File 'd:/DOPAMS/Toystack/dopams-backend-staging/src/node:stream.jsx' does not exist.
Directory 'd:/DOPAMS/Toystack/dopams-backend-staging/src/node:stream' does not exist, skipping all lookups in it.
Skipping module 'node:stream' that looks like an absolute URI, target file types: JavaScript, JSON.
======== Module name 'node:stream' was not resolved. ========
======== Resolving module 'node:url' from 'd:/DOPAMS/Toystack/dopams-backend-staging/node_modules/@types/node/child_process.d.ts'. ========
Explicitly specified module resolution kind: 'Node10'.
'baseUrl' option is set to 'd:/DOPAMS/Toystack/dopams-backend-staging/src', using this value to resolve non-relative module name 'node:url'.
'paths' option is specified, looking for a pattern to match module name 'node:url'.
'baseUrl' option is set to 'd:/DOPAMS/Toystack/dopams-backend-staging/src', using this value to resolve non-relative module name 'node:url'.
Resolving module name 'node:url' relative to base url 'd:/DOPAMS/Toystack/dopams-backend-staging/src' - 'd:/DOPAMS/Toystack/dopams-backend-staging/src/node:url'.
Loading module as file / folder, candidate module location 'd:/DOPAMS/Toystack/dopams-backend-staging/src/node:url', target file types: TypeScript, Declaration.
File 'd:/DOPAMS/Toystack/dopams-backend-staging/src/node:url.ts' does not exist.
File 'd:/DOPAMS/Toystack/dopams-backend-staging/src/node:url.tsx' does not exist.
File 'd:/DOPAMS/Toystack/dopams-backend-staging/src/node:url.d.ts' does not exist.
Directory 'd:/DOPAMS/Toystack/dopams-backend-staging/src/node:url' does not exist, skipping all lookups in it.
Skipping module 'node:url' that looks like an absolute URI, target file types: TypeScript, Declaration.
'baseUrl' option is set to 'd:/DOPAMS/Toystack/dopams-backend-staging/src', using this value to resolve non-relative module name 'node:url'.
'paths' option is specified, looking for a pattern to match module name 'node:url'.
'baseUrl' option is set to 'd:/DOPAMS/Toystack/dopams-backend-staging/src', using this value to resolve non-relative module name 'node:url'.
Resolving module name 'node:url' relative to base url 'd:/DOPAMS/Toystack/dopams-backend-staging/src' - 'd:/DOPAMS/Toystack/dopams-backend-staging/src/node:url'.
Loading module as file / folder, candidate module location 'd:/DOPAMS/Toystack/dopams-backend-staging/src/node:url', target file types: JavaScript, JSON.
File 'd:/DOPAMS/Toystack/dopams-backend-staging/src/node:url.js' does not exist.
File 'd:/DOPAMS/Toystack/dopams-backend-staging/src/node:url.jsx' does not exist.
Directory 'd:/DOPAMS/Toystack/dopams-backend-staging/src/node:url' does not exist, skipping all lookups in it.
Skipping module 'node:url' that looks like an absolute URI, target file types: JavaScript, JSON.
======== Module name 'node:url' was not resolved. ========
File 'd:/DOPAMS/Toystack/dopams-backend-staging/node_modules/@types/node/package.json' exists according to earlier cached lookups.
Module 'cluster' was resolved as locally declared ambient module in file 'd:/DOPAMS/Toystack/dopams-backend-staging/node_modules/@types/node/cluster.d.ts'.
Module 'cluster' was resolved as locally declared ambient module in file 'd:/DOPAMS/Toystack/dopams-backend-staging/node_modules/@types/node/cluster.d.ts'.
======== Resolving module 'node:child_process' from 'd:/DOPAMS/Toystack/dopams-backend-staging/node_modules/@types/node/cluster.d.ts'. ========
Explicitly specified module resolution kind: 'Node10'.
'baseUrl' option is set to 'd:/DOPAMS/Toystack/dopams-backend-staging/src', using this value to resolve non-relative module name 'node:child_process'.
'paths' option is specified, looking for a pattern to match module name 'node:child_process'.
'baseUrl' option is set to 'd:/DOPAMS/Toystack/dopams-backend-staging/src', using this value to resolve non-relative module name 'node:child_process'.
Resolving module name 'node:child_process' relative to base url 'd:/DOPAMS/Toystack/dopams-backend-staging/src' - 'd:/DOPAMS/Toystack/dopams-backend-staging/src/node:child_process'.
Loading module as file / folder, candidate module location 'd:/DOPAMS/Toystack/dopams-backend-staging/src/node:child_process', target file types: TypeScript, Declaration.
File 'd:/DOPAMS/Toystack/dopams-backend-staging/src/node:child_process.ts' does not exist.
File 'd:/DOPAMS/Toystack/dopams-backend-staging/src/node:child_process.tsx' does not exist.
File 'd:/DOPAMS/Toystack/dopams-backend-staging/src/node:child_process.d.ts' does not exist.
Directory 'd:/DOPAMS/Toystack/dopams-backend-staging/src/node:child_process' does not exist, skipping all lookups in it.
Skipping module 'node:child_process' that looks like an absolute URI, target file types: TypeScript, Declaration.
'baseUrl' option is set to 'd:/DOPAMS/Toystack/dopams-backend-staging/src', using this value to resolve non-relative module name 'node:child_process'.
'paths' option is specified, looking for a pattern to match module name 'node:child_process'.
'baseUrl' option is set to 'd:/DOPAMS/Toystack/dopams-backend-staging/src', using this value to resolve non-relative module name 'node:child_process'.
Resolving module name 'node:child_process' relative to base url 'd:/DOPAMS/Toystack/dopams-backend-staging/src' - 'd:/DOPAMS/Toystack/dopams-backend-staging/src/node:child_process'.
Loading module as file / folder, candidate module location 'd:/DOPAMS/Toystack/dopams-backend-staging/src/node:child_process', target file types: JavaScript, JSON.
File 'd:/DOPAMS/Toystack/dopams-backend-staging/src/node:child_process.js' does not exist.
File 'd:/DOPAMS/Toystack/dopams-backend-staging/src/node:child_process.jsx' does not exist.
Directory 'd:/DOPAMS/Toystack/dopams-backend-staging/src/node:child_process' does not exist, skipping all lookups in it.
Skipping module 'node:child_process' that looks like an absolute URI, target file types: JavaScript, JSON.
======== Module name 'node:child_process' was not resolved. ========
======== Resolving module 'node:events' from 'd:/DOPAMS/Toystack/dopams-backend-staging/node_modules/@types/node/cluster.d.ts'. ========
Resolution for module 'node:events' was found in cache from location 'd:/DOPAMS/Toystack/dopams-backend-staging/node_modules/@types/node'.
======== Module name 'node:events' was not resolved. ========
======== Resolving module 'node:net' from 'd:/DOPAMS/Toystack/dopams-backend-staging/node_modules/@types/node/cluster.d.ts'. ========
Resolution for module 'node:net' was found in cache from location 'd:/DOPAMS/Toystack/dopams-backend-staging/node_modules/@types/node'.
======== Module name 'node:net' was not resolved. ========
File 'd:/DOPAMS/Toystack/dopams-backend-staging/node_modules/@types/node/package.json' exists according to earlier cached lookups.
Module 'node:console' was resolved as locally declared ambient module in file 'd:/DOPAMS/Toystack/dopams-backend-staging/node_modules/@types/node/console.d.ts'.
======== Resolving module 'node:util' from 'd:/DOPAMS/Toystack/dopams-backend-staging/node_modules/@types/node/console.d.ts'. ========
Explicitly specified module resolution kind: 'Node10'.
'baseUrl' option is set to 'd:/DOPAMS/Toystack/dopams-backend-staging/src', using this value to resolve non-relative module name 'node:util'.
'paths' option is specified, looking for a pattern to match module name 'node:util'.
'baseUrl' option is set to 'd:/DOPAMS/Toystack/dopams-backend-staging/src', using this value to resolve non-relative module name 'node:util'.
Resolving module name 'node:util' relative to base url 'd:/DOPAMS/Toystack/dopams-backend-staging/src' - 'd:/DOPAMS/Toystack/dopams-backend-staging/src/node:util'.
Loading module as file / folder, candidate module location 'd:/DOPAMS/Toystack/dopams-backend-staging/src/node:util', target file types: TypeScript, Declaration.
File 'd:/DOPAMS/Toystack/dopams-backend-staging/src/node:util.ts' does not exist.
File 'd:/DOPAMS/Toystack/dopams-backend-staging/src/node:util.tsx' does not exist.
File 'd:/DOPAMS/Toystack/dopams-backend-staging/src/node:util.d.ts' does not exist.
Directory 'd:/DOPAMS/Toystack/dopams-backend-staging/src/node:util' does not exist, skipping all lookups in it.
Skipping module 'node:util' that looks like an absolute URI, target file types: TypeScript, Declaration.
'baseUrl' option is set to 'd:/DOPAMS/Toystack/dopams-backend-staging/src', using this value to resolve non-relative module name 'node:util'.
'paths' option is specified, looking for a pattern to match module name 'node:util'.
'baseUrl' option is set to 'd:/DOPAMS/Toystack/dopams-backend-staging/src', using this value to resolve non-relative module name 'node:util'.
Resolving module name 'node:util' relative to base url 'd:/DOPAMS/Toystack/dopams-backend-staging/src' - 'd:/DOPAMS/Toystack/dopams-backend-staging/src/node:util'.
Loading module as file / folder, candidate module location 'd:/DOPAMS/Toystack/dopams-backend-staging/src/node:util', target file types: JavaScript, JSON.
File 'd:/DOPAMS/Toystack/dopams-backend-staging/src/node:util.js' does not exist.
File 'd:/DOPAMS/Toystack/dopams-backend-staging/src/node:util.jsx' does not exist.
Directory 'd:/DOPAMS/Toystack/dopams-backend-staging/src/node:util' does not exist, skipping all lookups in it.
Skipping module 'node:util' that looks like an absolute URI, target file types: JavaScript, JSON.
======== Module name 'node:util' was not resolved. ========
File 'd:/DOPAMS/Toystack/dopams-backend-staging/node_modules/@types/node/package.json' exists according to earlier cached lookups.
Module 'constants' was resolved as locally declared ambient module in file 'd:/DOPAMS/Toystack/dopams-backend-staging/node_modules/@types/node/constants.d.ts'.
======== Resolving module 'node:os' from 'd:/DOPAMS/Toystack/dopams-backend-staging/node_modules/@types/node/constants.d.ts'. ========
Explicitly specified module resolution kind: 'Node10'.
'baseUrl' option is set to 'd:/DOPAMS/Toystack/dopams-backend-staging/src', using this value to resolve non-relative module name 'node:os'.
'paths' option is specified, looking for a pattern to match module name 'node:os'.
'baseUrl' option is set to 'd:/DOPAMS/Toystack/dopams-backend-staging/src', using this value to resolve non-relative module name 'node:os'.
Resolving module name 'node:os' relative to base url 'd:/DOPAMS/Toystack/dopams-backend-staging/src' - 'd:/DOPAMS/Toystack/dopams-backend-staging/src/node:os'.
Loading module as file / folder, candidate module location 'd:/DOPAMS/Toystack/dopams-backend-staging/src/node:os', target file types: TypeScript, Declaration.
File 'd:/DOPAMS/Toystack/dopams-backend-staging/src/node:os.ts' does not exist.
File 'd:/DOPAMS/Toystack/dopams-backend-staging/src/node:os.tsx' does not exist.
File 'd:/DOPAMS/Toystack/dopams-backend-staging/src/node:os.d.ts' does not exist.
Directory 'd:/DOPAMS/Toystack/dopams-backend-staging/src/node:os' does not exist, skipping all lookups in it.
Skipping module 'node:os' that looks like an absolute URI, target file types: TypeScript, Declaration.
'baseUrl' option is set to 'd:/DOPAMS/Toystack/dopams-backend-staging/src', using this value to resolve non-relative module name 'node:os'.
'paths' option is specified, looking for a pattern to match module name 'node:os'.
'baseUrl' option is set to 'd:/DOPAMS/Toystack/dopams-backend-staging/src', using this value to resolve non-relative module name 'node:os'.
Resolving module name 'node:os' relative to base url 'd:/DOPAMS/Toystack/dopams-backend-staging/src' - 'd:/DOPAMS/Toystack/dopams-backend-staging/src/node:os'.
Loading module as file / folder, candidate module location 'd:/DOPAMS/Toystack/dopams-backend-staging/src/node:os', target file types: JavaScript, JSON.
File 'd:/DOPAMS/Toystack/dopams-backend-staging/src/node:os.js' does not exist.
File 'd:/DOPAMS/Toystack/dopams-backend-staging/src/node:os.jsx' does not exist.
Directory 'd:/DOPAMS/Toystack/dopams-backend-staging/src/node:os' does not exist, skipping all lookups in it.
Skipping module 'node:os' that looks like an absolute URI, target file types: JavaScript, JSON.
======== Module name 'node:os' was not resolved. ========
======== Resolving module 'node:fs' from 'd:/DOPAMS/Toystack/dopams-backend-staging/node_modules/@types/node/constants.d.ts'. ========
Explicitly specified module resolution kind: 'Node10'.
'baseUrl' option is set to 'd:/DOPAMS/Toystack/dopams-backend-staging/src', using this value to resolve non-relative module name 'node:fs'.
'paths' option is specified, looking for a pattern to match module name 'node:fs'.
'baseUrl' option is set to 'd:/DOPAMS/Toystack/dopams-backend-staging/src', using this value to resolve non-relative module name 'node:fs'.
Resolving module name 'node:fs' relative to base url 'd:/DOPAMS/Toystack/dopams-backend-staging/src' - 'd:/DOPAMS/Toystack/dopams-backend-staging/src/node:fs'.
Loading module as file / folder, candidate module location 'd:/DOPAMS/Toystack/dopams-backend-staging/src/node:fs', target file types: TypeScript, Declaration.
File 'd:/DOPAMS/Toystack/dopams-backend-staging/src/node:fs.ts' does not exist.
File 'd:/DOPAMS/Toystack/dopams-backend-staging/src/node:fs.tsx' does not exist.
File 'd:/DOPAMS/Toystack/dopams-backend-staging/src/node:fs.d.ts' does not exist.
Directory 'd:/DOPAMS/Toystack/dopams-backend-staging/src/node:fs' does not exist, skipping all lookups in it.
Skipping module 'node:fs' that looks like an absolute URI, target file types: TypeScript, Declaration.
'baseUrl' option is set to 'd:/DOPAMS/Toystack/dopams-backend-staging/src', using this value to resolve non-relative module name 'node:fs'.
'paths' option is specified, looking for a pattern to match module name 'node:fs'.
'baseUrl' option is set to 'd:/DOPAMS/Toystack/dopams-backend-staging/src', using this value to resolve non-relative module name 'node:fs'.
Resolving module name 'node:fs' relative to base url 'd:/DOPAMS/Toystack/dopams-backend-staging/src' - 'd:/DOPAMS/Toystack/dopams-backend-staging/src/node:fs'.
Loading module as file / folder, candidate module location 'd:/DOPAMS/Toystack/dopams-backend-staging/src/node:fs', target file types: JavaScript, JSON.
File 'd:/DOPAMS/Toystack/dopams-backend-staging/src/node:fs.js' does not exist.
File 'd:/DOPAMS/Toystack/dopams-backend-staging/src/node:fs.jsx' does not exist.
Directory 'd:/DOPAMS/Toystack/dopams-backend-staging/src/node:fs' does not exist, skipping all lookups in it.
Skipping module 'node:fs' that looks like an absolute URI, target file types: JavaScript, JSON.
======== Module name 'node:fs' was not resolved. ========
======== Resolving module 'node:crypto' from 'd:/DOPAMS/Toystack/dopams-backend-staging/node_modules/@types/node/constants.d.ts'. ========
Resolution for module 'node:crypto' was found in cache from location 'd:/DOPAMS/Toystack/dopams-backend-staging/node_modules/@types/node'.
======== Module name 'node:crypto' was not resolved. ========
File 'd:/DOPAMS/Toystack/dopams-backend-staging/node_modules/@types/node/package.json' exists according to earlier cached lookups.
Module 'crypto' was resolved as locally declared ambient module in file 'd:/DOPAMS/Toystack/dopams-backend-staging/node_modules/@types/node/crypto.d.ts'.
======== Resolving module 'node:buffer' from 'd:/DOPAMS/Toystack/dopams-backend-staging/node_modules/@types/node/crypto.d.ts'. ========
Resolution for module 'node:buffer' was found in cache from location 'd:/DOPAMS/Toystack/dopams-backend-staging/node_modules/@types/node'.
======== Module name 'node:buffer' was not resolved. ========
======== Resolving module 'node:stream' from 'd:/DOPAMS/Toystack/dopams-backend-staging/node_modules/@types/node/crypto.d.ts'. ========
Resolution for module 'node:stream' was found in cache from location 'd:/DOPAMS/Toystack/dopams-backend-staging/node_modules/@types/node'.
======== Module name 'node:stream' was not resolved. ========
======== Resolving module 'node:tls' from 'd:/DOPAMS/Toystack/dopams-backend-staging/node_modules/@types/node/crypto.d.ts'. ========
Explicitly specified module resolution kind: 'Node10'.
'baseUrl' option is set to 'd:/DOPAMS/Toystack/dopams-backend-staging/src', using this value to resolve non-relative module name 'node:tls'.
'paths' option is specified, looking for a pattern to match module name 'node:tls'.
'baseUrl' option is set to 'd:/DOPAMS/Toystack/dopams-backend-staging/src', using this value to resolve non-relative module name 'node:tls'.
Resolving module name 'node:tls' relative to base url 'd:/DOPAMS/Toystack/dopams-backend-staging/src' - 'd:/DOPAMS/Toystack/dopams-backend-staging/src/node:tls'.
Loading module as file / folder, candidate module location 'd:/DOPAMS/Toystack/dopams-backend-staging/src/node:tls', target file types: TypeScript, Declaration.
File 'd:/DOPAMS/Toystack/dopams-backend-staging/src/node:tls.ts' does not exist.
File 'd:/DOPAMS/Toystack/dopams-backend-staging/src/node:tls.tsx' does not exist.
File 'd:/DOPAMS/Toystack/dopams-backend-staging/src/node:tls.d.ts' does not exist.
Directory 'd:/DOPAMS/Toystack/dopams-backend-staging/src/node:tls' does not exist, skipping all lookups in it.
Skipping module 'node:tls' that looks like an absolute URI, target file types: TypeScript, Declaration.
'baseUrl' option is set to 'd:/DOPAMS/Toystack/dopams-backend-staging/src', using this value to resolve non-relative module name 'node:tls'.
'paths' option is specified, looking for a pattern to match module name 'node:tls'.
'baseUrl' option is set to 'd:/DOPAMS/Toystack/dopams-backend-staging/src', using this value to resolve non-relative module name 'node:tls'.
Resolving module name 'node:tls' relative to base url 'd:/DOPAMS/Toystack/dopams-backend-staging/src' - 'd:/DOPAMS/Toystack/dopams-backend-staging/src/node:tls'.
Loading module as file / folder, candidate module location 'd:/DOPAMS/Toystack/dopams-backend-staging/src/node:tls', target file types: JavaScript, JSON.
File 'd:/DOPAMS/Toystack/dopams-backend-staging/src/node:tls.js' does not exist.
File 'd:/DOPAMS/Toystack/dopams-backend-staging/src/node:tls.jsx' does not exist.
Directory 'd:/DOPAMS/Toystack/dopams-backend-staging/src/node:tls' does not exist, skipping all lookups in it.
Skipping module 'node:tls' that looks like an absolute URI, target file types: JavaScript, JSON.
======== Module name 'node:tls' was not resolved. ========
File 'd:/DOPAMS/Toystack/dopams-backend-staging/node_modules/@types/node/package.json' exists according to earlier cached lookups.
Module 'dgram' was resolved as locally declared ambient module in file 'd:/DOPAMS/Toystack/dopams-backend-staging/node_modules/@types/node/dgram.d.ts'.
======== Resolving module 'node:buffer' from 'd:/DOPAMS/Toystack/dopams-backend-staging/node_modules/@types/node/dgram.d.ts'. ========
Resolution for module 'node:buffer' was found in cache from location 'd:/DOPAMS/Toystack/dopams-backend-staging/node_modules/@types/node'.
======== Module name 'node:buffer' was not resolved. ========
======== Resolving module 'node:net' from 'd:/DOPAMS/Toystack/dopams-backend-staging/node_modules/@types/node/dgram.d.ts'. ========
Resolution for module 'node:net' was found in cache from location 'd:/DOPAMS/Toystack/dopams-backend-staging/node_modules/@types/node'.
======== Module name 'node:net' was not resolved. ========
======== Resolving module 'node:dns' from 'd:/DOPAMS/Toystack/dopams-backend-staging/node_modules/@types/node/dgram.d.ts'. ========
Explicitly specified module resolution kind: 'Node10'.
'baseUrl' option is set to 'd:/DOPAMS/Toystack/dopams-backend-staging/src', using this value to resolve non-relative module name 'node:dns'.
'paths' option is specified, looking for a pattern to match module name 'node:dns'.
'baseUrl' option is set to 'd:/DOPAMS/Toystack/dopams-backend-staging/src', using this value to resolve non-relative module name 'node:dns'.
Resolving module name 'node:dns' relative to base url 'd:/DOPAMS/Toystack/dopams-backend-staging/src' - 'd:/DOPAMS/Toystack/dopams-backend-staging/src/node:dns'.
Loading module as file / folder, candidate module location 'd:/DOPAMS/Toystack/dopams-backend-staging/src/node:dns', target file types: TypeScript, Declaration.
File 'd:/DOPAMS/Toystack/dopams-backend-staging/src/node:dns.ts' does not exist.
File 'd:/DOPAMS/Toystack/dopams-backend-staging/src/node:dns.tsx' does not exist.
File 'd:/DOPAMS/Toystack/dopams-backend-staging/src/node:dns.d.ts' does not exist.
Directory 'd:/DOPAMS/Toystack/dopams-backend-staging/src/node:dns' does not exist, skipping all lookups in it.
Skipping module 'node:dns' that looks like an absolute URI, target file types: TypeScript, Declaration.
'baseUrl' option is set to 'd:/DOPAMS/Toystack/dopams-backend-staging/src', using this value to resolve non-relative module name 'node:dns'.
'paths' option is specified, looking for a pattern to match module name 'node:dns'.
'baseUrl' option is set to 'd:/DOPAMS/Toystack/dopams-backend-staging/src', using this value to resolve non-relative module name 'node:dns'.
Resolving module name 'node:dns' relative to base url 'd:/DOPAMS/Toystack/dopams-backend-staging/src' - 'd:/DOPAMS/Toystack/dopams-backend-staging/src/node:dns'.
Loading module as file / folder, candidate module location 'd:/DOPAMS/Toystack/dopams-backend-staging/src/node:dns', target file types: JavaScript, JSON.
File 'd:/DOPAMS/Toystack/dopams-backend-staging/src/node:dns.js' does not exist.
File 'd:/DOPAMS/Toystack/dopams-backend-staging/src/node:dns.jsx' does not exist.
Directory 'd:/DOPAMS/Toystack/dopams-backend-staging/src/node:dns' does not exist, skipping all lookups in it.
Skipping module 'node:dns' that looks like an absolute URI, target file types: JavaScript, JSON.
======== Module name 'node:dns' was not resolved. ========
======== Resolving module 'node:events' from 'd:/DOPAMS/Toystack/dopams-backend-staging/node_modules/@types/node/dgram.d.ts'. ========
Resolution for module 'node:events' was found in cache from location 'd:/DOPAMS/Toystack/dopams-backend-staging/node_modules/@types/node'.
======== Module name 'node:events' was not resolved. ========
File 'd:/DOPAMS/Toystack/dopams-backend-staging/node_modules/@types/node/package.json' exists according to earlier cached lookups.
Module 'diagnostics_channel' was resolved as locally declared ambient module in file 'd:/DOPAMS/Toystack/dopams-backend-staging/node_modules/@types/node/diagnostics_channel.d.ts'.
======== Resolving module 'node:async_hooks' from 'd:/DOPAMS/Toystack/dopams-backend-staging/node_modules/@types/node/diagnostics_channel.d.ts'. ========
Explicitly specified module resolution kind: 'Node10'.
'baseUrl' option is set to 'd:/DOPAMS/Toystack/dopams-backend-staging/src', using this value to resolve non-relative module name 'node:async_hooks'.
'paths' option is specified, looking for a pattern to match module name 'node:async_hooks'.
'baseUrl' option is set to 'd:/DOPAMS/Toystack/dopams-backend-staging/src', using this value to resolve non-relative module name 'node:async_hooks'.
Resolving module name 'node:async_hooks' relative to base url 'd:/DOPAMS/Toystack/dopams-backend-staging/src' - 'd:/DOPAMS/Toystack/dopams-backend-staging/src/node:async_hooks'.
Loading module as file / folder, candidate module location 'd:/DOPAMS/Toystack/dopams-backend-staging/src/node:async_hooks', target file types: TypeScript, Declaration.
File 'd:/DOPAMS/Toystack/dopams-backend-staging/src/node:async_hooks.ts' does not exist.
File 'd:/DOPAMS/Toystack/dopams-backend-staging/src/node:async_hooks.tsx' does not exist.
File 'd:/DOPAMS/Toystack/dopams-backend-staging/src/node:async_hooks.d.ts' does not exist.
Directory 'd:/DOPAMS/Toystack/dopams-backend-staging/src/node:async_hooks' does not exist, skipping all lookups in it.
Skipping module 'node:async_hooks' that looks like an absolute URI, target file types: TypeScript, Declaration.
'baseUrl' option is set to 'd:/DOPAMS/Toystack/dopams-backend-staging/src', using this value to resolve non-relative module name 'node:async_hooks'.
'paths' option is specified, looking for a pattern to match module name 'node:async_hooks'.
'baseUrl' option is set to 'd:/DOPAMS/Toystack/dopams-backend-staging/src', using this value to resolve non-relative module name 'node:async_hooks'.
Resolving module name 'node:async_hooks' relative to base url 'd:/DOPAMS/Toystack/dopams-backend-staging/src' - 'd:/DOPAMS/Toystack/dopams-backend-staging/src/node:async_hooks'.
Loading module as file / folder, candidate module location 'd:/DOPAMS/Toystack/dopams-backend-staging/src/node:async_hooks', target file types: JavaScript, JSON.
File 'd:/DOPAMS/Toystack/dopams-backend-staging/src/node:async_hooks.js' does not exist.
File 'd:/DOPAMS/Toystack/dopams-backend-staging/src/node:async_hooks.jsx' does not exist.
Directory 'd:/DOPAMS/Toystack/dopams-backend-staging/src/node:async_hooks' does not exist, skipping all lookups in it.
Skipping module 'node:async_hooks' that looks like an absolute URI, target file types: JavaScript, JSON.
======== Module name 'node:async_hooks' was not resolved. ========
File 'd:/DOPAMS/Toystack/dopams-backend-staging/node_modules/@types/node/package.json' exists according to earlier cached lookups.
Module 'dns' was resolved as locally declared ambient module in file 'd:/DOPAMS/Toystack/dopams-backend-staging/node_modules/@types/node/dns.d.ts'.
======== Resolving module 'node:dns/promises' from 'd:/DOPAMS/Toystack/dopams-backend-staging/node_modules/@types/node/dns.d.ts'. ========
Explicitly specified module resolution kind: 'Node10'.
'baseUrl' option is set to 'd:/DOPAMS/Toystack/dopams-backend-staging/src', using this value to resolve non-relative module name 'node:dns/promises'.
'paths' option is specified, looking for a pattern to match module name 'node:dns/promises'.
'baseUrl' option is set to 'd:/DOPAMS/Toystack/dopams-backend-staging/src', using this value to resolve non-relative module name 'node:dns/promises'.
Resolving module name 'node:dns/promises' relative to base url 'd:/DOPAMS/Toystack/dopams-backend-staging/src' - 'd:/DOPAMS/Toystack/dopams-backend-staging/src/node:dns/promises'.
Loading module as file / folder, candidate module location 'd:/DOPAMS/Toystack/dopams-backend-staging/src/node:dns/promises', target file types: TypeScript, Declaration.
Skipping module 'node:dns/promises' that looks like an absolute URI, target file types: TypeScript, Declaration.
'baseUrl' option is set to 'd:/DOPAMS/Toystack/dopams-backend-staging/src', using this value to resolve non-relative module name 'node:dns/promises'.
'paths' option is specified, looking for a pattern to match module name 'node:dns/promises'.
'baseUrl' option is set to 'd:/DOPAMS/Toystack/dopams-backend-staging/src', using this value to resolve non-relative module name 'node:dns/promises'.
Resolving module name 'node:dns/promises' relative to base url 'd:/DOPAMS/Toystack/dopams-backend-staging/src' - 'd:/DOPAMS/Toystack/dopams-backend-staging/src/node:dns/promises'.
Loading module as file / folder, candidate module location 'd:/DOPAMS/Toystack/dopams-backend-staging/src/node:dns/promises', target file types: JavaScript, JSON.
Skipping module 'node:dns/promises' that looks like an absolute URI, target file types: JavaScript, JSON.
======== Module name 'node:dns/promises' was not resolved. ========
File 'd:/DOPAMS/Toystack/dopams-backend-staging/node_modules/@types/node/dns/package.json' does not exist.
File 'd:/DOPAMS/Toystack/dopams-backend-staging/node_modules/@types/node/package.json' exists according to earlier cached lookups.
Module 'dns/promises' was resolved as locally declared ambient module in file 'd:/DOPAMS/Toystack/dopams-backend-staging/node_modules/@types/node/dns/promises.d.ts'.
======== Resolving module 'node:dns' from 'd:/DOPAMS/Toystack/dopams-backend-staging/node_modules/@types/node/dns/promises.d.ts'. ========
Explicitly specified module resolution kind: 'Node10'.
'baseUrl' option is set to 'd:/DOPAMS/Toystack/dopams-backend-staging/src', using this value to resolve non-relative module name 'node:dns'.
'paths' option is specified, looking for a pattern to match module name 'node:dns'.
'baseUrl' option is set to 'd:/DOPAMS/Toystack/dopams-backend-staging/src', using this value to resolve non-relative module name 'node:dns'.
Resolving module name 'node:dns' relative to base url 'd:/DOPAMS/Toystack/dopams-backend-staging/src' - 'd:/DOPAMS/Toystack/dopams-backend-staging/src/node:dns'.
Loading module as file / folder, candidate module location 'd:/DOPAMS/Toystack/dopams-backend-staging/src/node:dns', target file types: TypeScript, Declaration.
File 'd:/DOPAMS/Toystack/dopams-backend-staging/src/node:dns.ts' does not exist.
File 'd:/DOPAMS/Toystack/dopams-backend-staging/src/node:dns.tsx' does not exist.
File 'd:/DOPAMS/Toystack/dopams-backend-staging/src/node:dns.d.ts' does not exist.
Directory 'd:/DOPAMS/Toystack/dopams-backend-staging/src/node:dns' does not exist, skipping all lookups in it.
Skipping module 'node:dns' that looks like an absolute URI, target file types: TypeScript, Declaration.
'baseUrl' option is set to 'd:/DOPAMS/Toystack/dopams-backend-staging/src', using this value to resolve non-relative module name 'node:dns'.
'paths' option is specified, looking for a pattern to match module name 'node:dns'.
'baseUrl' option is set to 'd:/DOPAMS/Toystack/dopams-backend-staging/src', using this value to resolve non-relative module name 'node:dns'.
Resolving module name 'node:dns' relative to base url 'd:/DOPAMS/Toystack/dopams-backend-staging/src' - 'd:/DOPAMS/Toystack/dopams-backend-staging/src/node:dns'.
Loading module as file / folder, candidate module location 'd:/DOPAMS/Toystack/dopams-backend-staging/src/node:dns', target file types: JavaScript, JSON.
File 'd:/DOPAMS/Toystack/dopams-backend-staging/src/node:dns.js' does not exist.
File 'd:/DOPAMS/Toystack/dopams-backend-staging/src/node:dns.jsx' does not exist.
Directory 'd:/DOPAMS/Toystack/dopams-backend-staging/src/node:dns' does not exist, skipping all lookups in it.
Skipping module 'node:dns' that looks like an absolute URI, target file types: JavaScript, JSON.
======== Module name 'node:dns' was not resolved. ========
File 'd:/DOPAMS/Toystack/dopams-backend-staging/node_modules/@types/node/package.json' exists according to earlier cached lookups.
Module 'domain' was resolved as locally declared ambient module in file 'd:/DOPAMS/Toystack/dopams-backend-staging/node_modules/@types/node/domain.d.ts'.
======== Resolving module 'node:events' from 'd:/DOPAMS/Toystack/dopams-backend-staging/node_modules/@types/node/domain.d.ts'. ========
Resolution for module 'node:events' was found in cache from location 'd:/DOPAMS/Toystack/dopams-backend-staging/node_modules/@types/node'.
======== Module name 'node:events' was not resolved. ========
File 'd:/DOPAMS/Toystack/dopams-backend-staging/node_modules/@types/node/package.json' exists according to earlier cached lookups.
Module 'node:events' was resolved as locally declared ambient module in file 'd:/DOPAMS/Toystack/dopams-backend-staging/node_modules/@types/node/events.d.ts'.
Module 'events' was resolved as locally declared ambient module in file 'd:/DOPAMS/Toystack/dopams-backend-staging/node_modules/@types/node/events.d.ts'.
======== Resolving module 'node:async_hooks' from 'd:/DOPAMS/Toystack/dopams-backend-staging/node_modules/@types/node/events.d.ts'. ========
Resolution for module 'node:async_hooks' was found in cache from location 'd:/DOPAMS/Toystack/dopams-backend-staging/node_modules/@types/node'.
======== Module name 'node:async_hooks' was not resolved. ========
File 'd:/DOPAMS/Toystack/dopams-backend-staging/node_modules/@types/node/package.json' exists according to earlier cached lookups.
Module 'fs' was resolved as locally declared ambient module in file 'd:/DOPAMS/Toystack/dopams-backend-staging/node_modules/@types/node/fs.d.ts'.
======== Resolving module 'node:buffer' from 'd:/DOPAMS/Toystack/dopams-backend-staging/node_modules/@types/node/fs.d.ts'. ========
Resolution for module 'node:buffer' was found in cache from location 'd:/DOPAMS/Toystack/dopams-backend-staging/node_modules/@types/node'.
======== Module name 'node:buffer' was not resolved. ========
======== Resolving module 'node:stream' from 'd:/DOPAMS/Toystack/dopams-backend-staging/node_modules/@types/node/fs.d.ts'. ========
Resolution for module 'node:stream' was found in cache from location 'd:/DOPAMS/Toystack/dopams-backend-staging/node_modules/@types/node'.
======== Module name 'node:stream' was not resolved. ========
======== Resolving module 'node:events' from 'd:/DOPAMS/Toystack/dopams-backend-staging/node_modules/@types/node/fs.d.ts'. ========
Resolution for module 'node:events' was found in cache from location 'd:/DOPAMS/Toystack/dopams-backend-staging/node_modules/@types/node'.
======== Module name 'node:events' was not resolved. ========
======== Resolving module 'node:url' from 'd:/DOPAMS/Toystack/dopams-backend-staging/node_modules/@types/node/fs.d.ts'. ========
Resolution for module 'node:url' was found in cache from location 'd:/DOPAMS/Toystack/dopams-backend-staging/node_modules/@types/node'.
======== Module name 'node:url' was not resolved. ========
======== Resolving module 'node:fs/promises' from 'd:/DOPAMS/Toystack/dopams-backend-staging/node_modules/@types/node/fs.d.ts'. ========
Explicitly specified module resolution kind: 'Node10'.
'baseUrl' option is set to 'd:/DOPAMS/Toystack/dopams-backend-staging/src', using this value to resolve non-relative module name 'node:fs/promises'.
'paths' option is specified, looking for a pattern to match module name 'node:fs/promises'.
'baseUrl' option is set to 'd:/DOPAMS/Toystack/dopams-backend-staging/src', using this value to resolve non-relative module name 'node:fs/promises'.
Resolving module name 'node:fs/promises' relative to base url 'd:/DOPAMS/Toystack/dopams-backend-staging/src' - 'd:/DOPAMS/Toystack/dopams-backend-staging/src/node:fs/promises'.
Loading module as file / folder, candidate module location 'd:/DOPAMS/Toystack/dopams-backend-staging/src/node:fs/promises', target file types: TypeScript, Declaration.
Skipping module 'node:fs/promises' that looks like an absolute URI, target file types: TypeScript, Declaration.
'baseUrl' option is set to 'd:/DOPAMS/Toystack/dopams-backend-staging/src', using this value to resolve non-relative module name 'node:fs/promises'.
'paths' option is specified, looking for a pattern to match module name 'node:fs/promises'.
'baseUrl' option is set to 'd:/DOPAMS/Toystack/dopams-backend-staging/src', using this value to resolve non-relative module name 'node:fs/promises'.
Resolving module name 'node:fs/promises' relative to base url 'd:/DOPAMS/Toystack/dopams-backend-staging/src' - 'd:/DOPAMS/Toystack/dopams-backend-staging/src/node:fs/promises'.
Loading module as file / folder, candidate module location 'd:/DOPAMS/Toystack/dopams-backend-staging/src/node:fs/promises', target file types: JavaScript, JSON.
Skipping module 'node:fs/promises' that looks like an absolute URI, target file types: JavaScript, JSON.
======== Module name 'node:fs/promises' was not resolved. ========
File 'd:/DOPAMS/Toystack/dopams-backend-staging/node_modules/@types/node/fs/package.json' does not exist.
File 'd:/DOPAMS/Toystack/dopams-backend-staging/node_modules/@types/node/package.json' exists according to earlier cached lookups.
Module 'fs/promises' was resolved as locally declared ambient module in file 'd:/DOPAMS/Toystack/dopams-backend-staging/node_modules/@types/node/fs/promises.d.ts'.
======== Resolving module 'node:buffer' from 'd:/DOPAMS/Toystack/dopams-backend-staging/node_modules/@types/node/fs/promises.d.ts'. ========
Explicitly specified module resolution kind: 'Node10'.
'baseUrl' option is set to 'd:/DOPAMS/Toystack/dopams-backend-staging/src', using this value to resolve non-relative module name 'node:buffer'.
'paths' option is specified, looking for a pattern to match module name 'node:buffer'.
'baseUrl' option is set to 'd:/DOPAMS/Toystack/dopams-backend-staging/src', using this value to resolve non-relative module name 'node:buffer'.
Resolving module name 'node:buffer' relative to base url 'd:/DOPAMS/Toystack/dopams-backend-staging/src' - 'd:/DOPAMS/Toystack/dopams-backend-staging/src/node:buffer'.
Loading module as file / folder, candidate module location 'd:/DOPAMS/Toystack/dopams-backend-staging/src/node:buffer', target file types: TypeScript, Declaration.
File 'd:/DOPAMS/Toystack/dopams-backend-staging/src/node:buffer.ts' does not exist.
File 'd:/DOPAMS/Toystack/dopams-backend-staging/src/node:buffer.tsx' does not exist.
File 'd:/DOPAMS/Toystack/dopams-backend-staging/src/node:buffer.d.ts' does not exist.
Directory 'd:/DOPAMS/Toystack/dopams-backend-staging/src/node:buffer' does not exist, skipping all lookups in it.
Skipping module 'node:buffer' that looks like an absolute URI, target file types: TypeScript, Declaration.
'baseUrl' option is set to 'd:/DOPAMS/Toystack/dopams-backend-staging/src', using this value to resolve non-relative module name 'node:buffer'.
'paths' option is specified, looking for a pattern to match module name 'node:buffer'.
'baseUrl' option is set to 'd:/DOPAMS/Toystack/dopams-backend-staging/src', using this value to resolve non-relative module name 'node:buffer'.
Resolving module name 'node:buffer' relative to base url 'd:/DOPAMS/Toystack/dopams-backend-staging/src' - 'd:/DOPAMS/Toystack/dopams-backend-staging/src/node:buffer'.
Loading module as file / folder, candidate module location 'd:/DOPAMS/Toystack/dopams-backend-staging/src/node:buffer', target file types: JavaScript, JSON.
File 'd:/DOPAMS/Toystack/dopams-backend-staging/src/node:buffer.js' does not exist.
File 'd:/DOPAMS/Toystack/dopams-backend-staging/src/node:buffer.jsx' does not exist.
Directory 'd:/DOPAMS/Toystack/dopams-backend-staging/src/node:buffer' does not exist, skipping all lookups in it.
Skipping module 'node:buffer' that looks like an absolute URI, target file types: JavaScript, JSON.
======== Module name 'node:buffer' was not resolved. ========
======== Resolving module 'node:events' from 'd:/DOPAMS/Toystack/dopams-backend-staging/node_modules/@types/node/fs/promises.d.ts'. ========
Explicitly specified module resolution kind: 'Node10'.
'baseUrl' option is set to 'd:/DOPAMS/Toystack/dopams-backend-staging/src', using this value to resolve non-relative module name 'node:events'.
'paths' option is specified, looking for a pattern to match module name 'node:events'.
'baseUrl' option is set to 'd:/DOPAMS/Toystack/dopams-backend-staging/src', using this value to resolve non-relative module name 'node:events'.
Resolving module name 'node:events' relative to base url 'd:/DOPAMS/Toystack/dopams-backend-staging/src' - 'd:/DOPAMS/Toystack/dopams-backend-staging/src/node:events'.
Loading module as file / folder, candidate module location 'd:/DOPAMS/Toystack/dopams-backend-staging/src/node:events', target file types: TypeScript, Declaration.
File 'd:/DOPAMS/Toystack/dopams-backend-staging/src/node:events.ts' does not exist.
File 'd:/DOPAMS/Toystack/dopams-backend-staging/src/node:events.tsx' does not exist.
File 'd:/DOPAMS/Toystack/dopams-backend-staging/src/node:events.d.ts' does not exist.
Directory 'd:/DOPAMS/Toystack/dopams-backend-staging/src/node:events' does not exist, skipping all lookups in it.
Skipping module 'node:events' that looks like an absolute URI, target file types: TypeScript, Declaration.
'baseUrl' option is set to 'd:/DOPAMS/Toystack/dopams-backend-staging/src', using this value to resolve non-relative module name 'node:events'.
'paths' option is specified, looking for a pattern to match module name 'node:events'.
'baseUrl' option is set to 'd:/DOPAMS/Toystack/dopams-backend-staging/src', using this value to resolve non-relative module name 'node:events'.
Resolving module name 'node:events' relative to base url 'd:/DOPAMS/Toystack/dopams-backend-staging/src' - 'd:/DOPAMS/Toystack/dopams-backend-staging/src/node:events'.
Loading module as file / folder, candidate module location 'd:/DOPAMS/Toystack/dopams-backend-staging/src/node:events', target file types: JavaScript, JSON.
File 'd:/DOPAMS/Toystack/dopams-backend-staging/src/node:events.js' does not exist.
File 'd:/DOPAMS/Toystack/dopams-backend-staging/src/node:events.jsx' does not exist.
Directory 'd:/DOPAMS/Toystack/dopams-backend-staging/src/node:events' does not exist, skipping all lookups in it.
Skipping module 'node:events' that looks like an absolute URI, target file types: JavaScript, JSON.
======== Module name 'node:events' was not resolved. ========
======== Resolving module 'node:stream' from 'd:/DOPAMS/Toystack/dopams-backend-staging/node_modules/@types/node/fs/promises.d.ts'. ========
Explicitly specified module resolution kind: 'Node10'.
'baseUrl' option is set to 'd:/DOPAMS/Toystack/dopams-backend-staging/src', using this value to resolve non-relative module name 'node:stream'.
'paths' option is specified, looking for a pattern to match module name 'node:stream'.
'baseUrl' option is set to 'd:/DOPAMS/Toystack/dopams-backend-staging/src', using this value to resolve non-relative module name 'node:stream'.
Resolving module name 'node:stream' relative to base url 'd:/DOPAMS/Toystack/dopams-backend-staging/src' - 'd:/DOPAMS/Toystack/dopams-backend-staging/src/node:stream'.
Loading module as file / folder, candidate module location 'd:/DOPAMS/Toystack/dopams-backend-staging/src/node:stream', target file types: TypeScript, Declaration.
File 'd:/DOPAMS/Toystack/dopams-backend-staging/src/node:stream.ts' does not exist.
File 'd:/DOPAMS/Toystack/dopams-backend-staging/src/node:stream.tsx' does not exist.
File 'd:/DOPAMS/Toystack/dopams-backend-staging/src/node:stream.d.ts' does not exist.
Directory 'd:/DOPAMS/Toystack/dopams-backend-staging/src/node:stream' does not exist, skipping all lookups in it.
Skipping module 'node:stream' that looks like an absolute URI, target file types: TypeScript, Declaration.
'baseUrl' option is set to 'd:/DOPAMS/Toystack/dopams-backend-staging/src', using this value to resolve non-relative module name 'node:stream'.
'paths' option is specified, looking for a pattern to match module name 'node:stream'.
'baseUrl' option is set to 'd:/DOPAMS/Toystack/dopams-backend-staging/src', using this value to resolve non-relative module name 'node:stream'.
Resolving module name 'node:stream' relative to base url 'd:/DOPAMS/Toystack/dopams-backend-staging/src' - 'd:/DOPAMS/Toystack/dopams-backend-staging/src/node:stream'.
Loading module as file / folder, candidate module location 'd:/DOPAMS/Toystack/dopams-backend-staging/src/node:stream', target file types: JavaScript, JSON.
File 'd:/DOPAMS/Toystack/dopams-backend-staging/src/node:stream.js' does not exist.
File 'd:/DOPAMS/Toystack/dopams-backend-staging/src/node:stream.jsx' does not exist.
Directory 'd:/DOPAMS/Toystack/dopams-backend-staging/src/node:stream' does not exist, skipping all lookups in it.
Skipping module 'node:stream' that looks like an absolute URI, target file types: JavaScript, JSON.
======== Module name 'node:stream' was not resolved. ========
======== Resolving module 'node:stream/web' from 'd:/DOPAMS/Toystack/dopams-backend-staging/node_modules/@types/node/fs/promises.d.ts'. ========
Explicitly specified module resolution kind: 'Node10'.
'baseUrl' option is set to 'd:/DOPAMS/Toystack/dopams-backend-staging/src', using this value to resolve non-relative module name 'node:stream/web'.
'paths' option is specified, looking for a pattern to match module name 'node:stream/web'.
'baseUrl' option is set to 'd:/DOPAMS/Toystack/dopams-backend-staging/src', using this value to resolve non-relative module name 'node:stream/web'.
Resolving module name 'node:stream/web' relative to base url 'd:/DOPAMS/Toystack/dopams-backend-staging/src' - 'd:/DOPAMS/Toystack/dopams-backend-staging/src/node:stream/web'.
Loading module as file / folder, candidate module location 'd:/DOPAMS/Toystack/dopams-backend-staging/src/node:stream/web', target file types: TypeScript, Declaration.
Skipping module 'node:stream/web' that looks like an absolute URI, target file types: TypeScript, Declaration.
'baseUrl' option is set to 'd:/DOPAMS/Toystack/dopams-backend-staging/src', using this value to resolve non-relative module name 'node:stream/web'.
'paths' option is specified, looking for a pattern to match module name 'node:stream/web'.
'baseUrl' option is set to 'd:/DOPAMS/Toystack/dopams-backend-staging/src', using this value to resolve non-relative module name 'node:stream/web'.
Resolving module name 'node:stream/web' relative to base url 'd:/DOPAMS/Toystack/dopams-backend-staging/src' - 'd:/DOPAMS/Toystack/dopams-backend-staging/src/node:stream/web'.
Loading module as file / folder, candidate module location 'd:/DOPAMS/Toystack/dopams-backend-staging/src/node:stream/web', target file types: JavaScript, JSON.
Skipping module 'node:stream/web' that looks like an absolute URI, target file types: JavaScript, JSON.
======== Module name 'node:stream/web' was not resolved. ========
======== Resolving module 'node:fs' from 'd:/DOPAMS/Toystack/dopams-backend-staging/node_modules/@types/node/fs/promises.d.ts'. ========
Explicitly specified module resolution kind: 'Node10'.
'baseUrl' option is set to 'd:/DOPAMS/Toystack/dopams-backend-staging/src', using this value to resolve non-relative module name 'node:fs'.
'paths' option is specified, looking for a pattern to match module name 'node:fs'.
'baseUrl' option is set to 'd:/DOPAMS/Toystack/dopams-backend-staging/src', using this value to resolve non-relative module name 'node:fs'.
Resolving module name 'node:fs' relative to base url 'd:/DOPAMS/Toystack/dopams-backend-staging/src' - 'd:/DOPAMS/Toystack/dopams-backend-staging/src/node:fs'.
Loading module as file / folder, candidate module location 'd:/DOPAMS/Toystack/dopams-backend-staging/src/node:fs', target file types: TypeScript, Declaration.
File 'd:/DOPAMS/Toystack/dopams-backend-staging/src/node:fs.ts' does not exist.
File 'd:/DOPAMS/Toystack/dopams-backend-staging/src/node:fs.tsx' does not exist.
File 'd:/DOPAMS/Toystack/dopams-backend-staging/src/node:fs.d.ts' does not exist.
Directory 'd:/DOPAMS/Toystack/dopams-backend-staging/src/node:fs' does not exist, skipping all lookups in it.
Skipping module 'node:fs' that looks like an absolute URI, target file types: TypeScript, Declaration.
'baseUrl' option is set to 'd:/DOPAMS/Toystack/dopams-backend-staging/src', using this value to resolve non-relative module name 'node:fs'.
'paths' option is specified, looking for a pattern to match module name 'node:fs'.
'baseUrl' option is set to 'd:/DOPAMS/Toystack/dopams-backend-staging/src', using this value to resolve non-relative module name 'node:fs'.
Resolving module name 'node:fs' relative to base url 'd:/DOPAMS/Toystack/dopams-backend-staging/src' - 'd:/DOPAMS/Toystack/dopams-backend-staging/src/node:fs'.
Loading module as file / folder, candidate module location 'd:/DOPAMS/Toystack/dopams-backend-staging/src/node:fs', target file types: JavaScript, JSON.
File 'd:/DOPAMS/Toystack/dopams-backend-staging/src/node:fs.js' does not exist.
File 'd:/DOPAMS/Toystack/dopams-backend-staging/src/node:fs.jsx' does not exist.
Directory 'd:/DOPAMS/Toystack/dopams-backend-staging/src/node:fs' does not exist, skipping all lookups in it.
Skipping module 'node:fs' that looks like an absolute URI, target file types: JavaScript, JSON.
======== Module name 'node:fs' was not resolved. ========
======== Resolving module 'node:readline' from 'd:/DOPAMS/Toystack/dopams-backend-staging/node_modules/@types/node/fs/promises.d.ts'. ========
Explicitly specified module resolution kind: 'Node10'.
'baseUrl' option is set to 'd:/DOPAMS/Toystack/dopams-backend-staging/src', using this value to resolve non-relative module name 'node:readline'.
'paths' option is specified, looking for a pattern to match module name 'node:readline'.
'baseUrl' option is set to 'd:/DOPAMS/Toystack/dopams-backend-staging/src', using this value to resolve non-relative module name 'node:readline'.
Resolving module name 'node:readline' relative to base url 'd:/DOPAMS/Toystack/dopams-backend-staging/src' - 'd:/DOPAMS/Toystack/dopams-backend-staging/src/node:readline'.
Loading module as file / folder, candidate module location 'd:/DOPAMS/Toystack/dopams-backend-staging/src/node:readline', target file types: TypeScript, Declaration.
File 'd:/DOPAMS/Toystack/dopams-backend-staging/src/node:readline.ts' does not exist.
File 'd:/DOPAMS/Toystack/dopams-backend-staging/src/node:readline.tsx' does not exist.
File 'd:/DOPAMS/Toystack/dopams-backend-staging/src/node:readline.d.ts' does not exist.
Directory 'd:/DOPAMS/Toystack/dopams-backend-staging/src/node:readline' does not exist, skipping all lookups in it.
Skipping module 'node:readline' that looks like an absolute URI, target file types: TypeScript, Declaration.
'baseUrl' option is set to 'd:/DOPAMS/Toystack/dopams-backend-staging/src', using this value to resolve non-relative module name 'node:readline'.
'paths' option is specified, looking for a pattern to match module name 'node:readline'.
'baseUrl' option is set to 'd:/DOPAMS/Toystack/dopams-backend-staging/src', using this value to resolve non-relative module name 'node:readline'.
Resolving module name 'node:readline' relative to base url 'd:/DOPAMS/Toystack/dopams-backend-staging/src' - 'd:/DOPAMS/Toystack/dopams-backend-staging/src/node:readline'.
Loading module as file / folder, candidate module location 'd:/DOPAMS/Toystack/dopams-backend-staging/src/node:readline', target file types: JavaScript, JSON.
File 'd:/DOPAMS/Toystack/dopams-backend-staging/src/node:readline.js' does not exist.
File 'd:/DOPAMS/Toystack/dopams-backend-staging/src/node:readline.jsx' does not exist.
Directory 'd:/DOPAMS/Toystack/dopams-backend-staging/src/node:readline' does not exist, skipping all lookups in it.
Skipping module 'node:readline' that looks like an absolute URI, target file types: JavaScript, JSON.
======== Module name 'node:readline' was not resolved. ========
File 'd:/DOPAMS/Toystack/dopams-backend-staging/node_modules/@types/node/package.json' exists according to earlier cached lookups.
Module 'http' was resolved as locally declared ambient module in file 'd:/DOPAMS/Toystack/dopams-backend-staging/node_modules/@types/node/http.d.ts'.
======== Resolving module 'node:buffer' from 'd:/DOPAMS/Toystack/dopams-backend-staging/node_modules/@types/node/http.d.ts'. ========
Resolution for module 'node:buffer' was found in cache from location 'd:/DOPAMS/Toystack/dopams-backend-staging/node_modules/@types/node'.
======== Module name 'node:buffer' was not resolved. ========
======== Resolving module 'node:stream' from 'd:/DOPAMS/Toystack/dopams-backend-staging/node_modules/@types/node/http.d.ts'. ========
Resolution for module 'node:stream' was found in cache from location 'd:/DOPAMS/Toystack/dopams-backend-staging/node_modules/@types/node'.
======== Module name 'node:stream' was not resolved. ========
======== Resolving module 'node:url' from 'd:/DOPAMS/Toystack/dopams-backend-staging/node_modules/@types/node/http.d.ts'. ========
Resolution for module 'node:url' was found in cache from location 'd:/DOPAMS/Toystack/dopams-backend-staging/node_modules/@types/node'.
======== Module name 'node:url' was not resolved. ========
======== Resolving module 'node:dns' from 'd:/DOPAMS/Toystack/dopams-backend-staging/node_modules/@types/node/http.d.ts'. ========
Resolution for module 'node:dns' was found in cache from location 'd:/DOPAMS/Toystack/dopams-backend-staging/node_modules/@types/node'.
======== Module name 'node:dns' was not resolved. ========
======== Resolving module 'node:events' from 'd:/DOPAMS/Toystack/dopams-backend-staging/node_modules/@types/node/http.d.ts'. ========
Resolution for module 'node:events' was found in cache from location 'd:/DOPAMS/Toystack/dopams-backend-staging/node_modules/@types/node'.
======== Module name 'node:events' was not resolved. ========
======== Resolving module 'node:net' from 'd:/DOPAMS/Toystack/dopams-backend-staging/node_modules/@types/node/http.d.ts'. ========
Resolution for module 'node:net' was found in cache from location 'd:/DOPAMS/Toystack/dopams-backend-staging/node_modules/@types/node'.
======== Module name 'node:net' was not resolved. ========
======== Resolving module 'undici-types' from 'd:/DOPAMS/Toystack/dopams-backend-staging/node_modules/@types/node/http.d.ts'. ========
Explicitly specified module resolution kind: 'Node10'.
'baseUrl' option is set to 'd:/DOPAMS/Toystack/dopams-backend-staging/src', using this value to resolve non-relative module name 'undici-types'.
'paths' option is specified, looking for a pattern to match module name 'undici-types'.
'baseUrl' option is set to 'd:/DOPAMS/Toystack/dopams-backend-staging/src', using this value to resolve non-relative module name 'undici-types'.
Resolving module name 'undici-types' relative to base url 'd:/DOPAMS/Toystack/dopams-backend-staging/src' - 'd:/DOPAMS/Toystack/dopams-backend-staging/src/undici-types'.
Loading module as file / folder, candidate module location 'd:/DOPAMS/Toystack/dopams-backend-staging/src/undici-types', target file types: TypeScript, Declaration.
File 'd:/DOPAMS/Toystack/dopams-backend-staging/src/undici-types.ts' does not exist.
File 'd:/DOPAMS/Toystack/dopams-backend-staging/src/undici-types.tsx' does not exist.
File 'd:/DOPAMS/Toystack/dopams-backend-staging/src/undici-types.d.ts' does not exist.
Directory 'd:/DOPAMS/Toystack/dopams-backend-staging/src/undici-types' does not exist, skipping all lookups in it.
Loading module 'undici-types' from 'node_modules' folder, target file types: TypeScript, Declaration.
Searching all ancestor node_modules directories for preferred extensions: TypeScript, Declaration.
Resolution for module 'undici-types' was found in cache from location 'd:/DOPAMS/Toystack/dopams-backend-staging/node_modules/@types/node'.
======== Module name 'undici-types' was successfully resolved to 'd:/DOPAMS/Toystack/dopams-backend-staging/node_modules/undici-types/index.d.ts' with Package ID 'undici-types/index.d.ts@6.21.0'. ========
File 'd:/DOPAMS/Toystack/dopams-backend-staging/node_modules/@types/node/package.json' exists according to earlier cached lookups.
Module 'http2' was resolved as locally declared ambient module in file 'd:/DOPAMS/Toystack/dopams-backend-staging/node_modules/@types/node/http2.d.ts'.
======== Resolving module 'node:buffer' from 'd:/DOPAMS/Toystack/dopams-backend-staging/node_modules/@types/node/http2.d.ts'. ========
Resolution for module 'node:buffer' was found in cache from location 'd:/DOPAMS/Toystack/dopams-backend-staging/node_modules/@types/node'.
======== Module name 'node:buffer' was not resolved. ========
======== Resolving module 'node:events' from 'd:/DOPAMS/Toystack/dopams-backend-staging/node_modules/@types/node/http2.d.ts'. ========
Resolution for module 'node:events' was found in cache from location 'd:/DOPAMS/Toystack/dopams-backend-staging/node_modules/@types/node'.
======== Module name 'node:events' was not resolved. ========
======== Resolving module 'node:fs' from 'd:/DOPAMS/Toystack/dopams-backend-staging/node_modules/@types/node/http2.d.ts'. ========
Resolution for module 'node:fs' was found in cache from location 'd:/DOPAMS/Toystack/dopams-backend-staging/node_modules/@types/node'.
======== Module name 'node:fs' was not resolved. ========
======== Resolving module 'node:net' from 'd:/DOPAMS/Toystack/dopams-backend-staging/node_modules/@types/node/http2.d.ts'. ========
Resolution for module 'node:net' was found in cache from location 'd:/DOPAMS/Toystack/dopams-backend-staging/node_modules/@types/node'.
======== Module name 'node:net' was not resolved. ========
======== Resolving module 'node:stream' from 'd:/DOPAMS/Toystack/dopams-backend-staging/node_modules/@types/node/http2.d.ts'. ========
Resolution for module 'node:stream' was found in cache from location 'd:/DOPAMS/Toystack/dopams-backend-staging/node_modules/@types/node'.
======== Module name 'node:stream' was not resolved. ========
======== Resolving module 'node:tls' from 'd:/DOPAMS/Toystack/dopams-backend-staging/node_modules/@types/node/http2.d.ts'. ========
Resolution for module 'node:tls' was found in cache from location 'd:/DOPAMS/Toystack/dopams-backend-staging/node_modules/@types/node'.
======== Module name 'node:tls' was not resolved. ========
======== Resolving module 'node:url' from 'd:/DOPAMS/Toystack/dopams-backend-staging/node_modules/@types/node/http2.d.ts'. ========
Resolution for module 'node:url' was found in cache from location 'd:/DOPAMS/Toystack/dopams-backend-staging/node_modules/@types/node'.
======== Module name 'node:url' was not resolved. ========
======== Resolving module 'node:http' from 'd:/DOPAMS/Toystack/dopams-backend-staging/node_modules/@types/node/http2.d.ts'. ========
Explicitly specified module resolution kind: 'Node10'.
'baseUrl' option is set to 'd:/DOPAMS/Toystack/dopams-backend-staging/src', using this value to resolve non-relative module name 'node:http'.
'paths' option is specified, looking for a pattern to match module name 'node:http'.
'baseUrl' option is set to 'd:/DOPAMS/Toystack/dopams-backend-staging/src', using this value to resolve non-relative module name 'node:http'.
Resolving module name 'node:http' relative to base url 'd:/DOPAMS/Toystack/dopams-backend-staging/src' - 'd:/DOPAMS/Toystack/dopams-backend-staging/src/node:http'.
Loading module as file / folder, candidate module location 'd:/DOPAMS/Toystack/dopams-backend-staging/src/node:http', target file types: TypeScript, Declaration.
File 'd:/DOPAMS/Toystack/dopams-backend-staging/src/node:http.ts' does not exist.
File 'd:/DOPAMS/Toystack/dopams-backend-staging/src/node:http.tsx' does not exist.
File 'd:/DOPAMS/Toystack/dopams-backend-staging/src/node:http.d.ts' does not exist.
Directory 'd:/DOPAMS/Toystack/dopams-backend-staging/src/node:http' does not exist, skipping all lookups in it.
Skipping module 'node:http' that looks like an absolute URI, target file types: TypeScript, Declaration.
'baseUrl' option is set to 'd:/DOPAMS/Toystack/dopams-backend-staging/src', using this value to resolve non-relative module name 'node:http'.
'paths' option is specified, looking for a pattern to match module name 'node:http'.
'baseUrl' option is set to 'd:/DOPAMS/Toystack/dopams-backend-staging/src', using this value to resolve non-relative module name 'node:http'.
Resolving module name 'node:http' relative to base url 'd:/DOPAMS/Toystack/dopams-backend-staging/src' - 'd:/DOPAMS/Toystack/dopams-backend-staging/src/node:http'.
Loading module as file / folder, candidate module location 'd:/DOPAMS/Toystack/dopams-backend-staging/src/node:http', target file types: JavaScript, JSON.
File 'd:/DOPAMS/Toystack/dopams-backend-staging/src/node:http.js' does not exist.
File 'd:/DOPAMS/Toystack/dopams-backend-staging/src/node:http.jsx' does not exist.
Directory 'd:/DOPAMS/Toystack/dopams-backend-staging/src/node:http' does not exist, skipping all lookups in it.
Skipping module 'node:http' that looks like an absolute URI, target file types: JavaScript, JSON.
======== Module name 'node:http' was not resolved. ========
File 'd:/DOPAMS/Toystack/dopams-backend-staging/node_modules/@types/node/package.json' exists according to earlier cached lookups.
Module 'https' was resolved as locally declared ambient module in file 'd:/DOPAMS/Toystack/dopams-backend-staging/node_modules/@types/node/https.d.ts'.
======== Resolving module 'node:buffer' from 'd:/DOPAMS/Toystack/dopams-backend-staging/node_modules/@types/node/https.d.ts'. ========
Resolution for module 'node:buffer' was found in cache from location 'd:/DOPAMS/Toystack/dopams-backend-staging/node_modules/@types/node'.
======== Module name 'node:buffer' was not resolved. ========
======== Resolving module 'node:stream' from 'd:/DOPAMS/Toystack/dopams-backend-staging/node_modules/@types/node/https.d.ts'. ========
Resolution for module 'node:stream' was found in cache from location 'd:/DOPAMS/Toystack/dopams-backend-staging/node_modules/@types/node'.
======== Module name 'node:stream' was not resolved. ========
======== Resolving module 'node:tls' from 'd:/DOPAMS/Toystack/dopams-backend-staging/node_modules/@types/node/https.d.ts'. ========
Resolution for module 'node:tls' was found in cache from location 'd:/DOPAMS/Toystack/dopams-backend-staging/node_modules/@types/node'.
======== Module name 'node:tls' was not resolved. ========
======== Resolving module 'node:http' from 'd:/DOPAMS/Toystack/dopams-backend-staging/node_modules/@types/node/https.d.ts'. ========
Resolution for module 'node:http' was found in cache from location 'd:/DOPAMS/Toystack/dopams-backend-staging/node_modules/@types/node'.
======== Module name 'node:http' was not resolved. ========
======== Resolving module 'node:url' from 'd:/DOPAMS/Toystack/dopams-backend-staging/node_modules/@types/node/https.d.ts'. ========
Resolution for module 'node:url' was found in cache from location 'd:/DOPAMS/Toystack/dopams-backend-staging/node_modules/@types/node'.
======== Module name 'node:url' was not resolved. ========
File 'd:/DOPAMS/Toystack/dopams-backend-staging/node_modules/@types/node/package.json' exists according to earlier cached lookups.
Module 'inspector' was resolved as locally declared ambient module in file 'd:/DOPAMS/Toystack/dopams-backend-staging/node_modules/@types/node/inspector.d.ts'.
Module 'inspector' was resolved as locally declared ambient module in file 'd:/DOPAMS/Toystack/dopams-backend-staging/node_modules/@types/node/inspector.d.ts'.
Module 'inspector/promises' was resolved as locally declared ambient module in file 'd:/DOPAMS/Toystack/dopams-backend-staging/node_modules/@types/node/inspector.d.ts'.
======== Resolving module 'node:events' from 'd:/DOPAMS/Toystack/dopams-backend-staging/node_modules/@types/node/inspector.d.ts'. ========
Resolution for module 'node:events' was found in cache from location 'd:/DOPAMS/Toystack/dopams-backend-staging/node_modules/@types/node'.
======== Module name 'node:events' was not resolved. ========
File 'd:/DOPAMS/Toystack/dopams-backend-staging/node_modules/@types/node/package.json' exists according to earlier cached lookups.
Module 'inspector' was resolved as locally declared ambient module in file 'd:/DOPAMS/Toystack/dopams-backend-staging/node_modules/@types/node/inspector.generated.d.ts'.
Module 'inspector' was resolved as locally declared ambient module in file 'd:/DOPAMS/Toystack/dopams-backend-staging/node_modules/@types/node/inspector.generated.d.ts'.
File 'd:/DOPAMS/Toystack/dopams-backend-staging/node_modules/@types/node/package.json' exists according to earlier cached lookups.
Module 'module' was resolved as locally declared ambient module in file 'd:/DOPAMS/Toystack/dopams-backend-staging/node_modules/@types/node/module.d.ts'.
======== Resolving module 'node:url' from 'd:/DOPAMS/Toystack/dopams-backend-staging/node_modules/@types/node/module.d.ts'. ========
Resolution for module 'node:url' was found in cache from location 'd:/DOPAMS/Toystack/dopams-backend-staging/node_modules/@types/node'.
======== Module name 'node:url' was not resolved. ========
File 'd:/DOPAMS/Toystack/dopams-backend-staging/node_modules/@types/node/package.json' exists according to earlier cached lookups.
Module 'net' was resolved as locally declared ambient module in file 'd:/DOPAMS/Toystack/dopams-backend-staging/node_modules/@types/node/net.d.ts'.
======== Resolving module 'node:buffer' from 'd:/DOPAMS/Toystack/dopams-backend-staging/node_modules/@types/node/net.d.ts'. ========
Resolution for module 'node:buffer' was found in cache from location 'd:/DOPAMS/Toystack/dopams-backend-staging/node_modules/@types/node'.
======== Module name 'node:buffer' was not resolved. ========
======== Resolving module 'node:stream' from 'd:/DOPAMS/Toystack/dopams-backend-staging/node_modules/@types/node/net.d.ts'. ========
Resolution for module 'node:stream' was found in cache from location 'd:/DOPAMS/Toystack/dopams-backend-staging/node_modules/@types/node'.
======== Module name 'node:stream' was not resolved. ========
======== Resolving module 'node:events' from 'd:/DOPAMS/Toystack/dopams-backend-staging/node_modules/@types/node/net.d.ts'. ========
Resolution for module 'node:events' was found in cache from location 'd:/DOPAMS/Toystack/dopams-backend-staging/node_modules/@types/node'.
======== Module name 'node:events' was not resolved. ========
======== Resolving module 'node:dns' from 'd:/DOPAMS/Toystack/dopams-backend-staging/node_modules/@types/node/net.d.ts'. ========
Resolution for module 'node:dns' was found in cache from location 'd:/DOPAMS/Toystack/dopams-backend-staging/node_modules/@types/node'.
======== Module name 'node:dns' was not resolved. ========
File 'd:/DOPAMS/Toystack/dopams-backend-staging/node_modules/@types/node/package.json' exists according to earlier cached lookups.
Module 'os' was resolved as locally declared ambient module in file 'd:/DOPAMS/Toystack/dopams-backend-staging/node_modules/@types/node/os.d.ts'.
======== Resolving module 'buffer' from 'd:/DOPAMS/Toystack/dopams-backend-staging/node_modules/@types/node/os.d.ts'. ========
Explicitly specified module resolution kind: 'Node10'.
'baseUrl' option is set to 'd:/DOPAMS/Toystack/dopams-backend-staging/src', using this value to resolve non-relative module name 'buffer'.
'paths' option is specified, looking for a pattern to match module name 'buffer'.
'baseUrl' option is set to 'd:/DOPAMS/Toystack/dopams-backend-staging/src', using this value to resolve non-relative module name 'buffer'.
Resolving module name 'buffer' relative to base url 'd:/DOPAMS/Toystack/dopams-backend-staging/src' - 'd:/DOPAMS/Toystack/dopams-backend-staging/src/buffer'.
Loading module as file / folder, candidate module location 'd:/DOPAMS/Toystack/dopams-backend-staging/src/buffer', target file types: TypeScript, Declaration.
File 'd:/DOPAMS/Toystack/dopams-backend-staging/src/buffer.ts' does not exist.
File 'd:/DOPAMS/Toystack/dopams-backend-staging/src/buffer.tsx' does not exist.
File 'd:/DOPAMS/Toystack/dopams-backend-staging/src/buffer.d.ts' does not exist.
Directory 'd:/DOPAMS/Toystack/dopams-backend-staging/src/buffer' does not exist, skipping all lookups in it.
Loading module 'buffer' from 'node_modules' folder, target file types: TypeScript, Declaration.
Searching all ancestor node_modules directories for preferred extensions: TypeScript, Declaration.
Directory 'd:/DOPAMS/Toystack/dopams-backend-staging/node_modules/@types/node/node_modules' does not exist, skipping all lookups in it.
Directory 'd:/DOPAMS/Toystack/dopams-backend-staging/node_modules/@types/node_modules' does not exist, skipping all lookups in it.
File 'd:/DOPAMS/Toystack/dopams-backend-staging/node_modules/buffer/package.json' exists according to earlier cached lookups.
File 'd:/DOPAMS/Toystack/dopams-backend-staging/node_modules/buffer.ts' does not exist.
File 'd:/DOPAMS/Toystack/dopams-backend-staging/node_modules/buffer.tsx' does not exist.
File 'd:/DOPAMS/Toystack/dopams-backend-staging/node_modules/buffer.d.ts' does not exist.
'package.json' does not have a 'typings' field.
'package.json' does not have a 'types' field.
'package.json' has 'main' field 'index.js' that references 'd:/DOPAMS/Toystack/dopams-backend-staging/node_modules/buffer/index.js'.
File name 'd:/DOPAMS/Toystack/dopams-backend-staging/node_modules/buffer/index.js' has a '.js' extension - stripping it.
File 'd:/DOPAMS/Toystack/dopams-backend-staging/node_modules/buffer/index.ts' does not exist.
File 'd:/DOPAMS/Toystack/dopams-backend-staging/node_modules/buffer/index.tsx' does not exist.
File 'd:/DOPAMS/Toystack/dopams-backend-staging/node_modules/buffer/index.d.ts' does not exist.
Loading module as file / folder, candidate module location 'd:/DOPAMS/Toystack/dopams-backend-staging/node_modules/buffer/index.js', target file types: TypeScript, Declaration.
File name 'd:/DOPAMS/Toystack/dopams-backend-staging/node_modules/buffer/index.js' has a '.js' extension - stripping it.
File 'd:/DOPAMS/Toystack/dopams-backend-staging/node_modules/buffer/index.ts' does not exist.
File 'd:/DOPAMS/Toystack/dopams-backend-staging/node_modules/buffer/index.tsx' does not exist.
File 'd:/DOPAMS/Toystack/dopams-backend-staging/node_modules/buffer/index.d.ts' does not exist.
File 'd:/DOPAMS/Toystack/dopams-backend-staging/node_modules/buffer/index.js.ts' does not exist.
File 'd:/DOPAMS/Toystack/dopams-backend-staging/node_modules/buffer/index.js.tsx' does not exist.
File 'd:/DOPAMS/Toystack/dopams-backend-staging/node_modules/buffer/index.js.d.ts' does not exist.
Directory 'd:/DOPAMS/Toystack/dopams-backend-staging/node_modules/buffer/index.js' does not exist, skipping all lookups in it.
File 'd:/DOPAMS/Toystack/dopams-backend-staging/node_modules/buffer/index.ts' does not exist.
File 'd:/DOPAMS/Toystack/dopams-backend-staging/node_modules/buffer/index.tsx' does not exist.
File 'd:/DOPAMS/Toystack/dopams-backend-staging/node_modules/buffer/index.d.ts' does not exist.
File 'd:/DOPAMS/Toystack/dopams-backend-staging/node_modules/@types/buffer.d.ts' does not exist.
Directory 'd:/DOPAMS/Toystack/node_modules' does not exist, skipping all lookups in it.
Directory 'd:/DOPAMS/node_modules' does not exist, skipping all lookups in it.
Directory 'd:/node_modules' does not exist, skipping all lookups in it.
'baseUrl' option is set to 'd:/DOPAMS/Toystack/dopams-backend-staging/src', using this value to resolve non-relative module name 'buffer'.
'paths' option is specified, looking for a pattern to match module name 'buffer'.
'baseUrl' option is set to 'd:/DOPAMS/Toystack/dopams-backend-staging/src', using this value to resolve non-relative module name 'buffer'.
Resolving module name 'buffer' relative to base url 'd:/DOPAMS/Toystack/dopams-backend-staging/src' - 'd:/DOPAMS/Toystack/dopams-backend-staging/src/buffer'.
Loading module as file / folder, candidate module location 'd:/DOPAMS/Toystack/dopams-backend-staging/src/buffer', target file types: JavaScript, JSON.
File 'd:/DOPAMS/Toystack/dopams-backend-staging/src/buffer.js' does not exist.
File 'd:/DOPAMS/Toystack/dopams-backend-staging/src/buffer.jsx' does not exist.
Directory 'd:/DOPAMS/Toystack/dopams-backend-staging/src/buffer' does not exist, skipping all lookups in it.
Loading module 'buffer' from 'node_modules' folder, target file types: JavaScript, JSON.
Searching all ancestor node_modules directories for fallback extensions: JavaScript, JSON.
Directory 'd:/DOPAMS/Toystack/dopams-backend-staging/node_modules/@types/node/node_modules' does not exist, skipping all lookups in it.
Directory 'd:/DOPAMS/Toystack/dopams-backend-staging/node_modules/@types/node_modules' does not exist, skipping all lookups in it.
File 'd:/DOPAMS/Toystack/dopams-backend-staging/node_modules/buffer/package.json' exists according to earlier cached lookups.
File 'd:/DOPAMS/Toystack/dopams-backend-staging/node_modules/buffer.js' does not exist.
File 'd:/DOPAMS/Toystack/dopams-backend-staging/node_modules/buffer.jsx' does not exist.
'package.json' has 'main' field 'index.js' that references 'd:/DOPAMS/Toystack/dopams-backend-staging/node_modules/buffer/index.js'.
File name 'd:/DOPAMS/Toystack/dopams-backend-staging/node_modules/buffer/index.js' has a '.js' extension - stripping it.
File 'd:/DOPAMS/Toystack/dopams-backend-staging/node_modules/buffer/index.js' exists - use it as a name resolution result.
Resolution of non-relative name failed; trying with '--moduleResolution bundler' to see if project may need configuration update.
'baseUrl' option is set to 'd:/DOPAMS/Toystack/dopams-backend-staging/src', using this value to resolve non-relative module name 'buffer'.
'paths' option is specified, looking for a pattern to match module name 'buffer'.
'baseUrl' option is set to 'd:/DOPAMS/Toystack/dopams-backend-staging/src', using this value to resolve non-relative module name 'buffer'.
Resolving module name 'buffer' relative to base url 'd:/DOPAMS/Toystack/dopams-backend-staging/src' - 'd:/DOPAMS/Toystack/dopams-backend-staging/src/buffer'.
Loading module as file / folder, candidate module location 'd:/DOPAMS/Toystack/dopams-backend-staging/src/buffer', target file types: TypeScript, Declaration.
File 'd:/DOPAMS/Toystack/dopams-backend-staging/src/buffer.ts' does not exist.
File 'd:/DOPAMS/Toystack/dopams-backend-staging/src/buffer.tsx' does not exist.
File 'd:/DOPAMS/Toystack/dopams-backend-staging/src/buffer.d.ts' does not exist.
Directory 'd:/DOPAMS/Toystack/dopams-backend-staging/src/buffer' does not exist, skipping all lookups in it.
Loading module 'buffer' from 'node_modules' folder, target file types: TypeScript, Declaration.
Searching all ancestor node_modules directories for preferred extensions: TypeScript, Declaration.
Directory 'd:/DOPAMS/Toystack/dopams-backend-staging/node_modules/@types/node/node_modules' does not exist, skipping all lookups in it.
Directory 'd:/DOPAMS/Toystack/dopams-backend-staging/node_modules/@types/node_modules' does not exist, skipping all lookups in it.
File 'd:/DOPAMS/Toystack/dopams-backend-staging/node_modules/buffer/package.json' exists according to earlier cached lookups.
File 'd:/DOPAMS/Toystack/dopams-backend-staging/node_modules/buffer.ts' does not exist.
File 'd:/DOPAMS/Toystack/dopams-backend-staging/node_modules/buffer.tsx' does not exist.
File 'd:/DOPAMS/Toystack/dopams-backend-staging/node_modules/buffer.d.ts' does not exist.
'package.json' does not have a 'typings' field.
'package.json' does not have a 'types' field.
'package.json' has 'main' field 'index.js' that references 'd:/DOPAMS/Toystack/dopams-backend-staging/node_modules/buffer/index.js'.
File name 'd:/DOPAMS/Toystack/dopams-backend-staging/node_modules/buffer/index.js' has a '.js' extension - stripping it.
File 'd:/DOPAMS/Toystack/dopams-backend-staging/node_modules/buffer/index.ts' does not exist.
File 'd:/DOPAMS/Toystack/dopams-backend-staging/node_modules/buffer/index.tsx' does not exist.
File 'd:/DOPAMS/Toystack/dopams-backend-staging/node_modules/buffer/index.d.ts' does not exist.
Loading module as file / folder, candidate module location 'd:/DOPAMS/Toystack/dopams-backend-staging/node_modules/buffer/index.js', target file types: TypeScript, Declaration.
File name 'd:/DOPAMS/Toystack/dopams-backend-staging/node_modules/buffer/index.js' has a '.js' extension - stripping it.
File 'd:/DOPAMS/Toystack/dopams-backend-staging/node_modules/buffer/index.ts' does not exist.
File 'd:/DOPAMS/Toystack/dopams-backend-staging/node_modules/buffer/index.tsx' does not exist.
File 'd:/DOPAMS/Toystack/dopams-backend-staging/node_modules/buffer/index.d.ts' does not exist.
File 'd:/DOPAMS/Toystack/dopams-backend-staging/node_modules/buffer/index.js.ts' does not exist.
File 'd:/DOPAMS/Toystack/dopams-backend-staging/node_modules/buffer/index.js.tsx' does not exist.
File 'd:/DOPAMS/Toystack/dopams-backend-staging/node_modules/buffer/index.js.d.ts' does not exist.
Directory 'd:/DOPAMS/Toystack/dopams-backend-staging/node_modules/buffer/index.js' does not exist, skipping all lookups in it.
File 'd:/DOPAMS/Toystack/dopams-backend-staging/node_modules/buffer/index.ts' does not exist.
File 'd:/DOPAMS/Toystack/dopams-backend-staging/node_modules/buffer/index.tsx' does not exist.
File 'd:/DOPAMS/Toystack/dopams-backend-staging/node_modules/buffer/index.d.ts' does not exist.
File 'd:/DOPAMS/Toystack/dopams-backend-staging/node_modules/@types/buffer.d.ts' does not exist.
Directory 'd:/DOPAMS/Toystack/node_modules' does not exist, skipping all lookups in it.
Directory 'd:/DOPAMS/node_modules' does not exist, skipping all lookups in it.
Directory 'd:/node_modules' does not exist, skipping all lookups in it.
Resolving real path for 'd:/DOPAMS/Toystack/dopams-backend-staging/node_modules/buffer/index.js', result 'D:/DOPAMS/Toystack/dopams-backend-staging/node_modules/buffer/index.js'.
======== Module name 'buffer' was successfully resolved to 'd:/DOPAMS/Toystack/dopams-backend-staging/node_modules/buffer/index.js' with Package ID 'buffer/index.js@4.9.2'. ========
File 'd:/DOPAMS/Toystack/dopams-backend-staging/node_modules/@types/node/package.json' exists according to earlier cached lookups.
Module 'path' was resolved as locally declared ambient module in file 'd:/DOPAMS/Toystack/dopams-backend-staging/node_modules/@types/node/path.d.ts'.
Module 'path' was resolved as locally declared ambient module in file 'd:/DOPAMS/Toystack/dopams-backend-staging/node_modules/@types/node/path.d.ts'.
Module 'path' was resolved as locally declared ambient module in file 'd:/DOPAMS/Toystack/dopams-backend-staging/node_modules/@types/node/path.d.ts'.
Module 'path/posix' was resolved as locally declared ambient module in file 'd:/DOPAMS/Toystack/dopams-backend-staging/node_modules/@types/node/path.d.ts'.
Module 'path/win32' was resolved as locally declared ambient module in file 'd:/DOPAMS/Toystack/dopams-backend-staging/node_modules/@types/node/path.d.ts'.
File 'd:/DOPAMS/Toystack/dopams-backend-staging/node_modules/@types/node/package.json' exists according to earlier cached lookups.
Module 'perf_hooks' was resolved as locally declared ambient module in file 'd:/DOPAMS/Toystack/dopams-backend-staging/node_modules/@types/node/perf_hooks.d.ts'.
Module 'perf_hooks' was resolved as locally declared ambient module in file 'd:/DOPAMS/Toystack/dopams-backend-staging/node_modules/@types/node/perf_hooks.d.ts'.
======== Resolving module 'node:async_hooks' from 'd:/DOPAMS/Toystack/dopams-backend-staging/node_modules/@types/node/perf_hooks.d.ts'. ========
Resolution for module 'node:async_hooks' was found in cache from location 'd:/DOPAMS/Toystack/dopams-backend-staging/node_modules/@types/node'.
======== Module name 'node:async_hooks' was not resolved. ========
File 'd:/DOPAMS/Toystack/dopams-backend-staging/node_modules/@types/node/package.json' exists according to earlier cached lookups.
Module 'process' was resolved as locally declared ambient module in file 'd:/DOPAMS/Toystack/dopams-backend-staging/node_modules/@types/node/process.d.ts'.
Module 'process' was resolved as locally declared ambient module in file 'd:/DOPAMS/Toystack/dopams-backend-staging/node_modules/@types/node/process.d.ts'.
Module 'node:process' was resolved as locally declared ambient module in file 'd:/DOPAMS/Toystack/dopams-backend-staging/node_modules/@types/node/process.d.ts'.
======== Resolving module 'node:child_process' from 'd:/DOPAMS/Toystack/dopams-backend-staging/node_modules/@types/node/process.d.ts'. ========
Resolution for module 'node:child_process' was found in cache from location 'd:/DOPAMS/Toystack/dopams-backend-staging/node_modules/@types/node'.
======== Module name 'node:child_process' was not resolved. ========
======== Resolving module 'node:fs' from 'd:/DOPAMS/Toystack/dopams-backend-staging/node_modules/@types/node/process.d.ts'. ========
Resolution for module 'node:fs' was found in cache from location 'd:/DOPAMS/Toystack/dopams-backend-staging/node_modules/@types/node'.
======== Module name 'node:fs' was not resolved. ========
======== Resolving module 'node:tty' from 'd:/DOPAMS/Toystack/dopams-backend-staging/node_modules/@types/node/process.d.ts'. ========
Explicitly specified module resolution kind: 'Node10'.
'baseUrl' option is set to 'd:/DOPAMS/Toystack/dopams-backend-staging/src', using this value to resolve non-relative module name 'node:tty'.
'paths' option is specified, looking for a pattern to match module name 'node:tty'.
'baseUrl' option is set to 'd:/DOPAMS/Toystack/dopams-backend-staging/src', using this value to resolve non-relative module name 'node:tty'.
Resolving module name 'node:tty' relative to base url 'd:/DOPAMS/Toystack/dopams-backend-staging/src' - 'd:/DOPAMS/Toystack/dopams-backend-staging/src/node:tty'.
Loading module as file / folder, candidate module location 'd:/DOPAMS/Toystack/dopams-backend-staging/src/node:tty', target file types: TypeScript, Declaration.
File 'd:/DOPAMS/Toystack/dopams-backend-staging/src/node:tty.ts' does not exist.
File 'd:/DOPAMS/Toystack/dopams-backend-staging/src/node:tty.tsx' does not exist.
File 'd:/DOPAMS/Toystack/dopams-backend-staging/src/node:tty.d.ts' does not exist.
Directory 'd:/DOPAMS/Toystack/dopams-backend-staging/src/node:tty' does not exist, skipping all lookups in it.
Skipping module 'node:tty' that looks like an absolute URI, target file types: TypeScript, Declaration.
'baseUrl' option is set to 'd:/DOPAMS/Toystack/dopams-backend-staging/src', using this value to resolve non-relative module name 'node:tty'.
'paths' option is specified, looking for a pattern to match module name 'node:tty'.
'baseUrl' option is set to 'd:/DOPAMS/Toystack/dopams-backend-staging/src', using this value to resolve non-relative module name 'node:tty'.
Resolving module name 'node:tty' relative to base url 'd:/DOPAMS/Toystack/dopams-backend-staging/src' - 'd:/DOPAMS/Toystack/dopams-backend-staging/src/node:tty'.
Loading module as file / folder, candidate module location 'd:/DOPAMS/Toystack/dopams-backend-staging/src/node:tty', target file types: JavaScript, JSON.
File 'd:/DOPAMS/Toystack/dopams-backend-staging/src/node:tty.js' does not exist.
File 'd:/DOPAMS/Toystack/dopams-backend-staging/src/node:tty.jsx' does not exist.
Directory 'd:/DOPAMS/Toystack/dopams-backend-staging/src/node:tty' does not exist, skipping all lookups in it.
Skipping module 'node:tty' that looks like an absolute URI, target file types: JavaScript, JSON.
======== Module name 'node:tty' was not resolved. ========
======== Resolving module 'node:worker_threads' from 'd:/DOPAMS/Toystack/dopams-backend-staging/node_modules/@types/node/process.d.ts'. ========
Explicitly specified module resolution kind: 'Node10'.
'baseUrl' option is set to 'd:/DOPAMS/Toystack/dopams-backend-staging/src', using this value to resolve non-relative module name 'node:worker_threads'.
'paths' option is specified, looking for a pattern to match module name 'node:worker_threads'.
'baseUrl' option is set to 'd:/DOPAMS/Toystack/dopams-backend-staging/src', using this value to resolve non-relative module name 'node:worker_threads'.
Resolving module name 'node:worker_threads' relative to base url 'd:/DOPAMS/Toystack/dopams-backend-staging/src' - 'd:/DOPAMS/Toystack/dopams-backend-staging/src/node:worker_threads'.
Loading module as file / folder, candidate module location 'd:/DOPAMS/Toystack/dopams-backend-staging/src/node:worker_threads', target file types: TypeScript, Declaration.
File 'd:/DOPAMS/Toystack/dopams-backend-staging/src/node:worker_threads.ts' does not exist.
File 'd:/DOPAMS/Toystack/dopams-backend-staging/src/node:worker_threads.tsx' does not exist.
File 'd:/DOPAMS/Toystack/dopams-backend-staging/src/node:worker_threads.d.ts' does not exist.
Directory 'd:/DOPAMS/Toystack/dopams-backend-staging/src/node:worker_threads' does not exist, skipping all lookups in it.
Skipping module 'node:worker_threads' that looks like an absolute URI, target file types: TypeScript, Declaration.
'baseUrl' option is set to 'd:/DOPAMS/Toystack/dopams-backend-staging/src', using this value to resolve non-relative module name 'node:worker_threads'.
'paths' option is specified, looking for a pattern to match module name 'node:worker_threads'.
'baseUrl' option is set to 'd:/DOPAMS/Toystack/dopams-backend-staging/src', using this value to resolve non-relative module name 'node:worker_threads'.
Resolving module name 'node:worker_threads' relative to base url 'd:/DOPAMS/Toystack/dopams-backend-staging/src' - 'd:/DOPAMS/Toystack/dopams-backend-staging/src/node:worker_threads'.
Loading module as file / folder, candidate module location 'd:/DOPAMS/Toystack/dopams-backend-staging/src/node:worker_threads', target file types: JavaScript, JSON.
File 'd:/DOPAMS/Toystack/dopams-backend-staging/src/node:worker_threads.js' does not exist.
File 'd:/DOPAMS/Toystack/dopams-backend-staging/src/node:worker_threads.jsx' does not exist.
Directory 'd:/DOPAMS/Toystack/dopams-backend-staging/src/node:worker_threads' does not exist, skipping all lookups in it.
Skipping module 'node:worker_threads' that looks like an absolute URI, target file types: JavaScript, JSON.
======== Module name 'node:worker_threads' was not resolved. ========
======== Resolving module 'assert' from 'd:/DOPAMS/Toystack/dopams-backend-staging/node_modules/@types/node/process.d.ts'. ========
Explicitly specified module resolution kind: 'Node10'.
'baseUrl' option is set to 'd:/DOPAMS/Toystack/dopams-backend-staging/src', using this value to resolve non-relative module name 'assert'.
'paths' option is specified, looking for a pattern to match module name 'assert'.
'baseUrl' option is set to 'd:/DOPAMS/Toystack/dopams-backend-staging/src', using this value to resolve non-relative module name 'assert'.
Resolving module name 'assert' relative to base url 'd:/DOPAMS/Toystack/dopams-backend-staging/src' - 'd:/DOPAMS/Toystack/dopams-backend-staging/src/assert'.
Loading module as file / folder, candidate module location 'd:/DOPAMS/Toystack/dopams-backend-staging/src/assert', target file types: TypeScript, Declaration.
File 'd:/DOPAMS/Toystack/dopams-backend-staging/src/assert.ts' does not exist.
File 'd:/DOPAMS/Toystack/dopams-backend-staging/src/assert.tsx' does not exist.
File 'd:/DOPAMS/Toystack/dopams-backend-staging/src/assert.d.ts' does not exist.
Directory 'd:/DOPAMS/Toystack/dopams-backend-staging/src/assert' does not exist, skipping all lookups in it.
Loading module 'assert' from 'node_modules' folder, target file types: TypeScript, Declaration.
Searching all ancestor node_modules directories for preferred extensions: TypeScript, Declaration.
Directory 'd:/DOPAMS/Toystack/dopams-backend-staging/node_modules/@types/node/node_modules' does not exist, skipping all lookups in it.
Directory 'd:/DOPAMS/Toystack/dopams-backend-staging/node_modules/@types/node_modules' does not exist, skipping all lookups in it.
File 'd:/DOPAMS/Toystack/dopams-backend-staging/node_modules/assert.ts' does not exist.
File 'd:/DOPAMS/Toystack/dopams-backend-staging/node_modules/assert.tsx' does not exist.
File 'd:/DOPAMS/Toystack/dopams-backend-staging/node_modules/assert.d.ts' does not exist.
File 'd:/DOPAMS/Toystack/dopams-backend-staging/node_modules/@types/assert.d.ts' does not exist.
Directory 'd:/DOPAMS/Toystack/node_modules' does not exist, skipping all lookups in it.
Directory 'd:/DOPAMS/node_modules' does not exist, skipping all lookups in it.
Directory 'd:/node_modules' does not exist, skipping all lookups in it.
'baseUrl' option is set to 'd:/DOPAMS/Toystack/dopams-backend-staging/src', using this value to resolve non-relative module name 'assert'.
'paths' option is specified, looking for a pattern to match module name 'assert'.
'baseUrl' option is set to 'd:/DOPAMS/Toystack/dopams-backend-staging/src', using this value to resolve non-relative module name 'assert'.
Resolving module name 'assert' relative to base url 'd:/DOPAMS/Toystack/dopams-backend-staging/src' - 'd:/DOPAMS/Toystack/dopams-backend-staging/src/assert'.
Loading module as file / folder, candidate module location 'd:/DOPAMS/Toystack/dopams-backend-staging/src/assert', target file types: JavaScript, JSON.
File 'd:/DOPAMS/Toystack/dopams-backend-staging/src/assert.js' does not exist.
File 'd:/DOPAMS/Toystack/dopams-backend-staging/src/assert.jsx' does not exist.
Directory 'd:/DOPAMS/Toystack/dopams-backend-staging/src/assert' does not exist, skipping all lookups in it.
Loading module 'assert' from 'node_modules' folder, target file types: JavaScript, JSON.
Searching all ancestor node_modules directories for fallback extensions: JavaScript, JSON.
Directory 'd:/DOPAMS/Toystack/dopams-backend-staging/node_modules/@types/node/node_modules' does not exist, skipping all lookups in it.
Directory 'd:/DOPAMS/Toystack/dopams-backend-staging/node_modules/@types/node_modules' does not exist, skipping all lookups in it.
File 'd:/DOPAMS/Toystack/dopams-backend-staging/node_modules/assert.js' does not exist.
File 'd:/DOPAMS/Toystack/dopams-backend-staging/node_modules/assert.jsx' does not exist.
Directory 'd:/DOPAMS/Toystack/node_modules' does not exist, skipping all lookups in it.
Directory 'd:/DOPAMS/node_modules' does not exist, skipping all lookups in it.
Directory 'd:/node_modules' does not exist, skipping all lookups in it.
======== Module name 'assert' was not resolved. ========
======== Resolving module 'node:assert' from 'd:/DOPAMS/Toystack/dopams-backend-staging/node_modules/@types/node/process.d.ts'. ========
Explicitly specified module resolution kind: 'Node10'.
'baseUrl' option is set to 'd:/DOPAMS/Toystack/dopams-backend-staging/src', using this value to resolve non-relative module name 'node:assert'.
'paths' option is specified, looking for a pattern to match module name 'node:assert'.
'baseUrl' option is set to 'd:/DOPAMS/Toystack/dopams-backend-staging/src', using this value to resolve non-relative module name 'node:assert'.
Resolving module name 'node:assert' relative to base url 'd:/DOPAMS/Toystack/dopams-backend-staging/src' - 'd:/DOPAMS/Toystack/dopams-backend-staging/src/node:assert'.
Loading module as file / folder, candidate module location 'd:/DOPAMS/Toystack/dopams-backend-staging/src/node:assert', target file types: TypeScript, Declaration.
File 'd:/DOPAMS/Toystack/dopams-backend-staging/src/node:assert.ts' does not exist.
File 'd:/DOPAMS/Toystack/dopams-backend-staging/src/node:assert.tsx' does not exist.
File 'd:/DOPAMS/Toystack/dopams-backend-staging/src/node:assert.d.ts' does not exist.
Directory 'd:/DOPAMS/Toystack/dopams-backend-staging/src/node:assert' does not exist, skipping all lookups in it.
Skipping module 'node:assert' that looks like an absolute URI, target file types: TypeScript, Declaration.
'baseUrl' option is set to 'd:/DOPAMS/Toystack/dopams-backend-staging/src', using this value to resolve non-relative module name 'node:assert'.
'paths' option is specified, looking for a pattern to match module name 'node:assert'.
'baseUrl' option is set to 'd:/DOPAMS/Toystack/dopams-backend-staging/src', using this value to resolve non-relative module name 'node:assert'.
Resolving module name 'node:assert' relative to base url 'd:/DOPAMS/Toystack/dopams-backend-staging/src' - 'd:/DOPAMS/Toystack/dopams-backend-staging/src/node:assert'.
Loading module as file / folder, candidate module location 'd:/DOPAMS/Toystack/dopams-backend-staging/src/node:assert', target file types: JavaScript, JSON.
File 'd:/DOPAMS/Toystack/dopams-backend-staging/src/node:assert.js' does not exist.
File 'd:/DOPAMS/Toystack/dopams-backend-staging/src/node:assert.jsx' does not exist.
Directory 'd:/DOPAMS/Toystack/dopams-backend-staging/src/node:assert' does not exist, skipping all lookups in it.
Skipping module 'node:assert' that looks like an absolute URI, target file types: JavaScript, JSON.
======== Module name 'node:assert' was not resolved. ========
======== Resolving module 'assert/strict' from 'd:/DOPAMS/Toystack/dopams-backend-staging/node_modules/@types/node/process.d.ts'. ========
Resolution for module 'assert/strict' was found in cache from location 'd:/DOPAMS/Toystack/dopams-backend-staging/node_modules/@types/node'.
======== Module name 'assert/strict' was not resolved. ========
======== Resolving module 'node:assert/strict' from 'd:/DOPAMS/Toystack/dopams-backend-staging/node_modules/@types/node/process.d.ts'. ========
Explicitly specified module resolution kind: 'Node10'.
'baseUrl' option is set to 'd:/DOPAMS/Toystack/dopams-backend-staging/src', using this value to resolve non-relative module name 'node:assert/strict'.
'paths' option is specified, looking for a pattern to match module name 'node:assert/strict'.
'baseUrl' option is set to 'd:/DOPAMS/Toystack/dopams-backend-staging/src', using this value to resolve non-relative module name 'node:assert/strict'.
Resolving module name 'node:assert/strict' relative to base url 'd:/DOPAMS/Toystack/dopams-backend-staging/src' - 'd:/DOPAMS/Toystack/dopams-backend-staging/src/node:assert/strict'.
Loading module as file / folder, candidate module location 'd:/DOPAMS/Toystack/dopams-backend-staging/src/node:assert/strict', target file types: TypeScript, Declaration.
Skipping module 'node:assert/strict' that looks like an absolute URI, target file types: TypeScript, Declaration.
'baseUrl' option is set to 'd:/DOPAMS/Toystack/dopams-backend-staging/src', using this value to resolve non-relative module name 'node:assert/strict'.
'paths' option is specified, looking for a pattern to match module name 'node:assert/strict'.
'baseUrl' option is set to 'd:/DOPAMS/Toystack/dopams-backend-staging/src', using this value to resolve non-relative module name 'node:assert/strict'.
Resolving module name 'node:assert/strict' relative to base url 'd:/DOPAMS/Toystack/dopams-backend-staging/src' - 'd:/DOPAMS/Toystack/dopams-backend-staging/src/node:assert/strict'.
Loading module as file / folder, candidate module location 'd:/DOPAMS/Toystack/dopams-backend-staging/src/node:assert/strict', target file types: JavaScript, JSON.
Skipping module 'node:assert/strict' that looks like an absolute URI, target file types: JavaScript, JSON.
======== Module name 'node:assert/strict' was not resolved. ========
======== Resolving module 'async_hooks' from 'd:/DOPAMS/Toystack/dopams-backend-staging/node_modules/@types/node/process.d.ts'. ========
Explicitly specified module resolution kind: 'Node10'.
'baseUrl' option is set to 'd:/DOPAMS/Toystack/dopams-backend-staging/src', using this value to resolve non-relative module name 'async_hooks'.
'paths' option is specified, looking for a pattern to match module name 'async_hooks'.
'baseUrl' option is set to 'd:/DOPAMS/Toystack/dopams-backend-staging/src', using this value to resolve non-relative module name 'async_hooks'.
Resolving module name 'async_hooks' relative to base url 'd:/DOPAMS/Toystack/dopams-backend-staging/src' - 'd:/DOPAMS/Toystack/dopams-backend-staging/src/async_hooks'.
Loading module as file / folder, candidate module location 'd:/DOPAMS/Toystack/dopams-backend-staging/src/async_hooks', target file types: TypeScript, Declaration.
File 'd:/DOPAMS/Toystack/dopams-backend-staging/src/async_hooks.ts' does not exist.
File 'd:/DOPAMS/Toystack/dopams-backend-staging/src/async_hooks.tsx' does not exist.
File 'd:/DOPAMS/Toystack/dopams-backend-staging/src/async_hooks.d.ts' does not exist.
Directory 'd:/DOPAMS/Toystack/dopams-backend-staging/src/async_hooks' does not exist, skipping all lookups in it.
Loading module 'async_hooks' from 'node_modules' folder, target file types: TypeScript, Declaration.
Searching all ancestor node_modules directories for preferred extensions: TypeScript, Declaration.
Directory 'd:/DOPAMS/Toystack/dopams-backend-staging/node_modules/@types/node/node_modules' does not exist, skipping all lookups in it.
Directory 'd:/DOPAMS/Toystack/dopams-backend-staging/node_modules/@types/node_modules' does not exist, skipping all lookups in it.
File 'd:/DOPAMS/Toystack/dopams-backend-staging/node_modules/async_hooks.ts' does not exist.
File 'd:/DOPAMS/Toystack/dopams-backend-staging/node_modules/async_hooks.tsx' does not exist.
File 'd:/DOPAMS/Toystack/dopams-backend-staging/node_modules/async_hooks.d.ts' does not exist.
File 'd:/DOPAMS/Toystack/dopams-backend-staging/node_modules/@types/async_hooks.d.ts' does not exist.
Directory 'd:/DOPAMS/Toystack/node_modules' does not exist, skipping all lookups in it.
Directory 'd:/DOPAMS/node_modules' does not exist, skipping all lookups in it.
Directory 'd:/node_modules' does not exist, skipping all lookups in it.
'baseUrl' option is set to 'd:/DOPAMS/Toystack/dopams-backend-staging/src', using this value to resolve non-relative module name 'async_hooks'.
'paths' option is specified, looking for a pattern to match module name 'async_hooks'.
'baseUrl' option is set to 'd:/DOPAMS/Toystack/dopams-backend-staging/src', using this value to resolve non-relative module name 'async_hooks'.
Resolving module name 'async_hooks' relative to base url 'd:/DOPAMS/Toystack/dopams-backend-staging/src' - 'd:/DOPAMS/Toystack/dopams-backend-staging/src/async_hooks'.
Loading module as file / folder, candidate module location 'd:/DOPAMS/Toystack/dopams-backend-staging/src/async_hooks', target file types: JavaScript, JSON.
File 'd:/DOPAMS/Toystack/dopams-backend-staging/src/async_hooks.js' does not exist.
File 'd:/DOPAMS/Toystack/dopams-backend-staging/src/async_hooks.jsx' does not exist.
Directory 'd:/DOPAMS/Toystack/dopams-backend-staging/src/async_hooks' does not exist, skipping all lookups in it.
Loading module 'async_hooks' from 'node_modules' folder, target file types: JavaScript, JSON.
Searching all ancestor node_modules directories for fallback extensions: JavaScript, JSON.
Directory 'd:/DOPAMS/Toystack/dopams-backend-staging/node_modules/@types/node/node_modules' does not exist, skipping all lookups in it.
Directory 'd:/DOPAMS/Toystack/dopams-backend-staging/node_modules/@types/node_modules' does not exist, skipping all lookups in it.
File 'd:/DOPAMS/Toystack/dopams-backend-staging/node_modules/async_hooks.js' does not exist.
File 'd:/DOPAMS/Toystack/dopams-backend-staging/node_modules/async_hooks.jsx' does not exist.
Directory 'd:/DOPAMS/Toystack/node_modules' does not exist, skipping all lookups in it.
Directory 'd:/DOPAMS/node_modules' does not exist, skipping all lookups in it.
Directory 'd:/node_modules' does not exist, skipping all lookups in it.
======== Module name 'async_hooks' was not resolved. ========
======== Resolving module 'node:async_hooks' from 'd:/DOPAMS/Toystack/dopams-backend-staging/node_modules/@types/node/process.d.ts'. ========
Resolution for module 'node:async_hooks' was found in cache from location 'd:/DOPAMS/Toystack/dopams-backend-staging/node_modules/@types/node'.
======== Module name 'node:async_hooks' was not resolved. ========
======== Resolving module 'buffer' from 'd:/DOPAMS/Toystack/dopams-backend-staging/node_modules/@types/node/process.d.ts'. ========
Resolution for module 'buffer' was found in cache from location 'd:/DOPAMS/Toystack/dopams-backend-staging/node_modules/@types/node'.
======== Module name 'buffer' was successfully resolved to 'd:/DOPAMS/Toystack/dopams-backend-staging/node_modules/buffer/index.js' with Package ID 'buffer/index.js@4.9.2'. ========
======== Resolving module 'node:buffer' from 'd:/DOPAMS/Toystack/dopams-backend-staging/node_modules/@types/node/process.d.ts'. ========
Resolution for module 'node:buffer' was found in cache from location 'd:/DOPAMS/Toystack/dopams-backend-staging/node_modules/@types/node'.
======== Module name 'node:buffer' was not resolved. ========
======== Resolving module 'child_process' from 'd:/DOPAMS/Toystack/dopams-backend-staging/node_modules/@types/node/process.d.ts'. ========
Explicitly specified module resolution kind: 'Node10'.
'baseUrl' option is set to 'd:/DOPAMS/Toystack/dopams-backend-staging/src', using this value to resolve non-relative module name 'child_process'.
'paths' option is specified, looking for a pattern to match module name 'child_process'.
'baseUrl' option is set to 'd:/DOPAMS/Toystack/dopams-backend-staging/src', using this value to resolve non-relative module name 'child_process'.
Resolving module name 'child_process' relative to base url 'd:/DOPAMS/Toystack/dopams-backend-staging/src' - 'd:/DOPAMS/Toystack/dopams-backend-staging/src/child_process'.
Loading module as file / folder, candidate module location 'd:/DOPAMS/Toystack/dopams-backend-staging/src/child_process', target file types: TypeScript, Declaration.
File 'd:/DOPAMS/Toystack/dopams-backend-staging/src/child_process.ts' does not exist.
File 'd:/DOPAMS/Toystack/dopams-backend-staging/src/child_process.tsx' does not exist.
File 'd:/DOPAMS/Toystack/dopams-backend-staging/src/child_process.d.ts' does not exist.
Directory 'd:/DOPAMS/Toystack/dopams-backend-staging/src/child_process' does not exist, skipping all lookups in it.
Loading module 'child_process' from 'node_modules' folder, target file types: TypeScript, Declaration.
Searching all ancestor node_modules directories for preferred extensions: TypeScript, Declaration.
Directory 'd:/DOPAMS/Toystack/dopams-backend-staging/node_modules/@types/node/node_modules' does not exist, skipping all lookups in it.
Directory 'd:/DOPAMS/Toystack/dopams-backend-staging/node_modules/@types/node_modules' does not exist, skipping all lookups in it.
File 'd:/DOPAMS/Toystack/dopams-backend-staging/node_modules/child_process.ts' does not exist.
File 'd:/DOPAMS/Toystack/dopams-backend-staging/node_modules/child_process.tsx' does not exist.
File 'd:/DOPAMS/Toystack/dopams-backend-staging/node_modules/child_process.d.ts' does not exist.
File 'd:/DOPAMS/Toystack/dopams-backend-staging/node_modules/@types/child_process.d.ts' does not exist.
Directory 'd:/DOPAMS/Toystack/node_modules' does not exist, skipping all lookups in it.
Directory 'd:/DOPAMS/node_modules' does not exist, skipping all lookups in it.
Directory 'd:/node_modules' does not exist, skipping all lookups in it.
'baseUrl' option is set to 'd:/DOPAMS/Toystack/dopams-backend-staging/src', using this value to resolve non-relative module name 'child_process'.
'paths' option is specified, looking for a pattern to match module name 'child_process'.
'baseUrl' option is set to 'd:/DOPAMS/Toystack/dopams-backend-staging/src', using this value to resolve non-relative module name 'child_process'.
Resolving module name 'child_process' relative to base url 'd:/DOPAMS/Toystack/dopams-backend-staging/src' - 'd:/DOPAMS/Toystack/dopams-backend-staging/src/child_process'.
Loading module as file / folder, candidate module location 'd:/DOPAMS/Toystack/dopams-backend-staging/src/child_process', target file types: JavaScript, JSON.
File 'd:/DOPAMS/Toystack/dopams-backend-staging/src/child_process.js' does not exist.
File 'd:/DOPAMS/Toystack/dopams-backend-staging/src/child_process.jsx' does not exist.
Directory 'd:/DOPAMS/Toystack/dopams-backend-staging/src/child_process' does not exist, skipping all lookups in it.
Loading module 'child_process' from 'node_modules' folder, target file types: JavaScript, JSON.
Searching all ancestor node_modules directories for fallback extensions: JavaScript, JSON.
Directory 'd:/DOPAMS/Toystack/dopams-backend-staging/node_modules/@types/node/node_modules' does not exist, skipping all lookups in it.
Directory 'd:/DOPAMS/Toystack/dopams-backend-staging/node_modules/@types/node_modules' does not exist, skipping all lookups in it.
File 'd:/DOPAMS/Toystack/dopams-backend-staging/node_modules/child_process.js' does not exist.
File 'd:/DOPAMS/Toystack/dopams-backend-staging/node_modules/child_process.jsx' does not exist.
Directory 'd:/DOPAMS/Toystack/node_modules' does not exist, skipping all lookups in it.
Directory 'd:/DOPAMS/node_modules' does not exist, skipping all lookups in it.
Directory 'd:/node_modules' does not exist, skipping all lookups in it.
======== Module name 'child_process' was not resolved. ========
======== Resolving module 'cluster' from 'd:/DOPAMS/Toystack/dopams-backend-staging/node_modules/@types/node/process.d.ts'. ========
Explicitly specified module resolution kind: 'Node10'.
'baseUrl' option is set to 'd:/DOPAMS/Toystack/dopams-backend-staging/src', using this value to resolve non-relative module name 'cluster'.
'paths' option is specified, looking for a pattern to match module name 'cluster'.
'baseUrl' option is set to 'd:/DOPAMS/Toystack/dopams-backend-staging/src', using this value to resolve non-relative module name 'cluster'.
Resolving module name 'cluster' relative to base url 'd:/DOPAMS/Toystack/dopams-backend-staging/src' - 'd:/DOPAMS/Toystack/dopams-backend-staging/src/cluster'.
Loading module as file / folder, candidate module location 'd:/DOPAMS/Toystack/dopams-backend-staging/src/cluster', target file types: TypeScript, Declaration.
File 'd:/DOPAMS/Toystack/dopams-backend-staging/src/cluster.ts' does not exist.
File 'd:/DOPAMS/Toystack/dopams-backend-staging/src/cluster.tsx' does not exist.
File 'd:/DOPAMS/Toystack/dopams-backend-staging/src/cluster.d.ts' does not exist.
Directory 'd:/DOPAMS/Toystack/dopams-backend-staging/src/cluster' does not exist, skipping all lookups in it.
Loading module 'cluster' from 'node_modules' folder, target file types: TypeScript, Declaration.
Searching all ancestor node_modules directories for preferred extensions: TypeScript, Declaration.
Directory 'd:/DOPAMS/Toystack/dopams-backend-staging/node_modules/@types/node/node_modules' does not exist, skipping all lookups in it.
Directory 'd:/DOPAMS/Toystack/dopams-backend-staging/node_modules/@types/node_modules' does not exist, skipping all lookups in it.
File 'd:/DOPAMS/Toystack/dopams-backend-staging/node_modules/cluster.ts' does not exist.
File 'd:/DOPAMS/Toystack/dopams-backend-staging/node_modules/cluster.tsx' does not exist.
File 'd:/DOPAMS/Toystack/dopams-backend-staging/node_modules/cluster.d.ts' does not exist.
File 'd:/DOPAMS/Toystack/dopams-backend-staging/node_modules/@types/cluster.d.ts' does not exist.
Directory 'd:/DOPAMS/Toystack/node_modules' does not exist, skipping all lookups in it.
Directory 'd:/DOPAMS/node_modules' does not exist, skipping all lookups in it.
Directory 'd:/node_modules' does not exist, skipping all lookups in it.
'baseUrl' option is set to 'd:/DOPAMS/Toystack/dopams-backend-staging/src', using this value to resolve non-relative module name 'cluster'.
'paths' option is specified, looking for a pattern to match module name 'cluster'.
'baseUrl' option is set to 'd:/DOPAMS/Toystack/dopams-backend-staging/src', using this value to resolve non-relative module name 'cluster'.
Resolving module name 'cluster' relative to base url 'd:/DOPAMS/Toystack/dopams-backend-staging/src' - 'd:/DOPAMS/Toystack/dopams-backend-staging/src/cluster'.
Loading module as file / folder, candidate module location 'd:/DOPAMS/Toystack/dopams-backend-staging/src/cluster', target file types: JavaScript, JSON.
File 'd:/DOPAMS/Toystack/dopams-backend-staging/src/cluster.js' does not exist.
File 'd:/DOPAMS/Toystack/dopams-backend-staging/src/cluster.jsx' does not exist.
Directory 'd:/DOPAMS/Toystack/dopams-backend-staging/src/cluster' does not exist, skipping all lookups in it.
Loading module 'cluster' from 'node_modules' folder, target file types: JavaScript, JSON.
Searching all ancestor node_modules directories for fallback extensions: JavaScript, JSON.
Directory 'd:/DOPAMS/Toystack/dopams-backend-staging/node_modules/@types/node/node_modules' does not exist, skipping all lookups in it.
Directory 'd:/DOPAMS/Toystack/dopams-backend-staging/node_modules/@types/node_modules' does not exist, skipping all lookups in it.
File 'd:/DOPAMS/Toystack/dopams-backend-staging/node_modules/cluster.js' does not exist.
File 'd:/DOPAMS/Toystack/dopams-backend-staging/node_modules/cluster.jsx' does not exist.
Directory 'd:/DOPAMS/Toystack/node_modules' does not exist, skipping all lookups in it.
Directory 'd:/DOPAMS/node_modules' does not exist, skipping all lookups in it.
Directory 'd:/node_modules' does not exist, skipping all lookups in it.
======== Module name 'cluster' was not resolved. ========
======== Resolving module 'node:cluster' from 'd:/DOPAMS/Toystack/dopams-backend-staging/node_modules/@types/node/process.d.ts'. ========
Explicitly specified module resolution kind: 'Node10'.
'baseUrl' option is set to 'd:/DOPAMS/Toystack/dopams-backend-staging/src', using this value to resolve non-relative module name 'node:cluster'.
'paths' option is specified, looking for a pattern to match module name 'node:cluster'.
'baseUrl' option is set to 'd:/DOPAMS/Toystack/dopams-backend-staging/src', using this value to resolve non-relative module name 'node:cluster'.
Resolving module name 'node:cluster' relative to base url 'd:/DOPAMS/Toystack/dopams-backend-staging/src' - 'd:/DOPAMS/Toystack/dopams-backend-staging/src/node:cluster'.
Loading module as file / folder, candidate module location 'd:/DOPAMS/Toystack/dopams-backend-staging/src/node:cluster', target file types: TypeScript, Declaration.
File 'd:/DOPAMS/Toystack/dopams-backend-staging/src/node:cluster.ts' does not exist.
File 'd:/DOPAMS/Toystack/dopams-backend-staging/src/node:cluster.tsx' does not exist.
File 'd:/DOPAMS/Toystack/dopams-backend-staging/src/node:cluster.d.ts' does not exist.
Directory 'd:/DOPAMS/Toystack/dopams-backend-staging/src/node:cluster' does not exist, skipping all lookups in it.
Skipping module 'node:cluster' that looks like an absolute URI, target file types: TypeScript, Declaration.
'baseUrl' option is set to 'd:/DOPAMS/Toystack/dopams-backend-staging/src', using this value to resolve non-relative module name 'node:cluster'.
'paths' option is specified, looking for a pattern to match module name 'node:cluster'.
'baseUrl' option is set to 'd:/DOPAMS/Toystack/dopams-backend-staging/src', using this value to resolve non-relative module name 'node:cluster'.
Resolving module name 'node:cluster' relative to base url 'd:/DOPAMS/Toystack/dopams-backend-staging/src' - 'd:/DOPAMS/Toystack/dopams-backend-staging/src/node:cluster'.
Loading module as file / folder, candidate module location 'd:/DOPAMS/Toystack/dopams-backend-staging/src/node:cluster', target file types: JavaScript, JSON.
File 'd:/DOPAMS/Toystack/dopams-backend-staging/src/node:cluster.js' does not exist.
File 'd:/DOPAMS/Toystack/dopams-backend-staging/src/node:cluster.jsx' does not exist.
Directory 'd:/DOPAMS/Toystack/dopams-backend-staging/src/node:cluster' does not exist, skipping all lookups in it.
Skipping module 'node:cluster' that looks like an absolute URI, target file types: JavaScript, JSON.
======== Module name 'node:cluster' was not resolved. ========
======== Resolving module 'console' from 'd:/DOPAMS/Toystack/dopams-backend-staging/node_modules/@types/node/process.d.ts'. ========
Explicitly specified module resolution kind: 'Node10'.
'baseUrl' option is set to 'd:/DOPAMS/Toystack/dopams-backend-staging/src', using this value to resolve non-relative module name 'console'.
'paths' option is specified, looking for a pattern to match module name 'console'.
'baseUrl' option is set to 'd:/DOPAMS/Toystack/dopams-backend-staging/src', using this value to resolve non-relative module name 'console'.
Resolving module name 'console' relative to base url 'd:/DOPAMS/Toystack/dopams-backend-staging/src' - 'd:/DOPAMS/Toystack/dopams-backend-staging/src/console'.
Loading module as file / folder, candidate module location 'd:/DOPAMS/Toystack/dopams-backend-staging/src/console', target file types: TypeScript, Declaration.
File 'd:/DOPAMS/Toystack/dopams-backend-staging/src/console.ts' does not exist.
File 'd:/DOPAMS/Toystack/dopams-backend-staging/src/console.tsx' does not exist.
File 'd:/DOPAMS/Toystack/dopams-backend-staging/src/console.d.ts' does not exist.
Directory 'd:/DOPAMS/Toystack/dopams-backend-staging/src/console' does not exist, skipping all lookups in it.
Loading module 'console' from 'node_modules' folder, target file types: TypeScript, Declaration.
Searching all ancestor node_modules directories for preferred extensions: TypeScript, Declaration.
Directory 'd:/DOPAMS/Toystack/dopams-backend-staging/node_modules/@types/node/node_modules' does not exist, skipping all lookups in it.
Directory 'd:/DOPAMS/Toystack/dopams-backend-staging/node_modules/@types/node_modules' does not exist, skipping all lookups in it.
File 'd:/DOPAMS/Toystack/dopams-backend-staging/node_modules/console.ts' does not exist.
File 'd:/DOPAMS/Toystack/dopams-backend-staging/node_modules/console.tsx' does not exist.
File 'd:/DOPAMS/Toystack/dopams-backend-staging/node_modules/console.d.ts' does not exist.
File 'd:/DOPAMS/Toystack/dopams-backend-staging/node_modules/@types/console.d.ts' does not exist.
Directory 'd:/DOPAMS/Toystack/node_modules' does not exist, skipping all lookups in it.
Directory 'd:/DOPAMS/node_modules' does not exist, skipping all lookups in it.
Directory 'd:/node_modules' does not exist, skipping all lookups in it.
'baseUrl' option is set to 'd:/DOPAMS/Toystack/dopams-backend-staging/src', using this value to resolve non-relative module name 'console'.
'paths' option is specified, looking for a pattern to match module name 'console'.
'baseUrl' option is set to 'd:/DOPAMS/Toystack/dopams-backend-staging/src', using this value to resolve non-relative module name 'console'.
Resolving module name 'console' relative to base url 'd:/DOPAMS/Toystack/dopams-backend-staging/src' - 'd:/DOPAMS/Toystack/dopams-backend-staging/src/console'.
Loading module as file / folder, candidate module location 'd:/DOPAMS/Toystack/dopams-backend-staging/src/console', target file types: JavaScript, JSON.
File 'd:/DOPAMS/Toystack/dopams-backend-staging/src/console.js' does not exist.
File 'd:/DOPAMS/Toystack/dopams-backend-staging/src/console.jsx' does not exist.
Directory 'd:/DOPAMS/Toystack/dopams-backend-staging/src/console' does not exist, skipping all lookups in it.
Loading module 'console' from 'node_modules' folder, target file types: JavaScript, JSON.
Searching all ancestor node_modules directories for fallback extensions: JavaScript, JSON.
Directory 'd:/DOPAMS/Toystack/dopams-backend-staging/node_modules/@types/node/node_modules' does not exist, skipping all lookups in it.
Directory 'd:/DOPAMS/Toystack/dopams-backend-staging/node_modules/@types/node_modules' does not exist, skipping all lookups in it.
File 'd:/DOPAMS/Toystack/dopams-backend-staging/node_modules/console.js' does not exist.
File 'd:/DOPAMS/Toystack/dopams-backend-staging/node_modules/console.jsx' does not exist.
Directory 'd:/DOPAMS/Toystack/node_modules' does not exist, skipping all lookups in it.
Directory 'd:/DOPAMS/node_modules' does not exist, skipping all lookups in it.
Directory 'd:/node_modules' does not exist, skipping all lookups in it.
======== Module name 'console' was not resolved. ========
======== Resolving module 'node:console' from 'd:/DOPAMS/Toystack/dopams-backend-staging/node_modules/@types/node/process.d.ts'. ========
Explicitly specified module resolution kind: 'Node10'.
'baseUrl' option is set to 'd:/DOPAMS/Toystack/dopams-backend-staging/src', using this value to resolve non-relative module name 'node:console'.
'paths' option is specified, looking for a pattern to match module name 'node:console'.
'baseUrl' option is set to 'd:/DOPAMS/Toystack/dopams-backend-staging/src', using this value to resolve non-relative module name 'node:console'.
Resolving module name 'node:console' relative to base url 'd:/DOPAMS/Toystack/dopams-backend-staging/src' - 'd:/DOPAMS/Toystack/dopams-backend-staging/src/node:console'.
Loading module as file / folder, candidate module location 'd:/DOPAMS/Toystack/dopams-backend-staging/src/node:console', target file types: TypeScript, Declaration.
File 'd:/DOPAMS/Toystack/dopams-backend-staging/src/node:console.ts' does not exist.
File 'd:/DOPAMS/Toystack/dopams-backend-staging/src/node:console.tsx' does not exist.
File 'd:/DOPAMS/Toystack/dopams-backend-staging/src/node:console.d.ts' does not exist.
Directory 'd:/DOPAMS/Toystack/dopams-backend-staging/src/node:console' does not exist, skipping all lookups in it.
Skipping module 'node:console' that looks like an absolute URI, target file types: TypeScript, Declaration.
'baseUrl' option is set to 'd:/DOPAMS/Toystack/dopams-backend-staging/src', using this value to resolve non-relative module name 'node:console'.
'paths' option is specified, looking for a pattern to match module name 'node:console'.
'baseUrl' option is set to 'd:/DOPAMS/Toystack/dopams-backend-staging/src', using this value to resolve non-relative module name 'node:console'.
Resolving module name 'node:console' relative to base url 'd:/DOPAMS/Toystack/dopams-backend-staging/src' - 'd:/DOPAMS/Toystack/dopams-backend-staging/src/node:console'.
Loading module as file / folder, candidate module location 'd:/DOPAMS/Toystack/dopams-backend-staging/src/node:console', target file types: JavaScript, JSON.
File 'd:/DOPAMS/Toystack/dopams-backend-staging/src/node:console.js' does not exist.
File 'd:/DOPAMS/Toystack/dopams-backend-staging/src/node:console.jsx' does not exist.
Directory 'd:/DOPAMS/Toystack/dopams-backend-staging/src/node:console' does not exist, skipping all lookups in it.
Skipping module 'node:console' that looks like an absolute URI, target file types: JavaScript, JSON.
======== Module name 'node:console' was not resolved. ========
======== Resolving module 'constants' from 'd:/DOPAMS/Toystack/dopams-backend-staging/node_modules/@types/node/process.d.ts'. ========
Explicitly specified module resolution kind: 'Node10'.
'baseUrl' option is set to 'd:/DOPAMS/Toystack/dopams-backend-staging/src', using this value to resolve non-relative module name 'constants'.
'paths' option is specified, looking for a pattern to match module name 'constants'.
'baseUrl' option is set to 'd:/DOPAMS/Toystack/dopams-backend-staging/src', using this value to resolve non-relative module name 'constants'.
Resolving module name 'constants' relative to base url 'd:/DOPAMS/Toystack/dopams-backend-staging/src' - 'd:/DOPAMS/Toystack/dopams-backend-staging/src/constants'.
Loading module as file / folder, candidate module location 'd:/DOPAMS/Toystack/dopams-backend-staging/src/constants', target file types: TypeScript, Declaration.
File 'd:/DOPAMS/Toystack/dopams-backend-staging/src/constants.ts' does not exist.
File 'd:/DOPAMS/Toystack/dopams-backend-staging/src/constants.tsx' does not exist.
File 'd:/DOPAMS/Toystack/dopams-backend-staging/src/constants.d.ts' does not exist.
Directory 'd:/DOPAMS/Toystack/dopams-backend-staging/src/constants' does not exist, skipping all lookups in it.
Loading module 'constants' from 'node_modules' folder, target file types: TypeScript, Declaration.
Searching all ancestor node_modules directories for preferred extensions: TypeScript, Declaration.
Directory 'd:/DOPAMS/Toystack/dopams-backend-staging/node_modules/@types/node/node_modules' does not exist, skipping all lookups in it.
Directory 'd:/DOPAMS/Toystack/dopams-backend-staging/node_modules/@types/node_modules' does not exist, skipping all lookups in it.
File 'd:/DOPAMS/Toystack/dopams-backend-staging/node_modules/constants.ts' does not exist.
File 'd:/DOPAMS/Toystack/dopams-backend-staging/node_modules/constants.tsx' does not exist.
File 'd:/DOPAMS/Toystack/dopams-backend-staging/node_modules/constants.d.ts' does not exist.
File 'd:/DOPAMS/Toystack/dopams-backend-staging/node_modules/@types/constants.d.ts' does not exist.
Directory 'd:/DOPAMS/Toystack/node_modules' does not exist, skipping all lookups in it.
Directory 'd:/DOPAMS/node_modules' does not exist, skipping all lookups in it.
Directory 'd:/node_modules' does not exist, skipping all lookups in it.
'baseUrl' option is set to 'd:/DOPAMS/Toystack/dopams-backend-staging/src', using this value to resolve non-relative module name 'constants'.
'paths' option is specified, looking for a pattern to match module name 'constants'.
'baseUrl' option is set to 'd:/DOPAMS/Toystack/dopams-backend-staging/src', using this value to resolve non-relative module name 'constants'.
Resolving module name 'constants' relative to base url 'd:/DOPAMS/Toystack/dopams-backend-staging/src' - 'd:/DOPAMS/Toystack/dopams-backend-staging/src/constants'.
Loading module as file / folder, candidate module location 'd:/DOPAMS/Toystack/dopams-backend-staging/src/constants', target file types: JavaScript, JSON.
File 'd:/DOPAMS/Toystack/dopams-backend-staging/src/constants.js' does not exist.
File 'd:/DOPAMS/Toystack/dopams-backend-staging/src/constants.jsx' does not exist.
Directory 'd:/DOPAMS/Toystack/dopams-backend-staging/src/constants' does not exist, skipping all lookups in it.
Loading module 'constants' from 'node_modules' folder, target file types: JavaScript, JSON.
Searching all ancestor node_modules directories for fallback extensions: JavaScript, JSON.
Directory 'd:/DOPAMS/Toystack/dopams-backend-staging/node_modules/@types/node/node_modules' does not exist, skipping all lookups in it.
Directory 'd:/DOPAMS/Toystack/dopams-backend-staging/node_modules/@types/node_modules' does not exist, skipping all lookups in it.
File 'd:/DOPAMS/Toystack/dopams-backend-staging/node_modules/constants.js' does not exist.
File 'd:/DOPAMS/Toystack/dopams-backend-staging/node_modules/constants.jsx' does not exist.
Directory 'd:/DOPAMS/Toystack/node_modules' does not exist, skipping all lookups in it.
Directory 'd:/DOPAMS/node_modules' does not exist, skipping all lookups in it.
Directory 'd:/node_modules' does not exist, skipping all lookups in it.
======== Module name 'constants' was not resolved. ========
======== Resolving module 'node:constants' from 'd:/DOPAMS/Toystack/dopams-backend-staging/node_modules/@types/node/process.d.ts'. ========
Explicitly specified module resolution kind: 'Node10'.
'baseUrl' option is set to 'd:/DOPAMS/Toystack/dopams-backend-staging/src', using this value to resolve non-relative module name 'node:constants'.
'paths' option is specified, looking for a pattern to match module name 'node:constants'.
'baseUrl' option is set to 'd:/DOPAMS/Toystack/dopams-backend-staging/src', using this value to resolve non-relative module name 'node:constants'.
Resolving module name 'node:constants' relative to base url 'd:/DOPAMS/Toystack/dopams-backend-staging/src' - 'd:/DOPAMS/Toystack/dopams-backend-staging/src/node:constants'.
Loading module as file / folder, candidate module location 'd:/DOPAMS/Toystack/dopams-backend-staging/src/node:constants', target file types: TypeScript, Declaration.
File 'd:/DOPAMS/Toystack/dopams-backend-staging/src/node:constants.ts' does not exist.
File 'd:/DOPAMS/Toystack/dopams-backend-staging/src/node:constants.tsx' does not exist.
File 'd:/DOPAMS/Toystack/dopams-backend-staging/src/node:constants.d.ts' does not exist.
Directory 'd:/DOPAMS/Toystack/dopams-backend-staging/src/node:constants' does not exist, skipping all lookups in it.
Skipping module 'node:constants' that looks like an absolute URI, target file types: TypeScript, Declaration.
'baseUrl' option is set to 'd:/DOPAMS/Toystack/dopams-backend-staging/src', using this value to resolve non-relative module name 'node:constants'.
'paths' option is specified, looking for a pattern to match module name 'node:constants'.
'baseUrl' option is set to 'd:/DOPAMS/Toystack/dopams-backend-staging/src', using this value to resolve non-relative module name 'node:constants'.
Resolving module name 'node:constants' relative to base url 'd:/DOPAMS/Toystack/dopams-backend-staging/src' - 'd:/DOPAMS/Toystack/dopams-backend-staging/src/node:constants'.
Loading module as file / folder, candidate module location 'd:/DOPAMS/Toystack/dopams-backend-staging/src/node:constants', target file types: JavaScript, JSON.
File 'd:/DOPAMS/Toystack/dopams-backend-staging/src/node:constants.js' does not exist.
File 'd:/DOPAMS/Toystack/dopams-backend-staging/src/node:constants.jsx' does not exist.
Directory 'd:/DOPAMS/Toystack/dopams-backend-staging/src/node:constants' does not exist, skipping all lookups in it.
Skipping module 'node:constants' that looks like an absolute URI, target file types: JavaScript, JSON.
======== Module name 'node:constants' was not resolved. ========
======== Resolving module 'crypto' from 'd:/DOPAMS/Toystack/dopams-backend-staging/node_modules/@types/node/process.d.ts'. ========
Explicitly specified module resolution kind: 'Node10'.
'baseUrl' option is set to 'd:/DOPAMS/Toystack/dopams-backend-staging/src', using this value to resolve non-relative module name 'crypto'.
'paths' option is specified, looking for a pattern to match module name 'crypto'.
'baseUrl' option is set to 'd:/DOPAMS/Toystack/dopams-backend-staging/src', using this value to resolve non-relative module name 'crypto'.
Resolving module name 'crypto' relative to base url 'd:/DOPAMS/Toystack/dopams-backend-staging/src' - 'd:/DOPAMS/Toystack/dopams-backend-staging/src/crypto'.
Loading module as file / folder, candidate module location 'd:/DOPAMS/Toystack/dopams-backend-staging/src/crypto', target file types: TypeScript, Declaration.
File 'd:/DOPAMS/Toystack/dopams-backend-staging/src/crypto.ts' does not exist.
File 'd:/DOPAMS/Toystack/dopams-backend-staging/src/crypto.tsx' does not exist.
File 'd:/DOPAMS/Toystack/dopams-backend-staging/src/crypto.d.ts' does not exist.
Directory 'd:/DOPAMS/Toystack/dopams-backend-staging/src/crypto' does not exist, skipping all lookups in it.
Loading module 'crypto' from 'node_modules' folder, target file types: TypeScript, Declaration.
Searching all ancestor node_modules directories for preferred extensions: TypeScript, Declaration.
Directory 'd:/DOPAMS/Toystack/dopams-backend-staging/node_modules/@types/node/node_modules' does not exist, skipping all lookups in it.
Directory 'd:/DOPAMS/Toystack/dopams-backend-staging/node_modules/@types/node_modules' does not exist, skipping all lookups in it.
File 'd:/DOPAMS/Toystack/dopams-backend-staging/node_modules/crypto.ts' does not exist.
File 'd:/DOPAMS/Toystack/dopams-backend-staging/node_modules/crypto.tsx' does not exist.
File 'd:/DOPAMS/Toystack/dopams-backend-staging/node_modules/crypto.d.ts' does not exist.
File 'd:/DOPAMS/Toystack/dopams-backend-staging/node_modules/@types/crypto.d.ts' does not exist.
Directory 'd:/DOPAMS/Toystack/node_modules' does not exist, skipping all lookups in it.
Directory 'd:/DOPAMS/node_modules' does not exist, skipping all lookups in it.
Directory 'd:/node_modules' does not exist, skipping all lookups in it.
'baseUrl' option is set to 'd:/DOPAMS/Toystack/dopams-backend-staging/src', using this value to resolve non-relative module name 'crypto'.
'paths' option is specified, looking for a pattern to match module name 'crypto'.
'baseUrl' option is set to 'd:/DOPAMS/Toystack/dopams-backend-staging/src', using this value to resolve non-relative module name 'crypto'.
Resolving module name 'crypto' relative to base url 'd:/DOPAMS/Toystack/dopams-backend-staging/src' - 'd:/DOPAMS/Toystack/dopams-backend-staging/src/crypto'.
Loading module as file / folder, candidate module location 'd:/DOPAMS/Toystack/dopams-backend-staging/src/crypto', target file types: JavaScript, JSON.
File 'd:/DOPAMS/Toystack/dopams-backend-staging/src/crypto.js' does not exist.
File 'd:/DOPAMS/Toystack/dopams-backend-staging/src/crypto.jsx' does not exist.
Directory 'd:/DOPAMS/Toystack/dopams-backend-staging/src/crypto' does not exist, skipping all lookups in it.
Loading module 'crypto' from 'node_modules' folder, target file types: JavaScript, JSON.
Searching all ancestor node_modules directories for fallback extensions: JavaScript, JSON.
Directory 'd:/DOPAMS/Toystack/dopams-backend-staging/node_modules/@types/node/node_modules' does not exist, skipping all lookups in it.
Directory 'd:/DOPAMS/Toystack/dopams-backend-staging/node_modules/@types/node_modules' does not exist, skipping all lookups in it.
File 'd:/DOPAMS/Toystack/dopams-backend-staging/node_modules/crypto.js' does not exist.
File 'd:/DOPAMS/Toystack/dopams-backend-staging/node_modules/crypto.jsx' does not exist.
Directory 'd:/DOPAMS/Toystack/node_modules' does not exist, skipping all lookups in it.
Directory 'd:/DOPAMS/node_modules' does not exist, skipping all lookups in it.
Directory 'd:/node_modules' does not exist, skipping all lookups in it.
======== Module name 'crypto' was not resolved. ========
======== Resolving module 'node:crypto' from 'd:/DOPAMS/Toystack/dopams-backend-staging/node_modules/@types/node/process.d.ts'. ========
Resolution for module 'node:crypto' was found in cache from location 'd:/DOPAMS/Toystack/dopams-backend-staging/node_modules/@types/node'.
======== Module name 'node:crypto' was not resolved. ========
======== Resolving module 'dgram' from 'd:/DOPAMS/Toystack/dopams-backend-staging/node_modules/@types/node/process.d.ts'. ========
Explicitly specified module resolution kind: 'Node10'.
'baseUrl' option is set to 'd:/DOPAMS/Toystack/dopams-backend-staging/src', using this value to resolve non-relative module name 'dgram'.
'paths' option is specified, looking for a pattern to match module name 'dgram'.
'baseUrl' option is set to 'd:/DOPAMS/Toystack/dopams-backend-staging/src', using this value to resolve non-relative module name 'dgram'.
Resolving module name 'dgram' relative to base url 'd:/DOPAMS/Toystack/dopams-backend-staging/src' - 'd:/DOPAMS/Toystack/dopams-backend-staging/src/dgram'.
Loading module as file / folder, candidate module location 'd:/DOPAMS/Toystack/dopams-backend-staging/src/dgram', target file types: TypeScript, Declaration.
File 'd:/DOPAMS/Toystack/dopams-backend-staging/src/dgram.ts' does not exist.
File 'd:/DOPAMS/Toystack/dopams-backend-staging/src/dgram.tsx' does not exist.
File 'd:/DOPAMS/Toystack/dopams-backend-staging/src/dgram.d.ts' does not exist.
Directory 'd:/DOPAMS/Toystack/dopams-backend-staging/src/dgram' does not exist, skipping all lookups in it.
Loading module 'dgram' from 'node_modules' folder, target file types: TypeScript, Declaration.
Searching all ancestor node_modules directories for preferred extensions: TypeScript, Declaration.
Directory 'd:/DOPAMS/Toystack/dopams-backend-staging/node_modules/@types/node/node_modules' does not exist, skipping all lookups in it.
Directory 'd:/DOPAMS/Toystack/dopams-backend-staging/node_modules/@types/node_modules' does not exist, skipping all lookups in it.
File 'd:/DOPAMS/Toystack/dopams-backend-staging/node_modules/dgram.ts' does not exist.
File 'd:/DOPAMS/Toystack/dopams-backend-staging/node_modules/dgram.tsx' does not exist.
File 'd:/DOPAMS/Toystack/dopams-backend-staging/node_modules/dgram.d.ts' does not exist.
File 'd:/DOPAMS/Toystack/dopams-backend-staging/node_modules/@types/dgram.d.ts' does not exist.
Directory 'd:/DOPAMS/Toystack/node_modules' does not exist, skipping all lookups in it.
Directory 'd:/DOPAMS/node_modules' does not exist, skipping all lookups in it.
Directory 'd:/node_modules' does not exist, skipping all lookups in it.
'baseUrl' option is set to 'd:/DOPAMS/Toystack/dopams-backend-staging/src', using this value to resolve non-relative module name 'dgram'.
'paths' option is specified, looking for a pattern to match module name 'dgram'.
'baseUrl' option is set to 'd:/DOPAMS/Toystack/dopams-backend-staging/src', using this value to resolve non-relative module name 'dgram'.
Resolving module name 'dgram' relative to base url 'd:/DOPAMS/Toystack/dopams-backend-staging/src' - 'd:/DOPAMS/Toystack/dopams-backend-staging/src/dgram'.
Loading module as file / folder, candidate module location 'd:/DOPAMS/Toystack/dopams-backend-staging/src/dgram', target file types: JavaScript, JSON.
File 'd:/DOPAMS/Toystack/dopams-backend-staging/src/dgram.js' does not exist.
File 'd:/DOPAMS/Toystack/dopams-backend-staging/src/dgram.jsx' does not exist.
Directory 'd:/DOPAMS/Toystack/dopams-backend-staging/src/dgram' does not exist, skipping all lookups in it.
Loading module 'dgram' from 'node_modules' folder, target file types: JavaScript, JSON.
Searching all ancestor node_modules directories for fallback extensions: JavaScript, JSON.
Directory 'd:/DOPAMS/Toystack/dopams-backend-staging/node_modules/@types/node/node_modules' does not exist, skipping all lookups in it.
Directory 'd:/DOPAMS/Toystack/dopams-backend-staging/node_modules/@types/node_modules' does not exist, skipping all lookups in it.
File 'd:/DOPAMS/Toystack/dopams-backend-staging/node_modules/dgram.js' does not exist.
File 'd:/DOPAMS/Toystack/dopams-backend-staging/node_modules/dgram.jsx' does not exist.
Directory 'd:/DOPAMS/Toystack/node_modules' does not exist, skipping all lookups in it.
Directory 'd:/DOPAMS/node_modules' does not exist, skipping all lookups in it.
Directory 'd:/node_modules' does not exist, skipping all lookups in it.
======== Module name 'dgram' was not resolved. ========
======== Resolving module 'node:dgram' from 'd:/DOPAMS/Toystack/dopams-backend-staging/node_modules/@types/node/process.d.ts'. ========
Resolution for module 'node:dgram' was found in cache from location 'd:/DOPAMS/Toystack/dopams-backend-staging/node_modules/@types/node'.
======== Module name 'node:dgram' was not resolved. ========
======== Resolving module 'diagnostics_channel' from 'd:/DOPAMS/Toystack/dopams-backend-staging/node_modules/@types/node/process.d.ts'. ========
Explicitly specified module resolution kind: 'Node10'.
'baseUrl' option is set to 'd:/DOPAMS/Toystack/dopams-backend-staging/src', using this value to resolve non-relative module name 'diagnostics_channel'.
'paths' option is specified, looking for a pattern to match module name 'diagnostics_channel'.
'baseUrl' option is set to 'd:/DOPAMS/Toystack/dopams-backend-staging/src', using this value to resolve non-relative module name 'diagnostics_channel'.
Resolving module name 'diagnostics_channel' relative to base url 'd:/DOPAMS/Toystack/dopams-backend-staging/src' - 'd:/DOPAMS/Toystack/dopams-backend-staging/src/diagnostics_channel'.
Loading module as file / folder, candidate module location 'd:/DOPAMS/Toystack/dopams-backend-staging/src/diagnostics_channel', target file types: TypeScript, Declaration.
File 'd:/DOPAMS/Toystack/dopams-backend-staging/src/diagnostics_channel.ts' does not exist.
File 'd:/DOPAMS/Toystack/dopams-backend-staging/src/diagnostics_channel.tsx' does not exist.
File 'd:/DOPAMS/Toystack/dopams-backend-staging/src/diagnostics_channel.d.ts' does not exist.
Directory 'd:/DOPAMS/Toystack/dopams-backend-staging/src/diagnostics_channel' does not exist, skipping all lookups in it.
Loading module 'diagnostics_channel' from 'node_modules' folder, target file types: TypeScript, Declaration.
Searching all ancestor node_modules directories for preferred extensions: TypeScript, Declaration.
Directory 'd:/DOPAMS/Toystack/dopams-backend-staging/node_modules/@types/node/node_modules' does not exist, skipping all lookups in it.
Directory 'd:/DOPAMS/Toystack/dopams-backend-staging/node_modules/@types/node_modules' does not exist, skipping all lookups in it.
File 'd:/DOPAMS/Toystack/dopams-backend-staging/node_modules/diagnostics_channel.ts' does not exist.
File 'd:/DOPAMS/Toystack/dopams-backend-staging/node_modules/diagnostics_channel.tsx' does not exist.
File 'd:/DOPAMS/Toystack/dopams-backend-staging/node_modules/diagnostics_channel.d.ts' does not exist.
File 'd:/DOPAMS/Toystack/dopams-backend-staging/node_modules/@types/diagnostics_channel.d.ts' does not exist.
Directory 'd:/DOPAMS/Toystack/node_modules' does not exist, skipping all lookups in it.
Directory 'd:/DOPAMS/node_modules' does not exist, skipping all lookups in it.
Directory 'd:/node_modules' does not exist, skipping all lookups in it.
'baseUrl' option is set to 'd:/DOPAMS/Toystack/dopams-backend-staging/src', using this value to resolve non-relative module name 'diagnostics_channel'.
'paths' option is specified, looking for a pattern to match module name 'diagnostics_channel'.
'baseUrl' option is set to 'd:/DOPAMS/Toystack/dopams-backend-staging/src', using this value to resolve non-relative module name 'diagnostics_channel'.
Resolving module name 'diagnostics_channel' relative to base url 'd:/DOPAMS/Toystack/dopams-backend-staging/src' - 'd:/DOPAMS/Toystack/dopams-backend-staging/src/diagnostics_channel'.
Loading module as file / folder, candidate module location 'd:/DOPAMS/Toystack/dopams-backend-staging/src/diagnostics_channel', target file types: JavaScript, JSON.
File 'd:/DOPAMS/Toystack/dopams-backend-staging/src/diagnostics_channel.js' does not exist.
File 'd:/DOPAMS/Toystack/dopams-backend-staging/src/diagnostics_channel.jsx' does not exist.
Directory 'd:/DOPAMS/Toystack/dopams-backend-staging/src/diagnostics_channel' does not exist, skipping all lookups in it.
Loading module 'diagnostics_channel' from 'node_modules' folder, target file types: JavaScript, JSON.
Searching all ancestor node_modules directories for fallback extensions: JavaScript, JSON.
Directory 'd:/DOPAMS/Toystack/dopams-backend-staging/node_modules/@types/node/node_modules' does not exist, skipping all lookups in it.
Directory 'd:/DOPAMS/Toystack/dopams-backend-staging/node_modules/@types/node_modules' does not exist, skipping all lookups in it.
File 'd:/DOPAMS/Toystack/dopams-backend-staging/node_modules/diagnostics_channel.js' does not exist.
File 'd:/DOPAMS/Toystack/dopams-backend-staging/node_modules/diagnostics_channel.jsx' does not exist.
Directory 'd:/DOPAMS/Toystack/node_modules' does not exist, skipping all lookups in it.
Directory 'd:/DOPAMS/node_modules' does not exist, skipping all lookups in it.
Directory 'd:/node_modules' does not exist, skipping all lookups in it.
======== Module name 'diagnostics_channel' was not resolved. ========
======== Resolving module 'node:diagnostics_channel' from 'd:/DOPAMS/Toystack/dopams-backend-staging/node_modules/@types/node/process.d.ts'. ========
Explicitly specified module resolution kind: 'Node10'.
'baseUrl' option is set to 'd:/DOPAMS/Toystack/dopams-backend-staging/src', using this value to resolve non-relative module name 'node:diagnostics_channel'.
'paths' option is specified, looking for a pattern to match module name 'node:diagnostics_channel'.
'baseUrl' option is set to 'd:/DOPAMS/Toystack/dopams-backend-staging/src', using this value to resolve non-relative module name 'node:diagnostics_channel'.
Resolving module name 'node:diagnostics_channel' relative to base url 'd:/DOPAMS/Toystack/dopams-backend-staging/src' - 'd:/DOPAMS/Toystack/dopams-backend-staging/src/node:diagnostics_channel'.
Loading module as file / folder, candidate module location 'd:/DOPAMS/Toystack/dopams-backend-staging/src/node:diagnostics_channel', target file types: TypeScript, Declaration.
File 'd:/DOPAMS/Toystack/dopams-backend-staging/src/node:diagnostics_channel.ts' does not exist.
File 'd:/DOPAMS/Toystack/dopams-backend-staging/src/node:diagnostics_channel.tsx' does not exist.
File 'd:/DOPAMS/Toystack/dopams-backend-staging/src/node:diagnostics_channel.d.ts' does not exist.
Directory 'd:/DOPAMS/Toystack/dopams-backend-staging/src/node:diagnostics_channel' does not exist, skipping all lookups in it.
Skipping module 'node:diagnostics_channel' that looks like an absolute URI, target file types: TypeScript, Declaration.
'baseUrl' option is set to 'd:/DOPAMS/Toystack/dopams-backend-staging/src', using this value to resolve non-relative module name 'node:diagnostics_channel'.
'paths' option is specified, looking for a pattern to match module name 'node:diagnostics_channel'.
'baseUrl' option is set to 'd:/DOPAMS/Toystack/dopams-backend-staging/src', using this value to resolve non-relative module name 'node:diagnostics_channel'.
Resolving module name 'node:diagnostics_channel' relative to base url 'd:/DOPAMS/Toystack/dopams-backend-staging/src' - 'd:/DOPAMS/Toystack/dopams-backend-staging/src/node:diagnostics_channel'.
Loading module as file / folder, candidate module location 'd:/DOPAMS/Toystack/dopams-backend-staging/src/node:diagnostics_channel', target file types: JavaScript, JSON.
File 'd:/DOPAMS/Toystack/dopams-backend-staging/src/node:diagnostics_channel.js' does not exist.
File 'd:/DOPAMS/Toystack/dopams-backend-staging/src/node:diagnostics_channel.jsx' does not exist.
Directory 'd:/DOPAMS/Toystack/dopams-backend-staging/src/node:diagnostics_channel' does not exist, skipping all lookups in it.
Skipping module 'node:diagnostics_channel' that looks like an absolute URI, target file types: JavaScript, JSON.
======== Module name 'node:diagnostics_channel' was not resolved. ========
======== Resolving module 'dns' from 'd:/DOPAMS/Toystack/dopams-backend-staging/node_modules/@types/node/process.d.ts'. ========
Explicitly specified module resolution kind: 'Node10'.
'baseUrl' option is set to 'd:/DOPAMS/Toystack/dopams-backend-staging/src', using this value to resolve non-relative module name 'dns'.
'paths' option is specified, looking for a pattern to match module name 'dns'.
'baseUrl' option is set to 'd:/DOPAMS/Toystack/dopams-backend-staging/src', using this value to resolve non-relative module name 'dns'.
Resolving module name 'dns' relative to base url 'd:/DOPAMS/Toystack/dopams-backend-staging/src' - 'd:/DOPAMS/Toystack/dopams-backend-staging/src/dns'.
Loading module as file / folder, candidate module location 'd:/DOPAMS/Toystack/dopams-backend-staging/src/dns', target file types: TypeScript, Declaration.
File 'd:/DOPAMS/Toystack/dopams-backend-staging/src/dns.ts' does not exist.
File 'd:/DOPAMS/Toystack/dopams-backend-staging/src/dns.tsx' does not exist.
File 'd:/DOPAMS/Toystack/dopams-backend-staging/src/dns.d.ts' does not exist.
Directory 'd:/DOPAMS/Toystack/dopams-backend-staging/src/dns' does not exist, skipping all lookups in it.
Loading module 'dns' from 'node_modules' folder, target file types: TypeScript, Declaration.
Searching all ancestor node_modules directories for preferred extensions: TypeScript, Declaration.
Directory 'd:/DOPAMS/Toystack/dopams-backend-staging/node_modules/@types/node/node_modules' does not exist, skipping all lookups in it.
Directory 'd:/DOPAMS/Toystack/dopams-backend-staging/node_modules/@types/node_modules' does not exist, skipping all lookups in it.
File 'd:/DOPAMS/Toystack/dopams-backend-staging/node_modules/dns.ts' does not exist.
File 'd:/DOPAMS/Toystack/dopams-backend-staging/node_modules/dns.tsx' does not exist.
File 'd:/DOPAMS/Toystack/dopams-backend-staging/node_modules/dns.d.ts' does not exist.
File 'd:/DOPAMS/Toystack/dopams-backend-staging/node_modules/@types/dns.d.ts' does not exist.
Directory 'd:/DOPAMS/Toystack/node_modules' does not exist, skipping all lookups in it.
Directory 'd:/DOPAMS/node_modules' does not exist, skipping all lookups in it.
Directory 'd:/node_modules' does not exist, skipping all lookups in it.
'baseUrl' option is set to 'd:/DOPAMS/Toystack/dopams-backend-staging/src', using this value to resolve non-relative module name 'dns'.
'paths' option is specified, looking for a pattern to match module name 'dns'.
'baseUrl' option is set to 'd:/DOPAMS/Toystack/dopams-backend-staging/src', using this value to resolve non-relative module name 'dns'.
Resolving module name 'dns' relative to base url 'd:/DOPAMS/Toystack/dopams-backend-staging/src' - 'd:/DOPAMS/Toystack/dopams-backend-staging/src/dns'.
Loading module as file / folder, candidate module location 'd:/DOPAMS/Toystack/dopams-backend-staging/src/dns', target file types: JavaScript, JSON.
File 'd:/DOPAMS/Toystack/dopams-backend-staging/src/dns.js' does not exist.
File 'd:/DOPAMS/Toystack/dopams-backend-staging/src/dns.jsx' does not exist.
Directory 'd:/DOPAMS/Toystack/dopams-backend-staging/src/dns' does not exist, skipping all lookups in it.
Loading module 'dns' from 'node_modules' folder, target file types: JavaScript, JSON.
Searching all ancestor node_modules directories for fallback extensions: JavaScript, JSON.
Directory 'd:/DOPAMS/Toystack/dopams-backend-staging/node_modules/@types/node/node_modules' does not exist, skipping all lookups in it.
Directory 'd:/DOPAMS/Toystack/dopams-backend-staging/node_modules/@types/node_modules' does not exist, skipping all lookups in it.
File 'd:/DOPAMS/Toystack/dopams-backend-staging/node_modules/dns.js' does not exist.
File 'd:/DOPAMS/Toystack/dopams-backend-staging/node_modules/dns.jsx' does not exist.
Directory 'd:/DOPAMS/Toystack/node_modules' does not exist, skipping all lookups in it.
Directory 'd:/DOPAMS/node_modules' does not exist, skipping all lookups in it.
Directory 'd:/node_modules' does not exist, skipping all lookups in it.
======== Module name 'dns' was not resolved. ========
======== Resolving module 'node:dns' from 'd:/DOPAMS/Toystack/dopams-backend-staging/node_modules/@types/node/process.d.ts'. ========
Resolution for module 'node:dns' was found in cache from location 'd:/DOPAMS/Toystack/dopams-backend-staging/node_modules/@types/node'.
======== Module name 'node:dns' was not resolved. ========
======== Resolving module 'dns/promises' from 'd:/DOPAMS/Toystack/dopams-backend-staging/node_modules/@types/node/process.d.ts'. ========
Explicitly specified module resolution kind: 'Node10'.
'baseUrl' option is set to 'd:/DOPAMS/Toystack/dopams-backend-staging/src', using this value to resolve non-relative module name 'dns/promises'.
'paths' option is specified, looking for a pattern to match module name 'dns/promises'.
'baseUrl' option is set to 'd:/DOPAMS/Toystack/dopams-backend-staging/src', using this value to resolve non-relative module name 'dns/promises'.
Resolving module name 'dns/promises' relative to base url 'd:/DOPAMS/Toystack/dopams-backend-staging/src' - 'd:/DOPAMS/Toystack/dopams-backend-staging/src/dns/promises'.
Loading module as file / folder, candidate module location 'd:/DOPAMS/Toystack/dopams-backend-staging/src/dns/promises', target file types: TypeScript, Declaration.
Loading module 'dns/promises' from 'node_modules' folder, target file types: TypeScript, Declaration.
Searching all ancestor node_modules directories for preferred extensions: TypeScript, Declaration.
Directory 'd:/DOPAMS/Toystack/dopams-backend-staging/node_modules/@types/node/node_modules' does not exist, skipping all lookups in it.
Directory 'd:/DOPAMS/Toystack/dopams-backend-staging/node_modules/@types/node_modules' does not exist, skipping all lookups in it.
Directory 'd:/DOPAMS/Toystack/node_modules' does not exist, skipping all lookups in it.
Directory 'd:/DOPAMS/node_modules' does not exist, skipping all lookups in it.
Directory 'd:/node_modules' does not exist, skipping all lookups in it.
'baseUrl' option is set to 'd:/DOPAMS/Toystack/dopams-backend-staging/src', using this value to resolve non-relative module name 'dns/promises'.
'paths' option is specified, looking for a pattern to match module name 'dns/promises'.
'baseUrl' option is set to 'd:/DOPAMS/Toystack/dopams-backend-staging/src', using this value to resolve non-relative module name 'dns/promises'.
Resolving module name 'dns/promises' relative to base url 'd:/DOPAMS/Toystack/dopams-backend-staging/src' - 'd:/DOPAMS/Toystack/dopams-backend-staging/src/dns/promises'.
Loading module as file / folder, candidate module location 'd:/DOPAMS/Toystack/dopams-backend-staging/src/dns/promises', target file types: JavaScript, JSON.
Loading module 'dns/promises' from 'node_modules' folder, target file types: JavaScript, JSON.
Searching all ancestor node_modules directories for fallback extensions: JavaScript, JSON.
Directory 'd:/DOPAMS/Toystack/dopams-backend-staging/node_modules/@types/node/node_modules' does not exist, skipping all lookups in it.
Directory 'd:/DOPAMS/Toystack/dopams-backend-staging/node_modules/@types/node_modules' does not exist, skipping all lookups in it.
Directory 'd:/DOPAMS/Toystack/node_modules' does not exist, skipping all lookups in it.
Directory 'd:/DOPAMS/node_modules' does not exist, skipping all lookups in it.
Directory 'd:/node_modules' does not exist, skipping all lookups in it.
======== Module name 'dns/promises' was not resolved. ========
======== Resolving module 'node:dns/promises' from 'd:/DOPAMS/Toystack/dopams-backend-staging/node_modules/@types/node/process.d.ts'. ========
Resolution for module 'node:dns/promises' was found in cache from location 'd:/DOPAMS/Toystack/dopams-backend-staging/node_modules/@types/node'.
======== Module name 'node:dns/promises' was not resolved. ========
======== Resolving module 'domain' from 'd:/DOPAMS/Toystack/dopams-backend-staging/node_modules/@types/node/process.d.ts'. ========
Explicitly specified module resolution kind: 'Node10'.
'baseUrl' option is set to 'd:/DOPAMS/Toystack/dopams-backend-staging/src', using this value to resolve non-relative module name 'domain'.
'paths' option is specified, looking for a pattern to match module name 'domain'.
'baseUrl' option is set to 'd:/DOPAMS/Toystack/dopams-backend-staging/src', using this value to resolve non-relative module name 'domain'.
Resolving module name 'domain' relative to base url 'd:/DOPAMS/Toystack/dopams-backend-staging/src' - 'd:/DOPAMS/Toystack/dopams-backend-staging/src/domain'.
Loading module as file / folder, candidate module location 'd:/DOPAMS/Toystack/dopams-backend-staging/src/domain', target file types: TypeScript, Declaration.
File 'd:/DOPAMS/Toystack/dopams-backend-staging/src/domain.ts' does not exist.
File 'd:/DOPAMS/Toystack/dopams-backend-staging/src/domain.tsx' does not exist.
File 'd:/DOPAMS/Toystack/dopams-backend-staging/src/domain.d.ts' does not exist.
Directory 'd:/DOPAMS/Toystack/dopams-backend-staging/src/domain' does not exist, skipping all lookups in it.
Loading module 'domain' from 'node_modules' folder, target file types: TypeScript, Declaration.
Searching all ancestor node_modules directories for preferred extensions: TypeScript, Declaration.
Directory 'd:/DOPAMS/Toystack/dopams-backend-staging/node_modules/@types/node/node_modules' does not exist, skipping all lookups in it.
Directory 'd:/DOPAMS/Toystack/dopams-backend-staging/node_modules/@types/node_modules' does not exist, skipping all lookups in it.
File 'd:/DOPAMS/Toystack/dopams-backend-staging/node_modules/domain.ts' does not exist.
File 'd:/DOPAMS/Toystack/dopams-backend-staging/node_modules/domain.tsx' does not exist.
File 'd:/DOPAMS/Toystack/dopams-backend-staging/node_modules/domain.d.ts' does not exist.
File 'd:/DOPAMS/Toystack/dopams-backend-staging/node_modules/@types/domain.d.ts' does not exist.
Directory 'd:/DOPAMS/Toystack/node_modules' does not exist, skipping all lookups in it.
Directory 'd:/DOPAMS/node_modules' does not exist, skipping all lookups in it.
Directory 'd:/node_modules' does not exist, skipping all lookups in it.
'baseUrl' option is set to 'd:/DOPAMS/Toystack/dopams-backend-staging/src', using this value to resolve non-relative module name 'domain'.
'paths' option is specified, looking for a pattern to match module name 'domain'.
'baseUrl' option is set to 'd:/DOPAMS/Toystack/dopams-backend-staging/src', using this value to resolve non-relative module name 'domain'.
Resolving module name 'domain' relative to base url 'd:/DOPAMS/Toystack/dopams-backend-staging/src' - 'd:/DOPAMS/Toystack/dopams-backend-staging/src/domain'.
Loading module as file / folder, candidate module location 'd:/DOPAMS/Toystack/dopams-backend-staging/src/domain', target file types: JavaScript, JSON.
File 'd:/DOPAMS/Toystack/dopams-backend-staging/src/domain.js' does not exist.
File 'd:/DOPAMS/Toystack/dopams-backend-staging/src/domain.jsx' does not exist.
Directory 'd:/DOPAMS/Toystack/dopams-backend-staging/src/domain' does not exist, skipping all lookups in it.
Loading module 'domain' from 'node_modules' folder, target file types: JavaScript, JSON.
Searching all ancestor node_modules directories for fallback extensions: JavaScript, JSON.
Directory 'd:/DOPAMS/Toystack/dopams-backend-staging/node_modules/@types/node/node_modules' does not exist, skipping all lookups in it.
Directory 'd:/DOPAMS/Toystack/dopams-backend-staging/node_modules/@types/node_modules' does not exist, skipping all lookups in it.
File 'd:/DOPAMS/Toystack/dopams-backend-staging/node_modules/domain.js' does not exist.
File 'd:/DOPAMS/Toystack/dopams-backend-staging/node_modules/domain.jsx' does not exist.
Directory 'd:/DOPAMS/Toystack/node_modules' does not exist, skipping all lookups in it.
Directory 'd:/DOPAMS/node_modules' does not exist, skipping all lookups in it.
Directory 'd:/node_modules' does not exist, skipping all lookups in it.
======== Module name 'domain' was not resolved. ========
======== Resolving module 'node:domain' from 'd:/DOPAMS/Toystack/dopams-backend-staging/node_modules/@types/node/process.d.ts'. ========
Explicitly specified module resolution kind: 'Node10'.
'baseUrl' option is set to 'd:/DOPAMS/Toystack/dopams-backend-staging/src', using this value to resolve non-relative module name 'node:domain'.
'paths' option is specified, looking for a pattern to match module name 'node:domain'.
'baseUrl' option is set to 'd:/DOPAMS/Toystack/dopams-backend-staging/src', using this value to resolve non-relative module name 'node:domain'.
Resolving module name 'node:domain' relative to base url 'd:/DOPAMS/Toystack/dopams-backend-staging/src' - 'd:/DOPAMS/Toystack/dopams-backend-staging/src/node:domain'.
Loading module as file / folder, candidate module location 'd:/DOPAMS/Toystack/dopams-backend-staging/src/node:domain', target file types: TypeScript, Declaration.
File 'd:/DOPAMS/Toystack/dopams-backend-staging/src/node:domain.ts' does not exist.
File 'd:/DOPAMS/Toystack/dopams-backend-staging/src/node:domain.tsx' does not exist.
File 'd:/DOPAMS/Toystack/dopams-backend-staging/src/node:domain.d.ts' does not exist.
Directory 'd:/DOPAMS/Toystack/dopams-backend-staging/src/node:domain' does not exist, skipping all lookups in it.
Skipping module 'node:domain' that looks like an absolute URI, target file types: TypeScript, Declaration.
'baseUrl' option is set to 'd:/DOPAMS/Toystack/dopams-backend-staging/src', using this value to resolve non-relative module name 'node:domain'.
'paths' option is specified, looking for a pattern to match module name 'node:domain'.
'baseUrl' option is set to 'd:/DOPAMS/Toystack/dopams-backend-staging/src', using this value to resolve non-relative module name 'node:domain'.
Resolving module name 'node:domain' relative to base url 'd:/DOPAMS/Toystack/dopams-backend-staging/src' - 'd:/DOPAMS/Toystack/dopams-backend-staging/src/node:domain'.
Loading module as file / folder, candidate module location 'd:/DOPAMS/Toystack/dopams-backend-staging/src/node:domain', target file types: JavaScript, JSON.
File 'd:/DOPAMS/Toystack/dopams-backend-staging/src/node:domain.js' does not exist.
File 'd:/DOPAMS/Toystack/dopams-backend-staging/src/node:domain.jsx' does not exist.
Directory 'd:/DOPAMS/Toystack/dopams-backend-staging/src/node:domain' does not exist, skipping all lookups in it.
Skipping module 'node:domain' that looks like an absolute URI, target file types: JavaScript, JSON.
======== Module name 'node:domain' was not resolved. ========
======== Resolving module 'events' from 'd:/DOPAMS/Toystack/dopams-backend-staging/node_modules/@types/node/process.d.ts'. ========
Explicitly specified module resolution kind: 'Node10'.
'baseUrl' option is set to 'd:/DOPAMS/Toystack/dopams-backend-staging/src', using this value to resolve non-relative module name 'events'.
'paths' option is specified, looking for a pattern to match module name 'events'.
'baseUrl' option is set to 'd:/DOPAMS/Toystack/dopams-backend-staging/src', using this value to resolve non-relative module name 'events'.
Resolving module name 'events' relative to base url 'd:/DOPAMS/Toystack/dopams-backend-staging/src' - 'd:/DOPAMS/Toystack/dopams-backend-staging/src/events'.
Loading module as file / folder, candidate module location 'd:/DOPAMS/Toystack/dopams-backend-staging/src/events', target file types: TypeScript, Declaration.
File 'd:/DOPAMS/Toystack/dopams-backend-staging/src/events.ts' does not exist.
File 'd:/DOPAMS/Toystack/dopams-backend-staging/src/events.tsx' does not exist.
File 'd:/DOPAMS/Toystack/dopams-backend-staging/src/events.d.ts' does not exist.
Directory 'd:/DOPAMS/Toystack/dopams-backend-staging/src/events' does not exist, skipping all lookups in it.
Loading module 'events' from 'node_modules' folder, target file types: TypeScript, Declaration.
Searching all ancestor node_modules directories for preferred extensions: TypeScript, Declaration.
Directory 'd:/DOPAMS/Toystack/dopams-backend-staging/node_modules/@types/node/node_modules' does not exist, skipping all lookups in it.
Directory 'd:/DOPAMS/Toystack/dopams-backend-staging/node_modules/@types/node_modules' does not exist, skipping all lookups in it.
File 'd:/DOPAMS/Toystack/dopams-backend-staging/node_modules/events/package.json' exists according to earlier cached lookups.
File 'd:/DOPAMS/Toystack/dopams-backend-staging/node_modules/events.ts' does not exist.
File 'd:/DOPAMS/Toystack/dopams-backend-staging/node_modules/events.tsx' does not exist.
File 'd:/DOPAMS/Toystack/dopams-backend-staging/node_modules/events.d.ts' does not exist.
'package.json' does not have a 'typings' field.
'package.json' does not have a 'types' field.
'package.json' has 'main' field './events.js' that references 'd:/DOPAMS/Toystack/dopams-backend-staging/node_modules/events/events.js'.
File name 'd:/DOPAMS/Toystack/dopams-backend-staging/node_modules/events/events.js' has a '.js' extension - stripping it.
File 'd:/DOPAMS/Toystack/dopams-backend-staging/node_modules/events/events.ts' does not exist.
File 'd:/DOPAMS/Toystack/dopams-backend-staging/node_modules/events/events.tsx' does not exist.
File 'd:/DOPAMS/Toystack/dopams-backend-staging/node_modules/events/events.d.ts' does not exist.
Loading module as file / folder, candidate module location 'd:/DOPAMS/Toystack/dopams-backend-staging/node_modules/events/events.js', target file types: TypeScript, Declaration.
File name 'd:/DOPAMS/Toystack/dopams-backend-staging/node_modules/events/events.js' has a '.js' extension - stripping it.
File 'd:/DOPAMS/Toystack/dopams-backend-staging/node_modules/events/events.ts' does not exist.
File 'd:/DOPAMS/Toystack/dopams-backend-staging/node_modules/events/events.tsx' does not exist.
File 'd:/DOPAMS/Toystack/dopams-backend-staging/node_modules/events/events.d.ts' does not exist.
File 'd:/DOPAMS/Toystack/dopams-backend-staging/node_modules/events/events.js.ts' does not exist.
File 'd:/DOPAMS/Toystack/dopams-backend-staging/node_modules/events/events.js.tsx' does not exist.
File 'd:/DOPAMS/Toystack/dopams-backend-staging/node_modules/events/events.js.d.ts' does not exist.
Directory 'd:/DOPAMS/Toystack/dopams-backend-staging/node_modules/events/events.js' does not exist, skipping all lookups in it.
File 'd:/DOPAMS/Toystack/dopams-backend-staging/node_modules/events/index.ts' does not exist.
File 'd:/DOPAMS/Toystack/dopams-backend-staging/node_modules/events/index.tsx' does not exist.
File 'd:/DOPAMS/Toystack/dopams-backend-staging/node_modules/events/index.d.ts' does not exist.
File 'd:/DOPAMS/Toystack/dopams-backend-staging/node_modules/@types/events.d.ts' does not exist.
Directory 'd:/DOPAMS/Toystack/node_modules' does not exist, skipping all lookups in it.
Directory 'd:/DOPAMS/node_modules' does not exist, skipping all lookups in it.
Directory 'd:/node_modules' does not exist, skipping all lookups in it.
'baseUrl' option is set to 'd:/DOPAMS/Toystack/dopams-backend-staging/src', using this value to resolve non-relative module name 'events'.
'paths' option is specified, looking for a pattern to match module name 'events'.
'baseUrl' option is set to 'd:/DOPAMS/Toystack/dopams-backend-staging/src', using this value to resolve non-relative module name 'events'.
Resolving module name 'events' relative to base url 'd:/DOPAMS/Toystack/dopams-backend-staging/src' - 'd:/DOPAMS/Toystack/dopams-backend-staging/src/events'.
Loading module as file / folder, candidate module location 'd:/DOPAMS/Toystack/dopams-backend-staging/src/events', target file types: JavaScript, JSON.
File 'd:/DOPAMS/Toystack/dopams-backend-staging/src/events.js' does not exist.
File 'd:/DOPAMS/Toystack/dopams-backend-staging/src/events.jsx' does not exist.
Directory 'd:/DOPAMS/Toystack/dopams-backend-staging/src/events' does not exist, skipping all lookups in it.
Loading module 'events' from 'node_modules' folder, target file types: JavaScript, JSON.
Searching all ancestor node_modules directories for fallback extensions: JavaScript, JSON.
Directory 'd:/DOPAMS/Toystack/dopams-backend-staging/node_modules/@types/node/node_modules' does not exist, skipping all lookups in it.
Directory 'd:/DOPAMS/Toystack/dopams-backend-staging/node_modules/@types/node_modules' does not exist, skipping all lookups in it.
File 'd:/DOPAMS/Toystack/dopams-backend-staging/node_modules/events/package.json' exists according to earlier cached lookups.
File 'd:/DOPAMS/Toystack/dopams-backend-staging/node_modules/events.js' does not exist.
File 'd:/DOPAMS/Toystack/dopams-backend-staging/node_modules/events.jsx' does not exist.
'package.json' has 'main' field './events.js' that references 'd:/DOPAMS/Toystack/dopams-backend-staging/node_modules/events/events.js'.
File name 'd:/DOPAMS/Toystack/dopams-backend-staging/node_modules/events/events.js' has a '.js' extension - stripping it.
File 'd:/DOPAMS/Toystack/dopams-backend-staging/node_modules/events/events.js' exists - use it as a name resolution result.
Resolution of non-relative name failed; trying with '--moduleResolution bundler' to see if project may need configuration update.
'baseUrl' option is set to 'd:/DOPAMS/Toystack/dopams-backend-staging/src', using this value to resolve non-relative module name 'events'.
'paths' option is specified, looking for a pattern to match module name 'events'.
'baseUrl' option is set to 'd:/DOPAMS/Toystack/dopams-backend-staging/src', using this value to resolve non-relative module name 'events'.
Resolving module name 'events' relative to base url 'd:/DOPAMS/Toystack/dopams-backend-staging/src' - 'd:/DOPAMS/Toystack/dopams-backend-staging/src/events'.
Loading module as file / folder, candidate module location 'd:/DOPAMS/Toystack/dopams-backend-staging/src/events', target file types: TypeScript, Declaration.
File 'd:/DOPAMS/Toystack/dopams-backend-staging/src/events.ts' does not exist.
File 'd:/DOPAMS/Toystack/dopams-backend-staging/src/events.tsx' does not exist.
File 'd:/DOPAMS/Toystack/dopams-backend-staging/src/events.d.ts' does not exist.
Directory 'd:/DOPAMS/Toystack/dopams-backend-staging/src/events' does not exist, skipping all lookups in it.
Loading module 'events' from 'node_modules' folder, target file types: TypeScript, Declaration.
Searching all ancestor node_modules directories for preferred extensions: TypeScript, Declaration.
Directory 'd:/DOPAMS/Toystack/dopams-backend-staging/node_modules/@types/node/node_modules' does not exist, skipping all lookups in it.
Directory 'd:/DOPAMS/Toystack/dopams-backend-staging/node_modules/@types/node_modules' does not exist, skipping all lookups in it.
File 'd:/DOPAMS/Toystack/dopams-backend-staging/node_modules/events/package.json' exists according to earlier cached lookups.
File 'd:/DOPAMS/Toystack/dopams-backend-staging/node_modules/events.ts' does not exist.
File 'd:/DOPAMS/Toystack/dopams-backend-staging/node_modules/events.tsx' does not exist.
File 'd:/DOPAMS/Toystack/dopams-backend-staging/node_modules/events.d.ts' does not exist.
'package.json' does not have a 'typings' field.
'package.json' does not have a 'types' field.
'package.json' has 'main' field './events.js' that references 'd:/DOPAMS/Toystack/dopams-backend-staging/node_modules/events/events.js'.
File name 'd:/DOPAMS/Toystack/dopams-backend-staging/node_modules/events/events.js' has a '.js' extension - stripping it.
File 'd:/DOPAMS/Toystack/dopams-backend-staging/node_modules/events/events.ts' does not exist.
File 'd:/DOPAMS/Toystack/dopams-backend-staging/node_modules/events/events.tsx' does not exist.
File 'd:/DOPAMS/Toystack/dopams-backend-staging/node_modules/events/events.d.ts' does not exist.
Loading module as file / folder, candidate module location 'd:/DOPAMS/Toystack/dopams-backend-staging/node_modules/events/events.js', target file types: TypeScript, Declaration.
File name 'd:/DOPAMS/Toystack/dopams-backend-staging/node_modules/events/events.js' has a '.js' extension - stripping it.
File 'd:/DOPAMS/Toystack/dopams-backend-staging/node_modules/events/events.ts' does not exist.
File 'd:/DOPAMS/Toystack/dopams-backend-staging/node_modules/events/events.tsx' does not exist.
File 'd:/DOPAMS/Toystack/dopams-backend-staging/node_modules/events/events.d.ts' does not exist.
File 'd:/DOPAMS/Toystack/dopams-backend-staging/node_modules/events/events.js.ts' does not exist.
File 'd:/DOPAMS/Toystack/dopams-backend-staging/node_modules/events/events.js.tsx' does not exist.
File 'd:/DOPAMS/Toystack/dopams-backend-staging/node_modules/events/events.js.d.ts' does not exist.
Directory 'd:/DOPAMS/Toystack/dopams-backend-staging/node_modules/events/events.js' does not exist, skipping all lookups in it.
File 'd:/DOPAMS/Toystack/dopams-backend-staging/node_modules/events/index.ts' does not exist.
File 'd:/DOPAMS/Toystack/dopams-backend-staging/node_modules/events/index.tsx' does not exist.
File 'd:/DOPAMS/Toystack/dopams-backend-staging/node_modules/events/index.d.ts' does not exist.
File 'd:/DOPAMS/Toystack/dopams-backend-staging/node_modules/@types/events.d.ts' does not exist.
Directory 'd:/DOPAMS/Toystack/node_modules' does not exist, skipping all lookups in it.
Directory 'd:/DOPAMS/node_modules' does not exist, skipping all lookups in it.
Directory 'd:/node_modules' does not exist, skipping all lookups in it.
Resolving real path for 'd:/DOPAMS/Toystack/dopams-backend-staging/node_modules/events/events.js', result 'D:/DOPAMS/Toystack/dopams-backend-staging/node_modules/events/events.js'.
======== Module name 'events' was successfully resolved to 'd:/DOPAMS/Toystack/dopams-backend-staging/node_modules/events/events.js' with Package ID 'events/events.js@1.1.1'. ========
======== Resolving module 'node:events' from 'd:/DOPAMS/Toystack/dopams-backend-staging/node_modules/@types/node/process.d.ts'. ========
Resolution for module 'node:events' was found in cache from location 'd:/DOPAMS/Toystack/dopams-backend-staging/node_modules/@types/node'.
======== Module name 'node:events' was not resolved. ========
======== Resolving module 'fs' from 'd:/DOPAMS/Toystack/dopams-backend-staging/node_modules/@types/node/process.d.ts'. ========
Explicitly specified module resolution kind: 'Node10'.
'baseUrl' option is set to 'd:/DOPAMS/Toystack/dopams-backend-staging/src', using this value to resolve non-relative module name 'fs'.
'paths' option is specified, looking for a pattern to match module name 'fs'.
'baseUrl' option is set to 'd:/DOPAMS/Toystack/dopams-backend-staging/src', using this value to resolve non-relative module name 'fs'.
Resolving module name 'fs' relative to base url 'd:/DOPAMS/Toystack/dopams-backend-staging/src' - 'd:/DOPAMS/Toystack/dopams-backend-staging/src/fs'.
Loading module as file / folder, candidate module location 'd:/DOPAMS/Toystack/dopams-backend-staging/src/fs', target file types: TypeScript, Declaration.
File 'd:/DOPAMS/Toystack/dopams-backend-staging/src/fs.ts' does not exist.
File 'd:/DOPAMS/Toystack/dopams-backend-staging/src/fs.tsx' does not exist.
File 'd:/DOPAMS/Toystack/dopams-backend-staging/src/fs.d.ts' does not exist.
Directory 'd:/DOPAMS/Toystack/dopams-backend-staging/src/fs' does not exist, skipping all lookups in it.
Loading module 'fs' from 'node_modules' folder, target file types: TypeScript, Declaration.
Searching all ancestor node_modules directories for preferred extensions: TypeScript, Declaration.
Directory 'd:/DOPAMS/Toystack/dopams-backend-staging/node_modules/@types/node/node_modules' does not exist, skipping all lookups in it.
Directory 'd:/DOPAMS/Toystack/dopams-backend-staging/node_modules/@types/node_modules' does not exist, skipping all lookups in it.
File 'd:/DOPAMS/Toystack/dopams-backend-staging/node_modules/fs.ts' does not exist.
File 'd:/DOPAMS/Toystack/dopams-backend-staging/node_modules/fs.tsx' does not exist.
File 'd:/DOPAMS/Toystack/dopams-backend-staging/node_modules/fs.d.ts' does not exist.
File 'd:/DOPAMS/Toystack/dopams-backend-staging/node_modules/@types/fs.d.ts' does not exist.
Directory 'd:/DOPAMS/Toystack/node_modules' does not exist, skipping all lookups in it.
Directory 'd:/DOPAMS/node_modules' does not exist, skipping all lookups in it.
Directory 'd:/node_modules' does not exist, skipping all lookups in it.
'baseUrl' option is set to 'd:/DOPAMS/Toystack/dopams-backend-staging/src', using this value to resolve non-relative module name 'fs'.
'paths' option is specified, looking for a pattern to match module name 'fs'.
'baseUrl' option is set to 'd:/DOPAMS/Toystack/dopams-backend-staging/src', using this value to resolve non-relative module name 'fs'.
Resolving module name 'fs' relative to base url 'd:/DOPAMS/Toystack/dopams-backend-staging/src' - 'd:/DOPAMS/Toystack/dopams-backend-staging/src/fs'.
Loading module as file / folder, candidate module location 'd:/DOPAMS/Toystack/dopams-backend-staging/src/fs', target file types: JavaScript, JSON.
File 'd:/DOPAMS/Toystack/dopams-backend-staging/src/fs.js' does not exist.
File 'd:/DOPAMS/Toystack/dopams-backend-staging/src/fs.jsx' does not exist.
Directory 'd:/DOPAMS/Toystack/dopams-backend-staging/src/fs' does not exist, skipping all lookups in it.
Loading module 'fs' from 'node_modules' folder, target file types: JavaScript, JSON.
Searching all ancestor node_modules directories for fallback extensions: JavaScript, JSON.
Directory 'd:/DOPAMS/Toystack/dopams-backend-staging/node_modules/@types/node/node_modules' does not exist, skipping all lookups in it.
Directory 'd:/DOPAMS/Toystack/dopams-backend-staging/node_modules/@types/node_modules' does not exist, skipping all lookups in it.
File 'd:/DOPAMS/Toystack/dopams-backend-staging/node_modules/fs.js' does not exist.
File 'd:/DOPAMS/Toystack/dopams-backend-staging/node_modules/fs.jsx' does not exist.
Directory 'd:/DOPAMS/Toystack/node_modules' does not exist, skipping all lookups in it.
Directory 'd:/DOPAMS/node_modules' does not exist, skipping all lookups in it.
Directory 'd:/node_modules' does not exist, skipping all lookups in it.
======== Module name 'fs' was not resolved. ========
======== Resolving module 'fs/promises' from 'd:/DOPAMS/Toystack/dopams-backend-staging/node_modules/@types/node/process.d.ts'. ========
Explicitly specified module resolution kind: 'Node10'.
'baseUrl' option is set to 'd:/DOPAMS/Toystack/dopams-backend-staging/src', using this value to resolve non-relative module name 'fs/promises'.
'paths' option is specified, looking for a pattern to match module name 'fs/promises'.
'baseUrl' option is set to 'd:/DOPAMS/Toystack/dopams-backend-staging/src', using this value to resolve non-relative module name 'fs/promises'.
Resolving module name 'fs/promises' relative to base url 'd:/DOPAMS/Toystack/dopams-backend-staging/src' - 'd:/DOPAMS/Toystack/dopams-backend-staging/src/fs/promises'.
Loading module as file / folder, candidate module location 'd:/DOPAMS/Toystack/dopams-backend-staging/src/fs/promises', target file types: TypeScript, Declaration.
Loading module 'fs/promises' from 'node_modules' folder, target file types: TypeScript, Declaration.
Searching all ancestor node_modules directories for preferred extensions: TypeScript, Declaration.
Directory 'd:/DOPAMS/Toystack/dopams-backend-staging/node_modules/@types/node/node_modules' does not exist, skipping all lookups in it.
Directory 'd:/DOPAMS/Toystack/dopams-backend-staging/node_modules/@types/node_modules' does not exist, skipping all lookups in it.
Directory 'd:/DOPAMS/Toystack/node_modules' does not exist, skipping all lookups in it.
Directory 'd:/DOPAMS/node_modules' does not exist, skipping all lookups in it.
Directory 'd:/node_modules' does not exist, skipping all lookups in it.
'baseUrl' option is set to 'd:/DOPAMS/Toystack/dopams-backend-staging/src', using this value to resolve non-relative module name 'fs/promises'.
'paths' option is specified, looking for a pattern to match module name 'fs/promises'.
'baseUrl' option is set to 'd:/DOPAMS/Toystack/dopams-backend-staging/src', using this value to resolve non-relative module name 'fs/promises'.
Resolving module name 'fs/promises' relative to base url 'd:/DOPAMS/Toystack/dopams-backend-staging/src' - 'd:/DOPAMS/Toystack/dopams-backend-staging/src/fs/promises'.
Loading module as file / folder, candidate module location 'd:/DOPAMS/Toystack/dopams-backend-staging/src/fs/promises', target file types: JavaScript, JSON.
Loading module 'fs/promises' from 'node_modules' folder, target file types: JavaScript, JSON.
Searching all ancestor node_modules directories for fallback extensions: JavaScript, JSON.
Directory 'd:/DOPAMS/Toystack/dopams-backend-staging/node_modules/@types/node/node_modules' does not exist, skipping all lookups in it.
Directory 'd:/DOPAMS/Toystack/dopams-backend-staging/node_modules/@types/node_modules' does not exist, skipping all lookups in it.
Directory 'd:/DOPAMS/Toystack/node_modules' does not exist, skipping all lookups in it.
Directory 'd:/DOPAMS/node_modules' does not exist, skipping all lookups in it.
Directory 'd:/node_modules' does not exist, skipping all lookups in it.
======== Module name 'fs/promises' was not resolved. ========
======== Resolving module 'node:fs/promises' from 'd:/DOPAMS/Toystack/dopams-backend-staging/node_modules/@types/node/process.d.ts'. ========
Resolution for module 'node:fs/promises' was found in cache from location 'd:/DOPAMS/Toystack/dopams-backend-staging/node_modules/@types/node'.
======== Module name 'node:fs/promises' was not resolved. ========
======== Resolving module 'http' from 'd:/DOPAMS/Toystack/dopams-backend-staging/node_modules/@types/node/process.d.ts'. ========
Explicitly specified module resolution kind: 'Node10'.
'baseUrl' option is set to 'd:/DOPAMS/Toystack/dopams-backend-staging/src', using this value to resolve non-relative module name 'http'.
'paths' option is specified, looking for a pattern to match module name 'http'.
'baseUrl' option is set to 'd:/DOPAMS/Toystack/dopams-backend-staging/src', using this value to resolve non-relative module name 'http'.
Resolving module name 'http' relative to base url 'd:/DOPAMS/Toystack/dopams-backend-staging/src' - 'd:/DOPAMS/Toystack/dopams-backend-staging/src/http'.
Loading module as file / folder, candidate module location 'd:/DOPAMS/Toystack/dopams-backend-staging/src/http', target file types: TypeScript, Declaration.
File 'd:/DOPAMS/Toystack/dopams-backend-staging/src/http.ts' does not exist.
File 'd:/DOPAMS/Toystack/dopams-backend-staging/src/http.tsx' does not exist.
File 'd:/DOPAMS/Toystack/dopams-backend-staging/src/http.d.ts' does not exist.
Directory 'd:/DOPAMS/Toystack/dopams-backend-staging/src/http' does not exist, skipping all lookups in it.
Loading module 'http' from 'node_modules' folder, target file types: TypeScript, Declaration.
Searching all ancestor node_modules directories for preferred extensions: TypeScript, Declaration.
Directory 'd:/DOPAMS/Toystack/dopams-backend-staging/node_modules/@types/node/node_modules' does not exist, skipping all lookups in it.
Directory 'd:/DOPAMS/Toystack/dopams-backend-staging/node_modules/@types/node_modules' does not exist, skipping all lookups in it.
File 'd:/DOPAMS/Toystack/dopams-backend-staging/node_modules/http.ts' does not exist.
File 'd:/DOPAMS/Toystack/dopams-backend-staging/node_modules/http.tsx' does not exist.
File 'd:/DOPAMS/Toystack/dopams-backend-staging/node_modules/http.d.ts' does not exist.
File 'd:/DOPAMS/Toystack/dopams-backend-staging/node_modules/@types/http.d.ts' does not exist.
Directory 'd:/DOPAMS/Toystack/node_modules' does not exist, skipping all lookups in it.
Directory 'd:/DOPAMS/node_modules' does not exist, skipping all lookups in it.
Directory 'd:/node_modules' does not exist, skipping all lookups in it.
'baseUrl' option is set to 'd:/DOPAMS/Toystack/dopams-backend-staging/src', using this value to resolve non-relative module name 'http'.
'paths' option is specified, looking for a pattern to match module name 'http'.
'baseUrl' option is set to 'd:/DOPAMS/Toystack/dopams-backend-staging/src', using this value to resolve non-relative module name 'http'.
Resolving module name 'http' relative to base url 'd:/DOPAMS/Toystack/dopams-backend-staging/src' - 'd:/DOPAMS/Toystack/dopams-backend-staging/src/http'.
Loading module as file / folder, candidate module location 'd:/DOPAMS/Toystack/dopams-backend-staging/src/http', target file types: JavaScript, JSON.
File 'd:/DOPAMS/Toystack/dopams-backend-staging/src/http.js' does not exist.
File 'd:/DOPAMS/Toystack/dopams-backend-staging/src/http.jsx' does not exist.
Directory 'd:/DOPAMS/Toystack/dopams-backend-staging/src/http' does not exist, skipping all lookups in it.
Loading module 'http' from 'node_modules' folder, target file types: JavaScript, JSON.
Searching all ancestor node_modules directories for fallback extensions: JavaScript, JSON.
Directory 'd:/DOPAMS/Toystack/dopams-backend-staging/node_modules/@types/node/node_modules' does not exist, skipping all lookups in it.
Directory 'd:/DOPAMS/Toystack/dopams-backend-staging/node_modules/@types/node_modules' does not exist, skipping all lookups in it.
File 'd:/DOPAMS/Toystack/dopams-backend-staging/node_modules/http.js' does not exist.
File 'd:/DOPAMS/Toystack/dopams-backend-staging/node_modules/http.jsx' does not exist.
Directory 'd:/DOPAMS/Toystack/node_modules' does not exist, skipping all lookups in it.
Directory 'd:/DOPAMS/node_modules' does not exist, skipping all lookups in it.
Directory 'd:/node_modules' does not exist, skipping all lookups in it.
======== Module name 'http' was not resolved. ========
======== Resolving module 'node:http' from 'd:/DOPAMS/Toystack/dopams-backend-staging/node_modules/@types/node/process.d.ts'. ========
Resolution for module 'node:http' was found in cache from location 'd:/DOPAMS/Toystack/dopams-backend-staging/node_modules/@types/node'.
======== Module name 'node:http' was not resolved. ========
======== Resolving module 'http2' from 'd:/DOPAMS/Toystack/dopams-backend-staging/node_modules/@types/node/process.d.ts'. ========
Explicitly specified module resolution kind: 'Node10'.
'baseUrl' option is set to 'd:/DOPAMS/Toystack/dopams-backend-staging/src', using this value to resolve non-relative module name 'http2'.
'paths' option is specified, looking for a pattern to match module name 'http2'.
'baseUrl' option is set to 'd:/DOPAMS/Toystack/dopams-backend-staging/src', using this value to resolve non-relative module name 'http2'.
Resolving module name 'http2' relative to base url 'd:/DOPAMS/Toystack/dopams-backend-staging/src' - 'd:/DOPAMS/Toystack/dopams-backend-staging/src/http2'.
Loading module as file / folder, candidate module location 'd:/DOPAMS/Toystack/dopams-backend-staging/src/http2', target file types: TypeScript, Declaration.
File 'd:/DOPAMS/Toystack/dopams-backend-staging/src/http2.ts' does not exist.
File 'd:/DOPAMS/Toystack/dopams-backend-staging/src/http2.tsx' does not exist.
File 'd:/DOPAMS/Toystack/dopams-backend-staging/src/http2.d.ts' does not exist.
Directory 'd:/DOPAMS/Toystack/dopams-backend-staging/src/http2' does not exist, skipping all lookups in it.
Loading module 'http2' from 'node_modules' folder, target file types: TypeScript, Declaration.
Searching all ancestor node_modules directories for preferred extensions: TypeScript, Declaration.
Directory 'd:/DOPAMS/Toystack/dopams-backend-staging/node_modules/@types/node/node_modules' does not exist, skipping all lookups in it.
Directory 'd:/DOPAMS/Toystack/dopams-backend-staging/node_modules/@types/node_modules' does not exist, skipping all lookups in it.
File 'd:/DOPAMS/Toystack/dopams-backend-staging/node_modules/http2.ts' does not exist.
File 'd:/DOPAMS/Toystack/dopams-backend-staging/node_modules/http2.tsx' does not exist.
File 'd:/DOPAMS/Toystack/dopams-backend-staging/node_modules/http2.d.ts' does not exist.
File 'd:/DOPAMS/Toystack/dopams-backend-staging/node_modules/@types/http2.d.ts' does not exist.
Directory 'd:/DOPAMS/Toystack/node_modules' does not exist, skipping all lookups in it.
Directory 'd:/DOPAMS/node_modules' does not exist, skipping all lookups in it.
Directory 'd:/node_modules' does not exist, skipping all lookups in it.
'baseUrl' option is set to 'd:/DOPAMS/Toystack/dopams-backend-staging/src', using this value to resolve non-relative module name 'http2'.
'paths' option is specified, looking for a pattern to match module name 'http2'.
'baseUrl' option is set to 'd:/DOPAMS/Toystack/dopams-backend-staging/src', using this value to resolve non-relative module name 'http2'.
Resolving module name 'http2' relative to base url 'd:/DOPAMS/Toystack/dopams-backend-staging/src' - 'd:/DOPAMS/Toystack/dopams-backend-staging/src/http2'.
Loading module as file / folder, candidate module location 'd:/DOPAMS/Toystack/dopams-backend-staging/src/http2', target file types: JavaScript, JSON.
File 'd:/DOPAMS/Toystack/dopams-backend-staging/src/http2.js' does not exist.
File 'd:/DOPAMS/Toystack/dopams-backend-staging/src/http2.jsx' does not exist.
Directory 'd:/DOPAMS/Toystack/dopams-backend-staging/src/http2' does not exist, skipping all lookups in it.
Loading module 'http2' from 'node_modules' folder, target file types: JavaScript, JSON.
Searching all ancestor node_modules directories for fallback extensions: JavaScript, JSON.
Directory 'd:/DOPAMS/Toystack/dopams-backend-staging/node_modules/@types/node/node_modules' does not exist, skipping all lookups in it.
Directory 'd:/DOPAMS/Toystack/dopams-backend-staging/node_modules/@types/node_modules' does not exist, skipping all lookups in it.
File 'd:/DOPAMS/Toystack/dopams-backend-staging/node_modules/http2.js' does not exist.
File 'd:/DOPAMS/Toystack/dopams-backend-staging/node_modules/http2.jsx' does not exist.
Directory 'd:/DOPAMS/Toystack/node_modules' does not exist, skipping all lookups in it.
Directory 'd:/DOPAMS/node_modules' does not exist, skipping all lookups in it.
Directory 'd:/node_modules' does not exist, skipping all lookups in it.
======== Module name 'http2' was not resolved. ========
======== Resolving module 'node:http2' from 'd:/DOPAMS/Toystack/dopams-backend-staging/node_modules/@types/node/process.d.ts'. ========
Explicitly specified module resolution kind: 'Node10'.
'baseUrl' option is set to 'd:/DOPAMS/Toystack/dopams-backend-staging/src', using this value to resolve non-relative module name 'node:http2'.
'paths' option is specified, looking for a pattern to match module name 'node:http2'.
'baseUrl' option is set to 'd:/DOPAMS/Toystack/dopams-backend-staging/src', using this value to resolve non-relative module name 'node:http2'.
Resolving module name 'node:http2' relative to base url 'd:/DOPAMS/Toystack/dopams-backend-staging/src' - 'd:/DOPAMS/Toystack/dopams-backend-staging/src/node:http2'.
Loading module as file / folder, candidate module location 'd:/DOPAMS/Toystack/dopams-backend-staging/src/node:http2', target file types: TypeScript, Declaration.
File 'd:/DOPAMS/Toystack/dopams-backend-staging/src/node:http2.ts' does not exist.
File 'd:/DOPAMS/Toystack/dopams-backend-staging/src/node:http2.tsx' does not exist.
File 'd:/DOPAMS/Toystack/dopams-backend-staging/src/node:http2.d.ts' does not exist.
Directory 'd:/DOPAMS/Toystack/dopams-backend-staging/src/node:http2' does not exist, skipping all lookups in it.
Skipping module 'node:http2' that looks like an absolute URI, target file types: TypeScript, Declaration.
'baseUrl' option is set to 'd:/DOPAMS/Toystack/dopams-backend-staging/src', using this value to resolve non-relative module name 'node:http2'.
'paths' option is specified, looking for a pattern to match module name 'node:http2'.
'baseUrl' option is set to 'd:/DOPAMS/Toystack/dopams-backend-staging/src', using this value to resolve non-relative module name 'node:http2'.
Resolving module name 'node:http2' relative to base url 'd:/DOPAMS/Toystack/dopams-backend-staging/src' - 'd:/DOPAMS/Toystack/dopams-backend-staging/src/node:http2'.
Loading module as file / folder, candidate module location 'd:/DOPAMS/Toystack/dopams-backend-staging/src/node:http2', target file types: JavaScript, JSON.
File 'd:/DOPAMS/Toystack/dopams-backend-staging/src/node:http2.js' does not exist.
File 'd:/DOPAMS/Toystack/dopams-backend-staging/src/node:http2.jsx' does not exist.
Directory 'd:/DOPAMS/Toystack/dopams-backend-staging/src/node:http2' does not exist, skipping all lookups in it.
Skipping module 'node:http2' that looks like an absolute URI, target file types: JavaScript, JSON.
======== Module name 'node:http2' was not resolved. ========
======== Resolving module 'https' from 'd:/DOPAMS/Toystack/dopams-backend-staging/node_modules/@types/node/process.d.ts'. ========
Explicitly specified module resolution kind: 'Node10'.
'baseUrl' option is set to 'd:/DOPAMS/Toystack/dopams-backend-staging/src', using this value to resolve non-relative module name 'https'.
'paths' option is specified, looking for a pattern to match module name 'https'.
'baseUrl' option is set to 'd:/DOPAMS/Toystack/dopams-backend-staging/src', using this value to resolve non-relative module name 'https'.
Resolving module name 'https' relative to base url 'd:/DOPAMS/Toystack/dopams-backend-staging/src' - 'd:/DOPAMS/Toystack/dopams-backend-staging/src/https'.
Loading module as file / folder, candidate module location 'd:/DOPAMS/Toystack/dopams-backend-staging/src/https', target file types: TypeScript, Declaration.
File 'd:/DOPAMS/Toystack/dopams-backend-staging/src/https.ts' does not exist.
File 'd:/DOPAMS/Toystack/dopams-backend-staging/src/https.tsx' does not exist.
File 'd:/DOPAMS/Toystack/dopams-backend-staging/src/https.d.ts' does not exist.
Directory 'd:/DOPAMS/Toystack/dopams-backend-staging/src/https' does not exist, skipping all lookups in it.
Loading module 'https' from 'node_modules' folder, target file types: TypeScript, Declaration.
Searching all ancestor node_modules directories for preferred extensions: TypeScript, Declaration.
Directory 'd:/DOPAMS/Toystack/dopams-backend-staging/node_modules/@types/node/node_modules' does not exist, skipping all lookups in it.
Directory 'd:/DOPAMS/Toystack/dopams-backend-staging/node_modules/@types/node_modules' does not exist, skipping all lookups in it.
File 'd:/DOPAMS/Toystack/dopams-backend-staging/node_modules/https.ts' does not exist.
File 'd:/DOPAMS/Toystack/dopams-backend-staging/node_modules/https.tsx' does not exist.
File 'd:/DOPAMS/Toystack/dopams-backend-staging/node_modules/https.d.ts' does not exist.
File 'd:/DOPAMS/Toystack/dopams-backend-staging/node_modules/@types/https.d.ts' does not exist.
Directory 'd:/DOPAMS/Toystack/node_modules' does not exist, skipping all lookups in it.
Directory 'd:/DOPAMS/node_modules' does not exist, skipping all lookups in it.
Directory 'd:/node_modules' does not exist, skipping all lookups in it.
'baseUrl' option is set to 'd:/DOPAMS/Toystack/dopams-backend-staging/src', using this value to resolve non-relative module name 'https'.
'paths' option is specified, looking for a pattern to match module name 'https'.
'baseUrl' option is set to 'd:/DOPAMS/Toystack/dopams-backend-staging/src', using this value to resolve non-relative module name 'https'.
Resolving module name 'https' relative to base url 'd:/DOPAMS/Toystack/dopams-backend-staging/src' - 'd:/DOPAMS/Toystack/dopams-backend-staging/src/https'.
Loading module as file / folder, candidate module location 'd:/DOPAMS/Toystack/dopams-backend-staging/src/https', target file types: JavaScript, JSON.
File 'd:/DOPAMS/Toystack/dopams-backend-staging/src/https.js' does not exist.
File 'd:/DOPAMS/Toystack/dopams-backend-staging/src/https.jsx' does not exist.
Directory 'd:/DOPAMS/Toystack/dopams-backend-staging/src/https' does not exist, skipping all lookups in it.
Loading module 'https' from 'node_modules' folder, target file types: JavaScript, JSON.
Searching all ancestor node_modules directories for fallback extensions: JavaScript, JSON.
Directory 'd:/DOPAMS/Toystack/dopams-backend-staging/node_modules/@types/node/node_modules' does not exist, skipping all lookups in it.
Directory 'd:/DOPAMS/Toystack/dopams-backend-staging/node_modules/@types/node_modules' does not exist, skipping all lookups in it.
File 'd:/DOPAMS/Toystack/dopams-backend-staging/node_modules/https.js' does not exist.
File 'd:/DOPAMS/Toystack/dopams-backend-staging/node_modules/https.jsx' does not exist.
Directory 'd:/DOPAMS/Toystack/node_modules' does not exist, skipping all lookups in it.
Directory 'd:/DOPAMS/node_modules' does not exist, skipping all lookups in it.
Directory 'd:/node_modules' does not exist, skipping all lookups in it.
======== Module name 'https' was not resolved. ========
======== Resolving module 'node:https' from 'd:/DOPAMS/Toystack/dopams-backend-staging/node_modules/@types/node/process.d.ts'. ========
Explicitly specified module resolution kind: 'Node10'.
'baseUrl' option is set to 'd:/DOPAMS/Toystack/dopams-backend-staging/src', using this value to resolve non-relative module name 'node:https'.
'paths' option is specified, looking for a pattern to match module name 'node:https'.
'baseUrl' option is set to 'd:/DOPAMS/Toystack/dopams-backend-staging/src', using this value to resolve non-relative module name 'node:https'.
Resolving module name 'node:https' relative to base url 'd:/DOPAMS/Toystack/dopams-backend-staging/src' - 'd:/DOPAMS/Toystack/dopams-backend-staging/src/node:https'.
Loading module as file / folder, candidate module location 'd:/DOPAMS/Toystack/dopams-backend-staging/src/node:https', target file types: TypeScript, Declaration.
File 'd:/DOPAMS/Toystack/dopams-backend-staging/src/node:https.ts' does not exist.
File 'd:/DOPAMS/Toystack/dopams-backend-staging/src/node:https.tsx' does not exist.
File 'd:/DOPAMS/Toystack/dopams-backend-staging/src/node:https.d.ts' does not exist.
Directory 'd:/DOPAMS/Toystack/dopams-backend-staging/src/node:https' does not exist, skipping all lookups in it.
Skipping module 'node:https' that looks like an absolute URI, target file types: TypeScript, Declaration.
'baseUrl' option is set to 'd:/DOPAMS/Toystack/dopams-backend-staging/src', using this value to resolve non-relative module name 'node:https'.
'paths' option is specified, looking for a pattern to match module name 'node:https'.
'baseUrl' option is set to 'd:/DOPAMS/Toystack/dopams-backend-staging/src', using this value to resolve non-relative module name 'node:https'.
Resolving module name 'node:https' relative to base url 'd:/DOPAMS/Toystack/dopams-backend-staging/src' - 'd:/DOPAMS/Toystack/dopams-backend-staging/src/node:https'.
Loading module as file / folder, candidate module location 'd:/DOPAMS/Toystack/dopams-backend-staging/src/node:https', target file types: JavaScript, JSON.
File 'd:/DOPAMS/Toystack/dopams-backend-staging/src/node:https.js' does not exist.
File 'd:/DOPAMS/Toystack/dopams-backend-staging/src/node:https.jsx' does not exist.
Directory 'd:/DOPAMS/Toystack/dopams-backend-staging/src/node:https' does not exist, skipping all lookups in it.
Skipping module 'node:https' that looks like an absolute URI, target file types: JavaScript, JSON.
======== Module name 'node:https' was not resolved. ========
======== Resolving module 'inspector' from 'd:/DOPAMS/Toystack/dopams-backend-staging/node_modules/@types/node/process.d.ts'. ========
Explicitly specified module resolution kind: 'Node10'.
'baseUrl' option is set to 'd:/DOPAMS/Toystack/dopams-backend-staging/src', using this value to resolve non-relative module name 'inspector'.
'paths' option is specified, looking for a pattern to match module name 'inspector'.
'baseUrl' option is set to 'd:/DOPAMS/Toystack/dopams-backend-staging/src', using this value to resolve non-relative module name 'inspector'.
Resolving module name 'inspector' relative to base url 'd:/DOPAMS/Toystack/dopams-backend-staging/src' - 'd:/DOPAMS/Toystack/dopams-backend-staging/src/inspector'.
Loading module as file / folder, candidate module location 'd:/DOPAMS/Toystack/dopams-backend-staging/src/inspector', target file types: TypeScript, Declaration.
File 'd:/DOPAMS/Toystack/dopams-backend-staging/src/inspector.ts' does not exist.
File 'd:/DOPAMS/Toystack/dopams-backend-staging/src/inspector.tsx' does not exist.
File 'd:/DOPAMS/Toystack/dopams-backend-staging/src/inspector.d.ts' does not exist.
Directory 'd:/DOPAMS/Toystack/dopams-backend-staging/src/inspector' does not exist, skipping all lookups in it.
Loading module 'inspector' from 'node_modules' folder, target file types: TypeScript, Declaration.
Searching all ancestor node_modules directories for preferred extensions: TypeScript, Declaration.
Directory 'd:/DOPAMS/Toystack/dopams-backend-staging/node_modules/@types/node/node_modules' does not exist, skipping all lookups in it.
Directory 'd:/DOPAMS/Toystack/dopams-backend-staging/node_modules/@types/node_modules' does not exist, skipping all lookups in it.
File 'd:/DOPAMS/Toystack/dopams-backend-staging/node_modules/inspector.ts' does not exist.
File 'd:/DOPAMS/Toystack/dopams-backend-staging/node_modules/inspector.tsx' does not exist.
File 'd:/DOPAMS/Toystack/dopams-backend-staging/node_modules/inspector.d.ts' does not exist.
File 'd:/DOPAMS/Toystack/dopams-backend-staging/node_modules/@types/inspector.d.ts' does not exist.
Directory 'd:/DOPAMS/Toystack/node_modules' does not exist, skipping all lookups in it.
Directory 'd:/DOPAMS/node_modules' does not exist, skipping all lookups in it.
Directory 'd:/node_modules' does not exist, skipping all lookups in it.
'baseUrl' option is set to 'd:/DOPAMS/Toystack/dopams-backend-staging/src', using this value to resolve non-relative module name 'inspector'.
'paths' option is specified, looking for a pattern to match module name 'inspector'.
'baseUrl' option is set to 'd:/DOPAMS/Toystack/dopams-backend-staging/src', using this value to resolve non-relative module name 'inspector'.
Resolving module name 'inspector' relative to base url 'd:/DOPAMS/Toystack/dopams-backend-staging/src' - 'd:/DOPAMS/Toystack/dopams-backend-staging/src/inspector'.
Loading module as file / folder, candidate module location 'd:/DOPAMS/Toystack/dopams-backend-staging/src/inspector', target file types: JavaScript, JSON.
File 'd:/DOPAMS/Toystack/dopams-backend-staging/src/inspector.js' does not exist.
File 'd:/DOPAMS/Toystack/dopams-backend-staging/src/inspector.jsx' does not exist.
Directory 'd:/DOPAMS/Toystack/dopams-backend-staging/src/inspector' does not exist, skipping all lookups in it.
Loading module 'inspector' from 'node_modules' folder, target file types: JavaScript, JSON.
Searching all ancestor node_modules directories for fallback extensions: JavaScript, JSON.
Directory 'd:/DOPAMS/Toystack/dopams-backend-staging/node_modules/@types/node/node_modules' does not exist, skipping all lookups in it.
Directory 'd:/DOPAMS/Toystack/dopams-backend-staging/node_modules/@types/node_modules' does not exist, skipping all lookups in it.
File 'd:/DOPAMS/Toystack/dopams-backend-staging/node_modules/inspector.js' does not exist.
File 'd:/DOPAMS/Toystack/dopams-backend-staging/node_modules/inspector.jsx' does not exist.
Directory 'd:/DOPAMS/Toystack/node_modules' does not exist, skipping all lookups in it.
Directory 'd:/DOPAMS/node_modules' does not exist, skipping all lookups in it.
Directory 'd:/node_modules' does not exist, skipping all lookups in it.
======== Module name 'inspector' was not resolved. ========
======== Resolving module 'node:inspector' from 'd:/DOPAMS/Toystack/dopams-backend-staging/node_modules/@types/node/process.d.ts'. ========
Explicitly specified module resolution kind: 'Node10'.
'baseUrl' option is set to 'd:/DOPAMS/Toystack/dopams-backend-staging/src', using this value to resolve non-relative module name 'node:inspector'.
'paths' option is specified, looking for a pattern to match module name 'node:inspector'.
'baseUrl' option is set to 'd:/DOPAMS/Toystack/dopams-backend-staging/src', using this value to resolve non-relative module name 'node:inspector'.
Resolving module name 'node:inspector' relative to base url 'd:/DOPAMS/Toystack/dopams-backend-staging/src' - 'd:/DOPAMS/Toystack/dopams-backend-staging/src/node:inspector'.
Loading module as file / folder, candidate module location 'd:/DOPAMS/Toystack/dopams-backend-staging/src/node:inspector', target file types: TypeScript, Declaration.
File 'd:/DOPAMS/Toystack/dopams-backend-staging/src/node:inspector.ts' does not exist.
File 'd:/DOPAMS/Toystack/dopams-backend-staging/src/node:inspector.tsx' does not exist.
File 'd:/DOPAMS/Toystack/dopams-backend-staging/src/node:inspector.d.ts' does not exist.
Directory 'd:/DOPAMS/Toystack/dopams-backend-staging/src/node:inspector' does not exist, skipping all lookups in it.
Skipping module 'node:inspector' that looks like an absolute URI, target file types: TypeScript, Declaration.
'baseUrl' option is set to 'd:/DOPAMS/Toystack/dopams-backend-staging/src', using this value to resolve non-relative module name 'node:inspector'.
'paths' option is specified, looking for a pattern to match module name 'node:inspector'.
'baseUrl' option is set to 'd:/DOPAMS/Toystack/dopams-backend-staging/src', using this value to resolve non-relative module name 'node:inspector'.
Resolving module name 'node:inspector' relative to base url 'd:/DOPAMS/Toystack/dopams-backend-staging/src' - 'd:/DOPAMS/Toystack/dopams-backend-staging/src/node:inspector'.
Loading module as file / folder, candidate module location 'd:/DOPAMS/Toystack/dopams-backend-staging/src/node:inspector', target file types: JavaScript, JSON.
File 'd:/DOPAMS/Toystack/dopams-backend-staging/src/node:inspector.js' does not exist.
File 'd:/DOPAMS/Toystack/dopams-backend-staging/src/node:inspector.jsx' does not exist.
Directory 'd:/DOPAMS/Toystack/dopams-backend-staging/src/node:inspector' does not exist, skipping all lookups in it.
Skipping module 'node:inspector' that looks like an absolute URI, target file types: JavaScript, JSON.
======== Module name 'node:inspector' was not resolved. ========
======== Resolving module 'inspector/promises' from 'd:/DOPAMS/Toystack/dopams-backend-staging/node_modules/@types/node/process.d.ts'. ========
Explicitly specified module resolution kind: 'Node10'.
'baseUrl' option is set to 'd:/DOPAMS/Toystack/dopams-backend-staging/src', using this value to resolve non-relative module name 'inspector/promises'.
'paths' option is specified, looking for a pattern to match module name 'inspector/promises'.
'baseUrl' option is set to 'd:/DOPAMS/Toystack/dopams-backend-staging/src', using this value to resolve non-relative module name 'inspector/promises'.
Resolving module name 'inspector/promises' relative to base url 'd:/DOPAMS/Toystack/dopams-backend-staging/src' - 'd:/DOPAMS/Toystack/dopams-backend-staging/src/inspector/promises'.
Loading module as file / folder, candidate module location 'd:/DOPAMS/Toystack/dopams-backend-staging/src/inspector/promises', target file types: TypeScript, Declaration.
Loading module 'inspector/promises' from 'node_modules' folder, target file types: TypeScript, Declaration.
Searching all ancestor node_modules directories for preferred extensions: TypeScript, Declaration.
Directory 'd:/DOPAMS/Toystack/dopams-backend-staging/node_modules/@types/node/node_modules' does not exist, skipping all lookups in it.
Directory 'd:/DOPAMS/Toystack/dopams-backend-staging/node_modules/@types/node_modules' does not exist, skipping all lookups in it.
Directory 'd:/DOPAMS/Toystack/node_modules' does not exist, skipping all lookups in it.
Directory 'd:/DOPAMS/node_modules' does not exist, skipping all lookups in it.
Directory 'd:/node_modules' does not exist, skipping all lookups in it.
'baseUrl' option is set to 'd:/DOPAMS/Toystack/dopams-backend-staging/src', using this value to resolve non-relative module name 'inspector/promises'.
'paths' option is specified, looking for a pattern to match module name 'inspector/promises'.
'baseUrl' option is set to 'd:/DOPAMS/Toystack/dopams-backend-staging/src', using this value to resolve non-relative module name 'inspector/promises'.
Resolving module name 'inspector/promises' relative to base url 'd:/DOPAMS/Toystack/dopams-backend-staging/src' - 'd:/DOPAMS/Toystack/dopams-backend-staging/src/inspector/promises'.
Loading module as file / folder, candidate module location 'd:/DOPAMS/Toystack/dopams-backend-staging/src/inspector/promises', target file types: JavaScript, JSON.
Loading module 'inspector/promises' from 'node_modules' folder, target file types: JavaScript, JSON.
Searching all ancestor node_modules directories for fallback extensions: JavaScript, JSON.
Directory 'd:/DOPAMS/Toystack/dopams-backend-staging/node_modules/@types/node/node_modules' does not exist, skipping all lookups in it.
Directory 'd:/DOPAMS/Toystack/dopams-backend-staging/node_modules/@types/node_modules' does not exist, skipping all lookups in it.
Directory 'd:/DOPAMS/Toystack/node_modules' does not exist, skipping all lookups in it.
Directory 'd:/DOPAMS/node_modules' does not exist, skipping all lookups in it.
Directory 'd:/node_modules' does not exist, skipping all lookups in it.
======== Module name 'inspector/promises' was not resolved. ========
======== Resolving module 'node:inspector/promises' from 'd:/DOPAMS/Toystack/dopams-backend-staging/node_modules/@types/node/process.d.ts'. ========
Explicitly specified module resolution kind: 'Node10'.
'baseUrl' option is set to 'd:/DOPAMS/Toystack/dopams-backend-staging/src', using this value to resolve non-relative module name 'node:inspector/promises'.
'paths' option is specified, looking for a pattern to match module name 'node:inspector/promises'.
'baseUrl' option is set to 'd:/DOPAMS/Toystack/dopams-backend-staging/src', using this value to resolve non-relative module name 'node:inspector/promises'.
Resolving module name 'node:inspector/promises' relative to base url 'd:/DOPAMS/Toystack/dopams-backend-staging/src' - 'd:/DOPAMS/Toystack/dopams-backend-staging/src/node:inspector/promises'.
Loading module as file / folder, candidate module location 'd:/DOPAMS/Toystack/dopams-backend-staging/src/node:inspector/promises', target file types: TypeScript, Declaration.
Skipping module 'node:inspector/promises' that looks like an absolute URI, target file types: TypeScript, Declaration.
'baseUrl' option is set to 'd:/DOPAMS/Toystack/dopams-backend-staging/src', using this value to resolve non-relative module name 'node:inspector/promises'.
'paths' option is specified, looking for a pattern to match module name 'node:inspector/promises'.
'baseUrl' option is set to 'd:/DOPAMS/Toystack/dopams-backend-staging/src', using this value to resolve non-relative module name 'node:inspector/promises'.
Resolving module name 'node:inspector/promises' relative to base url 'd:/DOPAMS/Toystack/dopams-backend-staging/src' - 'd:/DOPAMS/Toystack/dopams-backend-staging/src/node:inspector/promises'.
Loading module as file / folder, candidate module location 'd:/DOPAMS/Toystack/dopams-backend-staging/src/node:inspector/promises', target file types: JavaScript, JSON.
Skipping module 'node:inspector/promises' that looks like an absolute URI, target file types: JavaScript, JSON.
======== Module name 'node:inspector/promises' was not resolved. ========
======== Resolving module 'module' from 'd:/DOPAMS/Toystack/dopams-backend-staging/node_modules/@types/node/process.d.ts'. ========
Explicitly specified module resolution kind: 'Node10'.
'baseUrl' option is set to 'd:/DOPAMS/Toystack/dopams-backend-staging/src', using this value to resolve non-relative module name 'module'.
'paths' option is specified, looking for a pattern to match module name 'module'.
'baseUrl' option is set to 'd:/DOPAMS/Toystack/dopams-backend-staging/src', using this value to resolve non-relative module name 'module'.
Resolving module name 'module' relative to base url 'd:/DOPAMS/Toystack/dopams-backend-staging/src' - 'd:/DOPAMS/Toystack/dopams-backend-staging/src/module'.
Loading module as file / folder, candidate module location 'd:/DOPAMS/Toystack/dopams-backend-staging/src/module', target file types: TypeScript, Declaration.
File 'd:/DOPAMS/Toystack/dopams-backend-staging/src/module.ts' does not exist.
File 'd:/DOPAMS/Toystack/dopams-backend-staging/src/module.tsx' does not exist.
File 'd:/DOPAMS/Toystack/dopams-backend-staging/src/module.d.ts' does not exist.
Directory 'd:/DOPAMS/Toystack/dopams-backend-staging/src/module' does not exist, skipping all lookups in it.
Loading module 'module' from 'node_modules' folder, target file types: TypeScript, Declaration.
Searching all ancestor node_modules directories for preferred extensions: TypeScript, Declaration.
Directory 'd:/DOPAMS/Toystack/dopams-backend-staging/node_modules/@types/node/node_modules' does not exist, skipping all lookups in it.
Directory 'd:/DOPAMS/Toystack/dopams-backend-staging/node_modules/@types/node_modules' does not exist, skipping all lookups in it.
File 'd:/DOPAMS/Toystack/dopams-backend-staging/node_modules/module.ts' does not exist.
File 'd:/DOPAMS/Toystack/dopams-backend-staging/node_modules/module.tsx' does not exist.
File 'd:/DOPAMS/Toystack/dopams-backend-staging/node_modules/module.d.ts' does not exist.
File 'd:/DOPAMS/Toystack/dopams-backend-staging/node_modules/@types/module.d.ts' does not exist.
Directory 'd:/DOPAMS/Toystack/node_modules' does not exist, skipping all lookups in it.
Directory 'd:/DOPAMS/node_modules' does not exist, skipping all lookups in it.
Directory 'd:/node_modules' does not exist, skipping all lookups in it.
'baseUrl' option is set to 'd:/DOPAMS/Toystack/dopams-backend-staging/src', using this value to resolve non-relative module name 'module'.
'paths' option is specified, looking for a pattern to match module name 'module'.
'baseUrl' option is set to 'd:/DOPAMS/Toystack/dopams-backend-staging/src', using this value to resolve non-relative module name 'module'.
Resolving module name 'module' relative to base url 'd:/DOPAMS/Toystack/dopams-backend-staging/src' - 'd:/DOPAMS/Toystack/dopams-backend-staging/src/module'.
Loading module as file / folder, candidate module location 'd:/DOPAMS/Toystack/dopams-backend-staging/src/module', target file types: JavaScript, JSON.
File 'd:/DOPAMS/Toystack/dopams-backend-staging/src/module.js' does not exist.
File 'd:/DOPAMS/Toystack/dopams-backend-staging/src/module.jsx' does not exist.
Directory 'd:/DOPAMS/Toystack/dopams-backend-staging/src/module' does not exist, skipping all lookups in it.
Loading module 'module' from 'node_modules' folder, target file types: JavaScript, JSON.
Searching all ancestor node_modules directories for fallback extensions: JavaScript, JSON.
Directory 'd:/DOPAMS/Toystack/dopams-backend-staging/node_modules/@types/node/node_modules' does not exist, skipping all lookups in it.
Directory 'd:/DOPAMS/Toystack/dopams-backend-staging/node_modules/@types/node_modules' does not exist, skipping all lookups in it.
File 'd:/DOPAMS/Toystack/dopams-backend-staging/node_modules/module.js' does not exist.
File 'd:/DOPAMS/Toystack/dopams-backend-staging/node_modules/module.jsx' does not exist.
Directory 'd:/DOPAMS/Toystack/node_modules' does not exist, skipping all lookups in it.
Directory 'd:/DOPAMS/node_modules' does not exist, skipping all lookups in it.
Directory 'd:/node_modules' does not exist, skipping all lookups in it.
======== Module name 'module' was not resolved. ========
======== Resolving module 'node:module' from 'd:/DOPAMS/Toystack/dopams-backend-staging/node_modules/@types/node/process.d.ts'. ========
Explicitly specified module resolution kind: 'Node10'.
'baseUrl' option is set to 'd:/DOPAMS/Toystack/dopams-backend-staging/src', using this value to resolve non-relative module name 'node:module'.
'paths' option is specified, looking for a pattern to match module name 'node:module'.
'baseUrl' option is set to 'd:/DOPAMS/Toystack/dopams-backend-staging/src', using this value to resolve non-relative module name 'node:module'.
Resolving module name 'node:module' relative to base url 'd:/DOPAMS/Toystack/dopams-backend-staging/src' - 'd:/DOPAMS/Toystack/dopams-backend-staging/src/node:module'.
Loading module as file / folder, candidate module location 'd:/DOPAMS/Toystack/dopams-backend-staging/src/node:module', target file types: TypeScript, Declaration.
File 'd:/DOPAMS/Toystack/dopams-backend-staging/src/node:module.ts' does not exist.
File 'd:/DOPAMS/Toystack/dopams-backend-staging/src/node:module.tsx' does not exist.
File 'd:/DOPAMS/Toystack/dopams-backend-staging/src/node:module.d.ts' does not exist.
Directory 'd:/DOPAMS/Toystack/dopams-backend-staging/src/node:module' does not exist, skipping all lookups in it.
Skipping module 'node:module' that looks like an absolute URI, target file types: TypeScript, Declaration.
'baseUrl' option is set to 'd:/DOPAMS/Toystack/dopams-backend-staging/src', using this value to resolve non-relative module name 'node:module'.
'paths' option is specified, looking for a pattern to match module name 'node:module'.
'baseUrl' option is set to 'd:/DOPAMS/Toystack/dopams-backend-staging/src', using this value to resolve non-relative module name 'node:module'.
Resolving module name 'node:module' relative to base url 'd:/DOPAMS/Toystack/dopams-backend-staging/src' - 'd:/DOPAMS/Toystack/dopams-backend-staging/src/node:module'.
Loading module as file / folder, candidate module location 'd:/DOPAMS/Toystack/dopams-backend-staging/src/node:module', target file types: JavaScript, JSON.
File 'd:/DOPAMS/Toystack/dopams-backend-staging/src/node:module.js' does not exist.
File 'd:/DOPAMS/Toystack/dopams-backend-staging/src/node:module.jsx' does not exist.
Directory 'd:/DOPAMS/Toystack/dopams-backend-staging/src/node:module' does not exist, skipping all lookups in it.
Skipping module 'node:module' that looks like an absolute URI, target file types: JavaScript, JSON.
======== Module name 'node:module' was not resolved. ========
======== Resolving module 'net' from 'd:/DOPAMS/Toystack/dopams-backend-staging/node_modules/@types/node/process.d.ts'. ========
Explicitly specified module resolution kind: 'Node10'.
'baseUrl' option is set to 'd:/DOPAMS/Toystack/dopams-backend-staging/src', using this value to resolve non-relative module name 'net'.
'paths' option is specified, looking for a pattern to match module name 'net'.
'baseUrl' option is set to 'd:/DOPAMS/Toystack/dopams-backend-staging/src', using this value to resolve non-relative module name 'net'.
Resolving module name 'net' relative to base url 'd:/DOPAMS/Toystack/dopams-backend-staging/src' - 'd:/DOPAMS/Toystack/dopams-backend-staging/src/net'.
Loading module as file / folder, candidate module location 'd:/DOPAMS/Toystack/dopams-backend-staging/src/net', target file types: TypeScript, Declaration.
File 'd:/DOPAMS/Toystack/dopams-backend-staging/src/net.ts' does not exist.
File 'd:/DOPAMS/Toystack/dopams-backend-staging/src/net.tsx' does not exist.
File 'd:/DOPAMS/Toystack/dopams-backend-staging/src/net.d.ts' does not exist.
Directory 'd:/DOPAMS/Toystack/dopams-backend-staging/src/net' does not exist, skipping all lookups in it.
Loading module 'net' from 'node_modules' folder, target file types: TypeScript, Declaration.
Searching all ancestor node_modules directories for preferred extensions: TypeScript, Declaration.
Directory 'd:/DOPAMS/Toystack/dopams-backend-staging/node_modules/@types/node/node_modules' does not exist, skipping all lookups in it.
Directory 'd:/DOPAMS/Toystack/dopams-backend-staging/node_modules/@types/node_modules' does not exist, skipping all lookups in it.
Resolution for module 'net' was found in cache from location 'd:/DOPAMS/Toystack/dopams-backend-staging'.
======== Module name 'net' was not resolved. ========
======== Resolving module 'node:net' from 'd:/DOPAMS/Toystack/dopams-backend-staging/node_modules/@types/node/process.d.ts'. ========
Resolution for module 'node:net' was found in cache from location 'd:/DOPAMS/Toystack/dopams-backend-staging/node_modules/@types/node'.
======== Module name 'node:net' was not resolved. ========
======== Resolving module 'os' from 'd:/DOPAMS/Toystack/dopams-backend-staging/node_modules/@types/node/process.d.ts'. ========
Explicitly specified module resolution kind: 'Node10'.
'baseUrl' option is set to 'd:/DOPAMS/Toystack/dopams-backend-staging/src', using this value to resolve non-relative module name 'os'.
'paths' option is specified, looking for a pattern to match module name 'os'.
'baseUrl' option is set to 'd:/DOPAMS/Toystack/dopams-backend-staging/src', using this value to resolve non-relative module name 'os'.
Resolving module name 'os' relative to base url 'd:/DOPAMS/Toystack/dopams-backend-staging/src' - 'd:/DOPAMS/Toystack/dopams-backend-staging/src/os'.
Loading module as file / folder, candidate module location 'd:/DOPAMS/Toystack/dopams-backend-staging/src/os', target file types: TypeScript, Declaration.
File 'd:/DOPAMS/Toystack/dopams-backend-staging/src/os.ts' does not exist.
File 'd:/DOPAMS/Toystack/dopams-backend-staging/src/os.tsx' does not exist.
File 'd:/DOPAMS/Toystack/dopams-backend-staging/src/os.d.ts' does not exist.
Directory 'd:/DOPAMS/Toystack/dopams-backend-staging/src/os' does not exist, skipping all lookups in it.
Loading module 'os' from 'node_modules' folder, target file types: TypeScript, Declaration.
Searching all ancestor node_modules directories for preferred extensions: TypeScript, Declaration.
Directory 'd:/DOPAMS/Toystack/dopams-backend-staging/node_modules/@types/node/node_modules' does not exist, skipping all lookups in it.
Directory 'd:/DOPAMS/Toystack/dopams-backend-staging/node_modules/@types/node_modules' does not exist, skipping all lookups in it.
File 'd:/DOPAMS/Toystack/dopams-backend-staging/node_modules/os.ts' does not exist.
File 'd:/DOPAMS/Toystack/dopams-backend-staging/node_modules/os.tsx' does not exist.
File 'd:/DOPAMS/Toystack/dopams-backend-staging/node_modules/os.d.ts' does not exist.
File 'd:/DOPAMS/Toystack/dopams-backend-staging/node_modules/@types/os.d.ts' does not exist.
Directory 'd:/DOPAMS/Toystack/node_modules' does not exist, skipping all lookups in it.
Directory 'd:/DOPAMS/node_modules' does not exist, skipping all lookups in it.
Directory 'd:/node_modules' does not exist, skipping all lookups in it.
'baseUrl' option is set to 'd:/DOPAMS/Toystack/dopams-backend-staging/src', using this value to resolve non-relative module name 'os'.
'paths' option is specified, looking for a pattern to match module name 'os'.
'baseUrl' option is set to 'd:/DOPAMS/Toystack/dopams-backend-staging/src', using this value to resolve non-relative module name 'os'.
Resolving module name 'os' relative to base url 'd:/DOPAMS/Toystack/dopams-backend-staging/src' - 'd:/DOPAMS/Toystack/dopams-backend-staging/src/os'.
Loading module as file / folder, candidate module location 'd:/DOPAMS/Toystack/dopams-backend-staging/src/os', target file types: JavaScript, JSON.
File 'd:/DOPAMS/Toystack/dopams-backend-staging/src/os.js' does not exist.
File 'd:/DOPAMS/Toystack/dopams-backend-staging/src/os.jsx' does not exist.
Directory 'd:/DOPAMS/Toystack/dopams-backend-staging/src/os' does not exist, skipping all lookups in it.
Loading module 'os' from 'node_modules' folder, target file types: JavaScript, JSON.
Searching all ancestor node_modules directories for fallback extensions: JavaScript, JSON.
Directory 'd:/DOPAMS/Toystack/dopams-backend-staging/node_modules/@types/node/node_modules' does not exist, skipping all lookups in it.
Directory 'd:/DOPAMS/Toystack/dopams-backend-staging/node_modules/@types/node_modules' does not exist, skipping all lookups in it.
File 'd:/DOPAMS/Toystack/dopams-backend-staging/node_modules/os.js' does not exist.
File 'd:/DOPAMS/Toystack/dopams-backend-staging/node_modules/os.jsx' does not exist.
Directory 'd:/DOPAMS/Toystack/node_modules' does not exist, skipping all lookups in it.
Directory 'd:/DOPAMS/node_modules' does not exist, skipping all lookups in it.
Directory 'd:/node_modules' does not exist, skipping all lookups in it.
======== Module name 'os' was not resolved. ========
======== Resolving module 'node:os' from 'd:/DOPAMS/Toystack/dopams-backend-staging/node_modules/@types/node/process.d.ts'. ========
Resolution for module 'node:os' was found in cache from location 'd:/DOPAMS/Toystack/dopams-backend-staging/node_modules/@types/node'.
======== Module name 'node:os' was not resolved. ========
======== Resolving module 'path' from 'd:/DOPAMS/Toystack/dopams-backend-staging/node_modules/@types/node/process.d.ts'. ========
Explicitly specified module resolution kind: 'Node10'.
'baseUrl' option is set to 'd:/DOPAMS/Toystack/dopams-backend-staging/src', using this value to resolve non-relative module name 'path'.
'paths' option is specified, looking for a pattern to match module name 'path'.
'baseUrl' option is set to 'd:/DOPAMS/Toystack/dopams-backend-staging/src', using this value to resolve non-relative module name 'path'.
Resolving module name 'path' relative to base url 'd:/DOPAMS/Toystack/dopams-backend-staging/src' - 'd:/DOPAMS/Toystack/dopams-backend-staging/src/path'.
Loading module as file / folder, candidate module location 'd:/DOPAMS/Toystack/dopams-backend-staging/src/path', target file types: TypeScript, Declaration.
File 'd:/DOPAMS/Toystack/dopams-backend-staging/src/path.ts' does not exist.
File 'd:/DOPAMS/Toystack/dopams-backend-staging/src/path.tsx' does not exist.
File 'd:/DOPAMS/Toystack/dopams-backend-staging/src/path.d.ts' does not exist.
Directory 'd:/DOPAMS/Toystack/dopams-backend-staging/src/path' does not exist, skipping all lookups in it.
Loading module 'path' from 'node_modules' folder, target file types: TypeScript, Declaration.
Searching all ancestor node_modules directories for preferred extensions: TypeScript, Declaration.
Directory 'd:/DOPAMS/Toystack/dopams-backend-staging/node_modules/@types/node/node_modules' does not exist, skipping all lookups in it.
Directory 'd:/DOPAMS/Toystack/dopams-backend-staging/node_modules/@types/node_modules' does not exist, skipping all lookups in it.
File 'd:/DOPAMS/Toystack/dopams-backend-staging/node_modules/path.ts' does not exist.
File 'd:/DOPAMS/Toystack/dopams-backend-staging/node_modules/path.tsx' does not exist.
File 'd:/DOPAMS/Toystack/dopams-backend-staging/node_modules/path.d.ts' does not exist.
File 'd:/DOPAMS/Toystack/dopams-backend-staging/node_modules/@types/path.d.ts' does not exist.
Directory 'd:/DOPAMS/Toystack/node_modules' does not exist, skipping all lookups in it.
Directory 'd:/DOPAMS/node_modules' does not exist, skipping all lookups in it.
Directory 'd:/node_modules' does not exist, skipping all lookups in it.
'baseUrl' option is set to 'd:/DOPAMS/Toystack/dopams-backend-staging/src', using this value to resolve non-relative module name 'path'.
'paths' option is specified, looking for a pattern to match module name 'path'.
'baseUrl' option is set to 'd:/DOPAMS/Toystack/dopams-backend-staging/src', using this value to resolve non-relative module name 'path'.
Resolving module name 'path' relative to base url 'd:/DOPAMS/Toystack/dopams-backend-staging/src' - 'd:/DOPAMS/Toystack/dopams-backend-staging/src/path'.
Loading module as file / folder, candidate module location 'd:/DOPAMS/Toystack/dopams-backend-staging/src/path', target file types: JavaScript, JSON.
File 'd:/DOPAMS/Toystack/dopams-backend-staging/src/path.js' does not exist.
File 'd:/DOPAMS/Toystack/dopams-backend-staging/src/path.jsx' does not exist.
Directory 'd:/DOPAMS/Toystack/dopams-backend-staging/src/path' does not exist, skipping all lookups in it.
Loading module 'path' from 'node_modules' folder, target file types: JavaScript, JSON.
Searching all ancestor node_modules directories for fallback extensions: JavaScript, JSON.
Directory 'd:/DOPAMS/Toystack/dopams-backend-staging/node_modules/@types/node/node_modules' does not exist, skipping all lookups in it.
Directory 'd:/DOPAMS/Toystack/dopams-backend-staging/node_modules/@types/node_modules' does not exist, skipping all lookups in it.
File 'd:/DOPAMS/Toystack/dopams-backend-staging/node_modules/path.js' does not exist.
File 'd:/DOPAMS/Toystack/dopams-backend-staging/node_modules/path.jsx' does not exist.
Directory 'd:/DOPAMS/Toystack/node_modules' does not exist, skipping all lookups in it.
Directory 'd:/DOPAMS/node_modules' does not exist, skipping all lookups in it.
Directory 'd:/node_modules' does not exist, skipping all lookups in it.
======== Module name 'path' was not resolved. ========
======== Resolving module 'node:path' from 'd:/DOPAMS/Toystack/dopams-backend-staging/node_modules/@types/node/process.d.ts'. ========
Explicitly specified module resolution kind: 'Node10'.
'baseUrl' option is set to 'd:/DOPAMS/Toystack/dopams-backend-staging/src', using this value to resolve non-relative module name 'node:path'.
'paths' option is specified, looking for a pattern to match module name 'node:path'.
'baseUrl' option is set to 'd:/DOPAMS/Toystack/dopams-backend-staging/src', using this value to resolve non-relative module name 'node:path'.
Resolving module name 'node:path' relative to base url 'd:/DOPAMS/Toystack/dopams-backend-staging/src' - 'd:/DOPAMS/Toystack/dopams-backend-staging/src/node:path'.
Loading module as file / folder, candidate module location 'd:/DOPAMS/Toystack/dopams-backend-staging/src/node:path', target file types: TypeScript, Declaration.
File 'd:/DOPAMS/Toystack/dopams-backend-staging/src/node:path.ts' does not exist.
File 'd:/DOPAMS/Toystack/dopams-backend-staging/src/node:path.tsx' does not exist.
File 'd:/DOPAMS/Toystack/dopams-backend-staging/src/node:path.d.ts' does not exist.
Directory 'd:/DOPAMS/Toystack/dopams-backend-staging/src/node:path' does not exist, skipping all lookups in it.
Skipping module 'node:path' that looks like an absolute URI, target file types: TypeScript, Declaration.
'baseUrl' option is set to 'd:/DOPAMS/Toystack/dopams-backend-staging/src', using this value to resolve non-relative module name 'node:path'.
'paths' option is specified, looking for a pattern to match module name 'node:path'.
'baseUrl' option is set to 'd:/DOPAMS/Toystack/dopams-backend-staging/src', using this value to resolve non-relative module name 'node:path'.
Resolving module name 'node:path' relative to base url 'd:/DOPAMS/Toystack/dopams-backend-staging/src' - 'd:/DOPAMS/Toystack/dopams-backend-staging/src/node:path'.
Loading module as file / folder, candidate module location 'd:/DOPAMS/Toystack/dopams-backend-staging/src/node:path', target file types: JavaScript, JSON.
File 'd:/DOPAMS/Toystack/dopams-backend-staging/src/node:path.js' does not exist.
File 'd:/DOPAMS/Toystack/dopams-backend-staging/src/node:path.jsx' does not exist.
Directory 'd:/DOPAMS/Toystack/dopams-backend-staging/src/node:path' does not exist, skipping all lookups in it.
Skipping module 'node:path' that looks like an absolute URI, target file types: JavaScript, JSON.
======== Module name 'node:path' was not resolved. ========
======== Resolving module 'path/posix' from 'd:/DOPAMS/Toystack/dopams-backend-staging/node_modules/@types/node/process.d.ts'. ========
Explicitly specified module resolution kind: 'Node10'.
'baseUrl' option is set to 'd:/DOPAMS/Toystack/dopams-backend-staging/src', using this value to resolve non-relative module name 'path/posix'.
'paths' option is specified, looking for a pattern to match module name 'path/posix'.
'baseUrl' option is set to 'd:/DOPAMS/Toystack/dopams-backend-staging/src', using this value to resolve non-relative module name 'path/posix'.
Resolving module name 'path/posix' relative to base url 'd:/DOPAMS/Toystack/dopams-backend-staging/src' - 'd:/DOPAMS/Toystack/dopams-backend-staging/src/path/posix'.
Loading module as file / folder, candidate module location 'd:/DOPAMS/Toystack/dopams-backend-staging/src/path/posix', target file types: TypeScript, Declaration.
Loading module 'path/posix' from 'node_modules' folder, target file types: TypeScript, Declaration.
Searching all ancestor node_modules directories for preferred extensions: TypeScript, Declaration.
Directory 'd:/DOPAMS/Toystack/dopams-backend-staging/node_modules/@types/node/node_modules' does not exist, skipping all lookups in it.
Directory 'd:/DOPAMS/Toystack/dopams-backend-staging/node_modules/@types/node_modules' does not exist, skipping all lookups in it.
Directory 'd:/DOPAMS/Toystack/node_modules' does not exist, skipping all lookups in it.
Directory 'd:/DOPAMS/node_modules' does not exist, skipping all lookups in it.
Directory 'd:/node_modules' does not exist, skipping all lookups in it.
'baseUrl' option is set to 'd:/DOPAMS/Toystack/dopams-backend-staging/src', using this value to resolve non-relative module name 'path/posix'.
'paths' option is specified, looking for a pattern to match module name 'path/posix'.
'baseUrl' option is set to 'd:/DOPAMS/Toystack/dopams-backend-staging/src', using this value to resolve non-relative module name 'path/posix'.
Resolving module name 'path/posix' relative to base url 'd:/DOPAMS/Toystack/dopams-backend-staging/src' - 'd:/DOPAMS/Toystack/dopams-backend-staging/src/path/posix'.
Loading module as file / folder, candidate module location 'd:/DOPAMS/Toystack/dopams-backend-staging/src/path/posix', target file types: JavaScript, JSON.
Loading module 'path/posix' from 'node_modules' folder, target file types: JavaScript, JSON.
Searching all ancestor node_modules directories for fallback extensions: JavaScript, JSON.
Directory 'd:/DOPAMS/Toystack/dopams-backend-staging/node_modules/@types/node/node_modules' does not exist, skipping all lookups in it.
Directory 'd:/DOPAMS/Toystack/dopams-backend-staging/node_modules/@types/node_modules' does not exist, skipping all lookups in it.
Directory 'd:/DOPAMS/Toystack/node_modules' does not exist, skipping all lookups in it.
Directory 'd:/DOPAMS/node_modules' does not exist, skipping all lookups in it.
Directory 'd:/node_modules' does not exist, skipping all lookups in it.
======== Module name 'path/posix' was not resolved. ========
======== Resolving module 'node:path/posix' from 'd:/DOPAMS/Toystack/dopams-backend-staging/node_modules/@types/node/process.d.ts'. ========
Explicitly specified module resolution kind: 'Node10'.
'baseUrl' option is set to 'd:/DOPAMS/Toystack/dopams-backend-staging/src', using this value to resolve non-relative module name 'node:path/posix'.
'paths' option is specified, looking for a pattern to match module name 'node:path/posix'.
'baseUrl' option is set to 'd:/DOPAMS/Toystack/dopams-backend-staging/src', using this value to resolve non-relative module name 'node:path/posix'.
Resolving module name 'node:path/posix' relative to base url 'd:/DOPAMS/Toystack/dopams-backend-staging/src' - 'd:/DOPAMS/Toystack/dopams-backend-staging/src/node:path/posix'.
Loading module as file / folder, candidate module location 'd:/DOPAMS/Toystack/dopams-backend-staging/src/node:path/posix', target file types: TypeScript, Declaration.
Skipping module 'node:path/posix' that looks like an absolute URI, target file types: TypeScript, Declaration.
'baseUrl' option is set to 'd:/DOPAMS/Toystack/dopams-backend-staging/src', using this value to resolve non-relative module name 'node:path/posix'.
'paths' option is specified, looking for a pattern to match module name 'node:path/posix'.
'baseUrl' option is set to 'd:/DOPAMS/Toystack/dopams-backend-staging/src', using this value to resolve non-relative module name 'node:path/posix'.
Resolving module name 'node:path/posix' relative to base url 'd:/DOPAMS/Toystack/dopams-backend-staging/src' - 'd:/DOPAMS/Toystack/dopams-backend-staging/src/node:path/posix'.
Loading module as file / folder, candidate module location 'd:/DOPAMS/Toystack/dopams-backend-staging/src/node:path/posix', target file types: JavaScript, JSON.
Skipping module 'node:path/posix' that looks like an absolute URI, target file types: JavaScript, JSON.
======== Module name 'node:path/posix' was not resolved. ========
======== Resolving module 'path/win32' from 'd:/DOPAMS/Toystack/dopams-backend-staging/node_modules/@types/node/process.d.ts'. ========
Explicitly specified module resolution kind: 'Node10'.
'baseUrl' option is set to 'd:/DOPAMS/Toystack/dopams-backend-staging/src', using this value to resolve non-relative module name 'path/win32'.
'paths' option is specified, looking for a pattern to match module name 'path/win32'.
'baseUrl' option is set to 'd:/DOPAMS/Toystack/dopams-backend-staging/src', using this value to resolve non-relative module name 'path/win32'.
Resolving module name 'path/win32' relative to base url 'd:/DOPAMS/Toystack/dopams-backend-staging/src' - 'd:/DOPAMS/Toystack/dopams-backend-staging/src/path/win32'.
Loading module as file / folder, candidate module location 'd:/DOPAMS/Toystack/dopams-backend-staging/src/path/win32', target file types: TypeScript, Declaration.
Loading module 'path/win32' from 'node_modules' folder, target file types: TypeScript, Declaration.
Searching all ancestor node_modules directories for preferred extensions: TypeScript, Declaration.
Directory 'd:/DOPAMS/Toystack/dopams-backend-staging/node_modules/@types/node/node_modules' does not exist, skipping all lookups in it.
Directory 'd:/DOPAMS/Toystack/dopams-backend-staging/node_modules/@types/node_modules' does not exist, skipping all lookups in it.
Directory 'd:/DOPAMS/Toystack/node_modules' does not exist, skipping all lookups in it.
Directory 'd:/DOPAMS/node_modules' does not exist, skipping all lookups in it.
Directory 'd:/node_modules' does not exist, skipping all lookups in it.
'baseUrl' option is set to 'd:/DOPAMS/Toystack/dopams-backend-staging/src', using this value to resolve non-relative module name 'path/win32'.
'paths' option is specified, looking for a pattern to match module name 'path/win32'.
'baseUrl' option is set to 'd:/DOPAMS/Toystack/dopams-backend-staging/src', using this value to resolve non-relative module name 'path/win32'.
Resolving module name 'path/win32' relative to base url 'd:/DOPAMS/Toystack/dopams-backend-staging/src' - 'd:/DOPAMS/Toystack/dopams-backend-staging/src/path/win32'.
Loading module as file / folder, candidate module location 'd:/DOPAMS/Toystack/dopams-backend-staging/src/path/win32', target file types: JavaScript, JSON.
Loading module 'path/win32' from 'node_modules' folder, target file types: JavaScript, JSON.
Searching all ancestor node_modules directories for fallback extensions: JavaScript, JSON.
Directory 'd:/DOPAMS/Toystack/dopams-backend-staging/node_modules/@types/node/node_modules' does not exist, skipping all lookups in it.
Directory 'd:/DOPAMS/Toystack/dopams-backend-staging/node_modules/@types/node_modules' does not exist, skipping all lookups in it.
Directory 'd:/DOPAMS/Toystack/node_modules' does not exist, skipping all lookups in it.
Directory 'd:/DOPAMS/node_modules' does not exist, skipping all lookups in it.
Directory 'd:/node_modules' does not exist, skipping all lookups in it.
======== Module name 'path/win32' was not resolved. ========
======== Resolving module 'node:path/win32' from 'd:/DOPAMS/Toystack/dopams-backend-staging/node_modules/@types/node/process.d.ts'. ========
Explicitly specified module resolution kind: 'Node10'.
'baseUrl' option is set to 'd:/DOPAMS/Toystack/dopams-backend-staging/src', using this value to resolve non-relative module name 'node:path/win32'.
'paths' option is specified, looking for a pattern to match module name 'node:path/win32'.
'baseUrl' option is set to 'd:/DOPAMS/Toystack/dopams-backend-staging/src', using this value to resolve non-relative module name 'node:path/win32'.
Resolving module name 'node:path/win32' relative to base url 'd:/DOPAMS/Toystack/dopams-backend-staging/src' - 'd:/DOPAMS/Toystack/dopams-backend-staging/src/node:path/win32'.
Loading module as file / folder, candidate module location 'd:/DOPAMS/Toystack/dopams-backend-staging/src/node:path/win32', target file types: TypeScript, Declaration.
Skipping module 'node:path/win32' that looks like an absolute URI, target file types: TypeScript, Declaration.
'baseUrl' option is set to 'd:/DOPAMS/Toystack/dopams-backend-staging/src', using this value to resolve non-relative module name 'node:path/win32'.
'paths' option is specified, looking for a pattern to match module name 'node:path/win32'.
'baseUrl' option is set to 'd:/DOPAMS/Toystack/dopams-backend-staging/src', using this value to resolve non-relative module name 'node:path/win32'.
Resolving module name 'node:path/win32' relative to base url 'd:/DOPAMS/Toystack/dopams-backend-staging/src' - 'd:/DOPAMS/Toystack/dopams-backend-staging/src/node:path/win32'.
Loading module as file / folder, candidate module location 'd:/DOPAMS/Toystack/dopams-backend-staging/src/node:path/win32', target file types: JavaScript, JSON.
Skipping module 'node:path/win32' that looks like an absolute URI, target file types: JavaScript, JSON.
======== Module name 'node:path/win32' was not resolved. ========
======== Resolving module 'perf_hooks' from 'd:/DOPAMS/Toystack/dopams-backend-staging/node_modules/@types/node/process.d.ts'. ========
Explicitly specified module resolution kind: 'Node10'.
'baseUrl' option is set to 'd:/DOPAMS/Toystack/dopams-backend-staging/src', using this value to resolve non-relative module name 'perf_hooks'.
'paths' option is specified, looking for a pattern to match module name 'perf_hooks'.
'baseUrl' option is set to 'd:/DOPAMS/Toystack/dopams-backend-staging/src', using this value to resolve non-relative module name 'perf_hooks'.
Resolving module name 'perf_hooks' relative to base url 'd:/DOPAMS/Toystack/dopams-backend-staging/src' - 'd:/DOPAMS/Toystack/dopams-backend-staging/src/perf_hooks'.
Loading module as file / folder, candidate module location 'd:/DOPAMS/Toystack/dopams-backend-staging/src/perf_hooks', target file types: TypeScript, Declaration.
File 'd:/DOPAMS/Toystack/dopams-backend-staging/src/perf_hooks.ts' does not exist.
File 'd:/DOPAMS/Toystack/dopams-backend-staging/src/perf_hooks.tsx' does not exist.
File 'd:/DOPAMS/Toystack/dopams-backend-staging/src/perf_hooks.d.ts' does not exist.
Directory 'd:/DOPAMS/Toystack/dopams-backend-staging/src/perf_hooks' does not exist, skipping all lookups in it.
Loading module 'perf_hooks' from 'node_modules' folder, target file types: TypeScript, Declaration.
Searching all ancestor node_modules directories for preferred extensions: TypeScript, Declaration.
Directory 'd:/DOPAMS/Toystack/dopams-backend-staging/node_modules/@types/node/node_modules' does not exist, skipping all lookups in it.
Directory 'd:/DOPAMS/Toystack/dopams-backend-staging/node_modules/@types/node_modules' does not exist, skipping all lookups in it.
File 'd:/DOPAMS/Toystack/dopams-backend-staging/node_modules/perf_hooks.ts' does not exist.
File 'd:/DOPAMS/Toystack/dopams-backend-staging/node_modules/perf_hooks.tsx' does not exist.
File 'd:/DOPAMS/Toystack/dopams-backend-staging/node_modules/perf_hooks.d.ts' does not exist.
File 'd:/DOPAMS/Toystack/dopams-backend-staging/node_modules/@types/perf_hooks.d.ts' does not exist.
Directory 'd:/DOPAMS/Toystack/node_modules' does not exist, skipping all lookups in it.
Directory 'd:/DOPAMS/node_modules' does not exist, skipping all lookups in it.
Directory 'd:/node_modules' does not exist, skipping all lookups in it.
'baseUrl' option is set to 'd:/DOPAMS/Toystack/dopams-backend-staging/src', using this value to resolve non-relative module name 'perf_hooks'.
'paths' option is specified, looking for a pattern to match module name 'perf_hooks'.
'baseUrl' option is set to 'd:/DOPAMS/Toystack/dopams-backend-staging/src', using this value to resolve non-relative module name 'perf_hooks'.
Resolving module name 'perf_hooks' relative to base url 'd:/DOPAMS/Toystack/dopams-backend-staging/src' - 'd:/DOPAMS/Toystack/dopams-backend-staging/src/perf_hooks'.
Loading module as file / folder, candidate module location 'd:/DOPAMS/Toystack/dopams-backend-staging/src/perf_hooks', target file types: JavaScript, JSON.
File 'd:/DOPAMS/Toystack/dopams-backend-staging/src/perf_hooks.js' does not exist.
File 'd:/DOPAMS/Toystack/dopams-backend-staging/src/perf_hooks.jsx' does not exist.
Directory 'd:/DOPAMS/Toystack/dopams-backend-staging/src/perf_hooks' does not exist, skipping all lookups in it.
Loading module 'perf_hooks' from 'node_modules' folder, target file types: JavaScript, JSON.
Searching all ancestor node_modules directories for fallback extensions: JavaScript, JSON.
Directory 'd:/DOPAMS/Toystack/dopams-backend-staging/node_modules/@types/node/node_modules' does not exist, skipping all lookups in it.
Directory 'd:/DOPAMS/Toystack/dopams-backend-staging/node_modules/@types/node_modules' does not exist, skipping all lookups in it.
File 'd:/DOPAMS/Toystack/dopams-backend-staging/node_modules/perf_hooks.js' does not exist.
File 'd:/DOPAMS/Toystack/dopams-backend-staging/node_modules/perf_hooks.jsx' does not exist.
Directory 'd:/DOPAMS/Toystack/node_modules' does not exist, skipping all lookups in it.
Directory 'd:/DOPAMS/node_modules' does not exist, skipping all lookups in it.
Directory 'd:/node_modules' does not exist, skipping all lookups in it.
======== Module name 'perf_hooks' was not resolved. ========
======== Resolving module 'node:perf_hooks' from 'd:/DOPAMS/Toystack/dopams-backend-staging/node_modules/@types/node/process.d.ts'. ========
Explicitly specified module resolution kind: 'Node10'.
'baseUrl' option is set to 'd:/DOPAMS/Toystack/dopams-backend-staging/src', using this value to resolve non-relative module name 'node:perf_hooks'.
'paths' option is specified, looking for a pattern to match module name 'node:perf_hooks'.
'baseUrl' option is set to 'd:/DOPAMS/Toystack/dopams-backend-staging/src', using this value to resolve non-relative module name 'node:perf_hooks'.
Resolving module name 'node:perf_hooks' relative to base url 'd:/DOPAMS/Toystack/dopams-backend-staging/src' - 'd:/DOPAMS/Toystack/dopams-backend-staging/src/node:perf_hooks'.
Loading module as file / folder, candidate module location 'd:/DOPAMS/Toystack/dopams-backend-staging/src/node:perf_hooks', target file types: TypeScript, Declaration.
File 'd:/DOPAMS/Toystack/dopams-backend-staging/src/node:perf_hooks.ts' does not exist.
File 'd:/DOPAMS/Toystack/dopams-backend-staging/src/node:perf_hooks.tsx' does not exist.
File 'd:/DOPAMS/Toystack/dopams-backend-staging/src/node:perf_hooks.d.ts' does not exist.
Directory 'd:/DOPAMS/Toystack/dopams-backend-staging/src/node:perf_hooks' does not exist, skipping all lookups in it.
Skipping module 'node:perf_hooks' that looks like an absolute URI, target file types: TypeScript, Declaration.
'baseUrl' option is set to 'd:/DOPAMS/Toystack/dopams-backend-staging/src', using this value to resolve non-relative module name 'node:perf_hooks'.
'paths' option is specified, looking for a pattern to match module name 'node:perf_hooks'.
'baseUrl' option is set to 'd:/DOPAMS/Toystack/dopams-backend-staging/src', using this value to resolve non-relative module name 'node:perf_hooks'.
Resolving module name 'node:perf_hooks' relative to base url 'd:/DOPAMS/Toystack/dopams-backend-staging/src' - 'd:/DOPAMS/Toystack/dopams-backend-staging/src/node:perf_hooks'.
Loading module as file / folder, candidate module location 'd:/DOPAMS/Toystack/dopams-backend-staging/src/node:perf_hooks', target file types: JavaScript, JSON.
File 'd:/DOPAMS/Toystack/dopams-backend-staging/src/node:perf_hooks.js' does not exist.
File 'd:/DOPAMS/Toystack/dopams-backend-staging/src/node:perf_hooks.jsx' does not exist.
Directory 'd:/DOPAMS/Toystack/dopams-backend-staging/src/node:perf_hooks' does not exist, skipping all lookups in it.
Skipping module 'node:perf_hooks' that looks like an absolute URI, target file types: JavaScript, JSON.
======== Module name 'node:perf_hooks' was not resolved. ========
======== Resolving module 'punycode' from 'd:/DOPAMS/Toystack/dopams-backend-staging/node_modules/@types/node/process.d.ts'. ========
Explicitly specified module resolution kind: 'Node10'.
'baseUrl' option is set to 'd:/DOPAMS/Toystack/dopams-backend-staging/src', using this value to resolve non-relative module name 'punycode'.
'paths' option is specified, looking for a pattern to match module name 'punycode'.
'baseUrl' option is set to 'd:/DOPAMS/Toystack/dopams-backend-staging/src', using this value to resolve non-relative module name 'punycode'.
Resolving module name 'punycode' relative to base url 'd:/DOPAMS/Toystack/dopams-backend-staging/src' - 'd:/DOPAMS/Toystack/dopams-backend-staging/src/punycode'.
Loading module as file / folder, candidate module location 'd:/DOPAMS/Toystack/dopams-backend-staging/src/punycode', target file types: TypeScript, Declaration.
File 'd:/DOPAMS/Toystack/dopams-backend-staging/src/punycode.ts' does not exist.
File 'd:/DOPAMS/Toystack/dopams-backend-staging/src/punycode.tsx' does not exist.
File 'd:/DOPAMS/Toystack/dopams-backend-staging/src/punycode.d.ts' does not exist.
Directory 'd:/DOPAMS/Toystack/dopams-backend-staging/src/punycode' does not exist, skipping all lookups in it.
Loading module 'punycode' from 'node_modules' folder, target file types: TypeScript, Declaration.
Searching all ancestor node_modules directories for preferred extensions: TypeScript, Declaration.
Directory 'd:/DOPAMS/Toystack/dopams-backend-staging/node_modules/@types/node/node_modules' does not exist, skipping all lookups in it.
Directory 'd:/DOPAMS/Toystack/dopams-backend-staging/node_modules/@types/node_modules' does not exist, skipping all lookups in it.
Found 'package.json' at 'd:/DOPAMS/Toystack/dopams-backend-staging/node_modules/punycode/package.json'.
File 'd:/DOPAMS/Toystack/dopams-backend-staging/node_modules/punycode.ts' does not exist.
File 'd:/DOPAMS/Toystack/dopams-backend-staging/node_modules/punycode.tsx' does not exist.
File 'd:/DOPAMS/Toystack/dopams-backend-staging/node_modules/punycode.d.ts' does not exist.
'package.json' does not have a 'typesVersions' field.
'package.json' does not have a 'typings' field.
'package.json' does not have a 'types' field.
'package.json' has 'main' field 'punycode.js' that references 'd:/DOPAMS/Toystack/dopams-backend-staging/node_modules/punycode/punycode.js'.
File name 'd:/DOPAMS/Toystack/dopams-backend-staging/node_modules/punycode/punycode.js' has a '.js' extension - stripping it.
File 'd:/DOPAMS/Toystack/dopams-backend-staging/node_modules/punycode/punycode.ts' does not exist.
File 'd:/DOPAMS/Toystack/dopams-backend-staging/node_modules/punycode/punycode.tsx' does not exist.
File 'd:/DOPAMS/Toystack/dopams-backend-staging/node_modules/punycode/punycode.d.ts' does not exist.
Loading module as file / folder, candidate module location 'd:/DOPAMS/Toystack/dopams-backend-staging/node_modules/punycode/punycode.js', target file types: TypeScript, Declaration.
File name 'd:/DOPAMS/Toystack/dopams-backend-staging/node_modules/punycode/punycode.js' has a '.js' extension - stripping it.
File 'd:/DOPAMS/Toystack/dopams-backend-staging/node_modules/punycode/punycode.ts' does not exist.
File 'd:/DOPAMS/Toystack/dopams-backend-staging/node_modules/punycode/punycode.tsx' does not exist.
File 'd:/DOPAMS/Toystack/dopams-backend-staging/node_modules/punycode/punycode.d.ts' does not exist.
File 'd:/DOPAMS/Toystack/dopams-backend-staging/node_modules/punycode/punycode.js.ts' does not exist.
File 'd:/DOPAMS/Toystack/dopams-backend-staging/node_modules/punycode/punycode.js.tsx' does not exist.
File 'd:/DOPAMS/Toystack/dopams-backend-staging/node_modules/punycode/punycode.js.d.ts' does not exist.
Directory 'd:/DOPAMS/Toystack/dopams-backend-staging/node_modules/punycode/punycode.js' does not exist, skipping all lookups in it.
File 'd:/DOPAMS/Toystack/dopams-backend-staging/node_modules/punycode/index.ts' does not exist.
File 'd:/DOPAMS/Toystack/dopams-backend-staging/node_modules/punycode/index.tsx' does not exist.
File 'd:/DOPAMS/Toystack/dopams-backend-staging/node_modules/punycode/index.d.ts' does not exist.
File 'd:/DOPAMS/Toystack/dopams-backend-staging/node_modules/@types/punycode.d.ts' does not exist.
Directory 'd:/DOPAMS/Toystack/node_modules' does not exist, skipping all lookups in it.
Directory 'd:/DOPAMS/node_modules' does not exist, skipping all lookups in it.
Directory 'd:/node_modules' does not exist, skipping all lookups in it.
'baseUrl' option is set to 'd:/DOPAMS/Toystack/dopams-backend-staging/src', using this value to resolve non-relative module name 'punycode'.
'paths' option is specified, looking for a pattern to match module name 'punycode'.
'baseUrl' option is set to 'd:/DOPAMS/Toystack/dopams-backend-staging/src', using this value to resolve non-relative module name 'punycode'.
Resolving module name 'punycode' relative to base url 'd:/DOPAMS/Toystack/dopams-backend-staging/src' - 'd:/DOPAMS/Toystack/dopams-backend-staging/src/punycode'.
Loading module as file / folder, candidate module location 'd:/DOPAMS/Toystack/dopams-backend-staging/src/punycode', target file types: JavaScript, JSON.
File 'd:/DOPAMS/Toystack/dopams-backend-staging/src/punycode.js' does not exist.
File 'd:/DOPAMS/Toystack/dopams-backend-staging/src/punycode.jsx' does not exist.
Directory 'd:/DOPAMS/Toystack/dopams-backend-staging/src/punycode' does not exist, skipping all lookups in it.
Loading module 'punycode' from 'node_modules' folder, target file types: JavaScript, JSON.
Searching all ancestor node_modules directories for fallback extensions: JavaScript, JSON.
Directory 'd:/DOPAMS/Toystack/dopams-backend-staging/node_modules/@types/node/node_modules' does not exist, skipping all lookups in it.
Directory 'd:/DOPAMS/Toystack/dopams-backend-staging/node_modules/@types/node_modules' does not exist, skipping all lookups in it.
File 'd:/DOPAMS/Toystack/dopams-backend-staging/node_modules/punycode/package.json' exists according to earlier cached lookups.
File 'd:/DOPAMS/Toystack/dopams-backend-staging/node_modules/punycode.js' does not exist.
File 'd:/DOPAMS/Toystack/dopams-backend-staging/node_modules/punycode.jsx' does not exist.
'package.json' has 'main' field 'punycode.js' that references 'd:/DOPAMS/Toystack/dopams-backend-staging/node_modules/punycode/punycode.js'.
File name 'd:/DOPAMS/Toystack/dopams-backend-staging/node_modules/punycode/punycode.js' has a '.js' extension - stripping it.
File 'd:/DOPAMS/Toystack/dopams-backend-staging/node_modules/punycode/punycode.js' exists - use it as a name resolution result.
'package.json' does not have a 'peerDependencies' field.
Resolution of non-relative name failed; trying with '--moduleResolution bundler' to see if project may need configuration update.
'baseUrl' option is set to 'd:/DOPAMS/Toystack/dopams-backend-staging/src', using this value to resolve non-relative module name 'punycode'.
'paths' option is specified, looking for a pattern to match module name 'punycode'.
'baseUrl' option is set to 'd:/DOPAMS/Toystack/dopams-backend-staging/src', using this value to resolve non-relative module name 'punycode'.
Resolving module name 'punycode' relative to base url 'd:/DOPAMS/Toystack/dopams-backend-staging/src' - 'd:/DOPAMS/Toystack/dopams-backend-staging/src/punycode'.
Loading module as file / folder, candidate module location 'd:/DOPAMS/Toystack/dopams-backend-staging/src/punycode', target file types: TypeScript, Declaration.
File 'd:/DOPAMS/Toystack/dopams-backend-staging/src/punycode.ts' does not exist.
File 'd:/DOPAMS/Toystack/dopams-backend-staging/src/punycode.tsx' does not exist.
File 'd:/DOPAMS/Toystack/dopams-backend-staging/src/punycode.d.ts' does not exist.
Directory 'd:/DOPAMS/Toystack/dopams-backend-staging/src/punycode' does not exist, skipping all lookups in it.
Loading module 'punycode' from 'node_modules' folder, target file types: TypeScript, Declaration.
Searching all ancestor node_modules directories for preferred extensions: TypeScript, Declaration.
Directory 'd:/DOPAMS/Toystack/dopams-backend-staging/node_modules/@types/node/node_modules' does not exist, skipping all lookups in it.
Directory 'd:/DOPAMS/Toystack/dopams-backend-staging/node_modules/@types/node_modules' does not exist, skipping all lookups in it.
File 'd:/DOPAMS/Toystack/dopams-backend-staging/node_modules/punycode/package.json' exists according to earlier cached lookups.
File 'd:/DOPAMS/Toystack/dopams-backend-staging/node_modules/punycode.ts' does not exist.
File 'd:/DOPAMS/Toystack/dopams-backend-staging/node_modules/punycode.tsx' does not exist.
File 'd:/DOPAMS/Toystack/dopams-backend-staging/node_modules/punycode.d.ts' does not exist.
'package.json' does not have a 'typings' field.
'package.json' does not have a 'types' field.
'package.json' has 'main' field 'punycode.js' that references 'd:/DOPAMS/Toystack/dopams-backend-staging/node_modules/punycode/punycode.js'.
File name 'd:/DOPAMS/Toystack/dopams-backend-staging/node_modules/punycode/punycode.js' has a '.js' extension - stripping it.
File 'd:/DOPAMS/Toystack/dopams-backend-staging/node_modules/punycode/punycode.ts' does not exist.
File 'd:/DOPAMS/Toystack/dopams-backend-staging/node_modules/punycode/punycode.tsx' does not exist.
File 'd:/DOPAMS/Toystack/dopams-backend-staging/node_modules/punycode/punycode.d.ts' does not exist.
Loading module as file / folder, candidate module location 'd:/DOPAMS/Toystack/dopams-backend-staging/node_modules/punycode/punycode.js', target file types: TypeScript, Declaration.
File name 'd:/DOPAMS/Toystack/dopams-backend-staging/node_modules/punycode/punycode.js' has a '.js' extension - stripping it.
File 'd:/DOPAMS/Toystack/dopams-backend-staging/node_modules/punycode/punycode.ts' does not exist.
File 'd:/DOPAMS/Toystack/dopams-backend-staging/node_modules/punycode/punycode.tsx' does not exist.
File 'd:/DOPAMS/Toystack/dopams-backend-staging/node_modules/punycode/punycode.d.ts' does not exist.
File 'd:/DOPAMS/Toystack/dopams-backend-staging/node_modules/punycode/punycode.js.ts' does not exist.
File 'd:/DOPAMS/Toystack/dopams-backend-staging/node_modules/punycode/punycode.js.tsx' does not exist.
File 'd:/DOPAMS/Toystack/dopams-backend-staging/node_modules/punycode/punycode.js.d.ts' does not exist.
Directory 'd:/DOPAMS/Toystack/dopams-backend-staging/node_modules/punycode/punycode.js' does not exist, skipping all lookups in it.
File 'd:/DOPAMS/Toystack/dopams-backend-staging/node_modules/punycode/index.ts' does not exist.
File 'd:/DOPAMS/Toystack/dopams-backend-staging/node_modules/punycode/index.tsx' does not exist.
File 'd:/DOPAMS/Toystack/dopams-backend-staging/node_modules/punycode/index.d.ts' does not exist.
File 'd:/DOPAMS/Toystack/dopams-backend-staging/node_modules/@types/punycode.d.ts' does not exist.
Directory 'd:/DOPAMS/Toystack/node_modules' does not exist, skipping all lookups in it.
Directory 'd:/DOPAMS/node_modules' does not exist, skipping all lookups in it.
Directory 'd:/node_modules' does not exist, skipping all lookups in it.
Resolving real path for 'd:/DOPAMS/Toystack/dopams-backend-staging/node_modules/punycode/punycode.js', result 'D:/DOPAMS/Toystack/dopams-backend-staging/node_modules/punycode/punycode.js'.
======== Module name 'punycode' was successfully resolved to 'd:/DOPAMS/Toystack/dopams-backend-staging/node_modules/punycode/punycode.js' with Package ID 'punycode/punycode.js@2.3.1'. ========
======== Resolving module 'node:punycode' from 'd:/DOPAMS/Toystack/dopams-backend-staging/node_modules/@types/node/process.d.ts'. ========
Explicitly specified module resolution kind: 'Node10'.
'baseUrl' option is set to 'd:/DOPAMS/Toystack/dopams-backend-staging/src', using this value to resolve non-relative module name 'node:punycode'.
'paths' option is specified, looking for a pattern to match module name 'node:punycode'.
'baseUrl' option is set to 'd:/DOPAMS/Toystack/dopams-backend-staging/src', using this value to resolve non-relative module name 'node:punycode'.
Resolving module name 'node:punycode' relative to base url 'd:/DOPAMS/Toystack/dopams-backend-staging/src' - 'd:/DOPAMS/Toystack/dopams-backend-staging/src/node:punycode'.
Loading module as file / folder, candidate module location 'd:/DOPAMS/Toystack/dopams-backend-staging/src/node:punycode', target file types: TypeScript, Declaration.
File 'd:/DOPAMS/Toystack/dopams-backend-staging/src/node:punycode.ts' does not exist.
File 'd:/DOPAMS/Toystack/dopams-backend-staging/src/node:punycode.tsx' does not exist.
File 'd:/DOPAMS/Toystack/dopams-backend-staging/src/node:punycode.d.ts' does not exist.
Directory 'd:/DOPAMS/Toystack/dopams-backend-staging/src/node:punycode' does not exist, skipping all lookups in it.
Skipping module 'node:punycode' that looks like an absolute URI, target file types: TypeScript, Declaration.
'baseUrl' option is set to 'd:/DOPAMS/Toystack/dopams-backend-staging/src', using this value to resolve non-relative module name 'node:punycode'.
'paths' option is specified, looking for a pattern to match module name 'node:punycode'.
'baseUrl' option is set to 'd:/DOPAMS/Toystack/dopams-backend-staging/src', using this value to resolve non-relative module name 'node:punycode'.
Resolving module name 'node:punycode' relative to base url 'd:/DOPAMS/Toystack/dopams-backend-staging/src' - 'd:/DOPAMS/Toystack/dopams-backend-staging/src/node:punycode'.
Loading module as file / folder, candidate module location 'd:/DOPAMS/Toystack/dopams-backend-staging/src/node:punycode', target file types: JavaScript, JSON.
File 'd:/DOPAMS/Toystack/dopams-backend-staging/src/node:punycode.js' does not exist.
File 'd:/DOPAMS/Toystack/dopams-backend-staging/src/node:punycode.jsx' does not exist.
Directory 'd:/DOPAMS/Toystack/dopams-backend-staging/src/node:punycode' does not exist, skipping all lookups in it.
Skipping module 'node:punycode' that looks like an absolute URI, target file types: JavaScript, JSON.
======== Module name 'node:punycode' was not resolved. ========
======== Resolving module 'querystring' from 'd:/DOPAMS/Toystack/dopams-backend-staging/node_modules/@types/node/process.d.ts'. ========
Explicitly specified module resolution kind: 'Node10'.
'baseUrl' option is set to 'd:/DOPAMS/Toystack/dopams-backend-staging/src', using this value to resolve non-relative module name 'querystring'.
'paths' option is specified, looking for a pattern to match module name 'querystring'.
'baseUrl' option is set to 'd:/DOPAMS/Toystack/dopams-backend-staging/src', using this value to resolve non-relative module name 'querystring'.
Resolving module name 'querystring' relative to base url 'd:/DOPAMS/Toystack/dopams-backend-staging/src' - 'd:/DOPAMS/Toystack/dopams-backend-staging/src/querystring'.
Loading module as file / folder, candidate module location 'd:/DOPAMS/Toystack/dopams-backend-staging/src/querystring', target file types: TypeScript, Declaration.
File 'd:/DOPAMS/Toystack/dopams-backend-staging/src/querystring.ts' does not exist.
File 'd:/DOPAMS/Toystack/dopams-backend-staging/src/querystring.tsx' does not exist.
File 'd:/DOPAMS/Toystack/dopams-backend-staging/src/querystring.d.ts' does not exist.
Directory 'd:/DOPAMS/Toystack/dopams-backend-staging/src/querystring' does not exist, skipping all lookups in it.
Loading module 'querystring' from 'node_modules' folder, target file types: TypeScript, Declaration.
Searching all ancestor node_modules directories for preferred extensions: TypeScript, Declaration.
Directory 'd:/DOPAMS/Toystack/dopams-backend-staging/node_modules/@types/node/node_modules' does not exist, skipping all lookups in it.
Directory 'd:/DOPAMS/Toystack/dopams-backend-staging/node_modules/@types/node_modules' does not exist, skipping all lookups in it.
Found 'package.json' at 'd:/DOPAMS/Toystack/dopams-backend-staging/node_modules/querystring/package.json'.
File 'd:/DOPAMS/Toystack/dopams-backend-staging/node_modules/querystring.ts' does not exist.
File 'd:/DOPAMS/Toystack/dopams-backend-staging/node_modules/querystring.tsx' does not exist.
File 'd:/DOPAMS/Toystack/dopams-backend-staging/node_modules/querystring.d.ts' does not exist.
'package.json' does not have a 'typesVersions' field.
'package.json' does not have a 'typings' field.
'package.json' does not have a 'types' field.
'package.json' does not have a 'main' field.
File 'd:/DOPAMS/Toystack/dopams-backend-staging/node_modules/querystring/index.ts' does not exist.
File 'd:/DOPAMS/Toystack/dopams-backend-staging/node_modules/querystring/index.tsx' does not exist.
File 'd:/DOPAMS/Toystack/dopams-backend-staging/node_modules/querystring/index.d.ts' does not exist.
File 'd:/DOPAMS/Toystack/dopams-backend-staging/node_modules/@types/querystring.d.ts' does not exist.
Directory 'd:/DOPAMS/Toystack/node_modules' does not exist, skipping all lookups in it.
Directory 'd:/DOPAMS/node_modules' does not exist, skipping all lookups in it.
Directory 'd:/node_modules' does not exist, skipping all lookups in it.
'baseUrl' option is set to 'd:/DOPAMS/Toystack/dopams-backend-staging/src', using this value to resolve non-relative module name 'querystring'.
'paths' option is specified, looking for a pattern to match module name 'querystring'.
'baseUrl' option is set to 'd:/DOPAMS/Toystack/dopams-backend-staging/src', using this value to resolve non-relative module name 'querystring'.
Resolving module name 'querystring' relative to base url 'd:/DOPAMS/Toystack/dopams-backend-staging/src' - 'd:/DOPAMS/Toystack/dopams-backend-staging/src/querystring'.
Loading module as file / folder, candidate module location 'd:/DOPAMS/Toystack/dopams-backend-staging/src/querystring', target file types: JavaScript, JSON.
File 'd:/DOPAMS/Toystack/dopams-backend-staging/src/querystring.js' does not exist.
File 'd:/DOPAMS/Toystack/dopams-backend-staging/src/querystring.jsx' does not exist.
Directory 'd:/DOPAMS/Toystack/dopams-backend-staging/src/querystring' does not exist, skipping all lookups in it.
Loading module 'querystring' from 'node_modules' folder, target file types: JavaScript, JSON.
Searching all ancestor node_modules directories for fallback extensions: JavaScript, JSON.
Directory 'd:/DOPAMS/Toystack/dopams-backend-staging/node_modules/@types/node/node_modules' does not exist, skipping all lookups in it.
Directory 'd:/DOPAMS/Toystack/dopams-backend-staging/node_modules/@types/node_modules' does not exist, skipping all lookups in it.
File 'd:/DOPAMS/Toystack/dopams-backend-staging/node_modules/querystring/package.json' exists according to earlier cached lookups.
File 'd:/DOPAMS/Toystack/dopams-backend-staging/node_modules/querystring.js' does not exist.
File 'd:/DOPAMS/Toystack/dopams-backend-staging/node_modules/querystring.jsx' does not exist.
'package.json' does not have a 'main' field.
File 'd:/DOPAMS/Toystack/dopams-backend-staging/node_modules/querystring/index.js' exists - use it as a name resolution result.
'package.json' does not have a 'peerDependencies' field.
Resolution of non-relative name failed; trying with '--moduleResolution bundler' to see if project may need configuration update.
'baseUrl' option is set to 'd:/DOPAMS/Toystack/dopams-backend-staging/src', using this value to resolve non-relative module name 'querystring'.
'paths' option is specified, looking for a pattern to match module name 'querystring'.
'baseUrl' option is set to 'd:/DOPAMS/Toystack/dopams-backend-staging/src', using this value to resolve non-relative module name 'querystring'.
Resolving module name 'querystring' relative to base url 'd:/DOPAMS/Toystack/dopams-backend-staging/src' - 'd:/DOPAMS/Toystack/dopams-backend-staging/src/querystring'.
Loading module as file / folder, candidate module location 'd:/DOPAMS/Toystack/dopams-backend-staging/src/querystring', target file types: TypeScript, Declaration.
File 'd:/DOPAMS/Toystack/dopams-backend-staging/src/querystring.ts' does not exist.
File 'd:/DOPAMS/Toystack/dopams-backend-staging/src/querystring.tsx' does not exist.
File 'd:/DOPAMS/Toystack/dopams-backend-staging/src/querystring.d.ts' does not exist.
Directory 'd:/DOPAMS/Toystack/dopams-backend-staging/src/querystring' does not exist, skipping all lookups in it.
Loading module 'querystring' from 'node_modules' folder, target file types: TypeScript, Declaration.
Searching all ancestor node_modules directories for preferred extensions: TypeScript, Declaration.
Directory 'd:/DOPAMS/Toystack/dopams-backend-staging/node_modules/@types/node/node_modules' does not exist, skipping all lookups in it.
Directory 'd:/DOPAMS/Toystack/dopams-backend-staging/node_modules/@types/node_modules' does not exist, skipping all lookups in it.
File 'd:/DOPAMS/Toystack/dopams-backend-staging/node_modules/querystring/package.json' exists according to earlier cached lookups.
File 'd:/DOPAMS/Toystack/dopams-backend-staging/node_modules/querystring.ts' does not exist.
File 'd:/DOPAMS/Toystack/dopams-backend-staging/node_modules/querystring.tsx' does not exist.
File 'd:/DOPAMS/Toystack/dopams-backend-staging/node_modules/querystring.d.ts' does not exist.
'package.json' does not have a 'typings' field.
'package.json' does not have a 'types' field.
'package.json' does not have a 'main' field.
File 'd:/DOPAMS/Toystack/dopams-backend-staging/node_modules/querystring/index.ts' does not exist.
File 'd:/DOPAMS/Toystack/dopams-backend-staging/node_modules/querystring/index.tsx' does not exist.
File 'd:/DOPAMS/Toystack/dopams-backend-staging/node_modules/querystring/index.d.ts' does not exist.
File 'd:/DOPAMS/Toystack/dopams-backend-staging/node_modules/@types/querystring.d.ts' does not exist.
Directory 'd:/DOPAMS/Toystack/node_modules' does not exist, skipping all lookups in it.
Directory 'd:/DOPAMS/node_modules' does not exist, skipping all lookups in it.
Directory 'd:/node_modules' does not exist, skipping all lookups in it.
Resolving real path for 'd:/DOPAMS/Toystack/dopams-backend-staging/node_modules/querystring/index.js', result 'D:/DOPAMS/Toystack/dopams-backend-staging/node_modules/querystring/index.js'.
======== Module name 'querystring' was successfully resolved to 'd:/DOPAMS/Toystack/dopams-backend-staging/node_modules/querystring/index.js' with Package ID 'querystring/index.js@0.2.0'. ========
======== Resolving module 'node:querystring' from 'd:/DOPAMS/Toystack/dopams-backend-staging/node_modules/@types/node/process.d.ts'. ========
Explicitly specified module resolution kind: 'Node10'.
'baseUrl' option is set to 'd:/DOPAMS/Toystack/dopams-backend-staging/src', using this value to resolve non-relative module name 'node:querystring'.
'paths' option is specified, looking for a pattern to match module name 'node:querystring'.
'baseUrl' option is set to 'd:/DOPAMS/Toystack/dopams-backend-staging/src', using this value to resolve non-relative module name 'node:querystring'.
Resolving module name 'node:querystring' relative to base url 'd:/DOPAMS/Toystack/dopams-backend-staging/src' - 'd:/DOPAMS/Toystack/dopams-backend-staging/src/node:querystring'.
Loading module as file / folder, candidate module location 'd:/DOPAMS/Toystack/dopams-backend-staging/src/node:querystring', target file types: TypeScript, Declaration.
File 'd:/DOPAMS/Toystack/dopams-backend-staging/src/node:querystring.ts' does not exist.
File 'd:/DOPAMS/Toystack/dopams-backend-staging/src/node:querystring.tsx' does not exist.
File 'd:/DOPAMS/Toystack/dopams-backend-staging/src/node:querystring.d.ts' does not exist.
Directory 'd:/DOPAMS/Toystack/dopams-backend-staging/src/node:querystring' does not exist, skipping all lookups in it.
Skipping module 'node:querystring' that looks like an absolute URI, target file types: TypeScript, Declaration.
'baseUrl' option is set to 'd:/DOPAMS/Toystack/dopams-backend-staging/src', using this value to resolve non-relative module name 'node:querystring'.
'paths' option is specified, looking for a pattern to match module name 'node:querystring'.
'baseUrl' option is set to 'd:/DOPAMS/Toystack/dopams-backend-staging/src', using this value to resolve non-relative module name 'node:querystring'.
Resolving module name 'node:querystring' relative to base url 'd:/DOPAMS/Toystack/dopams-backend-staging/src' - 'd:/DOPAMS/Toystack/dopams-backend-staging/src/node:querystring'.
Loading module as file / folder, candidate module location 'd:/DOPAMS/Toystack/dopams-backend-staging/src/node:querystring', target file types: JavaScript, JSON.
File 'd:/DOPAMS/Toystack/dopams-backend-staging/src/node:querystring.js' does not exist.
File 'd:/DOPAMS/Toystack/dopams-backend-staging/src/node:querystring.jsx' does not exist.
Directory 'd:/DOPAMS/Toystack/dopams-backend-staging/src/node:querystring' does not exist, skipping all lookups in it.
Skipping module 'node:querystring' that looks like an absolute URI, target file types: JavaScript, JSON.
======== Module name 'node:querystring' was not resolved. ========
======== Resolving module 'readline' from 'd:/DOPAMS/Toystack/dopams-backend-staging/node_modules/@types/node/process.d.ts'. ========
Explicitly specified module resolution kind: 'Node10'.
'baseUrl' option is set to 'd:/DOPAMS/Toystack/dopams-backend-staging/src', using this value to resolve non-relative module name 'readline'.
'paths' option is specified, looking for a pattern to match module name 'readline'.
'baseUrl' option is set to 'd:/DOPAMS/Toystack/dopams-backend-staging/src', using this value to resolve non-relative module name 'readline'.
Resolving module name 'readline' relative to base url 'd:/DOPAMS/Toystack/dopams-backend-staging/src' - 'd:/DOPAMS/Toystack/dopams-backend-staging/src/readline'.
Loading module as file / folder, candidate module location 'd:/DOPAMS/Toystack/dopams-backend-staging/src/readline', target file types: TypeScript, Declaration.
File 'd:/DOPAMS/Toystack/dopams-backend-staging/src/readline.ts' does not exist.
File 'd:/DOPAMS/Toystack/dopams-backend-staging/src/readline.tsx' does not exist.
File 'd:/DOPAMS/Toystack/dopams-backend-staging/src/readline.d.ts' does not exist.
Directory 'd:/DOPAMS/Toystack/dopams-backend-staging/src/readline' does not exist, skipping all lookups in it.
Loading module 'readline' from 'node_modules' folder, target file types: TypeScript, Declaration.
Searching all ancestor node_modules directories for preferred extensions: TypeScript, Declaration.
Directory 'd:/DOPAMS/Toystack/dopams-backend-staging/node_modules/@types/node/node_modules' does not exist, skipping all lookups in it.
Directory 'd:/DOPAMS/Toystack/dopams-backend-staging/node_modules/@types/node_modules' does not exist, skipping all lookups in it.
File 'd:/DOPAMS/Toystack/dopams-backend-staging/node_modules/readline.ts' does not exist.
File 'd:/DOPAMS/Toystack/dopams-backend-staging/node_modules/readline.tsx' does not exist.
File 'd:/DOPAMS/Toystack/dopams-backend-staging/node_modules/readline.d.ts' does not exist.
File 'd:/DOPAMS/Toystack/dopams-backend-staging/node_modules/@types/readline.d.ts' does not exist.
Directory 'd:/DOPAMS/Toystack/node_modules' does not exist, skipping all lookups in it.
Directory 'd:/DOPAMS/node_modules' does not exist, skipping all lookups in it.
Directory 'd:/node_modules' does not exist, skipping all lookups in it.
'baseUrl' option is set to 'd:/DOPAMS/Toystack/dopams-backend-staging/src', using this value to resolve non-relative module name 'readline'.
'paths' option is specified, looking for a pattern to match module name 'readline'.
'baseUrl' option is set to 'd:/DOPAMS/Toystack/dopams-backend-staging/src', using this value to resolve non-relative module name 'readline'.
Resolving module name 'readline' relative to base url 'd:/DOPAMS/Toystack/dopams-backend-staging/src' - 'd:/DOPAMS/Toystack/dopams-backend-staging/src/readline'.
Loading module as file / folder, candidate module location 'd:/DOPAMS/Toystack/dopams-backend-staging/src/readline', target file types: JavaScript, JSON.
File 'd:/DOPAMS/Toystack/dopams-backend-staging/src/readline.js' does not exist.
File 'd:/DOPAMS/Toystack/dopams-backend-staging/src/readline.jsx' does not exist.
Directory 'd:/DOPAMS/Toystack/dopams-backend-staging/src/readline' does not exist, skipping all lookups in it.
Loading module 'readline' from 'node_modules' folder, target file types: JavaScript, JSON.
Searching all ancestor node_modules directories for fallback extensions: JavaScript, JSON.
Directory 'd:/DOPAMS/Toystack/dopams-backend-staging/node_modules/@types/node/node_modules' does not exist, skipping all lookups in it.
Directory 'd:/DOPAMS/Toystack/dopams-backend-staging/node_modules/@types/node_modules' does not exist, skipping all lookups in it.
File 'd:/DOPAMS/Toystack/dopams-backend-staging/node_modules/readline.js' does not exist.
File 'd:/DOPAMS/Toystack/dopams-backend-staging/node_modules/readline.jsx' does not exist.
Directory 'd:/DOPAMS/Toystack/node_modules' does not exist, skipping all lookups in it.
Directory 'd:/DOPAMS/node_modules' does not exist, skipping all lookups in it.
Directory 'd:/node_modules' does not exist, skipping all lookups in it.
======== Module name 'readline' was not resolved. ========
======== Resolving module 'node:readline' from 'd:/DOPAMS/Toystack/dopams-backend-staging/node_modules/@types/node/process.d.ts'. ========
Explicitly specified module resolution kind: 'Node10'.
'baseUrl' option is set to 'd:/DOPAMS/Toystack/dopams-backend-staging/src', using this value to resolve non-relative module name 'node:readline'.
'paths' option is specified, looking for a pattern to match module name 'node:readline'.
'baseUrl' option is set to 'd:/DOPAMS/Toystack/dopams-backend-staging/src', using this value to resolve non-relative module name 'node:readline'.
Resolving module name 'node:readline' relative to base url 'd:/DOPAMS/Toystack/dopams-backend-staging/src' - 'd:/DOPAMS/Toystack/dopams-backend-staging/src/node:readline'.
Loading module as file / folder, candidate module location 'd:/DOPAMS/Toystack/dopams-backend-staging/src/node:readline', target file types: TypeScript, Declaration.
File 'd:/DOPAMS/Toystack/dopams-backend-staging/src/node:readline.ts' does not exist.
File 'd:/DOPAMS/Toystack/dopams-backend-staging/src/node:readline.tsx' does not exist.
File 'd:/DOPAMS/Toystack/dopams-backend-staging/src/node:readline.d.ts' does not exist.
Directory 'd:/DOPAMS/Toystack/dopams-backend-staging/src/node:readline' does not exist, skipping all lookups in it.
Skipping module 'node:readline' that looks like an absolute URI, target file types: TypeScript, Declaration.
'baseUrl' option is set to 'd:/DOPAMS/Toystack/dopams-backend-staging/src', using this value to resolve non-relative module name 'node:readline'.
'paths' option is specified, looking for a pattern to match module name 'node:readline'.
'baseUrl' option is set to 'd:/DOPAMS/Toystack/dopams-backend-staging/src', using this value to resolve non-relative module name 'node:readline'.
Resolving module name 'node:readline' relative to base url 'd:/DOPAMS/Toystack/dopams-backend-staging/src' - 'd:/DOPAMS/Toystack/dopams-backend-staging/src/node:readline'.
Loading module as file / folder, candidate module location 'd:/DOPAMS/Toystack/dopams-backend-staging/src/node:readline', target file types: JavaScript, JSON.
File 'd:/DOPAMS/Toystack/dopams-backend-staging/src/node:readline.js' does not exist.
File 'd:/DOPAMS/Toystack/dopams-backend-staging/src/node:readline.jsx' does not exist.
Directory 'd:/DOPAMS/Toystack/dopams-backend-staging/src/node:readline' does not exist, skipping all lookups in it.
Skipping module 'node:readline' that looks like an absolute URI, target file types: JavaScript, JSON.
======== Module name 'node:readline' was not resolved. ========
======== Resolving module 'readline/promises' from 'd:/DOPAMS/Toystack/dopams-backend-staging/node_modules/@types/node/process.d.ts'. ========
Explicitly specified module resolution kind: 'Node10'.
'baseUrl' option is set to 'd:/DOPAMS/Toystack/dopams-backend-staging/src', using this value to resolve non-relative module name 'readline/promises'.
'paths' option is specified, looking for a pattern to match module name 'readline/promises'.
'baseUrl' option is set to 'd:/DOPAMS/Toystack/dopams-backend-staging/src', using this value to resolve non-relative module name 'readline/promises'.
Resolving module name 'readline/promises' relative to base url 'd:/DOPAMS/Toystack/dopams-backend-staging/src' - 'd:/DOPAMS/Toystack/dopams-backend-staging/src/readline/promises'.
Loading module as file / folder, candidate module location 'd:/DOPAMS/Toystack/dopams-backend-staging/src/readline/promises', target file types: TypeScript, Declaration.
Loading module 'readline/promises' from 'node_modules' folder, target file types: TypeScript, Declaration.
Searching all ancestor node_modules directories for preferred extensions: TypeScript, Declaration.
Directory 'd:/DOPAMS/Toystack/dopams-backend-staging/node_modules/@types/node/node_modules' does not exist, skipping all lookups in it.
Directory 'd:/DOPAMS/Toystack/dopams-backend-staging/node_modules/@types/node_modules' does not exist, skipping all lookups in it.
Directory 'd:/DOPAMS/Toystack/node_modules' does not exist, skipping all lookups in it.
Directory 'd:/DOPAMS/node_modules' does not exist, skipping all lookups in it.
Directory 'd:/node_modules' does not exist, skipping all lookups in it.
'baseUrl' option is set to 'd:/DOPAMS/Toystack/dopams-backend-staging/src', using this value to resolve non-relative module name 'readline/promises'.
'paths' option is specified, looking for a pattern to match module name 'readline/promises'.
'baseUrl' option is set to 'd:/DOPAMS/Toystack/dopams-backend-staging/src', using this value to resolve non-relative module name 'readline/promises'.
Resolving module name 'readline/promises' relative to base url 'd:/DOPAMS/Toystack/dopams-backend-staging/src' - 'd:/DOPAMS/Toystack/dopams-backend-staging/src/readline/promises'.
Loading module as file / folder, candidate module location 'd:/DOPAMS/Toystack/dopams-backend-staging/src/readline/promises', target file types: JavaScript, JSON.
Loading module 'readline/promises' from 'node_modules' folder, target file types: JavaScript, JSON.
Searching all ancestor node_modules directories for fallback extensions: JavaScript, JSON.
Directory 'd:/DOPAMS/Toystack/dopams-backend-staging/node_modules/@types/node/node_modules' does not exist, skipping all lookups in it.
Directory 'd:/DOPAMS/Toystack/dopams-backend-staging/node_modules/@types/node_modules' does not exist, skipping all lookups in it.
Directory 'd:/DOPAMS/Toystack/node_modules' does not exist, skipping all lookups in it.
Directory 'd:/DOPAMS/node_modules' does not exist, skipping all lookups in it.
Directory 'd:/node_modules' does not exist, skipping all lookups in it.
======== Module name 'readline/promises' was not resolved. ========
======== Resolving module 'node:readline/promises' from 'd:/DOPAMS/Toystack/dopams-backend-staging/node_modules/@types/node/process.d.ts'. ========
Explicitly specified module resolution kind: 'Node10'.
'baseUrl' option is set to 'd:/DOPAMS/Toystack/dopams-backend-staging/src', using this value to resolve non-relative module name 'node:readline/promises'.
'paths' option is specified, looking for a pattern to match module name 'node:readline/promises'.
'baseUrl' option is set to 'd:/DOPAMS/Toystack/dopams-backend-staging/src', using this value to resolve non-relative module name 'node:readline/promises'.
Resolving module name 'node:readline/promises' relative to base url 'd:/DOPAMS/Toystack/dopams-backend-staging/src' - 'd:/DOPAMS/Toystack/dopams-backend-staging/src/node:readline/promises'.
Loading module as file / folder, candidate module location 'd:/DOPAMS/Toystack/dopams-backend-staging/src/node:readline/promises', target file types: TypeScript, Declaration.
Skipping module 'node:readline/promises' that looks like an absolute URI, target file types: TypeScript, Declaration.
'baseUrl' option is set to 'd:/DOPAMS/Toystack/dopams-backend-staging/src', using this value to resolve non-relative module name 'node:readline/promises'.
'paths' option is specified, looking for a pattern to match module name 'node:readline/promises'.
'baseUrl' option is set to 'd:/DOPAMS/Toystack/dopams-backend-staging/src', using this value to resolve non-relative module name 'node:readline/promises'.
Resolving module name 'node:readline/promises' relative to base url 'd:/DOPAMS/Toystack/dopams-backend-staging/src' - 'd:/DOPAMS/Toystack/dopams-backend-staging/src/node:readline/promises'.
Loading module as file / folder, candidate module location 'd:/DOPAMS/Toystack/dopams-backend-staging/src/node:readline/promises', target file types: JavaScript, JSON.
Skipping module 'node:readline/promises' that looks like an absolute URI, target file types: JavaScript, JSON.
======== Module name 'node:readline/promises' was not resolved. ========
======== Resolving module 'repl' from 'd:/DOPAMS/Toystack/dopams-backend-staging/node_modules/@types/node/process.d.ts'. ========
Explicitly specified module resolution kind: 'Node10'.
'baseUrl' option is set to 'd:/DOPAMS/Toystack/dopams-backend-staging/src', using this value to resolve non-relative module name 'repl'.
'paths' option is specified, looking for a pattern to match module name 'repl'.
'baseUrl' option is set to 'd:/DOPAMS/Toystack/dopams-backend-staging/src', using this value to resolve non-relative module name 'repl'.
Resolving module name 'repl' relative to base url 'd:/DOPAMS/Toystack/dopams-backend-staging/src' - 'd:/DOPAMS/Toystack/dopams-backend-staging/src/repl'.
Loading module as file / folder, candidate module location 'd:/DOPAMS/Toystack/dopams-backend-staging/src/repl', target file types: TypeScript, Declaration.
File 'd:/DOPAMS/Toystack/dopams-backend-staging/src/repl.ts' does not exist.
File 'd:/DOPAMS/Toystack/dopams-backend-staging/src/repl.tsx' does not exist.
File 'd:/DOPAMS/Toystack/dopams-backend-staging/src/repl.d.ts' does not exist.
Directory 'd:/DOPAMS/Toystack/dopams-backend-staging/src/repl' does not exist, skipping all lookups in it.
Loading module 'repl' from 'node_modules' folder, target file types: TypeScript, Declaration.
Searching all ancestor node_modules directories for preferred extensions: TypeScript, Declaration.
Directory 'd:/DOPAMS/Toystack/dopams-backend-staging/node_modules/@types/node/node_modules' does not exist, skipping all lookups in it.
Directory 'd:/DOPAMS/Toystack/dopams-backend-staging/node_modules/@types/node_modules' does not exist, skipping all lookups in it.
File 'd:/DOPAMS/Toystack/dopams-backend-staging/node_modules/repl.ts' does not exist.
File 'd:/DOPAMS/Toystack/dopams-backend-staging/node_modules/repl.tsx' does not exist.
File 'd:/DOPAMS/Toystack/dopams-backend-staging/node_modules/repl.d.ts' does not exist.
File 'd:/DOPAMS/Toystack/dopams-backend-staging/node_modules/@types/repl.d.ts' does not exist.
Directory 'd:/DOPAMS/Toystack/node_modules' does not exist, skipping all lookups in it.
Directory 'd:/DOPAMS/node_modules' does not exist, skipping all lookups in it.
Directory 'd:/node_modules' does not exist, skipping all lookups in it.
'baseUrl' option is set to 'd:/DOPAMS/Toystack/dopams-backend-staging/src', using this value to resolve non-relative module name 'repl'.
'paths' option is specified, looking for a pattern to match module name 'repl'.
'baseUrl' option is set to 'd:/DOPAMS/Toystack/dopams-backend-staging/src', using this value to resolve non-relative module name 'repl'.
Resolving module name 'repl' relative to base url 'd:/DOPAMS/Toystack/dopams-backend-staging/src' - 'd:/DOPAMS/Toystack/dopams-backend-staging/src/repl'.
Loading module as file / folder, candidate module location 'd:/DOPAMS/Toystack/dopams-backend-staging/src/repl', target file types: JavaScript, JSON.
File 'd:/DOPAMS/Toystack/dopams-backend-staging/src/repl.js' does not exist.
File 'd:/DOPAMS/Toystack/dopams-backend-staging/src/repl.jsx' does not exist.
Directory 'd:/DOPAMS/Toystack/dopams-backend-staging/src/repl' does not exist, skipping all lookups in it.
Loading module 'repl' from 'node_modules' folder, target file types: JavaScript, JSON.
Searching all ancestor node_modules directories for fallback extensions: JavaScript, JSON.
Directory 'd:/DOPAMS/Toystack/dopams-backend-staging/node_modules/@types/node/node_modules' does not exist, skipping all lookups in it.
Directory 'd:/DOPAMS/Toystack/dopams-backend-staging/node_modules/@types/node_modules' does not exist, skipping all lookups in it.
File 'd:/DOPAMS/Toystack/dopams-backend-staging/node_modules/repl.js' does not exist.
File 'd:/DOPAMS/Toystack/dopams-backend-staging/node_modules/repl.jsx' does not exist.
Directory 'd:/DOPAMS/Toystack/node_modules' does not exist, skipping all lookups in it.
Directory 'd:/DOPAMS/node_modules' does not exist, skipping all lookups in it.
Directory 'd:/node_modules' does not exist, skipping all lookups in it.
======== Module name 'repl' was not resolved. ========
======== Resolving module 'node:repl' from 'd:/DOPAMS/Toystack/dopams-backend-staging/node_modules/@types/node/process.d.ts'. ========
Explicitly specified module resolution kind: 'Node10'.
'baseUrl' option is set to 'd:/DOPAMS/Toystack/dopams-backend-staging/src', using this value to resolve non-relative module name 'node:repl'.
'paths' option is specified, looking for a pattern to match module name 'node:repl'.
'baseUrl' option is set to 'd:/DOPAMS/Toystack/dopams-backend-staging/src', using this value to resolve non-relative module name 'node:repl'.
Resolving module name 'node:repl' relative to base url 'd:/DOPAMS/Toystack/dopams-backend-staging/src' - 'd:/DOPAMS/Toystack/dopams-backend-staging/src/node:repl'.
Loading module as file / folder, candidate module location 'd:/DOPAMS/Toystack/dopams-backend-staging/src/node:repl', target file types: TypeScript, Declaration.
File 'd:/DOPAMS/Toystack/dopams-backend-staging/src/node:repl.ts' does not exist.
File 'd:/DOPAMS/Toystack/dopams-backend-staging/src/node:repl.tsx' does not exist.
File 'd:/DOPAMS/Toystack/dopams-backend-staging/src/node:repl.d.ts' does not exist.
Directory 'd:/DOPAMS/Toystack/dopams-backend-staging/src/node:repl' does not exist, skipping all lookups in it.
Skipping module 'node:repl' that looks like an absolute URI, target file types: TypeScript, Declaration.
'baseUrl' option is set to 'd:/DOPAMS/Toystack/dopams-backend-staging/src', using this value to resolve non-relative module name 'node:repl'.
'paths' option is specified, looking for a pattern to match module name 'node:repl'.
'baseUrl' option is set to 'd:/DOPAMS/Toystack/dopams-backend-staging/src', using this value to resolve non-relative module name 'node:repl'.
Resolving module name 'node:repl' relative to base url 'd:/DOPAMS/Toystack/dopams-backend-staging/src' - 'd:/DOPAMS/Toystack/dopams-backend-staging/src/node:repl'.
Loading module as file / folder, candidate module location 'd:/DOPAMS/Toystack/dopams-backend-staging/src/node:repl', target file types: JavaScript, JSON.
File 'd:/DOPAMS/Toystack/dopams-backend-staging/src/node:repl.js' does not exist.
File 'd:/DOPAMS/Toystack/dopams-backend-staging/src/node:repl.jsx' does not exist.
Directory 'd:/DOPAMS/Toystack/dopams-backend-staging/src/node:repl' does not exist, skipping all lookups in it.
Skipping module 'node:repl' that looks like an absolute URI, target file types: JavaScript, JSON.
======== Module name 'node:repl' was not resolved. ========
======== Resolving module 'node:sea' from 'd:/DOPAMS/Toystack/dopams-backend-staging/node_modules/@types/node/process.d.ts'. ========
Explicitly specified module resolution kind: 'Node10'.
'baseUrl' option is set to 'd:/DOPAMS/Toystack/dopams-backend-staging/src', using this value to resolve non-relative module name 'node:sea'.
'paths' option is specified, looking for a pattern to match module name 'node:sea'.
'baseUrl' option is set to 'd:/DOPAMS/Toystack/dopams-backend-staging/src', using this value to resolve non-relative module name 'node:sea'.
Resolving module name 'node:sea' relative to base url 'd:/DOPAMS/Toystack/dopams-backend-staging/src' - 'd:/DOPAMS/Toystack/dopams-backend-staging/src/node:sea'.
Loading module as file / folder, candidate module location 'd:/DOPAMS/Toystack/dopams-backend-staging/src/node:sea', target file types: TypeScript, Declaration.
File 'd:/DOPAMS/Toystack/dopams-backend-staging/src/node:sea.ts' does not exist.
File 'd:/DOPAMS/Toystack/dopams-backend-staging/src/node:sea.tsx' does not exist.
File 'd:/DOPAMS/Toystack/dopams-backend-staging/src/node:sea.d.ts' does not exist.
Directory 'd:/DOPAMS/Toystack/dopams-backend-staging/src/node:sea' does not exist, skipping all lookups in it.
Skipping module 'node:sea' that looks like an absolute URI, target file types: TypeScript, Declaration.
'baseUrl' option is set to 'd:/DOPAMS/Toystack/dopams-backend-staging/src', using this value to resolve non-relative module name 'node:sea'.
'paths' option is specified, looking for a pattern to match module name 'node:sea'.
'baseUrl' option is set to 'd:/DOPAMS/Toystack/dopams-backend-staging/src', using this value to resolve non-relative module name 'node:sea'.
Resolving module name 'node:sea' relative to base url 'd:/DOPAMS/Toystack/dopams-backend-staging/src' - 'd:/DOPAMS/Toystack/dopams-backend-staging/src/node:sea'.
Loading module as file / folder, candidate module location 'd:/DOPAMS/Toystack/dopams-backend-staging/src/node:sea', target file types: JavaScript, JSON.
File 'd:/DOPAMS/Toystack/dopams-backend-staging/src/node:sea.js' does not exist.
File 'd:/DOPAMS/Toystack/dopams-backend-staging/src/node:sea.jsx' does not exist.
Directory 'd:/DOPAMS/Toystack/dopams-backend-staging/src/node:sea' does not exist, skipping all lookups in it.
Skipping module 'node:sea' that looks like an absolute URI, target file types: JavaScript, JSON.
======== Module name 'node:sea' was not resolved. ========
======== Resolving module 'node:sqlite' from 'd:/DOPAMS/Toystack/dopams-backend-staging/node_modules/@types/node/process.d.ts'. ========
Explicitly specified module resolution kind: 'Node10'.
'baseUrl' option is set to 'd:/DOPAMS/Toystack/dopams-backend-staging/src', using this value to resolve non-relative module name 'node:sqlite'.
'paths' option is specified, looking for a pattern to match module name 'node:sqlite'.
'baseUrl' option is set to 'd:/DOPAMS/Toystack/dopams-backend-staging/src', using this value to resolve non-relative module name 'node:sqlite'.
Resolving module name 'node:sqlite' relative to base url 'd:/DOPAMS/Toystack/dopams-backend-staging/src' - 'd:/DOPAMS/Toystack/dopams-backend-staging/src/node:sqlite'.
Loading module as file / folder, candidate module location 'd:/DOPAMS/Toystack/dopams-backend-staging/src/node:sqlite', target file types: TypeScript, Declaration.
File 'd:/DOPAMS/Toystack/dopams-backend-staging/src/node:sqlite.ts' does not exist.
File 'd:/DOPAMS/Toystack/dopams-backend-staging/src/node:sqlite.tsx' does not exist.
File 'd:/DOPAMS/Toystack/dopams-backend-staging/src/node:sqlite.d.ts' does not exist.
Directory 'd:/DOPAMS/Toystack/dopams-backend-staging/src/node:sqlite' does not exist, skipping all lookups in it.
Skipping module 'node:sqlite' that looks like an absolute URI, target file types: TypeScript, Declaration.
'baseUrl' option is set to 'd:/DOPAMS/Toystack/dopams-backend-staging/src', using this value to resolve non-relative module name 'node:sqlite'.
'paths' option is specified, looking for a pattern to match module name 'node:sqlite'.
'baseUrl' option is set to 'd:/DOPAMS/Toystack/dopams-backend-staging/src', using this value to resolve non-relative module name 'node:sqlite'.
Resolving module name 'node:sqlite' relative to base url 'd:/DOPAMS/Toystack/dopams-backend-staging/src' - 'd:/DOPAMS/Toystack/dopams-backend-staging/src/node:sqlite'.
Loading module as file / folder, candidate module location 'd:/DOPAMS/Toystack/dopams-backend-staging/src/node:sqlite', target file types: JavaScript, JSON.
File 'd:/DOPAMS/Toystack/dopams-backend-staging/src/node:sqlite.js' does not exist.
File 'd:/DOPAMS/Toystack/dopams-backend-staging/src/node:sqlite.jsx' does not exist.
Directory 'd:/DOPAMS/Toystack/dopams-backend-staging/src/node:sqlite' does not exist, skipping all lookups in it.
Skipping module 'node:sqlite' that looks like an absolute URI, target file types: JavaScript, JSON.
======== Module name 'node:sqlite' was not resolved. ========
======== Resolving module 'stream' from 'd:/DOPAMS/Toystack/dopams-backend-staging/node_modules/@types/node/process.d.ts'. ========
Explicitly specified module resolution kind: 'Node10'.
'baseUrl' option is set to 'd:/DOPAMS/Toystack/dopams-backend-staging/src', using this value to resolve non-relative module name 'stream'.
'paths' option is specified, looking for a pattern to match module name 'stream'.
'baseUrl' option is set to 'd:/DOPAMS/Toystack/dopams-backend-staging/src', using this value to resolve non-relative module name 'stream'.
Resolving module name 'stream' relative to base url 'd:/DOPAMS/Toystack/dopams-backend-staging/src' - 'd:/DOPAMS/Toystack/dopams-backend-staging/src/stream'.
Loading module as file / folder, candidate module location 'd:/DOPAMS/Toystack/dopams-backend-staging/src/stream', target file types: TypeScript, Declaration.
File 'd:/DOPAMS/Toystack/dopams-backend-staging/src/stream.ts' does not exist.
File 'd:/DOPAMS/Toystack/dopams-backend-staging/src/stream.tsx' does not exist.
File 'd:/DOPAMS/Toystack/dopams-backend-staging/src/stream.d.ts' does not exist.
Directory 'd:/DOPAMS/Toystack/dopams-backend-staging/src/stream' does not exist, skipping all lookups in it.
Loading module 'stream' from 'node_modules' folder, target file types: TypeScript, Declaration.
Searching all ancestor node_modules directories for preferred extensions: TypeScript, Declaration.
Directory 'd:/DOPAMS/Toystack/dopams-backend-staging/node_modules/@types/node/node_modules' does not exist, skipping all lookups in it.
Directory 'd:/DOPAMS/Toystack/dopams-backend-staging/node_modules/@types/node_modules' does not exist, skipping all lookups in it.
Resolution for module 'stream' was found in cache from location 'd:/DOPAMS/Toystack/dopams-backend-staging'.
======== Module name 'stream' was not resolved. ========
======== Resolving module 'node:stream' from 'd:/DOPAMS/Toystack/dopams-backend-staging/node_modules/@types/node/process.d.ts'. ========
Resolution for module 'node:stream' was found in cache from location 'd:/DOPAMS/Toystack/dopams-backend-staging/node_modules/@types/node'.
======== Module name 'node:stream' was not resolved. ========
======== Resolving module 'stream/consumers' from 'd:/DOPAMS/Toystack/dopams-backend-staging/node_modules/@types/node/process.d.ts'. ========
Explicitly specified module resolution kind: 'Node10'.
'baseUrl' option is set to 'd:/DOPAMS/Toystack/dopams-backend-staging/src', using this value to resolve non-relative module name 'stream/consumers'.
'paths' option is specified, looking for a pattern to match module name 'stream/consumers'.
'baseUrl' option is set to 'd:/DOPAMS/Toystack/dopams-backend-staging/src', using this value to resolve non-relative module name 'stream/consumers'.
Resolving module name 'stream/consumers' relative to base url 'd:/DOPAMS/Toystack/dopams-backend-staging/src' - 'd:/DOPAMS/Toystack/dopams-backend-staging/src/stream/consumers'.
Loading module as file / folder, candidate module location 'd:/DOPAMS/Toystack/dopams-backend-staging/src/stream/consumers', target file types: TypeScript, Declaration.
Loading module 'stream/consumers' from 'node_modules' folder, target file types: TypeScript, Declaration.
Searching all ancestor node_modules directories for preferred extensions: TypeScript, Declaration.
Directory 'd:/DOPAMS/Toystack/dopams-backend-staging/node_modules/@types/node/node_modules' does not exist, skipping all lookups in it.
Directory 'd:/DOPAMS/Toystack/dopams-backend-staging/node_modules/@types/node_modules' does not exist, skipping all lookups in it.
Directory 'd:/DOPAMS/Toystack/node_modules' does not exist, skipping all lookups in it.
Directory 'd:/DOPAMS/node_modules' does not exist, skipping all lookups in it.
Directory 'd:/node_modules' does not exist, skipping all lookups in it.
'baseUrl' option is set to 'd:/DOPAMS/Toystack/dopams-backend-staging/src', using this value to resolve non-relative module name 'stream/consumers'.
'paths' option is specified, looking for a pattern to match module name 'stream/consumers'.
'baseUrl' option is set to 'd:/DOPAMS/Toystack/dopams-backend-staging/src', using this value to resolve non-relative module name 'stream/consumers'.
Resolving module name 'stream/consumers' relative to base url 'd:/DOPAMS/Toystack/dopams-backend-staging/src' - 'd:/DOPAMS/Toystack/dopams-backend-staging/src/stream/consumers'.
Loading module as file / folder, candidate module location 'd:/DOPAMS/Toystack/dopams-backend-staging/src/stream/consumers', target file types: JavaScript, JSON.
Loading module 'stream/consumers' from 'node_modules' folder, target file types: JavaScript, JSON.
Searching all ancestor node_modules directories for fallback extensions: JavaScript, JSON.
Directory 'd:/DOPAMS/Toystack/dopams-backend-staging/node_modules/@types/node/node_modules' does not exist, skipping all lookups in it.
Directory 'd:/DOPAMS/Toystack/dopams-backend-staging/node_modules/@types/node_modules' does not exist, skipping all lookups in it.
Directory 'd:/DOPAMS/Toystack/node_modules' does not exist, skipping all lookups in it.
Directory 'd:/DOPAMS/node_modules' does not exist, skipping all lookups in it.
Directory 'd:/node_modules' does not exist, skipping all lookups in it.
======== Module name 'stream/consumers' was not resolved. ========
======== Resolving module 'node:stream/consumers' from 'd:/DOPAMS/Toystack/dopams-backend-staging/node_modules/@types/node/process.d.ts'. ========
Explicitly specified module resolution kind: 'Node10'.
'baseUrl' option is set to 'd:/DOPAMS/Toystack/dopams-backend-staging/src', using this value to resolve non-relative module name 'node:stream/consumers'.
'paths' option is specified, looking for a pattern to match module name 'node:stream/consumers'.
'baseUrl' option is set to 'd:/DOPAMS/Toystack/dopams-backend-staging/src', using this value to resolve non-relative module name 'node:stream/consumers'.
Resolving module name 'node:stream/consumers' relative to base url 'd:/DOPAMS/Toystack/dopams-backend-staging/src' - 'd:/DOPAMS/Toystack/dopams-backend-staging/src/node:stream/consumers'.
Loading module as file / folder, candidate module location 'd:/DOPAMS/Toystack/dopams-backend-staging/src/node:stream/consumers', target file types: TypeScript, Declaration.
Skipping module 'node:stream/consumers' that looks like an absolute URI, target file types: TypeScript, Declaration.
'baseUrl' option is set to 'd:/DOPAMS/Toystack/dopams-backend-staging/src', using this value to resolve non-relative module name 'node:stream/consumers'.
'paths' option is specified, looking for a pattern to match module name 'node:stream/consumers'.
'baseUrl' option is set to 'd:/DOPAMS/Toystack/dopams-backend-staging/src', using this value to resolve non-relative module name 'node:stream/consumers'.
Resolving module name 'node:stream/consumers' relative to base url 'd:/DOPAMS/Toystack/dopams-backend-staging/src' - 'd:/DOPAMS/Toystack/dopams-backend-staging/src/node:stream/consumers'.
Loading module as file / folder, candidate module location 'd:/DOPAMS/Toystack/dopams-backend-staging/src/node:stream/consumers', target file types: JavaScript, JSON.
Skipping module 'node:stream/consumers' that looks like an absolute URI, target file types: JavaScript, JSON.
======== Module name 'node:stream/consumers' was not resolved. ========
======== Resolving module 'stream/promises' from 'd:/DOPAMS/Toystack/dopams-backend-staging/node_modules/@types/node/process.d.ts'. ========
Explicitly specified module resolution kind: 'Node10'.
'baseUrl' option is set to 'd:/DOPAMS/Toystack/dopams-backend-staging/src', using this value to resolve non-relative module name 'stream/promises'.
'paths' option is specified, looking for a pattern to match module name 'stream/promises'.
'baseUrl' option is set to 'd:/DOPAMS/Toystack/dopams-backend-staging/src', using this value to resolve non-relative module name 'stream/promises'.
Resolving module name 'stream/promises' relative to base url 'd:/DOPAMS/Toystack/dopams-backend-staging/src' - 'd:/DOPAMS/Toystack/dopams-backend-staging/src/stream/promises'.
Loading module as file / folder, candidate module location 'd:/DOPAMS/Toystack/dopams-backend-staging/src/stream/promises', target file types: TypeScript, Declaration.
Loading module 'stream/promises' from 'node_modules' folder, target file types: TypeScript, Declaration.
Searching all ancestor node_modules directories for preferred extensions: TypeScript, Declaration.
Directory 'd:/DOPAMS/Toystack/dopams-backend-staging/node_modules/@types/node/node_modules' does not exist, skipping all lookups in it.
Directory 'd:/DOPAMS/Toystack/dopams-backend-staging/node_modules/@types/node_modules' does not exist, skipping all lookups in it.
Directory 'd:/DOPAMS/Toystack/node_modules' does not exist, skipping all lookups in it.
Directory 'd:/DOPAMS/node_modules' does not exist, skipping all lookups in it.
Directory 'd:/node_modules' does not exist, skipping all lookups in it.
'baseUrl' option is set to 'd:/DOPAMS/Toystack/dopams-backend-staging/src', using this value to resolve non-relative module name 'stream/promises'.
'paths' option is specified, looking for a pattern to match module name 'stream/promises'.
'baseUrl' option is set to 'd:/DOPAMS/Toystack/dopams-backend-staging/src', using this value to resolve non-relative module name 'stream/promises'.
Resolving module name 'stream/promises' relative to base url 'd:/DOPAMS/Toystack/dopams-backend-staging/src' - 'd:/DOPAMS/Toystack/dopams-backend-staging/src/stream/promises'.
Loading module as file / folder, candidate module location 'd:/DOPAMS/Toystack/dopams-backend-staging/src/stream/promises', target file types: JavaScript, JSON.
Loading module 'stream/promises' from 'node_modules' folder, target file types: JavaScript, JSON.
Searching all ancestor node_modules directories for fallback extensions: JavaScript, JSON.
Directory 'd:/DOPAMS/Toystack/dopams-backend-staging/node_modules/@types/node/node_modules' does not exist, skipping all lookups in it.
Directory 'd:/DOPAMS/Toystack/dopams-backend-staging/node_modules/@types/node_modules' does not exist, skipping all lookups in it.
Directory 'd:/DOPAMS/Toystack/node_modules' does not exist, skipping all lookups in it.
Directory 'd:/DOPAMS/node_modules' does not exist, skipping all lookups in it.
Directory 'd:/node_modules' does not exist, skipping all lookups in it.
======== Module name 'stream/promises' was not resolved. ========
======== Resolving module 'node:stream/promises' from 'd:/DOPAMS/Toystack/dopams-backend-staging/node_modules/@types/node/process.d.ts'. ========
Explicitly specified module resolution kind: 'Node10'.
'baseUrl' option is set to 'd:/DOPAMS/Toystack/dopams-backend-staging/src', using this value to resolve non-relative module name 'node:stream/promises'.
'paths' option is specified, looking for a pattern to match module name 'node:stream/promises'.
'baseUrl' option is set to 'd:/DOPAMS/Toystack/dopams-backend-staging/src', using this value to resolve non-relative module name 'node:stream/promises'.
Resolving module name 'node:stream/promises' relative to base url 'd:/DOPAMS/Toystack/dopams-backend-staging/src' - 'd:/DOPAMS/Toystack/dopams-backend-staging/src/node:stream/promises'.
Loading module as file / folder, candidate module location 'd:/DOPAMS/Toystack/dopams-backend-staging/src/node:stream/promises', target file types: TypeScript, Declaration.
Skipping module 'node:stream/promises' that looks like an absolute URI, target file types: TypeScript, Declaration.
'baseUrl' option is set to 'd:/DOPAMS/Toystack/dopams-backend-staging/src', using this value to resolve non-relative module name 'node:stream/promises'.
'paths' option is specified, looking for a pattern to match module name 'node:stream/promises'.
'baseUrl' option is set to 'd:/DOPAMS/Toystack/dopams-backend-staging/src', using this value to resolve non-relative module name 'node:stream/promises'.
Resolving module name 'node:stream/promises' relative to base url 'd:/DOPAMS/Toystack/dopams-backend-staging/src' - 'd:/DOPAMS/Toystack/dopams-backend-staging/src/node:stream/promises'.
Loading module as file / folder, candidate module location 'd:/DOPAMS/Toystack/dopams-backend-staging/src/node:stream/promises', target file types: JavaScript, JSON.
Skipping module 'node:stream/promises' that looks like an absolute URI, target file types: JavaScript, JSON.
======== Module name 'node:stream/promises' was not resolved. ========
======== Resolving module 'stream/web' from 'd:/DOPAMS/Toystack/dopams-backend-staging/node_modules/@types/node/process.d.ts'. ========
Explicitly specified module resolution kind: 'Node10'.
'baseUrl' option is set to 'd:/DOPAMS/Toystack/dopams-backend-staging/src', using this value to resolve non-relative module name 'stream/web'.
'paths' option is specified, looking for a pattern to match module name 'stream/web'.
'baseUrl' option is set to 'd:/DOPAMS/Toystack/dopams-backend-staging/src', using this value to resolve non-relative module name 'stream/web'.
Resolving module name 'stream/web' relative to base url 'd:/DOPAMS/Toystack/dopams-backend-staging/src' - 'd:/DOPAMS/Toystack/dopams-backend-staging/src/stream/web'.
Loading module as file / folder, candidate module location 'd:/DOPAMS/Toystack/dopams-backend-staging/src/stream/web', target file types: TypeScript, Declaration.
Loading module 'stream/web' from 'node_modules' folder, target file types: TypeScript, Declaration.
Searching all ancestor node_modules directories for preferred extensions: TypeScript, Declaration.
Directory 'd:/DOPAMS/Toystack/dopams-backend-staging/node_modules/@types/node/node_modules' does not exist, skipping all lookups in it.
Directory 'd:/DOPAMS/Toystack/dopams-backend-staging/node_modules/@types/node_modules' does not exist, skipping all lookups in it.
Resolution for module 'stream/web' was found in cache from location 'd:/DOPAMS/Toystack/dopams-backend-staging'.
======== Module name 'stream/web' was not resolved. ========
======== Resolving module 'node:stream/web' from 'd:/DOPAMS/Toystack/dopams-backend-staging/node_modules/@types/node/process.d.ts'. ========
Resolution for module 'node:stream/web' was found in cache from location 'd:/DOPAMS/Toystack/dopams-backend-staging/node_modules/@types/node'.
======== Module name 'node:stream/web' was not resolved. ========
======== Resolving module 'string_decoder' from 'd:/DOPAMS/Toystack/dopams-backend-staging/node_modules/@types/node/process.d.ts'. ========
Explicitly specified module resolution kind: 'Node10'.
'baseUrl' option is set to 'd:/DOPAMS/Toystack/dopams-backend-staging/src', using this value to resolve non-relative module name 'string_decoder'.
'paths' option is specified, looking for a pattern to match module name 'string_decoder'.
'baseUrl' option is set to 'd:/DOPAMS/Toystack/dopams-backend-staging/src', using this value to resolve non-relative module name 'string_decoder'.
Resolving module name 'string_decoder' relative to base url 'd:/DOPAMS/Toystack/dopams-backend-staging/src' - 'd:/DOPAMS/Toystack/dopams-backend-staging/src/string_decoder'.
Loading module as file / folder, candidate module location 'd:/DOPAMS/Toystack/dopams-backend-staging/src/string_decoder', target file types: TypeScript, Declaration.
File 'd:/DOPAMS/Toystack/dopams-backend-staging/src/string_decoder.ts' does not exist.
File 'd:/DOPAMS/Toystack/dopams-backend-staging/src/string_decoder.tsx' does not exist.
File 'd:/DOPAMS/Toystack/dopams-backend-staging/src/string_decoder.d.ts' does not exist.
Directory 'd:/DOPAMS/Toystack/dopams-backend-staging/src/string_decoder' does not exist, skipping all lookups in it.
Loading module 'string_decoder' from 'node_modules' folder, target file types: TypeScript, Declaration.
Searching all ancestor node_modules directories for preferred extensions: TypeScript, Declaration.
Directory 'd:/DOPAMS/Toystack/dopams-backend-staging/node_modules/@types/node/node_modules' does not exist, skipping all lookups in it.
Directory 'd:/DOPAMS/Toystack/dopams-backend-staging/node_modules/@types/node_modules' does not exist, skipping all lookups in it.
Found 'package.json' at 'd:/DOPAMS/Toystack/dopams-backend-staging/node_modules/string_decoder/package.json'.
File 'd:/DOPAMS/Toystack/dopams-backend-staging/node_modules/string_decoder.ts' does not exist.
File 'd:/DOPAMS/Toystack/dopams-backend-staging/node_modules/string_decoder.tsx' does not exist.
File 'd:/DOPAMS/Toystack/dopams-backend-staging/node_modules/string_decoder.d.ts' does not exist.
'package.json' does not have a 'typesVersions' field.
'package.json' does not have a 'typings' field.
'package.json' does not have a 'types' field.
'package.json' has 'main' field 'lib/string_decoder.js' that references 'd:/DOPAMS/Toystack/dopams-backend-staging/node_modules/string_decoder/lib/string_decoder.js'.
File name 'd:/DOPAMS/Toystack/dopams-backend-staging/node_modules/string_decoder/lib/string_decoder.js' has a '.js' extension - stripping it.
File 'd:/DOPAMS/Toystack/dopams-backend-staging/node_modules/string_decoder/lib/string_decoder.ts' does not exist.
File 'd:/DOPAMS/Toystack/dopams-backend-staging/node_modules/string_decoder/lib/string_decoder.tsx' does not exist.
File 'd:/DOPAMS/Toystack/dopams-backend-staging/node_modules/string_decoder/lib/string_decoder.d.ts' does not exist.
Loading module as file / folder, candidate module location 'd:/DOPAMS/Toystack/dopams-backend-staging/node_modules/string_decoder/lib/string_decoder.js', target file types: TypeScript, Declaration.
File name 'd:/DOPAMS/Toystack/dopams-backend-staging/node_modules/string_decoder/lib/string_decoder.js' has a '.js' extension - stripping it.
File 'd:/DOPAMS/Toystack/dopams-backend-staging/node_modules/string_decoder/lib/string_decoder.ts' does not exist.
File 'd:/DOPAMS/Toystack/dopams-backend-staging/node_modules/string_decoder/lib/string_decoder.tsx' does not exist.
File 'd:/DOPAMS/Toystack/dopams-backend-staging/node_modules/string_decoder/lib/string_decoder.d.ts' does not exist.
File 'd:/DOPAMS/Toystack/dopams-backend-staging/node_modules/string_decoder/lib/string_decoder.js.ts' does not exist.
File 'd:/DOPAMS/Toystack/dopams-backend-staging/node_modules/string_decoder/lib/string_decoder.js.tsx' does not exist.
File 'd:/DOPAMS/Toystack/dopams-backend-staging/node_modules/string_decoder/lib/string_decoder.js.d.ts' does not exist.
Directory 'd:/DOPAMS/Toystack/dopams-backend-staging/node_modules/string_decoder/lib/string_decoder.js' does not exist, skipping all lookups in it.
File 'd:/DOPAMS/Toystack/dopams-backend-staging/node_modules/string_decoder/index.ts' does not exist.
File 'd:/DOPAMS/Toystack/dopams-backend-staging/node_modules/string_decoder/index.tsx' does not exist.
File 'd:/DOPAMS/Toystack/dopams-backend-staging/node_modules/string_decoder/index.d.ts' does not exist.
File 'd:/DOPAMS/Toystack/dopams-backend-staging/node_modules/@types/string_decoder.d.ts' does not exist.
Directory 'd:/DOPAMS/Toystack/node_modules' does not exist, skipping all lookups in it.
Directory 'd:/DOPAMS/node_modules' does not exist, skipping all lookups in it.
Directory 'd:/node_modules' does not exist, skipping all lookups in it.
'baseUrl' option is set to 'd:/DOPAMS/Toystack/dopams-backend-staging/src', using this value to resolve non-relative module name 'string_decoder'.
'paths' option is specified, looking for a pattern to match module name 'string_decoder'.
'baseUrl' option is set to 'd:/DOPAMS/Toystack/dopams-backend-staging/src', using this value to resolve non-relative module name 'string_decoder'.
Resolving module name 'string_decoder' relative to base url 'd:/DOPAMS/Toystack/dopams-backend-staging/src' - 'd:/DOPAMS/Toystack/dopams-backend-staging/src/string_decoder'.
Loading module as file / folder, candidate module location 'd:/DOPAMS/Toystack/dopams-backend-staging/src/string_decoder', target file types: JavaScript, JSON.
File 'd:/DOPAMS/Toystack/dopams-backend-staging/src/string_decoder.js' does not exist.
File 'd:/DOPAMS/Toystack/dopams-backend-staging/src/string_decoder.jsx' does not exist.
Directory 'd:/DOPAMS/Toystack/dopams-backend-staging/src/string_decoder' does not exist, skipping all lookups in it.
Loading module 'string_decoder' from 'node_modules' folder, target file types: JavaScript, JSON.
Searching all ancestor node_modules directories for fallback extensions: JavaScript, JSON.
Directory 'd:/DOPAMS/Toystack/dopams-backend-staging/node_modules/@types/node/node_modules' does not exist, skipping all lookups in it.
Directory 'd:/DOPAMS/Toystack/dopams-backend-staging/node_modules/@types/node_modules' does not exist, skipping all lookups in it.
File 'd:/DOPAMS/Toystack/dopams-backend-staging/node_modules/string_decoder/package.json' exists according to earlier cached lookups.
File 'd:/DOPAMS/Toystack/dopams-backend-staging/node_modules/string_decoder.js' does not exist.
File 'd:/DOPAMS/Toystack/dopams-backend-staging/node_modules/string_decoder.jsx' does not exist.
'package.json' has 'main' field 'lib/string_decoder.js' that references 'd:/DOPAMS/Toystack/dopams-backend-staging/node_modules/string_decoder/lib/string_decoder.js'.
File name 'd:/DOPAMS/Toystack/dopams-backend-staging/node_modules/string_decoder/lib/string_decoder.js' has a '.js' extension - stripping it.
File 'd:/DOPAMS/Toystack/dopams-backend-staging/node_modules/string_decoder/lib/string_decoder.js' exists - use it as a name resolution result.
'package.json' does not have a 'peerDependencies' field.
Resolution of non-relative name failed; trying with '--moduleResolution bundler' to see if project may need configuration update.
'baseUrl' option is set to 'd:/DOPAMS/Toystack/dopams-backend-staging/src', using this value to resolve non-relative module name 'string_decoder'.
'paths' option is specified, looking for a pattern to match module name 'string_decoder'.
'baseUrl' option is set to 'd:/DOPAMS/Toystack/dopams-backend-staging/src', using this value to resolve non-relative module name 'string_decoder'.
Resolving module name 'string_decoder' relative to base url 'd:/DOPAMS/Toystack/dopams-backend-staging/src' - 'd:/DOPAMS/Toystack/dopams-backend-staging/src/string_decoder'.
Loading module as file / folder, candidate module location 'd:/DOPAMS/Toystack/dopams-backend-staging/src/string_decoder', target file types: TypeScript, Declaration.
File 'd:/DOPAMS/Toystack/dopams-backend-staging/src/string_decoder.ts' does not exist.
File 'd:/DOPAMS/Toystack/dopams-backend-staging/src/string_decoder.tsx' does not exist.
File 'd:/DOPAMS/Toystack/dopams-backend-staging/src/string_decoder.d.ts' does not exist.
Directory 'd:/DOPAMS/Toystack/dopams-backend-staging/src/string_decoder' does not exist, skipping all lookups in it.
Loading module 'string_decoder' from 'node_modules' folder, target file types: TypeScript, Declaration.
Searching all ancestor node_modules directories for preferred extensions: TypeScript, Declaration.
Directory 'd:/DOPAMS/Toystack/dopams-backend-staging/node_modules/@types/node/node_modules' does not exist, skipping all lookups in it.
Directory 'd:/DOPAMS/Toystack/dopams-backend-staging/node_modules/@types/node_modules' does not exist, skipping all lookups in it.
File 'd:/DOPAMS/Toystack/dopams-backend-staging/node_modules/string_decoder/package.json' exists according to earlier cached lookups.
File 'd:/DOPAMS/Toystack/dopams-backend-staging/node_modules/string_decoder.ts' does not exist.
File 'd:/DOPAMS/Toystack/dopams-backend-staging/node_modules/string_decoder.tsx' does not exist.
File 'd:/DOPAMS/Toystack/dopams-backend-staging/node_modules/string_decoder.d.ts' does not exist.
'package.json' does not have a 'typings' field.
'package.json' does not have a 'types' field.
'package.json' has 'main' field 'lib/string_decoder.js' that references 'd:/DOPAMS/Toystack/dopams-backend-staging/node_modules/string_decoder/lib/string_decoder.js'.
File name 'd:/DOPAMS/Toystack/dopams-backend-staging/node_modules/string_decoder/lib/string_decoder.js' has a '.js' extension - stripping it.
File 'd:/DOPAMS/Toystack/dopams-backend-staging/node_modules/string_decoder/lib/string_decoder.ts' does not exist.
File 'd:/DOPAMS/Toystack/dopams-backend-staging/node_modules/string_decoder/lib/string_decoder.tsx' does not exist.
File 'd:/DOPAMS/Toystack/dopams-backend-staging/node_modules/string_decoder/lib/string_decoder.d.ts' does not exist.
Loading module as file / folder, candidate module location 'd:/DOPAMS/Toystack/dopams-backend-staging/node_modules/string_decoder/lib/string_decoder.js', target file types: TypeScript, Declaration.
File name 'd:/DOPAMS/Toystack/dopams-backend-staging/node_modules/string_decoder/lib/string_decoder.js' has a '.js' extension - stripping it.
File 'd:/DOPAMS/Toystack/dopams-backend-staging/node_modules/string_decoder/lib/string_decoder.ts' does not exist.
File 'd:/DOPAMS/Toystack/dopams-backend-staging/node_modules/string_decoder/lib/string_decoder.tsx' does not exist.
File 'd:/DOPAMS/Toystack/dopams-backend-staging/node_modules/string_decoder/lib/string_decoder.d.ts' does not exist.
File 'd:/DOPAMS/Toystack/dopams-backend-staging/node_modules/string_decoder/lib/string_decoder.js.ts' does not exist.
File 'd:/DOPAMS/Toystack/dopams-backend-staging/node_modules/string_decoder/lib/string_decoder.js.tsx' does not exist.
File 'd:/DOPAMS/Toystack/dopams-backend-staging/node_modules/string_decoder/lib/string_decoder.js.d.ts' does not exist.
Directory 'd:/DOPAMS/Toystack/dopams-backend-staging/node_modules/string_decoder/lib/string_decoder.js' does not exist, skipping all lookups in it.
File 'd:/DOPAMS/Toystack/dopams-backend-staging/node_modules/string_decoder/index.ts' does not exist.
File 'd:/DOPAMS/Toystack/dopams-backend-staging/node_modules/string_decoder/index.tsx' does not exist.
File 'd:/DOPAMS/Toystack/dopams-backend-staging/node_modules/string_decoder/index.d.ts' does not exist.
File 'd:/DOPAMS/Toystack/dopams-backend-staging/node_modules/@types/string_decoder.d.ts' does not exist.
Directory 'd:/DOPAMS/Toystack/node_modules' does not exist, skipping all lookups in it.
Directory 'd:/DOPAMS/node_modules' does not exist, skipping all lookups in it.
Directory 'd:/node_modules' does not exist, skipping all lookups in it.
Resolving real path for 'd:/DOPAMS/Toystack/dopams-backend-staging/node_modules/string_decoder/lib/string_decoder.js', result 'D:/DOPAMS/Toystack/dopams-backend-staging/node_modules/string_decoder/lib/string_decoder.js'.
======== Module name 'string_decoder' was successfully resolved to 'd:/DOPAMS/Toystack/dopams-backend-staging/node_modules/string_decoder/lib/string_decoder.js' with Package ID 'string_decoder/lib/string_decoder.js@1.3.0'. ========
======== Resolving module 'node:string_decoder' from 'd:/DOPAMS/Toystack/dopams-backend-staging/node_modules/@types/node/process.d.ts'. ========
Explicitly specified module resolution kind: 'Node10'.
'baseUrl' option is set to 'd:/DOPAMS/Toystack/dopams-backend-staging/src', using this value to resolve non-relative module name 'node:string_decoder'.
'paths' option is specified, looking for a pattern to match module name 'node:string_decoder'.
'baseUrl' option is set to 'd:/DOPAMS/Toystack/dopams-backend-staging/src', using this value to resolve non-relative module name 'node:string_decoder'.
Resolving module name 'node:string_decoder' relative to base url 'd:/DOPAMS/Toystack/dopams-backend-staging/src' - 'd:/DOPAMS/Toystack/dopams-backend-staging/src/node:string_decoder'.
Loading module as file / folder, candidate module location 'd:/DOPAMS/Toystack/dopams-backend-staging/src/node:string_decoder', target file types: TypeScript, Declaration.
File 'd:/DOPAMS/Toystack/dopams-backend-staging/src/node:string_decoder.ts' does not exist.
File 'd:/DOPAMS/Toystack/dopams-backend-staging/src/node:string_decoder.tsx' does not exist.
File 'd:/DOPAMS/Toystack/dopams-backend-staging/src/node:string_decoder.d.ts' does not exist.
Directory 'd:/DOPAMS/Toystack/dopams-backend-staging/src/node:string_decoder' does not exist, skipping all lookups in it.
Skipping module 'node:string_decoder' that looks like an absolute URI, target file types: TypeScript, Declaration.
'baseUrl' option is set to 'd:/DOPAMS/Toystack/dopams-backend-staging/src', using this value to resolve non-relative module name 'node:string_decoder'.
'paths' option is specified, looking for a pattern to match module name 'node:string_decoder'.
'baseUrl' option is set to 'd:/DOPAMS/Toystack/dopams-backend-staging/src', using this value to resolve non-relative module name 'node:string_decoder'.
Resolving module name 'node:string_decoder' relative to base url 'd:/DOPAMS/Toystack/dopams-backend-staging/src' - 'd:/DOPAMS/Toystack/dopams-backend-staging/src/node:string_decoder'.
Loading module as file / folder, candidate module location 'd:/DOPAMS/Toystack/dopams-backend-staging/src/node:string_decoder', target file types: JavaScript, JSON.
File 'd:/DOPAMS/Toystack/dopams-backend-staging/src/node:string_decoder.js' does not exist.
File 'd:/DOPAMS/Toystack/dopams-backend-staging/src/node:string_decoder.jsx' does not exist.
Directory 'd:/DOPAMS/Toystack/dopams-backend-staging/src/node:string_decoder' does not exist, skipping all lookups in it.
Skipping module 'node:string_decoder' that looks like an absolute URI, target file types: JavaScript, JSON.
======== Module name 'node:string_decoder' was not resolved. ========
======== Resolving module 'node:test' from 'd:/DOPAMS/Toystack/dopams-backend-staging/node_modules/@types/node/process.d.ts'. ========
Explicitly specified module resolution kind: 'Node10'.
'baseUrl' option is set to 'd:/DOPAMS/Toystack/dopams-backend-staging/src', using this value to resolve non-relative module name 'node:test'.
'paths' option is specified, looking for a pattern to match module name 'node:test'.
'baseUrl' option is set to 'd:/DOPAMS/Toystack/dopams-backend-staging/src', using this value to resolve non-relative module name 'node:test'.
Resolving module name 'node:test' relative to base url 'd:/DOPAMS/Toystack/dopams-backend-staging/src' - 'd:/DOPAMS/Toystack/dopams-backend-staging/src/node:test'.
Loading module as file / folder, candidate module location 'd:/DOPAMS/Toystack/dopams-backend-staging/src/node:test', target file types: TypeScript, Declaration.
File 'd:/DOPAMS/Toystack/dopams-backend-staging/src/node:test.ts' does not exist.
File 'd:/DOPAMS/Toystack/dopams-backend-staging/src/node:test.tsx' does not exist.
File 'd:/DOPAMS/Toystack/dopams-backend-staging/src/node:test.d.ts' does not exist.
Directory 'd:/DOPAMS/Toystack/dopams-backend-staging/src/node:test' does not exist, skipping all lookups in it.
Skipping module 'node:test' that looks like an absolute URI, target file types: TypeScript, Declaration.
'baseUrl' option is set to 'd:/DOPAMS/Toystack/dopams-backend-staging/src', using this value to resolve non-relative module name 'node:test'.
'paths' option is specified, looking for a pattern to match module name 'node:test'.
'baseUrl' option is set to 'd:/DOPAMS/Toystack/dopams-backend-staging/src', using this value to resolve non-relative module name 'node:test'.
Resolving module name 'node:test' relative to base url 'd:/DOPAMS/Toystack/dopams-backend-staging/src' - 'd:/DOPAMS/Toystack/dopams-backend-staging/src/node:test'.
Loading module as file / folder, candidate module location 'd:/DOPAMS/Toystack/dopams-backend-staging/src/node:test', target file types: JavaScript, JSON.
File 'd:/DOPAMS/Toystack/dopams-backend-staging/src/node:test.js' does not exist.
File 'd:/DOPAMS/Toystack/dopams-backend-staging/src/node:test.jsx' does not exist.
Directory 'd:/DOPAMS/Toystack/dopams-backend-staging/src/node:test' does not exist, skipping all lookups in it.
Skipping module 'node:test' that looks like an absolute URI, target file types: JavaScript, JSON.
======== Module name 'node:test' was not resolved. ========
======== Resolving module 'node:test/reporters' from 'd:/DOPAMS/Toystack/dopams-backend-staging/node_modules/@types/node/process.d.ts'. ========
Explicitly specified module resolution kind: 'Node10'.
'baseUrl' option is set to 'd:/DOPAMS/Toystack/dopams-backend-staging/src', using this value to resolve non-relative module name 'node:test/reporters'.
'paths' option is specified, looking for a pattern to match module name 'node:test/reporters'.
'baseUrl' option is set to 'd:/DOPAMS/Toystack/dopams-backend-staging/src', using this value to resolve non-relative module name 'node:test/reporters'.
Resolving module name 'node:test/reporters' relative to base url 'd:/DOPAMS/Toystack/dopams-backend-staging/src' - 'd:/DOPAMS/Toystack/dopams-backend-staging/src/node:test/reporters'.
Loading module as file / folder, candidate module location 'd:/DOPAMS/Toystack/dopams-backend-staging/src/node:test/reporters', target file types: TypeScript, Declaration.
Skipping module 'node:test/reporters' that looks like an absolute URI, target file types: TypeScript, Declaration.
'baseUrl' option is set to 'd:/DOPAMS/Toystack/dopams-backend-staging/src', using this value to resolve non-relative module name 'node:test/reporters'.
'paths' option is specified, looking for a pattern to match module name 'node:test/reporters'.
'baseUrl' option is set to 'd:/DOPAMS/Toystack/dopams-backend-staging/src', using this value to resolve non-relative module name 'node:test/reporters'.
Resolving module name 'node:test/reporters' relative to base url 'd:/DOPAMS/Toystack/dopams-backend-staging/src' - 'd:/DOPAMS/Toystack/dopams-backend-staging/src/node:test/reporters'.
Loading module as file / folder, candidate module location 'd:/DOPAMS/Toystack/dopams-backend-staging/src/node:test/reporters', target file types: JavaScript, JSON.
Skipping module 'node:test/reporters' that looks like an absolute URI, target file types: JavaScript, JSON.
======== Module name 'node:test/reporters' was not resolved. ========
======== Resolving module 'timers' from 'd:/DOPAMS/Toystack/dopams-backend-staging/node_modules/@types/node/process.d.ts'. ========
Explicitly specified module resolution kind: 'Node10'.
'baseUrl' option is set to 'd:/DOPAMS/Toystack/dopams-backend-staging/src', using this value to resolve non-relative module name 'timers'.
'paths' option is specified, looking for a pattern to match module name 'timers'.
'baseUrl' option is set to 'd:/DOPAMS/Toystack/dopams-backend-staging/src', using this value to resolve non-relative module name 'timers'.
Resolving module name 'timers' relative to base url 'd:/DOPAMS/Toystack/dopams-backend-staging/src' - 'd:/DOPAMS/Toystack/dopams-backend-staging/src/timers'.
Loading module as file / folder, candidate module location 'd:/DOPAMS/Toystack/dopams-backend-staging/src/timers', target file types: TypeScript, Declaration.
File 'd:/DOPAMS/Toystack/dopams-backend-staging/src/timers.ts' does not exist.
File 'd:/DOPAMS/Toystack/dopams-backend-staging/src/timers.tsx' does not exist.
File 'd:/DOPAMS/Toystack/dopams-backend-staging/src/timers.d.ts' does not exist.
Directory 'd:/DOPAMS/Toystack/dopams-backend-staging/src/timers' does not exist, skipping all lookups in it.
Loading module 'timers' from 'node_modules' folder, target file types: TypeScript, Declaration.
Searching all ancestor node_modules directories for preferred extensions: TypeScript, Declaration.
Directory 'd:/DOPAMS/Toystack/dopams-backend-staging/node_modules/@types/node/node_modules' does not exist, skipping all lookups in it.
Directory 'd:/DOPAMS/Toystack/dopams-backend-staging/node_modules/@types/node_modules' does not exist, skipping all lookups in it.
File 'd:/DOPAMS/Toystack/dopams-backend-staging/node_modules/timers.ts' does not exist.
File 'd:/DOPAMS/Toystack/dopams-backend-staging/node_modules/timers.tsx' does not exist.
File 'd:/DOPAMS/Toystack/dopams-backend-staging/node_modules/timers.d.ts' does not exist.
File 'd:/DOPAMS/Toystack/dopams-backend-staging/node_modules/@types/timers.d.ts' does not exist.
Directory 'd:/DOPAMS/Toystack/node_modules' does not exist, skipping all lookups in it.
Directory 'd:/DOPAMS/node_modules' does not exist, skipping all lookups in it.
Directory 'd:/node_modules' does not exist, skipping all lookups in it.
'baseUrl' option is set to 'd:/DOPAMS/Toystack/dopams-backend-staging/src', using this value to resolve non-relative module name 'timers'.
'paths' option is specified, looking for a pattern to match module name 'timers'.
'baseUrl' option is set to 'd:/DOPAMS/Toystack/dopams-backend-staging/src', using this value to resolve non-relative module name 'timers'.
Resolving module name 'timers' relative to base url 'd:/DOPAMS/Toystack/dopams-backend-staging/src' - 'd:/DOPAMS/Toystack/dopams-backend-staging/src/timers'.
Loading module as file / folder, candidate module location 'd:/DOPAMS/Toystack/dopams-backend-staging/src/timers', target file types: JavaScript, JSON.
File 'd:/DOPAMS/Toystack/dopams-backend-staging/src/timers.js' does not exist.
File 'd:/DOPAMS/Toystack/dopams-backend-staging/src/timers.jsx' does not exist.
Directory 'd:/DOPAMS/Toystack/dopams-backend-staging/src/timers' does not exist, skipping all lookups in it.
Loading module 'timers' from 'node_modules' folder, target file types: JavaScript, JSON.
Searching all ancestor node_modules directories for fallback extensions: JavaScript, JSON.
Directory 'd:/DOPAMS/Toystack/dopams-backend-staging/node_modules/@types/node/node_modules' does not exist, skipping all lookups in it.
Directory 'd:/DOPAMS/Toystack/dopams-backend-staging/node_modules/@types/node_modules' does not exist, skipping all lookups in it.
File 'd:/DOPAMS/Toystack/dopams-backend-staging/node_modules/timers.js' does not exist.
File 'd:/DOPAMS/Toystack/dopams-backend-staging/node_modules/timers.jsx' does not exist.
Directory 'd:/DOPAMS/Toystack/node_modules' does not exist, skipping all lookups in it.
Directory 'd:/DOPAMS/node_modules' does not exist, skipping all lookups in it.
Directory 'd:/node_modules' does not exist, skipping all lookups in it.
======== Module name 'timers' was not resolved. ========
======== Resolving module 'node:timers' from 'd:/DOPAMS/Toystack/dopams-backend-staging/node_modules/@types/node/process.d.ts'. ========
Explicitly specified module resolution kind: 'Node10'.
'baseUrl' option is set to 'd:/DOPAMS/Toystack/dopams-backend-staging/src', using this value to resolve non-relative module name 'node:timers'.
'paths' option is specified, looking for a pattern to match module name 'node:timers'.
'baseUrl' option is set to 'd:/DOPAMS/Toystack/dopams-backend-staging/src', using this value to resolve non-relative module name 'node:timers'.
Resolving module name 'node:timers' relative to base url 'd:/DOPAMS/Toystack/dopams-backend-staging/src' - 'd:/DOPAMS/Toystack/dopams-backend-staging/src/node:timers'.
Loading module as file / folder, candidate module location 'd:/DOPAMS/Toystack/dopams-backend-staging/src/node:timers', target file types: TypeScript, Declaration.
File 'd:/DOPAMS/Toystack/dopams-backend-staging/src/node:timers.ts' does not exist.
File 'd:/DOPAMS/Toystack/dopams-backend-staging/src/node:timers.tsx' does not exist.
File 'd:/DOPAMS/Toystack/dopams-backend-staging/src/node:timers.d.ts' does not exist.
Directory 'd:/DOPAMS/Toystack/dopams-backend-staging/src/node:timers' does not exist, skipping all lookups in it.
Skipping module 'node:timers' that looks like an absolute URI, target file types: TypeScript, Declaration.
'baseUrl' option is set to 'd:/DOPAMS/Toystack/dopams-backend-staging/src', using this value to resolve non-relative module name 'node:timers'.
'paths' option is specified, looking for a pattern to match module name 'node:timers'.
'baseUrl' option is set to 'd:/DOPAMS/Toystack/dopams-backend-staging/src', using this value to resolve non-relative module name 'node:timers'.
Resolving module name 'node:timers' relative to base url 'd:/DOPAMS/Toystack/dopams-backend-staging/src' - 'd:/DOPAMS/Toystack/dopams-backend-staging/src/node:timers'.
Loading module as file / folder, candidate module location 'd:/DOPAMS/Toystack/dopams-backend-staging/src/node:timers', target file types: JavaScript, JSON.
File 'd:/DOPAMS/Toystack/dopams-backend-staging/src/node:timers.js' does not exist.
File 'd:/DOPAMS/Toystack/dopams-backend-staging/src/node:timers.jsx' does not exist.
Directory 'd:/DOPAMS/Toystack/dopams-backend-staging/src/node:timers' does not exist, skipping all lookups in it.
Skipping module 'node:timers' that looks like an absolute URI, target file types: JavaScript, JSON.
======== Module name 'node:timers' was not resolved. ========
======== Resolving module 'timers/promises' from 'd:/DOPAMS/Toystack/dopams-backend-staging/node_modules/@types/node/process.d.ts'. ========
Explicitly specified module resolution kind: 'Node10'.
'baseUrl' option is set to 'd:/DOPAMS/Toystack/dopams-backend-staging/src', using this value to resolve non-relative module name 'timers/promises'.
'paths' option is specified, looking for a pattern to match module name 'timers/promises'.
'baseUrl' option is set to 'd:/DOPAMS/Toystack/dopams-backend-staging/src', using this value to resolve non-relative module name 'timers/promises'.
Resolving module name 'timers/promises' relative to base url 'd:/DOPAMS/Toystack/dopams-backend-staging/src' - 'd:/DOPAMS/Toystack/dopams-backend-staging/src/timers/promises'.
Loading module as file / folder, candidate module location 'd:/DOPAMS/Toystack/dopams-backend-staging/src/timers/promises', target file types: TypeScript, Declaration.
Loading module 'timers/promises' from 'node_modules' folder, target file types: TypeScript, Declaration.
Searching all ancestor node_modules directories for preferred extensions: TypeScript, Declaration.
Directory 'd:/DOPAMS/Toystack/dopams-backend-staging/node_modules/@types/node/node_modules' does not exist, skipping all lookups in it.
Directory 'd:/DOPAMS/Toystack/dopams-backend-staging/node_modules/@types/node_modules' does not exist, skipping all lookups in it.
Directory 'd:/DOPAMS/Toystack/node_modules' does not exist, skipping all lookups in it.
Directory 'd:/DOPAMS/node_modules' does not exist, skipping all lookups in it.
Directory 'd:/node_modules' does not exist, skipping all lookups in it.
'baseUrl' option is set to 'd:/DOPAMS/Toystack/dopams-backend-staging/src', using this value to resolve non-relative module name 'timers/promises'.
'paths' option is specified, looking for a pattern to match module name 'timers/promises'.
'baseUrl' option is set to 'd:/DOPAMS/Toystack/dopams-backend-staging/src', using this value to resolve non-relative module name 'timers/promises'.
Resolving module name 'timers/promises' relative to base url 'd:/DOPAMS/Toystack/dopams-backend-staging/src' - 'd:/DOPAMS/Toystack/dopams-backend-staging/src/timers/promises'.
Loading module as file / folder, candidate module location 'd:/DOPAMS/Toystack/dopams-backend-staging/src/timers/promises', target file types: JavaScript, JSON.
Loading module 'timers/promises' from 'node_modules' folder, target file types: JavaScript, JSON.
Searching all ancestor node_modules directories for fallback extensions: JavaScript, JSON.
Directory 'd:/DOPAMS/Toystack/dopams-backend-staging/node_modules/@types/node/node_modules' does not exist, skipping all lookups in it.
Directory 'd:/DOPAMS/Toystack/dopams-backend-staging/node_modules/@types/node_modules' does not exist, skipping all lookups in it.
Directory 'd:/DOPAMS/Toystack/node_modules' does not exist, skipping all lookups in it.
Directory 'd:/DOPAMS/node_modules' does not exist, skipping all lookups in it.
Directory 'd:/node_modules' does not exist, skipping all lookups in it.
======== Module name 'timers/promises' was not resolved. ========
======== Resolving module 'node:timers/promises' from 'd:/DOPAMS/Toystack/dopams-backend-staging/node_modules/@types/node/process.d.ts'. ========
Explicitly specified module resolution kind: 'Node10'.
'baseUrl' option is set to 'd:/DOPAMS/Toystack/dopams-backend-staging/src', using this value to resolve non-relative module name 'node:timers/promises'.
'paths' option is specified, looking for a pattern to match module name 'node:timers/promises'.
'baseUrl' option is set to 'd:/DOPAMS/Toystack/dopams-backend-staging/src', using this value to resolve non-relative module name 'node:timers/promises'.
Resolving module name 'node:timers/promises' relative to base url 'd:/DOPAMS/Toystack/dopams-backend-staging/src' - 'd:/DOPAMS/Toystack/dopams-backend-staging/src/node:timers/promises'.
Loading module as file / folder, candidate module location 'd:/DOPAMS/Toystack/dopams-backend-staging/src/node:timers/promises', target file types: TypeScript, Declaration.
Skipping module 'node:timers/promises' that looks like an absolute URI, target file types: TypeScript, Declaration.
'baseUrl' option is set to 'd:/DOPAMS/Toystack/dopams-backend-staging/src', using this value to resolve non-relative module name 'node:timers/promises'.
'paths' option is specified, looking for a pattern to match module name 'node:timers/promises'.
'baseUrl' option is set to 'd:/DOPAMS/Toystack/dopams-backend-staging/src', using this value to resolve non-relative module name 'node:timers/promises'.
Resolving module name 'node:timers/promises' relative to base url 'd:/DOPAMS/Toystack/dopams-backend-staging/src' - 'd:/DOPAMS/Toystack/dopams-backend-staging/src/node:timers/promises'.
Loading module as file / folder, candidate module location 'd:/DOPAMS/Toystack/dopams-backend-staging/src/node:timers/promises', target file types: JavaScript, JSON.
Skipping module 'node:timers/promises' that looks like an absolute URI, target file types: JavaScript, JSON.
======== Module name 'node:timers/promises' was not resolved. ========
======== Resolving module 'tls' from 'd:/DOPAMS/Toystack/dopams-backend-staging/node_modules/@types/node/process.d.ts'. ========
Explicitly specified module resolution kind: 'Node10'.
'baseUrl' option is set to 'd:/DOPAMS/Toystack/dopams-backend-staging/src', using this value to resolve non-relative module name 'tls'.
'paths' option is specified, looking for a pattern to match module name 'tls'.
'baseUrl' option is set to 'd:/DOPAMS/Toystack/dopams-backend-staging/src', using this value to resolve non-relative module name 'tls'.
Resolving module name 'tls' relative to base url 'd:/DOPAMS/Toystack/dopams-backend-staging/src' - 'd:/DOPAMS/Toystack/dopams-backend-staging/src/tls'.
Loading module as file / folder, candidate module location 'd:/DOPAMS/Toystack/dopams-backend-staging/src/tls', target file types: TypeScript, Declaration.
File 'd:/DOPAMS/Toystack/dopams-backend-staging/src/tls.ts' does not exist.
File 'd:/DOPAMS/Toystack/dopams-backend-staging/src/tls.tsx' does not exist.
File 'd:/DOPAMS/Toystack/dopams-backend-staging/src/tls.d.ts' does not exist.
Directory 'd:/DOPAMS/Toystack/dopams-backend-staging/src/tls' does not exist, skipping all lookups in it.
Loading module 'tls' from 'node_modules' folder, target file types: TypeScript, Declaration.
Searching all ancestor node_modules directories for preferred extensions: TypeScript, Declaration.
Directory 'd:/DOPAMS/Toystack/dopams-backend-staging/node_modules/@types/node/node_modules' does not exist, skipping all lookups in it.
Directory 'd:/DOPAMS/Toystack/dopams-backend-staging/node_modules/@types/node_modules' does not exist, skipping all lookups in it.
Resolution for module 'tls' was found in cache from location 'd:/DOPAMS/Toystack/dopams-backend-staging'.
======== Module name 'tls' was not resolved. ========
======== Resolving module 'node:tls' from 'd:/DOPAMS/Toystack/dopams-backend-staging/node_modules/@types/node/process.d.ts'. ========
Resolution for module 'node:tls' was found in cache from location 'd:/DOPAMS/Toystack/dopams-backend-staging/node_modules/@types/node'.
======== Module name 'node:tls' was not resolved. ========
======== Resolving module 'trace_events' from 'd:/DOPAMS/Toystack/dopams-backend-staging/node_modules/@types/node/process.d.ts'. ========
Explicitly specified module resolution kind: 'Node10'.
'baseUrl' option is set to 'd:/DOPAMS/Toystack/dopams-backend-staging/src', using this value to resolve non-relative module name 'trace_events'.
'paths' option is specified, looking for a pattern to match module name 'trace_events'.
'baseUrl' option is set to 'd:/DOPAMS/Toystack/dopams-backend-staging/src', using this value to resolve non-relative module name 'trace_events'.
Resolving module name 'trace_events' relative to base url 'd:/DOPAMS/Toystack/dopams-backend-staging/src' - 'd:/DOPAMS/Toystack/dopams-backend-staging/src/trace_events'.
Loading module as file / folder, candidate module location 'd:/DOPAMS/Toystack/dopams-backend-staging/src/trace_events', target file types: TypeScript, Declaration.
File 'd:/DOPAMS/Toystack/dopams-backend-staging/src/trace_events.ts' does not exist.
File 'd:/DOPAMS/Toystack/dopams-backend-staging/src/trace_events.tsx' does not exist.
File 'd:/DOPAMS/Toystack/dopams-backend-staging/src/trace_events.d.ts' does not exist.
Directory 'd:/DOPAMS/Toystack/dopams-backend-staging/src/trace_events' does not exist, skipping all lookups in it.
Loading module 'trace_events' from 'node_modules' folder, target file types: TypeScript, Declaration.
Searching all ancestor node_modules directories for preferred extensions: TypeScript, Declaration.
Directory 'd:/DOPAMS/Toystack/dopams-backend-staging/node_modules/@types/node/node_modules' does not exist, skipping all lookups in it.
Directory 'd:/DOPAMS/Toystack/dopams-backend-staging/node_modules/@types/node_modules' does not exist, skipping all lookups in it.
File 'd:/DOPAMS/Toystack/dopams-backend-staging/node_modules/trace_events.ts' does not exist.
File 'd:/DOPAMS/Toystack/dopams-backend-staging/node_modules/trace_events.tsx' does not exist.
File 'd:/DOPAMS/Toystack/dopams-backend-staging/node_modules/trace_events.d.ts' does not exist.
File 'd:/DOPAMS/Toystack/dopams-backend-staging/node_modules/@types/trace_events.d.ts' does not exist.
Directory 'd:/DOPAMS/Toystack/node_modules' does not exist, skipping all lookups in it.
Directory 'd:/DOPAMS/node_modules' does not exist, skipping all lookups in it.
Directory 'd:/node_modules' does not exist, skipping all lookups in it.
'baseUrl' option is set to 'd:/DOPAMS/Toystack/dopams-backend-staging/src', using this value to resolve non-relative module name 'trace_events'.
'paths' option is specified, looking for a pattern to match module name 'trace_events'.
'baseUrl' option is set to 'd:/DOPAMS/Toystack/dopams-backend-staging/src', using this value to resolve non-relative module name 'trace_events'.
Resolving module name 'trace_events' relative to base url 'd:/DOPAMS/Toystack/dopams-backend-staging/src' - 'd:/DOPAMS/Toystack/dopams-backend-staging/src/trace_events'.
Loading module as file / folder, candidate module location 'd:/DOPAMS/Toystack/dopams-backend-staging/src/trace_events', target file types: JavaScript, JSON.
File 'd:/DOPAMS/Toystack/dopams-backend-staging/src/trace_events.js' does not exist.
File 'd:/DOPAMS/Toystack/dopams-backend-staging/src/trace_events.jsx' does not exist.
Directory 'd:/DOPAMS/Toystack/dopams-backend-staging/src/trace_events' does not exist, skipping all lookups in it.
Loading module 'trace_events' from 'node_modules' folder, target file types: JavaScript, JSON.
Searching all ancestor node_modules directories for fallback extensions: JavaScript, JSON.
Directory 'd:/DOPAMS/Toystack/dopams-backend-staging/node_modules/@types/node/node_modules' does not exist, skipping all lookups in it.
Directory 'd:/DOPAMS/Toystack/dopams-backend-staging/node_modules/@types/node_modules' does not exist, skipping all lookups in it.
File 'd:/DOPAMS/Toystack/dopams-backend-staging/node_modules/trace_events.js' does not exist.
File 'd:/DOPAMS/Toystack/dopams-backend-staging/node_modules/trace_events.jsx' does not exist.
Directory 'd:/DOPAMS/Toystack/node_modules' does not exist, skipping all lookups in it.
Directory 'd:/DOPAMS/node_modules' does not exist, skipping all lookups in it.
Directory 'd:/node_modules' does not exist, skipping all lookups in it.
======== Module name 'trace_events' was not resolved. ========
======== Resolving module 'node:trace_events' from 'd:/DOPAMS/Toystack/dopams-backend-staging/node_modules/@types/node/process.d.ts'. ========
Explicitly specified module resolution kind: 'Node10'.
'baseUrl' option is set to 'd:/DOPAMS/Toystack/dopams-backend-staging/src', using this value to resolve non-relative module name 'node:trace_events'.
'paths' option is specified, looking for a pattern to match module name 'node:trace_events'.
'baseUrl' option is set to 'd:/DOPAMS/Toystack/dopams-backend-staging/src', using this value to resolve non-relative module name 'node:trace_events'.
Resolving module name 'node:trace_events' relative to base url 'd:/DOPAMS/Toystack/dopams-backend-staging/src' - 'd:/DOPAMS/Toystack/dopams-backend-staging/src/node:trace_events'.
Loading module as file / folder, candidate module location 'd:/DOPAMS/Toystack/dopams-backend-staging/src/node:trace_events', target file types: TypeScript, Declaration.
File 'd:/DOPAMS/Toystack/dopams-backend-staging/src/node:trace_events.ts' does not exist.
File 'd:/DOPAMS/Toystack/dopams-backend-staging/src/node:trace_events.tsx' does not exist.
File 'd:/DOPAMS/Toystack/dopams-backend-staging/src/node:trace_events.d.ts' does not exist.
Directory 'd:/DOPAMS/Toystack/dopams-backend-staging/src/node:trace_events' does not exist, skipping all lookups in it.
Skipping module 'node:trace_events' that looks like an absolute URI, target file types: TypeScript, Declaration.
'baseUrl' option is set to 'd:/DOPAMS/Toystack/dopams-backend-staging/src', using this value to resolve non-relative module name 'node:trace_events'.
'paths' option is specified, looking for a pattern to match module name 'node:trace_events'.
'baseUrl' option is set to 'd:/DOPAMS/Toystack/dopams-backend-staging/src', using this value to resolve non-relative module name 'node:trace_events'.
Resolving module name 'node:trace_events' relative to base url 'd:/DOPAMS/Toystack/dopams-backend-staging/src' - 'd:/DOPAMS/Toystack/dopams-backend-staging/src/node:trace_events'.
Loading module as file / folder, candidate module location 'd:/DOPAMS/Toystack/dopams-backend-staging/src/node:trace_events', target file types: JavaScript, JSON.
File 'd:/DOPAMS/Toystack/dopams-backend-staging/src/node:trace_events.js' does not exist.
File 'd:/DOPAMS/Toystack/dopams-backend-staging/src/node:trace_events.jsx' does not exist.
Directory 'd:/DOPAMS/Toystack/dopams-backend-staging/src/node:trace_events' does not exist, skipping all lookups in it.
Skipping module 'node:trace_events' that looks like an absolute URI, target file types: JavaScript, JSON.
======== Module name 'node:trace_events' was not resolved. ========
======== Resolving module 'tty' from 'd:/DOPAMS/Toystack/dopams-backend-staging/node_modules/@types/node/process.d.ts'. ========
Explicitly specified module resolution kind: 'Node10'.
'baseUrl' option is set to 'd:/DOPAMS/Toystack/dopams-backend-staging/src', using this value to resolve non-relative module name 'tty'.
'paths' option is specified, looking for a pattern to match module name 'tty'.
'baseUrl' option is set to 'd:/DOPAMS/Toystack/dopams-backend-staging/src', using this value to resolve non-relative module name 'tty'.
Resolving module name 'tty' relative to base url 'd:/DOPAMS/Toystack/dopams-backend-staging/src' - 'd:/DOPAMS/Toystack/dopams-backend-staging/src/tty'.
Loading module as file / folder, candidate module location 'd:/DOPAMS/Toystack/dopams-backend-staging/src/tty', target file types: TypeScript, Declaration.
File 'd:/DOPAMS/Toystack/dopams-backend-staging/src/tty.ts' does not exist.
File 'd:/DOPAMS/Toystack/dopams-backend-staging/src/tty.tsx' does not exist.
File 'd:/DOPAMS/Toystack/dopams-backend-staging/src/tty.d.ts' does not exist.
Directory 'd:/DOPAMS/Toystack/dopams-backend-staging/src/tty' does not exist, skipping all lookups in it.
Loading module 'tty' from 'node_modules' folder, target file types: TypeScript, Declaration.
Searching all ancestor node_modules directories for preferred extensions: TypeScript, Declaration.
Directory 'd:/DOPAMS/Toystack/dopams-backend-staging/node_modules/@types/node/node_modules' does not exist, skipping all lookups in it.
Directory 'd:/DOPAMS/Toystack/dopams-backend-staging/node_modules/@types/node_modules' does not exist, skipping all lookups in it.
File 'd:/DOPAMS/Toystack/dopams-backend-staging/node_modules/tty.ts' does not exist.
File 'd:/DOPAMS/Toystack/dopams-backend-staging/node_modules/tty.tsx' does not exist.
File 'd:/DOPAMS/Toystack/dopams-backend-staging/node_modules/tty.d.ts' does not exist.
File 'd:/DOPAMS/Toystack/dopams-backend-staging/node_modules/@types/tty.d.ts' does not exist.
Directory 'd:/DOPAMS/Toystack/node_modules' does not exist, skipping all lookups in it.
Directory 'd:/DOPAMS/node_modules' does not exist, skipping all lookups in it.
Directory 'd:/node_modules' does not exist, skipping all lookups in it.
'baseUrl' option is set to 'd:/DOPAMS/Toystack/dopams-backend-staging/src', using this value to resolve non-relative module name 'tty'.
'paths' option is specified, looking for a pattern to match module name 'tty'.
'baseUrl' option is set to 'd:/DOPAMS/Toystack/dopams-backend-staging/src', using this value to resolve non-relative module name 'tty'.
Resolving module name 'tty' relative to base url 'd:/DOPAMS/Toystack/dopams-backend-staging/src' - 'd:/DOPAMS/Toystack/dopams-backend-staging/src/tty'.
Loading module as file / folder, candidate module location 'd:/DOPAMS/Toystack/dopams-backend-staging/src/tty', target file types: JavaScript, JSON.
File 'd:/DOPAMS/Toystack/dopams-backend-staging/src/tty.js' does not exist.
File 'd:/DOPAMS/Toystack/dopams-backend-staging/src/tty.jsx' does not exist.
Directory 'd:/DOPAMS/Toystack/dopams-backend-staging/src/tty' does not exist, skipping all lookups in it.
Loading module 'tty' from 'node_modules' folder, target file types: JavaScript, JSON.
Searching all ancestor node_modules directories for fallback extensions: JavaScript, JSON.
Directory 'd:/DOPAMS/Toystack/dopams-backend-staging/node_modules/@types/node/node_modules' does not exist, skipping all lookups in it.
Directory 'd:/DOPAMS/Toystack/dopams-backend-staging/node_modules/@types/node_modules' does not exist, skipping all lookups in it.
File 'd:/DOPAMS/Toystack/dopams-backend-staging/node_modules/tty.js' does not exist.
File 'd:/DOPAMS/Toystack/dopams-backend-staging/node_modules/tty.jsx' does not exist.
Directory 'd:/DOPAMS/Toystack/node_modules' does not exist, skipping all lookups in it.
Directory 'd:/DOPAMS/node_modules' does not exist, skipping all lookups in it.
Directory 'd:/node_modules' does not exist, skipping all lookups in it.
======== Module name 'tty' was not resolved. ========
======== Resolving module 'url' from 'd:/DOPAMS/Toystack/dopams-backend-staging/node_modules/@types/node/process.d.ts'. ========
Explicitly specified module resolution kind: 'Node10'.
'baseUrl' option is set to 'd:/DOPAMS/Toystack/dopams-backend-staging/src', using this value to resolve non-relative module name 'url'.
'paths' option is specified, looking for a pattern to match module name 'url'.
'baseUrl' option is set to 'd:/DOPAMS/Toystack/dopams-backend-staging/src', using this value to resolve non-relative module name 'url'.
Resolving module name 'url' relative to base url 'd:/DOPAMS/Toystack/dopams-backend-staging/src' - 'd:/DOPAMS/Toystack/dopams-backend-staging/src/url'.
Loading module as file / folder, candidate module location 'd:/DOPAMS/Toystack/dopams-backend-staging/src/url', target file types: TypeScript, Declaration.
File 'd:/DOPAMS/Toystack/dopams-backend-staging/src/url.ts' does not exist.
File 'd:/DOPAMS/Toystack/dopams-backend-staging/src/url.tsx' does not exist.
File 'd:/DOPAMS/Toystack/dopams-backend-staging/src/url.d.ts' does not exist.
Directory 'd:/DOPAMS/Toystack/dopams-backend-staging/src/url' does not exist, skipping all lookups in it.
Loading module 'url' from 'node_modules' folder, target file types: TypeScript, Declaration.
Searching all ancestor node_modules directories for preferred extensions: TypeScript, Declaration.
Directory 'd:/DOPAMS/Toystack/dopams-backend-staging/node_modules/@types/node/node_modules' does not exist, skipping all lookups in it.
Directory 'd:/DOPAMS/Toystack/dopams-backend-staging/node_modules/@types/node_modules' does not exist, skipping all lookups in it.
File 'd:/DOPAMS/Toystack/dopams-backend-staging/node_modules/url/package.json' exists according to earlier cached lookups.
File 'd:/DOPAMS/Toystack/dopams-backend-staging/node_modules/url.ts' does not exist.
File 'd:/DOPAMS/Toystack/dopams-backend-staging/node_modules/url.tsx' does not exist.
File 'd:/DOPAMS/Toystack/dopams-backend-staging/node_modules/url.d.ts' does not exist.
'package.json' does not have a 'typings' field.
'package.json' does not have a 'types' field.
'package.json' has 'main' field './url.js' that references 'd:/DOPAMS/Toystack/dopams-backend-staging/node_modules/url/url.js'.
File name 'd:/DOPAMS/Toystack/dopams-backend-staging/node_modules/url/url.js' has a '.js' extension - stripping it.
File 'd:/DOPAMS/Toystack/dopams-backend-staging/node_modules/url/url.ts' does not exist.
File 'd:/DOPAMS/Toystack/dopams-backend-staging/node_modules/url/url.tsx' does not exist.
File 'd:/DOPAMS/Toystack/dopams-backend-staging/node_modules/url/url.d.ts' does not exist.
Loading module as file / folder, candidate module location 'd:/DOPAMS/Toystack/dopams-backend-staging/node_modules/url/url.js', target file types: TypeScript, Declaration.
File name 'd:/DOPAMS/Toystack/dopams-backend-staging/node_modules/url/url.js' has a '.js' extension - stripping it.
File 'd:/DOPAMS/Toystack/dopams-backend-staging/node_modules/url/url.ts' does not exist.
File 'd:/DOPAMS/Toystack/dopams-backend-staging/node_modules/url/url.tsx' does not exist.
File 'd:/DOPAMS/Toystack/dopams-backend-staging/node_modules/url/url.d.ts' does not exist.
File 'd:/DOPAMS/Toystack/dopams-backend-staging/node_modules/url/url.js.ts' does not exist.
File 'd:/DOPAMS/Toystack/dopams-backend-staging/node_modules/url/url.js.tsx' does not exist.
File 'd:/DOPAMS/Toystack/dopams-backend-staging/node_modules/url/url.js.d.ts' does not exist.
Directory 'd:/DOPAMS/Toystack/dopams-backend-staging/node_modules/url/url.js' does not exist, skipping all lookups in it.
File 'd:/DOPAMS/Toystack/dopams-backend-staging/node_modules/url/index.ts' does not exist.
File 'd:/DOPAMS/Toystack/dopams-backend-staging/node_modules/url/index.tsx' does not exist.
File 'd:/DOPAMS/Toystack/dopams-backend-staging/node_modules/url/index.d.ts' does not exist.
File 'd:/DOPAMS/Toystack/dopams-backend-staging/node_modules/@types/url.d.ts' does not exist.
Directory 'd:/DOPAMS/Toystack/node_modules' does not exist, skipping all lookups in it.
Directory 'd:/DOPAMS/node_modules' does not exist, skipping all lookups in it.
Directory 'd:/node_modules' does not exist, skipping all lookups in it.
'baseUrl' option is set to 'd:/DOPAMS/Toystack/dopams-backend-staging/src', using this value to resolve non-relative module name 'url'.
'paths' option is specified, looking for a pattern to match module name 'url'.
'baseUrl' option is set to 'd:/DOPAMS/Toystack/dopams-backend-staging/src', using this value to resolve non-relative module name 'url'.
Resolving module name 'url' relative to base url 'd:/DOPAMS/Toystack/dopams-backend-staging/src' - 'd:/DOPAMS/Toystack/dopams-backend-staging/src/url'.
Loading module as file / folder, candidate module location 'd:/DOPAMS/Toystack/dopams-backend-staging/src/url', target file types: JavaScript, JSON.
File 'd:/DOPAMS/Toystack/dopams-backend-staging/src/url.js' does not exist.
File 'd:/DOPAMS/Toystack/dopams-backend-staging/src/url.jsx' does not exist.
Directory 'd:/DOPAMS/Toystack/dopams-backend-staging/src/url' does not exist, skipping all lookups in it.
Loading module 'url' from 'node_modules' folder, target file types: JavaScript, JSON.
Searching all ancestor node_modules directories for fallback extensions: JavaScript, JSON.
Directory 'd:/DOPAMS/Toystack/dopams-backend-staging/node_modules/@types/node/node_modules' does not exist, skipping all lookups in it.
Directory 'd:/DOPAMS/Toystack/dopams-backend-staging/node_modules/@types/node_modules' does not exist, skipping all lookups in it.
File 'd:/DOPAMS/Toystack/dopams-backend-staging/node_modules/url/package.json' exists according to earlier cached lookups.
File 'd:/DOPAMS/Toystack/dopams-backend-staging/node_modules/url.js' does not exist.
File 'd:/DOPAMS/Toystack/dopams-backend-staging/node_modules/url.jsx' does not exist.
'package.json' has 'main' field './url.js' that references 'd:/DOPAMS/Toystack/dopams-backend-staging/node_modules/url/url.js'.
File name 'd:/DOPAMS/Toystack/dopams-backend-staging/node_modules/url/url.js' has a '.js' extension - stripping it.
File 'd:/DOPAMS/Toystack/dopams-backend-staging/node_modules/url/url.js' exists - use it as a name resolution result.
Resolution of non-relative name failed; trying with '--moduleResolution bundler' to see if project may need configuration update.
'baseUrl' option is set to 'd:/DOPAMS/Toystack/dopams-backend-staging/src', using this value to resolve non-relative module name 'url'.
'paths' option is specified, looking for a pattern to match module name 'url'.
'baseUrl' option is set to 'd:/DOPAMS/Toystack/dopams-backend-staging/src', using this value to resolve non-relative module name 'url'.
Resolving module name 'url' relative to base url 'd:/DOPAMS/Toystack/dopams-backend-staging/src' - 'd:/DOPAMS/Toystack/dopams-backend-staging/src/url'.
Loading module as file / folder, candidate module location 'd:/DOPAMS/Toystack/dopams-backend-staging/src/url', target file types: TypeScript, Declaration.
File 'd:/DOPAMS/Toystack/dopams-backend-staging/src/url.ts' does not exist.
File 'd:/DOPAMS/Toystack/dopams-backend-staging/src/url.tsx' does not exist.
File 'd:/DOPAMS/Toystack/dopams-backend-staging/src/url.d.ts' does not exist.
Directory 'd:/DOPAMS/Toystack/dopams-backend-staging/src/url' does not exist, skipping all lookups in it.
Loading module 'url' from 'node_modules' folder, target file types: TypeScript, Declaration.
Searching all ancestor node_modules directories for preferred extensions: TypeScript, Declaration.
Directory 'd:/DOPAMS/Toystack/dopams-backend-staging/node_modules/@types/node/node_modules' does not exist, skipping all lookups in it.
Directory 'd:/DOPAMS/Toystack/dopams-backend-staging/node_modules/@types/node_modules' does not exist, skipping all lookups in it.
File 'd:/DOPAMS/Toystack/dopams-backend-staging/node_modules/url/package.json' exists according to earlier cached lookups.
File 'd:/DOPAMS/Toystack/dopams-backend-staging/node_modules/url.ts' does not exist.
File 'd:/DOPAMS/Toystack/dopams-backend-staging/node_modules/url.tsx' does not exist.
File 'd:/DOPAMS/Toystack/dopams-backend-staging/node_modules/url.d.ts' does not exist.
'package.json' does not have a 'typings' field.
'package.json' does not have a 'types' field.
'package.json' has 'main' field './url.js' that references 'd:/DOPAMS/Toystack/dopams-backend-staging/node_modules/url/url.js'.
File name 'd:/DOPAMS/Toystack/dopams-backend-staging/node_modules/url/url.js' has a '.js' extension - stripping it.
File 'd:/DOPAMS/Toystack/dopams-backend-staging/node_modules/url/url.ts' does not exist.
File 'd:/DOPAMS/Toystack/dopams-backend-staging/node_modules/url/url.tsx' does not exist.
File 'd:/DOPAMS/Toystack/dopams-backend-staging/node_modules/url/url.d.ts' does not exist.
Loading module as file / folder, candidate module location 'd:/DOPAMS/Toystack/dopams-backend-staging/node_modules/url/url.js', target file types: TypeScript, Declaration.
File name 'd:/DOPAMS/Toystack/dopams-backend-staging/node_modules/url/url.js' has a '.js' extension - stripping it.
File 'd:/DOPAMS/Toystack/dopams-backend-staging/node_modules/url/url.ts' does not exist.
File 'd:/DOPAMS/Toystack/dopams-backend-staging/node_modules/url/url.tsx' does not exist.
File 'd:/DOPAMS/Toystack/dopams-backend-staging/node_modules/url/url.d.ts' does not exist.
File 'd:/DOPAMS/Toystack/dopams-backend-staging/node_modules/url/url.js.ts' does not exist.
File 'd:/DOPAMS/Toystack/dopams-backend-staging/node_modules/url/url.js.tsx' does not exist.
File 'd:/DOPAMS/Toystack/dopams-backend-staging/node_modules/url/url.js.d.ts' does not exist.
Directory 'd:/DOPAMS/Toystack/dopams-backend-staging/node_modules/url/url.js' does not exist, skipping all lookups in it.
File 'd:/DOPAMS/Toystack/dopams-backend-staging/node_modules/url/index.ts' does not exist.
File 'd:/DOPAMS/Toystack/dopams-backend-staging/node_modules/url/index.tsx' does not exist.
File 'd:/DOPAMS/Toystack/dopams-backend-staging/node_modules/url/index.d.ts' does not exist.
File 'd:/DOPAMS/Toystack/dopams-backend-staging/node_modules/@types/url.d.ts' does not exist.
Directory 'd:/DOPAMS/Toystack/node_modules' does not exist, skipping all lookups in it.
Directory 'd:/DOPAMS/node_modules' does not exist, skipping all lookups in it.
Directory 'd:/node_modules' does not exist, skipping all lookups in it.
Resolving real path for 'd:/DOPAMS/Toystack/dopams-backend-staging/node_modules/url/url.js', result 'D:/DOPAMS/Toystack/dopams-backend-staging/node_modules/url/url.js'.
======== Module name 'url' was successfully resolved to 'd:/DOPAMS/Toystack/dopams-backend-staging/node_modules/url/url.js' with Package ID 'url/url.js@0.10.3'. ========
======== Resolving module 'node:url' from 'd:/DOPAMS/Toystack/dopams-backend-staging/node_modules/@types/node/process.d.ts'. ========
Resolution for module 'node:url' was found in cache from location 'd:/DOPAMS/Toystack/dopams-backend-staging/node_modules/@types/node'.
======== Module name 'node:url' was not resolved. ========
======== Resolving module 'util' from 'd:/DOPAMS/Toystack/dopams-backend-staging/node_modules/@types/node/process.d.ts'. ========
Explicitly specified module resolution kind: 'Node10'.
'baseUrl' option is set to 'd:/DOPAMS/Toystack/dopams-backend-staging/src', using this value to resolve non-relative module name 'util'.
'paths' option is specified, looking for a pattern to match module name 'util'.
'baseUrl' option is set to 'd:/DOPAMS/Toystack/dopams-backend-staging/src', using this value to resolve non-relative module name 'util'.
Resolving module name 'util' relative to base url 'd:/DOPAMS/Toystack/dopams-backend-staging/src' - 'd:/DOPAMS/Toystack/dopams-backend-staging/src/util'.
Loading module as file / folder, candidate module location 'd:/DOPAMS/Toystack/dopams-backend-staging/src/util', target file types: TypeScript, Declaration.
File 'd:/DOPAMS/Toystack/dopams-backend-staging/src/util.ts' does not exist.
File 'd:/DOPAMS/Toystack/dopams-backend-staging/src/util.tsx' does not exist.
File 'd:/DOPAMS/Toystack/dopams-backend-staging/src/util.d.ts' does not exist.
Directory 'd:/DOPAMS/Toystack/dopams-backend-staging/src/util' does not exist, skipping all lookups in it.
Loading module 'util' from 'node_modules' folder, target file types: TypeScript, Declaration.
Searching all ancestor node_modules directories for preferred extensions: TypeScript, Declaration.
Directory 'd:/DOPAMS/Toystack/dopams-backend-staging/node_modules/@types/node/node_modules' does not exist, skipping all lookups in it.
Directory 'd:/DOPAMS/Toystack/dopams-backend-staging/node_modules/@types/node_modules' does not exist, skipping all lookups in it.
Found 'package.json' at 'd:/DOPAMS/Toystack/dopams-backend-staging/node_modules/util/package.json'.
File 'd:/DOPAMS/Toystack/dopams-backend-staging/node_modules/util.ts' does not exist.
File 'd:/DOPAMS/Toystack/dopams-backend-staging/node_modules/util.tsx' does not exist.
File 'd:/DOPAMS/Toystack/dopams-backend-staging/node_modules/util.d.ts' does not exist.
'package.json' does not have a 'typesVersions' field.
'package.json' does not have a 'typings' field.
'package.json' does not have a 'types' field.
'package.json' has 'main' field './util.js' that references 'd:/DOPAMS/Toystack/dopams-backend-staging/node_modules/util/util.js'.
File name 'd:/DOPAMS/Toystack/dopams-backend-staging/node_modules/util/util.js' has a '.js' extension - stripping it.
File 'd:/DOPAMS/Toystack/dopams-backend-staging/node_modules/util/util.ts' does not exist.
File 'd:/DOPAMS/Toystack/dopams-backend-staging/node_modules/util/util.tsx' does not exist.
File 'd:/DOPAMS/Toystack/dopams-backend-staging/node_modules/util/util.d.ts' does not exist.
Loading module as file / folder, candidate module location 'd:/DOPAMS/Toystack/dopams-backend-staging/node_modules/util/util.js', target file types: TypeScript, Declaration.
File name 'd:/DOPAMS/Toystack/dopams-backend-staging/node_modules/util/util.js' has a '.js' extension - stripping it.
File 'd:/DOPAMS/Toystack/dopams-backend-staging/node_modules/util/util.ts' does not exist.
File 'd:/DOPAMS/Toystack/dopams-backend-staging/node_modules/util/util.tsx' does not exist.
File 'd:/DOPAMS/Toystack/dopams-backend-staging/node_modules/util/util.d.ts' does not exist.
File 'd:/DOPAMS/Toystack/dopams-backend-staging/node_modules/util/util.js.ts' does not exist.
File 'd:/DOPAMS/Toystack/dopams-backend-staging/node_modules/util/util.js.tsx' does not exist.
File 'd:/DOPAMS/Toystack/dopams-backend-staging/node_modules/util/util.js.d.ts' does not exist.
Directory 'd:/DOPAMS/Toystack/dopams-backend-staging/node_modules/util/util.js' does not exist, skipping all lookups in it.
File 'd:/DOPAMS/Toystack/dopams-backend-staging/node_modules/util/index.ts' does not exist.
File 'd:/DOPAMS/Toystack/dopams-backend-staging/node_modules/util/index.tsx' does not exist.
File 'd:/DOPAMS/Toystack/dopams-backend-staging/node_modules/util/index.d.ts' does not exist.
File 'd:/DOPAMS/Toystack/dopams-backend-staging/node_modules/@types/util.d.ts' does not exist.
Directory 'd:/DOPAMS/Toystack/node_modules' does not exist, skipping all lookups in it.
Directory 'd:/DOPAMS/node_modules' does not exist, skipping all lookups in it.
Directory 'd:/node_modules' does not exist, skipping all lookups in it.
'baseUrl' option is set to 'd:/DOPAMS/Toystack/dopams-backend-staging/src', using this value to resolve non-relative module name 'util'.
'paths' option is specified, looking for a pattern to match module name 'util'.
'baseUrl' option is set to 'd:/DOPAMS/Toystack/dopams-backend-staging/src', using this value to resolve non-relative module name 'util'.
Resolving module name 'util' relative to base url 'd:/DOPAMS/Toystack/dopams-backend-staging/src' - 'd:/DOPAMS/Toystack/dopams-backend-staging/src/util'.
Loading module as file / folder, candidate module location 'd:/DOPAMS/Toystack/dopams-backend-staging/src/util', target file types: JavaScript, JSON.
File 'd:/DOPAMS/Toystack/dopams-backend-staging/src/util.js' does not exist.
File 'd:/DOPAMS/Toystack/dopams-backend-staging/src/util.jsx' does not exist.
Directory 'd:/DOPAMS/Toystack/dopams-backend-staging/src/util' does not exist, skipping all lookups in it.
Loading module 'util' from 'node_modules' folder, target file types: JavaScript, JSON.
Searching all ancestor node_modules directories for fallback extensions: JavaScript, JSON.
Directory 'd:/DOPAMS/Toystack/dopams-backend-staging/node_modules/@types/node/node_modules' does not exist, skipping all lookups in it.
Directory 'd:/DOPAMS/Toystack/dopams-backend-staging/node_modules/@types/node_modules' does not exist, skipping all lookups in it.
File 'd:/DOPAMS/Toystack/dopams-backend-staging/node_modules/util/package.json' exists according to earlier cached lookups.
File 'd:/DOPAMS/Toystack/dopams-backend-staging/node_modules/util.js' does not exist.
File 'd:/DOPAMS/Toystack/dopams-backend-staging/node_modules/util.jsx' does not exist.
'package.json' has 'main' field './util.js' that references 'd:/DOPAMS/Toystack/dopams-backend-staging/node_modules/util/util.js'.
File name 'd:/DOPAMS/Toystack/dopams-backend-staging/node_modules/util/util.js' has a '.js' extension - stripping it.
File 'd:/DOPAMS/Toystack/dopams-backend-staging/node_modules/util/util.js' exists - use it as a name resolution result.
'package.json' does not have a 'peerDependencies' field.
Resolution of non-relative name failed; trying with '--moduleResolution bundler' to see if project may need configuration update.
'baseUrl' option is set to 'd:/DOPAMS/Toystack/dopams-backend-staging/src', using this value to resolve non-relative module name 'util'.
'paths' option is specified, looking for a pattern to match module name 'util'.
'baseUrl' option is set to 'd:/DOPAMS/Toystack/dopams-backend-staging/src', using this value to resolve non-relative module name 'util'.
Resolving module name 'util' relative to base url 'd:/DOPAMS/Toystack/dopams-backend-staging/src' - 'd:/DOPAMS/Toystack/dopams-backend-staging/src/util'.
Loading module as file / folder, candidate module location 'd:/DOPAMS/Toystack/dopams-backend-staging/src/util', target file types: TypeScript, Declaration.
File 'd:/DOPAMS/Toystack/dopams-backend-staging/src/util.ts' does not exist.
File 'd:/DOPAMS/Toystack/dopams-backend-staging/src/util.tsx' does not exist.
File 'd:/DOPAMS/Toystack/dopams-backend-staging/src/util.d.ts' does not exist.
Directory 'd:/DOPAMS/Toystack/dopams-backend-staging/src/util' does not exist, skipping all lookups in it.
Loading module 'util' from 'node_modules' folder, target file types: TypeScript, Declaration.
Searching all ancestor node_modules directories for preferred extensions: TypeScript, Declaration.
Directory 'd:/DOPAMS/Toystack/dopams-backend-staging/node_modules/@types/node/node_modules' does not exist, skipping all lookups in it.
Directory 'd:/DOPAMS/Toystack/dopams-backend-staging/node_modules/@types/node_modules' does not exist, skipping all lookups in it.
File 'd:/DOPAMS/Toystack/dopams-backend-staging/node_modules/util/package.json' exists according to earlier cached lookups.
File 'd:/DOPAMS/Toystack/dopams-backend-staging/node_modules/util.ts' does not exist.
File 'd:/DOPAMS/Toystack/dopams-backend-staging/node_modules/util.tsx' does not exist.
File 'd:/DOPAMS/Toystack/dopams-backend-staging/node_modules/util.d.ts' does not exist.
'package.json' does not have a 'typings' field.
'package.json' does not have a 'types' field.
'package.json' has 'main' field './util.js' that references 'd:/DOPAMS/Toystack/dopams-backend-staging/node_modules/util/util.js'.
File name 'd:/DOPAMS/Toystack/dopams-backend-staging/node_modules/util/util.js' has a '.js' extension - stripping it.
File 'd:/DOPAMS/Toystack/dopams-backend-staging/node_modules/util/util.ts' does not exist.
File 'd:/DOPAMS/Toystack/dopams-backend-staging/node_modules/util/util.tsx' does not exist.
File 'd:/DOPAMS/Toystack/dopams-backend-staging/node_modules/util/util.d.ts' does not exist.
Loading module as file / folder, candidate module location 'd:/DOPAMS/Toystack/dopams-backend-staging/node_modules/util/util.js', target file types: TypeScript, Declaration.
File name 'd:/DOPAMS/Toystack/dopams-backend-staging/node_modules/util/util.js' has a '.js' extension - stripping it.
File 'd:/DOPAMS/Toystack/dopams-backend-staging/node_modules/util/util.ts' does not exist.
File 'd:/DOPAMS/Toystack/dopams-backend-staging/node_modules/util/util.tsx' does not exist.
File 'd:/DOPAMS/Toystack/dopams-backend-staging/node_modules/util/util.d.ts' does not exist.
File 'd:/DOPAMS/Toystack/dopams-backend-staging/node_modules/util/util.js.ts' does not exist.
File 'd:/DOPAMS/Toystack/dopams-backend-staging/node_modules/util/util.js.tsx' does not exist.
File 'd:/DOPAMS/Toystack/dopams-backend-staging/node_modules/util/util.js.d.ts' does not exist.
Directory 'd:/DOPAMS/Toystack/dopams-backend-staging/node_modules/util/util.js' does not exist, skipping all lookups in it.
File 'd:/DOPAMS/Toystack/dopams-backend-staging/node_modules/util/index.ts' does not exist.
File 'd:/DOPAMS/Toystack/dopams-backend-staging/node_modules/util/index.tsx' does not exist.
File 'd:/DOPAMS/Toystack/dopams-backend-staging/node_modules/util/index.d.ts' does not exist.
File 'd:/DOPAMS/Toystack/dopams-backend-staging/node_modules/@types/util.d.ts' does not exist.
Directory 'd:/DOPAMS/Toystack/node_modules' does not exist, skipping all lookups in it.
Directory 'd:/DOPAMS/node_modules' does not exist, skipping all lookups in it.
Directory 'd:/node_modules' does not exist, skipping all lookups in it.
Resolving real path for 'd:/DOPAMS/Toystack/dopams-backend-staging/node_modules/util/util.js', result 'D:/DOPAMS/Toystack/dopams-backend-staging/node_modules/util/util.js'.
======== Module name 'util' was successfully resolved to 'd:/DOPAMS/Toystack/dopams-backend-staging/node_modules/util/util.js' with Package ID 'util/util.js@0.12.5'. ========
======== Resolving module 'node:util' from 'd:/DOPAMS/Toystack/dopams-backend-staging/node_modules/@types/node/process.d.ts'. ========
Resolution for module 'node:util' was found in cache from location 'd:/DOPAMS/Toystack/dopams-backend-staging/node_modules/@types/node'.
======== Module name 'node:util' was not resolved. ========
======== Resolving module 'util/types' from 'd:/DOPAMS/Toystack/dopams-backend-staging/node_modules/@types/node/process.d.ts'. ========
Explicitly specified module resolution kind: 'Node10'.
'baseUrl' option is set to 'd:/DOPAMS/Toystack/dopams-backend-staging/src', using this value to resolve non-relative module name 'util/types'.
'paths' option is specified, looking for a pattern to match module name 'util/types'.
'baseUrl' option is set to 'd:/DOPAMS/Toystack/dopams-backend-staging/src', using this value to resolve non-relative module name 'util/types'.
Resolving module name 'util/types' relative to base url 'd:/DOPAMS/Toystack/dopams-backend-staging/src' - 'd:/DOPAMS/Toystack/dopams-backend-staging/src/util/types'.
Loading module as file / folder, candidate module location 'd:/DOPAMS/Toystack/dopams-backend-staging/src/util/types', target file types: TypeScript, Declaration.
Loading module 'util/types' from 'node_modules' folder, target file types: TypeScript, Declaration.
Searching all ancestor node_modules directories for preferred extensions: TypeScript, Declaration.
Directory 'd:/DOPAMS/Toystack/dopams-backend-staging/node_modules/@types/node/node_modules' does not exist, skipping all lookups in it.
Directory 'd:/DOPAMS/Toystack/dopams-backend-staging/node_modules/@types/node_modules' does not exist, skipping all lookups in it.
File 'd:/DOPAMS/Toystack/dopams-backend-staging/node_modules/util/package.json' exists according to earlier cached lookups.
File 'd:/DOPAMS/Toystack/dopams-backend-staging/node_modules/util/types.ts' does not exist.
File 'd:/DOPAMS/Toystack/dopams-backend-staging/node_modules/util/types.tsx' does not exist.
File 'd:/DOPAMS/Toystack/dopams-backend-staging/node_modules/util/types.d.ts' does not exist.
Directory 'd:/DOPAMS/Toystack/node_modules' does not exist, skipping all lookups in it.
Directory 'd:/DOPAMS/node_modules' does not exist, skipping all lookups in it.
Directory 'd:/node_modules' does not exist, skipping all lookups in it.
'baseUrl' option is set to 'd:/DOPAMS/Toystack/dopams-backend-staging/src', using this value to resolve non-relative module name 'util/types'.
'paths' option is specified, looking for a pattern to match module name 'util/types'.
'baseUrl' option is set to 'd:/DOPAMS/Toystack/dopams-backend-staging/src', using this value to resolve non-relative module name 'util/types'.
Resolving module name 'util/types' relative to base url 'd:/DOPAMS/Toystack/dopams-backend-staging/src' - 'd:/DOPAMS/Toystack/dopams-backend-staging/src/util/types'.
Loading module as file / folder, candidate module location 'd:/DOPAMS/Toystack/dopams-backend-staging/src/util/types', target file types: JavaScript, JSON.
Loading module 'util/types' from 'node_modules' folder, target file types: JavaScript, JSON.
Searching all ancestor node_modules directories for fallback extensions: JavaScript, JSON.
Directory 'd:/DOPAMS/Toystack/dopams-backend-staging/node_modules/@types/node/node_modules' does not exist, skipping all lookups in it.
Directory 'd:/DOPAMS/Toystack/dopams-backend-staging/node_modules/@types/node_modules' does not exist, skipping all lookups in it.
File 'd:/DOPAMS/Toystack/dopams-backend-staging/node_modules/util/package.json' exists according to earlier cached lookups.
File 'd:/DOPAMS/Toystack/dopams-backend-staging/node_modules/util/types.js' does not exist.
File 'd:/DOPAMS/Toystack/dopams-backend-staging/node_modules/util/types.jsx' does not exist.
Directory 'd:/DOPAMS/Toystack/node_modules' does not exist, skipping all lookups in it.
Directory 'd:/DOPAMS/node_modules' does not exist, skipping all lookups in it.
Directory 'd:/node_modules' does not exist, skipping all lookups in it.
Resolution of non-relative name failed; trying with '--moduleResolution bundler' to see if project may need configuration update.
'baseUrl' option is set to 'd:/DOPAMS/Toystack/dopams-backend-staging/src', using this value to resolve non-relative module name 'util/types'.
'paths' option is specified, looking for a pattern to match module name 'util/types'.
'baseUrl' option is set to 'd:/DOPAMS/Toystack/dopams-backend-staging/src', using this value to resolve non-relative module name 'util/types'.
Resolving module name 'util/types' relative to base url 'd:/DOPAMS/Toystack/dopams-backend-staging/src' - 'd:/DOPAMS/Toystack/dopams-backend-staging/src/util/types'.
Loading module as file / folder, candidate module location 'd:/DOPAMS/Toystack/dopams-backend-staging/src/util/types', target file types: TypeScript, Declaration.
Loading module 'util/types' from 'node_modules' folder, target file types: TypeScript, Declaration.
Searching all ancestor node_modules directories for preferred extensions: TypeScript, Declaration.
Directory 'd:/DOPAMS/Toystack/dopams-backend-staging/node_modules/@types/node/node_modules' does not exist, skipping all lookups in it.
Directory 'd:/DOPAMS/Toystack/dopams-backend-staging/node_modules/@types/node_modules' does not exist, skipping all lookups in it.
File 'd:/DOPAMS/Toystack/dopams-backend-staging/node_modules/util/package.json' exists according to earlier cached lookups.
File 'd:/DOPAMS/Toystack/dopams-backend-staging/node_modules/util/types.ts' does not exist.
File 'd:/DOPAMS/Toystack/dopams-backend-staging/node_modules/util/types.tsx' does not exist.
File 'd:/DOPAMS/Toystack/dopams-backend-staging/node_modules/util/types.d.ts' does not exist.
Directory 'd:/DOPAMS/Toystack/node_modules' does not exist, skipping all lookups in it.
Directory 'd:/DOPAMS/node_modules' does not exist, skipping all lookups in it.
Directory 'd:/node_modules' does not exist, skipping all lookups in it.
======== Module name 'util/types' was not resolved. ========
======== Resolving module 'node:util/types' from 'd:/DOPAMS/Toystack/dopams-backend-staging/node_modules/@types/node/process.d.ts'. ========
Explicitly specified module resolution kind: 'Node10'.
'baseUrl' option is set to 'd:/DOPAMS/Toystack/dopams-backend-staging/src', using this value to resolve non-relative module name 'node:util/types'.
'paths' option is specified, looking for a pattern to match module name 'node:util/types'.
'baseUrl' option is set to 'd:/DOPAMS/Toystack/dopams-backend-staging/src', using this value to resolve non-relative module name 'node:util/types'.
Resolving module name 'node:util/types' relative to base url 'd:/DOPAMS/Toystack/dopams-backend-staging/src' - 'd:/DOPAMS/Toystack/dopams-backend-staging/src/node:util/types'.
Loading module as file / folder, candidate module location 'd:/DOPAMS/Toystack/dopams-backend-staging/src/node:util/types', target file types: TypeScript, Declaration.
Skipping module 'node:util/types' that looks like an absolute URI, target file types: TypeScript, Declaration.
'baseUrl' option is set to 'd:/DOPAMS/Toystack/dopams-backend-staging/src', using this value to resolve non-relative module name 'node:util/types'.
'paths' option is specified, looking for a pattern to match module name 'node:util/types'.
'baseUrl' option is set to 'd:/DOPAMS/Toystack/dopams-backend-staging/src', using this value to resolve non-relative module name 'node:util/types'.
Resolving module name 'node:util/types' relative to base url 'd:/DOPAMS/Toystack/dopams-backend-staging/src' - 'd:/DOPAMS/Toystack/dopams-backend-staging/src/node:util/types'.
Loading module as file / folder, candidate module location 'd:/DOPAMS/Toystack/dopams-backend-staging/src/node:util/types', target file types: JavaScript, JSON.
Skipping module 'node:util/types' that looks like an absolute URI, target file types: JavaScript, JSON.
======== Module name 'node:util/types' was not resolved. ========
======== Resolving module 'v8' from 'd:/DOPAMS/Toystack/dopams-backend-staging/node_modules/@types/node/process.d.ts'. ========
Explicitly specified module resolution kind: 'Node10'.
'baseUrl' option is set to 'd:/DOPAMS/Toystack/dopams-backend-staging/src', using this value to resolve non-relative module name 'v8'.
'paths' option is specified, looking for a pattern to match module name 'v8'.
'baseUrl' option is set to 'd:/DOPAMS/Toystack/dopams-backend-staging/src', using this value to resolve non-relative module name 'v8'.
Resolving module name 'v8' relative to base url 'd:/DOPAMS/Toystack/dopams-backend-staging/src' - 'd:/DOPAMS/Toystack/dopams-backend-staging/src/v8'.
Loading module as file / folder, candidate module location 'd:/DOPAMS/Toystack/dopams-backend-staging/src/v8', target file types: TypeScript, Declaration.
File 'd:/DOPAMS/Toystack/dopams-backend-staging/src/v8.ts' does not exist.
File 'd:/DOPAMS/Toystack/dopams-backend-staging/src/v8.tsx' does not exist.
File 'd:/DOPAMS/Toystack/dopams-backend-staging/src/v8.d.ts' does not exist.
Directory 'd:/DOPAMS/Toystack/dopams-backend-staging/src/v8' does not exist, skipping all lookups in it.
Loading module 'v8' from 'node_modules' folder, target file types: TypeScript, Declaration.
Searching all ancestor node_modules directories for preferred extensions: TypeScript, Declaration.
Directory 'd:/DOPAMS/Toystack/dopams-backend-staging/node_modules/@types/node/node_modules' does not exist, skipping all lookups in it.
Directory 'd:/DOPAMS/Toystack/dopams-backend-staging/node_modules/@types/node_modules' does not exist, skipping all lookups in it.
File 'd:/DOPAMS/Toystack/dopams-backend-staging/node_modules/v8.ts' does not exist.
File 'd:/DOPAMS/Toystack/dopams-backend-staging/node_modules/v8.tsx' does not exist.
File 'd:/DOPAMS/Toystack/dopams-backend-staging/node_modules/v8.d.ts' does not exist.
File 'd:/DOPAMS/Toystack/dopams-backend-staging/node_modules/@types/v8.d.ts' does not exist.
Directory 'd:/DOPAMS/Toystack/node_modules' does not exist, skipping all lookups in it.
Directory 'd:/DOPAMS/node_modules' does not exist, skipping all lookups in it.
Directory 'd:/node_modules' does not exist, skipping all lookups in it.
'baseUrl' option is set to 'd:/DOPAMS/Toystack/dopams-backend-staging/src', using this value to resolve non-relative module name 'v8'.
'paths' option is specified, looking for a pattern to match module name 'v8'.
'baseUrl' option is set to 'd:/DOPAMS/Toystack/dopams-backend-staging/src', using this value to resolve non-relative module name 'v8'.
Resolving module name 'v8' relative to base url 'd:/DOPAMS/Toystack/dopams-backend-staging/src' - 'd:/DOPAMS/Toystack/dopams-backend-staging/src/v8'.
Loading module as file / folder, candidate module location 'd:/DOPAMS/Toystack/dopams-backend-staging/src/v8', target file types: JavaScript, JSON.
File 'd:/DOPAMS/Toystack/dopams-backend-staging/src/v8.js' does not exist.
File 'd:/DOPAMS/Toystack/dopams-backend-staging/src/v8.jsx' does not exist.
Directory 'd:/DOPAMS/Toystack/dopams-backend-staging/src/v8' does not exist, skipping all lookups in it.
Loading module 'v8' from 'node_modules' folder, target file types: JavaScript, JSON.
Searching all ancestor node_modules directories for fallback extensions: JavaScript, JSON.
Directory 'd:/DOPAMS/Toystack/dopams-backend-staging/node_modules/@types/node/node_modules' does not exist, skipping all lookups in it.
Directory 'd:/DOPAMS/Toystack/dopams-backend-staging/node_modules/@types/node_modules' does not exist, skipping all lookups in it.
File 'd:/DOPAMS/Toystack/dopams-backend-staging/node_modules/v8.js' does not exist.
File 'd:/DOPAMS/Toystack/dopams-backend-staging/node_modules/v8.jsx' does not exist.
Directory 'd:/DOPAMS/Toystack/node_modules' does not exist, skipping all lookups in it.
Directory 'd:/DOPAMS/node_modules' does not exist, skipping all lookups in it.
Directory 'd:/node_modules' does not exist, skipping all lookups in it.
======== Module name 'v8' was not resolved. ========
======== Resolving module 'node:v8' from 'd:/DOPAMS/Toystack/dopams-backend-staging/node_modules/@types/node/process.d.ts'. ========
Explicitly specified module resolution kind: 'Node10'.
'baseUrl' option is set to 'd:/DOPAMS/Toystack/dopams-backend-staging/src', using this value to resolve non-relative module name 'node:v8'.
'paths' option is specified, looking for a pattern to match module name 'node:v8'.
'baseUrl' option is set to 'd:/DOPAMS/Toystack/dopams-backend-staging/src', using this value to resolve non-relative module name 'node:v8'.
Resolving module name 'node:v8' relative to base url 'd:/DOPAMS/Toystack/dopams-backend-staging/src' - 'd:/DOPAMS/Toystack/dopams-backend-staging/src/node:v8'.
Loading module as file / folder, candidate module location 'd:/DOPAMS/Toystack/dopams-backend-staging/src/node:v8', target file types: TypeScript, Declaration.
File 'd:/DOPAMS/Toystack/dopams-backend-staging/src/node:v8.ts' does not exist.
File 'd:/DOPAMS/Toystack/dopams-backend-staging/src/node:v8.tsx' does not exist.
File 'd:/DOPAMS/Toystack/dopams-backend-staging/src/node:v8.d.ts' does not exist.
Directory 'd:/DOPAMS/Toystack/dopams-backend-staging/src/node:v8' does not exist, skipping all lookups in it.
Skipping module 'node:v8' that looks like an absolute URI, target file types: TypeScript, Declaration.
'baseUrl' option is set to 'd:/DOPAMS/Toystack/dopams-backend-staging/src', using this value to resolve non-relative module name 'node:v8'.
'paths' option is specified, looking for a pattern to match module name 'node:v8'.
'baseUrl' option is set to 'd:/DOPAMS/Toystack/dopams-backend-staging/src', using this value to resolve non-relative module name 'node:v8'.
Resolving module name 'node:v8' relative to base url 'd:/DOPAMS/Toystack/dopams-backend-staging/src' - 'd:/DOPAMS/Toystack/dopams-backend-staging/src/node:v8'.
Loading module as file / folder, candidate module location 'd:/DOPAMS/Toystack/dopams-backend-staging/src/node:v8', target file types: JavaScript, JSON.
File 'd:/DOPAMS/Toystack/dopams-backend-staging/src/node:v8.js' does not exist.
File 'd:/DOPAMS/Toystack/dopams-backend-staging/src/node:v8.jsx' does not exist.
Directory 'd:/DOPAMS/Toystack/dopams-backend-staging/src/node:v8' does not exist, skipping all lookups in it.
Skipping module 'node:v8' that looks like an absolute URI, target file types: JavaScript, JSON.
======== Module name 'node:v8' was not resolved. ========
======== Resolving module 'vm' from 'd:/DOPAMS/Toystack/dopams-backend-staging/node_modules/@types/node/process.d.ts'. ========
Explicitly specified module resolution kind: 'Node10'.
'baseUrl' option is set to 'd:/DOPAMS/Toystack/dopams-backend-staging/src', using this value to resolve non-relative module name 'vm'.
'paths' option is specified, looking for a pattern to match module name 'vm'.
'baseUrl' option is set to 'd:/DOPAMS/Toystack/dopams-backend-staging/src', using this value to resolve non-relative module name 'vm'.
Resolving module name 'vm' relative to base url 'd:/DOPAMS/Toystack/dopams-backend-staging/src' - 'd:/DOPAMS/Toystack/dopams-backend-staging/src/vm'.
Loading module as file / folder, candidate module location 'd:/DOPAMS/Toystack/dopams-backend-staging/src/vm', target file types: TypeScript, Declaration.
File 'd:/DOPAMS/Toystack/dopams-backend-staging/src/vm.ts' does not exist.
File 'd:/DOPAMS/Toystack/dopams-backend-staging/src/vm.tsx' does not exist.
File 'd:/DOPAMS/Toystack/dopams-backend-staging/src/vm.d.ts' does not exist.
Directory 'd:/DOPAMS/Toystack/dopams-backend-staging/src/vm' does not exist, skipping all lookups in it.
Loading module 'vm' from 'node_modules' folder, target file types: TypeScript, Declaration.
Searching all ancestor node_modules directories for preferred extensions: TypeScript, Declaration.
Directory 'd:/DOPAMS/Toystack/dopams-backend-staging/node_modules/@types/node/node_modules' does not exist, skipping all lookups in it.
Directory 'd:/DOPAMS/Toystack/dopams-backend-staging/node_modules/@types/node_modules' does not exist, skipping all lookups in it.
File 'd:/DOPAMS/Toystack/dopams-backend-staging/node_modules/vm.ts' does not exist.
File 'd:/DOPAMS/Toystack/dopams-backend-staging/node_modules/vm.tsx' does not exist.
File 'd:/DOPAMS/Toystack/dopams-backend-staging/node_modules/vm.d.ts' does not exist.
File 'd:/DOPAMS/Toystack/dopams-backend-staging/node_modules/@types/vm.d.ts' does not exist.
Directory 'd:/DOPAMS/Toystack/node_modules' does not exist, skipping all lookups in it.
Directory 'd:/DOPAMS/node_modules' does not exist, skipping all lookups in it.
Directory 'd:/node_modules' does not exist, skipping all lookups in it.
'baseUrl' option is set to 'd:/DOPAMS/Toystack/dopams-backend-staging/src', using this value to resolve non-relative module name 'vm'.
'paths' option is specified, looking for a pattern to match module name 'vm'.
'baseUrl' option is set to 'd:/DOPAMS/Toystack/dopams-backend-staging/src', using this value to resolve non-relative module name 'vm'.
Resolving module name 'vm' relative to base url 'd:/DOPAMS/Toystack/dopams-backend-staging/src' - 'd:/DOPAMS/Toystack/dopams-backend-staging/src/vm'.
Loading module as file / folder, candidate module location 'd:/DOPAMS/Toystack/dopams-backend-staging/src/vm', target file types: JavaScript, JSON.
File 'd:/DOPAMS/Toystack/dopams-backend-staging/src/vm.js' does not exist.
File 'd:/DOPAMS/Toystack/dopams-backend-staging/src/vm.jsx' does not exist.
Directory 'd:/DOPAMS/Toystack/dopams-backend-staging/src/vm' does not exist, skipping all lookups in it.
Loading module 'vm' from 'node_modules' folder, target file types: JavaScript, JSON.
Searching all ancestor node_modules directories for fallback extensions: JavaScript, JSON.
Directory 'd:/DOPAMS/Toystack/dopams-backend-staging/node_modules/@types/node/node_modules' does not exist, skipping all lookups in it.
Directory 'd:/DOPAMS/Toystack/dopams-backend-staging/node_modules/@types/node_modules' does not exist, skipping all lookups in it.
File 'd:/DOPAMS/Toystack/dopams-backend-staging/node_modules/vm.js' does not exist.
File 'd:/DOPAMS/Toystack/dopams-backend-staging/node_modules/vm.jsx' does not exist.
Directory 'd:/DOPAMS/Toystack/node_modules' does not exist, skipping all lookups in it.
Directory 'd:/DOPAMS/node_modules' does not exist, skipping all lookups in it.
Directory 'd:/node_modules' does not exist, skipping all lookups in it.
======== Module name 'vm' was not resolved. ========
======== Resolving module 'node:vm' from 'd:/DOPAMS/Toystack/dopams-backend-staging/node_modules/@types/node/process.d.ts'. ========
Explicitly specified module resolution kind: 'Node10'.
'baseUrl' option is set to 'd:/DOPAMS/Toystack/dopams-backend-staging/src', using this value to resolve non-relative module name 'node:vm'.
'paths' option is specified, looking for a pattern to match module name 'node:vm'.
'baseUrl' option is set to 'd:/DOPAMS/Toystack/dopams-backend-staging/src', using this value to resolve non-relative module name 'node:vm'.
Resolving module name 'node:vm' relative to base url 'd:/DOPAMS/Toystack/dopams-backend-staging/src' - 'd:/DOPAMS/Toystack/dopams-backend-staging/src/node:vm'.
Loading module as file / folder, candidate module location 'd:/DOPAMS/Toystack/dopams-backend-staging/src/node:vm', target file types: TypeScript, Declaration.
File 'd:/DOPAMS/Toystack/dopams-backend-staging/src/node:vm.ts' does not exist.
File 'd:/DOPAMS/Toystack/dopams-backend-staging/src/node:vm.tsx' does not exist.
File 'd:/DOPAMS/Toystack/dopams-backend-staging/src/node:vm.d.ts' does not exist.
Directory 'd:/DOPAMS/Toystack/dopams-backend-staging/src/node:vm' does not exist, skipping all lookups in it.
Skipping module 'node:vm' that looks like an absolute URI, target file types: TypeScript, Declaration.
'baseUrl' option is set to 'd:/DOPAMS/Toystack/dopams-backend-staging/src', using this value to resolve non-relative module name 'node:vm'.
'paths' option is specified, looking for a pattern to match module name 'node:vm'.
'baseUrl' option is set to 'd:/DOPAMS/Toystack/dopams-backend-staging/src', using this value to resolve non-relative module name 'node:vm'.
Resolving module name 'node:vm' relative to base url 'd:/DOPAMS/Toystack/dopams-backend-staging/src' - 'd:/DOPAMS/Toystack/dopams-backend-staging/src/node:vm'.
Loading module as file / folder, candidate module location 'd:/DOPAMS/Toystack/dopams-backend-staging/src/node:vm', target file types: JavaScript, JSON.
File 'd:/DOPAMS/Toystack/dopams-backend-staging/src/node:vm.js' does not exist.
File 'd:/DOPAMS/Toystack/dopams-backend-staging/src/node:vm.jsx' does not exist.
Directory 'd:/DOPAMS/Toystack/dopams-backend-staging/src/node:vm' does not exist, skipping all lookups in it.
Skipping module 'node:vm' that looks like an absolute URI, target file types: JavaScript, JSON.
======== Module name 'node:vm' was not resolved. ========
======== Resolving module 'wasi' from 'd:/DOPAMS/Toystack/dopams-backend-staging/node_modules/@types/node/process.d.ts'. ========
Explicitly specified module resolution kind: 'Node10'.
'baseUrl' option is set to 'd:/DOPAMS/Toystack/dopams-backend-staging/src', using this value to resolve non-relative module name 'wasi'.
'paths' option is specified, looking for a pattern to match module name 'wasi'.
'baseUrl' option is set to 'd:/DOPAMS/Toystack/dopams-backend-staging/src', using this value to resolve non-relative module name 'wasi'.
Resolving module name 'wasi' relative to base url 'd:/DOPAMS/Toystack/dopams-backend-staging/src' - 'd:/DOPAMS/Toystack/dopams-backend-staging/src/wasi'.
Loading module as file / folder, candidate module location 'd:/DOPAMS/Toystack/dopams-backend-staging/src/wasi', target file types: TypeScript, Declaration.
File 'd:/DOPAMS/Toystack/dopams-backend-staging/src/wasi.ts' does not exist.
File 'd:/DOPAMS/Toystack/dopams-backend-staging/src/wasi.tsx' does not exist.
File 'd:/DOPAMS/Toystack/dopams-backend-staging/src/wasi.d.ts' does not exist.
Directory 'd:/DOPAMS/Toystack/dopams-backend-staging/src/wasi' does not exist, skipping all lookups in it.
Loading module 'wasi' from 'node_modules' folder, target file types: TypeScript, Declaration.
Searching all ancestor node_modules directories for preferred extensions: TypeScript, Declaration.
Directory 'd:/DOPAMS/Toystack/dopams-backend-staging/node_modules/@types/node/node_modules' does not exist, skipping all lookups in it.
Directory 'd:/DOPAMS/Toystack/dopams-backend-staging/node_modules/@types/node_modules' does not exist, skipping all lookups in it.
File 'd:/DOPAMS/Toystack/dopams-backend-staging/node_modules/wasi.ts' does not exist.
File 'd:/DOPAMS/Toystack/dopams-backend-staging/node_modules/wasi.tsx' does not exist.
File 'd:/DOPAMS/Toystack/dopams-backend-staging/node_modules/wasi.d.ts' does not exist.
File 'd:/DOPAMS/Toystack/dopams-backend-staging/node_modules/@types/wasi.d.ts' does not exist.
Directory 'd:/DOPAMS/Toystack/node_modules' does not exist, skipping all lookups in it.
Directory 'd:/DOPAMS/node_modules' does not exist, skipping all lookups in it.
Directory 'd:/node_modules' does not exist, skipping all lookups in it.
'baseUrl' option is set to 'd:/DOPAMS/Toystack/dopams-backend-staging/src', using this value to resolve non-relative module name 'wasi'.
'paths' option is specified, looking for a pattern to match module name 'wasi'.
'baseUrl' option is set to 'd:/DOPAMS/Toystack/dopams-backend-staging/src', using this value to resolve non-relative module name 'wasi'.
Resolving module name 'wasi' relative to base url 'd:/DOPAMS/Toystack/dopams-backend-staging/src' - 'd:/DOPAMS/Toystack/dopams-backend-staging/src/wasi'.
Loading module as file / folder, candidate module location 'd:/DOPAMS/Toystack/dopams-backend-staging/src/wasi', target file types: JavaScript, JSON.
File 'd:/DOPAMS/Toystack/dopams-backend-staging/src/wasi.js' does not exist.
File 'd:/DOPAMS/Toystack/dopams-backend-staging/src/wasi.jsx' does not exist.
Directory 'd:/DOPAMS/Toystack/dopams-backend-staging/src/wasi' does not exist, skipping all lookups in it.
Loading module 'wasi' from 'node_modules' folder, target file types: JavaScript, JSON.
Searching all ancestor node_modules directories for fallback extensions: JavaScript, JSON.
Directory 'd:/DOPAMS/Toystack/dopams-backend-staging/node_modules/@types/node/node_modules' does not exist, skipping all lookups in it.
Directory 'd:/DOPAMS/Toystack/dopams-backend-staging/node_modules/@types/node_modules' does not exist, skipping all lookups in it.
File 'd:/DOPAMS/Toystack/dopams-backend-staging/node_modules/wasi.js' does not exist.
File 'd:/DOPAMS/Toystack/dopams-backend-staging/node_modules/wasi.jsx' does not exist.
Directory 'd:/DOPAMS/Toystack/node_modules' does not exist, skipping all lookups in it.
Directory 'd:/DOPAMS/node_modules' does not exist, skipping all lookups in it.
Directory 'd:/node_modules' does not exist, skipping all lookups in it.
======== Module name 'wasi' was not resolved. ========
======== Resolving module 'node:wasi' from 'd:/DOPAMS/Toystack/dopams-backend-staging/node_modules/@types/node/process.d.ts'. ========
Explicitly specified module resolution kind: 'Node10'.
'baseUrl' option is set to 'd:/DOPAMS/Toystack/dopams-backend-staging/src', using this value to resolve non-relative module name 'node:wasi'.
'paths' option is specified, looking for a pattern to match module name 'node:wasi'.
'baseUrl' option is set to 'd:/DOPAMS/Toystack/dopams-backend-staging/src', using this value to resolve non-relative module name 'node:wasi'.
Resolving module name 'node:wasi' relative to base url 'd:/DOPAMS/Toystack/dopams-backend-staging/src' - 'd:/DOPAMS/Toystack/dopams-backend-staging/src/node:wasi'.
Loading module as file / folder, candidate module location 'd:/DOPAMS/Toystack/dopams-backend-staging/src/node:wasi', target file types: TypeScript, Declaration.
File 'd:/DOPAMS/Toystack/dopams-backend-staging/src/node:wasi.ts' does not exist.
File 'd:/DOPAMS/Toystack/dopams-backend-staging/src/node:wasi.tsx' does not exist.
File 'd:/DOPAMS/Toystack/dopams-backend-staging/src/node:wasi.d.ts' does not exist.
Directory 'd:/DOPAMS/Toystack/dopams-backend-staging/src/node:wasi' does not exist, skipping all lookups in it.
Skipping module 'node:wasi' that looks like an absolute URI, target file types: TypeScript, Declaration.
'baseUrl' option is set to 'd:/DOPAMS/Toystack/dopams-backend-staging/src', using this value to resolve non-relative module name 'node:wasi'.
'paths' option is specified, looking for a pattern to match module name 'node:wasi'.
'baseUrl' option is set to 'd:/DOPAMS/Toystack/dopams-backend-staging/src', using this value to resolve non-relative module name 'node:wasi'.
Resolving module name 'node:wasi' relative to base url 'd:/DOPAMS/Toystack/dopams-backend-staging/src' - 'd:/DOPAMS/Toystack/dopams-backend-staging/src/node:wasi'.
Loading module as file / folder, candidate module location 'd:/DOPAMS/Toystack/dopams-backend-staging/src/node:wasi', target file types: JavaScript, JSON.
File 'd:/DOPAMS/Toystack/dopams-backend-staging/src/node:wasi.js' does not exist.
File 'd:/DOPAMS/Toystack/dopams-backend-staging/src/node:wasi.jsx' does not exist.
Directory 'd:/DOPAMS/Toystack/dopams-backend-staging/src/node:wasi' does not exist, skipping all lookups in it.
Skipping module 'node:wasi' that looks like an absolute URI, target file types: JavaScript, JSON.
======== Module name 'node:wasi' was not resolved. ========
======== Resolving module 'worker_threads' from 'd:/DOPAMS/Toystack/dopams-backend-staging/node_modules/@types/node/process.d.ts'. ========
Explicitly specified module resolution kind: 'Node10'.
'baseUrl' option is set to 'd:/DOPAMS/Toystack/dopams-backend-staging/src', using this value to resolve non-relative module name 'worker_threads'.
'paths' option is specified, looking for a pattern to match module name 'worker_threads'.
'baseUrl' option is set to 'd:/DOPAMS/Toystack/dopams-backend-staging/src', using this value to resolve non-relative module name 'worker_threads'.
Resolving module name 'worker_threads' relative to base url 'd:/DOPAMS/Toystack/dopams-backend-staging/src' - 'd:/DOPAMS/Toystack/dopams-backend-staging/src/worker_threads'.
Loading module as file / folder, candidate module location 'd:/DOPAMS/Toystack/dopams-backend-staging/src/worker_threads', target file types: TypeScript, Declaration.
File 'd:/DOPAMS/Toystack/dopams-backend-staging/src/worker_threads.ts' does not exist.
File 'd:/DOPAMS/Toystack/dopams-backend-staging/src/worker_threads.tsx' does not exist.
File 'd:/DOPAMS/Toystack/dopams-backend-staging/src/worker_threads.d.ts' does not exist.
Directory 'd:/DOPAMS/Toystack/dopams-backend-staging/src/worker_threads' does not exist, skipping all lookups in it.
Loading module 'worker_threads' from 'node_modules' folder, target file types: TypeScript, Declaration.
Searching all ancestor node_modules directories for preferred extensions: TypeScript, Declaration.
Directory 'd:/DOPAMS/Toystack/dopams-backend-staging/node_modules/@types/node/node_modules' does not exist, skipping all lookups in it.
Directory 'd:/DOPAMS/Toystack/dopams-backend-staging/node_modules/@types/node_modules' does not exist, skipping all lookups in it.
Resolution for module 'worker_threads' was found in cache from location 'd:/DOPAMS/Toystack/dopams-backend-staging'.
======== Module name 'worker_threads' was not resolved. ========
======== Resolving module 'zlib' from 'd:/DOPAMS/Toystack/dopams-backend-staging/node_modules/@types/node/process.d.ts'. ========
Explicitly specified module resolution kind: 'Node10'.
'baseUrl' option is set to 'd:/DOPAMS/Toystack/dopams-backend-staging/src', using this value to resolve non-relative module name 'zlib'.
'paths' option is specified, looking for a pattern to match module name 'zlib'.
'baseUrl' option is set to 'd:/DOPAMS/Toystack/dopams-backend-staging/src', using this value to resolve non-relative module name 'zlib'.
Resolving module name 'zlib' relative to base url 'd:/DOPAMS/Toystack/dopams-backend-staging/src' - 'd:/DOPAMS/Toystack/dopams-backend-staging/src/zlib'.
Loading module as file / folder, candidate module location 'd:/DOPAMS/Toystack/dopams-backend-staging/src/zlib', target file types: TypeScript, Declaration.
File 'd:/DOPAMS/Toystack/dopams-backend-staging/src/zlib.ts' does not exist.
File 'd:/DOPAMS/Toystack/dopams-backend-staging/src/zlib.tsx' does not exist.
File 'd:/DOPAMS/Toystack/dopams-backend-staging/src/zlib.d.ts' does not exist.
Directory 'd:/DOPAMS/Toystack/dopams-backend-staging/src/zlib' does not exist, skipping all lookups in it.
Loading module 'zlib' from 'node_modules' folder, target file types: TypeScript, Declaration.
Searching all ancestor node_modules directories for preferred extensions: TypeScript, Declaration.
Directory 'd:/DOPAMS/Toystack/dopams-backend-staging/node_modules/@types/node/node_modules' does not exist, skipping all lookups in it.
Directory 'd:/DOPAMS/Toystack/dopams-backend-staging/node_modules/@types/node_modules' does not exist, skipping all lookups in it.
File 'd:/DOPAMS/Toystack/dopams-backend-staging/node_modules/zlib.ts' does not exist.
File 'd:/DOPAMS/Toystack/dopams-backend-staging/node_modules/zlib.tsx' does not exist.
File 'd:/DOPAMS/Toystack/dopams-backend-staging/node_modules/zlib.d.ts' does not exist.
File 'd:/DOPAMS/Toystack/dopams-backend-staging/node_modules/@types/zlib.d.ts' does not exist.
Directory 'd:/DOPAMS/Toystack/node_modules' does not exist, skipping all lookups in it.
Directory 'd:/DOPAMS/node_modules' does not exist, skipping all lookups in it.
Directory 'd:/node_modules' does not exist, skipping all lookups in it.
'baseUrl' option is set to 'd:/DOPAMS/Toystack/dopams-backend-staging/src', using this value to resolve non-relative module name 'zlib'.
'paths' option is specified, looking for a pattern to match module name 'zlib'.
'baseUrl' option is set to 'd:/DOPAMS/Toystack/dopams-backend-staging/src', using this value to resolve non-relative module name 'zlib'.
Resolving module name 'zlib' relative to base url 'd:/DOPAMS/Toystack/dopams-backend-staging/src' - 'd:/DOPAMS/Toystack/dopams-backend-staging/src/zlib'.
Loading module as file / folder, candidate module location 'd:/DOPAMS/Toystack/dopams-backend-staging/src/zlib', target file types: JavaScript, JSON.
File 'd:/DOPAMS/Toystack/dopams-backend-staging/src/zlib.js' does not exist.
File 'd:/DOPAMS/Toystack/dopams-backend-staging/src/zlib.jsx' does not exist.
Directory 'd:/DOPAMS/Toystack/dopams-backend-staging/src/zlib' does not exist, skipping all lookups in it.
Loading module 'zlib' from 'node_modules' folder, target file types: JavaScript, JSON.
Searching all ancestor node_modules directories for fallback extensions: JavaScript, JSON.
Directory 'd:/DOPAMS/Toystack/dopams-backend-staging/node_modules/@types/node/node_modules' does not exist, skipping all lookups in it.
Directory 'd:/DOPAMS/Toystack/dopams-backend-staging/node_modules/@types/node_modules' does not exist, skipping all lookups in it.
File 'd:/DOPAMS/Toystack/dopams-backend-staging/node_modules/zlib.js' does not exist.
File 'd:/DOPAMS/Toystack/dopams-backend-staging/node_modules/zlib.jsx' does not exist.
Directory 'd:/DOPAMS/Toystack/node_modules' does not exist, skipping all lookups in it.
Directory 'd:/DOPAMS/node_modules' does not exist, skipping all lookups in it.
Directory 'd:/node_modules' does not exist, skipping all lookups in it.
======== Module name 'zlib' was not resolved. ========
======== Resolving module 'node:zlib' from 'd:/DOPAMS/Toystack/dopams-backend-staging/node_modules/@types/node/process.d.ts'. ========
Explicitly specified module resolution kind: 'Node10'.
'baseUrl' option is set to 'd:/DOPAMS/Toystack/dopams-backend-staging/src', using this value to resolve non-relative module name 'node:zlib'.
'paths' option is specified, looking for a pattern to match module name 'node:zlib'.
'baseUrl' option is set to 'd:/DOPAMS/Toystack/dopams-backend-staging/src', using this value to resolve non-relative module name 'node:zlib'.
Resolving module name 'node:zlib' relative to base url 'd:/DOPAMS/Toystack/dopams-backend-staging/src' - 'd:/DOPAMS/Toystack/dopams-backend-staging/src/node:zlib'.
Loading module as file / folder, candidate module location 'd:/DOPAMS/Toystack/dopams-backend-staging/src/node:zlib', target file types: TypeScript, Declaration.
File 'd:/DOPAMS/Toystack/dopams-backend-staging/src/node:zlib.ts' does not exist.
File 'd:/DOPAMS/Toystack/dopams-backend-staging/src/node:zlib.tsx' does not exist.
File 'd:/DOPAMS/Toystack/dopams-backend-staging/src/node:zlib.d.ts' does not exist.
Directory 'd:/DOPAMS/Toystack/dopams-backend-staging/src/node:zlib' does not exist, skipping all lookups in it.
Skipping module 'node:zlib' that looks like an absolute URI, target file types: TypeScript, Declaration.
'baseUrl' option is set to 'd:/DOPAMS/Toystack/dopams-backend-staging/src', using this value to resolve non-relative module name 'node:zlib'.
'paths' option is specified, looking for a pattern to match module name 'node:zlib'.
'baseUrl' option is set to 'd:/DOPAMS/Toystack/dopams-backend-staging/src', using this value to resolve non-relative module name 'node:zlib'.
Resolving module name 'node:zlib' relative to base url 'd:/DOPAMS/Toystack/dopams-backend-staging/src' - 'd:/DOPAMS/Toystack/dopams-backend-staging/src/node:zlib'.
Loading module as file / folder, candidate module location 'd:/DOPAMS/Toystack/dopams-backend-staging/src/node:zlib', target file types: JavaScript, JSON.
File 'd:/DOPAMS/Toystack/dopams-backend-staging/src/node:zlib.js' does not exist.
File 'd:/DOPAMS/Toystack/dopams-backend-staging/src/node:zlib.jsx' does not exist.
Directory 'd:/DOPAMS/Toystack/dopams-backend-staging/src/node:zlib' does not exist, skipping all lookups in it.
Skipping module 'node:zlib' that looks like an absolute URI, target file types: JavaScript, JSON.
======== Module name 'node:zlib' was not resolved. ========
File 'd:/DOPAMS/Toystack/dopams-backend-staging/node_modules/@types/node/package.json' exists according to earlier cached lookups.
Module 'punycode' was resolved as locally declared ambient module in file 'd:/DOPAMS/Toystack/dopams-backend-staging/node_modules/@types/node/punycode.d.ts'.
File 'd:/DOPAMS/Toystack/dopams-backend-staging/node_modules/@types/node/package.json' exists according to earlier cached lookups.
Module 'querystring' was resolved as locally declared ambient module in file 'd:/DOPAMS/Toystack/dopams-backend-staging/node_modules/@types/node/querystring.d.ts'.
File 'd:/DOPAMS/Toystack/dopams-backend-staging/node_modules/@types/node/package.json' exists according to earlier cached lookups.
Module 'readline' was resolved as locally declared ambient module in file 'd:/DOPAMS/Toystack/dopams-backend-staging/node_modules/@types/node/readline.d.ts'.
======== Resolving module 'node:events' from 'd:/DOPAMS/Toystack/dopams-backend-staging/node_modules/@types/node/readline.d.ts'. ========
Resolution for module 'node:events' was found in cache from location 'd:/DOPAMS/Toystack/dopams-backend-staging/node_modules/@types/node'.
======== Module name 'node:events' was not resolved. ========
======== Resolving module 'node:readline/promises' from 'd:/DOPAMS/Toystack/dopams-backend-staging/node_modules/@types/node/readline.d.ts'. ========
Resolution for module 'node:readline/promises' was found in cache from location 'd:/DOPAMS/Toystack/dopams-backend-staging/node_modules/@types/node'.
======== Module name 'node:readline/promises' was not resolved. ========
File 'd:/DOPAMS/Toystack/dopams-backend-staging/node_modules/@types/node/readline/package.json' does not exist.
File 'd:/DOPAMS/Toystack/dopams-backend-staging/node_modules/@types/node/package.json' exists according to earlier cached lookups.
Module 'readline/promises' was resolved as locally declared ambient module in file 'd:/DOPAMS/Toystack/dopams-backend-staging/node_modules/@types/node/readline/promises.d.ts'.
======== Resolving module 'node:events' from 'd:/DOPAMS/Toystack/dopams-backend-staging/node_modules/@types/node/readline/promises.d.ts'. ========
Explicitly specified module resolution kind: 'Node10'.
'baseUrl' option is set to 'd:/DOPAMS/Toystack/dopams-backend-staging/src', using this value to resolve non-relative module name 'node:events'.
'paths' option is specified, looking for a pattern to match module name 'node:events'.
'baseUrl' option is set to 'd:/DOPAMS/Toystack/dopams-backend-staging/src', using this value to resolve non-relative module name 'node:events'.
Resolving module name 'node:events' relative to base url 'd:/DOPAMS/Toystack/dopams-backend-staging/src' - 'd:/DOPAMS/Toystack/dopams-backend-staging/src/node:events'.
Loading module as file / folder, candidate module location 'd:/DOPAMS/Toystack/dopams-backend-staging/src/node:events', target file types: TypeScript, Declaration.
File 'd:/DOPAMS/Toystack/dopams-backend-staging/src/node:events.ts' does not exist.
File 'd:/DOPAMS/Toystack/dopams-backend-staging/src/node:events.tsx' does not exist.
File 'd:/DOPAMS/Toystack/dopams-backend-staging/src/node:events.d.ts' does not exist.
Directory 'd:/DOPAMS/Toystack/dopams-backend-staging/src/node:events' does not exist, skipping all lookups in it.
Skipping module 'node:events' that looks like an absolute URI, target file types: TypeScript, Declaration.
'baseUrl' option is set to 'd:/DOPAMS/Toystack/dopams-backend-staging/src', using this value to resolve non-relative module name 'node:events'.
'paths' option is specified, looking for a pattern to match module name 'node:events'.
'baseUrl' option is set to 'd:/DOPAMS/Toystack/dopams-backend-staging/src', using this value to resolve non-relative module name 'node:events'.
Resolving module name 'node:events' relative to base url 'd:/DOPAMS/Toystack/dopams-backend-staging/src' - 'd:/DOPAMS/Toystack/dopams-backend-staging/src/node:events'.
Loading module as file / folder, candidate module location 'd:/DOPAMS/Toystack/dopams-backend-staging/src/node:events', target file types: JavaScript, JSON.
File 'd:/DOPAMS/Toystack/dopams-backend-staging/src/node:events.js' does not exist.
File 'd:/DOPAMS/Toystack/dopams-backend-staging/src/node:events.jsx' does not exist.
Directory 'd:/DOPAMS/Toystack/dopams-backend-staging/src/node:events' does not exist, skipping all lookups in it.
Skipping module 'node:events' that looks like an absolute URI, target file types: JavaScript, JSON.
======== Module name 'node:events' was not resolved. ========
======== Resolving module 'node:readline' from 'd:/DOPAMS/Toystack/dopams-backend-staging/node_modules/@types/node/readline/promises.d.ts'. ========
Explicitly specified module resolution kind: 'Node10'.
'baseUrl' option is set to 'd:/DOPAMS/Toystack/dopams-backend-staging/src', using this value to resolve non-relative module name 'node:readline'.
'paths' option is specified, looking for a pattern to match module name 'node:readline'.
'baseUrl' option is set to 'd:/DOPAMS/Toystack/dopams-backend-staging/src', using this value to resolve non-relative module name 'node:readline'.
Resolving module name 'node:readline' relative to base url 'd:/DOPAMS/Toystack/dopams-backend-staging/src' - 'd:/DOPAMS/Toystack/dopams-backend-staging/src/node:readline'.
Loading module as file / folder, candidate module location 'd:/DOPAMS/Toystack/dopams-backend-staging/src/node:readline', target file types: TypeScript, Declaration.
File 'd:/DOPAMS/Toystack/dopams-backend-staging/src/node:readline.ts' does not exist.
File 'd:/DOPAMS/Toystack/dopams-backend-staging/src/node:readline.tsx' does not exist.
File 'd:/DOPAMS/Toystack/dopams-backend-staging/src/node:readline.d.ts' does not exist.
Directory 'd:/DOPAMS/Toystack/dopams-backend-staging/src/node:readline' does not exist, skipping all lookups in it.
Skipping module 'node:readline' that looks like an absolute URI, target file types: TypeScript, Declaration.
'baseUrl' option is set to 'd:/DOPAMS/Toystack/dopams-backend-staging/src', using this value to resolve non-relative module name 'node:readline'.
'paths' option is specified, looking for a pattern to match module name 'node:readline'.
'baseUrl' option is set to 'd:/DOPAMS/Toystack/dopams-backend-staging/src', using this value to resolve non-relative module name 'node:readline'.
Resolving module name 'node:readline' relative to base url 'd:/DOPAMS/Toystack/dopams-backend-staging/src' - 'd:/DOPAMS/Toystack/dopams-backend-staging/src/node:readline'.
Loading module as file / folder, candidate module location 'd:/DOPAMS/Toystack/dopams-backend-staging/src/node:readline', target file types: JavaScript, JSON.
File 'd:/DOPAMS/Toystack/dopams-backend-staging/src/node:readline.js' does not exist.
File 'd:/DOPAMS/Toystack/dopams-backend-staging/src/node:readline.jsx' does not exist.
Directory 'd:/DOPAMS/Toystack/dopams-backend-staging/src/node:readline' does not exist, skipping all lookups in it.
Skipping module 'node:readline' that looks like an absolute URI, target file types: JavaScript, JSON.
======== Module name 'node:readline' was not resolved. ========
File 'd:/DOPAMS/Toystack/dopams-backend-staging/node_modules/@types/node/package.json' exists according to earlier cached lookups.
Module 'repl' was resolved as locally declared ambient module in file 'd:/DOPAMS/Toystack/dopams-backend-staging/node_modules/@types/node/repl.d.ts'.
======== Resolving module 'node:readline' from 'd:/DOPAMS/Toystack/dopams-backend-staging/node_modules/@types/node/repl.d.ts'. ========
Resolution for module 'node:readline' was found in cache from location 'd:/DOPAMS/Toystack/dopams-backend-staging/node_modules/@types/node'.
======== Module name 'node:readline' was not resolved. ========
======== Resolving module 'node:vm' from 'd:/DOPAMS/Toystack/dopams-backend-staging/node_modules/@types/node/repl.d.ts'. ========
Resolution for module 'node:vm' was found in cache from location 'd:/DOPAMS/Toystack/dopams-backend-staging/node_modules/@types/node'.
======== Module name 'node:vm' was not resolved. ========
======== Resolving module 'node:util' from 'd:/DOPAMS/Toystack/dopams-backend-staging/node_modules/@types/node/repl.d.ts'. ========
Resolution for module 'node:util' was found in cache from location 'd:/DOPAMS/Toystack/dopams-backend-staging/node_modules/@types/node'.
======== Module name 'node:util' was not resolved. ========
File 'd:/DOPAMS/Toystack/dopams-backend-staging/node_modules/@types/node/package.json' exists according to earlier cached lookups.
File 'd:/DOPAMS/Toystack/dopams-backend-staging/node_modules/@types/node/package.json' exists according to earlier cached lookups.
======== Resolving module 'node:fs' from 'd:/DOPAMS/Toystack/dopams-backend-staging/node_modules/@types/node/sqlite.d.ts'. ========
Resolution for module 'node:fs' was found in cache from location 'd:/DOPAMS/Toystack/dopams-backend-staging/node_modules/@types/node'.
======== Module name 'node:fs' was not resolved. ========
File 'd:/DOPAMS/Toystack/dopams-backend-staging/node_modules/@types/node/package.json' exists according to earlier cached lookups.
Module 'stream' was resolved as locally declared ambient module in file 'd:/DOPAMS/Toystack/dopams-backend-staging/node_modules/@types/node/stream.d.ts'.
======== Resolving module 'node:events' from 'd:/DOPAMS/Toystack/dopams-backend-staging/node_modules/@types/node/stream.d.ts'. ========
Resolution for module 'node:events' was found in cache from location 'd:/DOPAMS/Toystack/dopams-backend-staging/node_modules/@types/node'.
======== Module name 'node:events' was not resolved. ========
======== Resolving module 'node:buffer' from 'd:/DOPAMS/Toystack/dopams-backend-staging/node_modules/@types/node/stream.d.ts'. ========
Resolution for module 'node:buffer' was found in cache from location 'd:/DOPAMS/Toystack/dopams-backend-staging/node_modules/@types/node'.
======== Module name 'node:buffer' was not resolved. ========
======== Resolving module 'node:stream/promises' from 'd:/DOPAMS/Toystack/dopams-backend-staging/node_modules/@types/node/stream.d.ts'. ========
Resolution for module 'node:stream/promises' was found in cache from location 'd:/DOPAMS/Toystack/dopams-backend-staging/node_modules/@types/node'.
======== Module name 'node:stream/promises' was not resolved. ========
======== Resolving module 'node:stream/web' from 'd:/DOPAMS/Toystack/dopams-backend-staging/node_modules/@types/node/stream.d.ts'. ========
Resolution for module 'node:stream/web' was found in cache from location 'd:/DOPAMS/Toystack/dopams-backend-staging/node_modules/@types/node'.
======== Module name 'node:stream/web' was not resolved. ========
File 'd:/DOPAMS/Toystack/dopams-backend-staging/node_modules/@types/node/stream/package.json' does not exist.
File 'd:/DOPAMS/Toystack/dopams-backend-staging/node_modules/@types/node/package.json' exists according to earlier cached lookups.
Module 'stream/promises' was resolved as locally declared ambient module in file 'd:/DOPAMS/Toystack/dopams-backend-staging/node_modules/@types/node/stream/promises.d.ts'.
======== Resolving module 'node:stream' from 'd:/DOPAMS/Toystack/dopams-backend-staging/node_modules/@types/node/stream/promises.d.ts'. ========
Explicitly specified module resolution kind: 'Node10'.
'baseUrl' option is set to 'd:/DOPAMS/Toystack/dopams-backend-staging/src', using this value to resolve non-relative module name 'node:stream'.
'paths' option is specified, looking for a pattern to match module name 'node:stream'.
'baseUrl' option is set to 'd:/DOPAMS/Toystack/dopams-backend-staging/src', using this value to resolve non-relative module name 'node:stream'.
Resolving module name 'node:stream' relative to base url 'd:/DOPAMS/Toystack/dopams-backend-staging/src' - 'd:/DOPAMS/Toystack/dopams-backend-staging/src/node:stream'.
Loading module as file / folder, candidate module location 'd:/DOPAMS/Toystack/dopams-backend-staging/src/node:stream', target file types: TypeScript, Declaration.
File 'd:/DOPAMS/Toystack/dopams-backend-staging/src/node:stream.ts' does not exist.
File 'd:/DOPAMS/Toystack/dopams-backend-staging/src/node:stream.tsx' does not exist.
File 'd:/DOPAMS/Toystack/dopams-backend-staging/src/node:stream.d.ts' does not exist.
Directory 'd:/DOPAMS/Toystack/dopams-backend-staging/src/node:stream' does not exist, skipping all lookups in it.
Skipping module 'node:stream' that looks like an absolute URI, target file types: TypeScript, Declaration.
'baseUrl' option is set to 'd:/DOPAMS/Toystack/dopams-backend-staging/src', using this value to resolve non-relative module name 'node:stream'.
'paths' option is specified, looking for a pattern to match module name 'node:stream'.
'baseUrl' option is set to 'd:/DOPAMS/Toystack/dopams-backend-staging/src', using this value to resolve non-relative module name 'node:stream'.
Resolving module name 'node:stream' relative to base url 'd:/DOPAMS/Toystack/dopams-backend-staging/src' - 'd:/DOPAMS/Toystack/dopams-backend-staging/src/node:stream'.
Loading module as file / folder, candidate module location 'd:/DOPAMS/Toystack/dopams-backend-staging/src/node:stream', target file types: JavaScript, JSON.
File 'd:/DOPAMS/Toystack/dopams-backend-staging/src/node:stream.js' does not exist.
File 'd:/DOPAMS/Toystack/dopams-backend-staging/src/node:stream.jsx' does not exist.
Directory 'd:/DOPAMS/Toystack/dopams-backend-staging/src/node:stream' does not exist, skipping all lookups in it.
Skipping module 'node:stream' that looks like an absolute URI, target file types: JavaScript, JSON.
======== Module name 'node:stream' was not resolved. ========
File 'd:/DOPAMS/Toystack/dopams-backend-staging/node_modules/@types/node/stream/package.json' does not exist according to earlier cached lookups.
File 'd:/DOPAMS/Toystack/dopams-backend-staging/node_modules/@types/node/package.json' exists according to earlier cached lookups.
Module 'stream/consumers' was resolved as locally declared ambient module in file 'd:/DOPAMS/Toystack/dopams-backend-staging/node_modules/@types/node/stream/consumers.d.ts'.
======== Resolving module 'node:buffer' from 'd:/DOPAMS/Toystack/dopams-backend-staging/node_modules/@types/node/stream/consumers.d.ts'. ========
Explicitly specified module resolution kind: 'Node10'.
'baseUrl' option is set to 'd:/DOPAMS/Toystack/dopams-backend-staging/src', using this value to resolve non-relative module name 'node:buffer'.
'paths' option is specified, looking for a pattern to match module name 'node:buffer'.
'baseUrl' option is set to 'd:/DOPAMS/Toystack/dopams-backend-staging/src', using this value to resolve non-relative module name 'node:buffer'.
Resolving module name 'node:buffer' relative to base url 'd:/DOPAMS/Toystack/dopams-backend-staging/src' - 'd:/DOPAMS/Toystack/dopams-backend-staging/src/node:buffer'.
Loading module as file / folder, candidate module location 'd:/DOPAMS/Toystack/dopams-backend-staging/src/node:buffer', target file types: TypeScript, Declaration.
File 'd:/DOPAMS/Toystack/dopams-backend-staging/src/node:buffer.ts' does not exist.
File 'd:/DOPAMS/Toystack/dopams-backend-staging/src/node:buffer.tsx' does not exist.
File 'd:/DOPAMS/Toystack/dopams-backend-staging/src/node:buffer.d.ts' does not exist.
Directory 'd:/DOPAMS/Toystack/dopams-backend-staging/src/node:buffer' does not exist, skipping all lookups in it.
Skipping module 'node:buffer' that looks like an absolute URI, target file types: TypeScript, Declaration.
'baseUrl' option is set to 'd:/DOPAMS/Toystack/dopams-backend-staging/src', using this value to resolve non-relative module name 'node:buffer'.
'paths' option is specified, looking for a pattern to match module name 'node:buffer'.
'baseUrl' option is set to 'd:/DOPAMS/Toystack/dopams-backend-staging/src', using this value to resolve non-relative module name 'node:buffer'.
Resolving module name 'node:buffer' relative to base url 'd:/DOPAMS/Toystack/dopams-backend-staging/src' - 'd:/DOPAMS/Toystack/dopams-backend-staging/src/node:buffer'.
Loading module as file / folder, candidate module location 'd:/DOPAMS/Toystack/dopams-backend-staging/src/node:buffer', target file types: JavaScript, JSON.
File 'd:/DOPAMS/Toystack/dopams-backend-staging/src/node:buffer.js' does not exist.
File 'd:/DOPAMS/Toystack/dopams-backend-staging/src/node:buffer.jsx' does not exist.
Directory 'd:/DOPAMS/Toystack/dopams-backend-staging/src/node:buffer' does not exist, skipping all lookups in it.
Skipping module 'node:buffer' that looks like an absolute URI, target file types: JavaScript, JSON.
======== Module name 'node:buffer' was not resolved. ========
======== Resolving module 'node:stream/web' from 'd:/DOPAMS/Toystack/dopams-backend-staging/node_modules/@types/node/stream/consumers.d.ts'. ========
Explicitly specified module resolution kind: 'Node10'.
'baseUrl' option is set to 'd:/DOPAMS/Toystack/dopams-backend-staging/src', using this value to resolve non-relative module name 'node:stream/web'.
'paths' option is specified, looking for a pattern to match module name 'node:stream/web'.
'baseUrl' option is set to 'd:/DOPAMS/Toystack/dopams-backend-staging/src', using this value to resolve non-relative module name 'node:stream/web'.
Resolving module name 'node:stream/web' relative to base url 'd:/DOPAMS/Toystack/dopams-backend-staging/src' - 'd:/DOPAMS/Toystack/dopams-backend-staging/src/node:stream/web'.
Loading module as file / folder, candidate module location 'd:/DOPAMS/Toystack/dopams-backend-staging/src/node:stream/web', target file types: TypeScript, Declaration.
Skipping module 'node:stream/web' that looks like an absolute URI, target file types: TypeScript, Declaration.
'baseUrl' option is set to 'd:/DOPAMS/Toystack/dopams-backend-staging/src', using this value to resolve non-relative module name 'node:stream/web'.
'paths' option is specified, looking for a pattern to match module name 'node:stream/web'.
'baseUrl' option is set to 'd:/DOPAMS/Toystack/dopams-backend-staging/src', using this value to resolve non-relative module name 'node:stream/web'.
Resolving module name 'node:stream/web' relative to base url 'd:/DOPAMS/Toystack/dopams-backend-staging/src' - 'd:/DOPAMS/Toystack/dopams-backend-staging/src/node:stream/web'.
Loading module as file / folder, candidate module location 'd:/DOPAMS/Toystack/dopams-backend-staging/src/node:stream/web', target file types: JavaScript, JSON.
Skipping module 'node:stream/web' that looks like an absolute URI, target file types: JavaScript, JSON.
======== Module name 'node:stream/web' was not resolved. ========
File 'd:/DOPAMS/Toystack/dopams-backend-staging/node_modules/@types/node/stream/package.json' does not exist according to earlier cached lookups.
File 'd:/DOPAMS/Toystack/dopams-backend-staging/node_modules/@types/node/package.json' exists according to earlier cached lookups.
Module 'stream/web' was resolved as locally declared ambient module in file 'd:/DOPAMS/Toystack/dopams-backend-staging/node_modules/@types/node/stream/web.d.ts'.
Module 'stream/web' was resolved as locally declared ambient module in file 'd:/DOPAMS/Toystack/dopams-backend-staging/node_modules/@types/node/stream/web.d.ts'.
Module 'stream/web' was resolved as locally declared ambient module in file 'd:/DOPAMS/Toystack/dopams-backend-staging/node_modules/@types/node/stream/web.d.ts'.
Module 'stream/web' was resolved as locally declared ambient module in file 'd:/DOPAMS/Toystack/dopams-backend-staging/node_modules/@types/node/stream/web.d.ts'.
Module 'stream/web' was resolved as locally declared ambient module in file 'd:/DOPAMS/Toystack/dopams-backend-staging/node_modules/@types/node/stream/web.d.ts'.
Module 'stream/web' was resolved as locally declared ambient module in file 'd:/DOPAMS/Toystack/dopams-backend-staging/node_modules/@types/node/stream/web.d.ts'.
Module 'stream/web' was resolved as locally declared ambient module in file 'd:/DOPAMS/Toystack/dopams-backend-staging/node_modules/@types/node/stream/web.d.ts'.
Module 'stream/web' was resolved as locally declared ambient module in file 'd:/DOPAMS/Toystack/dopams-backend-staging/node_modules/@types/node/stream/web.d.ts'.
Module 'stream/web' was resolved as locally declared ambient module in file 'd:/DOPAMS/Toystack/dopams-backend-staging/node_modules/@types/node/stream/web.d.ts'.
Module 'stream/web' was resolved as locally declared ambient module in file 'd:/DOPAMS/Toystack/dopams-backend-staging/node_modules/@types/node/stream/web.d.ts'.
Module 'stream/web' was resolved as locally declared ambient module in file 'd:/DOPAMS/Toystack/dopams-backend-staging/node_modules/@types/node/stream/web.d.ts'.
Module 'stream/web' was resolved as locally declared ambient module in file 'd:/DOPAMS/Toystack/dopams-backend-staging/node_modules/@types/node/stream/web.d.ts'.
Module 'stream/web' was resolved as locally declared ambient module in file 'd:/DOPAMS/Toystack/dopams-backend-staging/node_modules/@types/node/stream/web.d.ts'.
Module 'stream/web' was resolved as locally declared ambient module in file 'd:/DOPAMS/Toystack/dopams-backend-staging/node_modules/@types/node/stream/web.d.ts'.
Module 'stream/web' was resolved as locally declared ambient module in file 'd:/DOPAMS/Toystack/dopams-backend-staging/node_modules/@types/node/stream/web.d.ts'.
Module 'stream/web' was resolved as locally declared ambient module in file 'd:/DOPAMS/Toystack/dopams-backend-staging/node_modules/@types/node/stream/web.d.ts'.
Module 'stream/web' was resolved as locally declared ambient module in file 'd:/DOPAMS/Toystack/dopams-backend-staging/node_modules/@types/node/stream/web.d.ts'.
Module 'stream/web' was resolved as locally declared ambient module in file 'd:/DOPAMS/Toystack/dopams-backend-staging/node_modules/@types/node/stream/web.d.ts'.
Module 'stream/web' was resolved as locally declared ambient module in file 'd:/DOPAMS/Toystack/dopams-backend-staging/node_modules/@types/node/stream/web.d.ts'.
Module 'stream/web' was resolved as locally declared ambient module in file 'd:/DOPAMS/Toystack/dopams-backend-staging/node_modules/@types/node/stream/web.d.ts'.
Module 'stream/web' was resolved as locally declared ambient module in file 'd:/DOPAMS/Toystack/dopams-backend-staging/node_modules/@types/node/stream/web.d.ts'.
Module 'stream/web' was resolved as locally declared ambient module in file 'd:/DOPAMS/Toystack/dopams-backend-staging/node_modules/@types/node/stream/web.d.ts'.
Module 'stream/web' was resolved as locally declared ambient module in file 'd:/DOPAMS/Toystack/dopams-backend-staging/node_modules/@types/node/stream/web.d.ts'.
Module 'stream/web' was resolved as locally declared ambient module in file 'd:/DOPAMS/Toystack/dopams-backend-staging/node_modules/@types/node/stream/web.d.ts'.
Module 'stream/web' was resolved as locally declared ambient module in file 'd:/DOPAMS/Toystack/dopams-backend-staging/node_modules/@types/node/stream/web.d.ts'.
Module 'stream/web' was resolved as locally declared ambient module in file 'd:/DOPAMS/Toystack/dopams-backend-staging/node_modules/@types/node/stream/web.d.ts'.
Module 'stream/web' was resolved as locally declared ambient module in file 'd:/DOPAMS/Toystack/dopams-backend-staging/node_modules/@types/node/stream/web.d.ts'.
Module 'stream/web' was resolved as locally declared ambient module in file 'd:/DOPAMS/Toystack/dopams-backend-staging/node_modules/@types/node/stream/web.d.ts'.
Module 'stream/web' was resolved as locally declared ambient module in file 'd:/DOPAMS/Toystack/dopams-backend-staging/node_modules/@types/node/stream/web.d.ts'.
Module 'stream/web' was resolved as locally declared ambient module in file 'd:/DOPAMS/Toystack/dopams-backend-staging/node_modules/@types/node/stream/web.d.ts'.
Module 'stream/web' was resolved as locally declared ambient module in file 'd:/DOPAMS/Toystack/dopams-backend-staging/node_modules/@types/node/stream/web.d.ts'.
Module 'stream/web' was resolved as locally declared ambient module in file 'd:/DOPAMS/Toystack/dopams-backend-staging/node_modules/@types/node/stream/web.d.ts'.
Module 'stream/web' was resolved as locally declared ambient module in file 'd:/DOPAMS/Toystack/dopams-backend-staging/node_modules/@types/node/stream/web.d.ts'.
Module 'stream/web' was resolved as locally declared ambient module in file 'd:/DOPAMS/Toystack/dopams-backend-staging/node_modules/@types/node/stream/web.d.ts'.
Module 'stream/web' was resolved as locally declared ambient module in file 'd:/DOPAMS/Toystack/dopams-backend-staging/node_modules/@types/node/stream/web.d.ts'.
Module 'stream/web' was resolved as locally declared ambient module in file 'd:/DOPAMS/Toystack/dopams-backend-staging/node_modules/@types/node/stream/web.d.ts'.
File 'd:/DOPAMS/Toystack/dopams-backend-staging/node_modules/@types/node/package.json' exists according to earlier cached lookups.
Module 'string_decoder' was resolved as locally declared ambient module in file 'd:/DOPAMS/Toystack/dopams-backend-staging/node_modules/@types/node/string_decoder.d.ts'.
File 'd:/DOPAMS/Toystack/dopams-backend-staging/node_modules/@types/node/package.json' exists according to earlier cached lookups.
Module 'node:test' was resolved as locally declared ambient module in file 'd:/DOPAMS/Toystack/dopams-backend-staging/node_modules/@types/node/test.d.ts'.
======== Resolving module 'node:assert' from 'd:/DOPAMS/Toystack/dopams-backend-staging/node_modules/@types/node/test.d.ts'. ========
Resolution for module 'node:assert' was found in cache from location 'd:/DOPAMS/Toystack/dopams-backend-staging/node_modules/@types/node'.
======== Module name 'node:assert' was not resolved. ========
======== Resolving module 'node:stream' from 'd:/DOPAMS/Toystack/dopams-backend-staging/node_modules/@types/node/test.d.ts'. ========
Resolution for module 'node:stream' was found in cache from location 'd:/DOPAMS/Toystack/dopams-backend-staging/node_modules/@types/node'.
======== Module name 'node:stream' was not resolved. ========
======== Resolving module 'assert' from 'd:/DOPAMS/Toystack/dopams-backend-staging/node_modules/@types/node/test.d.ts'. ========
Resolution for module 'assert' was found in cache from location 'd:/DOPAMS/Toystack/dopams-backend-staging/node_modules/@types/node'.
======== Module name 'assert' was not resolved. ========
File 'd:/DOPAMS/Toystack/dopams-backend-staging/node_modules/@types/node/package.json' exists according to earlier cached lookups.
Module 'timers' was resolved as locally declared ambient module in file 'd:/DOPAMS/Toystack/dopams-backend-staging/node_modules/@types/node/timers.d.ts'.
======== Resolving module 'node:events' from 'd:/DOPAMS/Toystack/dopams-backend-staging/node_modules/@types/node/timers.d.ts'. ========
Resolution for module 'node:events' was found in cache from location 'd:/DOPAMS/Toystack/dopams-backend-staging/node_modules/@types/node'.
======== Module name 'node:events' was not resolved. ========
======== Resolving module 'node:timers/promises' from 'd:/DOPAMS/Toystack/dopams-backend-staging/node_modules/@types/node/timers.d.ts'. ========
Resolution for module 'node:timers/promises' was found in cache from location 'd:/DOPAMS/Toystack/dopams-backend-staging/node_modules/@types/node'.
======== Module name 'node:timers/promises' was not resolved. ========
File 'd:/DOPAMS/Toystack/dopams-backend-staging/node_modules/@types/node/timers/package.json' does not exist.
File 'd:/DOPAMS/Toystack/dopams-backend-staging/node_modules/@types/node/package.json' exists according to earlier cached lookups.
Module 'timers/promises' was resolved as locally declared ambient module in file 'd:/DOPAMS/Toystack/dopams-backend-staging/node_modules/@types/node/timers/promises.d.ts'.
======== Resolving module 'node:timers' from 'd:/DOPAMS/Toystack/dopams-backend-staging/node_modules/@types/node/timers/promises.d.ts'. ========
Explicitly specified module resolution kind: 'Node10'.
'baseUrl' option is set to 'd:/DOPAMS/Toystack/dopams-backend-staging/src', using this value to resolve non-relative module name 'node:timers'.
'paths' option is specified, looking for a pattern to match module name 'node:timers'.
'baseUrl' option is set to 'd:/DOPAMS/Toystack/dopams-backend-staging/src', using this value to resolve non-relative module name 'node:timers'.
Resolving module name 'node:timers' relative to base url 'd:/DOPAMS/Toystack/dopams-backend-staging/src' - 'd:/DOPAMS/Toystack/dopams-backend-staging/src/node:timers'.
Loading module as file / folder, candidate module location 'd:/DOPAMS/Toystack/dopams-backend-staging/src/node:timers', target file types: TypeScript, Declaration.
File 'd:/DOPAMS/Toystack/dopams-backend-staging/src/node:timers.ts' does not exist.
File 'd:/DOPAMS/Toystack/dopams-backend-staging/src/node:timers.tsx' does not exist.
File 'd:/DOPAMS/Toystack/dopams-backend-staging/src/node:timers.d.ts' does not exist.
Directory 'd:/DOPAMS/Toystack/dopams-backend-staging/src/node:timers' does not exist, skipping all lookups in it.
Skipping module 'node:timers' that looks like an absolute URI, target file types: TypeScript, Declaration.
'baseUrl' option is set to 'd:/DOPAMS/Toystack/dopams-backend-staging/src', using this value to resolve non-relative module name 'node:timers'.
'paths' option is specified, looking for a pattern to match module name 'node:timers'.
'baseUrl' option is set to 'd:/DOPAMS/Toystack/dopams-backend-staging/src', using this value to resolve non-relative module name 'node:timers'.
Resolving module name 'node:timers' relative to base url 'd:/DOPAMS/Toystack/dopams-backend-staging/src' - 'd:/DOPAMS/Toystack/dopams-backend-staging/src/node:timers'.
Loading module as file / folder, candidate module location 'd:/DOPAMS/Toystack/dopams-backend-staging/src/node:timers', target file types: JavaScript, JSON.
File 'd:/DOPAMS/Toystack/dopams-backend-staging/src/node:timers.js' does not exist.
File 'd:/DOPAMS/Toystack/dopams-backend-staging/src/node:timers.jsx' does not exist.
Directory 'd:/DOPAMS/Toystack/dopams-backend-staging/src/node:timers' does not exist, skipping all lookups in it.
Skipping module 'node:timers' that looks like an absolute URI, target file types: JavaScript, JSON.
======== Module name 'node:timers' was not resolved. ========
File 'd:/DOPAMS/Toystack/dopams-backend-staging/node_modules/@types/node/package.json' exists according to earlier cached lookups.
Module 'tls' was resolved as locally declared ambient module in file 'd:/DOPAMS/Toystack/dopams-backend-staging/node_modules/@types/node/tls.d.ts'.
======== Resolving module 'node:buffer' from 'd:/DOPAMS/Toystack/dopams-backend-staging/node_modules/@types/node/tls.d.ts'. ========
Resolution for module 'node:buffer' was found in cache from location 'd:/DOPAMS/Toystack/dopams-backend-staging/node_modules/@types/node'.
======== Module name 'node:buffer' was not resolved. ========
======== Resolving module 'node:crypto' from 'd:/DOPAMS/Toystack/dopams-backend-staging/node_modules/@types/node/tls.d.ts'. ========
Resolution for module 'node:crypto' was found in cache from location 'd:/DOPAMS/Toystack/dopams-backend-staging/node_modules/@types/node'.
======== Module name 'node:crypto' was not resolved. ========
======== Resolving module 'node:net' from 'd:/DOPAMS/Toystack/dopams-backend-staging/node_modules/@types/node/tls.d.ts'. ========
Resolution for module 'node:net' was found in cache from location 'd:/DOPAMS/Toystack/dopams-backend-staging/node_modules/@types/node'.
======== Module name 'node:net' was not resolved. ========
======== Resolving module 'stream' from 'd:/DOPAMS/Toystack/dopams-backend-staging/node_modules/@types/node/tls.d.ts'. ========
Resolution for module 'stream' was found in cache from location 'd:/DOPAMS/Toystack/dopams-backend-staging/node_modules/@types/node'.
======== Module name 'stream' was not resolved. ========
File 'd:/DOPAMS/Toystack/dopams-backend-staging/node_modules/@types/node/package.json' exists according to earlier cached lookups.
Module 'trace_events' was resolved as locally declared ambient module in file 'd:/DOPAMS/Toystack/dopams-backend-staging/node_modules/@types/node/trace_events.d.ts'.
File 'd:/DOPAMS/Toystack/dopams-backend-staging/node_modules/@types/node/package.json' exists according to earlier cached lookups.
Module 'tty' was resolved as locally declared ambient module in file 'd:/DOPAMS/Toystack/dopams-backend-staging/node_modules/@types/node/tty.d.ts'.
======== Resolving module 'node:net' from 'd:/DOPAMS/Toystack/dopams-backend-staging/node_modules/@types/node/tty.d.ts'. ========
Resolution for module 'node:net' was found in cache from location 'd:/DOPAMS/Toystack/dopams-backend-staging/node_modules/@types/node'.
======== Module name 'node:net' was not resolved. ========
File 'd:/DOPAMS/Toystack/dopams-backend-staging/node_modules/@types/node/package.json' exists according to earlier cached lookups.
Module 'url' was resolved as locally declared ambient module in file 'd:/DOPAMS/Toystack/dopams-backend-staging/node_modules/@types/node/url.d.ts'.
Module 'url' was resolved as locally declared ambient module in file 'd:/DOPAMS/Toystack/dopams-backend-staging/node_modules/@types/node/url.d.ts'.
======== Resolving module 'node:buffer' from 'd:/DOPAMS/Toystack/dopams-backend-staging/node_modules/@types/node/url.d.ts'. ========
Resolution for module 'node:buffer' was found in cache from location 'd:/DOPAMS/Toystack/dopams-backend-staging/node_modules/@types/node'.
======== Module name 'node:buffer' was not resolved. ========
======== Resolving module 'node:http' from 'd:/DOPAMS/Toystack/dopams-backend-staging/node_modules/@types/node/url.d.ts'. ========
Resolution for module 'node:http' was found in cache from location 'd:/DOPAMS/Toystack/dopams-backend-staging/node_modules/@types/node'.
======== Module name 'node:http' was not resolved. ========
======== Resolving module 'node:querystring' from 'd:/DOPAMS/Toystack/dopams-backend-staging/node_modules/@types/node/url.d.ts'. ========
Resolution for module 'node:querystring' was found in cache from location 'd:/DOPAMS/Toystack/dopams-backend-staging/node_modules/@types/node'.
======== Module name 'node:querystring' was not resolved. ========
File 'd:/DOPAMS/Toystack/dopams-backend-staging/node_modules/@types/node/package.json' exists according to earlier cached lookups.
Module 'node:util/types' was resolved as locally declared ambient module in file 'd:/DOPAMS/Toystack/dopams-backend-staging/node_modules/@types/node/util.d.ts'.
Module 'util' was resolved as locally declared ambient module in file 'd:/DOPAMS/Toystack/dopams-backend-staging/node_modules/@types/node/util.d.ts'.
Module 'util' was resolved as locally declared ambient module in file 'd:/DOPAMS/Toystack/dopams-backend-staging/node_modules/@types/node/util.d.ts'.
Module 'util/types' was resolved as locally declared ambient module in file 'd:/DOPAMS/Toystack/dopams-backend-staging/node_modules/@types/node/util.d.ts'.
======== Resolving module 'node:crypto' from 'd:/DOPAMS/Toystack/dopams-backend-staging/node_modules/@types/node/util.d.ts'. ========
Resolution for module 'node:crypto' was found in cache from location 'd:/DOPAMS/Toystack/dopams-backend-staging/node_modules/@types/node'.
======== Module name 'node:crypto' was not resolved. ========
File 'd:/DOPAMS/Toystack/dopams-backend-staging/node_modules/@types/node/package.json' exists according to earlier cached lookups.
Module 'v8' was resolved as locally declared ambient module in file 'd:/DOPAMS/Toystack/dopams-backend-staging/node_modules/@types/node/v8.d.ts'.
======== Resolving module 'node:buffer' from 'd:/DOPAMS/Toystack/dopams-backend-staging/node_modules/@types/node/v8.d.ts'. ========
Resolution for module 'node:buffer' was found in cache from location 'd:/DOPAMS/Toystack/dopams-backend-staging/node_modules/@types/node'.
======== Module name 'node:buffer' was not resolved. ========
======== Resolving module 'node:stream' from 'd:/DOPAMS/Toystack/dopams-backend-staging/node_modules/@types/node/v8.d.ts'. ========
Resolution for module 'node:stream' was found in cache from location 'd:/DOPAMS/Toystack/dopams-backend-staging/node_modules/@types/node'.
======== Module name 'node:stream' was not resolved. ========
File 'd:/DOPAMS/Toystack/dopams-backend-staging/node_modules/@types/node/package.json' exists according to earlier cached lookups.
Module 'vm' was resolved as locally declared ambient module in file 'd:/DOPAMS/Toystack/dopams-backend-staging/node_modules/@types/node/vm.d.ts'.
======== Resolving module 'node:buffer' from 'd:/DOPAMS/Toystack/dopams-backend-staging/node_modules/@types/node/vm.d.ts'. ========
Resolution for module 'node:buffer' was found in cache from location 'd:/DOPAMS/Toystack/dopams-backend-staging/node_modules/@types/node'.
======== Module name 'node:buffer' was not resolved. ========
======== Resolving module 'node:module' from 'd:/DOPAMS/Toystack/dopams-backend-staging/node_modules/@types/node/vm.d.ts'. ========
Resolution for module 'node:module' was found in cache from location 'd:/DOPAMS/Toystack/dopams-backend-staging/node_modules/@types/node'.
======== Module name 'node:module' was not resolved. ========
File 'd:/DOPAMS/Toystack/dopams-backend-staging/node_modules/@types/node/package.json' exists according to earlier cached lookups.
Module 'wasi' was resolved as locally declared ambient module in file 'd:/DOPAMS/Toystack/dopams-backend-staging/node_modules/@types/node/wasi.d.ts'.
File 'd:/DOPAMS/Toystack/dopams-backend-staging/node_modules/@types/node/package.json' exists according to earlier cached lookups.
Module 'worker_threads' was resolved as locally declared ambient module in file 'd:/DOPAMS/Toystack/dopams-backend-staging/node_modules/@types/node/worker_threads.d.ts'.
Module 'worker_threads' was resolved as locally declared ambient module in file 'd:/DOPAMS/Toystack/dopams-backend-staging/node_modules/@types/node/worker_threads.d.ts'.
======== Resolving module 'node:vm' from 'd:/DOPAMS/Toystack/dopams-backend-staging/node_modules/@types/node/worker_threads.d.ts'. ========
Resolution for module 'node:vm' was found in cache from location 'd:/DOPAMS/Toystack/dopams-backend-staging/node_modules/@types/node'.
======== Module name 'node:vm' was not resolved. ========
======== Resolving module 'node:events' from 'd:/DOPAMS/Toystack/dopams-backend-staging/node_modules/@types/node/worker_threads.d.ts'. ========
Resolution for module 'node:events' was found in cache from location 'd:/DOPAMS/Toystack/dopams-backend-staging/node_modules/@types/node'.
======== Module name 'node:events' was not resolved. ========
======== Resolving module 'node:perf_hooks' from 'd:/DOPAMS/Toystack/dopams-backend-staging/node_modules/@types/node/worker_threads.d.ts'. ========
Resolution for module 'node:perf_hooks' was found in cache from location 'd:/DOPAMS/Toystack/dopams-backend-staging/node_modules/@types/node'.
======== Module name 'node:perf_hooks' was not resolved. ========
======== Resolving module 'node:fs/promises' from 'd:/DOPAMS/Toystack/dopams-backend-staging/node_modules/@types/node/worker_threads.d.ts'. ========
Resolution for module 'node:fs/promises' was found in cache from location 'd:/DOPAMS/Toystack/dopams-backend-staging/node_modules/@types/node'.
======== Module name 'node:fs/promises' was not resolved. ========
======== Resolving module 'node:stream' from 'd:/DOPAMS/Toystack/dopams-backend-staging/node_modules/@types/node/worker_threads.d.ts'. ========
Resolution for module 'node:stream' was found in cache from location 'd:/DOPAMS/Toystack/dopams-backend-staging/node_modules/@types/node'.
======== Module name 'node:stream' was not resolved. ========
======== Resolving module 'node:stream/web' from 'd:/DOPAMS/Toystack/dopams-backend-staging/node_modules/@types/node/worker_threads.d.ts'. ========
Resolution for module 'node:stream/web' was found in cache from location 'd:/DOPAMS/Toystack/dopams-backend-staging/node_modules/@types/node'.
======== Module name 'node:stream/web' was not resolved. ========
======== Resolving module 'node:url' from 'd:/DOPAMS/Toystack/dopams-backend-staging/node_modules/@types/node/worker_threads.d.ts'. ========
Resolution for module 'node:url' was found in cache from location 'd:/DOPAMS/Toystack/dopams-backend-staging/node_modules/@types/node'.
======== Module name 'node:url' was not resolved. ========
======== Resolving module 'node:v8' from 'd:/DOPAMS/Toystack/dopams-backend-staging/node_modules/@types/node/worker_threads.d.ts'. ========
Resolution for module 'node:v8' was found in cache from location 'd:/DOPAMS/Toystack/dopams-backend-staging/node_modules/@types/node'.
======== Module name 'node:v8' was not resolved. ========
======== Resolving module 'undici-types' from 'd:/DOPAMS/Toystack/dopams-backend-staging/node_modules/@types/node/worker_threads.d.ts'. ========
Resolution for module 'undici-types' was found in cache from location 'd:/DOPAMS/Toystack/dopams-backend-staging/node_modules/@types/node'.
======== Module name 'undici-types' was successfully resolved to 'd:/DOPAMS/Toystack/dopams-backend-staging/node_modules/undici-types/index.d.ts' with Package ID 'undici-types/index.d.ts@6.21.0'. ========
File 'd:/DOPAMS/Toystack/dopams-backend-staging/node_modules/@types/node/package.json' exists according to earlier cached lookups.
Module 'zlib' was resolved as locally declared ambient module in file 'd:/DOPAMS/Toystack/dopams-backend-staging/node_modules/@types/node/zlib.d.ts'.
======== Resolving module 'node:buffer' from 'd:/DOPAMS/Toystack/dopams-backend-staging/node_modules/@types/node/zlib.d.ts'. ========
Resolution for module 'node:buffer' was found in cache from location 'd:/DOPAMS/Toystack/dopams-backend-staging/node_modules/@types/node'.
======== Module name 'node:buffer' was not resolved. ========
======== Resolving module 'node:stream' from 'd:/DOPAMS/Toystack/dopams-backend-staging/node_modules/@types/node/zlib.d.ts'. ========
Resolution for module 'node:stream' was found in cache from location 'd:/DOPAMS/Toystack/dopams-backend-staging/node_modules/@types/node'.
======== Module name 'node:stream' was not resolved. ========
======== Resolving module '@typescript/lib-es2020' from 'd:/DOPAMS/Toystack/dopams-backend-staging/__lib_node_modules_lookup_lib.es2020.d.ts__.ts'. ========
Explicitly specified module resolution kind: 'Node10'.
Loading module '@typescript/lib-es2020' from 'node_modules' folder, target file types: TypeScript, Declaration.
Searching all ancestor node_modules directories for preferred extensions: TypeScript, Declaration.
Scoped package detected, looking in 'typescript__lib-es2020'
File 'd:/DOPAMS/Toystack/dopams-backend-staging/node_modules/@types/typescript__lib-es2020.d.ts' does not exist.
Directory 'd:/DOPAMS/Toystack/node_modules' does not exist, skipping all lookups in it.
Scoped package detected, looking in 'typescript__lib-es2020'
Directory 'd:/DOPAMS/node_modules' does not exist, skipping all lookups in it.
Scoped package detected, looking in 'typescript__lib-es2020'
Directory 'd:/node_modules' does not exist, skipping all lookups in it.
Scoped package detected, looking in 'typescript__lib-es2020'
Loading module '@typescript/lib-es2020' from 'node_modules' folder, target file types: JavaScript.
Searching all ancestor node_modules directories for fallback extensions: JavaScript.
Directory 'd:/DOPAMS/Toystack/node_modules' does not exist, skipping all lookups in it.
Directory 'd:/DOPAMS/node_modules' does not exist, skipping all lookups in it.
Directory 'd:/node_modules' does not exist, skipping all lookups in it.
======== Module name '@typescript/lib-es2020' was not resolved. ========
File 'd:/DOPAMS/Toystack/dopams-backend-staging/node_modules/typescript/lib/package.json' does not exist.
Found 'package.json' at 'd:/DOPAMS/Toystack/dopams-backend-staging/node_modules/typescript/package.json'.
======== Resolving module '@typescript/lib-es2019' from 'd:/DOPAMS/Toystack/dopams-backend-staging/__lib_node_modules_lookup_lib.es2019.d.ts__.ts'. ========
Explicitly specified module resolution kind: 'Node10'.
Loading module '@typescript/lib-es2019' from 'node_modules' folder, target file types: TypeScript, Declaration.
Searching all ancestor node_modules directories for preferred extensions: TypeScript, Declaration.
Scoped package detected, looking in 'typescript__lib-es2019'
File 'd:/DOPAMS/Toystack/dopams-backend-staging/node_modules/@types/typescript__lib-es2019.d.ts' does not exist.
Directory 'd:/DOPAMS/Toystack/node_modules' does not exist, skipping all lookups in it.
Scoped package detected, looking in 'typescript__lib-es2019'
Directory 'd:/DOPAMS/node_modules' does not exist, skipping all lookups in it.
Scoped package detected, looking in 'typescript__lib-es2019'
Directory 'd:/node_modules' does not exist, skipping all lookups in it.
Scoped package detected, looking in 'typescript__lib-es2019'
Loading module '@typescript/lib-es2019' from 'node_modules' folder, target file types: JavaScript.
Searching all ancestor node_modules directories for fallback extensions: JavaScript.
Directory 'd:/DOPAMS/Toystack/node_modules' does not exist, skipping all lookups in it.
Directory 'd:/DOPAMS/node_modules' does not exist, skipping all lookups in it.
Directory 'd:/node_modules' does not exist, skipping all lookups in it.
======== Module name '@typescript/lib-es2019' was not resolved. ========
File 'd:/DOPAMS/Toystack/dopams-backend-staging/node_modules/typescript/lib/package.json' does not exist according to earlier cached lookups.
File 'd:/DOPAMS/Toystack/dopams-backend-staging/node_modules/typescript/package.json' exists according to earlier cached lookups.
======== Resolving module '@typescript/lib-es2018' from 'd:/DOPAMS/Toystack/dopams-backend-staging/__lib_node_modules_lookup_lib.es2018.d.ts__.ts'. ========
Explicitly specified module resolution kind: 'Node10'.
Loading module '@typescript/lib-es2018' from 'node_modules' folder, target file types: TypeScript, Declaration.
Searching all ancestor node_modules directories for preferred extensions: TypeScript, Declaration.
Scoped package detected, looking in 'typescript__lib-es2018'
File 'd:/DOPAMS/Toystack/dopams-backend-staging/node_modules/@types/typescript__lib-es2018.d.ts' does not exist.
Directory 'd:/DOPAMS/Toystack/node_modules' does not exist, skipping all lookups in it.
Scoped package detected, looking in 'typescript__lib-es2018'
Directory 'd:/DOPAMS/node_modules' does not exist, skipping all lookups in it.
Scoped package detected, looking in 'typescript__lib-es2018'
Directory 'd:/node_modules' does not exist, skipping all lookups in it.
Scoped package detected, looking in 'typescript__lib-es2018'
Loading module '@typescript/lib-es2018' from 'node_modules' folder, target file types: JavaScript.
Searching all ancestor node_modules directories for fallback extensions: JavaScript.
Directory 'd:/DOPAMS/Toystack/node_modules' does not exist, skipping all lookups in it.
Directory 'd:/DOPAMS/node_modules' does not exist, skipping all lookups in it.
Directory 'd:/node_modules' does not exist, skipping all lookups in it.
======== Module name '@typescript/lib-es2018' was not resolved. ========
File 'd:/DOPAMS/Toystack/dopams-backend-staging/node_modules/typescript/lib/package.json' does not exist according to earlier cached lookups.
File 'd:/DOPAMS/Toystack/dopams-backend-staging/node_modules/typescript/package.json' exists according to earlier cached lookups.
======== Resolving module '@typescript/lib-es2017' from 'd:/DOPAMS/Toystack/dopams-backend-staging/__lib_node_modules_lookup_lib.es2017.d.ts__.ts'. ========
Explicitly specified module resolution kind: 'Node10'.
Loading module '@typescript/lib-es2017' from 'node_modules' folder, target file types: TypeScript, Declaration.
Searching all ancestor node_modules directories for preferred extensions: TypeScript, Declaration.
Scoped package detected, looking in 'typescript__lib-es2017'
File 'd:/DOPAMS/Toystack/dopams-backend-staging/node_modules/@types/typescript__lib-es2017.d.ts' does not exist.
Directory 'd:/DOPAMS/Toystack/node_modules' does not exist, skipping all lookups in it.
Scoped package detected, looking in 'typescript__lib-es2017'
Directory 'd:/DOPAMS/node_modules' does not exist, skipping all lookups in it.
Scoped package detected, looking in 'typescript__lib-es2017'
Directory 'd:/node_modules' does not exist, skipping all lookups in it.
Scoped package detected, looking in 'typescript__lib-es2017'
Loading module '@typescript/lib-es2017' from 'node_modules' folder, target file types: JavaScript.
Searching all ancestor node_modules directories for fallback extensions: JavaScript.
Directory 'd:/DOPAMS/Toystack/node_modules' does not exist, skipping all lookups in it.
Directory 'd:/DOPAMS/node_modules' does not exist, skipping all lookups in it.
Directory 'd:/node_modules' does not exist, skipping all lookups in it.
======== Module name '@typescript/lib-es2017' was not resolved. ========
File 'd:/DOPAMS/Toystack/dopams-backend-staging/node_modules/typescript/lib/package.json' does not exist according to earlier cached lookups.
File 'd:/DOPAMS/Toystack/dopams-backend-staging/node_modules/typescript/package.json' exists according to earlier cached lookups.
======== Resolving module '@typescript/lib-es2016' from 'd:/DOPAMS/Toystack/dopams-backend-staging/__lib_node_modules_lookup_lib.es2016.d.ts__.ts'. ========
Explicitly specified module resolution kind: 'Node10'.
Loading module '@typescript/lib-es2016' from 'node_modules' folder, target file types: TypeScript, Declaration.
Searching all ancestor node_modules directories for preferred extensions: TypeScript, Declaration.
Scoped package detected, looking in 'typescript__lib-es2016'
File 'd:/DOPAMS/Toystack/dopams-backend-staging/node_modules/@types/typescript__lib-es2016.d.ts' does not exist.
Directory 'd:/DOPAMS/Toystack/node_modules' does not exist, skipping all lookups in it.
Scoped package detected, looking in 'typescript__lib-es2016'
Directory 'd:/DOPAMS/node_modules' does not exist, skipping all lookups in it.
Scoped package detected, looking in 'typescript__lib-es2016'
Directory 'd:/node_modules' does not exist, skipping all lookups in it.
Scoped package detected, looking in 'typescript__lib-es2016'
Loading module '@typescript/lib-es2016' from 'node_modules' folder, target file types: JavaScript.
Searching all ancestor node_modules directories for fallback extensions: JavaScript.
Directory 'd:/DOPAMS/Toystack/node_modules' does not exist, skipping all lookups in it.
Directory 'd:/DOPAMS/node_modules' does not exist, skipping all lookups in it.
Directory 'd:/node_modules' does not exist, skipping all lookups in it.
======== Module name '@typescript/lib-es2016' was not resolved. ========
File 'd:/DOPAMS/Toystack/dopams-backend-staging/node_modules/typescript/lib/package.json' does not exist according to earlier cached lookups.
File 'd:/DOPAMS/Toystack/dopams-backend-staging/node_modules/typescript/package.json' exists according to earlier cached lookups.
======== Resolving module '@typescript/lib-es2015' from 'd:/DOPAMS/Toystack/dopams-backend-staging/__lib_node_modules_lookup_lib.es2015.d.ts__.ts'. ========
Explicitly specified module resolution kind: 'Node10'.
Loading module '@typescript/lib-es2015' from 'node_modules' folder, target file types: TypeScript, Declaration.
Searching all ancestor node_modules directories for preferred extensions: TypeScript, Declaration.
Scoped package detected, looking in 'typescript__lib-es2015'
File 'd:/DOPAMS/Toystack/dopams-backend-staging/node_modules/@types/typescript__lib-es2015.d.ts' does not exist.
Directory 'd:/DOPAMS/Toystack/node_modules' does not exist, skipping all lookups in it.
Scoped package detected, looking in 'typescript__lib-es2015'
Directory 'd:/DOPAMS/node_modules' does not exist, skipping all lookups in it.
Scoped package detected, looking in 'typescript__lib-es2015'
Directory 'd:/node_modules' does not exist, skipping all lookups in it.
Scoped package detected, looking in 'typescript__lib-es2015'
Loading module '@typescript/lib-es2015' from 'node_modules' folder, target file types: JavaScript.
Searching all ancestor node_modules directories for fallback extensions: JavaScript.
Directory 'd:/DOPAMS/Toystack/node_modules' does not exist, skipping all lookups in it.
Directory 'd:/DOPAMS/node_modules' does not exist, skipping all lookups in it.
Directory 'd:/node_modules' does not exist, skipping all lookups in it.
======== Module name '@typescript/lib-es2015' was not resolved. ========
File 'd:/DOPAMS/Toystack/dopams-backend-staging/node_modules/typescript/lib/package.json' does not exist according to earlier cached lookups.
File 'd:/DOPAMS/Toystack/dopams-backend-staging/node_modules/typescript/package.json' exists according to earlier cached lookups.
======== Resolving module '@typescript/lib-es5' from 'd:/DOPAMS/Toystack/dopams-backend-staging/__lib_node_modules_lookup_lib.es5.d.ts__.ts'. ========
Explicitly specified module resolution kind: 'Node10'.
Loading module '@typescript/lib-es5' from 'node_modules' folder, target file types: TypeScript, Declaration.
Searching all ancestor node_modules directories for preferred extensions: TypeScript, Declaration.
Scoped package detected, looking in 'typescript__lib-es5'
File 'd:/DOPAMS/Toystack/dopams-backend-staging/node_modules/@types/typescript__lib-es5.d.ts' does not exist.
Directory 'd:/DOPAMS/Toystack/node_modules' does not exist, skipping all lookups in it.
Scoped package detected, looking in 'typescript__lib-es5'
Directory 'd:/DOPAMS/node_modules' does not exist, skipping all lookups in it.
Scoped package detected, looking in 'typescript__lib-es5'
Directory 'd:/node_modules' does not exist, skipping all lookups in it.
Scoped package detected, looking in 'typescript__lib-es5'
Loading module '@typescript/lib-es5' from 'node_modules' folder, target file types: JavaScript.
Searching all ancestor node_modules directories for fallback extensions: JavaScript.
Directory 'd:/DOPAMS/Toystack/node_modules' does not exist, skipping all lookups in it.
Directory 'd:/DOPAMS/node_modules' does not exist, skipping all lookups in it.
Directory 'd:/node_modules' does not exist, skipping all lookups in it.
======== Module name '@typescript/lib-es5' was not resolved. ========
File 'd:/DOPAMS/Toystack/dopams-backend-staging/node_modules/typescript/lib/package.json' does not exist according to earlier cached lookups.
File 'd:/DOPAMS/Toystack/dopams-backend-staging/node_modules/typescript/package.json' exists according to earlier cached lookups.
======== Resolving module '@typescript/lib-decorators' from 'd:/DOPAMS/Toystack/dopams-backend-staging/__lib_node_modules_lookup_lib.decorators.d.ts__.ts'. ========
Explicitly specified module resolution kind: 'Node10'.
Loading module '@typescript/lib-decorators' from 'node_modules' folder, target file types: TypeScript, Declaration.
Searching all ancestor node_modules directories for preferred extensions: TypeScript, Declaration.
Scoped package detected, looking in 'typescript__lib-decorators'
File 'd:/DOPAMS/Toystack/dopams-backend-staging/node_modules/@types/typescript__lib-decorators.d.ts' does not exist.
Directory 'd:/DOPAMS/Toystack/node_modules' does not exist, skipping all lookups in it.
Scoped package detected, looking in 'typescript__lib-decorators'
Directory 'd:/DOPAMS/node_modules' does not exist, skipping all lookups in it.
Scoped package detected, looking in 'typescript__lib-decorators'
Directory 'd:/node_modules' does not exist, skipping all lookups in it.
Scoped package detected, looking in 'typescript__lib-decorators'
Loading module '@typescript/lib-decorators' from 'node_modules' folder, target file types: JavaScript.
Searching all ancestor node_modules directories for fallback extensions: JavaScript.
Directory 'd:/DOPAMS/Toystack/node_modules' does not exist, skipping all lookups in it.
Directory 'd:/DOPAMS/node_modules' does not exist, skipping all lookups in it.
Directory 'd:/node_modules' does not exist, skipping all lookups in it.
======== Module name '@typescript/lib-decorators' was not resolved. ========
File 'd:/DOPAMS/Toystack/dopams-backend-staging/node_modules/typescript/lib/package.json' does not exist according to earlier cached lookups.
File 'd:/DOPAMS/Toystack/dopams-backend-staging/node_modules/typescript/package.json' exists according to earlier cached lookups.
======== Resolving module '@typescript/lib-decorators/legacy' from 'd:/DOPAMS/Toystack/dopams-backend-staging/__lib_node_modules_lookup_lib.decorators.legacy.d.ts__.ts'. ========
Explicitly specified module resolution kind: 'Node10'.
Loading module '@typescript/lib-decorators/legacy' from 'node_modules' folder, target file types: TypeScript, Declaration.
Searching all ancestor node_modules directories for preferred extensions: TypeScript, Declaration.
Scoped package detected, looking in 'typescript__lib-decorators/legacy'
Directory 'd:/DOPAMS/Toystack/node_modules' does not exist, skipping all lookups in it.
Scoped package detected, looking in 'typescript__lib-decorators/legacy'
Directory 'd:/DOPAMS/node_modules' does not exist, skipping all lookups in it.
Scoped package detected, looking in 'typescript__lib-decorators/legacy'
Directory 'd:/node_modules' does not exist, skipping all lookups in it.
Scoped package detected, looking in 'typescript__lib-decorators/legacy'
Loading module '@typescript/lib-decorators/legacy' from 'node_modules' folder, target file types: JavaScript.
Searching all ancestor node_modules directories for fallback extensions: JavaScript.
Directory 'd:/DOPAMS/Toystack/node_modules' does not exist, skipping all lookups in it.
Directory 'd:/DOPAMS/node_modules' does not exist, skipping all lookups in it.
Directory 'd:/node_modules' does not exist, skipping all lookups in it.
======== Module name '@typescript/lib-decorators/legacy' was not resolved. ========
File 'd:/DOPAMS/Toystack/dopams-backend-staging/node_modules/typescript/lib/package.json' does not exist according to earlier cached lookups.
File 'd:/DOPAMS/Toystack/dopams-backend-staging/node_modules/typescript/package.json' exists according to earlier cached lookups.
======== Resolving module '@typescript/lib-es2015/core' from 'd:/DOPAMS/Toystack/dopams-backend-staging/__lib_node_modules_lookup_lib.es2015.core.d.ts__.ts'. ========
Explicitly specified module resolution kind: 'Node10'.
Loading module '@typescript/lib-es2015/core' from 'node_modules' folder, target file types: TypeScript, Declaration.
Searching all ancestor node_modules directories for preferred extensions: TypeScript, Declaration.
Scoped package detected, looking in 'typescript__lib-es2015/core'
Directory 'd:/DOPAMS/Toystack/node_modules' does not exist, skipping all lookups in it.
Scoped package detected, looking in 'typescript__lib-es2015/core'
Directory 'd:/DOPAMS/node_modules' does not exist, skipping all lookups in it.
Scoped package detected, looking in 'typescript__lib-es2015/core'
Directory 'd:/node_modules' does not exist, skipping all lookups in it.
Scoped package detected, looking in 'typescript__lib-es2015/core'
Loading module '@typescript/lib-es2015/core' from 'node_modules' folder, target file types: JavaScript.
Searching all ancestor node_modules directories for fallback extensions: JavaScript.
Directory 'd:/DOPAMS/Toystack/node_modules' does not exist, skipping all lookups in it.
Directory 'd:/DOPAMS/node_modules' does not exist, skipping all lookups in it.
Directory 'd:/node_modules' does not exist, skipping all lookups in it.
======== Module name '@typescript/lib-es2015/core' was not resolved. ========
File 'd:/DOPAMS/Toystack/dopams-backend-staging/node_modules/typescript/lib/package.json' does not exist according to earlier cached lookups.
File 'd:/DOPAMS/Toystack/dopams-backend-staging/node_modules/typescript/package.json' exists according to earlier cached lookups.
======== Resolving module '@typescript/lib-es2015/collection' from 'd:/DOPAMS/Toystack/dopams-backend-staging/__lib_node_modules_lookup_lib.es2015.collection.d.ts__.ts'. ========
Explicitly specified module resolution kind: 'Node10'.
Loading module '@typescript/lib-es2015/collection' from 'node_modules' folder, target file types: TypeScript, Declaration.
Searching all ancestor node_modules directories for preferred extensions: TypeScript, Declaration.
Scoped package detected, looking in 'typescript__lib-es2015/collection'
Directory 'd:/DOPAMS/Toystack/node_modules' does not exist, skipping all lookups in it.
Scoped package detected, looking in 'typescript__lib-es2015/collection'
Directory 'd:/DOPAMS/node_modules' does not exist, skipping all lookups in it.
Scoped package detected, looking in 'typescript__lib-es2015/collection'
Directory 'd:/node_modules' does not exist, skipping all lookups in it.
Scoped package detected, looking in 'typescript__lib-es2015/collection'
Loading module '@typescript/lib-es2015/collection' from 'node_modules' folder, target file types: JavaScript.
Searching all ancestor node_modules directories for fallback extensions: JavaScript.
Directory 'd:/DOPAMS/Toystack/node_modules' does not exist, skipping all lookups in it.
Directory 'd:/DOPAMS/node_modules' does not exist, skipping all lookups in it.
Directory 'd:/node_modules' does not exist, skipping all lookups in it.
======== Module name '@typescript/lib-es2015/collection' was not resolved. ========
File 'd:/DOPAMS/Toystack/dopams-backend-staging/node_modules/typescript/lib/package.json' does not exist according to earlier cached lookups.
File 'd:/DOPAMS/Toystack/dopams-backend-staging/node_modules/typescript/package.json' exists according to earlier cached lookups.
======== Resolving module '@typescript/lib-es2015/iterable' from 'd:/DOPAMS/Toystack/dopams-backend-staging/__lib_node_modules_lookup_lib.es2015.iterable.d.ts__.ts'. ========
Explicitly specified module resolution kind: 'Node10'.
Loading module '@typescript/lib-es2015/iterable' from 'node_modules' folder, target file types: TypeScript, Declaration.
Searching all ancestor node_modules directories for preferred extensions: TypeScript, Declaration.
Scoped package detected, looking in 'typescript__lib-es2015/iterable'
Directory 'd:/DOPAMS/Toystack/node_modules' does not exist, skipping all lookups in it.
Scoped package detected, looking in 'typescript__lib-es2015/iterable'
Directory 'd:/DOPAMS/node_modules' does not exist, skipping all lookups in it.
Scoped package detected, looking in 'typescript__lib-es2015/iterable'
Directory 'd:/node_modules' does not exist, skipping all lookups in it.
Scoped package detected, looking in 'typescript__lib-es2015/iterable'
Loading module '@typescript/lib-es2015/iterable' from 'node_modules' folder, target file types: JavaScript.
Searching all ancestor node_modules directories for fallback extensions: JavaScript.
Directory 'd:/DOPAMS/Toystack/node_modules' does not exist, skipping all lookups in it.
Directory 'd:/DOPAMS/node_modules' does not exist, skipping all lookups in it.
Directory 'd:/node_modules' does not exist, skipping all lookups in it.
======== Module name '@typescript/lib-es2015/iterable' was not resolved. ========
File 'd:/DOPAMS/Toystack/dopams-backend-staging/node_modules/typescript/lib/package.json' does not exist according to earlier cached lookups.
File 'd:/DOPAMS/Toystack/dopams-backend-staging/node_modules/typescript/package.json' exists according to earlier cached lookups.
======== Resolving module '@typescript/lib-es2015/symbol' from 'd:/DOPAMS/Toystack/dopams-backend-staging/__lib_node_modules_lookup_lib.es2015.symbol.d.ts__.ts'. ========
Explicitly specified module resolution kind: 'Node10'.
Loading module '@typescript/lib-es2015/symbol' from 'node_modules' folder, target file types: TypeScript, Declaration.
Searching all ancestor node_modules directories for preferred extensions: TypeScript, Declaration.
Scoped package detected, looking in 'typescript__lib-es2015/symbol'
Directory 'd:/DOPAMS/Toystack/node_modules' does not exist, skipping all lookups in it.
Scoped package detected, looking in 'typescript__lib-es2015/symbol'
Directory 'd:/DOPAMS/node_modules' does not exist, skipping all lookups in it.
Scoped package detected, looking in 'typescript__lib-es2015/symbol'
Directory 'd:/node_modules' does not exist, skipping all lookups in it.
Scoped package detected, looking in 'typescript__lib-es2015/symbol'
Loading module '@typescript/lib-es2015/symbol' from 'node_modules' folder, target file types: JavaScript.
Searching all ancestor node_modules directories for fallback extensions: JavaScript.
Directory 'd:/DOPAMS/Toystack/node_modules' does not exist, skipping all lookups in it.
Directory 'd:/DOPAMS/node_modules' does not exist, skipping all lookups in it.
Directory 'd:/node_modules' does not exist, skipping all lookups in it.
======== Module name '@typescript/lib-es2015/symbol' was not resolved. ========
File 'd:/DOPAMS/Toystack/dopams-backend-staging/node_modules/typescript/lib/package.json' does not exist according to earlier cached lookups.
File 'd:/DOPAMS/Toystack/dopams-backend-staging/node_modules/typescript/package.json' exists according to earlier cached lookups.
======== Resolving module '@typescript/lib-es2015/generator' from 'd:/DOPAMS/Toystack/dopams-backend-staging/__lib_node_modules_lookup_lib.es2015.generator.d.ts__.ts'. ========
Explicitly specified module resolution kind: 'Node10'.
Loading module '@typescript/lib-es2015/generator' from 'node_modules' folder, target file types: TypeScript, Declaration.
Searching all ancestor node_modules directories for preferred extensions: TypeScript, Declaration.
Scoped package detected, looking in 'typescript__lib-es2015/generator'
Directory 'd:/DOPAMS/Toystack/node_modules' does not exist, skipping all lookups in it.
Scoped package detected, looking in 'typescript__lib-es2015/generator'
Directory 'd:/DOPAMS/node_modules' does not exist, skipping all lookups in it.
Scoped package detected, looking in 'typescript__lib-es2015/generator'
Directory 'd:/node_modules' does not exist, skipping all lookups in it.
Scoped package detected, looking in 'typescript__lib-es2015/generator'
Loading module '@typescript/lib-es2015/generator' from 'node_modules' folder, target file types: JavaScript.
Searching all ancestor node_modules directories for fallback extensions: JavaScript.
Directory 'd:/DOPAMS/Toystack/node_modules' does not exist, skipping all lookups in it.
Directory 'd:/DOPAMS/node_modules' does not exist, skipping all lookups in it.
Directory 'd:/node_modules' does not exist, skipping all lookups in it.
======== Module name '@typescript/lib-es2015/generator' was not resolved. ========
File 'd:/DOPAMS/Toystack/dopams-backend-staging/node_modules/typescript/lib/package.json' does not exist according to earlier cached lookups.
File 'd:/DOPAMS/Toystack/dopams-backend-staging/node_modules/typescript/package.json' exists according to earlier cached lookups.
======== Resolving module '@typescript/lib-es2015/promise' from 'd:/DOPAMS/Toystack/dopams-backend-staging/__lib_node_modules_lookup_lib.es2015.promise.d.ts__.ts'. ========
Explicitly specified module resolution kind: 'Node10'.
Loading module '@typescript/lib-es2015/promise' from 'node_modules' folder, target file types: TypeScript, Declaration.
Searching all ancestor node_modules directories for preferred extensions: TypeScript, Declaration.
Scoped package detected, looking in 'typescript__lib-es2015/promise'
Directory 'd:/DOPAMS/Toystack/node_modules' does not exist, skipping all lookups in it.
Scoped package detected, looking in 'typescript__lib-es2015/promise'
Directory 'd:/DOPAMS/node_modules' does not exist, skipping all lookups in it.
Scoped package detected, looking in 'typescript__lib-es2015/promise'
Directory 'd:/node_modules' does not exist, skipping all lookups in it.
Scoped package detected, looking in 'typescript__lib-es2015/promise'
Loading module '@typescript/lib-es2015/promise' from 'node_modules' folder, target file types: JavaScript.
Searching all ancestor node_modules directories for fallback extensions: JavaScript.
Directory 'd:/DOPAMS/Toystack/node_modules' does not exist, skipping all lookups in it.
Directory 'd:/DOPAMS/node_modules' does not exist, skipping all lookups in it.
Directory 'd:/node_modules' does not exist, skipping all lookups in it.
======== Module name '@typescript/lib-es2015/promise' was not resolved. ========
File 'd:/DOPAMS/Toystack/dopams-backend-staging/node_modules/typescript/lib/package.json' does not exist according to earlier cached lookups.
File 'd:/DOPAMS/Toystack/dopams-backend-staging/node_modules/typescript/package.json' exists according to earlier cached lookups.
======== Resolving module '@typescript/lib-es2015/proxy' from 'd:/DOPAMS/Toystack/dopams-backend-staging/__lib_node_modules_lookup_lib.es2015.proxy.d.ts__.ts'. ========
Explicitly specified module resolution kind: 'Node10'.
Loading module '@typescript/lib-es2015/proxy' from 'node_modules' folder, target file types: TypeScript, Declaration.
Searching all ancestor node_modules directories for preferred extensions: TypeScript, Declaration.
Scoped package detected, looking in 'typescript__lib-es2015/proxy'
Directory 'd:/DOPAMS/Toystack/node_modules' does not exist, skipping all lookups in it.
Scoped package detected, looking in 'typescript__lib-es2015/proxy'
Directory 'd:/DOPAMS/node_modules' does not exist, skipping all lookups in it.
Scoped package detected, looking in 'typescript__lib-es2015/proxy'
Directory 'd:/node_modules' does not exist, skipping all lookups in it.
Scoped package detected, looking in 'typescript__lib-es2015/proxy'
Loading module '@typescript/lib-es2015/proxy' from 'node_modules' folder, target file types: JavaScript.
Searching all ancestor node_modules directories for fallback extensions: JavaScript.
Directory 'd:/DOPAMS/Toystack/node_modules' does not exist, skipping all lookups in it.
Directory 'd:/DOPAMS/node_modules' does not exist, skipping all lookups in it.
Directory 'd:/node_modules' does not exist, skipping all lookups in it.
======== Module name '@typescript/lib-es2015/proxy' was not resolved. ========
File 'd:/DOPAMS/Toystack/dopams-backend-staging/node_modules/typescript/lib/package.json' does not exist according to earlier cached lookups.
File 'd:/DOPAMS/Toystack/dopams-backend-staging/node_modules/typescript/package.json' exists according to earlier cached lookups.
======== Resolving module '@typescript/lib-es2015/reflect' from 'd:/DOPAMS/Toystack/dopams-backend-staging/__lib_node_modules_lookup_lib.es2015.reflect.d.ts__.ts'. ========
Explicitly specified module resolution kind: 'Node10'.
Loading module '@typescript/lib-es2015/reflect' from 'node_modules' folder, target file types: TypeScript, Declaration.
Searching all ancestor node_modules directories for preferred extensions: TypeScript, Declaration.
Scoped package detected, looking in 'typescript__lib-es2015/reflect'
Directory 'd:/DOPAMS/Toystack/node_modules' does not exist, skipping all lookups in it.
Scoped package detected, looking in 'typescript__lib-es2015/reflect'
Directory 'd:/DOPAMS/node_modules' does not exist, skipping all lookups in it.
Scoped package detected, looking in 'typescript__lib-es2015/reflect'
Directory 'd:/node_modules' does not exist, skipping all lookups in it.
Scoped package detected, looking in 'typescript__lib-es2015/reflect'
Loading module '@typescript/lib-es2015/reflect' from 'node_modules' folder, target file types: JavaScript.
Searching all ancestor node_modules directories for fallback extensions: JavaScript.
Directory 'd:/DOPAMS/Toystack/node_modules' does not exist, skipping all lookups in it.
Directory 'd:/DOPAMS/node_modules' does not exist, skipping all lookups in it.
Directory 'd:/node_modules' does not exist, skipping all lookups in it.
======== Module name '@typescript/lib-es2015/reflect' was not resolved. ========
File 'd:/DOPAMS/Toystack/dopams-backend-staging/node_modules/typescript/lib/package.json' does not exist according to earlier cached lookups.
File 'd:/DOPAMS/Toystack/dopams-backend-staging/node_modules/typescript/package.json' exists according to earlier cached lookups.
======== Resolving module '@typescript/lib-es2015/symbol-wellknown' from 'd:/DOPAMS/Toystack/dopams-backend-staging/__lib_node_modules_lookup_lib.es2015.symbol.wellknown.d.ts__.ts'. ========
Explicitly specified module resolution kind: 'Node10'.
Loading module '@typescript/lib-es2015/symbol-wellknown' from 'node_modules' folder, target file types: TypeScript, Declaration.
Searching all ancestor node_modules directories for preferred extensions: TypeScript, Declaration.
Scoped package detected, looking in 'typescript__lib-es2015/symbol-wellknown'
Directory 'd:/DOPAMS/Toystack/node_modules' does not exist, skipping all lookups in it.
Scoped package detected, looking in 'typescript__lib-es2015/symbol-wellknown'
Directory 'd:/DOPAMS/node_modules' does not exist, skipping all lookups in it.
Scoped package detected, looking in 'typescript__lib-es2015/symbol-wellknown'
Directory 'd:/node_modules' does not exist, skipping all lookups in it.
Scoped package detected, looking in 'typescript__lib-es2015/symbol-wellknown'
Loading module '@typescript/lib-es2015/symbol-wellknown' from 'node_modules' folder, target file types: JavaScript.
Searching all ancestor node_modules directories for fallback extensions: JavaScript.
Directory 'd:/DOPAMS/Toystack/node_modules' does not exist, skipping all lookups in it.
Directory 'd:/DOPAMS/node_modules' does not exist, skipping all lookups in it.
Directory 'd:/node_modules' does not exist, skipping all lookups in it.
======== Module name '@typescript/lib-es2015/symbol-wellknown' was not resolved. ========
File 'd:/DOPAMS/Toystack/dopams-backend-staging/node_modules/typescript/lib/package.json' does not exist according to earlier cached lookups.
File 'd:/DOPAMS/Toystack/dopams-backend-staging/node_modules/typescript/package.json' exists according to earlier cached lookups.
======== Resolving module '@typescript/lib-es2016/array-include' from 'd:/DOPAMS/Toystack/dopams-backend-staging/__lib_node_modules_lookup_lib.es2016.array.include.d.ts__.ts'. ========
Explicitly specified module resolution kind: 'Node10'.
Loading module '@typescript/lib-es2016/array-include' from 'node_modules' folder, target file types: TypeScript, Declaration.
Searching all ancestor node_modules directories for preferred extensions: TypeScript, Declaration.
Scoped package detected, looking in 'typescript__lib-es2016/array-include'
Directory 'd:/DOPAMS/Toystack/node_modules' does not exist, skipping all lookups in it.
Scoped package detected, looking in 'typescript__lib-es2016/array-include'
Directory 'd:/DOPAMS/node_modules' does not exist, skipping all lookups in it.
Scoped package detected, looking in 'typescript__lib-es2016/array-include'
Directory 'd:/node_modules' does not exist, skipping all lookups in it.
Scoped package detected, looking in 'typescript__lib-es2016/array-include'
Loading module '@typescript/lib-es2016/array-include' from 'node_modules' folder, target file types: JavaScript.
Searching all ancestor node_modules directories for fallback extensions: JavaScript.
Directory 'd:/DOPAMS/Toystack/node_modules' does not exist, skipping all lookups in it.
Directory 'd:/DOPAMS/node_modules' does not exist, skipping all lookups in it.
Directory 'd:/node_modules' does not exist, skipping all lookups in it.
======== Module name '@typescript/lib-es2016/array-include' was not resolved. ========
File 'd:/DOPAMS/Toystack/dopams-backend-staging/node_modules/typescript/lib/package.json' does not exist according to earlier cached lookups.
File 'd:/DOPAMS/Toystack/dopams-backend-staging/node_modules/typescript/package.json' exists according to earlier cached lookups.
======== Resolving module '@typescript/lib-es2016/intl' from 'd:/DOPAMS/Toystack/dopams-backend-staging/__lib_node_modules_lookup_lib.es2016.intl.d.ts__.ts'. ========
Explicitly specified module resolution kind: 'Node10'.
Loading module '@typescript/lib-es2016/intl' from 'node_modules' folder, target file types: TypeScript, Declaration.
Searching all ancestor node_modules directories for preferred extensions: TypeScript, Declaration.
Scoped package detected, looking in 'typescript__lib-es2016/intl'
Directory 'd:/DOPAMS/Toystack/node_modules' does not exist, skipping all lookups in it.
Scoped package detected, looking in 'typescript__lib-es2016/intl'
Directory 'd:/DOPAMS/node_modules' does not exist, skipping all lookups in it.
Scoped package detected, looking in 'typescript__lib-es2016/intl'
Directory 'd:/node_modules' does not exist, skipping all lookups in it.
Scoped package detected, looking in 'typescript__lib-es2016/intl'
Loading module '@typescript/lib-es2016/intl' from 'node_modules' folder, target file types: JavaScript.
Searching all ancestor node_modules directories for fallback extensions: JavaScript.
Directory 'd:/DOPAMS/Toystack/node_modules' does not exist, skipping all lookups in it.
Directory 'd:/DOPAMS/node_modules' does not exist, skipping all lookups in it.
Directory 'd:/node_modules' does not exist, skipping all lookups in it.
======== Module name '@typescript/lib-es2016/intl' was not resolved. ========
File 'd:/DOPAMS/Toystack/dopams-backend-staging/node_modules/typescript/lib/package.json' does not exist according to earlier cached lookups.
File 'd:/DOPAMS/Toystack/dopams-backend-staging/node_modules/typescript/package.json' exists according to earlier cached lookups.
======== Resolving module '@typescript/lib-es2017/arraybuffer' from 'd:/DOPAMS/Toystack/dopams-backend-staging/__lib_node_modules_lookup_lib.es2017.arraybuffer.d.ts__.ts'. ========
Explicitly specified module resolution kind: 'Node10'.
Loading module '@typescript/lib-es2017/arraybuffer' from 'node_modules' folder, target file types: TypeScript, Declaration.
Searching all ancestor node_modules directories for preferred extensions: TypeScript, Declaration.
Scoped package detected, looking in 'typescript__lib-es2017/arraybuffer'
Directory 'd:/DOPAMS/Toystack/node_modules' does not exist, skipping all lookups in it.
Scoped package detected, looking in 'typescript__lib-es2017/arraybuffer'
Directory 'd:/DOPAMS/node_modules' does not exist, skipping all lookups in it.
Scoped package detected, looking in 'typescript__lib-es2017/arraybuffer'
Directory 'd:/node_modules' does not exist, skipping all lookups in it.
Scoped package detected, looking in 'typescript__lib-es2017/arraybuffer'
Loading module '@typescript/lib-es2017/arraybuffer' from 'node_modules' folder, target file types: JavaScript.
Searching all ancestor node_modules directories for fallback extensions: JavaScript.
Directory 'd:/DOPAMS/Toystack/node_modules' does not exist, skipping all lookups in it.
Directory 'd:/DOPAMS/node_modules' does not exist, skipping all lookups in it.
Directory 'd:/node_modules' does not exist, skipping all lookups in it.
======== Module name '@typescript/lib-es2017/arraybuffer' was not resolved. ========
File 'd:/DOPAMS/Toystack/dopams-backend-staging/node_modules/typescript/lib/package.json' does not exist according to earlier cached lookups.
File 'd:/DOPAMS/Toystack/dopams-backend-staging/node_modules/typescript/package.json' exists according to earlier cached lookups.
======== Resolving module '@typescript/lib-es2017/date' from 'd:/DOPAMS/Toystack/dopams-backend-staging/__lib_node_modules_lookup_lib.es2017.date.d.ts__.ts'. ========
Explicitly specified module resolution kind: 'Node10'.
Loading module '@typescript/lib-es2017/date' from 'node_modules' folder, target file types: TypeScript, Declaration.
Searching all ancestor node_modules directories for preferred extensions: TypeScript, Declaration.
Scoped package detected, looking in 'typescript__lib-es2017/date'
Directory 'd:/DOPAMS/Toystack/node_modules' does not exist, skipping all lookups in it.
Scoped package detected, looking in 'typescript__lib-es2017/date'
Directory 'd:/DOPAMS/node_modules' does not exist, skipping all lookups in it.
Scoped package detected, looking in 'typescript__lib-es2017/date'
Directory 'd:/node_modules' does not exist, skipping all lookups in it.
Scoped package detected, looking in 'typescript__lib-es2017/date'
Loading module '@typescript/lib-es2017/date' from 'node_modules' folder, target file types: JavaScript.
Searching all ancestor node_modules directories for fallback extensions: JavaScript.
Directory 'd:/DOPAMS/Toystack/node_modules' does not exist, skipping all lookups in it.
Directory 'd:/DOPAMS/node_modules' does not exist, skipping all lookups in it.
Directory 'd:/node_modules' does not exist, skipping all lookups in it.
======== Module name '@typescript/lib-es2017/date' was not resolved. ========
File 'd:/DOPAMS/Toystack/dopams-backend-staging/node_modules/typescript/lib/package.json' does not exist according to earlier cached lookups.
File 'd:/DOPAMS/Toystack/dopams-backend-staging/node_modules/typescript/package.json' exists according to earlier cached lookups.
======== Resolving module '@typescript/lib-es2017/intl' from 'd:/DOPAMS/Toystack/dopams-backend-staging/__lib_node_modules_lookup_lib.es2017.intl.d.ts__.ts'. ========
Explicitly specified module resolution kind: 'Node10'.
Loading module '@typescript/lib-es2017/intl' from 'node_modules' folder, target file types: TypeScript, Declaration.
Searching all ancestor node_modules directories for preferred extensions: TypeScript, Declaration.
Scoped package detected, looking in 'typescript__lib-es2017/intl'
Directory 'd:/DOPAMS/Toystack/node_modules' does not exist, skipping all lookups in it.
Scoped package detected, looking in 'typescript__lib-es2017/intl'
Directory 'd:/DOPAMS/node_modules' does not exist, skipping all lookups in it.
Scoped package detected, looking in 'typescript__lib-es2017/intl'
Directory 'd:/node_modules' does not exist, skipping all lookups in it.
Scoped package detected, looking in 'typescript__lib-es2017/intl'
Loading module '@typescript/lib-es2017/intl' from 'node_modules' folder, target file types: JavaScript.
Searching all ancestor node_modules directories for fallback extensions: JavaScript.
Directory 'd:/DOPAMS/Toystack/node_modules' does not exist, skipping all lookups in it.
Directory 'd:/DOPAMS/node_modules' does not exist, skipping all lookups in it.
Directory 'd:/node_modules' does not exist, skipping all lookups in it.
======== Module name '@typescript/lib-es2017/intl' was not resolved. ========
File 'd:/DOPAMS/Toystack/dopams-backend-staging/node_modules/typescript/lib/package.json' does not exist according to earlier cached lookups.
File 'd:/DOPAMS/Toystack/dopams-backend-staging/node_modules/typescript/package.json' exists according to earlier cached lookups.
======== Resolving module '@typescript/lib-es2017/object' from 'd:/DOPAMS/Toystack/dopams-backend-staging/__lib_node_modules_lookup_lib.es2017.object.d.ts__.ts'. ========
Explicitly specified module resolution kind: 'Node10'.
Loading module '@typescript/lib-es2017/object' from 'node_modules' folder, target file types: TypeScript, Declaration.
Searching all ancestor node_modules directories for preferred extensions: TypeScript, Declaration.
Scoped package detected, looking in 'typescript__lib-es2017/object'
Directory 'd:/DOPAMS/Toystack/node_modules' does not exist, skipping all lookups in it.
Scoped package detected, looking in 'typescript__lib-es2017/object'
Directory 'd:/DOPAMS/node_modules' does not exist, skipping all lookups in it.
Scoped package detected, looking in 'typescript__lib-es2017/object'
Directory 'd:/node_modules' does not exist, skipping all lookups in it.
Scoped package detected, looking in 'typescript__lib-es2017/object'
Loading module '@typescript/lib-es2017/object' from 'node_modules' folder, target file types: JavaScript.
Searching all ancestor node_modules directories for fallback extensions: JavaScript.
Directory 'd:/DOPAMS/Toystack/node_modules' does not exist, skipping all lookups in it.
Directory 'd:/DOPAMS/node_modules' does not exist, skipping all lookups in it.
Directory 'd:/node_modules' does not exist, skipping all lookups in it.
======== Module name '@typescript/lib-es2017/object' was not resolved. ========
File 'd:/DOPAMS/Toystack/dopams-backend-staging/node_modules/typescript/lib/package.json' does not exist according to earlier cached lookups.
File 'd:/DOPAMS/Toystack/dopams-backend-staging/node_modules/typescript/package.json' exists according to earlier cached lookups.
======== Resolving module '@typescript/lib-es2017/sharedmemory' from 'd:/DOPAMS/Toystack/dopams-backend-staging/__lib_node_modules_lookup_lib.es2017.sharedmemory.d.ts__.ts'. ========
Explicitly specified module resolution kind: 'Node10'.
Loading module '@typescript/lib-es2017/sharedmemory' from 'node_modules' folder, target file types: TypeScript, Declaration.
Searching all ancestor node_modules directories for preferred extensions: TypeScript, Declaration.
Scoped package detected, looking in 'typescript__lib-es2017/sharedmemory'
Directory 'd:/DOPAMS/Toystack/node_modules' does not exist, skipping all lookups in it.
Scoped package detected, looking in 'typescript__lib-es2017/sharedmemory'
Directory 'd:/DOPAMS/node_modules' does not exist, skipping all lookups in it.
Scoped package detected, looking in 'typescript__lib-es2017/sharedmemory'
Directory 'd:/node_modules' does not exist, skipping all lookups in it.
Scoped package detected, looking in 'typescript__lib-es2017/sharedmemory'
Loading module '@typescript/lib-es2017/sharedmemory' from 'node_modules' folder, target file types: JavaScript.
Searching all ancestor node_modules directories for fallback extensions: JavaScript.
Directory 'd:/DOPAMS/Toystack/node_modules' does not exist, skipping all lookups in it.
Directory 'd:/DOPAMS/node_modules' does not exist, skipping all lookups in it.
Directory 'd:/node_modules' does not exist, skipping all lookups in it.
======== Module name '@typescript/lib-es2017/sharedmemory' was not resolved. ========
File 'd:/DOPAMS/Toystack/dopams-backend-staging/node_modules/typescript/lib/package.json' does not exist according to earlier cached lookups.
File 'd:/DOPAMS/Toystack/dopams-backend-staging/node_modules/typescript/package.json' exists according to earlier cached lookups.
======== Resolving module '@typescript/lib-es2017/string' from 'd:/DOPAMS/Toystack/dopams-backend-staging/__lib_node_modules_lookup_lib.es2017.string.d.ts__.ts'. ========
Explicitly specified module resolution kind: 'Node10'.
Loading module '@typescript/lib-es2017/string' from 'node_modules' folder, target file types: TypeScript, Declaration.
Searching all ancestor node_modules directories for preferred extensions: TypeScript, Declaration.
Scoped package detected, looking in 'typescript__lib-es2017/string'
Directory 'd:/DOPAMS/Toystack/node_modules' does not exist, skipping all lookups in it.
Scoped package detected, looking in 'typescript__lib-es2017/string'
Directory 'd:/DOPAMS/node_modules' does not exist, skipping all lookups in it.
Scoped package detected, looking in 'typescript__lib-es2017/string'
Directory 'd:/node_modules' does not exist, skipping all lookups in it.
Scoped package detected, looking in 'typescript__lib-es2017/string'
Loading module '@typescript/lib-es2017/string' from 'node_modules' folder, target file types: JavaScript.
Searching all ancestor node_modules directories for fallback extensions: JavaScript.
Directory 'd:/DOPAMS/Toystack/node_modules' does not exist, skipping all lookups in it.
Directory 'd:/DOPAMS/node_modules' does not exist, skipping all lookups in it.
Directory 'd:/node_modules' does not exist, skipping all lookups in it.
======== Module name '@typescript/lib-es2017/string' was not resolved. ========
File 'd:/DOPAMS/Toystack/dopams-backend-staging/node_modules/typescript/lib/package.json' does not exist according to earlier cached lookups.
File 'd:/DOPAMS/Toystack/dopams-backend-staging/node_modules/typescript/package.json' exists according to earlier cached lookups.
======== Resolving module '@typescript/lib-es2017/typedarrays' from 'd:/DOPAMS/Toystack/dopams-backend-staging/__lib_node_modules_lookup_lib.es2017.typedarrays.d.ts__.ts'. ========
Explicitly specified module resolution kind: 'Node10'.
Loading module '@typescript/lib-es2017/typedarrays' from 'node_modules' folder, target file types: TypeScript, Declaration.
Searching all ancestor node_modules directories for preferred extensions: TypeScript, Declaration.
Scoped package detected, looking in 'typescript__lib-es2017/typedarrays'
Directory 'd:/DOPAMS/Toystack/node_modules' does not exist, skipping all lookups in it.
Scoped package detected, looking in 'typescript__lib-es2017/typedarrays'
Directory 'd:/DOPAMS/node_modules' does not exist, skipping all lookups in it.
Scoped package detected, looking in 'typescript__lib-es2017/typedarrays'
Directory 'd:/node_modules' does not exist, skipping all lookups in it.
Scoped package detected, looking in 'typescript__lib-es2017/typedarrays'
Loading module '@typescript/lib-es2017/typedarrays' from 'node_modules' folder, target file types: JavaScript.
Searching all ancestor node_modules directories for fallback extensions: JavaScript.
Directory 'd:/DOPAMS/Toystack/node_modules' does not exist, skipping all lookups in it.
Directory 'd:/DOPAMS/node_modules' does not exist, skipping all lookups in it.
Directory 'd:/node_modules' does not exist, skipping all lookups in it.
======== Module name '@typescript/lib-es2017/typedarrays' was not resolved. ========
File 'd:/DOPAMS/Toystack/dopams-backend-staging/node_modules/typescript/lib/package.json' does not exist according to earlier cached lookups.
File 'd:/DOPAMS/Toystack/dopams-backend-staging/node_modules/typescript/package.json' exists according to earlier cached lookups.
======== Resolving module '@typescript/lib-es2018/asynciterable' from 'd:/DOPAMS/Toystack/dopams-backend-staging/__lib_node_modules_lookup_lib.es2018.asynciterable.d.ts__.ts'. ========
Explicitly specified module resolution kind: 'Node10'.
Loading module '@typescript/lib-es2018/asynciterable' from 'node_modules' folder, target file types: TypeScript, Declaration.
Searching all ancestor node_modules directories for preferred extensions: TypeScript, Declaration.
Scoped package detected, looking in 'typescript__lib-es2018/asynciterable'
Directory 'd:/DOPAMS/Toystack/node_modules' does not exist, skipping all lookups in it.
Scoped package detected, looking in 'typescript__lib-es2018/asynciterable'
Directory 'd:/DOPAMS/node_modules' does not exist, skipping all lookups in it.
Scoped package detected, looking in 'typescript__lib-es2018/asynciterable'
Directory 'd:/node_modules' does not exist, skipping all lookups in it.
Scoped package detected, looking in 'typescript__lib-es2018/asynciterable'
Loading module '@typescript/lib-es2018/asynciterable' from 'node_modules' folder, target file types: JavaScript.
Searching all ancestor node_modules directories for fallback extensions: JavaScript.
Directory 'd:/DOPAMS/Toystack/node_modules' does not exist, skipping all lookups in it.
Directory 'd:/DOPAMS/node_modules' does not exist, skipping all lookups in it.
Directory 'd:/node_modules' does not exist, skipping all lookups in it.
======== Module name '@typescript/lib-es2018/asynciterable' was not resolved. ========
File 'd:/DOPAMS/Toystack/dopams-backend-staging/node_modules/typescript/lib/package.json' does not exist according to earlier cached lookups.
File 'd:/DOPAMS/Toystack/dopams-backend-staging/node_modules/typescript/package.json' exists according to earlier cached lookups.
======== Resolving module '@typescript/lib-es2018/asyncgenerator' from 'd:/DOPAMS/Toystack/dopams-backend-staging/__lib_node_modules_lookup_lib.es2018.asyncgenerator.d.ts__.ts'. ========
Explicitly specified module resolution kind: 'Node10'.
Loading module '@typescript/lib-es2018/asyncgenerator' from 'node_modules' folder, target file types: TypeScript, Declaration.
Searching all ancestor node_modules directories for preferred extensions: TypeScript, Declaration.
Scoped package detected, looking in 'typescript__lib-es2018/asyncgenerator'
Directory 'd:/DOPAMS/Toystack/node_modules' does not exist, skipping all lookups in it.
Scoped package detected, looking in 'typescript__lib-es2018/asyncgenerator'
Directory 'd:/DOPAMS/node_modules' does not exist, skipping all lookups in it.
Scoped package detected, looking in 'typescript__lib-es2018/asyncgenerator'
Directory 'd:/node_modules' does not exist, skipping all lookups in it.
Scoped package detected, looking in 'typescript__lib-es2018/asyncgenerator'
Loading module '@typescript/lib-es2018/asyncgenerator' from 'node_modules' folder, target file types: JavaScript.
Searching all ancestor node_modules directories for fallback extensions: JavaScript.
Directory 'd:/DOPAMS/Toystack/node_modules' does not exist, skipping all lookups in it.
Directory 'd:/DOPAMS/node_modules' does not exist, skipping all lookups in it.
Directory 'd:/node_modules' does not exist, skipping all lookups in it.
======== Module name '@typescript/lib-es2018/asyncgenerator' was not resolved. ========
File 'd:/DOPAMS/Toystack/dopams-backend-staging/node_modules/typescript/lib/package.json' does not exist according to earlier cached lookups.
File 'd:/DOPAMS/Toystack/dopams-backend-staging/node_modules/typescript/package.json' exists according to earlier cached lookups.
======== Resolving module '@typescript/lib-es2018/promise' from 'd:/DOPAMS/Toystack/dopams-backend-staging/__lib_node_modules_lookup_lib.es2018.promise.d.ts__.ts'. ========
Explicitly specified module resolution kind: 'Node10'.
Loading module '@typescript/lib-es2018/promise' from 'node_modules' folder, target file types: TypeScript, Declaration.
Searching all ancestor node_modules directories for preferred extensions: TypeScript, Declaration.
Scoped package detected, looking in 'typescript__lib-es2018/promise'
Directory 'd:/DOPAMS/Toystack/node_modules' does not exist, skipping all lookups in it.
Scoped package detected, looking in 'typescript__lib-es2018/promise'
Directory 'd:/DOPAMS/node_modules' does not exist, skipping all lookups in it.
Scoped package detected, looking in 'typescript__lib-es2018/promise'
Directory 'd:/node_modules' does not exist, skipping all lookups in it.
Scoped package detected, looking in 'typescript__lib-es2018/promise'
Loading module '@typescript/lib-es2018/promise' from 'node_modules' folder, target file types: JavaScript.
Searching all ancestor node_modules directories for fallback extensions: JavaScript.
Directory 'd:/DOPAMS/Toystack/node_modules' does not exist, skipping all lookups in it.
Directory 'd:/DOPAMS/node_modules' does not exist, skipping all lookups in it.
Directory 'd:/node_modules' does not exist, skipping all lookups in it.
======== Module name '@typescript/lib-es2018/promise' was not resolved. ========
File 'd:/DOPAMS/Toystack/dopams-backend-staging/node_modules/typescript/lib/package.json' does not exist according to earlier cached lookups.
File 'd:/DOPAMS/Toystack/dopams-backend-staging/node_modules/typescript/package.json' exists according to earlier cached lookups.
======== Resolving module '@typescript/lib-es2018/regexp' from 'd:/DOPAMS/Toystack/dopams-backend-staging/__lib_node_modules_lookup_lib.es2018.regexp.d.ts__.ts'. ========
Explicitly specified module resolution kind: 'Node10'.
Loading module '@typescript/lib-es2018/regexp' from 'node_modules' folder, target file types: TypeScript, Declaration.
Searching all ancestor node_modules directories for preferred extensions: TypeScript, Declaration.
Scoped package detected, looking in 'typescript__lib-es2018/regexp'
Directory 'd:/DOPAMS/Toystack/node_modules' does not exist, skipping all lookups in it.
Scoped package detected, looking in 'typescript__lib-es2018/regexp'
Directory 'd:/DOPAMS/node_modules' does not exist, skipping all lookups in it.
Scoped package detected, looking in 'typescript__lib-es2018/regexp'
Directory 'd:/node_modules' does not exist, skipping all lookups in it.
Scoped package detected, looking in 'typescript__lib-es2018/regexp'
Loading module '@typescript/lib-es2018/regexp' from 'node_modules' folder, target file types: JavaScript.
Searching all ancestor node_modules directories for fallback extensions: JavaScript.
Directory 'd:/DOPAMS/Toystack/node_modules' does not exist, skipping all lookups in it.
Directory 'd:/DOPAMS/node_modules' does not exist, skipping all lookups in it.
Directory 'd:/node_modules' does not exist, skipping all lookups in it.
======== Module name '@typescript/lib-es2018/regexp' was not resolved. ========
File 'd:/DOPAMS/Toystack/dopams-backend-staging/node_modules/typescript/lib/package.json' does not exist according to earlier cached lookups.
File 'd:/DOPAMS/Toystack/dopams-backend-staging/node_modules/typescript/package.json' exists according to earlier cached lookups.
======== Resolving module '@typescript/lib-es2018/intl' from 'd:/DOPAMS/Toystack/dopams-backend-staging/__lib_node_modules_lookup_lib.es2018.intl.d.ts__.ts'. ========
Explicitly specified module resolution kind: 'Node10'.
Loading module '@typescript/lib-es2018/intl' from 'node_modules' folder, target file types: TypeScript, Declaration.
Searching all ancestor node_modules directories for preferred extensions: TypeScript, Declaration.
Scoped package detected, looking in 'typescript__lib-es2018/intl'
Directory 'd:/DOPAMS/Toystack/node_modules' does not exist, skipping all lookups in it.
Scoped package detected, looking in 'typescript__lib-es2018/intl'
Directory 'd:/DOPAMS/node_modules' does not exist, skipping all lookups in it.
Scoped package detected, looking in 'typescript__lib-es2018/intl'
Directory 'd:/node_modules' does not exist, skipping all lookups in it.
Scoped package detected, looking in 'typescript__lib-es2018/intl'
Loading module '@typescript/lib-es2018/intl' from 'node_modules' folder, target file types: JavaScript.
Searching all ancestor node_modules directories for fallback extensions: JavaScript.
Directory 'd:/DOPAMS/Toystack/node_modules' does not exist, skipping all lookups in it.
Directory 'd:/DOPAMS/node_modules' does not exist, skipping all lookups in it.
Directory 'd:/node_modules' does not exist, skipping all lookups in it.
======== Module name '@typescript/lib-es2018/intl' was not resolved. ========
File 'd:/DOPAMS/Toystack/dopams-backend-staging/node_modules/typescript/lib/package.json' does not exist according to earlier cached lookups.
File 'd:/DOPAMS/Toystack/dopams-backend-staging/node_modules/typescript/package.json' exists according to earlier cached lookups.
======== Resolving module '@typescript/lib-es2019/array' from 'd:/DOPAMS/Toystack/dopams-backend-staging/__lib_node_modules_lookup_lib.es2019.array.d.ts__.ts'. ========
Explicitly specified module resolution kind: 'Node10'.
Loading module '@typescript/lib-es2019/array' from 'node_modules' folder, target file types: TypeScript, Declaration.
Searching all ancestor node_modules directories for preferred extensions: TypeScript, Declaration.
Scoped package detected, looking in 'typescript__lib-es2019/array'
Directory 'd:/DOPAMS/Toystack/node_modules' does not exist, skipping all lookups in it.
Scoped package detected, looking in 'typescript__lib-es2019/array'
Directory 'd:/DOPAMS/node_modules' does not exist, skipping all lookups in it.
Scoped package detected, looking in 'typescript__lib-es2019/array'
Directory 'd:/node_modules' does not exist, skipping all lookups in it.
Scoped package detected, looking in 'typescript__lib-es2019/array'
Loading module '@typescript/lib-es2019/array' from 'node_modules' folder, target file types: JavaScript.
Searching all ancestor node_modules directories for fallback extensions: JavaScript.
Directory 'd:/DOPAMS/Toystack/node_modules' does not exist, skipping all lookups in it.
Directory 'd:/DOPAMS/node_modules' does not exist, skipping all lookups in it.
Directory 'd:/node_modules' does not exist, skipping all lookups in it.
======== Module name '@typescript/lib-es2019/array' was not resolved. ========
File 'd:/DOPAMS/Toystack/dopams-backend-staging/node_modules/typescript/lib/package.json' does not exist according to earlier cached lookups.
File 'd:/DOPAMS/Toystack/dopams-backend-staging/node_modules/typescript/package.json' exists according to earlier cached lookups.
======== Resolving module '@typescript/lib-es2019/object' from 'd:/DOPAMS/Toystack/dopams-backend-staging/__lib_node_modules_lookup_lib.es2019.object.d.ts__.ts'. ========
Explicitly specified module resolution kind: 'Node10'.
Loading module '@typescript/lib-es2019/object' from 'node_modules' folder, target file types: TypeScript, Declaration.
Searching all ancestor node_modules directories for preferred extensions: TypeScript, Declaration.
Scoped package detected, looking in 'typescript__lib-es2019/object'
Directory 'd:/DOPAMS/Toystack/node_modules' does not exist, skipping all lookups in it.
Scoped package detected, looking in 'typescript__lib-es2019/object'
Directory 'd:/DOPAMS/node_modules' does not exist, skipping all lookups in it.
Scoped package detected, looking in 'typescript__lib-es2019/object'
Directory 'd:/node_modules' does not exist, skipping all lookups in it.
Scoped package detected, looking in 'typescript__lib-es2019/object'
Loading module '@typescript/lib-es2019/object' from 'node_modules' folder, target file types: JavaScript.
Searching all ancestor node_modules directories for fallback extensions: JavaScript.
Directory 'd:/DOPAMS/Toystack/node_modules' does not exist, skipping all lookups in it.
Directory 'd:/DOPAMS/node_modules' does not exist, skipping all lookups in it.
Directory 'd:/node_modules' does not exist, skipping all lookups in it.
======== Module name '@typescript/lib-es2019/object' was not resolved. ========
File 'd:/DOPAMS/Toystack/dopams-backend-staging/node_modules/typescript/lib/package.json' does not exist according to earlier cached lookups.
File 'd:/DOPAMS/Toystack/dopams-backend-staging/node_modules/typescript/package.json' exists according to earlier cached lookups.
======== Resolving module '@typescript/lib-es2019/string' from 'd:/DOPAMS/Toystack/dopams-backend-staging/__lib_node_modules_lookup_lib.es2019.string.d.ts__.ts'. ========
Explicitly specified module resolution kind: 'Node10'.
Loading module '@typescript/lib-es2019/string' from 'node_modules' folder, target file types: TypeScript, Declaration.
Searching all ancestor node_modules directories for preferred extensions: TypeScript, Declaration.
Scoped package detected, looking in 'typescript__lib-es2019/string'
Directory 'd:/DOPAMS/Toystack/node_modules' does not exist, skipping all lookups in it.
Scoped package detected, looking in 'typescript__lib-es2019/string'
Directory 'd:/DOPAMS/node_modules' does not exist, skipping all lookups in it.
Scoped package detected, looking in 'typescript__lib-es2019/string'
Directory 'd:/node_modules' does not exist, skipping all lookups in it.
Scoped package detected, looking in 'typescript__lib-es2019/string'
Loading module '@typescript/lib-es2019/string' from 'node_modules' folder, target file types: JavaScript.
Searching all ancestor node_modules directories for fallback extensions: JavaScript.
Directory 'd:/DOPAMS/Toystack/node_modules' does not exist, skipping all lookups in it.
Directory 'd:/DOPAMS/node_modules' does not exist, skipping all lookups in it.
Directory 'd:/node_modules' does not exist, skipping all lookups in it.
======== Module name '@typescript/lib-es2019/string' was not resolved. ========
File 'd:/DOPAMS/Toystack/dopams-backend-staging/node_modules/typescript/lib/package.json' does not exist according to earlier cached lookups.
File 'd:/DOPAMS/Toystack/dopams-backend-staging/node_modules/typescript/package.json' exists according to earlier cached lookups.
======== Resolving module '@typescript/lib-es2019/symbol' from 'd:/DOPAMS/Toystack/dopams-backend-staging/__lib_node_modules_lookup_lib.es2019.symbol.d.ts__.ts'. ========
Explicitly specified module resolution kind: 'Node10'.
Loading module '@typescript/lib-es2019/symbol' from 'node_modules' folder, target file types: TypeScript, Declaration.
Searching all ancestor node_modules directories for preferred extensions: TypeScript, Declaration.
Scoped package detected, looking in 'typescript__lib-es2019/symbol'
Directory 'd:/DOPAMS/Toystack/node_modules' does not exist, skipping all lookups in it.
Scoped package detected, looking in 'typescript__lib-es2019/symbol'
Directory 'd:/DOPAMS/node_modules' does not exist, skipping all lookups in it.
Scoped package detected, looking in 'typescript__lib-es2019/symbol'
Directory 'd:/node_modules' does not exist, skipping all lookups in it.
Scoped package detected, looking in 'typescript__lib-es2019/symbol'
Loading module '@typescript/lib-es2019/symbol' from 'node_modules' folder, target file types: JavaScript.
Searching all ancestor node_modules directories for fallback extensions: JavaScript.
Directory 'd:/DOPAMS/Toystack/node_modules' does not exist, skipping all lookups in it.
Directory 'd:/DOPAMS/node_modules' does not exist, skipping all lookups in it.
Directory 'd:/node_modules' does not exist, skipping all lookups in it.
======== Module name '@typescript/lib-es2019/symbol' was not resolved. ========
File 'd:/DOPAMS/Toystack/dopams-backend-staging/node_modules/typescript/lib/package.json' does not exist according to earlier cached lookups.
File 'd:/DOPAMS/Toystack/dopams-backend-staging/node_modules/typescript/package.json' exists according to earlier cached lookups.
======== Resolving module '@typescript/lib-es2019/intl' from 'd:/DOPAMS/Toystack/dopams-backend-staging/__lib_node_modules_lookup_lib.es2019.intl.d.ts__.ts'. ========
Explicitly specified module resolution kind: 'Node10'.
Loading module '@typescript/lib-es2019/intl' from 'node_modules' folder, target file types: TypeScript, Declaration.
Searching all ancestor node_modules directories for preferred extensions: TypeScript, Declaration.
Scoped package detected, looking in 'typescript__lib-es2019/intl'
Directory 'd:/DOPAMS/Toystack/node_modules' does not exist, skipping all lookups in it.
Scoped package detected, looking in 'typescript__lib-es2019/intl'
Directory 'd:/DOPAMS/node_modules' does not exist, skipping all lookups in it.
Scoped package detected, looking in 'typescript__lib-es2019/intl'
Directory 'd:/node_modules' does not exist, skipping all lookups in it.
Scoped package detected, looking in 'typescript__lib-es2019/intl'
Loading module '@typescript/lib-es2019/intl' from 'node_modules' folder, target file types: JavaScript.
Searching all ancestor node_modules directories for fallback extensions: JavaScript.
Directory 'd:/DOPAMS/Toystack/node_modules' does not exist, skipping all lookups in it.
Directory 'd:/DOPAMS/node_modules' does not exist, skipping all lookups in it.
Directory 'd:/node_modules' does not exist, skipping all lookups in it.
======== Module name '@typescript/lib-es2019/intl' was not resolved. ========
File 'd:/DOPAMS/Toystack/dopams-backend-staging/node_modules/typescript/lib/package.json' does not exist according to earlier cached lookups.
File 'd:/DOPAMS/Toystack/dopams-backend-staging/node_modules/typescript/package.json' exists according to earlier cached lookups.
======== Resolving module '@typescript/lib-es2020/bigint' from 'd:/DOPAMS/Toystack/dopams-backend-staging/__lib_node_modules_lookup_lib.es2020.bigint.d.ts__.ts'. ========
Explicitly specified module resolution kind: 'Node10'.
Loading module '@typescript/lib-es2020/bigint' from 'node_modules' folder, target file types: TypeScript, Declaration.
Searching all ancestor node_modules directories for preferred extensions: TypeScript, Declaration.
Scoped package detected, looking in 'typescript__lib-es2020/bigint'
Directory 'd:/DOPAMS/Toystack/node_modules' does not exist, skipping all lookups in it.
Scoped package detected, looking in 'typescript__lib-es2020/bigint'
Directory 'd:/DOPAMS/node_modules' does not exist, skipping all lookups in it.
Scoped package detected, looking in 'typescript__lib-es2020/bigint'
Directory 'd:/node_modules' does not exist, skipping all lookups in it.
Scoped package detected, looking in 'typescript__lib-es2020/bigint'
Loading module '@typescript/lib-es2020/bigint' from 'node_modules' folder, target file types: JavaScript.
Searching all ancestor node_modules directories for fallback extensions: JavaScript.
Directory 'd:/DOPAMS/Toystack/node_modules' does not exist, skipping all lookups in it.
Directory 'd:/DOPAMS/node_modules' does not exist, skipping all lookups in it.
Directory 'd:/node_modules' does not exist, skipping all lookups in it.
======== Module name '@typescript/lib-es2020/bigint' was not resolved. ========
File 'd:/DOPAMS/Toystack/dopams-backend-staging/node_modules/typescript/lib/package.json' does not exist according to earlier cached lookups.
File 'd:/DOPAMS/Toystack/dopams-backend-staging/node_modules/typescript/package.json' exists according to earlier cached lookups.
======== Resolving module '@typescript/lib-es2020/intl' from 'd:/DOPAMS/Toystack/dopams-backend-staging/__lib_node_modules_lookup_lib.es2020.intl.d.ts__.ts'. ========
Explicitly specified module resolution kind: 'Node10'.
Loading module '@typescript/lib-es2020/intl' from 'node_modules' folder, target file types: TypeScript, Declaration.
Searching all ancestor node_modules directories for preferred extensions: TypeScript, Declaration.
Scoped package detected, looking in 'typescript__lib-es2020/intl'
Directory 'd:/DOPAMS/Toystack/node_modules' does not exist, skipping all lookups in it.
Scoped package detected, looking in 'typescript__lib-es2020/intl'
Directory 'd:/DOPAMS/node_modules' does not exist, skipping all lookups in it.
Scoped package detected, looking in 'typescript__lib-es2020/intl'
Directory 'd:/node_modules' does not exist, skipping all lookups in it.
Scoped package detected, looking in 'typescript__lib-es2020/intl'
Loading module '@typescript/lib-es2020/intl' from 'node_modules' folder, target file types: JavaScript.
Searching all ancestor node_modules directories for fallback extensions: JavaScript.
Directory 'd:/DOPAMS/Toystack/node_modules' does not exist, skipping all lookups in it.
Directory 'd:/DOPAMS/node_modules' does not exist, skipping all lookups in it.
Directory 'd:/node_modules' does not exist, skipping all lookups in it.
======== Module name '@typescript/lib-es2020/intl' was not resolved. ========
File 'd:/DOPAMS/Toystack/dopams-backend-staging/node_modules/typescript/lib/package.json' does not exist according to earlier cached lookups.
File 'd:/DOPAMS/Toystack/dopams-backend-staging/node_modules/typescript/package.json' exists according to earlier cached lookups.
======== Resolving module '@typescript/lib-es2020/date' from 'd:/DOPAMS/Toystack/dopams-backend-staging/__lib_node_modules_lookup_lib.es2020.date.d.ts__.ts'. ========
Explicitly specified module resolution kind: 'Node10'.
Loading module '@typescript/lib-es2020/date' from 'node_modules' folder, target file types: TypeScript, Declaration.
Searching all ancestor node_modules directories for preferred extensions: TypeScript, Declaration.
Scoped package detected, looking in 'typescript__lib-es2020/date'
Directory 'd:/DOPAMS/Toystack/node_modules' does not exist, skipping all lookups in it.
Scoped package detected, looking in 'typescript__lib-es2020/date'
Directory 'd:/DOPAMS/node_modules' does not exist, skipping all lookups in it.
Scoped package detected, looking in 'typescript__lib-es2020/date'
Directory 'd:/node_modules' does not exist, skipping all lookups in it.
Scoped package detected, looking in 'typescript__lib-es2020/date'
Loading module '@typescript/lib-es2020/date' from 'node_modules' folder, target file types: JavaScript.
Searching all ancestor node_modules directories for fallback extensions: JavaScript.
Directory 'd:/DOPAMS/Toystack/node_modules' does not exist, skipping all lookups in it.
Directory 'd:/DOPAMS/node_modules' does not exist, skipping all lookups in it.
Directory 'd:/node_modules' does not exist, skipping all lookups in it.
======== Module name '@typescript/lib-es2020/date' was not resolved. ========
File 'd:/DOPAMS/Toystack/dopams-backend-staging/node_modules/typescript/lib/package.json' does not exist according to earlier cached lookups.
File 'd:/DOPAMS/Toystack/dopams-backend-staging/node_modules/typescript/package.json' exists according to earlier cached lookups.
======== Resolving module '@typescript/lib-es2020/number' from 'd:/DOPAMS/Toystack/dopams-backend-staging/__lib_node_modules_lookup_lib.es2020.number.d.ts__.ts'. ========
Explicitly specified module resolution kind: 'Node10'.
Loading module '@typescript/lib-es2020/number' from 'node_modules' folder, target file types: TypeScript, Declaration.
Searching all ancestor node_modules directories for preferred extensions: TypeScript, Declaration.
Scoped package detected, looking in 'typescript__lib-es2020/number'
Directory 'd:/DOPAMS/Toystack/node_modules' does not exist, skipping all lookups in it.
Scoped package detected, looking in 'typescript__lib-es2020/number'
Directory 'd:/DOPAMS/node_modules' does not exist, skipping all lookups in it.
Scoped package detected, looking in 'typescript__lib-es2020/number'
Directory 'd:/node_modules' does not exist, skipping all lookups in it.
Scoped package detected, looking in 'typescript__lib-es2020/number'
Loading module '@typescript/lib-es2020/number' from 'node_modules' folder, target file types: JavaScript.
Searching all ancestor node_modules directories for fallback extensions: JavaScript.
Directory 'd:/DOPAMS/Toystack/node_modules' does not exist, skipping all lookups in it.
Directory 'd:/DOPAMS/node_modules' does not exist, skipping all lookups in it.
Directory 'd:/node_modules' does not exist, skipping all lookups in it.
======== Module name '@typescript/lib-es2020/number' was not resolved. ========
File 'd:/DOPAMS/Toystack/dopams-backend-staging/node_modules/typescript/lib/package.json' does not exist according to earlier cached lookups.
File 'd:/DOPAMS/Toystack/dopams-backend-staging/node_modules/typescript/package.json' exists according to earlier cached lookups.
======== Resolving module '@typescript/lib-es2020/promise' from 'd:/DOPAMS/Toystack/dopams-backend-staging/__lib_node_modules_lookup_lib.es2020.promise.d.ts__.ts'. ========
Explicitly specified module resolution kind: 'Node10'.
Loading module '@typescript/lib-es2020/promise' from 'node_modules' folder, target file types: TypeScript, Declaration.
Searching all ancestor node_modules directories for preferred extensions: TypeScript, Declaration.
Scoped package detected, looking in 'typescript__lib-es2020/promise'
Directory 'd:/DOPAMS/Toystack/node_modules' does not exist, skipping all lookups in it.
Scoped package detected, looking in 'typescript__lib-es2020/promise'
Directory 'd:/DOPAMS/node_modules' does not exist, skipping all lookups in it.
Scoped package detected, looking in 'typescript__lib-es2020/promise'
Directory 'd:/node_modules' does not exist, skipping all lookups in it.
Scoped package detected, looking in 'typescript__lib-es2020/promise'
Loading module '@typescript/lib-es2020/promise' from 'node_modules' folder, target file types: JavaScript.
Searching all ancestor node_modules directories for fallback extensions: JavaScript.
Directory 'd:/DOPAMS/Toystack/node_modules' does not exist, skipping all lookups in it.
Directory 'd:/DOPAMS/node_modules' does not exist, skipping all lookups in it.
Directory 'd:/node_modules' does not exist, skipping all lookups in it.
======== Module name '@typescript/lib-es2020/promise' was not resolved. ========
File 'd:/DOPAMS/Toystack/dopams-backend-staging/node_modules/typescript/lib/package.json' does not exist according to earlier cached lookups.
File 'd:/DOPAMS/Toystack/dopams-backend-staging/node_modules/typescript/package.json' exists according to earlier cached lookups.
======== Resolving module '@typescript/lib-es2020/sharedmemory' from 'd:/DOPAMS/Toystack/dopams-backend-staging/__lib_node_modules_lookup_lib.es2020.sharedmemory.d.ts__.ts'. ========
Explicitly specified module resolution kind: 'Node10'.
Loading module '@typescript/lib-es2020/sharedmemory' from 'node_modules' folder, target file types: TypeScript, Declaration.
Searching all ancestor node_modules directories for preferred extensions: TypeScript, Declaration.
Scoped package detected, looking in 'typescript__lib-es2020/sharedmemory'
Directory 'd:/DOPAMS/Toystack/node_modules' does not exist, skipping all lookups in it.
Scoped package detected, looking in 'typescript__lib-es2020/sharedmemory'
Directory 'd:/DOPAMS/node_modules' does not exist, skipping all lookups in it.
Scoped package detected, looking in 'typescript__lib-es2020/sharedmemory'
Directory 'd:/node_modules' does not exist, skipping all lookups in it.
Scoped package detected, looking in 'typescript__lib-es2020/sharedmemory'
Loading module '@typescript/lib-es2020/sharedmemory' from 'node_modules' folder, target file types: JavaScript.
Searching all ancestor node_modules directories for fallback extensions: JavaScript.
Directory 'd:/DOPAMS/Toystack/node_modules' does not exist, skipping all lookups in it.
Directory 'd:/DOPAMS/node_modules' does not exist, skipping all lookups in it.
Directory 'd:/node_modules' does not exist, skipping all lookups in it.
======== Module name '@typescript/lib-es2020/sharedmemory' was not resolved. ========
File 'd:/DOPAMS/Toystack/dopams-backend-staging/node_modules/typescript/lib/package.json' does not exist according to earlier cached lookups.
File 'd:/DOPAMS/Toystack/dopams-backend-staging/node_modules/typescript/package.json' exists according to earlier cached lookups.
======== Resolving module '@typescript/lib-es2020/string' from 'd:/DOPAMS/Toystack/dopams-backend-staging/__lib_node_modules_lookup_lib.es2020.string.d.ts__.ts'. ========
Explicitly specified module resolution kind: 'Node10'.
Loading module '@typescript/lib-es2020/string' from 'node_modules' folder, target file types: TypeScript, Declaration.
Searching all ancestor node_modules directories for preferred extensions: TypeScript, Declaration.
Scoped package detected, looking in 'typescript__lib-es2020/string'
Directory 'd:/DOPAMS/Toystack/node_modules' does not exist, skipping all lookups in it.
Scoped package detected, looking in 'typescript__lib-es2020/string'
Directory 'd:/DOPAMS/node_modules' does not exist, skipping all lookups in it.
Scoped package detected, looking in 'typescript__lib-es2020/string'
Directory 'd:/node_modules' does not exist, skipping all lookups in it.
Scoped package detected, looking in 'typescript__lib-es2020/string'
Loading module '@typescript/lib-es2020/string' from 'node_modules' folder, target file types: JavaScript.
Searching all ancestor node_modules directories for fallback extensions: JavaScript.
Directory 'd:/DOPAMS/Toystack/node_modules' does not exist, skipping all lookups in it.
Directory 'd:/DOPAMS/node_modules' does not exist, skipping all lookups in it.
Directory 'd:/node_modules' does not exist, skipping all lookups in it.
======== Module name '@typescript/lib-es2020/string' was not resolved. ========
File 'd:/DOPAMS/Toystack/dopams-backend-staging/node_modules/typescript/lib/package.json' does not exist according to earlier cached lookups.
File 'd:/DOPAMS/Toystack/dopams-backend-staging/node_modules/typescript/package.json' exists according to earlier cached lookups.
======== Resolving module '@typescript/lib-es2020/symbol-wellknown' from 'd:/DOPAMS/Toystack/dopams-backend-staging/__lib_node_modules_lookup_lib.es2020.symbol.wellknown.d.ts__.ts'. ========
Explicitly specified module resolution kind: 'Node10'.
Loading module '@typescript/lib-es2020/symbol-wellknown' from 'node_modules' folder, target file types: TypeScript, Declaration.
Searching all ancestor node_modules directories for preferred extensions: TypeScript, Declaration.
Scoped package detected, looking in 'typescript__lib-es2020/symbol-wellknown'
Directory 'd:/DOPAMS/Toystack/node_modules' does not exist, skipping all lookups in it.
Scoped package detected, looking in 'typescript__lib-es2020/symbol-wellknown'
Directory 'd:/DOPAMS/node_modules' does not exist, skipping all lookups in it.
Scoped package detected, looking in 'typescript__lib-es2020/symbol-wellknown'
Directory 'd:/node_modules' does not exist, skipping all lookups in it.
Scoped package detected, looking in 'typescript__lib-es2020/symbol-wellknown'
Loading module '@typescript/lib-es2020/symbol-wellknown' from 'node_modules' folder, target file types: JavaScript.
Searching all ancestor node_modules directories for fallback extensions: JavaScript.
Directory 'd:/DOPAMS/Toystack/node_modules' does not exist, skipping all lookups in it.
Directory 'd:/DOPAMS/node_modules' does not exist, skipping all lookups in it.
Directory 'd:/node_modules' does not exist, skipping all lookups in it.
======== Module name '@typescript/lib-es2020/symbol-wellknown' was not resolved. ========
File 'd:/DOPAMS/Toystack/dopams-backend-staging/node_modules/typescript/lib/package.json' does not exist according to earlier cached lookups.
File 'd:/DOPAMS/Toystack/dopams-backend-staging/node_modules/typescript/package.json' exists according to earlier cached lookups.
======== Resolving module 'send' from 'd:/DOPAMS/Toystack/dopams-backend-staging/node_modules/@types/express-serve-static-core/index.d.ts'. ========
Explicitly specified module resolution kind: 'Node10'.
'baseUrl' option is set to 'd:/DOPAMS/Toystack/dopams-backend-staging/src', using this value to resolve non-relative module name 'send'.
'paths' option is specified, looking for a pattern to match module name 'send'.
'baseUrl' option is set to 'd:/DOPAMS/Toystack/dopams-backend-staging/src', using this value to resolve non-relative module name 'send'.
Resolving module name 'send' relative to base url 'd:/DOPAMS/Toystack/dopams-backend-staging/src' - 'd:/DOPAMS/Toystack/dopams-backend-staging/src/send'.
Loading module as file / folder, candidate module location 'd:/DOPAMS/Toystack/dopams-backend-staging/src/send', target file types: TypeScript, Declaration.
File 'd:/DOPAMS/Toystack/dopams-backend-staging/src/send.ts' does not exist.
File 'd:/DOPAMS/Toystack/dopams-backend-staging/src/send.tsx' does not exist.
File 'd:/DOPAMS/Toystack/dopams-backend-staging/src/send.d.ts' does not exist.
Directory 'd:/DOPAMS/Toystack/dopams-backend-staging/src/send' does not exist, skipping all lookups in it.
Loading module 'send' from 'node_modules' folder, target file types: TypeScript, Declaration.
Searching all ancestor node_modules directories for preferred extensions: TypeScript, Declaration.
Directory 'd:/DOPAMS/Toystack/dopams-backend-staging/node_modules/@types/express-serve-static-core/node_modules' does not exist, skipping all lookups in it.
Directory 'd:/DOPAMS/Toystack/dopams-backend-staging/node_modules/@types/node_modules' does not exist, skipping all lookups in it.
Found 'package.json' at 'd:/DOPAMS/Toystack/dopams-backend-staging/node_modules/send/package.json'.
File 'd:/DOPAMS/Toystack/dopams-backend-staging/node_modules/send.ts' does not exist.
File 'd:/DOPAMS/Toystack/dopams-backend-staging/node_modules/send.tsx' does not exist.
File 'd:/DOPAMS/Toystack/dopams-backend-staging/node_modules/send.d.ts' does not exist.
'package.json' does not have a 'typesVersions' field.
'package.json' does not have a 'typings' field.
'package.json' does not have a 'types' field.
'package.json' does not have a 'main' field.
File 'd:/DOPAMS/Toystack/dopams-backend-staging/node_modules/send/index.ts' does not exist.
File 'd:/DOPAMS/Toystack/dopams-backend-staging/node_modules/send/index.tsx' does not exist.
File 'd:/DOPAMS/Toystack/dopams-backend-staging/node_modules/send/index.d.ts' does not exist.
Found 'package.json' at 'd:/DOPAMS/Toystack/dopams-backend-staging/node_modules/@types/send/package.json'.
File 'd:/DOPAMS/Toystack/dopams-backend-staging/node_modules/@types/send.d.ts' does not exist.
'package.json' does not have a 'typesVersions' field.
'package.json' does not have a 'typings' field.
'package.json' has 'types' field 'index.d.ts' that references 'd:/DOPAMS/Toystack/dopams-backend-staging/node_modules/@types/send/index.d.ts'.
File 'd:/DOPAMS/Toystack/dopams-backend-staging/node_modules/@types/send/index.d.ts' exists - use it as a name resolution result.
'package.json' has a 'peerDependencies' field.
Resolving real path for 'd:/DOPAMS/Toystack/dopams-backend-staging/node_modules/@types/send', result 'D:/DOPAMS/Toystack/dopams-backend-staging/node_modules/@types/send'.
Resolving real path for 'd:/DOPAMS/Toystack/dopams-backend-staging/node_modules/@types/send/index.d.ts', result 'D:/DOPAMS/Toystack/dopams-backend-staging/node_modules/@types/send/index.d.ts'.
======== Module name 'send' was successfully resolved to 'd:/DOPAMS/Toystack/dopams-backend-staging/node_modules/@types/send/index.d.ts' with Package ID '@types/send/index.d.ts@1.2.1'. ========
======== Resolving module 'events' from 'd:/DOPAMS/Toystack/dopams-backend-staging/node_modules/@types/express-serve-static-core/index.d.ts'. ========
Explicitly specified module resolution kind: 'Node10'.
'baseUrl' option is set to 'd:/DOPAMS/Toystack/dopams-backend-staging/src', using this value to resolve non-relative module name 'events'.
'paths' option is specified, looking for a pattern to match module name 'events'.
'baseUrl' option is set to 'd:/DOPAMS/Toystack/dopams-backend-staging/src', using this value to resolve non-relative module name 'events'.
Resolving module name 'events' relative to base url 'd:/DOPAMS/Toystack/dopams-backend-staging/src' - 'd:/DOPAMS/Toystack/dopams-backend-staging/src/events'.
Loading module as file / folder, candidate module location 'd:/DOPAMS/Toystack/dopams-backend-staging/src/events', target file types: TypeScript, Declaration.
File 'd:/DOPAMS/Toystack/dopams-backend-staging/src/events.ts' does not exist.
File 'd:/DOPAMS/Toystack/dopams-backend-staging/src/events.tsx' does not exist.
File 'd:/DOPAMS/Toystack/dopams-backend-staging/src/events.d.ts' does not exist.
Directory 'd:/DOPAMS/Toystack/dopams-backend-staging/src/events' does not exist, skipping all lookups in it.
Loading module 'events' from 'node_modules' folder, target file types: TypeScript, Declaration.
Searching all ancestor node_modules directories for preferred extensions: TypeScript, Declaration.
Directory 'd:/DOPAMS/Toystack/dopams-backend-staging/node_modules/@types/express-serve-static-core/node_modules' does not exist, skipping all lookups in it.
Resolution for module 'events' was found in cache from location 'd:/DOPAMS/Toystack/dopams-backend-staging/node_modules/@types'.
======== Module name 'events' was successfully resolved to 'd:/DOPAMS/Toystack/dopams-backend-staging/node_modules/events/events.js' with Package ID 'events/events.js@1.1.1'. ========
======== Resolving module 'http' from 'd:/DOPAMS/Toystack/dopams-backend-staging/node_modules/@types/express-serve-static-core/index.d.ts'. ========
Explicitly specified module resolution kind: 'Node10'.
'baseUrl' option is set to 'd:/DOPAMS/Toystack/dopams-backend-staging/src', using this value to resolve non-relative module name 'http'.
'paths' option is specified, looking for a pattern to match module name 'http'.
'baseUrl' option is set to 'd:/DOPAMS/Toystack/dopams-backend-staging/src', using this value to resolve non-relative module name 'http'.
Resolving module name 'http' relative to base url 'd:/DOPAMS/Toystack/dopams-backend-staging/src' - 'd:/DOPAMS/Toystack/dopams-backend-staging/src/http'.
Loading module as file / folder, candidate module location 'd:/DOPAMS/Toystack/dopams-backend-staging/src/http', target file types: TypeScript, Declaration.
File 'd:/DOPAMS/Toystack/dopams-backend-staging/src/http.ts' does not exist.
File 'd:/DOPAMS/Toystack/dopams-backend-staging/src/http.tsx' does not exist.
File 'd:/DOPAMS/Toystack/dopams-backend-staging/src/http.d.ts' does not exist.
Directory 'd:/DOPAMS/Toystack/dopams-backend-staging/src/http' does not exist, skipping all lookups in it.
Loading module 'http' from 'node_modules' folder, target file types: TypeScript, Declaration.
Searching all ancestor node_modules directories for preferred extensions: TypeScript, Declaration.
Directory 'd:/DOPAMS/Toystack/dopams-backend-staging/node_modules/@types/express-serve-static-core/node_modules' does not exist, skipping all lookups in it.
Resolution for module 'http' was found in cache from location 'd:/DOPAMS/Toystack/dopams-backend-staging/node_modules/@types'.
======== Module name 'http' was not resolved. ========
======== Resolving module 'qs' from 'd:/DOPAMS/Toystack/dopams-backend-staging/node_modules/@types/express-serve-static-core/index.d.ts'. ========
Explicitly specified module resolution kind: 'Node10'.
'baseUrl' option is set to 'd:/DOPAMS/Toystack/dopams-backend-staging/src', using this value to resolve non-relative module name 'qs'.
'paths' option is specified, looking for a pattern to match module name 'qs'.
'baseUrl' option is set to 'd:/DOPAMS/Toystack/dopams-backend-staging/src', using this value to resolve non-relative module name 'qs'.
Resolving module name 'qs' relative to base url 'd:/DOPAMS/Toystack/dopams-backend-staging/src' - 'd:/DOPAMS/Toystack/dopams-backend-staging/src/qs'.
Loading module as file / folder, candidate module location 'd:/DOPAMS/Toystack/dopams-backend-staging/src/qs', target file types: TypeScript, Declaration.
File 'd:/DOPAMS/Toystack/dopams-backend-staging/src/qs.ts' does not exist.
File 'd:/DOPAMS/Toystack/dopams-backend-staging/src/qs.tsx' does not exist.
File 'd:/DOPAMS/Toystack/dopams-backend-staging/src/qs.d.ts' does not exist.
Directory 'd:/DOPAMS/Toystack/dopams-backend-staging/src/qs' does not exist, skipping all lookups in it.
Loading module 'qs' from 'node_modules' folder, target file types: TypeScript, Declaration.
Searching all ancestor node_modules directories for preferred extensions: TypeScript, Declaration.
Directory 'd:/DOPAMS/Toystack/dopams-backend-staging/node_modules/@types/express-serve-static-core/node_modules' does not exist, skipping all lookups in it.
Directory 'd:/DOPAMS/Toystack/dopams-backend-staging/node_modules/@types/node_modules' does not exist, skipping all lookups in it.
Found 'package.json' at 'd:/DOPAMS/Toystack/dopams-backend-staging/node_modules/qs/package.json'.
File 'd:/DOPAMS/Toystack/dopams-backend-staging/node_modules/qs.ts' does not exist.
File 'd:/DOPAMS/Toystack/dopams-backend-staging/node_modules/qs.tsx' does not exist.
File 'd:/DOPAMS/Toystack/dopams-backend-staging/node_modules/qs.d.ts' does not exist.
'package.json' does not have a 'typesVersions' field.
'package.json' does not have a 'typings' field.
'package.json' does not have a 'types' field.
'package.json' has 'main' field 'lib/index.js' that references 'd:/DOPAMS/Toystack/dopams-backend-staging/node_modules/qs/lib/index.js'.
File name 'd:/DOPAMS/Toystack/dopams-backend-staging/node_modules/qs/lib/index.js' has a '.js' extension - stripping it.
File 'd:/DOPAMS/Toystack/dopams-backend-staging/node_modules/qs/lib/index.ts' does not exist.
File 'd:/DOPAMS/Toystack/dopams-backend-staging/node_modules/qs/lib/index.tsx' does not exist.
File 'd:/DOPAMS/Toystack/dopams-backend-staging/node_modules/qs/lib/index.d.ts' does not exist.
Loading module as file / folder, candidate module location 'd:/DOPAMS/Toystack/dopams-backend-staging/node_modules/qs/lib/index.js', target file types: TypeScript, Declaration.
File name 'd:/DOPAMS/Toystack/dopams-backend-staging/node_modules/qs/lib/index.js' has a '.js' extension - stripping it.
File 'd:/DOPAMS/Toystack/dopams-backend-staging/node_modules/qs/lib/index.ts' does not exist.
File 'd:/DOPAMS/Toystack/dopams-backend-staging/node_modules/qs/lib/index.tsx' does not exist.
File 'd:/DOPAMS/Toystack/dopams-backend-staging/node_modules/qs/lib/index.d.ts' does not exist.
File 'd:/DOPAMS/Toystack/dopams-backend-staging/node_modules/qs/lib/index.js.ts' does not exist.
File 'd:/DOPAMS/Toystack/dopams-backend-staging/node_modules/qs/lib/index.js.tsx' does not exist.
File 'd:/DOPAMS/Toystack/dopams-backend-staging/node_modules/qs/lib/index.js.d.ts' does not exist.
Directory 'd:/DOPAMS/Toystack/dopams-backend-staging/node_modules/qs/lib/index.js' does not exist, skipping all lookups in it.
File 'd:/DOPAMS/Toystack/dopams-backend-staging/node_modules/qs/index.ts' does not exist.
File 'd:/DOPAMS/Toystack/dopams-backend-staging/node_modules/qs/index.tsx' does not exist.
File 'd:/DOPAMS/Toystack/dopams-backend-staging/node_modules/qs/index.d.ts' does not exist.
Found 'package.json' at 'd:/DOPAMS/Toystack/dopams-backend-staging/node_modules/@types/qs/package.json'.
File 'd:/DOPAMS/Toystack/dopams-backend-staging/node_modules/@types/qs.d.ts' does not exist.
'package.json' does not have a 'typesVersions' field.
'package.json' does not have a 'typings' field.
'package.json' has 'types' field 'index.d.ts' that references 'd:/DOPAMS/Toystack/dopams-backend-staging/node_modules/@types/qs/index.d.ts'.
File 'd:/DOPAMS/Toystack/dopams-backend-staging/node_modules/@types/qs/index.d.ts' exists - use it as a name resolution result.
'package.json' has a 'peerDependencies' field.
Resolving real path for 'd:/DOPAMS/Toystack/dopams-backend-staging/node_modules/@types/qs', result 'D:/DOPAMS/Toystack/dopams-backend-staging/node_modules/@types/qs'.
Resolving real path for 'd:/DOPAMS/Toystack/dopams-backend-staging/node_modules/@types/qs/index.d.ts', result 'D:/DOPAMS/Toystack/dopams-backend-staging/node_modules/@types/qs/index.d.ts'.
======== Module name 'qs' was successfully resolved to 'd:/DOPAMS/Toystack/dopams-backend-staging/node_modules/@types/qs/index.d.ts' with Package ID '@types/qs/index.d.ts@6.14.0'. ========
======== Resolving module 'range-parser' from 'd:/DOPAMS/Toystack/dopams-backend-staging/node_modules/@types/express-serve-static-core/index.d.ts'. ========
Explicitly specified module resolution kind: 'Node10'.
'baseUrl' option is set to 'd:/DOPAMS/Toystack/dopams-backend-staging/src', using this value to resolve non-relative module name 'range-parser'.
'paths' option is specified, looking for a pattern to match module name 'range-parser'.
'baseUrl' option is set to 'd:/DOPAMS/Toystack/dopams-backend-staging/src', using this value to resolve non-relative module name 'range-parser'.
Resolving module name 'range-parser' relative to base url 'd:/DOPAMS/Toystack/dopams-backend-staging/src' - 'd:/DOPAMS/Toystack/dopams-backend-staging/src/range-parser'.
Loading module as file / folder, candidate module location 'd:/DOPAMS/Toystack/dopams-backend-staging/src/range-parser', target file types: TypeScript, Declaration.
File 'd:/DOPAMS/Toystack/dopams-backend-staging/src/range-parser.ts' does not exist.
File 'd:/DOPAMS/Toystack/dopams-backend-staging/src/range-parser.tsx' does not exist.
File 'd:/DOPAMS/Toystack/dopams-backend-staging/src/range-parser.d.ts' does not exist.
Directory 'd:/DOPAMS/Toystack/dopams-backend-staging/src/range-parser' does not exist, skipping all lookups in it.
Loading module 'range-parser' from 'node_modules' folder, target file types: TypeScript, Declaration.
Searching all ancestor node_modules directories for preferred extensions: TypeScript, Declaration.
Directory 'd:/DOPAMS/Toystack/dopams-backend-staging/node_modules/@types/express-serve-static-core/node_modules' does not exist, skipping all lookups in it.
Directory 'd:/DOPAMS/Toystack/dopams-backend-staging/node_modules/@types/node_modules' does not exist, skipping all lookups in it.
Found 'package.json' at 'd:/DOPAMS/Toystack/dopams-backend-staging/node_modules/range-parser/package.json'.
File 'd:/DOPAMS/Toystack/dopams-backend-staging/node_modules/range-parser.ts' does not exist.
File 'd:/DOPAMS/Toystack/dopams-backend-staging/node_modules/range-parser.tsx' does not exist.
File 'd:/DOPAMS/Toystack/dopams-backend-staging/node_modules/range-parser.d.ts' does not exist.
'package.json' does not have a 'typesVersions' field.
'package.json' does not have a 'typings' field.
'package.json' does not have a 'types' field.
'package.json' does not have a 'main' field.
File 'd:/DOPAMS/Toystack/dopams-backend-staging/node_modules/range-parser/index.ts' does not exist.
File 'd:/DOPAMS/Toystack/dopams-backend-staging/node_modules/range-parser/index.tsx' does not exist.
File 'd:/DOPAMS/Toystack/dopams-backend-staging/node_modules/range-parser/index.d.ts' does not exist.
Found 'package.json' at 'd:/DOPAMS/Toystack/dopams-backend-staging/node_modules/@types/range-parser/package.json'.
File 'd:/DOPAMS/Toystack/dopams-backend-staging/node_modules/@types/range-parser.d.ts' does not exist.
'package.json' does not have a 'typesVersions' field.
'package.json' does not have a 'typings' field.
'package.json' has 'types' field 'index.d.ts' that references 'd:/DOPAMS/Toystack/dopams-backend-staging/node_modules/@types/range-parser/index.d.ts'.
File 'd:/DOPAMS/Toystack/dopams-backend-staging/node_modules/@types/range-parser/index.d.ts' exists - use it as a name resolution result.
'package.json' does not have a 'peerDependencies' field.
Resolving real path for 'd:/DOPAMS/Toystack/dopams-backend-staging/node_modules/@types/range-parser/index.d.ts', result 'D:/DOPAMS/Toystack/dopams-backend-staging/node_modules/@types/range-parser/index.d.ts'.
======== Module name 'range-parser' was successfully resolved to 'd:/DOPAMS/Toystack/dopams-backend-staging/node_modules/@types/range-parser/index.d.ts' with Package ID '@types/range-parser/index.d.ts@1.2.7'. ========
File 'd:/DOPAMS/Toystack/dopams-backend-staging/node_modules/@types/send/package.json' exists according to earlier cached lookups.
======== Resolving type reference directive 'node', containing file 'd:/DOPAMS/Toystack/dopams-backend-staging/node_modules/@types/send/index.d.ts', root directory 'd:/DOPAMS/Toystack/dopams-backend-staging/node_modules/@types,d:/DOPAMS/Toystack/node_modules/@types,d:/DOPAMS/node_modules/@types,d:/node_modules/@types'. ========
Resolving with primary search path 'd:/DOPAMS/Toystack/dopams-backend-staging/node_modules/@types, d:/DOPAMS/Toystack/node_modules/@types, d:/DOPAMS/node_modules/@types, d:/node_modules/@types'.
File 'd:/DOPAMS/Toystack/dopams-backend-staging/node_modules/@types/node/package.json' exists according to earlier cached lookups.
'package.json' does not have a 'typings' field.
'package.json' has 'types' field 'index.d.ts' that references 'd:/DOPAMS/Toystack/dopams-backend-staging/node_modules/@types/node/index.d.ts'.
File 'd:/DOPAMS/Toystack/dopams-backend-staging/node_modules/@types/node/index.d.ts' exists - use it as a name resolution result.
Resolving real path for 'd:/DOPAMS/Toystack/dopams-backend-staging/node_modules/@types/node/index.d.ts', result 'D:/DOPAMS/Toystack/dopams-backend-staging/node_modules/@types/node/index.d.ts'.
======== Type reference directive 'node' was successfully resolved to 'd:/DOPAMS/Toystack/dopams-backend-staging/node_modules/@types/node/index.d.ts' with Package ID '@types/node/index.d.ts@22.19.10', primary: true. ========
======== Resolving module 'fs' from 'd:/DOPAMS/Toystack/dopams-backend-staging/node_modules/@types/send/index.d.ts'. ========
Explicitly specified module resolution kind: 'Node10'.
'baseUrl' option is set to 'd:/DOPAMS/Toystack/dopams-backend-staging/src', using this value to resolve non-relative module name 'fs'.
'paths' option is specified, looking for a pattern to match module name 'fs'.
'baseUrl' option is set to 'd:/DOPAMS/Toystack/dopams-backend-staging/src', using this value to resolve non-relative module name 'fs'.
Resolving module name 'fs' relative to base url 'd:/DOPAMS/Toystack/dopams-backend-staging/src' - 'd:/DOPAMS/Toystack/dopams-backend-staging/src/fs'.
Loading module as file / folder, candidate module location 'd:/DOPAMS/Toystack/dopams-backend-staging/src/fs', target file types: TypeScript, Declaration.
File 'd:/DOPAMS/Toystack/dopams-backend-staging/src/fs.ts' does not exist.
File 'd:/DOPAMS/Toystack/dopams-backend-staging/src/fs.tsx' does not exist.
File 'd:/DOPAMS/Toystack/dopams-backend-staging/src/fs.d.ts' does not exist.
Directory 'd:/DOPAMS/Toystack/dopams-backend-staging/src/fs' does not exist, skipping all lookups in it.
Loading module 'fs' from 'node_modules' folder, target file types: TypeScript, Declaration.
Searching all ancestor node_modules directories for preferred extensions: TypeScript, Declaration.
Directory 'd:/DOPAMS/Toystack/dopams-backend-staging/node_modules/@types/send/node_modules' does not exist, skipping all lookups in it.
Resolution for module 'fs' was found in cache from location 'd:/DOPAMS/Toystack/dopams-backend-staging/node_modules/@types'.
======== Module name 'fs' was not resolved. ========
======== Resolving module 'stream' from 'd:/DOPAMS/Toystack/dopams-backend-staging/node_modules/@types/send/index.d.ts'. ========
Explicitly specified module resolution kind: 'Node10'.
'baseUrl' option is set to 'd:/DOPAMS/Toystack/dopams-backend-staging/src', using this value to resolve non-relative module name 'stream'.
'paths' option is specified, looking for a pattern to match module name 'stream'.
'baseUrl' option is set to 'd:/DOPAMS/Toystack/dopams-backend-staging/src', using this value to resolve non-relative module name 'stream'.
Resolving module name 'stream' relative to base url 'd:/DOPAMS/Toystack/dopams-backend-staging/src' - 'd:/DOPAMS/Toystack/dopams-backend-staging/src/stream'.
Loading module as file / folder, candidate module location 'd:/DOPAMS/Toystack/dopams-backend-staging/src/stream', target file types: TypeScript, Declaration.
File 'd:/DOPAMS/Toystack/dopams-backend-staging/src/stream.ts' does not exist.
File 'd:/DOPAMS/Toystack/dopams-backend-staging/src/stream.tsx' does not exist.
File 'd:/DOPAMS/Toystack/dopams-backend-staging/src/stream.d.ts' does not exist.
Directory 'd:/DOPAMS/Toystack/dopams-backend-staging/src/stream' does not exist, skipping all lookups in it.
Loading module 'stream' from 'node_modules' folder, target file types: TypeScript, Declaration.
Searching all ancestor node_modules directories for preferred extensions: TypeScript, Declaration.
Directory 'd:/DOPAMS/Toystack/dopams-backend-staging/node_modules/@types/send/node_modules' does not exist, skipping all lookups in it.
Resolution for module 'stream' was found in cache from location 'd:/DOPAMS/Toystack/dopams-backend-staging/node_modules/@types'.
======== Module name 'stream' was not resolved. ========
File 'd:/DOPAMS/Toystack/dopams-backend-staging/node_modules/@types/qs/package.json' exists according to earlier cached lookups.
File 'd:/DOPAMS/Toystack/dopams-backend-staging/node_modules/@types/range-parser/package.json' exists according to earlier cached lookups.
File 'd:/DOPAMS/Toystack/dopams-backend-staging/node_modules/@types/serve-static/package.json' exists according to earlier cached lookups.
======== Resolving type reference directive 'node', containing file 'd:/DOPAMS/Toystack/dopams-backend-staging/node_modules/@types/serve-static/index.d.ts', root directory 'd:/DOPAMS/Toystack/dopams-backend-staging/node_modules/@types,d:/DOPAMS/Toystack/node_modules/@types,d:/DOPAMS/node_modules/@types,d:/node_modules/@types'. ========
Resolving with primary search path 'd:/DOPAMS/Toystack/dopams-backend-staging/node_modules/@types, d:/DOPAMS/Toystack/node_modules/@types, d:/DOPAMS/node_modules/@types, d:/node_modules/@types'.
File 'd:/DOPAMS/Toystack/dopams-backend-staging/node_modules/@types/node/package.json' exists according to earlier cached lookups.
'package.json' does not have a 'typings' field.
'package.json' has 'types' field 'index.d.ts' that references 'd:/DOPAMS/Toystack/dopams-backend-staging/node_modules/@types/node/index.d.ts'.
File 'd:/DOPAMS/Toystack/dopams-backend-staging/node_modules/@types/node/index.d.ts' exists - use it as a name resolution result.
Resolving real path for 'd:/DOPAMS/Toystack/dopams-backend-staging/node_modules/@types/node/index.d.ts', result 'D:/DOPAMS/Toystack/dopams-backend-staging/node_modules/@types/node/index.d.ts'.
======== Type reference directive 'node' was successfully resolved to 'd:/DOPAMS/Toystack/dopams-backend-staging/node_modules/@types/node/index.d.ts' with Package ID '@types/node/index.d.ts@22.19.10', primary: true. ========
======== Resolving module 'http' from 'd:/DOPAMS/Toystack/dopams-backend-staging/node_modules/@types/serve-static/index.d.ts'. ========
Explicitly specified module resolution kind: 'Node10'.
'baseUrl' option is set to 'd:/DOPAMS/Toystack/dopams-backend-staging/src', using this value to resolve non-relative module name 'http'.
'paths' option is specified, looking for a pattern to match module name 'http'.
'baseUrl' option is set to 'd:/DOPAMS/Toystack/dopams-backend-staging/src', using this value to resolve non-relative module name 'http'.
Resolving module name 'http' relative to base url 'd:/DOPAMS/Toystack/dopams-backend-staging/src' - 'd:/DOPAMS/Toystack/dopams-backend-staging/src/http'.
Loading module as file / folder, candidate module location 'd:/DOPAMS/Toystack/dopams-backend-staging/src/http', target file types: TypeScript, Declaration.
File 'd:/DOPAMS/Toystack/dopams-backend-staging/src/http.ts' does not exist.
File 'd:/DOPAMS/Toystack/dopams-backend-staging/src/http.tsx' does not exist.
File 'd:/DOPAMS/Toystack/dopams-backend-staging/src/http.d.ts' does not exist.
Directory 'd:/DOPAMS/Toystack/dopams-backend-staging/src/http' does not exist, skipping all lookups in it.
Loading module 'http' from 'node_modules' folder, target file types: TypeScript, Declaration.
Searching all ancestor node_modules directories for preferred extensions: TypeScript, Declaration.
File 'd:/DOPAMS/Toystack/dopams-backend-staging/node_modules/@types/serve-static/node_modules/http.ts' does not exist.
File 'd:/DOPAMS/Toystack/dopams-backend-staging/node_modules/@types/serve-static/node_modules/http.tsx' does not exist.
File 'd:/DOPAMS/Toystack/dopams-backend-staging/node_modules/@types/serve-static/node_modules/http.d.ts' does not exist.
File 'd:/DOPAMS/Toystack/dopams-backend-staging/node_modules/@types/serve-static/node_modules/@types/http.d.ts' does not exist.
Resolution for module 'http' was found in cache from location 'd:/DOPAMS/Toystack/dopams-backend-staging/node_modules/@types'.
======== Module name 'http' was not resolved. ========
======== Resolving module 'http-errors' from 'd:/DOPAMS/Toystack/dopams-backend-staging/node_modules/@types/serve-static/index.d.ts'. ========
Explicitly specified module resolution kind: 'Node10'.
'baseUrl' option is set to 'd:/DOPAMS/Toystack/dopams-backend-staging/src', using this value to resolve non-relative module name 'http-errors'.
'paths' option is specified, looking for a pattern to match module name 'http-errors'.
'baseUrl' option is set to 'd:/DOPAMS/Toystack/dopams-backend-staging/src', using this value to resolve non-relative module name 'http-errors'.
Resolving module name 'http-errors' relative to base url 'd:/DOPAMS/Toystack/dopams-backend-staging/src' - 'd:/DOPAMS/Toystack/dopams-backend-staging/src/http-errors'.
Loading module as file / folder, candidate module location 'd:/DOPAMS/Toystack/dopams-backend-staging/src/http-errors', target file types: TypeScript, Declaration.
File 'd:/DOPAMS/Toystack/dopams-backend-staging/src/http-errors.ts' does not exist.
File 'd:/DOPAMS/Toystack/dopams-backend-staging/src/http-errors.tsx' does not exist.
File 'd:/DOPAMS/Toystack/dopams-backend-staging/src/http-errors.d.ts' does not exist.
Directory 'd:/DOPAMS/Toystack/dopams-backend-staging/src/http-errors' does not exist, skipping all lookups in it.
Loading module 'http-errors' from 'node_modules' folder, target file types: TypeScript, Declaration.
Searching all ancestor node_modules directories for preferred extensions: TypeScript, Declaration.
File 'd:/DOPAMS/Toystack/dopams-backend-staging/node_modules/@types/serve-static/node_modules/http-errors.ts' does not exist.
File 'd:/DOPAMS/Toystack/dopams-backend-staging/node_modules/@types/serve-static/node_modules/http-errors.tsx' does not exist.
File 'd:/DOPAMS/Toystack/dopams-backend-staging/node_modules/@types/serve-static/node_modules/http-errors.d.ts' does not exist.
File 'd:/DOPAMS/Toystack/dopams-backend-staging/node_modules/@types/serve-static/node_modules/@types/http-errors.d.ts' does not exist.
Directory 'd:/DOPAMS/Toystack/dopams-backend-staging/node_modules/@types/node_modules' does not exist, skipping all lookups in it.
Found 'package.json' at 'd:/DOPAMS/Toystack/dopams-backend-staging/node_modules/http-errors/package.json'.
File 'd:/DOPAMS/Toystack/dopams-backend-staging/node_modules/http-errors.ts' does not exist.
File 'd:/DOPAMS/Toystack/dopams-backend-staging/node_modules/http-errors.tsx' does not exist.
File 'd:/DOPAMS/Toystack/dopams-backend-staging/node_modules/http-errors.d.ts' does not exist.
'package.json' does not have a 'typesVersions' field.
'package.json' does not have a 'typings' field.
'package.json' does not have a 'types' field.
'package.json' does not have a 'main' field.
File 'd:/DOPAMS/Toystack/dopams-backend-staging/node_modules/http-errors/index.ts' does not exist.
File 'd:/DOPAMS/Toystack/dopams-backend-staging/node_modules/http-errors/index.tsx' does not exist.
File 'd:/DOPAMS/Toystack/dopams-backend-staging/node_modules/http-errors/index.d.ts' does not exist.
Found 'package.json' at 'd:/DOPAMS/Toystack/dopams-backend-staging/node_modules/@types/http-errors/package.json'.
File 'd:/DOPAMS/Toystack/dopams-backend-staging/node_modules/@types/http-errors.d.ts' does not exist.
'package.json' does not have a 'typesVersions' field.
'package.json' does not have a 'typings' field.
'package.json' has 'types' field 'index.d.ts' that references 'd:/DOPAMS/Toystack/dopams-backend-staging/node_modules/@types/http-errors/index.d.ts'.
File 'd:/DOPAMS/Toystack/dopams-backend-staging/node_modules/@types/http-errors/index.d.ts' exists - use it as a name resolution result.
'package.json' has a 'peerDependencies' field.
Resolving real path for 'd:/DOPAMS/Toystack/dopams-backend-staging/node_modules/@types/http-errors', result 'D:/DOPAMS/Toystack/dopams-backend-staging/node_modules/@types/http-errors'.
Resolving real path for 'd:/DOPAMS/Toystack/dopams-backend-staging/node_modules/@types/http-errors/index.d.ts', result 'D:/DOPAMS/Toystack/dopams-backend-staging/node_modules/@types/http-errors/index.d.ts'.
======== Module name 'http-errors' was successfully resolved to 'd:/DOPAMS/Toystack/dopams-backend-staging/node_modules/@types/http-errors/index.d.ts' with Package ID '@types/http-errors/index.d.ts@2.0.5'. ========
======== Resolving module 'send' from 'd:/DOPAMS/Toystack/dopams-backend-staging/node_modules/@types/serve-static/index.d.ts'. ========
Explicitly specified module resolution kind: 'Node10'.
'baseUrl' option is set to 'd:/DOPAMS/Toystack/dopams-backend-staging/src', using this value to resolve non-relative module name 'send'.
'paths' option is specified, looking for a pattern to match module name 'send'.
'baseUrl' option is set to 'd:/DOPAMS/Toystack/dopams-backend-staging/src', using this value to resolve non-relative module name 'send'.
Resolving module name 'send' relative to base url 'd:/DOPAMS/Toystack/dopams-backend-staging/src' - 'd:/DOPAMS/Toystack/dopams-backend-staging/src/send'.
Loading module as file / folder, candidate module location 'd:/DOPAMS/Toystack/dopams-backend-staging/src/send', target file types: TypeScript, Declaration.
File 'd:/DOPAMS/Toystack/dopams-backend-staging/src/send.ts' does not exist.
File 'd:/DOPAMS/Toystack/dopams-backend-staging/src/send.tsx' does not exist.
File 'd:/DOPAMS/Toystack/dopams-backend-staging/src/send.d.ts' does not exist.
Directory 'd:/DOPAMS/Toystack/dopams-backend-staging/src/send' does not exist, skipping all lookups in it.
Loading module 'send' from 'node_modules' folder, target file types: TypeScript, Declaration.
Searching all ancestor node_modules directories for preferred extensions: TypeScript, Declaration.
File 'd:/DOPAMS/Toystack/dopams-backend-staging/node_modules/@types/serve-static/node_modules/send.ts' does not exist.
File 'd:/DOPAMS/Toystack/dopams-backend-staging/node_modules/@types/serve-static/node_modules/send.tsx' does not exist.
File 'd:/DOPAMS/Toystack/dopams-backend-staging/node_modules/@types/serve-static/node_modules/send.d.ts' does not exist.
Found 'package.json' at 'd:/DOPAMS/Toystack/dopams-backend-staging/node_modules/@types/serve-static/node_modules/@types/send/package.json'.
File 'd:/DOPAMS/Toystack/dopams-backend-staging/node_modules/@types/serve-static/node_modules/@types/send.d.ts' does not exist.
'package.json' does not have a 'typesVersions' field.
'package.json' does not have a 'typings' field.
'package.json' has 'types' field 'index.d.ts' that references 'd:/DOPAMS/Toystack/dopams-backend-staging/node_modules/@types/serve-static/node_modules/@types/send/index.d.ts'.
File 'd:/DOPAMS/Toystack/dopams-backend-staging/node_modules/@types/serve-static/node_modules/@types/send/index.d.ts' exists - use it as a name resolution result.
'package.json' has a 'peerDependencies' field.
Resolving real path for 'd:/DOPAMS/Toystack/dopams-backend-staging/node_modules/@types/serve-static/node_modules/@types/send', result 'D:/DOPAMS/Toystack/dopams-backend-staging/node_modules/@types/serve-static/node_modules/@types/send'.
Resolving real path for 'd:/DOPAMS/Toystack/dopams-backend-staging/node_modules/@types/serve-static/node_modules/@types/send/index.d.ts', result 'D:/DOPAMS/Toystack/dopams-backend-staging/node_modules/@types/serve-static/node_modules/@types/send/index.d.ts'.
======== Module name 'send' was successfully resolved to 'd:/DOPAMS/Toystack/dopams-backend-staging/node_modules/@types/serve-static/node_modules/@types/send/index.d.ts' with Package ID '@types/send/index.d.ts@0.17.6'. ========
File 'd:/DOPAMS/Toystack/dopams-backend-staging/node_modules/@types/http-errors/package.json' exists according to earlier cached lookups.
File 'd:/DOPAMS/Toystack/dopams-backend-staging/node_modules/@types/serve-static/node_modules/@types/send/package.json' exists according to earlier cached lookups.
======== Resolving type reference directive 'node', containing file 'd:/DOPAMS/Toystack/dopams-backend-staging/node_modules/@types/serve-static/node_modules/@types/send/index.d.ts', root directory 'd:/DOPAMS/Toystack/dopams-backend-staging/node_modules/@types,d:/DOPAMS/Toystack/node_modules/@types,d:/DOPAMS/node_modules/@types,d:/node_modules/@types'. ========
Resolving with primary search path 'd:/DOPAMS/Toystack/dopams-backend-staging/node_modules/@types, d:/DOPAMS/Toystack/node_modules/@types, d:/DOPAMS/node_modules/@types, d:/node_modules/@types'.
File 'd:/DOPAMS/Toystack/dopams-backend-staging/node_modules/@types/node/package.json' exists according to earlier cached lookups.
'package.json' does not have a 'typings' field.
'package.json' has 'types' field 'index.d.ts' that references 'd:/DOPAMS/Toystack/dopams-backend-staging/node_modules/@types/node/index.d.ts'.
File 'd:/DOPAMS/Toystack/dopams-backend-staging/node_modules/@types/node/index.d.ts' exists - use it as a name resolution result.
Resolving real path for 'd:/DOPAMS/Toystack/dopams-backend-staging/node_modules/@types/node/index.d.ts', result 'D:/DOPAMS/Toystack/dopams-backend-staging/node_modules/@types/node/index.d.ts'.
======== Type reference directive 'node' was successfully resolved to 'd:/DOPAMS/Toystack/dopams-backend-staging/node_modules/@types/node/index.d.ts' with Package ID '@types/node/index.d.ts@22.19.10', primary: true. ========
======== Resolving module 'fs' from 'd:/DOPAMS/Toystack/dopams-backend-staging/node_modules/@types/serve-static/node_modules/@types/send/index.d.ts'. ========
Explicitly specified module resolution kind: 'Node10'.
'baseUrl' option is set to 'd:/DOPAMS/Toystack/dopams-backend-staging/src', using this value to resolve non-relative module name 'fs'.
'paths' option is specified, looking for a pattern to match module name 'fs'.
'baseUrl' option is set to 'd:/DOPAMS/Toystack/dopams-backend-staging/src', using this value to resolve non-relative module name 'fs'.
Resolving module name 'fs' relative to base url 'd:/DOPAMS/Toystack/dopams-backend-staging/src' - 'd:/DOPAMS/Toystack/dopams-backend-staging/src/fs'.
Loading module as file / folder, candidate module location 'd:/DOPAMS/Toystack/dopams-backend-staging/src/fs', target file types: TypeScript, Declaration.
File 'd:/DOPAMS/Toystack/dopams-backend-staging/src/fs.ts' does not exist.
File 'd:/DOPAMS/Toystack/dopams-backend-staging/src/fs.tsx' does not exist.
File 'd:/DOPAMS/Toystack/dopams-backend-staging/src/fs.d.ts' does not exist.
Directory 'd:/DOPAMS/Toystack/dopams-backend-staging/src/fs' does not exist, skipping all lookups in it.
Loading module 'fs' from 'node_modules' folder, target file types: TypeScript, Declaration.
Searching all ancestor node_modules directories for preferred extensions: TypeScript, Declaration.
Directory 'd:/DOPAMS/Toystack/dopams-backend-staging/node_modules/@types/serve-static/node_modules/@types/send/node_modules' does not exist, skipping all lookups in it.
Directory 'd:/DOPAMS/Toystack/dopams-backend-staging/node_modules/@types/serve-static/node_modules/@types/node_modules' does not exist, skipping all lookups in it.
File 'd:/DOPAMS/Toystack/dopams-backend-staging/node_modules/@types/serve-static/node_modules/fs.ts' does not exist.
File 'd:/DOPAMS/Toystack/dopams-backend-staging/node_modules/@types/serve-static/node_modules/fs.tsx' does not exist.
File 'd:/DOPAMS/Toystack/dopams-backend-staging/node_modules/@types/serve-static/node_modules/fs.d.ts' does not exist.
File 'd:/DOPAMS/Toystack/dopams-backend-staging/node_modules/@types/serve-static/node_modules/@types/fs.d.ts' does not exist.
Resolution for module 'fs' was found in cache from location 'd:/DOPAMS/Toystack/dopams-backend-staging/node_modules/@types'.
======== Module name 'fs' was not resolved. ========
======== Resolving module 'mime' from 'd:/DOPAMS/Toystack/dopams-backend-staging/node_modules/@types/serve-static/node_modules/@types/send/index.d.ts'. ========
Explicitly specified module resolution kind: 'Node10'.
'baseUrl' option is set to 'd:/DOPAMS/Toystack/dopams-backend-staging/src', using this value to resolve non-relative module name 'mime'.
'paths' option is specified, looking for a pattern to match module name 'mime'.
'baseUrl' option is set to 'd:/DOPAMS/Toystack/dopams-backend-staging/src', using this value to resolve non-relative module name 'mime'.
Resolving module name 'mime' relative to base url 'd:/DOPAMS/Toystack/dopams-backend-staging/src' - 'd:/DOPAMS/Toystack/dopams-backend-staging/src/mime'.
Loading module as file / folder, candidate module location 'd:/DOPAMS/Toystack/dopams-backend-staging/src/mime', target file types: TypeScript, Declaration.
File 'd:/DOPAMS/Toystack/dopams-backend-staging/src/mime.ts' does not exist.
File 'd:/DOPAMS/Toystack/dopams-backend-staging/src/mime.tsx' does not exist.
File 'd:/DOPAMS/Toystack/dopams-backend-staging/src/mime.d.ts' does not exist.
Directory 'd:/DOPAMS/Toystack/dopams-backend-staging/src/mime' does not exist, skipping all lookups in it.
Loading module 'mime' from 'node_modules' folder, target file types: TypeScript, Declaration.
Searching all ancestor node_modules directories for preferred extensions: TypeScript, Declaration.
Directory 'd:/DOPAMS/Toystack/dopams-backend-staging/node_modules/@types/serve-static/node_modules/@types/send/node_modules' does not exist, skipping all lookups in it.
Directory 'd:/DOPAMS/Toystack/dopams-backend-staging/node_modules/@types/serve-static/node_modules/@types/node_modules' does not exist, skipping all lookups in it.
File 'd:/DOPAMS/Toystack/dopams-backend-staging/node_modules/@types/serve-static/node_modules/mime.ts' does not exist.
File 'd:/DOPAMS/Toystack/dopams-backend-staging/node_modules/@types/serve-static/node_modules/mime.tsx' does not exist.
File 'd:/DOPAMS/Toystack/dopams-backend-staging/node_modules/@types/serve-static/node_modules/mime.d.ts' does not exist.
File 'd:/DOPAMS/Toystack/dopams-backend-staging/node_modules/@types/serve-static/node_modules/@types/mime.d.ts' does not exist.
Directory 'd:/DOPAMS/Toystack/dopams-backend-staging/node_modules/@types/node_modules' does not exist, skipping all lookups in it.
Found 'package.json' at 'd:/DOPAMS/Toystack/dopams-backend-staging/node_modules/mime/package.json'.
File 'd:/DOPAMS/Toystack/dopams-backend-staging/node_modules/mime.ts' does not exist.
File 'd:/DOPAMS/Toystack/dopams-backend-staging/node_modules/mime.tsx' does not exist.
File 'd:/DOPAMS/Toystack/dopams-backend-staging/node_modules/mime.d.ts' does not exist.
'package.json' does not have a 'typesVersions' field.
'package.json' does not have a 'typings' field.
'package.json' does not have a 'types' field.
'package.json' has 'main' field 'mime.js' that references 'd:/DOPAMS/Toystack/dopams-backend-staging/node_modules/mime/mime.js'.
File name 'd:/DOPAMS/Toystack/dopams-backend-staging/node_modules/mime/mime.js' has a '.js' extension - stripping it.
File 'd:/DOPAMS/Toystack/dopams-backend-staging/node_modules/mime/mime.ts' does not exist.
File 'd:/DOPAMS/Toystack/dopams-backend-staging/node_modules/mime/mime.tsx' does not exist.
File 'd:/DOPAMS/Toystack/dopams-backend-staging/node_modules/mime/mime.d.ts' does not exist.
Loading module as file / folder, candidate module location 'd:/DOPAMS/Toystack/dopams-backend-staging/node_modules/mime/mime.js', target file types: TypeScript, Declaration.
File name 'd:/DOPAMS/Toystack/dopams-backend-staging/node_modules/mime/mime.js' has a '.js' extension - stripping it.
File 'd:/DOPAMS/Toystack/dopams-backend-staging/node_modules/mime/mime.ts' does not exist.
File 'd:/DOPAMS/Toystack/dopams-backend-staging/node_modules/mime/mime.tsx' does not exist.
File 'd:/DOPAMS/Toystack/dopams-backend-staging/node_modules/mime/mime.d.ts' does not exist.
File 'd:/DOPAMS/Toystack/dopams-backend-staging/node_modules/mime/mime.js.ts' does not exist.
File 'd:/DOPAMS/Toystack/dopams-backend-staging/node_modules/mime/mime.js.tsx' does not exist.
File 'd:/DOPAMS/Toystack/dopams-backend-staging/node_modules/mime/mime.js.d.ts' does not exist.
Directory 'd:/DOPAMS/Toystack/dopams-backend-staging/node_modules/mime/mime.js' does not exist, skipping all lookups in it.
File 'd:/DOPAMS/Toystack/dopams-backend-staging/node_modules/mime/index.ts' does not exist.
File 'd:/DOPAMS/Toystack/dopams-backend-staging/node_modules/mime/index.tsx' does not exist.
File 'd:/DOPAMS/Toystack/dopams-backend-staging/node_modules/mime/index.d.ts' does not exist.
Found 'package.json' at 'd:/DOPAMS/Toystack/dopams-backend-staging/node_modules/@types/mime/package.json'.
File 'd:/DOPAMS/Toystack/dopams-backend-staging/node_modules/@types/mime.d.ts' does not exist.
'package.json' does not have a 'typesVersions' field.
'package.json' does not have a 'typings' field.
'package.json' has 'types' field 'index.d.ts' that references 'd:/DOPAMS/Toystack/dopams-backend-staging/node_modules/@types/mime/index.d.ts'.
File 'd:/DOPAMS/Toystack/dopams-backend-staging/node_modules/@types/mime/index.d.ts' exists - use it as a name resolution result.
'package.json' does not have a 'peerDependencies' field.
Resolving real path for 'd:/DOPAMS/Toystack/dopams-backend-staging/node_modules/@types/mime/index.d.ts', result 'D:/DOPAMS/Toystack/dopams-backend-staging/node_modules/@types/mime/index.d.ts'.
======== Module name 'mime' was successfully resolved to 'd:/DOPAMS/Toystack/dopams-backend-staging/node_modules/@types/mime/index.d.ts' with Package ID '@types/mime/index.d.ts@1.3.5'. ========
======== Resolving module 'stream' from 'd:/DOPAMS/Toystack/dopams-backend-staging/node_modules/@types/serve-static/node_modules/@types/send/index.d.ts'. ========
Explicitly specified module resolution kind: 'Node10'.
'baseUrl' option is set to 'd:/DOPAMS/Toystack/dopams-backend-staging/src', using this value to resolve non-relative module name 'stream'.
'paths' option is specified, looking for a pattern to match module name 'stream'.
'baseUrl' option is set to 'd:/DOPAMS/Toystack/dopams-backend-staging/src', using this value to resolve non-relative module name 'stream'.
Resolving module name 'stream' relative to base url 'd:/DOPAMS/Toystack/dopams-backend-staging/src' - 'd:/DOPAMS/Toystack/dopams-backend-staging/src/stream'.
Loading module as file / folder, candidate module location 'd:/DOPAMS/Toystack/dopams-backend-staging/src/stream', target file types: TypeScript, Declaration.
File 'd:/DOPAMS/Toystack/dopams-backend-staging/src/stream.ts' does not exist.
File 'd:/DOPAMS/Toystack/dopams-backend-staging/src/stream.tsx' does not exist.
File 'd:/DOPAMS/Toystack/dopams-backend-staging/src/stream.d.ts' does not exist.
Directory 'd:/DOPAMS/Toystack/dopams-backend-staging/src/stream' does not exist, skipping all lookups in it.
Loading module 'stream' from 'node_modules' folder, target file types: TypeScript, Declaration.
Searching all ancestor node_modules directories for preferred extensions: TypeScript, Declaration.
Directory 'd:/DOPAMS/Toystack/dopams-backend-staging/node_modules/@types/serve-static/node_modules/@types/send/node_modules' does not exist, skipping all lookups in it.
Directory 'd:/DOPAMS/Toystack/dopams-backend-staging/node_modules/@types/serve-static/node_modules/@types/node_modules' does not exist, skipping all lookups in it.
File 'd:/DOPAMS/Toystack/dopams-backend-staging/node_modules/@types/serve-static/node_modules/stream.ts' does not exist.
File 'd:/DOPAMS/Toystack/dopams-backend-staging/node_modules/@types/serve-static/node_modules/stream.tsx' does not exist.
File 'd:/DOPAMS/Toystack/dopams-backend-staging/node_modules/@types/serve-static/node_modules/stream.d.ts' does not exist.
File 'd:/DOPAMS/Toystack/dopams-backend-staging/node_modules/@types/serve-static/node_modules/@types/stream.d.ts' does not exist.
Resolution for module 'stream' was found in cache from location 'd:/DOPAMS/Toystack/dopams-backend-staging/node_modules/@types'.
======== Module name 'stream' was not resolved. ========
File 'd:/DOPAMS/Toystack/dopams-backend-staging/node_modules/@types/mime/package.json' exists according to earlier cached lookups.
======== Resolving module 'body-parser' from 'd:/DOPAMS/Toystack/dopams-backend-staging/node_modules/@types/express/index.d.ts'. ========
Explicitly specified module resolution kind: 'Node10'.
'baseUrl' option is set to 'd:/DOPAMS/Toystack/dopams-backend-staging/src', using this value to resolve non-relative module name 'body-parser'.
'paths' option is specified, looking for a pattern to match module name 'body-parser'.
'baseUrl' option is set to 'd:/DOPAMS/Toystack/dopams-backend-staging/src', using this value to resolve non-relative module name 'body-parser'.
Resolving module name 'body-parser' relative to base url 'd:/DOPAMS/Toystack/dopams-backend-staging/src' - 'd:/DOPAMS/Toystack/dopams-backend-staging/src/body-parser'.
Loading module as file / folder, candidate module location 'd:/DOPAMS/Toystack/dopams-backend-staging/src/body-parser', target file types: TypeScript, Declaration.
File 'd:/DOPAMS/Toystack/dopams-backend-staging/src/body-parser.ts' does not exist.
File 'd:/DOPAMS/Toystack/dopams-backend-staging/src/body-parser.tsx' does not exist.
File 'd:/DOPAMS/Toystack/dopams-backend-staging/src/body-parser.d.ts' does not exist.
Directory 'd:/DOPAMS/Toystack/dopams-backend-staging/src/body-parser' does not exist, skipping all lookups in it.
Loading module 'body-parser' from 'node_modules' folder, target file types: TypeScript, Declaration.
Searching all ancestor node_modules directories for preferred extensions: TypeScript, Declaration.
Directory 'd:/DOPAMS/Toystack/dopams-backend-staging/node_modules/@types/express/node_modules' does not exist, skipping all lookups in it.
Directory 'd:/DOPAMS/Toystack/dopams-backend-staging/node_modules/@types/node_modules' does not exist, skipping all lookups in it.
Resolution for module 'body-parser' was found in cache from location 'd:/DOPAMS/Toystack/dopams-backend-staging'.
======== Module name 'body-parser' was successfully resolved to 'd:/DOPAMS/Toystack/dopams-backend-staging/node_modules/@types/body-parser/index.d.ts' with Package ID '@types/body-parser/index.d.ts@1.19.6'. ========
======== Resolving module 'express-serve-static-core' from 'd:/DOPAMS/Toystack/dopams-backend-staging/node_modules/@types/express/index.d.ts'. ========
Explicitly specified module resolution kind: 'Node10'.
'baseUrl' option is set to 'd:/DOPAMS/Toystack/dopams-backend-staging/src', using this value to resolve non-relative module name 'express-serve-static-core'.
'paths' option is specified, looking for a pattern to match module name 'express-serve-static-core'.
'baseUrl' option is set to 'd:/DOPAMS/Toystack/dopams-backend-staging/src', using this value to resolve non-relative module name 'express-serve-static-core'.
Resolving module name 'express-serve-static-core' relative to base url 'd:/DOPAMS/Toystack/dopams-backend-staging/src' - 'd:/DOPAMS/Toystack/dopams-backend-staging/src/express-serve-static-core'.
Loading module as file / folder, candidate module location 'd:/DOPAMS/Toystack/dopams-backend-staging/src/express-serve-static-core', target file types: TypeScript, Declaration.
File 'd:/DOPAMS/Toystack/dopams-backend-staging/src/express-serve-static-core.ts' does not exist.
File 'd:/DOPAMS/Toystack/dopams-backend-staging/src/express-serve-static-core.tsx' does not exist.
File 'd:/DOPAMS/Toystack/dopams-backend-staging/src/express-serve-static-core.d.ts' does not exist.
Directory 'd:/DOPAMS/Toystack/dopams-backend-staging/src/express-serve-static-core' does not exist, skipping all lookups in it.
Loading module 'express-serve-static-core' from 'node_modules' folder, target file types: TypeScript, Declaration.
Searching all ancestor node_modules directories for preferred extensions: TypeScript, Declaration.
Directory 'd:/DOPAMS/Toystack/dopams-backend-staging/node_modules/@types/express/node_modules' does not exist, skipping all lookups in it.
Directory 'd:/DOPAMS/Toystack/dopams-backend-staging/node_modules/@types/node_modules' does not exist, skipping all lookups in it.
File 'd:/DOPAMS/Toystack/dopams-backend-staging/node_modules/express-serve-static-core.ts' does not exist.
File 'd:/DOPAMS/Toystack/dopams-backend-staging/node_modules/express-serve-static-core.tsx' does not exist.
File 'd:/DOPAMS/Toystack/dopams-backend-staging/node_modules/express-serve-static-core.d.ts' does not exist.
File 'd:/DOPAMS/Toystack/dopams-backend-staging/node_modules/@types/express-serve-static-core/package.json' exists according to earlier cached lookups.
File 'd:/DOPAMS/Toystack/dopams-backend-staging/node_modules/@types/express-serve-static-core.d.ts' does not exist.
'package.json' does not have a 'typings' field.
'package.json' has 'types' field 'index.d.ts' that references 'd:/DOPAMS/Toystack/dopams-backend-staging/node_modules/@types/express-serve-static-core/index.d.ts'.
File 'd:/DOPAMS/Toystack/dopams-backend-staging/node_modules/@types/express-serve-static-core/index.d.ts' exists - use it as a name resolution result.
Resolving real path for 'd:/DOPAMS/Toystack/dopams-backend-staging/node_modules/@types/express-serve-static-core/index.d.ts', result 'D:/DOPAMS/Toystack/dopams-backend-staging/node_modules/@types/express-serve-static-core/index.d.ts'.
======== Module name 'express-serve-static-core' was successfully resolved to 'd:/DOPAMS/Toystack/dopams-backend-staging/node_modules/@types/express-serve-static-core/index.d.ts' with Package ID '@types/express-serve-static-core/index.d.ts@4.19.8'. ========
======== Resolving module 'qs' from 'd:/DOPAMS/Toystack/dopams-backend-staging/node_modules/@types/express/index.d.ts'. ========
Explicitly specified module resolution kind: 'Node10'.
'baseUrl' option is set to 'd:/DOPAMS/Toystack/dopams-backend-staging/src', using this value to resolve non-relative module name 'qs'.
'paths' option is specified, looking for a pattern to match module name 'qs'.
'baseUrl' option is set to 'd:/DOPAMS/Toystack/dopams-backend-staging/src', using this value to resolve non-relative module name 'qs'.
Resolving module name 'qs' relative to base url 'd:/DOPAMS/Toystack/dopams-backend-staging/src' - 'd:/DOPAMS/Toystack/dopams-backend-staging/src/qs'.
Loading module as file / folder, candidate module location 'd:/DOPAMS/Toystack/dopams-backend-staging/src/qs', target file types: TypeScript, Declaration.
File 'd:/DOPAMS/Toystack/dopams-backend-staging/src/qs.ts' does not exist.
File 'd:/DOPAMS/Toystack/dopams-backend-staging/src/qs.tsx' does not exist.
File 'd:/DOPAMS/Toystack/dopams-backend-staging/src/qs.d.ts' does not exist.
Directory 'd:/DOPAMS/Toystack/dopams-backend-staging/src/qs' does not exist, skipping all lookups in it.
Loading module 'qs' from 'node_modules' folder, target file types: TypeScript, Declaration.
Searching all ancestor node_modules directories for preferred extensions: TypeScript, Declaration.
Directory 'd:/DOPAMS/Toystack/dopams-backend-staging/node_modules/@types/express/node_modules' does not exist, skipping all lookups in it.
Resolution for module 'qs' was found in cache from location 'd:/DOPAMS/Toystack/dopams-backend-staging/node_modules/@types'.
======== Module name 'qs' was successfully resolved to 'd:/DOPAMS/Toystack/dopams-backend-staging/node_modules/@types/qs/index.d.ts' with Package ID '@types/qs/index.d.ts@6.14.0'. ========
======== Resolving module 'serve-static' from 'd:/DOPAMS/Toystack/dopams-backend-staging/node_modules/@types/express/index.d.ts'. ========
Explicitly specified module resolution kind: 'Node10'.
'baseUrl' option is set to 'd:/DOPAMS/Toystack/dopams-backend-staging/src', using this value to resolve non-relative module name 'serve-static'.
'paths' option is specified, looking for a pattern to match module name 'serve-static'.
'baseUrl' option is set to 'd:/DOPAMS/Toystack/dopams-backend-staging/src', using this value to resolve non-relative module name 'serve-static'.
Resolving module name 'serve-static' relative to base url 'd:/DOPAMS/Toystack/dopams-backend-staging/src' - 'd:/DOPAMS/Toystack/dopams-backend-staging/src/serve-static'.
Loading module as file / folder, candidate module location 'd:/DOPAMS/Toystack/dopams-backend-staging/src/serve-static', target file types: TypeScript, Declaration.
File 'd:/DOPAMS/Toystack/dopams-backend-staging/src/serve-static.ts' does not exist.
File 'd:/DOPAMS/Toystack/dopams-backend-staging/src/serve-static.tsx' does not exist.
File 'd:/DOPAMS/Toystack/dopams-backend-staging/src/serve-static.d.ts' does not exist.
Directory 'd:/DOPAMS/Toystack/dopams-backend-staging/src/serve-static' does not exist, skipping all lookups in it.
Loading module 'serve-static' from 'node_modules' folder, target file types: TypeScript, Declaration.
Searching all ancestor node_modules directories for preferred extensions: TypeScript, Declaration.
Directory 'd:/DOPAMS/Toystack/dopams-backend-staging/node_modules/@types/express/node_modules' does not exist, skipping all lookups in it.
Directory 'd:/DOPAMS/Toystack/dopams-backend-staging/node_modules/@types/node_modules' does not exist, skipping all lookups in it.
Found 'package.json' at 'd:/DOPAMS/Toystack/dopams-backend-staging/node_modules/serve-static/package.json'.
File 'd:/DOPAMS/Toystack/dopams-backend-staging/node_modules/serve-static.ts' does not exist.
File 'd:/DOPAMS/Toystack/dopams-backend-staging/node_modules/serve-static.tsx' does not exist.
File 'd:/DOPAMS/Toystack/dopams-backend-staging/node_modules/serve-static.d.ts' does not exist.
'package.json' does not have a 'typesVersions' field.
'package.json' does not have a 'typings' field.
'package.json' does not have a 'types' field.
'package.json' does not have a 'main' field.
File 'd:/DOPAMS/Toystack/dopams-backend-staging/node_modules/serve-static/index.ts' does not exist.
File 'd:/DOPAMS/Toystack/dopams-backend-staging/node_modules/serve-static/index.tsx' does not exist.
File 'd:/DOPAMS/Toystack/dopams-backend-staging/node_modules/serve-static/index.d.ts' does not exist.
File 'd:/DOPAMS/Toystack/dopams-backend-staging/node_modules/@types/serve-static/package.json' exists according to earlier cached lookups.
File 'd:/DOPAMS/Toystack/dopams-backend-staging/node_modules/@types/serve-static.d.ts' does not exist.
'package.json' does not have a 'typings' field.
'package.json' has 'types' field 'index.d.ts' that references 'd:/DOPAMS/Toystack/dopams-backend-staging/node_modules/@types/serve-static/index.d.ts'.
File 'd:/DOPAMS/Toystack/dopams-backend-staging/node_modules/@types/serve-static/index.d.ts' exists - use it as a name resolution result.
Resolving real path for 'd:/DOPAMS/Toystack/dopams-backend-staging/node_modules/@types/serve-static/index.d.ts', result 'D:/DOPAMS/Toystack/dopams-backend-staging/node_modules/@types/serve-static/index.d.ts'.
======== Module name 'serve-static' was successfully resolved to 'd:/DOPAMS/Toystack/dopams-backend-staging/node_modules/@types/serve-static/index.d.ts' with Package ID '@types/serve-static/index.d.ts@1.15.10'. ========
File 'd:/DOPAMS/Toystack/dopams-backend-staging/node_modules/@types/body-parser/package.json' exists according to earlier cached lookups.
======== Resolving type reference directive 'node', containing file 'd:/DOPAMS/Toystack/dopams-backend-staging/node_modules/@types/body-parser/index.d.ts', root directory 'd:/DOPAMS/Toystack/dopams-backend-staging/node_modules/@types,d:/DOPAMS/Toystack/node_modules/@types,d:/DOPAMS/node_modules/@types,d:/node_modules/@types'. ========
Resolving with primary search path 'd:/DOPAMS/Toystack/dopams-backend-staging/node_modules/@types, d:/DOPAMS/Toystack/node_modules/@types, d:/DOPAMS/node_modules/@types, d:/node_modules/@types'.
File 'd:/DOPAMS/Toystack/dopams-backend-staging/node_modules/@types/node/package.json' exists according to earlier cached lookups.
'package.json' does not have a 'typings' field.
'package.json' has 'types' field 'index.d.ts' that references 'd:/DOPAMS/Toystack/dopams-backend-staging/node_modules/@types/node/index.d.ts'.
File 'd:/DOPAMS/Toystack/dopams-backend-staging/node_modules/@types/node/index.d.ts' exists - use it as a name resolution result.
Resolving real path for 'd:/DOPAMS/Toystack/dopams-backend-staging/node_modules/@types/node/index.d.ts', result 'D:/DOPAMS/Toystack/dopams-backend-staging/node_modules/@types/node/index.d.ts'.
======== Type reference directive 'node' was successfully resolved to 'd:/DOPAMS/Toystack/dopams-backend-staging/node_modules/@types/node/index.d.ts' with Package ID '@types/node/index.d.ts@22.19.10', primary: true. ========
======== Resolving module 'connect' from 'd:/DOPAMS/Toystack/dopams-backend-staging/node_modules/@types/body-parser/index.d.ts'. ========
Explicitly specified module resolution kind: 'Node10'.
'baseUrl' option is set to 'd:/DOPAMS/Toystack/dopams-backend-staging/src', using this value to resolve non-relative module name 'connect'.
'paths' option is specified, looking for a pattern to match module name 'connect'.
'baseUrl' option is set to 'd:/DOPAMS/Toystack/dopams-backend-staging/src', using this value to resolve non-relative module name 'connect'.
Resolving module name 'connect' relative to base url 'd:/DOPAMS/Toystack/dopams-backend-staging/src' - 'd:/DOPAMS/Toystack/dopams-backend-staging/src/connect'.
Loading module as file / folder, candidate module location 'd:/DOPAMS/Toystack/dopams-backend-staging/src/connect', target file types: TypeScript, Declaration.
File 'd:/DOPAMS/Toystack/dopams-backend-staging/src/connect.ts' does not exist.
File 'd:/DOPAMS/Toystack/dopams-backend-staging/src/connect.tsx' does not exist.
File 'd:/DOPAMS/Toystack/dopams-backend-staging/src/connect.d.ts' does not exist.
Directory 'd:/DOPAMS/Toystack/dopams-backend-staging/src/connect' does not exist, skipping all lookups in it.
Loading module 'connect' from 'node_modules' folder, target file types: TypeScript, Declaration.
Searching all ancestor node_modules directories for preferred extensions: TypeScript, Declaration.
Directory 'd:/DOPAMS/Toystack/dopams-backend-staging/node_modules/@types/body-parser/node_modules' does not exist, skipping all lookups in it.
Directory 'd:/DOPAMS/Toystack/dopams-backend-staging/node_modules/@types/node_modules' does not exist, skipping all lookups in it.
File 'd:/DOPAMS/Toystack/dopams-backend-staging/node_modules/connect.ts' does not exist.
File 'd:/DOPAMS/Toystack/dopams-backend-staging/node_modules/connect.tsx' does not exist.
File 'd:/DOPAMS/Toystack/dopams-backend-staging/node_modules/connect.d.ts' does not exist.
Found 'package.json' at 'd:/DOPAMS/Toystack/dopams-backend-staging/node_modules/@types/connect/package.json'.
File 'd:/DOPAMS/Toystack/dopams-backend-staging/node_modules/@types/connect.d.ts' does not exist.
'package.json' does not have a 'typesVersions' field.
'package.json' does not have a 'typings' field.
'package.json' has 'types' field 'index.d.ts' that references 'd:/DOPAMS/Toystack/dopams-backend-staging/node_modules/@types/connect/index.d.ts'.
File 'd:/DOPAMS/Toystack/dopams-backend-staging/node_modules/@types/connect/index.d.ts' exists - use it as a name resolution result.
'package.json' does not have a 'peerDependencies' field.
Resolving real path for 'd:/DOPAMS/Toystack/dopams-backend-staging/node_modules/@types/connect/index.d.ts', result 'D:/DOPAMS/Toystack/dopams-backend-staging/node_modules/@types/connect/index.d.ts'.
======== Module name 'connect' was successfully resolved to 'd:/DOPAMS/Toystack/dopams-backend-staging/node_modules/@types/connect/index.d.ts' with Package ID '@types/connect/index.d.ts@3.4.38'. ========
======== Resolving module 'http' from 'd:/DOPAMS/Toystack/dopams-backend-staging/node_modules/@types/body-parser/index.d.ts'. ========
Explicitly specified module resolution kind: 'Node10'.
'baseUrl' option is set to 'd:/DOPAMS/Toystack/dopams-backend-staging/src', using this value to resolve non-relative module name 'http'.
'paths' option is specified, looking for a pattern to match module name 'http'.
'baseUrl' option is set to 'd:/DOPAMS/Toystack/dopams-backend-staging/src', using this value to resolve non-relative module name 'http'.
Resolving module name 'http' relative to base url 'd:/DOPAMS/Toystack/dopams-backend-staging/src' - 'd:/DOPAMS/Toystack/dopams-backend-staging/src/http'.
Loading module as file / folder, candidate module location 'd:/DOPAMS/Toystack/dopams-backend-staging/src/http', target file types: TypeScript, Declaration.
File 'd:/DOPAMS/Toystack/dopams-backend-staging/src/http.ts' does not exist.
File 'd:/DOPAMS/Toystack/dopams-backend-staging/src/http.tsx' does not exist.
File 'd:/DOPAMS/Toystack/dopams-backend-staging/src/http.d.ts' does not exist.
Directory 'd:/DOPAMS/Toystack/dopams-backend-staging/src/http' does not exist, skipping all lookups in it.
Loading module 'http' from 'node_modules' folder, target file types: TypeScript, Declaration.
Searching all ancestor node_modules directories for preferred extensions: TypeScript, Declaration.
Directory 'd:/DOPAMS/Toystack/dopams-backend-staging/node_modules/@types/body-parser/node_modules' does not exist, skipping all lookups in it.
Resolution for module 'http' was found in cache from location 'd:/DOPAMS/Toystack/dopams-backend-staging/node_modules/@types'.
======== Module name 'http' was not resolved. ========
File 'd:/DOPAMS/Toystack/dopams-backend-staging/node_modules/@types/connect/package.json' exists according to earlier cached lookups.
======== Resolving type reference directive 'node', containing file 'd:/DOPAMS/Toystack/dopams-backend-staging/node_modules/@types/connect/index.d.ts', root directory 'd:/DOPAMS/Toystack/dopams-backend-staging/node_modules/@types,d:/DOPAMS/Toystack/node_modules/@types,d:/DOPAMS/node_modules/@types,d:/node_modules/@types'. ========
Resolving with primary search path 'd:/DOPAMS/Toystack/dopams-backend-staging/node_modules/@types, d:/DOPAMS/Toystack/node_modules/@types, d:/DOPAMS/node_modules/@types, d:/node_modules/@types'.
File 'd:/DOPAMS/Toystack/dopams-backend-staging/node_modules/@types/node/package.json' exists according to earlier cached lookups.
'package.json' does not have a 'typings' field.
'package.json' has 'types' field 'index.d.ts' that references 'd:/DOPAMS/Toystack/dopams-backend-staging/node_modules/@types/node/index.d.ts'.
File 'd:/DOPAMS/Toystack/dopams-backend-staging/node_modules/@types/node/index.d.ts' exists - use it as a name resolution result.
Resolving real path for 'd:/DOPAMS/Toystack/dopams-backend-staging/node_modules/@types/node/index.d.ts', result 'D:/DOPAMS/Toystack/dopams-backend-staging/node_modules/@types/node/index.d.ts'.
======== Type reference directive 'node' was successfully resolved to 'd:/DOPAMS/Toystack/dopams-backend-staging/node_modules/@types/node/index.d.ts' with Package ID '@types/node/index.d.ts@22.19.10', primary: true. ========
======== Resolving module 'http' from 'd:/DOPAMS/Toystack/dopams-backend-staging/node_modules/@types/connect/index.d.ts'. ========
Explicitly specified module resolution kind: 'Node10'.
'baseUrl' option is set to 'd:/DOPAMS/Toystack/dopams-backend-staging/src', using this value to resolve non-relative module name 'http'.
'paths' option is specified, looking for a pattern to match module name 'http'.
'baseUrl' option is set to 'd:/DOPAMS/Toystack/dopams-backend-staging/src', using this value to resolve non-relative module name 'http'.
Resolving module name 'http' relative to base url 'd:/DOPAMS/Toystack/dopams-backend-staging/src' - 'd:/DOPAMS/Toystack/dopams-backend-staging/src/http'.
Loading module as file / folder, candidate module location 'd:/DOPAMS/Toystack/dopams-backend-staging/src/http', target file types: TypeScript, Declaration.
File 'd:/DOPAMS/Toystack/dopams-backend-staging/src/http.ts' does not exist.
File 'd:/DOPAMS/Toystack/dopams-backend-staging/src/http.tsx' does not exist.
File 'd:/DOPAMS/Toystack/dopams-backend-staging/src/http.d.ts' does not exist.
Directory 'd:/DOPAMS/Toystack/dopams-backend-staging/src/http' does not exist, skipping all lookups in it.
Loading module 'http' from 'node_modules' folder, target file types: TypeScript, Declaration.
Searching all ancestor node_modules directories for preferred extensions: TypeScript, Declaration.
Directory 'd:/DOPAMS/Toystack/dopams-backend-staging/node_modules/@types/connect/node_modules' does not exist, skipping all lookups in it.
Resolution for module 'http' was found in cache from location 'd:/DOPAMS/Toystack/dopams-backend-staging/node_modules/@types'.
======== Module name 'http' was not resolved. ========
File 'd:/DOPAMS/Toystack/dopams-backend-staging/node_modules/@apollo/server/dist/esm/package.json' exists according to earlier cached lookups.
======== Resolving module './ApolloServer.js' from 'd:/DOPAMS/Toystack/dopams-backend-staging/node_modules/@apollo/server/dist/esm/index.d.ts'. ========
Explicitly specified module resolution kind: 'Node10'.
Loading module as file / folder, candidate module location 'd:/DOPAMS/Toystack/dopams-backend-staging/node_modules/@apollo/server/dist/esm/ApolloServer.js', target file types: TypeScript, Declaration.
File name 'd:/DOPAMS/Toystack/dopams-backend-staging/node_modules/@apollo/server/dist/esm/ApolloServer.js' has a '.js' extension - stripping it.
File 'd:/DOPAMS/Toystack/dopams-backend-staging/node_modules/@apollo/server/dist/esm/ApolloServer.ts' does not exist.
File 'd:/DOPAMS/Toystack/dopams-backend-staging/node_modules/@apollo/server/dist/esm/ApolloServer.tsx' does not exist.
File 'd:/DOPAMS/Toystack/dopams-backend-staging/node_modules/@apollo/server/dist/esm/ApolloServer.d.ts' exists - use it as a name resolution result.
File 'd:/DOPAMS/Toystack/dopams-backend-staging/node_modules/@apollo/server/package.json' exists according to earlier cached lookups.
======== Module name './ApolloServer.js' was successfully resolved to 'd:/DOPAMS/Toystack/dopams-backend-staging/node_modules/@apollo/server/dist/esm/ApolloServer.d.ts' with Package ID '@apollo/server/dist/esm/ApolloServer.d.ts@4.13.0+graphql@16.12.0'. ========
======== Resolving module './utils/HeaderMap.js' from 'd:/DOPAMS/Toystack/dopams-backend-staging/node_modules/@apollo/server/dist/esm/index.d.ts'. ========
Explicitly specified module resolution kind: 'Node10'.
Loading module as file / folder, candidate module location 'd:/DOPAMS/Toystack/dopams-backend-staging/node_modules/@apollo/server/dist/esm/utils/HeaderMap.js', target file types: TypeScript, Declaration.
File name 'd:/DOPAMS/Toystack/dopams-backend-staging/node_modules/@apollo/server/dist/esm/utils/HeaderMap.js' has a '.js' extension - stripping it.
File 'd:/DOPAMS/Toystack/dopams-backend-staging/node_modules/@apollo/server/dist/esm/utils/HeaderMap.ts' does not exist.
File 'd:/DOPAMS/Toystack/dopams-backend-staging/node_modules/@apollo/server/dist/esm/utils/HeaderMap.tsx' does not exist.
File 'd:/DOPAMS/Toystack/dopams-backend-staging/node_modules/@apollo/server/dist/esm/utils/HeaderMap.d.ts' exists - use it as a name resolution result.
File 'd:/DOPAMS/Toystack/dopams-backend-staging/node_modules/@apollo/server/package.json' exists according to earlier cached lookups.
======== Module name './utils/HeaderMap.js' was successfully resolved to 'd:/DOPAMS/Toystack/dopams-backend-staging/node_modules/@apollo/server/dist/esm/utils/HeaderMap.d.ts' with Package ID '@apollo/server/dist/esm/utils/HeaderMap.d.ts@4.13.0+graphql@16.12.0'. ========
======== Resolving module './externalTypes/index.js' from 'd:/DOPAMS/Toystack/dopams-backend-staging/node_modules/@apollo/server/dist/esm/index.d.ts'. ========
Explicitly specified module resolution kind: 'Node10'.
Loading module as file / folder, candidate module location 'd:/DOPAMS/Toystack/dopams-backend-staging/node_modules/@apollo/server/dist/esm/externalTypes/index.js', target file types: TypeScript, Declaration.
File name 'd:/DOPAMS/Toystack/dopams-backend-staging/node_modules/@apollo/server/dist/esm/externalTypes/index.js' has a '.js' extension - stripping it.
File 'd:/DOPAMS/Toystack/dopams-backend-staging/node_modules/@apollo/server/dist/esm/externalTypes/index.ts' does not exist.
File 'd:/DOPAMS/Toystack/dopams-backend-staging/node_modules/@apollo/server/dist/esm/externalTypes/index.tsx' does not exist.
File 'd:/DOPAMS/Toystack/dopams-backend-staging/node_modules/@apollo/server/dist/esm/externalTypes/index.d.ts' exists - use it as a name resolution result.
File 'd:/DOPAMS/Toystack/dopams-backend-staging/node_modules/@apollo/server/package.json' exists according to earlier cached lookups.
======== Module name './externalTypes/index.js' was successfully resolved to 'd:/DOPAMS/Toystack/dopams-backend-staging/node_modules/@apollo/server/dist/esm/externalTypes/index.d.ts' with Package ID '@apollo/server/dist/esm/externalTypes/index.d.ts@4.13.0+graphql@16.12.0'. ========
File 'd:/DOPAMS/Toystack/dopams-backend-staging/node_modules/@apollo/server/dist/esm/package.json' exists according to earlier cached lookups.
======== Resolving module '@apollo/server-gateway-interface' from 'd:/DOPAMS/Toystack/dopams-backend-staging/node_modules/@apollo/server/dist/esm/ApolloServer.d.ts'. ========
Explicitly specified module resolution kind: 'Node10'.
'baseUrl' option is set to 'd:/DOPAMS/Toystack/dopams-backend-staging/src', using this value to resolve non-relative module name '@apollo/server-gateway-interface'.
'paths' option is specified, looking for a pattern to match module name '@apollo/server-gateway-interface'.
'baseUrl' option is set to 'd:/DOPAMS/Toystack/dopams-backend-staging/src', using this value to resolve non-relative module name '@apollo/server-gateway-interface'.
Resolving module name '@apollo/server-gateway-interface' relative to base url 'd:/DOPAMS/Toystack/dopams-backend-staging/src' - 'd:/DOPAMS/Toystack/dopams-backend-staging/src/@apollo/server-gateway-interface'.
Loading module as file / folder, candidate module location 'd:/DOPAMS/Toystack/dopams-backend-staging/src/@apollo/server-gateway-interface', target file types: TypeScript, Declaration.
Loading module '@apollo/server-gateway-interface' from 'node_modules' folder, target file types: TypeScript, Declaration.
Searching all ancestor node_modules directories for preferred extensions: TypeScript, Declaration.
Directory 'd:/DOPAMS/Toystack/dopams-backend-staging/node_modules/@apollo/server/dist/esm/node_modules' does not exist, skipping all lookups in it.
Scoped package detected, looking in 'apollo__server-gateway-interface'
Directory 'd:/DOPAMS/Toystack/dopams-backend-staging/node_modules/@apollo/server/dist/node_modules' does not exist, skipping all lookups in it.
Scoped package detected, looking in 'apollo__server-gateway-interface'
File 'd:/DOPAMS/Toystack/dopams-backend-staging/node_modules/@apollo/server/node_modules/@apollo/server-gateway-interface.ts' does not exist.
File 'd:/DOPAMS/Toystack/dopams-backend-staging/node_modules/@apollo/server/node_modules/@apollo/server-gateway-interface.tsx' does not exist.
File 'd:/DOPAMS/Toystack/dopams-backend-staging/node_modules/@apollo/server/node_modules/@apollo/server-gateway-interface.d.ts' does not exist.
Directory 'd:/DOPAMS/Toystack/dopams-backend-staging/node_modules/@apollo/server/node_modules/@types' does not exist, skipping all lookups in it.
Scoped package detected, looking in 'apollo__server-gateway-interface'
Directory 'd:/DOPAMS/Toystack/dopams-backend-staging/node_modules/@apollo/node_modules' does not exist, skipping all lookups in it.
Scoped package detected, looking in 'apollo__server-gateway-interface'
Found 'package.json' at 'd:/DOPAMS/Toystack/dopams-backend-staging/node_modules/@apollo/server-gateway-interface/package.json'.
File 'd:/DOPAMS/Toystack/dopams-backend-staging/node_modules/@apollo/server-gateway-interface.ts' does not exist.
File 'd:/DOPAMS/Toystack/dopams-backend-staging/node_modules/@apollo/server-gateway-interface.tsx' does not exist.
File 'd:/DOPAMS/Toystack/dopams-backend-staging/node_modules/@apollo/server-gateway-interface.d.ts' does not exist.
'package.json' does not have a 'typesVersions' field.
'package.json' does not have a 'typings' field.
'package.json' has 'types' field 'dist/esm/index.d.ts' that references 'd:/DOPAMS/Toystack/dopams-backend-staging/node_modules/@apollo/server-gateway-interface/dist/esm/index.d.ts'.
File 'd:/DOPAMS/Toystack/dopams-backend-staging/node_modules/@apollo/server-gateway-interface/dist/esm/index.d.ts' exists - use it as a name resolution result.
'package.json' has a 'peerDependencies' field.
Resolving real path for 'd:/DOPAMS/Toystack/dopams-backend-staging/node_modules/@apollo/server-gateway-interface', result 'D:/DOPAMS/Toystack/dopams-backend-staging/node_modules/@apollo/server-gateway-interface'.
File 'D:/DOPAMS/Toystack/dopams-backend-staging/node_modules/graphql/package.json' exists according to earlier cached lookups.
Found peerDependency 'graphql' with '16.12.0' version.
Resolving real path for 'd:/DOPAMS/Toystack/dopams-backend-staging/node_modules/@apollo/server-gateway-interface/dist/esm/index.d.ts', result 'D:/DOPAMS/Toystack/dopams-backend-staging/node_modules/@apollo/server-gateway-interface/dist/esm/index.d.ts'.
======== Module name '@apollo/server-gateway-interface' was successfully resolved to 'd:/DOPAMS/Toystack/dopams-backend-staging/node_modules/@apollo/server-gateway-interface/dist/esm/index.d.ts' with Package ID '@apollo/server-gateway-interface/dist/esm/index.d.ts@1.1.1+graphql@16.12.0'. ========
======== Resolving module '@apollo/utils.keyvaluecache' from 'd:/DOPAMS/Toystack/dopams-backend-staging/node_modules/@apollo/server/dist/esm/ApolloServer.d.ts'. ========
Explicitly specified module resolution kind: 'Node10'.
'baseUrl' option is set to 'd:/DOPAMS/Toystack/dopams-backend-staging/src', using this value to resolve non-relative module name '@apollo/utils.keyvaluecache'.
'paths' option is specified, looking for a pattern to match module name '@apollo/utils.keyvaluecache'.
'baseUrl' option is set to 'd:/DOPAMS/Toystack/dopams-backend-staging/src', using this value to resolve non-relative module name '@apollo/utils.keyvaluecache'.
Resolving module name '@apollo/utils.keyvaluecache' relative to base url 'd:/DOPAMS/Toystack/dopams-backend-staging/src' - 'd:/DOPAMS/Toystack/dopams-backend-staging/src/@apollo/utils.keyvaluecache'.
Loading module as file / folder, candidate module location 'd:/DOPAMS/Toystack/dopams-backend-staging/src/@apollo/utils.keyvaluecache', target file types: TypeScript, Declaration.
File name 'd:/DOPAMS/Toystack/dopams-backend-staging/src/@apollo/utils.keyvaluecache' has a '.keyvaluecache' extension - stripping it.
Loading module '@apollo/utils.keyvaluecache' from 'node_modules' folder, target file types: TypeScript, Declaration.
Searching all ancestor node_modules directories for preferred extensions: TypeScript, Declaration.
Directory 'd:/DOPAMS/Toystack/dopams-backend-staging/node_modules/@apollo/server/dist/esm/node_modules' does not exist, skipping all lookups in it.
File name 'd:/DOPAMS/Toystack/dopams-backend-staging/node_modules/@apollo/server/dist/esm/node_modules/@apollo/utils.keyvaluecache' has a '.keyvaluecache' extension - stripping it.
Scoped package detected, looking in 'apollo__utils.keyvaluecache'
File name 'd:/DOPAMS/Toystack/dopams-backend-staging/node_modules/@apollo/server/dist/esm/node_modules/@types/apollo__utils.keyvaluecache' has a '.keyvaluecache' extension - stripping it.
Directory 'd:/DOPAMS/Toystack/dopams-backend-staging/node_modules/@apollo/server/dist/node_modules' does not exist, skipping all lookups in it.
File name 'd:/DOPAMS/Toystack/dopams-backend-staging/node_modules/@apollo/server/dist/node_modules/@apollo/utils.keyvaluecache' has a '.keyvaluecache' extension - stripping it.
Scoped package detected, looking in 'apollo__utils.keyvaluecache'
File name 'd:/DOPAMS/Toystack/dopams-backend-staging/node_modules/@apollo/server/dist/node_modules/@types/apollo__utils.keyvaluecache' has a '.keyvaluecache' extension - stripping it.
Found 'package.json' at 'd:/DOPAMS/Toystack/dopams-backend-staging/node_modules/@apollo/server/node_modules/@apollo/utils.keyvaluecache/package.json'.
File name 'd:/DOPAMS/Toystack/dopams-backend-staging/node_modules/@apollo/server/node_modules/@apollo/utils.keyvaluecache' has a '.keyvaluecache' extension - stripping it.
File 'd:/DOPAMS/Toystack/dopams-backend-staging/node_modules/@apollo/server/node_modules/@apollo/utils.d.keyvaluecache.ts' does not exist.
File 'd:/DOPAMS/Toystack/dopams-backend-staging/node_modules/@apollo/server/node_modules/@apollo/utils.keyvaluecache.ts' does not exist.
File 'd:/DOPAMS/Toystack/dopams-backend-staging/node_modules/@apollo/server/node_modules/@apollo/utils.keyvaluecache.tsx' does not exist.
File 'd:/DOPAMS/Toystack/dopams-backend-staging/node_modules/@apollo/server/node_modules/@apollo/utils.keyvaluecache.d.ts' does not exist.
'package.json' does not have a 'typesVersions' field.
'package.json' does not have a 'typings' field.
'package.json' has 'types' field 'dist/index.d.ts' that references 'd:/DOPAMS/Toystack/dopams-backend-staging/node_modules/@apollo/server/node_modules/@apollo/utils.keyvaluecache/dist/index.d.ts'.
File 'd:/DOPAMS/Toystack/dopams-backend-staging/node_modules/@apollo/server/node_modules/@apollo/utils.keyvaluecache/dist/index.d.ts' exists - use it as a name resolution result.
'package.json' does not have a 'peerDependencies' field.
Resolving real path for 'd:/DOPAMS/Toystack/dopams-backend-staging/node_modules/@apollo/server/node_modules/@apollo/utils.keyvaluecache/dist/index.d.ts', result 'D:/DOPAMS/Toystack/dopams-backend-staging/node_modules/@apollo/server/node_modules/@apollo/utils.keyvaluecache/dist/index.d.ts'.
======== Module name '@apollo/utils.keyvaluecache' was successfully resolved to 'd:/DOPAMS/Toystack/dopams-backend-staging/node_modules/@apollo/server/node_modules/@apollo/utils.keyvaluecache/dist/index.d.ts' with Package ID '@apollo/utils.keyvaluecache/dist/index.d.ts@2.1.1'. ========
======== Resolving module '@apollo/utils.logger' from 'd:/DOPAMS/Toystack/dopams-backend-staging/node_modules/@apollo/server/dist/esm/ApolloServer.d.ts'. ========
Explicitly specified module resolution kind: 'Node10'.
'baseUrl' option is set to 'd:/DOPAMS/Toystack/dopams-backend-staging/src', using this value to resolve non-relative module name '@apollo/utils.logger'.
'paths' option is specified, looking for a pattern to match module name '@apollo/utils.logger'.
'baseUrl' option is set to 'd:/DOPAMS/Toystack/dopams-backend-staging/src', using this value to resolve non-relative module name '@apollo/utils.logger'.
Resolving module name '@apollo/utils.logger' relative to base url 'd:/DOPAMS/Toystack/dopams-backend-staging/src' - 'd:/DOPAMS/Toystack/dopams-backend-staging/src/@apollo/utils.logger'.
Loading module as file / folder, candidate module location 'd:/DOPAMS/Toystack/dopams-backend-staging/src/@apollo/utils.logger', target file types: TypeScript, Declaration.
File name 'd:/DOPAMS/Toystack/dopams-backend-staging/src/@apollo/utils.logger' has a '.logger' extension - stripping it.
Loading module '@apollo/utils.logger' from 'node_modules' folder, target file types: TypeScript, Declaration.
Searching all ancestor node_modules directories for preferred extensions: TypeScript, Declaration.
Directory 'd:/DOPAMS/Toystack/dopams-backend-staging/node_modules/@apollo/server/dist/esm/node_modules' does not exist, skipping all lookups in it.
File name 'd:/DOPAMS/Toystack/dopams-backend-staging/node_modules/@apollo/server/dist/esm/node_modules/@apollo/utils.logger' has a '.logger' extension - stripping it.
Scoped package detected, looking in 'apollo__utils.logger'
File name 'd:/DOPAMS/Toystack/dopams-backend-staging/node_modules/@apollo/server/dist/esm/node_modules/@types/apollo__utils.logger' has a '.logger' extension - stripping it.
Directory 'd:/DOPAMS/Toystack/dopams-backend-staging/node_modules/@apollo/server/dist/node_modules' does not exist, skipping all lookups in it.
File name 'd:/DOPAMS/Toystack/dopams-backend-staging/node_modules/@apollo/server/dist/node_modules/@apollo/utils.logger' has a '.logger' extension - stripping it.
Scoped package detected, looking in 'apollo__utils.logger'
File name 'd:/DOPAMS/Toystack/dopams-backend-staging/node_modules/@apollo/server/dist/node_modules/@types/apollo__utils.logger' has a '.logger' extension - stripping it.
Found 'package.json' at 'd:/DOPAMS/Toystack/dopams-backend-staging/node_modules/@apollo/server/node_modules/@apollo/utils.logger/package.json'.
File name 'd:/DOPAMS/Toystack/dopams-backend-staging/node_modules/@apollo/server/node_modules/@apollo/utils.logger' has a '.logger' extension - stripping it.
File 'd:/DOPAMS/Toystack/dopams-backend-staging/node_modules/@apollo/server/node_modules/@apollo/utils.d.logger.ts' does not exist.
File 'd:/DOPAMS/Toystack/dopams-backend-staging/node_modules/@apollo/server/node_modules/@apollo/utils.logger.ts' does not exist.
File 'd:/DOPAMS/Toystack/dopams-backend-staging/node_modules/@apollo/server/node_modules/@apollo/utils.logger.tsx' does not exist.
File 'd:/DOPAMS/Toystack/dopams-backend-staging/node_modules/@apollo/server/node_modules/@apollo/utils.logger.d.ts' does not exist.
'package.json' does not have a 'typesVersions' field.
'package.json' does not have a 'typings' field.
'package.json' has 'types' field 'dist/index.d.ts' that references 'd:/DOPAMS/Toystack/dopams-backend-staging/node_modules/@apollo/server/node_modules/@apollo/utils.logger/dist/index.d.ts'.
File 'd:/DOPAMS/Toystack/dopams-backend-staging/node_modules/@apollo/server/node_modules/@apollo/utils.logger/dist/index.d.ts' exists - use it as a name resolution result.
'package.json' does not have a 'peerDependencies' field.
Resolving real path for 'd:/DOPAMS/Toystack/dopams-backend-staging/node_modules/@apollo/server/node_modules/@apollo/utils.logger/dist/index.d.ts', result 'D:/DOPAMS/Toystack/dopams-backend-staging/node_modules/@apollo/server/node_modules/@apollo/utils.logger/dist/index.d.ts'.
======== Module name '@apollo/utils.logger' was successfully resolved to 'd:/DOPAMS/Toystack/dopams-backend-staging/node_modules/@apollo/server/node_modules/@apollo/utils.logger/dist/index.d.ts' with Package ID '@apollo/utils.logger/dist/index.d.ts@2.0.1'. ========
======== Resolving module '@apollo/utils.withrequired' from 'd:/DOPAMS/Toystack/dopams-backend-staging/node_modules/@apollo/server/dist/esm/ApolloServer.d.ts'. ========
Explicitly specified module resolution kind: 'Node10'.
'baseUrl' option is set to 'd:/DOPAMS/Toystack/dopams-backend-staging/src', using this value to resolve non-relative module name '@apollo/utils.withrequired'.
'paths' option is specified, looking for a pattern to match module name '@apollo/utils.withrequired'.
'baseUrl' option is set to 'd:/DOPAMS/Toystack/dopams-backend-staging/src', using this value to resolve non-relative module name '@apollo/utils.withrequired'.
Resolving module name '@apollo/utils.withrequired' relative to base url 'd:/DOPAMS/Toystack/dopams-backend-staging/src' - 'd:/DOPAMS/Toystack/dopams-backend-staging/src/@apollo/utils.withrequired'.
Loading module as file / folder, candidate module location 'd:/DOPAMS/Toystack/dopams-backend-staging/src/@apollo/utils.withrequired', target file types: TypeScript, Declaration.
File name 'd:/DOPAMS/Toystack/dopams-backend-staging/src/@apollo/utils.withrequired' has a '.withrequired' extension - stripping it.
Loading module '@apollo/utils.withrequired' from 'node_modules' folder, target file types: TypeScript, Declaration.
Searching all ancestor node_modules directories for preferred extensions: TypeScript, Declaration.
Resolution for module '@apollo/utils.withrequired' was found in cache from location 'd:/DOPAMS/Toystack/dopams-backend-staging/node_modules/@apollo/server/dist/esm'.
======== Module name '@apollo/utils.withrequired' was successfully resolved to 'd:/DOPAMS/Toystack/dopams-backend-staging/node_modules/@apollo/server/node_modules/@apollo/utils.withrequired/dist/index.d.ts' with Package ID '@apollo/utils.withrequired/dist/index.d.ts@2.0.1'. ========
======== Resolving module './utils/resolvable.js' from 'd:/DOPAMS/Toystack/dopams-backend-staging/node_modules/@apollo/server/dist/esm/ApolloServer.d.ts'. ========
Explicitly specified module resolution kind: 'Node10'.
Loading module as file / folder, candidate module location 'd:/DOPAMS/Toystack/dopams-backend-staging/node_modules/@apollo/server/dist/esm/utils/resolvable.js', target file types: TypeScript, Declaration.
File name 'd:/DOPAMS/Toystack/dopams-backend-staging/node_modules/@apollo/server/dist/esm/utils/resolvable.js' has a '.js' extension - stripping it.
File 'd:/DOPAMS/Toystack/dopams-backend-staging/node_modules/@apollo/server/dist/esm/utils/resolvable.ts' does not exist.
File 'd:/DOPAMS/Toystack/dopams-backend-staging/node_modules/@apollo/server/dist/esm/utils/resolvable.tsx' does not exist.
File 'd:/DOPAMS/Toystack/dopams-backend-staging/node_modules/@apollo/server/dist/esm/utils/resolvable.d.ts' exists - use it as a name resolution result.
File 'd:/DOPAMS/Toystack/dopams-backend-staging/node_modules/@apollo/server/package.json' exists according to earlier cached lookups.
======== Module name './utils/resolvable.js' was successfully resolved to 'd:/DOPAMS/Toystack/dopams-backend-staging/node_modules/@apollo/server/dist/esm/utils/resolvable.d.ts' with Package ID '@apollo/server/dist/esm/utils/resolvable.d.ts@4.13.0+graphql@16.12.0'. ========
======== Resolving module 'graphql' from 'd:/DOPAMS/Toystack/dopams-backend-staging/node_modules/@apollo/server/dist/esm/ApolloServer.d.ts'. ========
Explicitly specified module resolution kind: 'Node10'.
'baseUrl' option is set to 'd:/DOPAMS/Toystack/dopams-backend-staging/src', using this value to resolve non-relative module name 'graphql'.
'paths' option is specified, looking for a pattern to match module name 'graphql'.
'baseUrl' option is set to 'd:/DOPAMS/Toystack/dopams-backend-staging/src', using this value to resolve non-relative module name 'graphql'.
Resolving module name 'graphql' relative to base url 'd:/DOPAMS/Toystack/dopams-backend-staging/src' - 'd:/DOPAMS/Toystack/dopams-backend-staging/src/graphql'.
Loading module as file / folder, candidate module location 'd:/DOPAMS/Toystack/dopams-backend-staging/src/graphql', target file types: TypeScript, Declaration.
File 'd:/DOPAMS/Toystack/dopams-backend-staging/src/graphql.ts' does not exist.
File 'd:/DOPAMS/Toystack/dopams-backend-staging/src/graphql.tsx' does not exist.
File 'd:/DOPAMS/Toystack/dopams-backend-staging/src/graphql.d.ts' does not exist.
Directory 'd:/DOPAMS/Toystack/dopams-backend-staging/src/graphql' does not exist, skipping all lookups in it.
Loading module 'graphql' from 'node_modules' folder, target file types: TypeScript, Declaration.
Searching all ancestor node_modules directories for preferred extensions: TypeScript, Declaration.
Directory 'd:/DOPAMS/Toystack/dopams-backend-staging/node_modules/@apollo/server/dist/esm/node_modules' does not exist, skipping all lookups in it.
Directory 'd:/DOPAMS/Toystack/dopams-backend-staging/node_modules/@apollo/server/dist/node_modules' does not exist, skipping all lookups in it.
File 'd:/DOPAMS/Toystack/dopams-backend-staging/node_modules/@apollo/server/node_modules/graphql.ts' does not exist.
File 'd:/DOPAMS/Toystack/dopams-backend-staging/node_modules/@apollo/server/node_modules/graphql.tsx' does not exist.
File 'd:/DOPAMS/Toystack/dopams-backend-staging/node_modules/@apollo/server/node_modules/graphql.d.ts' does not exist.
Directory 'd:/DOPAMS/Toystack/dopams-backend-staging/node_modules/@apollo/server/node_modules/@types' does not exist, skipping all lookups in it.
Directory 'd:/DOPAMS/Toystack/dopams-backend-staging/node_modules/@apollo/node_modules' does not exist, skipping all lookups in it.
File 'd:/DOPAMS/Toystack/dopams-backend-staging/node_modules/graphql/package.json' exists according to earlier cached lookups.
File 'd:/DOPAMS/Toystack/dopams-backend-staging/node_modules/graphql.ts' does not exist.
File 'd:/DOPAMS/Toystack/dopams-backend-staging/node_modules/graphql.tsx' does not exist.
File 'd:/DOPAMS/Toystack/dopams-backend-staging/node_modules/graphql.d.ts' does not exist.
'package.json' does not have a 'typings' field.
'package.json' does not have a 'types' field.
'package.json' has 'main' field 'index' that references 'd:/DOPAMS/Toystack/dopams-backend-staging/node_modules/graphql/index'.
'package.json' has a 'typesVersions' entry '>=4.1.0' that matches compiler version '5.9.3', looking for a pattern to match module name 'index'.
Module name 'index', matched pattern '*'.
Trying substitution '*', candidate module location: 'index'.
Loading module as file / folder, candidate module location 'd:/DOPAMS/Toystack/dopams-backend-staging/node_modules/graphql/index', target file types: TypeScript, Declaration.
File 'd:/DOPAMS/Toystack/dopams-backend-staging/node_modules/graphql/index.ts' does not exist.
File 'd:/DOPAMS/Toystack/dopams-backend-staging/node_modules/graphql/index.tsx' does not exist.
File 'd:/DOPAMS/Toystack/dopams-backend-staging/node_modules/graphql/index.d.ts' exists - use it as a name resolution result.
Resolving real path for 'd:/DOPAMS/Toystack/dopams-backend-staging/node_modules/graphql/index.d.ts', result 'D:/DOPAMS/Toystack/dopams-backend-staging/node_modules/graphql/index.d.ts'.
======== Module name 'graphql' was successfully resolved to 'd:/DOPAMS/Toystack/dopams-backend-staging/node_modules/graphql/index.d.ts' with Package ID 'graphql/index.d.ts@16.12.0'. ========
======== Resolving module './externalTypes/graphql.js' from 'd:/DOPAMS/Toystack/dopams-backend-staging/node_modules/@apollo/server/dist/esm/ApolloServer.d.ts'. ========
Explicitly specified module resolution kind: 'Node10'.
Loading module as file / folder, candidate module location 'd:/DOPAMS/Toystack/dopams-backend-staging/node_modules/@apollo/server/dist/esm/externalTypes/graphql.js', target file types: TypeScript, Declaration.
File name 'd:/DOPAMS/Toystack/dopams-backend-staging/node_modules/@apollo/server/dist/esm/externalTypes/graphql.js' has a '.js' extension - stripping it.
File 'd:/DOPAMS/Toystack/dopams-backend-staging/node_modules/@apollo/server/dist/esm/externalTypes/graphql.ts' does not exist.
File 'd:/DOPAMS/Toystack/dopams-backend-staging/node_modules/@apollo/server/dist/esm/externalTypes/graphql.tsx' does not exist.
File 'd:/DOPAMS/Toystack/dopams-backend-staging/node_modules/@apollo/server/dist/esm/externalTypes/graphql.d.ts' exists - use it as a name resolution result.
File 'd:/DOPAMS/Toystack/dopams-backend-staging/node_modules/@apollo/server/package.json' exists according to earlier cached lookups.
======== Module name './externalTypes/graphql.js' was successfully resolved to 'd:/DOPAMS/Toystack/dopams-backend-staging/node_modules/@apollo/server/dist/esm/externalTypes/graphql.d.ts' with Package ID '@apollo/server/dist/esm/externalTypes/graphql.d.ts@4.13.0+graphql@16.12.0'. ========
======== Resolving module './externalTypes/index.js' from 'd:/DOPAMS/Toystack/dopams-backend-staging/node_modules/@apollo/server/dist/esm/ApolloServer.d.ts'. ========
Resolution for module './externalTypes/index.js' was found in cache from location 'd:/DOPAMS/Toystack/dopams-backend-staging/node_modules/@apollo/server/dist/esm'.
======== Module name './externalTypes/index.js' was successfully resolved to 'd:/DOPAMS/Toystack/dopams-backend-staging/node_modules/@apollo/server/dist/esm/externalTypes/index.d.ts' with Package ID '@apollo/server/dist/esm/externalTypes/index.d.ts@4.13.0+graphql@16.12.0'. ========
======== Resolving module './incrementalDeliveryPolyfill.js' from 'd:/DOPAMS/Toystack/dopams-backend-staging/node_modules/@apollo/server/dist/esm/ApolloServer.d.ts'. ========
Explicitly specified module resolution kind: 'Node10'.
Loading module as file / folder, candidate module location 'd:/DOPAMS/Toystack/dopams-backend-staging/node_modules/@apollo/server/dist/esm/incrementalDeliveryPolyfill.js', target file types: TypeScript, Declaration.
File name 'd:/DOPAMS/Toystack/dopams-backend-staging/node_modules/@apollo/server/dist/esm/incrementalDeliveryPolyfill.js' has a '.js' extension - stripping it.
File 'd:/DOPAMS/Toystack/dopams-backend-staging/node_modules/@apollo/server/dist/esm/incrementalDeliveryPolyfill.ts' does not exist.
File 'd:/DOPAMS/Toystack/dopams-backend-staging/node_modules/@apollo/server/dist/esm/incrementalDeliveryPolyfill.tsx' does not exist.
File 'd:/DOPAMS/Toystack/dopams-backend-staging/node_modules/@apollo/server/dist/esm/incrementalDeliveryPolyfill.d.ts' exists - use it as a name resolution result.
File 'd:/DOPAMS/Toystack/dopams-backend-staging/node_modules/@apollo/server/package.json' exists according to earlier cached lookups.
======== Module name './incrementalDeliveryPolyfill.js' was successfully resolved to 'd:/DOPAMS/Toystack/dopams-backend-staging/node_modules/@apollo/server/dist/esm/incrementalDeliveryPolyfill.d.ts' with Package ID '@apollo/server/dist/esm/incrementalDeliveryPolyfill.d.ts@4.13.0+graphql@16.12.0'. ========
======== Resolving module './utils/schemaManager.js' from 'd:/DOPAMS/Toystack/dopams-backend-staging/node_modules/@apollo/server/dist/esm/ApolloServer.d.ts'. ========
Explicitly specified module resolution kind: 'Node10'.
Loading module as file / folder, candidate module location 'd:/DOPAMS/Toystack/dopams-backend-staging/node_modules/@apollo/server/dist/esm/utils/schemaManager.js', target file types: TypeScript, Declaration.
File name 'd:/DOPAMS/Toystack/dopams-backend-staging/node_modules/@apollo/server/dist/esm/utils/schemaManager.js' has a '.js' extension - stripping it.
File 'd:/DOPAMS/Toystack/dopams-backend-staging/node_modules/@apollo/server/dist/esm/utils/schemaManager.ts' does not exist.
File 'd:/DOPAMS/Toystack/dopams-backend-staging/node_modules/@apollo/server/dist/esm/utils/schemaManager.tsx' does not exist.
File 'd:/DOPAMS/Toystack/dopams-backend-staging/node_modules/@apollo/server/dist/esm/utils/schemaManager.d.ts' exists - use it as a name resolution result.
File 'd:/DOPAMS/Toystack/dopams-backend-staging/node_modules/@apollo/server/package.json' exists according to earlier cached lookups.
======== Module name './utils/schemaManager.js' was successfully resolved to 'd:/DOPAMS/Toystack/dopams-backend-staging/node_modules/@apollo/server/dist/esm/utils/schemaManager.d.ts' with Package ID '@apollo/server/dist/esm/utils/schemaManager.d.ts@4.13.0+graphql@16.12.0'. ========
Found 'package.json' at 'd:/DOPAMS/Toystack/dopams-backend-staging/node_modules/@apollo/server-gateway-interface/dist/esm/package.json'.
======== Resolving module '@apollo/utils.keyvaluecache' from 'd:/DOPAMS/Toystack/dopams-backend-staging/node_modules/@apollo/server-gateway-interface/dist/esm/index.d.ts'. ========
Explicitly specified module resolution kind: 'Node10'.
'baseUrl' option is set to 'd:/DOPAMS/Toystack/dopams-backend-staging/src', using this value to resolve non-relative module name '@apollo/utils.keyvaluecache'.
'paths' option is specified, looking for a pattern to match module name '@apollo/utils.keyvaluecache'.
'baseUrl' option is set to 'd:/DOPAMS/Toystack/dopams-backend-staging/src', using this value to resolve non-relative module name '@apollo/utils.keyvaluecache'.
Resolving module name '@apollo/utils.keyvaluecache' relative to base url 'd:/DOPAMS/Toystack/dopams-backend-staging/src' - 'd:/DOPAMS/Toystack/dopams-backend-staging/src/@apollo/utils.keyvaluecache'.
Loading module as file / folder, candidate module location 'd:/DOPAMS/Toystack/dopams-backend-staging/src/@apollo/utils.keyvaluecache', target file types: TypeScript, Declaration.
File name 'd:/DOPAMS/Toystack/dopams-backend-staging/src/@apollo/utils.keyvaluecache' has a '.keyvaluecache' extension - stripping it.
Loading module '@apollo/utils.keyvaluecache' from 'node_modules' folder, target file types: TypeScript, Declaration.
Searching all ancestor node_modules directories for preferred extensions: TypeScript, Declaration.
Directory 'd:/DOPAMS/Toystack/dopams-backend-staging/node_modules/@apollo/server-gateway-interface/dist/esm/node_modules' does not exist, skipping all lookups in it.
File name 'd:/DOPAMS/Toystack/dopams-backend-staging/node_modules/@apollo/server-gateway-interface/dist/esm/node_modules/@apollo/utils.keyvaluecache' has a '.keyvaluecache' extension - stripping it.
Scoped package detected, looking in 'apollo__utils.keyvaluecache'
File name 'd:/DOPAMS/Toystack/dopams-backend-staging/node_modules/@apollo/server-gateway-interface/dist/esm/node_modules/@types/apollo__utils.keyvaluecache' has a '.keyvaluecache' extension - stripping it.
Directory 'd:/DOPAMS/Toystack/dopams-backend-staging/node_modules/@apollo/server-gateway-interface/dist/node_modules' does not exist, skipping all lookups in it.
File name 'd:/DOPAMS/Toystack/dopams-backend-staging/node_modules/@apollo/server-gateway-interface/dist/node_modules/@apollo/utils.keyvaluecache' has a '.keyvaluecache' extension - stripping it.
Scoped package detected, looking in 'apollo__utils.keyvaluecache'
File name 'd:/DOPAMS/Toystack/dopams-backend-staging/node_modules/@apollo/server-gateway-interface/dist/node_modules/@types/apollo__utils.keyvaluecache' has a '.keyvaluecache' extension - stripping it.
Found 'package.json' at 'd:/DOPAMS/Toystack/dopams-backend-staging/node_modules/@apollo/server-gateway-interface/node_modules/@apollo/utils.keyvaluecache/package.json'.
File name 'd:/DOPAMS/Toystack/dopams-backend-staging/node_modules/@apollo/server-gateway-interface/node_modules/@apollo/utils.keyvaluecache' has a '.keyvaluecache' extension - stripping it.
File 'd:/DOPAMS/Toystack/dopams-backend-staging/node_modules/@apollo/server-gateway-interface/node_modules/@apollo/utils.d.keyvaluecache.ts' does not exist.
File 'd:/DOPAMS/Toystack/dopams-backend-staging/node_modules/@apollo/server-gateway-interface/node_modules/@apollo/utils.keyvaluecache.ts' does not exist.
File 'd:/DOPAMS/Toystack/dopams-backend-staging/node_modules/@apollo/server-gateway-interface/node_modules/@apollo/utils.keyvaluecache.tsx' does not exist.
File 'd:/DOPAMS/Toystack/dopams-backend-staging/node_modules/@apollo/server-gateway-interface/node_modules/@apollo/utils.keyvaluecache.d.ts' does not exist.
'package.json' does not have a 'typesVersions' field.
'package.json' does not have a 'typings' field.
'package.json' has 'types' field 'dist/index.d.ts' that references 'd:/DOPAMS/Toystack/dopams-backend-staging/node_modules/@apollo/server-gateway-interface/node_modules/@apollo/utils.keyvaluecache/dist/index.d.ts'.
File 'd:/DOPAMS/Toystack/dopams-backend-staging/node_modules/@apollo/server-gateway-interface/node_modules/@apollo/utils.keyvaluecache/dist/index.d.ts' exists - use it as a name resolution result.
'package.json' does not have a 'peerDependencies' field.
Resolving real path for 'd:/DOPAMS/Toystack/dopams-backend-staging/node_modules/@apollo/server-gateway-interface/node_modules/@apollo/utils.keyvaluecache/dist/index.d.ts', result 'D:/DOPAMS/Toystack/dopams-backend-staging/node_modules/@apollo/server-gateway-interface/node_modules/@apollo/utils.keyvaluecache/dist/index.d.ts'.
======== Module name '@apollo/utils.keyvaluecache' was successfully resolved to 'd:/DOPAMS/Toystack/dopams-backend-staging/node_modules/@apollo/server-gateway-interface/node_modules/@apollo/utils.keyvaluecache/dist/index.d.ts' with Package ID '@apollo/utils.keyvaluecache/dist/index.d.ts@2.1.1'. ========
======== Resolving module 'graphql' from 'd:/DOPAMS/Toystack/dopams-backend-staging/node_modules/@apollo/server-gateway-interface/dist/esm/index.d.ts'. ========
Explicitly specified module resolution kind: 'Node10'.
'baseUrl' option is set to 'd:/DOPAMS/Toystack/dopams-backend-staging/src', using this value to resolve non-relative module name 'graphql'.
'paths' option is specified, looking for a pattern to match module name 'graphql'.
'baseUrl' option is set to 'd:/DOPAMS/Toystack/dopams-backend-staging/src', using this value to resolve non-relative module name 'graphql'.
Resolving module name 'graphql' relative to base url 'd:/DOPAMS/Toystack/dopams-backend-staging/src' - 'd:/DOPAMS/Toystack/dopams-backend-staging/src/graphql'.
Loading module as file / folder, candidate module location 'd:/DOPAMS/Toystack/dopams-backend-staging/src/graphql', target file types: TypeScript, Declaration.
File 'd:/DOPAMS/Toystack/dopams-backend-staging/src/graphql.ts' does not exist.
File 'd:/DOPAMS/Toystack/dopams-backend-staging/src/graphql.tsx' does not exist.
File 'd:/DOPAMS/Toystack/dopams-backend-staging/src/graphql.d.ts' does not exist.
Directory 'd:/DOPAMS/Toystack/dopams-backend-staging/src/graphql' does not exist, skipping all lookups in it.
Loading module 'graphql' from 'node_modules' folder, target file types: TypeScript, Declaration.
Searching all ancestor node_modules directories for preferred extensions: TypeScript, Declaration.
Directory 'd:/DOPAMS/Toystack/dopams-backend-staging/node_modules/@apollo/server-gateway-interface/dist/esm/node_modules' does not exist, skipping all lookups in it.
Directory 'd:/DOPAMS/Toystack/dopams-backend-staging/node_modules/@apollo/server-gateway-interface/dist/node_modules' does not exist, skipping all lookups in it.
File 'd:/DOPAMS/Toystack/dopams-backend-staging/node_modules/@apollo/server-gateway-interface/node_modules/graphql.ts' does not exist.
File 'd:/DOPAMS/Toystack/dopams-backend-staging/node_modules/@apollo/server-gateway-interface/node_modules/graphql.tsx' does not exist.
File 'd:/DOPAMS/Toystack/dopams-backend-staging/node_modules/@apollo/server-gateway-interface/node_modules/graphql.d.ts' does not exist.
Directory 'd:/DOPAMS/Toystack/dopams-backend-staging/node_modules/@apollo/server-gateway-interface/node_modules/@types' does not exist, skipping all lookups in it.
Resolution for module 'graphql' was found in cache from location 'd:/DOPAMS/Toystack/dopams-backend-staging/node_modules/@apollo'.
======== Module name 'graphql' was successfully resolved to 'd:/DOPAMS/Toystack/dopams-backend-staging/node_modules/graphql/index.d.ts' with Package ID 'graphql/index.d.ts@16.12.0'. ========
======== Resolving module '@apollo/utils.logger' from 'd:/DOPAMS/Toystack/dopams-backend-staging/node_modules/@apollo/server-gateway-interface/dist/esm/index.d.ts'. ========
Explicitly specified module resolution kind: 'Node10'.
'baseUrl' option is set to 'd:/DOPAMS/Toystack/dopams-backend-staging/src', using this value to resolve non-relative module name '@apollo/utils.logger'.
'paths' option is specified, looking for a pattern to match module name '@apollo/utils.logger'.
'baseUrl' option is set to 'd:/DOPAMS/Toystack/dopams-backend-staging/src', using this value to resolve non-relative module name '@apollo/utils.logger'.
Resolving module name '@apollo/utils.logger' relative to base url 'd:/DOPAMS/Toystack/dopams-backend-staging/src' - 'd:/DOPAMS/Toystack/dopams-backend-staging/src/@apollo/utils.logger'.
Loading module as file / folder, candidate module location 'd:/DOPAMS/Toystack/dopams-backend-staging/src/@apollo/utils.logger', target file types: TypeScript, Declaration.
File name 'd:/DOPAMS/Toystack/dopams-backend-staging/src/@apollo/utils.logger' has a '.logger' extension - stripping it.
Loading module '@apollo/utils.logger' from 'node_modules' folder, target file types: TypeScript, Declaration.
Searching all ancestor node_modules directories for preferred extensions: TypeScript, Declaration.
Directory 'd:/DOPAMS/Toystack/dopams-backend-staging/node_modules/@apollo/server-gateway-interface/dist/esm/node_modules' does not exist, skipping all lookups in it.
File name 'd:/DOPAMS/Toystack/dopams-backend-staging/node_modules/@apollo/server-gateway-interface/dist/esm/node_modules/@apollo/utils.logger' has a '.logger' extension - stripping it.
Scoped package detected, looking in 'apollo__utils.logger'
File name 'd:/DOPAMS/Toystack/dopams-backend-staging/node_modules/@apollo/server-gateway-interface/dist/esm/node_modules/@types/apollo__utils.logger' has a '.logger' extension - stripping it.
Directory 'd:/DOPAMS/Toystack/dopams-backend-staging/node_modules/@apollo/server-gateway-interface/dist/node_modules' does not exist, skipping all lookups in it.
File name 'd:/DOPAMS/Toystack/dopams-backend-staging/node_modules/@apollo/server-gateway-interface/dist/node_modules/@apollo/utils.logger' has a '.logger' extension - stripping it.
Scoped package detected, looking in 'apollo__utils.logger'
File name 'd:/DOPAMS/Toystack/dopams-backend-staging/node_modules/@apollo/server-gateway-interface/dist/node_modules/@types/apollo__utils.logger' has a '.logger' extension - stripping it.
Found 'package.json' at 'd:/DOPAMS/Toystack/dopams-backend-staging/node_modules/@apollo/server-gateway-interface/node_modules/@apollo/utils.logger/package.json'.
File name 'd:/DOPAMS/Toystack/dopams-backend-staging/node_modules/@apollo/server-gateway-interface/node_modules/@apollo/utils.logger' has a '.logger' extension - stripping it.
File 'd:/DOPAMS/Toystack/dopams-backend-staging/node_modules/@apollo/server-gateway-interface/node_modules/@apollo/utils.d.logger.ts' does not exist.
File 'd:/DOPAMS/Toystack/dopams-backend-staging/node_modules/@apollo/server-gateway-interface/node_modules/@apollo/utils.logger.ts' does not exist.
File 'd:/DOPAMS/Toystack/dopams-backend-staging/node_modules/@apollo/server-gateway-interface/node_modules/@apollo/utils.logger.tsx' does not exist.
File 'd:/DOPAMS/Toystack/dopams-backend-staging/node_modules/@apollo/server-gateway-interface/node_modules/@apollo/utils.logger.d.ts' does not exist.
'package.json' does not have a 'typesVersions' field.
'package.json' does not have a 'typings' field.
'package.json' has 'types' field 'dist/index.d.ts' that references 'd:/DOPAMS/Toystack/dopams-backend-staging/node_modules/@apollo/server-gateway-interface/node_modules/@apollo/utils.logger/dist/index.d.ts'.
File 'd:/DOPAMS/Toystack/dopams-backend-staging/node_modules/@apollo/server-gateway-interface/node_modules/@apollo/utils.logger/dist/index.d.ts' exists - use it as a name resolution result.
'package.json' does not have a 'peerDependencies' field.
Resolving real path for 'd:/DOPAMS/Toystack/dopams-backend-staging/node_modules/@apollo/server-gateway-interface/node_modules/@apollo/utils.logger/dist/index.d.ts', result 'D:/DOPAMS/Toystack/dopams-backend-staging/node_modules/@apollo/server-gateway-interface/node_modules/@apollo/utils.logger/dist/index.d.ts'.
======== Module name '@apollo/utils.logger' was successfully resolved to 'd:/DOPAMS/Toystack/dopams-backend-staging/node_modules/@apollo/server-gateway-interface/node_modules/@apollo/utils.logger/dist/index.d.ts' with Package ID '@apollo/utils.logger/dist/index.d.ts@2.0.1'. ========
======== Resolving module '@apollo/usage-reporting-protobuf' from 'd:/DOPAMS/Toystack/dopams-backend-staging/node_modules/@apollo/server-gateway-interface/dist/esm/index.d.ts'. ========
Explicitly specified module resolution kind: 'Node10'.
'baseUrl' option is set to 'd:/DOPAMS/Toystack/dopams-backend-staging/src', using this value to resolve non-relative module name '@apollo/usage-reporting-protobuf'.
'paths' option is specified, looking for a pattern to match module name '@apollo/usage-reporting-protobuf'.
'baseUrl' option is set to 'd:/DOPAMS/Toystack/dopams-backend-staging/src', using this value to resolve non-relative module name '@apollo/usage-reporting-protobuf'.
Resolving module name '@apollo/usage-reporting-protobuf' relative to base url 'd:/DOPAMS/Toystack/dopams-backend-staging/src' - 'd:/DOPAMS/Toystack/dopams-backend-staging/src/@apollo/usage-reporting-protobuf'.
Loading module as file / folder, candidate module location 'd:/DOPAMS/Toystack/dopams-backend-staging/src/@apollo/usage-reporting-protobuf', target file types: TypeScript, Declaration.
Loading module '@apollo/usage-reporting-protobuf' from 'node_modules' folder, target file types: TypeScript, Declaration.
Searching all ancestor node_modules directories for preferred extensions: TypeScript, Declaration.
Directory 'd:/DOPAMS/Toystack/dopams-backend-staging/node_modules/@apollo/server-gateway-interface/dist/esm/node_modules' does not exist, skipping all lookups in it.
Scoped package detected, looking in 'apollo__usage-reporting-protobuf'
Directory 'd:/DOPAMS/Toystack/dopams-backend-staging/node_modules/@apollo/server-gateway-interface/dist/node_modules' does not exist, skipping all lookups in it.
Scoped package detected, looking in 'apollo__usage-reporting-protobuf'
File 'd:/DOPAMS/Toystack/dopams-backend-staging/node_modules/@apollo/server-gateway-interface/node_modules/@apollo/usage-reporting-protobuf.ts' does not exist.
File 'd:/DOPAMS/Toystack/dopams-backend-staging/node_modules/@apollo/server-gateway-interface/node_modules/@apollo/usage-reporting-protobuf.tsx' does not exist.
File 'd:/DOPAMS/Toystack/dopams-backend-staging/node_modules/@apollo/server-gateway-interface/node_modules/@apollo/usage-reporting-protobuf.d.ts' does not exist.
Directory 'd:/DOPAMS/Toystack/dopams-backend-staging/node_modules/@apollo/server-gateway-interface/node_modules/@types' does not exist, skipping all lookups in it.
Scoped package detected, looking in 'apollo__usage-reporting-protobuf'
Directory 'd:/DOPAMS/Toystack/dopams-backend-staging/node_modules/@apollo/node_modules' does not exist, skipping all lookups in it.
Scoped package detected, looking in 'apollo__usage-reporting-protobuf'
Found 'package.json' at 'd:/DOPAMS/Toystack/dopams-backend-staging/node_modules/@apollo/usage-reporting-protobuf/package.json'.
File 'd:/DOPAMS/Toystack/dopams-backend-staging/node_modules/@apollo/usage-reporting-protobuf.ts' does not exist.
File 'd:/DOPAMS/Toystack/dopams-backend-staging/node_modules/@apollo/usage-reporting-protobuf.tsx' does not exist.
File 'd:/DOPAMS/Toystack/dopams-backend-staging/node_modules/@apollo/usage-reporting-protobuf.d.ts' does not exist.
'package.json' does not have a 'typesVersions' field.
'package.json' does not have a 'typings' field.
'package.json' has 'types' field 'generated/esm/protobuf.d.ts' that references 'd:/DOPAMS/Toystack/dopams-backend-staging/node_modules/@apollo/usage-reporting-protobuf/generated/esm/protobuf.d.ts'.
File 'd:/DOPAMS/Toystack/dopams-backend-staging/node_modules/@apollo/usage-reporting-protobuf/generated/esm/protobuf.d.ts' exists - use it as a name resolution result.
'package.json' does not have a 'peerDependencies' field.
Resolving real path for 'd:/DOPAMS/Toystack/dopams-backend-staging/node_modules/@apollo/usage-reporting-protobuf/generated/esm/protobuf.d.ts', result 'D:/DOPAMS/Toystack/dopams-backend-staging/node_modules/@apollo/usage-reporting-protobuf/generated/esm/protobuf.d.ts'.
======== Module name '@apollo/usage-reporting-protobuf' was successfully resolved to 'd:/DOPAMS/Toystack/dopams-backend-staging/node_modules/@apollo/usage-reporting-protobuf/generated/esm/protobuf.d.ts' with Package ID '@apollo/usage-reporting-protobuf/generated/esm/protobuf.d.ts@4.1.1'. ========
======== Resolving module '@apollo/utils.fetcher' from 'd:/DOPAMS/Toystack/dopams-backend-staging/node_modules/@apollo/server-gateway-interface/dist/esm/index.d.ts'. ========
Explicitly specified module resolution kind: 'Node10'.
'baseUrl' option is set to 'd:/DOPAMS/Toystack/dopams-backend-staging/src', using this value to resolve non-relative module name '@apollo/utils.fetcher'.
'paths' option is specified, looking for a pattern to match module name '@apollo/utils.fetcher'.
'baseUrl' option is set to 'd:/DOPAMS/Toystack/dopams-backend-staging/src', using this value to resolve non-relative module name '@apollo/utils.fetcher'.
Resolving module name '@apollo/utils.fetcher' relative to base url 'd:/DOPAMS/Toystack/dopams-backend-staging/src' - 'd:/DOPAMS/Toystack/dopams-backend-staging/src/@apollo/utils.fetcher'.
Loading module as file / folder, candidate module location 'd:/DOPAMS/Toystack/dopams-backend-staging/src/@apollo/utils.fetcher', target file types: TypeScript, Declaration.
File name 'd:/DOPAMS/Toystack/dopams-backend-staging/src/@apollo/utils.fetcher' has a '.fetcher' extension - stripping it.
Loading module '@apollo/utils.fetcher' from 'node_modules' folder, target file types: TypeScript, Declaration.
Searching all ancestor node_modules directories for preferred extensions: TypeScript, Declaration.
Directory 'd:/DOPAMS/Toystack/dopams-backend-staging/node_modules/@apollo/server-gateway-interface/dist/esm/node_modules' does not exist, skipping all lookups in it.
File name 'd:/DOPAMS/Toystack/dopams-backend-staging/node_modules/@apollo/server-gateway-interface/dist/esm/node_modules/@apollo/utils.fetcher' has a '.fetcher' extension - stripping it.
Scoped package detected, looking in 'apollo__utils.fetcher'
File name 'd:/DOPAMS/Toystack/dopams-backend-staging/node_modules/@apollo/server-gateway-interface/dist/esm/node_modules/@types/apollo__utils.fetcher' has a '.fetcher' extension - stripping it.
Directory 'd:/DOPAMS/Toystack/dopams-backend-staging/node_modules/@apollo/server-gateway-interface/dist/node_modules' does not exist, skipping all lookups in it.
File name 'd:/DOPAMS/Toystack/dopams-backend-staging/node_modules/@apollo/server-gateway-interface/dist/node_modules/@apollo/utils.fetcher' has a '.fetcher' extension - stripping it.
Scoped package detected, looking in 'apollo__utils.fetcher'
File name 'd:/DOPAMS/Toystack/dopams-backend-staging/node_modules/@apollo/server-gateway-interface/dist/node_modules/@types/apollo__utils.fetcher' has a '.fetcher' extension - stripping it.
Found 'package.json' at 'd:/DOPAMS/Toystack/dopams-backend-staging/node_modules/@apollo/server-gateway-interface/node_modules/@apollo/utils.fetcher/package.json'.
File name 'd:/DOPAMS/Toystack/dopams-backend-staging/node_modules/@apollo/server-gateway-interface/node_modules/@apollo/utils.fetcher' has a '.fetcher' extension - stripping it.
File 'd:/DOPAMS/Toystack/dopams-backend-staging/node_modules/@apollo/server-gateway-interface/node_modules/@apollo/utils.d.fetcher.ts' does not exist.
File 'd:/DOPAMS/Toystack/dopams-backend-staging/node_modules/@apollo/server-gateway-interface/node_modules/@apollo/utils.fetcher.ts' does not exist.
File 'd:/DOPAMS/Toystack/dopams-backend-staging/node_modules/@apollo/server-gateway-interface/node_modules/@apollo/utils.fetcher.tsx' does not exist.
File 'd:/DOPAMS/Toystack/dopams-backend-staging/node_modules/@apollo/server-gateway-interface/node_modules/@apollo/utils.fetcher.d.ts' does not exist.
'package.json' does not have a 'typesVersions' field.
'package.json' does not have a 'typings' field.
'package.json' has 'types' field 'dist/index.d.ts' that references 'd:/DOPAMS/Toystack/dopams-backend-staging/node_modules/@apollo/server-gateway-interface/node_modules/@apollo/utils.fetcher/dist/index.d.ts'.
File 'd:/DOPAMS/Toystack/dopams-backend-staging/node_modules/@apollo/server-gateway-interface/node_modules/@apollo/utils.fetcher/dist/index.d.ts' exists - use it as a name resolution result.
'package.json' does not have a 'peerDependencies' field.
Resolving real path for 'd:/DOPAMS/Toystack/dopams-backend-staging/node_modules/@apollo/server-gateway-interface/node_modules/@apollo/utils.fetcher/dist/index.d.ts', result 'D:/DOPAMS/Toystack/dopams-backend-staging/node_modules/@apollo/server-gateway-interface/node_modules/@apollo/utils.fetcher/dist/index.d.ts'.
======== Module name '@apollo/utils.fetcher' was successfully resolved to 'd:/DOPAMS/Toystack/dopams-backend-staging/node_modules/@apollo/server-gateway-interface/node_modules/@apollo/utils.fetcher/dist/index.d.ts' with Package ID '@apollo/utils.fetcher/dist/index.d.ts@2.0.1'. ========
File 'd:/DOPAMS/Toystack/dopams-backend-staging/node_modules/@apollo/server-gateway-interface/node_modules/@apollo/utils.keyvaluecache/dist/package.json' does not exist.
File 'd:/DOPAMS/Toystack/dopams-backend-staging/node_modules/@apollo/server-gateway-interface/node_modules/@apollo/utils.keyvaluecache/package.json' exists according to earlier cached lookups.
======== Resolving module './KeyValueCache' from 'd:/DOPAMS/Toystack/dopams-backend-staging/node_modules/@apollo/server-gateway-interface/node_modules/@apollo/utils.keyvaluecache/dist/index.d.ts'. ========
Explicitly specified module resolution kind: 'Node10'.
Loading module as file / folder, candidate module location 'd:/DOPAMS/Toystack/dopams-backend-staging/node_modules/@apollo/server-gateway-interface/node_modules/@apollo/utils.keyvaluecache/dist/KeyValueCache', target file types: TypeScript, Declaration.
File 'd:/DOPAMS/Toystack/dopams-backend-staging/node_modules/@apollo/server-gateway-interface/node_modules/@apollo/utils.keyvaluecache/dist/KeyValueCache.ts' does not exist.
File 'd:/DOPAMS/Toystack/dopams-backend-staging/node_modules/@apollo/server-gateway-interface/node_modules/@apollo/utils.keyvaluecache/dist/KeyValueCache.tsx' does not exist.
File 'd:/DOPAMS/Toystack/dopams-backend-staging/node_modules/@apollo/server-gateway-interface/node_modules/@apollo/utils.keyvaluecache/dist/KeyValueCache.d.ts' exists - use it as a name resolution result.
File 'd:/DOPAMS/Toystack/dopams-backend-staging/node_modules/@apollo/server-gateway-interface/node_modules/@apollo/utils.keyvaluecache/package.json' exists according to earlier cached lookups.
======== Module name './KeyValueCache' was successfully resolved to 'd:/DOPAMS/Toystack/dopams-backend-staging/node_modules/@apollo/server-gateway-interface/node_modules/@apollo/utils.keyvaluecache/dist/KeyValueCache.d.ts' with Package ID '@apollo/utils.keyvaluecache/dist/KeyValueCache.d.ts@2.1.1'. ========
======== Resolving module './PrefixingKeyValueCache' from 'd:/DOPAMS/Toystack/dopams-backend-staging/node_modules/@apollo/server-gateway-interface/node_modules/@apollo/utils.keyvaluecache/dist/index.d.ts'. ========
Explicitly specified module resolution kind: 'Node10'.
Loading module as file / folder, candidate module location 'd:/DOPAMS/Toystack/dopams-backend-staging/node_modules/@apollo/server-gateway-interface/node_modules/@apollo/utils.keyvaluecache/dist/PrefixingKeyValueCache', target file types: TypeScript, Declaration.
File 'd:/DOPAMS/Toystack/dopams-backend-staging/node_modules/@apollo/server-gateway-interface/node_modules/@apollo/utils.keyvaluecache/dist/PrefixingKeyValueCache.ts' does not exist.
File 'd:/DOPAMS/Toystack/dopams-backend-staging/node_modules/@apollo/server-gateway-interface/node_modules/@apollo/utils.keyvaluecache/dist/PrefixingKeyValueCache.tsx' does not exist.
File 'd:/DOPAMS/Toystack/dopams-backend-staging/node_modules/@apollo/server-gateway-interface/node_modules/@apollo/utils.keyvaluecache/dist/PrefixingKeyValueCache.d.ts' exists - use it as a name resolution result.
File 'd:/DOPAMS/Toystack/dopams-backend-staging/node_modules/@apollo/server-gateway-interface/node_modules/@apollo/utils.keyvaluecache/package.json' exists according to earlier cached lookups.
======== Module name './PrefixingKeyValueCache' was successfully resolved to 'd:/DOPAMS/Toystack/dopams-backend-staging/node_modules/@apollo/server-gateway-interface/node_modules/@apollo/utils.keyvaluecache/dist/PrefixingKeyValueCache.d.ts' with Package ID '@apollo/utils.keyvaluecache/dist/PrefixingKeyValueCache.d.ts@2.1.1'. ========
======== Resolving module './InMemoryLRUCache' from 'd:/DOPAMS/Toystack/dopams-backend-staging/node_modules/@apollo/server-gateway-interface/node_modules/@apollo/utils.keyvaluecache/dist/index.d.ts'. ========
Explicitly specified module resolution kind: 'Node10'.
Loading module as file / folder, candidate module location 'd:/DOPAMS/Toystack/dopams-backend-staging/node_modules/@apollo/server-gateway-interface/node_modules/@apollo/utils.keyvaluecache/dist/InMemoryLRUCache', target file types: TypeScript, Declaration.
File 'd:/DOPAMS/Toystack/dopams-backend-staging/node_modules/@apollo/server-gateway-interface/node_modules/@apollo/utils.keyvaluecache/dist/InMemoryLRUCache.ts' does not exist.
File 'd:/DOPAMS/Toystack/dopams-backend-staging/node_modules/@apollo/server-gateway-interface/node_modules/@apollo/utils.keyvaluecache/dist/InMemoryLRUCache.tsx' does not exist.
File 'd:/DOPAMS/Toystack/dopams-backend-staging/node_modules/@apollo/server-gateway-interface/node_modules/@apollo/utils.keyvaluecache/dist/InMemoryLRUCache.d.ts' exists - use it as a name resolution result.
File 'd:/DOPAMS/Toystack/dopams-backend-staging/node_modules/@apollo/server-gateway-interface/node_modules/@apollo/utils.keyvaluecache/package.json' exists according to earlier cached lookups.
======== Module name './InMemoryLRUCache' was successfully resolved to 'd:/DOPAMS/Toystack/dopams-backend-staging/node_modules/@apollo/server-gateway-interface/node_modules/@apollo/utils.keyvaluecache/dist/InMemoryLRUCache.d.ts' with Package ID '@apollo/utils.keyvaluecache/dist/InMemoryLRUCache.d.ts@2.1.1'. ========
======== Resolving module './ErrorsAreMissesCache' from 'd:/DOPAMS/Toystack/dopams-backend-staging/node_modules/@apollo/server-gateway-interface/node_modules/@apollo/utils.keyvaluecache/dist/index.d.ts'. ========
Explicitly specified module resolution kind: 'Node10'.
Loading module as file / folder, candidate module location 'd:/DOPAMS/Toystack/dopams-backend-staging/node_modules/@apollo/server-gateway-interface/node_modules/@apollo/utils.keyvaluecache/dist/ErrorsAreMissesCache', target file types: TypeScript, Declaration.
File 'd:/DOPAMS/Toystack/dopams-backend-staging/node_modules/@apollo/server-gateway-interface/node_modules/@apollo/utils.keyvaluecache/dist/ErrorsAreMissesCache.ts' does not exist.
File 'd:/DOPAMS/Toystack/dopams-backend-staging/node_modules/@apollo/server-gateway-interface/node_modules/@apollo/utils.keyvaluecache/dist/ErrorsAreMissesCache.tsx' does not exist.
File 'd:/DOPAMS/Toystack/dopams-backend-staging/node_modules/@apollo/server-gateway-interface/node_modules/@apollo/utils.keyvaluecache/dist/ErrorsAreMissesCache.d.ts' exists - use it as a name resolution result.
File 'd:/DOPAMS/Toystack/dopams-backend-staging/node_modules/@apollo/server-gateway-interface/node_modules/@apollo/utils.keyvaluecache/package.json' exists according to earlier cached lookups.
======== Module name './ErrorsAreMissesCache' was successfully resolved to 'd:/DOPAMS/Toystack/dopams-backend-staging/node_modules/@apollo/server-gateway-interface/node_modules/@apollo/utils.keyvaluecache/dist/ErrorsAreMissesCache.d.ts' with Package ID '@apollo/utils.keyvaluecache/dist/ErrorsAreMissesCache.d.ts@2.1.1'. ========
File 'd:/DOPAMS/Toystack/dopams-backend-staging/node_modules/@apollo/server-gateway-interface/node_modules/@apollo/utils.keyvaluecache/dist/package.json' does not exist according to earlier cached lookups.
File 'd:/DOPAMS/Toystack/dopams-backend-staging/node_modules/@apollo/server-gateway-interface/node_modules/@apollo/utils.keyvaluecache/package.json' exists according to earlier cached lookups.
File 'd:/DOPAMS/Toystack/dopams-backend-staging/node_modules/@apollo/server-gateway-interface/node_modules/@apollo/utils.keyvaluecache/dist/package.json' does not exist according to earlier cached lookups.
File 'd:/DOPAMS/Toystack/dopams-backend-staging/node_modules/@apollo/server-gateway-interface/node_modules/@apollo/utils.keyvaluecache/package.json' exists according to earlier cached lookups.
======== Resolving module '.' from 'd:/DOPAMS/Toystack/dopams-backend-staging/node_modules/@apollo/server-gateway-interface/node_modules/@apollo/utils.keyvaluecache/dist/PrefixingKeyValueCache.d.ts'. ========
Explicitly specified module resolution kind: 'Node10'.
Loading module as file / folder, candidate module location 'd:/DOPAMS/Toystack/dopams-backend-staging/node_modules/@apollo/server-gateway-interface/node_modules/@apollo/utils.keyvaluecache/dist/', target file types: TypeScript, Declaration.
File 'd:/DOPAMS/Toystack/dopams-backend-staging/node_modules/@apollo/server-gateway-interface/node_modules/@apollo/utils.keyvaluecache/dist/package.json' does not exist according to earlier cached lookups.
File 'd:/DOPAMS/Toystack/dopams-backend-staging/node_modules/@apollo/server-gateway-interface/node_modules/@apollo/utils.keyvaluecache/dist/index.ts' does not exist.
File 'd:/DOPAMS/Toystack/dopams-backend-staging/node_modules/@apollo/server-gateway-interface/node_modules/@apollo/utils.keyvaluecache/dist/index.tsx' does not exist.
File 'd:/DOPAMS/Toystack/dopams-backend-staging/node_modules/@apollo/server-gateway-interface/node_modules/@apollo/utils.keyvaluecache/dist/index.d.ts' exists - use it as a name resolution result.
======== Module name '.' was successfully resolved to 'd:/DOPAMS/Toystack/dopams-backend-staging/node_modules/@apollo/server-gateway-interface/node_modules/@apollo/utils.keyvaluecache/dist/index.d.ts'. ========
File 'd:/DOPAMS/Toystack/dopams-backend-staging/node_modules/@apollo/server-gateway-interface/node_modules/@apollo/utils.keyvaluecache/dist/package.json' does not exist according to earlier cached lookups.
File 'd:/DOPAMS/Toystack/dopams-backend-staging/node_modules/@apollo/server-gateway-interface/node_modules/@apollo/utils.keyvaluecache/package.json' exists according to earlier cached lookups.
======== Resolving module 'lru-cache' from 'd:/DOPAMS/Toystack/dopams-backend-staging/node_modules/@apollo/server-gateway-interface/node_modules/@apollo/utils.keyvaluecache/dist/InMemoryLRUCache.d.ts'. ========
Explicitly specified module resolution kind: 'Node10'.
'baseUrl' option is set to 'd:/DOPAMS/Toystack/dopams-backend-staging/src', using this value to resolve non-relative module name 'lru-cache'.
'paths' option is specified, looking for a pattern to match module name 'lru-cache'.
'baseUrl' option is set to 'd:/DOPAMS/Toystack/dopams-backend-staging/src', using this value to resolve non-relative module name 'lru-cache'.
Resolving module name 'lru-cache' relative to base url 'd:/DOPAMS/Toystack/dopams-backend-staging/src' - 'd:/DOPAMS/Toystack/dopams-backend-staging/src/lru-cache'.
Loading module as file / folder, candidate module location 'd:/DOPAMS/Toystack/dopams-backend-staging/src/lru-cache', target file types: TypeScript, Declaration.
File 'd:/DOPAMS/Toystack/dopams-backend-staging/src/lru-cache.ts' does not exist.
File 'd:/DOPAMS/Toystack/dopams-backend-staging/src/lru-cache.tsx' does not exist.
File 'd:/DOPAMS/Toystack/dopams-backend-staging/src/lru-cache.d.ts' does not exist.
Directory 'd:/DOPAMS/Toystack/dopams-backend-staging/src/lru-cache' does not exist, skipping all lookups in it.
Loading module 'lru-cache' from 'node_modules' folder, target file types: TypeScript, Declaration.
Searching all ancestor node_modules directories for preferred extensions: TypeScript, Declaration.
Directory 'd:/DOPAMS/Toystack/dopams-backend-staging/node_modules/@apollo/server-gateway-interface/node_modules/@apollo/utils.keyvaluecache/dist/node_modules' does not exist, skipping all lookups in it.
Directory 'd:/DOPAMS/Toystack/dopams-backend-staging/node_modules/@apollo/server-gateway-interface/node_modules/@apollo/utils.keyvaluecache/node_modules' does not exist, skipping all lookups in it.
Directory 'd:/DOPAMS/Toystack/dopams-backend-staging/node_modules/@apollo/server-gateway-interface/node_modules/@apollo/node_modules' does not exist, skipping all lookups in it.
File 'd:/DOPAMS/Toystack/dopams-backend-staging/node_modules/@apollo/server-gateway-interface/node_modules/lru-cache.ts' does not exist.
File 'd:/DOPAMS/Toystack/dopams-backend-staging/node_modules/@apollo/server-gateway-interface/node_modules/lru-cache.tsx' does not exist.
File 'd:/DOPAMS/Toystack/dopams-backend-staging/node_modules/@apollo/server-gateway-interface/node_modules/lru-cache.d.ts' does not exist.
Directory 'd:/DOPAMS/Toystack/dopams-backend-staging/node_modules/@apollo/server-gateway-interface/node_modules/@types' does not exist, skipping all lookups in it.
Directory 'd:/DOPAMS/Toystack/dopams-backend-staging/node_modules/@apollo/node_modules' does not exist, skipping all lookups in it.
Found 'package.json' at 'd:/DOPAMS/Toystack/dopams-backend-staging/node_modules/lru-cache/package.json'.
File 'd:/DOPAMS/Toystack/dopams-backend-staging/node_modules/lru-cache.ts' does not exist.
File 'd:/DOPAMS/Toystack/dopams-backend-staging/node_modules/lru-cache.tsx' does not exist.
File 'd:/DOPAMS/Toystack/dopams-backend-staging/node_modules/lru-cache.d.ts' does not exist.
'package.json' does not have a 'typesVersions' field.
'package.json' does not have a 'typings' field.
'package.json' has 'types' field './index.d.ts' that references 'd:/DOPAMS/Toystack/dopams-backend-staging/node_modules/lru-cache/index.d.ts'.
File 'd:/DOPAMS/Toystack/dopams-backend-staging/node_modules/lru-cache/index.d.ts' exists - use it as a name resolution result.
'package.json' does not have a 'peerDependencies' field.
Resolving real path for 'd:/DOPAMS/Toystack/dopams-backend-staging/node_modules/lru-cache/index.d.ts', result 'D:/DOPAMS/Toystack/dopams-backend-staging/node_modules/lru-cache/index.d.ts'.
======== Module name 'lru-cache' was successfully resolved to 'd:/DOPAMS/Toystack/dopams-backend-staging/node_modules/lru-cache/index.d.ts' with Package ID 'lru-cache/index.d.ts@7.18.3'. ========
======== Resolving module './KeyValueCache' from 'd:/DOPAMS/Toystack/dopams-backend-staging/node_modules/@apollo/server-gateway-interface/node_modules/@apollo/utils.keyvaluecache/dist/InMemoryLRUCache.d.ts'. ========
Resolution for module './KeyValueCache' was found in cache from location 'd:/DOPAMS/Toystack/dopams-backend-staging/node_modules/@apollo/server-gateway-interface/node_modules/@apollo/utils.keyvaluecache/dist'.
======== Module name './KeyValueCache' was successfully resolved to 'd:/DOPAMS/Toystack/dopams-backend-staging/node_modules/@apollo/server-gateway-interface/node_modules/@apollo/utils.keyvaluecache/dist/KeyValueCache.d.ts' with Package ID '@apollo/utils.keyvaluecache/dist/KeyValueCache.d.ts@2.1.1'. ========
File 'd:/DOPAMS/Toystack/dopams-backend-staging/node_modules/lru-cache/package.json' exists according to earlier cached lookups.
File 'd:/DOPAMS/Toystack/dopams-backend-staging/node_modules/@apollo/server-gateway-interface/node_modules/@apollo/utils.keyvaluecache/dist/package.json' does not exist according to earlier cached lookups.
File 'd:/DOPAMS/Toystack/dopams-backend-staging/node_modules/@apollo/server-gateway-interface/node_modules/@apollo/utils.keyvaluecache/package.json' exists according to earlier cached lookups.
======== Resolving module './KeyValueCache' from 'd:/DOPAMS/Toystack/dopams-backend-staging/node_modules/@apollo/server-gateway-interface/node_modules/@apollo/utils.keyvaluecache/dist/ErrorsAreMissesCache.d.ts'. ========
Resolution for module './KeyValueCache' was found in cache from location 'd:/DOPAMS/Toystack/dopams-backend-staging/node_modules/@apollo/server-gateway-interface/node_modules/@apollo/utils.keyvaluecache/dist'.
======== Module name './KeyValueCache' was successfully resolved to 'd:/DOPAMS/Toystack/dopams-backend-staging/node_modules/@apollo/server-gateway-interface/node_modules/@apollo/utils.keyvaluecache/dist/KeyValueCache.d.ts' with Package ID '@apollo/utils.keyvaluecache/dist/KeyValueCache.d.ts@2.1.1'. ========
======== Resolving module '@apollo/utils.logger' from 'd:/DOPAMS/Toystack/dopams-backend-staging/node_modules/@apollo/server-gateway-interface/node_modules/@apollo/utils.keyvaluecache/dist/ErrorsAreMissesCache.d.ts'. ========
Explicitly specified module resolution kind: 'Node10'.
'baseUrl' option is set to 'd:/DOPAMS/Toystack/dopams-backend-staging/src', using this value to resolve non-relative module name '@apollo/utils.logger'.
'paths' option is specified, looking for a pattern to match module name '@apollo/utils.logger'.
'baseUrl' option is set to 'd:/DOPAMS/Toystack/dopams-backend-staging/src', using this value to resolve non-relative module name '@apollo/utils.logger'.
Resolving module name '@apollo/utils.logger' relative to base url 'd:/DOPAMS/Toystack/dopams-backend-staging/src' - 'd:/DOPAMS/Toystack/dopams-backend-staging/src/@apollo/utils.logger'.
Loading module as file / folder, candidate module location 'd:/DOPAMS/Toystack/dopams-backend-staging/src/@apollo/utils.logger', target file types: TypeScript, Declaration.
File name 'd:/DOPAMS/Toystack/dopams-backend-staging/src/@apollo/utils.logger' has a '.logger' extension - stripping it.
Loading module '@apollo/utils.logger' from 'node_modules' folder, target file types: TypeScript, Declaration.
Searching all ancestor node_modules directories for preferred extensions: TypeScript, Declaration.
Directory 'd:/DOPAMS/Toystack/dopams-backend-staging/node_modules/@apollo/server-gateway-interface/node_modules/@apollo/utils.keyvaluecache/dist/node_modules' does not exist, skipping all lookups in it.
File name 'd:/DOPAMS/Toystack/dopams-backend-staging/node_modules/@apollo/server-gateway-interface/node_modules/@apollo/utils.keyvaluecache/dist/node_modules/@apollo/utils.logger' has a '.logger' extension - stripping it.
Scoped package detected, looking in 'apollo__utils.logger'
File name 'd:/DOPAMS/Toystack/dopams-backend-staging/node_modules/@apollo/server-gateway-interface/node_modules/@apollo/utils.keyvaluecache/dist/node_modules/@types/apollo__utils.logger' has a '.logger' extension - stripping it.
Directory 'd:/DOPAMS/Toystack/dopams-backend-staging/node_modules/@apollo/server-gateway-interface/node_modules/@apollo/utils.keyvaluecache/node_modules' does not exist, skipping all lookups in it.
File name 'd:/DOPAMS/Toystack/dopams-backend-staging/node_modules/@apollo/server-gateway-interface/node_modules/@apollo/utils.keyvaluecache/node_modules/@apollo/utils.logger' has a '.logger' extension - stripping it.
Scoped package detected, looking in 'apollo__utils.logger'
File name 'd:/DOPAMS/Toystack/dopams-backend-staging/node_modules/@apollo/server-gateway-interface/node_modules/@apollo/utils.keyvaluecache/node_modules/@types/apollo__utils.logger' has a '.logger' extension - stripping it.
Directory 'd:/DOPAMS/Toystack/dopams-backend-staging/node_modules/@apollo/server-gateway-interface/node_modules/@apollo/node_modules' does not exist, skipping all lookups in it.
File name 'd:/DOPAMS/Toystack/dopams-backend-staging/node_modules/@apollo/server-gateway-interface/node_modules/@apollo/node_modules/@apollo/utils.logger' has a '.logger' extension - stripping it.
Scoped package detected, looking in 'apollo__utils.logger'
File name 'd:/DOPAMS/Toystack/dopams-backend-staging/node_modules/@apollo/server-gateway-interface/node_modules/@apollo/node_modules/@types/apollo__utils.logger' has a '.logger' extension - stripping it.
Resolution for module '@apollo/utils.logger' was found in cache from location 'd:/DOPAMS/Toystack/dopams-backend-staging/node_modules/@apollo/server-gateway-interface'.
======== Module name '@apollo/utils.logger' was successfully resolved to 'd:/DOPAMS/Toystack/dopams-backend-staging/node_modules/@apollo/server-gateway-interface/node_modules/@apollo/utils.logger/dist/index.d.ts' with Package ID '@apollo/utils.logger/dist/index.d.ts@2.0.1'. ========
File 'd:/DOPAMS/Toystack/dopams-backend-staging/node_modules/@apollo/server-gateway-interface/node_modules/@apollo/utils.logger/dist/package.json' does not exist.
File 'd:/DOPAMS/Toystack/dopams-backend-staging/node_modules/@apollo/server-gateway-interface/node_modules/@apollo/utils.logger/package.json' exists according to earlier cached lookups.
Found 'package.json' at 'd:/DOPAMS/Toystack/dopams-backend-staging/node_modules/@apollo/usage-reporting-protobuf/generated/esm/package.json'.
======== Resolving module '@apollo/protobufjs' from 'd:/DOPAMS/Toystack/dopams-backend-staging/node_modules/@apollo/usage-reporting-protobuf/generated/esm/protobuf.d.ts'. ========
Explicitly specified module resolution kind: 'Node10'.
'baseUrl' option is set to 'd:/DOPAMS/Toystack/dopams-backend-staging/src', using this value to resolve non-relative module name '@apollo/protobufjs'.
'paths' option is specified, looking for a pattern to match module name '@apollo/protobufjs'.
'baseUrl' option is set to 'd:/DOPAMS/Toystack/dopams-backend-staging/src', using this value to resolve non-relative module name '@apollo/protobufjs'.
Resolving module name '@apollo/protobufjs' relative to base url 'd:/DOPAMS/Toystack/dopams-backend-staging/src' - 'd:/DOPAMS/Toystack/dopams-backend-staging/src/@apollo/protobufjs'.
Loading module as file / folder, candidate module location 'd:/DOPAMS/Toystack/dopams-backend-staging/src/@apollo/protobufjs', target file types: TypeScript, Declaration.
Loading module '@apollo/protobufjs' from 'node_modules' folder, target file types: TypeScript, Declaration.
Searching all ancestor node_modules directories for preferred extensions: TypeScript, Declaration.
Directory 'd:/DOPAMS/Toystack/dopams-backend-staging/node_modules/@apollo/usage-reporting-protobuf/generated/esm/node_modules' does not exist, skipping all lookups in it.
Scoped package detected, looking in 'apollo__protobufjs'
Directory 'd:/DOPAMS/Toystack/dopams-backend-staging/node_modules/@apollo/usage-reporting-protobuf/generated/node_modules' does not exist, skipping all lookups in it.
Scoped package detected, looking in 'apollo__protobufjs'
Directory 'd:/DOPAMS/Toystack/dopams-backend-staging/node_modules/@apollo/usage-reporting-protobuf/node_modules' does not exist, skipping all lookups in it.
Scoped package detected, looking in 'apollo__protobufjs'
Directory 'd:/DOPAMS/Toystack/dopams-backend-staging/node_modules/@apollo/node_modules' does not exist, skipping all lookups in it.
Scoped package detected, looking in 'apollo__protobufjs'
Found 'package.json' at 'd:/DOPAMS/Toystack/dopams-backend-staging/node_modules/@apollo/protobufjs/package.json'.
File 'd:/DOPAMS/Toystack/dopams-backend-staging/node_modules/@apollo/protobufjs.ts' does not exist.
File 'd:/DOPAMS/Toystack/dopams-backend-staging/node_modules/@apollo/protobufjs.tsx' does not exist.
File 'd:/DOPAMS/Toystack/dopams-backend-staging/node_modules/@apollo/protobufjs.d.ts' does not exist.
'package.json' does not have a 'typesVersions' field.
'package.json' does not have a 'typings' field.
'package.json' has 'types' field 'index.d.ts' that references 'd:/DOPAMS/Toystack/dopams-backend-staging/node_modules/@apollo/protobufjs/index.d.ts'.
File 'd:/DOPAMS/Toystack/dopams-backend-staging/node_modules/@apollo/protobufjs/index.d.ts' exists - use it as a name resolution result.
'package.json' does not have a 'peerDependencies' field.
Resolving real path for 'd:/DOPAMS/Toystack/dopams-backend-staging/node_modules/@apollo/protobufjs/index.d.ts', result 'D:/DOPAMS/Toystack/dopams-backend-staging/node_modules/@apollo/protobufjs/index.d.ts'.
======== Module name '@apollo/protobufjs' was successfully resolved to 'd:/DOPAMS/Toystack/dopams-backend-staging/node_modules/@apollo/protobufjs/index.d.ts' with Package ID '@apollo/protobufjs/index.d.ts@1.2.7'. ========
File 'd:/DOPAMS/Toystack/dopams-backend-staging/node_modules/@apollo/protobufjs/package.json' exists according to earlier cached lookups.
File 'd:/DOPAMS/Toystack/dopams-backend-staging/node_modules/@apollo/server-gateway-interface/node_modules/@apollo/utils.fetcher/dist/package.json' does not exist.
File 'd:/DOPAMS/Toystack/dopams-backend-staging/node_modules/@apollo/server-gateway-interface/node_modules/@apollo/utils.fetcher/package.json' exists according to earlier cached lookups.
======== Resolving type reference directive 'node', containing file 'd:/DOPAMS/Toystack/dopams-backend-staging/node_modules/@apollo/server-gateway-interface/node_modules/@apollo/utils.fetcher/dist/index.d.ts', root directory 'd:/DOPAMS/Toystack/dopams-backend-staging/node_modules/@types,d:/DOPAMS/Toystack/node_modules/@types,d:/DOPAMS/node_modules/@types,d:/node_modules/@types'. ========
Resolving with primary search path 'd:/DOPAMS/Toystack/dopams-backend-staging/node_modules/@types, d:/DOPAMS/Toystack/node_modules/@types, d:/DOPAMS/node_modules/@types, d:/node_modules/@types'.
File 'd:/DOPAMS/Toystack/dopams-backend-staging/node_modules/@types/node/package.json' exists according to earlier cached lookups.
'package.json' does not have a 'typings' field.
'package.json' has 'types' field 'index.d.ts' that references 'd:/DOPAMS/Toystack/dopams-backend-staging/node_modules/@types/node/index.d.ts'.
File 'd:/DOPAMS/Toystack/dopams-backend-staging/node_modules/@types/node/index.d.ts' exists - use it as a name resolution result.
Resolving real path for 'd:/DOPAMS/Toystack/dopams-backend-staging/node_modules/@types/node/index.d.ts', result 'D:/DOPAMS/Toystack/dopams-backend-staging/node_modules/@types/node/index.d.ts'.
======== Type reference directive 'node' was successfully resolved to 'd:/DOPAMS/Toystack/dopams-backend-staging/node_modules/@types/node/index.d.ts' with Package ID '@types/node/index.d.ts@22.19.10', primary: true. ========
File 'd:/DOPAMS/Toystack/dopams-backend-staging/node_modules/@apollo/server/node_modules/@apollo/utils.keyvaluecache/dist/package.json' does not exist.
File 'd:/DOPAMS/Toystack/dopams-backend-staging/node_modules/@apollo/server/node_modules/@apollo/utils.keyvaluecache/package.json' exists according to earlier cached lookups.
File 'd:/DOPAMS/Toystack/dopams-backend-staging/node_modules/@apollo/server/node_modules/@apollo/utils.logger/dist/package.json' does not exist.
File 'd:/DOPAMS/Toystack/dopams-backend-staging/node_modules/@apollo/server/node_modules/@apollo/utils.logger/package.json' exists according to earlier cached lookups.
File 'd:/DOPAMS/Toystack/dopams-backend-staging/node_modules/@apollo/server/dist/esm/utils/package.json' does not exist.
File 'd:/DOPAMS/Toystack/dopams-backend-staging/node_modules/@apollo/server/dist/esm/package.json' exists according to earlier cached lookups.
File 'd:/DOPAMS/Toystack/dopams-backend-staging/node_modules/@apollo/server/dist/esm/externalTypes/package.json' does not exist.
File 'd:/DOPAMS/Toystack/dopams-backend-staging/node_modules/@apollo/server/dist/esm/package.json' exists according to earlier cached lookups.
======== Resolving module 'graphql' from 'd:/DOPAMS/Toystack/dopams-backend-staging/node_modules/@apollo/server/dist/esm/externalTypes/graphql.d.ts'. ========
Explicitly specified module resolution kind: 'Node10'.
'baseUrl' option is set to 'd:/DOPAMS/Toystack/dopams-backend-staging/src', using this value to resolve non-relative module name 'graphql'.
'paths' option is specified, looking for a pattern to match module name 'graphql'.
'baseUrl' option is set to 'd:/DOPAMS/Toystack/dopams-backend-staging/src', using this value to resolve non-relative module name 'graphql'.
Resolving module name 'graphql' relative to base url 'd:/DOPAMS/Toystack/dopams-backend-staging/src' - 'd:/DOPAMS/Toystack/dopams-backend-staging/src/graphql'.
Loading module as file / folder, candidate module location 'd:/DOPAMS/Toystack/dopams-backend-staging/src/graphql', target file types: TypeScript, Declaration.
File 'd:/DOPAMS/Toystack/dopams-backend-staging/src/graphql.ts' does not exist.
File 'd:/DOPAMS/Toystack/dopams-backend-staging/src/graphql.tsx' does not exist.
File 'd:/DOPAMS/Toystack/dopams-backend-staging/src/graphql.d.ts' does not exist.
Directory 'd:/DOPAMS/Toystack/dopams-backend-staging/src/graphql' does not exist, skipping all lookups in it.
Loading module 'graphql' from 'node_modules' folder, target file types: TypeScript, Declaration.
Searching all ancestor node_modules directories for preferred extensions: TypeScript, Declaration.
Directory 'd:/DOPAMS/Toystack/dopams-backend-staging/node_modules/@apollo/server/dist/esm/externalTypes/node_modules' does not exist, skipping all lookups in it.
Resolution for module 'graphql' was found in cache from location 'd:/DOPAMS/Toystack/dopams-backend-staging/node_modules/@apollo/server/dist/esm'.
======== Module name 'graphql' was successfully resolved to 'd:/DOPAMS/Toystack/dopams-backend-staging/node_modules/graphql/index.d.ts' with Package ID 'graphql/index.d.ts@16.12.0'. ========
======== Resolving module './context.js' from 'd:/DOPAMS/Toystack/dopams-backend-staging/node_modules/@apollo/server/dist/esm/externalTypes/graphql.d.ts'. ========
Explicitly specified module resolution kind: 'Node10'.
Loading module as file / folder, candidate module location 'd:/DOPAMS/Toystack/dopams-backend-staging/node_modules/@apollo/server/dist/esm/externalTypes/context.js', target file types: TypeScript, Declaration.
File name 'd:/DOPAMS/Toystack/dopams-backend-staging/node_modules/@apollo/server/dist/esm/externalTypes/context.js' has a '.js' extension - stripping it.
File 'd:/DOPAMS/Toystack/dopams-backend-staging/node_modules/@apollo/server/dist/esm/externalTypes/context.ts' does not exist.
File 'd:/DOPAMS/Toystack/dopams-backend-staging/node_modules/@apollo/server/dist/esm/externalTypes/context.tsx' does not exist.
File 'd:/DOPAMS/Toystack/dopams-backend-staging/node_modules/@apollo/server/dist/esm/externalTypes/context.d.ts' exists - use it as a name resolution result.
File 'd:/DOPAMS/Toystack/dopams-backend-staging/node_modules/@apollo/server/package.json' exists according to earlier cached lookups.
======== Module name './context.js' was successfully resolved to 'd:/DOPAMS/Toystack/dopams-backend-staging/node_modules/@apollo/server/dist/esm/externalTypes/context.d.ts' with Package ID '@apollo/server/dist/esm/externalTypes/context.d.ts@4.13.0+graphql@16.12.0'. ========
======== Resolving module './http.js' from 'd:/DOPAMS/Toystack/dopams-backend-staging/node_modules/@apollo/server/dist/esm/externalTypes/graphql.d.ts'. ========
Explicitly specified module resolution kind: 'Node10'.
Loading module as file / folder, candidate module location 'd:/DOPAMS/Toystack/dopams-backend-staging/node_modules/@apollo/server/dist/esm/externalTypes/http.js', target file types: TypeScript, Declaration.
File name 'd:/DOPAMS/Toystack/dopams-backend-staging/node_modules/@apollo/server/dist/esm/externalTypes/http.js' has a '.js' extension - stripping it.
File 'd:/DOPAMS/Toystack/dopams-backend-staging/node_modules/@apollo/server/dist/esm/externalTypes/http.ts' does not exist.
File 'd:/DOPAMS/Toystack/dopams-backend-staging/node_modules/@apollo/server/dist/esm/externalTypes/http.tsx' does not exist.
File 'd:/DOPAMS/Toystack/dopams-backend-staging/node_modules/@apollo/server/dist/esm/externalTypes/http.d.ts' exists - use it as a name resolution result.
File 'd:/DOPAMS/Toystack/dopams-backend-staging/node_modules/@apollo/server/package.json' exists according to earlier cached lookups.
======== Module name './http.js' was successfully resolved to 'd:/DOPAMS/Toystack/dopams-backend-staging/node_modules/@apollo/server/dist/esm/externalTypes/http.d.ts' with Package ID '@apollo/server/dist/esm/externalTypes/http.d.ts@4.13.0+graphql@16.12.0'. ========
======== Resolving module '@apollo/utils.withrequired' from 'd:/DOPAMS/Toystack/dopams-backend-staging/node_modules/@apollo/server/dist/esm/externalTypes/graphql.d.ts'. ========
Explicitly specified module resolution kind: 'Node10'.
'baseUrl' option is set to 'd:/DOPAMS/Toystack/dopams-backend-staging/src', using this value to resolve non-relative module name '@apollo/utils.withrequired'.
'paths' option is specified, looking for a pattern to match module name '@apollo/utils.withrequired'.
'baseUrl' option is set to 'd:/DOPAMS/Toystack/dopams-backend-staging/src', using this value to resolve non-relative module name '@apollo/utils.withrequired'.
Resolving module name '@apollo/utils.withrequired' relative to base url 'd:/DOPAMS/Toystack/dopams-backend-staging/src' - 'd:/DOPAMS/Toystack/dopams-backend-staging/src/@apollo/utils.withrequired'.
Loading module as file / folder, candidate module location 'd:/DOPAMS/Toystack/dopams-backend-staging/src/@apollo/utils.withrequired', target file types: TypeScript, Declaration.
File name 'd:/DOPAMS/Toystack/dopams-backend-staging/src/@apollo/utils.withrequired' has a '.withrequired' extension - stripping it.
Loading module '@apollo/utils.withrequired' from 'node_modules' folder, target file types: TypeScript, Declaration.
Searching all ancestor node_modules directories for preferred extensions: TypeScript, Declaration.
Directory 'd:/DOPAMS/Toystack/dopams-backend-staging/node_modules/@apollo/server/dist/esm/externalTypes/node_modules' does not exist, skipping all lookups in it.
File name 'd:/DOPAMS/Toystack/dopams-backend-staging/node_modules/@apollo/server/dist/esm/externalTypes/node_modules/@apollo/utils.withrequired' has a '.withrequired' extension - stripping it.
Scoped package detected, looking in 'apollo__utils.withrequired'
File name 'd:/DOPAMS/Toystack/dopams-backend-staging/node_modules/@apollo/server/dist/esm/externalTypes/node_modules/@types/apollo__utils.withrequired' has a '.withrequired' extension - stripping it.
Resolution for module '@apollo/utils.withrequired' was found in cache from location 'd:/DOPAMS/Toystack/dopams-backend-staging/node_modules/@apollo/server/dist/esm'.
======== Module name '@apollo/utils.withrequired' was successfully resolved to 'd:/DOPAMS/Toystack/dopams-backend-staging/node_modules/@apollo/server/node_modules/@apollo/utils.withrequired/dist/index.d.ts' with Package ID '@apollo/utils.withrequired/dist/index.d.ts@2.0.1'. ========
======== Resolving module './incrementalDeliveryPolyfill.js' from 'd:/DOPAMS/Toystack/dopams-backend-staging/node_modules/@apollo/server/dist/esm/externalTypes/graphql.d.ts'. ========
Explicitly specified module resolution kind: 'Node10'.
Loading module as file / folder, candidate module location 'd:/DOPAMS/Toystack/dopams-backend-staging/node_modules/@apollo/server/dist/esm/externalTypes/incrementalDeliveryPolyfill.js', target file types: TypeScript, Declaration.
File name 'd:/DOPAMS/Toystack/dopams-backend-staging/node_modules/@apollo/server/dist/esm/externalTypes/incrementalDeliveryPolyfill.js' has a '.js' extension - stripping it.
File 'd:/DOPAMS/Toystack/dopams-backend-staging/node_modules/@apollo/server/dist/esm/externalTypes/incrementalDeliveryPolyfill.ts' does not exist.
File 'd:/DOPAMS/Toystack/dopams-backend-staging/node_modules/@apollo/server/dist/esm/externalTypes/incrementalDeliveryPolyfill.tsx' does not exist.
File 'd:/DOPAMS/Toystack/dopams-backend-staging/node_modules/@apollo/server/dist/esm/externalTypes/incrementalDeliveryPolyfill.d.ts' exists - use it as a name resolution result.
File 'd:/DOPAMS/Toystack/dopams-backend-staging/node_modules/@apollo/server/package.json' exists according to earlier cached lookups.
======== Module name './incrementalDeliveryPolyfill.js' was successfully resolved to 'd:/DOPAMS/Toystack/dopams-backend-staging/node_modules/@apollo/server/dist/esm/externalTypes/incrementalDeliveryPolyfill.d.ts' with Package ID '@apollo/server/dist/esm/externalTypes/incrementalDeliveryPolyfill.d.ts@4.13.0+graphql@16.12.0'. ========
File 'd:/DOPAMS/Toystack/dopams-backend-staging/node_modules/@apollo/server/dist/esm/externalTypes/package.json' does not exist according to earlier cached lookups.
File 'd:/DOPAMS/Toystack/dopams-backend-staging/node_modules/@apollo/server/dist/esm/package.json' exists according to earlier cached lookups.
File 'd:/DOPAMS/Toystack/dopams-backend-staging/node_modules/@apollo/server/dist/esm/externalTypes/package.json' does not exist according to earlier cached lookups.
File 'd:/DOPAMS/Toystack/dopams-backend-staging/node_modules/@apollo/server/dist/esm/package.json' exists according to earlier cached lookups.
======== Resolving module '../utils/HeaderMap.js' from 'd:/DOPAMS/Toystack/dopams-backend-staging/node_modules/@apollo/server/dist/esm/externalTypes/http.d.ts'. ========
Explicitly specified module resolution kind: 'Node10'.
Loading module as file / folder, candidate module location 'd:/DOPAMS/Toystack/dopams-backend-staging/node_modules/@apollo/server/dist/esm/utils/HeaderMap.js', target file types: TypeScript, Declaration.
File name 'd:/DOPAMS/Toystack/dopams-backend-staging/node_modules/@apollo/server/dist/esm/utils/HeaderMap.js' has a '.js' extension - stripping it.
File 'd:/DOPAMS/Toystack/dopams-backend-staging/node_modules/@apollo/server/dist/esm/utils/HeaderMap.ts' does not exist.
File 'd:/DOPAMS/Toystack/dopams-backend-staging/node_modules/@apollo/server/dist/esm/utils/HeaderMap.tsx' does not exist.
File 'd:/DOPAMS/Toystack/dopams-backend-staging/node_modules/@apollo/server/dist/esm/utils/HeaderMap.d.ts' exists - use it as a name resolution result.
File 'd:/DOPAMS/Toystack/dopams-backend-staging/node_modules/@apollo/server/package.json' exists according to earlier cached lookups.
======== Module name '../utils/HeaderMap.js' was successfully resolved to 'd:/DOPAMS/Toystack/dopams-backend-staging/node_modules/@apollo/server/dist/esm/utils/HeaderMap.d.ts' with Package ID '@apollo/server/dist/esm/utils/HeaderMap.d.ts@4.13.0+graphql@16.12.0'. ========
File 'd:/DOPAMS/Toystack/dopams-backend-staging/node_modules/@apollo/server/dist/esm/utils/package.json' does not exist according to earlier cached lookups.
File 'd:/DOPAMS/Toystack/dopams-backend-staging/node_modules/@apollo/server/dist/esm/package.json' exists according to earlier cached lookups.
File 'd:/DOPAMS/Toystack/dopams-backend-staging/node_modules/@apollo/server/dist/esm/externalTypes/package.json' does not exist according to earlier cached lookups.
File 'd:/DOPAMS/Toystack/dopams-backend-staging/node_modules/@apollo/server/dist/esm/package.json' exists according to earlier cached lookups.
======== Resolving module 'graphql' from 'd:/DOPAMS/Toystack/dopams-backend-staging/node_modules/@apollo/server/dist/esm/externalTypes/incrementalDeliveryPolyfill.d.ts'. ========
Resolution for module 'graphql' was found in cache from location 'd:/DOPAMS/Toystack/dopams-backend-staging/node_modules/@apollo/server/dist/esm/externalTypes'.
======== Module name 'graphql' was successfully resolved to 'd:/DOPAMS/Toystack/dopams-backend-staging/node_modules/graphql/index.d.ts' with Package ID 'graphql/index.d.ts@16.12.0'. ========
File 'd:/DOPAMS/Toystack/dopams-backend-staging/node_modules/@apollo/server/dist/esm/externalTypes/package.json' does not exist according to earlier cached lookups.
File 'd:/DOPAMS/Toystack/dopams-backend-staging/node_modules/@apollo/server/dist/esm/package.json' exists according to earlier cached lookups.
======== Resolving module './context.js' from 'd:/DOPAMS/Toystack/dopams-backend-staging/node_modules/@apollo/server/dist/esm/externalTypes/index.d.ts'. ========
Resolution for module './context.js' was found in cache from location 'd:/DOPAMS/Toystack/dopams-backend-staging/node_modules/@apollo/server/dist/esm/externalTypes'.
======== Module name './context.js' was successfully resolved to 'd:/DOPAMS/Toystack/dopams-backend-staging/node_modules/@apollo/server/dist/esm/externalTypes/context.d.ts' with Package ID '@apollo/server/dist/esm/externalTypes/context.d.ts@4.13.0+graphql@16.12.0'. ========
======== Resolving module './graphql.js' from 'd:/DOPAMS/Toystack/dopams-backend-staging/node_modules/@apollo/server/dist/esm/externalTypes/index.d.ts'. ========
Explicitly specified module resolution kind: 'Node10'.
Loading module as file / folder, candidate module location 'd:/DOPAMS/Toystack/dopams-backend-staging/node_modules/@apollo/server/dist/esm/externalTypes/graphql.js', target file types: TypeScript, Declaration.
File name 'd:/DOPAMS/Toystack/dopams-backend-staging/node_modules/@apollo/server/dist/esm/externalTypes/graphql.js' has a '.js' extension - stripping it.
File 'd:/DOPAMS/Toystack/dopams-backend-staging/node_modules/@apollo/server/dist/esm/externalTypes/graphql.ts' does not exist.
File 'd:/DOPAMS/Toystack/dopams-backend-staging/node_modules/@apollo/server/dist/esm/externalTypes/graphql.tsx' does not exist.
File 'd:/DOPAMS/Toystack/dopams-backend-staging/node_modules/@apollo/server/dist/esm/externalTypes/graphql.d.ts' exists - use it as a name resolution result.
File 'd:/DOPAMS/Toystack/dopams-backend-staging/node_modules/@apollo/server/package.json' exists according to earlier cached lookups.
======== Module name './graphql.js' was successfully resolved to 'd:/DOPAMS/Toystack/dopams-backend-staging/node_modules/@apollo/server/dist/esm/externalTypes/graphql.d.ts' with Package ID '@apollo/server/dist/esm/externalTypes/graphql.d.ts@4.13.0+graphql@16.12.0'. ========
======== Resolving module './http.js' from 'd:/DOPAMS/Toystack/dopams-backend-staging/node_modules/@apollo/server/dist/esm/externalTypes/index.d.ts'. ========
Resolution for module './http.js' was found in cache from location 'd:/DOPAMS/Toystack/dopams-backend-staging/node_modules/@apollo/server/dist/esm/externalTypes'.
======== Module name './http.js' was successfully resolved to 'd:/DOPAMS/Toystack/dopams-backend-staging/node_modules/@apollo/server/dist/esm/externalTypes/http.d.ts' with Package ID '@apollo/server/dist/esm/externalTypes/http.d.ts@4.13.0+graphql@16.12.0'. ========
======== Resolving module './plugins.js' from 'd:/DOPAMS/Toystack/dopams-backend-staging/node_modules/@apollo/server/dist/esm/externalTypes/index.d.ts'. ========
Explicitly specified module resolution kind: 'Node10'.
Loading module as file / folder, candidate module location 'd:/DOPAMS/Toystack/dopams-backend-staging/node_modules/@apollo/server/dist/esm/externalTypes/plugins.js', target file types: TypeScript, Declaration.
File name 'd:/DOPAMS/Toystack/dopams-backend-staging/node_modules/@apollo/server/dist/esm/externalTypes/plugins.js' has a '.js' extension - stripping it.
File 'd:/DOPAMS/Toystack/dopams-backend-staging/node_modules/@apollo/server/dist/esm/externalTypes/plugins.ts' does not exist.
File 'd:/DOPAMS/Toystack/dopams-backend-staging/node_modules/@apollo/server/dist/esm/externalTypes/plugins.tsx' does not exist.
File 'd:/DOPAMS/Toystack/dopams-backend-staging/node_modules/@apollo/server/dist/esm/externalTypes/plugins.d.ts' exists - use it as a name resolution result.
File 'd:/DOPAMS/Toystack/dopams-backend-staging/node_modules/@apollo/server/package.json' exists according to earlier cached lookups.
======== Module name './plugins.js' was successfully resolved to 'd:/DOPAMS/Toystack/dopams-backend-staging/node_modules/@apollo/server/dist/esm/externalTypes/plugins.d.ts' with Package ID '@apollo/server/dist/esm/externalTypes/plugins.d.ts@4.13.0+graphql@16.12.0'. ========
======== Resolving module './requestPipeline.js' from 'd:/DOPAMS/Toystack/dopams-backend-staging/node_modules/@apollo/server/dist/esm/externalTypes/index.d.ts'. ========
Explicitly specified module resolution kind: 'Node10'.
Loading module as file / folder, candidate module location 'd:/DOPAMS/Toystack/dopams-backend-staging/node_modules/@apollo/server/dist/esm/externalTypes/requestPipeline.js', target file types: TypeScript, Declaration.
File name 'd:/DOPAMS/Toystack/dopams-backend-staging/node_modules/@apollo/server/dist/esm/externalTypes/requestPipeline.js' has a '.js' extension - stripping it.
File 'd:/DOPAMS/Toystack/dopams-backend-staging/node_modules/@apollo/server/dist/esm/externalTypes/requestPipeline.ts' does not exist.
File 'd:/DOPAMS/Toystack/dopams-backend-staging/node_modules/@apollo/server/dist/esm/externalTypes/requestPipeline.tsx' does not exist.
File 'd:/DOPAMS/Toystack/dopams-backend-staging/node_modules/@apollo/server/dist/esm/externalTypes/requestPipeline.d.ts' exists - use it as a name resolution result.
File 'd:/DOPAMS/Toystack/dopams-backend-staging/node_modules/@apollo/server/package.json' exists according to earlier cached lookups.
======== Module name './requestPipeline.js' was successfully resolved to 'd:/DOPAMS/Toystack/dopams-backend-staging/node_modules/@apollo/server/dist/esm/externalTypes/requestPipeline.d.ts' with Package ID '@apollo/server/dist/esm/externalTypes/requestPipeline.d.ts@4.13.0+graphql@16.12.0'. ========
======== Resolving module './constructor.js' from 'd:/DOPAMS/Toystack/dopams-backend-staging/node_modules/@apollo/server/dist/esm/externalTypes/index.d.ts'. ========
Explicitly specified module resolution kind: 'Node10'.
Loading module as file / folder, candidate module location 'd:/DOPAMS/Toystack/dopams-backend-staging/node_modules/@apollo/server/dist/esm/externalTypes/constructor.js', target file types: TypeScript, Declaration.
File name 'd:/DOPAMS/Toystack/dopams-backend-staging/node_modules/@apollo/server/dist/esm/externalTypes/constructor.js' has a '.js' extension - stripping it.
File 'd:/DOPAMS/Toystack/dopams-backend-staging/node_modules/@apollo/server/dist/esm/externalTypes/constructor.ts' does not exist.
File 'd:/DOPAMS/Toystack/dopams-backend-staging/node_modules/@apollo/server/dist/esm/externalTypes/constructor.tsx' does not exist.
File 'd:/DOPAMS/Toystack/dopams-backend-staging/node_modules/@apollo/server/dist/esm/externalTypes/constructor.d.ts' exists - use it as a name resolution result.
File 'd:/DOPAMS/Toystack/dopams-backend-staging/node_modules/@apollo/server/package.json' exists according to earlier cached lookups.
======== Module name './constructor.js' was successfully resolved to 'd:/DOPAMS/Toystack/dopams-backend-staging/node_modules/@apollo/server/dist/esm/externalTypes/constructor.d.ts' with Package ID '@apollo/server/dist/esm/externalTypes/constructor.d.ts@4.13.0+graphql@16.12.0'. ========
======== Resolving module './incrementalDeliveryPolyfill.js' from 'd:/DOPAMS/Toystack/dopams-backend-staging/node_modules/@apollo/server/dist/esm/externalTypes/index.d.ts'. ========
Resolution for module './incrementalDeliveryPolyfill.js' was found in cache from location 'd:/DOPAMS/Toystack/dopams-backend-staging/node_modules/@apollo/server/dist/esm/externalTypes'.
======== Module name './incrementalDeliveryPolyfill.js' was successfully resolved to 'd:/DOPAMS/Toystack/dopams-backend-staging/node_modules/@apollo/server/dist/esm/externalTypes/incrementalDeliveryPolyfill.d.ts' with Package ID '@apollo/server/dist/esm/externalTypes/incrementalDeliveryPolyfill.d.ts@4.13.0+graphql@16.12.0'. ========
File 'd:/DOPAMS/Toystack/dopams-backend-staging/node_modules/@apollo/server/dist/esm/externalTypes/package.json' does not exist according to earlier cached lookups.
File 'd:/DOPAMS/Toystack/dopams-backend-staging/node_modules/@apollo/server/dist/esm/package.json' exists according to earlier cached lookups.
======== Resolving module '@apollo/utils.keyvaluecache' from 'd:/DOPAMS/Toystack/dopams-backend-staging/node_modules/@apollo/server/dist/esm/externalTypes/plugins.d.ts'. ========
Explicitly specified module resolution kind: 'Node10'.
'baseUrl' option is set to 'd:/DOPAMS/Toystack/dopams-backend-staging/src', using this value to resolve non-relative module name '@apollo/utils.keyvaluecache'.
'paths' option is specified, looking for a pattern to match module name '@apollo/utils.keyvaluecache'.
'baseUrl' option is set to 'd:/DOPAMS/Toystack/dopams-backend-staging/src', using this value to resolve non-relative module name '@apollo/utils.keyvaluecache'.
Resolving module name '@apollo/utils.keyvaluecache' relative to base url 'd:/DOPAMS/Toystack/dopams-backend-staging/src' - 'd:/DOPAMS/Toystack/dopams-backend-staging/src/@apollo/utils.keyvaluecache'.
Loading module as file / folder, candidate module location 'd:/DOPAMS/Toystack/dopams-backend-staging/src/@apollo/utils.keyvaluecache', target file types: TypeScript, Declaration.
File name 'd:/DOPAMS/Toystack/dopams-backend-staging/src/@apollo/utils.keyvaluecache' has a '.keyvaluecache' extension - stripping it.
Loading module '@apollo/utils.keyvaluecache' from 'node_modules' folder, target file types: TypeScript, Declaration.
Searching all ancestor node_modules directories for preferred extensions: TypeScript, Declaration.
Directory 'd:/DOPAMS/Toystack/dopams-backend-staging/node_modules/@apollo/server/dist/esm/externalTypes/node_modules' does not exist, skipping all lookups in it.
File name 'd:/DOPAMS/Toystack/dopams-backend-staging/node_modules/@apollo/server/dist/esm/externalTypes/node_modules/@apollo/utils.keyvaluecache' has a '.keyvaluecache' extension - stripping it.
Scoped package detected, looking in 'apollo__utils.keyvaluecache'
File name 'd:/DOPAMS/Toystack/dopams-backend-staging/node_modules/@apollo/server/dist/esm/externalTypes/node_modules/@types/apollo__utils.keyvaluecache' has a '.keyvaluecache' extension - stripping it.
Resolution for module '@apollo/utils.keyvaluecache' was found in cache from location 'd:/DOPAMS/Toystack/dopams-backend-staging/node_modules/@apollo/server/dist/esm'.
======== Module name '@apollo/utils.keyvaluecache' was successfully resolved to 'd:/DOPAMS/Toystack/dopams-backend-staging/node_modules/@apollo/server/node_modules/@apollo/utils.keyvaluecache/dist/index.d.ts' with Package ID '@apollo/utils.keyvaluecache/dist/index.d.ts@2.1.1'. ========
======== Resolving module '@apollo/utils.logger' from 'd:/DOPAMS/Toystack/dopams-backend-staging/node_modules/@apollo/server/dist/esm/externalTypes/plugins.d.ts'. ========
Explicitly specified module resolution kind: 'Node10'.
'baseUrl' option is set to 'd:/DOPAMS/Toystack/dopams-backend-staging/src', using this value to resolve non-relative module name '@apollo/utils.logger'.
'paths' option is specified, looking for a pattern to match module name '@apollo/utils.logger'.
'baseUrl' option is set to 'd:/DOPAMS/Toystack/dopams-backend-staging/src', using this value to resolve non-relative module name '@apollo/utils.logger'.
Resolving module name '@apollo/utils.logger' relative to base url 'd:/DOPAMS/Toystack/dopams-backend-staging/src' - 'd:/DOPAMS/Toystack/dopams-backend-staging/src/@apollo/utils.logger'.
Loading module as file / folder, candidate module location 'd:/DOPAMS/Toystack/dopams-backend-staging/src/@apollo/utils.logger', target file types: TypeScript, Declaration.
File name 'd:/DOPAMS/Toystack/dopams-backend-staging/src/@apollo/utils.logger' has a '.logger' extension - stripping it.
Loading module '@apollo/utils.logger' from 'node_modules' folder, target file types: TypeScript, Declaration.
Searching all ancestor node_modules directories for preferred extensions: TypeScript, Declaration.
Directory 'd:/DOPAMS/Toystack/dopams-backend-staging/node_modules/@apollo/server/dist/esm/externalTypes/node_modules' does not exist, skipping all lookups in it.
File name 'd:/DOPAMS/Toystack/dopams-backend-staging/node_modules/@apollo/server/dist/esm/externalTypes/node_modules/@apollo/utils.logger' has a '.logger' extension - stripping it.
Scoped package detected, looking in 'apollo__utils.logger'
File name 'd:/DOPAMS/Toystack/dopams-backend-staging/node_modules/@apollo/server/dist/esm/externalTypes/node_modules/@types/apollo__utils.logger' has a '.logger' extension - stripping it.
Resolution for module '@apollo/utils.logger' was found in cache from location 'd:/DOPAMS/Toystack/dopams-backend-staging/node_modules/@apollo/server/dist/esm'.
======== Module name '@apollo/utils.logger' was successfully resolved to 'd:/DOPAMS/Toystack/dopams-backend-staging/node_modules/@apollo/server/node_modules/@apollo/utils.logger/dist/index.d.ts' with Package ID '@apollo/utils.logger/dist/index.d.ts@2.0.1'. ========
======== Resolving module 'graphql' from 'd:/DOPAMS/Toystack/dopams-backend-staging/node_modules/@apollo/server/dist/esm/externalTypes/plugins.d.ts'. ========
Resolution for module 'graphql' was found in cache from location 'd:/DOPAMS/Toystack/dopams-backend-staging/node_modules/@apollo/server/dist/esm/externalTypes'.
======== Module name 'graphql' was successfully resolved to 'd:/DOPAMS/Toystack/dopams-backend-staging/node_modules/graphql/index.d.ts' with Package ID 'graphql/index.d.ts@16.12.0'. ========
======== Resolving module './constructor.js' from 'd:/DOPAMS/Toystack/dopams-backend-staging/node_modules/@apollo/server/dist/esm/externalTypes/plugins.d.ts'. ========
Resolution for module './constructor.js' was found in cache from location 'd:/DOPAMS/Toystack/dopams-backend-staging/node_modules/@apollo/server/dist/esm/externalTypes'.
======== Module name './constructor.js' was successfully resolved to 'd:/DOPAMS/Toystack/dopams-backend-staging/node_modules/@apollo/server/dist/esm/externalTypes/constructor.d.ts' with Package ID '@apollo/server/dist/esm/externalTypes/constructor.d.ts@4.13.0+graphql@16.12.0'. ========
======== Resolving module './context.js' from 'd:/DOPAMS/Toystack/dopams-backend-staging/node_modules/@apollo/server/dist/esm/externalTypes/plugins.d.ts'. ========
Resolution for module './context.js' was found in cache from location 'd:/DOPAMS/Toystack/dopams-backend-staging/node_modules/@apollo/server/dist/esm/externalTypes'.
======== Module name './context.js' was successfully resolved to 'd:/DOPAMS/Toystack/dopams-backend-staging/node_modules/@apollo/server/dist/esm/externalTypes/context.d.ts' with Package ID '@apollo/server/dist/esm/externalTypes/context.d.ts@4.13.0+graphql@16.12.0'. ========
======== Resolving module './graphql.js' from 'd:/DOPAMS/Toystack/dopams-backend-staging/node_modules/@apollo/server/dist/esm/externalTypes/plugins.d.ts'. ========
Resolution for module './graphql.js' was found in cache from location 'd:/DOPAMS/Toystack/dopams-backend-staging/node_modules/@apollo/server/dist/esm/externalTypes'.
======== Module name './graphql.js' was successfully resolved to 'd:/DOPAMS/Toystack/dopams-backend-staging/node_modules/@apollo/server/dist/esm/externalTypes/graphql.d.ts' with Package ID '@apollo/server/dist/esm/externalTypes/graphql.d.ts@4.13.0+graphql@16.12.0'. ========
======== Resolving module './incrementalDeliveryPolyfill.js' from 'd:/DOPAMS/Toystack/dopams-backend-staging/node_modules/@apollo/server/dist/esm/externalTypes/plugins.d.ts'. ========
Resolution for module './incrementalDeliveryPolyfill.js' was found in cache from location 'd:/DOPAMS/Toystack/dopams-backend-staging/node_modules/@apollo/server/dist/esm/externalTypes'.
======== Module name './incrementalDeliveryPolyfill.js' was successfully resolved to 'd:/DOPAMS/Toystack/dopams-backend-staging/node_modules/@apollo/server/dist/esm/externalTypes/incrementalDeliveryPolyfill.d.ts' with Package ID '@apollo/server/dist/esm/externalTypes/incrementalDeliveryPolyfill.d.ts@4.13.0+graphql@16.12.0'. ========
======== Resolving module './requestPipeline.js' from 'd:/DOPAMS/Toystack/dopams-backend-staging/node_modules/@apollo/server/dist/esm/externalTypes/plugins.d.ts'. ========
Resolution for module './requestPipeline.js' was found in cache from location 'd:/DOPAMS/Toystack/dopams-backend-staging/node_modules/@apollo/server/dist/esm/externalTypes'.
======== Module name './requestPipeline.js' was successfully resolved to 'd:/DOPAMS/Toystack/dopams-backend-staging/node_modules/@apollo/server/dist/esm/externalTypes/requestPipeline.d.ts' with Package ID '@apollo/server/dist/esm/externalTypes/requestPipeline.d.ts@4.13.0+graphql@16.12.0'. ========
File 'd:/DOPAMS/Toystack/dopams-backend-staging/node_modules/@apollo/server/dist/esm/externalTypes/package.json' does not exist according to earlier cached lookups.
File 'd:/DOPAMS/Toystack/dopams-backend-staging/node_modules/@apollo/server/dist/esm/package.json' exists according to earlier cached lookups.
======== Resolving module '@apollo/utils.logger' from 'd:/DOPAMS/Toystack/dopams-backend-staging/node_modules/@apollo/server/dist/esm/externalTypes/constructor.d.ts'. ========
Resolution for module '@apollo/utils.logger' was found in cache from location 'd:/DOPAMS/Toystack/dopams-backend-staging/node_modules/@apollo/server/dist/esm/externalTypes'.
======== Module name '@apollo/utils.logger' was successfully resolved to 'd:/DOPAMS/Toystack/dopams-backend-staging/node_modules/@apollo/server/node_modules/@apollo/utils.logger/dist/index.d.ts' with Package ID '@apollo/utils.logger/dist/index.d.ts@2.0.1'. ========
======== Resolving module '@graphql-tools/schema' from 'd:/DOPAMS/Toystack/dopams-backend-staging/node_modules/@apollo/server/dist/esm/externalTypes/constructor.d.ts'. ========
Explicitly specified module resolution kind: 'Node10'.
'baseUrl' option is set to 'd:/DOPAMS/Toystack/dopams-backend-staging/src', using this value to resolve non-relative module name '@graphql-tools/schema'.
'paths' option is specified, looking for a pattern to match module name '@graphql-tools/schema'.
'baseUrl' option is set to 'd:/DOPAMS/Toystack/dopams-backend-staging/src', using this value to resolve non-relative module name '@graphql-tools/schema'.
Resolving module name '@graphql-tools/schema' relative to base url 'd:/DOPAMS/Toystack/dopams-backend-staging/src' - 'd:/DOPAMS/Toystack/dopams-backend-staging/src/@graphql-tools/schema'.
Loading module as file / folder, candidate module location 'd:/DOPAMS/Toystack/dopams-backend-staging/src/@graphql-tools/schema', target file types: TypeScript, Declaration.
Loading module '@graphql-tools/schema' from 'node_modules' folder, target file types: TypeScript, Declaration.
Searching all ancestor node_modules directories for preferred extensions: TypeScript, Declaration.
Directory 'd:/DOPAMS/Toystack/dopams-backend-staging/node_modules/@apollo/server/dist/esm/externalTypes/node_modules' does not exist, skipping all lookups in it.
Scoped package detected, looking in 'graphql-tools__schema'
Directory 'd:/DOPAMS/Toystack/dopams-backend-staging/node_modules/@apollo/server/dist/esm/node_modules' does not exist, skipping all lookups in it.
Scoped package detected, looking in 'graphql-tools__schema'
Directory 'd:/DOPAMS/Toystack/dopams-backend-staging/node_modules/@apollo/server/dist/node_modules' does not exist, skipping all lookups in it.
Scoped package detected, looking in 'graphql-tools__schema'
Found 'package.json' at 'd:/DOPAMS/Toystack/dopams-backend-staging/node_modules/@apollo/server/node_modules/@graphql-tools/schema/package.json'.
File 'd:/DOPAMS/Toystack/dopams-backend-staging/node_modules/@apollo/server/node_modules/@graphql-tools/schema.ts' does not exist.
File 'd:/DOPAMS/Toystack/dopams-backend-staging/node_modules/@apollo/server/node_modules/@graphql-tools/schema.tsx' does not exist.
File 'd:/DOPAMS/Toystack/dopams-backend-staging/node_modules/@apollo/server/node_modules/@graphql-tools/schema.d.ts' does not exist.
'package.json' does not have a 'typesVersions' field.
'package.json' has 'typings' field 'typings/index.d.ts' that references 'd:/DOPAMS/Toystack/dopams-backend-staging/node_modules/@apollo/server/node_modules/@graphql-tools/schema/typings/index.d.ts'.
File 'd:/DOPAMS/Toystack/dopams-backend-staging/node_modules/@apollo/server/node_modules/@graphql-tools/schema/typings/index.d.ts' exists - use it as a name resolution result.
'package.json' has a 'peerDependencies' field.
Resolving real path for 'd:/DOPAMS/Toystack/dopams-backend-staging/node_modules/@apollo/server/node_modules/@graphql-tools/schema', result 'D:/DOPAMS/Toystack/dopams-backend-staging/node_modules/@apollo/server/node_modules/@graphql-tools/schema'.
Failed to find peerDependency 'graphql'.
Resolving real path for 'd:/DOPAMS/Toystack/dopams-backend-staging/node_modules/@apollo/server/node_modules/@graphql-tools/schema/typings/index.d.ts', result 'D:/DOPAMS/Toystack/dopams-backend-staging/node_modules/@apollo/server/node_modules/@graphql-tools/schema/typings/index.d.ts'.
======== Module name '@graphql-tools/schema' was successfully resolved to 'd:/DOPAMS/Toystack/dopams-backend-staging/node_modules/@apollo/server/node_modules/@graphql-tools/schema/typings/index.d.ts' with Package ID '@graphql-tools/schema/typings/index.d.ts@9.0.19'. ========
======== Resolving module 'graphql' from 'd:/DOPAMS/Toystack/dopams-backend-staging/node_modules/@apollo/server/dist/esm/externalTypes/constructor.d.ts'. ========
Resolution for module 'graphql' was found in cache from location 'd:/DOPAMS/Toystack/dopams-backend-staging/node_modules/@apollo/server/dist/esm/externalTypes'.
======== Module name 'graphql' was successfully resolved to 'd:/DOPAMS/Toystack/dopams-backend-staging/node_modules/graphql/index.d.ts' with Package ID 'graphql/index.d.ts@16.12.0'. ========
======== Resolving module '@apollo/utils.keyvaluecache' from 'd:/DOPAMS/Toystack/dopams-backend-staging/node_modules/@apollo/server/dist/esm/externalTypes/constructor.d.ts'. ========
Resolution for module '@apollo/utils.keyvaluecache' was found in cache from location 'd:/DOPAMS/Toystack/dopams-backend-staging/node_modules/@apollo/server/dist/esm/externalTypes'.
======== Module name '@apollo/utils.keyvaluecache' was successfully resolved to 'd:/DOPAMS/Toystack/dopams-backend-staging/node_modules/@apollo/server/node_modules/@apollo/utils.keyvaluecache/dist/index.d.ts' with Package ID '@apollo/utils.keyvaluecache/dist/index.d.ts@2.1.1'. ========
======== Resolving module '@apollo/server-gateway-interface' from 'd:/DOPAMS/Toystack/dopams-backend-staging/node_modules/@apollo/server/dist/esm/externalTypes/constructor.d.ts'. ========
Explicitly specified module resolution kind: 'Node10'.
'baseUrl' option is set to 'd:/DOPAMS/Toystack/dopams-backend-staging/src', using this value to resolve non-relative module name '@apollo/server-gateway-interface'.
'paths' option is specified, looking for a pattern to match module name '@apollo/server-gateway-interface'.
'baseUrl' option is set to 'd:/DOPAMS/Toystack/dopams-backend-staging/src', using this value to resolve non-relative module name '@apollo/server-gateway-interface'.
Resolving module name '@apollo/server-gateway-interface' relative to base url 'd:/DOPAMS/Toystack/dopams-backend-staging/src' - 'd:/DOPAMS/Toystack/dopams-backend-staging/src/@apollo/server-gateway-interface'.
Loading module as file / folder, candidate module location 'd:/DOPAMS/Toystack/dopams-backend-staging/src/@apollo/server-gateway-interface', target file types: TypeScript, Declaration.
Loading module '@apollo/server-gateway-interface' from 'node_modules' folder, target file types: TypeScript, Declaration.
Searching all ancestor node_modules directories for preferred extensions: TypeScript, Declaration.
Directory 'd:/DOPAMS/Toystack/dopams-backend-staging/node_modules/@apollo/server/dist/esm/externalTypes/node_modules' does not exist, skipping all lookups in it.
Scoped package detected, looking in 'apollo__server-gateway-interface'
Resolution for module '@apollo/server-gateway-interface' was found in cache from location 'd:/DOPAMS/Toystack/dopams-backend-staging/node_modules/@apollo/server/dist/esm'.
======== Module name '@apollo/server-gateway-interface' was successfully resolved to 'd:/DOPAMS/Toystack/dopams-backend-staging/node_modules/@apollo/server-gateway-interface/dist/esm/index.d.ts' with Package ID '@apollo/server-gateway-interface/dist/esm/index.d.ts@1.1.1+graphql@16.12.0'. ========
======== Resolving module './plugins.js' from 'd:/DOPAMS/Toystack/dopams-backend-staging/node_modules/@apollo/server/dist/esm/externalTypes/constructor.d.ts'. ========
Resolution for module './plugins.js' was found in cache from location 'd:/DOPAMS/Toystack/dopams-backend-staging/node_modules/@apollo/server/dist/esm/externalTypes'.
======== Module name './plugins.js' was successfully resolved to 'd:/DOPAMS/Toystack/dopams-backend-staging/node_modules/@apollo/server/dist/esm/externalTypes/plugins.d.ts' with Package ID '@apollo/server/dist/esm/externalTypes/plugins.d.ts@4.13.0+graphql@16.12.0'. ========
======== Resolving module './index.js' from 'd:/DOPAMS/Toystack/dopams-backend-staging/node_modules/@apollo/server/dist/esm/externalTypes/constructor.d.ts'. ========
Explicitly specified module resolution kind: 'Node10'.
Loading module as file / folder, candidate module location 'd:/DOPAMS/Toystack/dopams-backend-staging/node_modules/@apollo/server/dist/esm/externalTypes/index.js', target file types: TypeScript, Declaration.
File name 'd:/DOPAMS/Toystack/dopams-backend-staging/node_modules/@apollo/server/dist/esm/externalTypes/index.js' has a '.js' extension - stripping it.
File 'd:/DOPAMS/Toystack/dopams-backend-staging/node_modules/@apollo/server/dist/esm/externalTypes/index.ts' does not exist.
File 'd:/DOPAMS/Toystack/dopams-backend-staging/node_modules/@apollo/server/dist/esm/externalTypes/index.tsx' does not exist.
File 'd:/DOPAMS/Toystack/dopams-backend-staging/node_modules/@apollo/server/dist/esm/externalTypes/index.d.ts' exists - use it as a name resolution result.
File 'd:/DOPAMS/Toystack/dopams-backend-staging/node_modules/@apollo/server/package.json' exists according to earlier cached lookups.
======== Module name './index.js' was successfully resolved to 'd:/DOPAMS/Toystack/dopams-backend-staging/node_modules/@apollo/server/dist/esm/externalTypes/index.d.ts' with Package ID '@apollo/server/dist/esm/externalTypes/index.d.ts@4.13.0+graphql@16.12.0'. ========
======== Resolving module '../incrementalDeliveryPolyfill.js' from 'd:/DOPAMS/Toystack/dopams-backend-staging/node_modules/@apollo/server/dist/esm/externalTypes/constructor.d.ts'. ========
Explicitly specified module resolution kind: 'Node10'.
Loading module as file / folder, candidate module location 'd:/DOPAMS/Toystack/dopams-backend-staging/node_modules/@apollo/server/dist/esm/incrementalDeliveryPolyfill.js', target file types: TypeScript, Declaration.
File name 'd:/DOPAMS/Toystack/dopams-backend-staging/node_modules/@apollo/server/dist/esm/incrementalDeliveryPolyfill.js' has a '.js' extension - stripping it.
File 'd:/DOPAMS/Toystack/dopams-backend-staging/node_modules/@apollo/server/dist/esm/incrementalDeliveryPolyfill.ts' does not exist.
File 'd:/DOPAMS/Toystack/dopams-backend-staging/node_modules/@apollo/server/dist/esm/incrementalDeliveryPolyfill.tsx' does not exist.
File 'd:/DOPAMS/Toystack/dopams-backend-staging/node_modules/@apollo/server/dist/esm/incrementalDeliveryPolyfill.d.ts' exists - use it as a name resolution result.
File 'd:/DOPAMS/Toystack/dopams-backend-staging/node_modules/@apollo/server/package.json' exists according to earlier cached lookups.
======== Module name '../incrementalDeliveryPolyfill.js' was successfully resolved to 'd:/DOPAMS/Toystack/dopams-backend-staging/node_modules/@apollo/server/dist/esm/incrementalDeliveryPolyfill.d.ts' with Package ID '@apollo/server/dist/esm/incrementalDeliveryPolyfill.d.ts@4.13.0+graphql@16.12.0'. ========
File 'd:/DOPAMS/Toystack/dopams-backend-staging/node_modules/@apollo/server/node_modules/@graphql-tools/schema/typings/package.json' does not exist.
File 'd:/DOPAMS/Toystack/dopams-backend-staging/node_modules/@apollo/server/node_modules/@graphql-tools/schema/package.json' exists according to earlier cached lookups.
======== Resolving module './assertResolversPresent.js' from 'd:/DOPAMS/Toystack/dopams-backend-staging/node_modules/@apollo/server/node_modules/@graphql-tools/schema/typings/index.d.ts'. ========
Explicitly specified module resolution kind: 'Node10'.
Loading module as file / folder, candidate module location 'd:/DOPAMS/Toystack/dopams-backend-staging/node_modules/@apollo/server/node_modules/@graphql-tools/schema/typings/assertResolversPresent.js', target file types: TypeScript, Declaration.
File name 'd:/DOPAMS/Toystack/dopams-backend-staging/node_modules/@apollo/server/node_modules/@graphql-tools/schema/typings/assertResolversPresent.js' has a '.js' extension - stripping it.
File 'd:/DOPAMS/Toystack/dopams-backend-staging/node_modules/@apollo/server/node_modules/@graphql-tools/schema/typings/assertResolversPresent.ts' does not exist.
File 'd:/DOPAMS/Toystack/dopams-backend-staging/node_modules/@apollo/server/node_modules/@graphql-tools/schema/typings/assertResolversPresent.tsx' does not exist.
File 'd:/DOPAMS/Toystack/dopams-backend-staging/node_modules/@apollo/server/node_modules/@graphql-tools/schema/typings/assertResolversPresent.d.ts' exists - use it as a name resolution result.
File 'd:/DOPAMS/Toystack/dopams-backend-staging/node_modules/@apollo/server/node_modules/@graphql-tools/schema/package.json' exists according to earlier cached lookups.
======== Module name './assertResolversPresent.js' was successfully resolved to 'd:/DOPAMS/Toystack/dopams-backend-staging/node_modules/@apollo/server/node_modules/@graphql-tools/schema/typings/assertResolversPresent.d.ts' with Package ID '@graphql-tools/schema/typings/assertResolversPresent.d.ts@9.0.19'. ========
======== Resolving module './chainResolvers.js' from 'd:/DOPAMS/Toystack/dopams-backend-staging/node_modules/@apollo/server/node_modules/@graphql-tools/schema/typings/index.d.ts'. ========
Explicitly specified module resolution kind: 'Node10'.
Loading module as file / folder, candidate module location 'd:/DOPAMS/Toystack/dopams-backend-staging/node_modules/@apollo/server/node_modules/@graphql-tools/schema/typings/chainResolvers.js', target file types: TypeScript, Declaration.
File name 'd:/DOPAMS/Toystack/dopams-backend-staging/node_modules/@apollo/server/node_modules/@graphql-tools/schema/typings/chainResolvers.js' has a '.js' extension - stripping it.
File 'd:/DOPAMS/Toystack/dopams-backend-staging/node_modules/@apollo/server/node_modules/@graphql-tools/schema/typings/chainResolvers.ts' does not exist.
File 'd:/DOPAMS/Toystack/dopams-backend-staging/node_modules/@apollo/server/node_modules/@graphql-tools/schema/typings/chainResolvers.tsx' does not exist.
File 'd:/DOPAMS/Toystack/dopams-backend-staging/node_modules/@apollo/server/node_modules/@graphql-tools/schema/typings/chainResolvers.d.ts' exists - use it as a name resolution result.
File 'd:/DOPAMS/Toystack/dopams-backend-staging/node_modules/@apollo/server/node_modules/@graphql-tools/schema/package.json' exists according to earlier cached lookups.
======== Module name './chainResolvers.js' was successfully resolved to 'd:/DOPAMS/Toystack/dopams-backend-staging/node_modules/@apollo/server/node_modules/@graphql-tools/schema/typings/chainResolvers.d.ts' with Package ID '@graphql-tools/schema/typings/chainResolvers.d.ts@9.0.19'. ========
======== Resolving module './addResolversToSchema.js' from 'd:/DOPAMS/Toystack/dopams-backend-staging/node_modules/@apollo/server/node_modules/@graphql-tools/schema/typings/index.d.ts'. ========
Explicitly specified module resolution kind: 'Node10'.
Loading module as file / folder, candidate module location 'd:/DOPAMS/Toystack/dopams-backend-staging/node_modules/@apollo/server/node_modules/@graphql-tools/schema/typings/addResolversToSchema.js', target file types: TypeScript, Declaration.
File name 'd:/DOPAMS/Toystack/dopams-backend-staging/node_modules/@apollo/server/node_modules/@graphql-tools/schema/typings/addResolversToSchema.js' has a '.js' extension - stripping it.
File 'd:/DOPAMS/Toystack/dopams-backend-staging/node_modules/@apollo/server/node_modules/@graphql-tools/schema/typings/addResolversToSchema.ts' does not exist.
File 'd:/DOPAMS/Toystack/dopams-backend-staging/node_modules/@apollo/server/node_modules/@graphql-tools/schema/typings/addResolversToSchema.tsx' does not exist.
File 'd:/DOPAMS/Toystack/dopams-backend-staging/node_modules/@apollo/server/node_modules/@graphql-tools/schema/typings/addResolversToSchema.d.ts' exists - use it as a name resolution result.
File 'd:/DOPAMS/Toystack/dopams-backend-staging/node_modules/@apollo/server/node_modules/@graphql-tools/schema/package.json' exists according to earlier cached lookups.
======== Module name './addResolversToSchema.js' was successfully resolved to 'd:/DOPAMS/Toystack/dopams-backend-staging/node_modules/@apollo/server/node_modules/@graphql-tools/schema/typings/addResolversToSchema.d.ts' with Package ID '@graphql-tools/schema/typings/addResolversToSchema.d.ts@9.0.19'. ========
======== Resolving module './checkForResolveTypeResolver.js' from 'd:/DOPAMS/Toystack/dopams-backend-staging/node_modules/@apollo/server/node_modules/@graphql-tools/schema/typings/index.d.ts'. ========
Explicitly specified module resolution kind: 'Node10'.
Loading module as file / folder, candidate module location 'd:/DOPAMS/Toystack/dopams-backend-staging/node_modules/@apollo/server/node_modules/@graphql-tools/schema/typings/checkForResolveTypeResolver.js', target file types: TypeScript, Declaration.
File name 'd:/DOPAMS/Toystack/dopams-backend-staging/node_modules/@apollo/server/node_modules/@graphql-tools/schema/typings/checkForResolveTypeResolver.js' has a '.js' extension - stripping it.
File 'd:/DOPAMS/Toystack/dopams-backend-staging/node_modules/@apollo/server/node_modules/@graphql-tools/schema/typings/checkForResolveTypeResolver.ts' does not exist.
File 'd:/DOPAMS/Toystack/dopams-backend-staging/node_modules/@apollo/server/node_modules/@graphql-tools/schema/typings/checkForResolveTypeResolver.tsx' does not exist.
File 'd:/DOPAMS/Toystack/dopams-backend-staging/node_modules/@apollo/server/node_modules/@graphql-tools/schema/typings/checkForResolveTypeResolver.d.ts' exists - use it as a name resolution result.
File 'd:/DOPAMS/Toystack/dopams-backend-staging/node_modules/@apollo/server/node_modules/@graphql-tools/schema/package.json' exists according to earlier cached lookups.
======== Module name './checkForResolveTypeResolver.js' was successfully resolved to 'd:/DOPAMS/Toystack/dopams-backend-staging/node_modules/@apollo/server/node_modules/@graphql-tools/schema/typings/checkForResolveTypeResolver.d.ts' with Package ID '@graphql-tools/schema/typings/checkForResolveTypeResolver.d.ts@9.0.19'. ========
======== Resolving module './extendResolversFromInterfaces.js' from 'd:/DOPAMS/Toystack/dopams-backend-staging/node_modules/@apollo/server/node_modules/@graphql-tools/schema/typings/index.d.ts'. ========
Explicitly specified module resolution kind: 'Node10'.
Loading module as file / folder, candidate module location 'd:/DOPAMS/Toystack/dopams-backend-staging/node_modules/@apollo/server/node_modules/@graphql-tools/schema/typings/extendResolversFromInterfaces.js', target file types: TypeScript, Declaration.
File name 'd:/DOPAMS/Toystack/dopams-backend-staging/node_modules/@apollo/server/node_modules/@graphql-tools/schema/typings/extendResolversFromInterfaces.js' has a '.js' extension - stripping it.
File 'd:/DOPAMS/Toystack/dopams-backend-staging/node_modules/@apollo/server/node_modules/@graphql-tools/schema/typings/extendResolversFromInterfaces.ts' does not exist.
File 'd:/DOPAMS/Toystack/dopams-backend-staging/node_modules/@apollo/server/node_modules/@graphql-tools/schema/typings/extendResolversFromInterfaces.tsx' does not exist.
File 'd:/DOPAMS/Toystack/dopams-backend-staging/node_modules/@apollo/server/node_modules/@graphql-tools/schema/typings/extendResolversFromInterfaces.d.ts' exists - use it as a name resolution result.
File 'd:/DOPAMS/Toystack/dopams-backend-staging/node_modules/@apollo/server/node_modules/@graphql-tools/schema/package.json' exists according to earlier cached lookups.
======== Module name './extendResolversFromInterfaces.js' was successfully resolved to 'd:/DOPAMS/Toystack/dopams-backend-staging/node_modules/@apollo/server/node_modules/@graphql-tools/schema/typings/extendResolversFromInterfaces.d.ts' with Package ID '@graphql-tools/schema/typings/extendResolversFromInterfaces.d.ts@9.0.19'. ========
======== Resolving module './makeExecutableSchema.js' from 'd:/DOPAMS/Toystack/dopams-backend-staging/node_modules/@apollo/server/node_modules/@graphql-tools/schema/typings/index.d.ts'. ========
Explicitly specified module resolution kind: 'Node10'.
Loading module as file / folder, candidate module location 'd:/DOPAMS/Toystack/dopams-backend-staging/node_modules/@apollo/server/node_modules/@graphql-tools/schema/typings/makeExecutableSchema.js', target file types: TypeScript, Declaration.
File name 'd:/DOPAMS/Toystack/dopams-backend-staging/node_modules/@apollo/server/node_modules/@graphql-tools/schema/typings/makeExecutableSchema.js' has a '.js' extension - stripping it.
File 'd:/DOPAMS/Toystack/dopams-backend-staging/node_modules/@apollo/server/node_modules/@graphql-tools/schema/typings/makeExecutableSchema.ts' does not exist.
File 'd:/DOPAMS/Toystack/dopams-backend-staging/node_modules/@apollo/server/node_modules/@graphql-tools/schema/typings/makeExecutableSchema.tsx' does not exist.
File 'd:/DOPAMS/Toystack/dopams-backend-staging/node_modules/@apollo/server/node_modules/@graphql-tools/schema/typings/makeExecutableSchema.d.ts' exists - use it as a name resolution result.
File 'd:/DOPAMS/Toystack/dopams-backend-staging/node_modules/@apollo/server/node_modules/@graphql-tools/schema/package.json' exists according to earlier cached lookups.
======== Module name './makeExecutableSchema.js' was successfully resolved to 'd:/DOPAMS/Toystack/dopams-backend-staging/node_modules/@apollo/server/node_modules/@graphql-tools/schema/typings/makeExecutableSchema.d.ts' with Package ID '@graphql-tools/schema/typings/makeExecutableSchema.d.ts@9.0.19'. ========
======== Resolving module './types.js' from 'd:/DOPAMS/Toystack/dopams-backend-staging/node_modules/@apollo/server/node_modules/@graphql-tools/schema/typings/index.d.ts'. ========
Explicitly specified module resolution kind: 'Node10'.
Loading module as file / folder, candidate module location 'd:/DOPAMS/Toystack/dopams-backend-staging/node_modules/@apollo/server/node_modules/@graphql-tools/schema/typings/types.js', target file types: TypeScript, Declaration.
File name 'd:/DOPAMS/Toystack/dopams-backend-staging/node_modules/@apollo/server/node_modules/@graphql-tools/schema/typings/types.js' has a '.js' extension - stripping it.
File 'd:/DOPAMS/Toystack/dopams-backend-staging/node_modules/@apollo/server/node_modules/@graphql-tools/schema/typings/types.ts' does not exist.
File 'd:/DOPAMS/Toystack/dopams-backend-staging/node_modules/@apollo/server/node_modules/@graphql-tools/schema/typings/types.tsx' does not exist.
File 'd:/DOPAMS/Toystack/dopams-backend-staging/node_modules/@apollo/server/node_modules/@graphql-tools/schema/typings/types.d.ts' exists - use it as a name resolution result.
File 'd:/DOPAMS/Toystack/dopams-backend-staging/node_modules/@apollo/server/node_modules/@graphql-tools/schema/package.json' exists according to earlier cached lookups.
======== Module name './types.js' was successfully resolved to 'd:/DOPAMS/Toystack/dopams-backend-staging/node_modules/@apollo/server/node_modules/@graphql-tools/schema/typings/types.d.ts' with Package ID '@graphql-tools/schema/typings/types.d.ts@9.0.19'. ========
======== Resolving module './merge-schemas.js' from 'd:/DOPAMS/Toystack/dopams-backend-staging/node_modules/@apollo/server/node_modules/@graphql-tools/schema/typings/index.d.ts'. ========
Explicitly specified module resolution kind: 'Node10'.
Loading module as file / folder, candidate module location 'd:/DOPAMS/Toystack/dopams-backend-staging/node_modules/@apollo/server/node_modules/@graphql-tools/schema/typings/merge-schemas.js', target file types: TypeScript, Declaration.
File name 'd:/DOPAMS/Toystack/dopams-backend-staging/node_modules/@apollo/server/node_modules/@graphql-tools/schema/typings/merge-schemas.js' has a '.js' extension - stripping it.
File 'd:/DOPAMS/Toystack/dopams-backend-staging/node_modules/@apollo/server/node_modules/@graphql-tools/schema/typings/merge-schemas.ts' does not exist.
File 'd:/DOPAMS/Toystack/dopams-backend-staging/node_modules/@apollo/server/node_modules/@graphql-tools/schema/typings/merge-schemas.tsx' does not exist.
File 'd:/DOPAMS/Toystack/dopams-backend-staging/node_modules/@apollo/server/node_modules/@graphql-tools/schema/typings/merge-schemas.d.ts' exists - use it as a name resolution result.
File 'd:/DOPAMS/Toystack/dopams-backend-staging/node_modules/@apollo/server/node_modules/@graphql-tools/schema/package.json' exists according to earlier cached lookups.
======== Module name './merge-schemas.js' was successfully resolved to 'd:/DOPAMS/Toystack/dopams-backend-staging/node_modules/@apollo/server/node_modules/@graphql-tools/schema/typings/merge-schemas.d.ts' with Package ID '@graphql-tools/schema/typings/merge-schemas.d.ts@9.0.19'. ========
======== Resolving module '@graphql-tools/utils' from 'd:/DOPAMS/Toystack/dopams-backend-staging/node_modules/@apollo/server/node_modules/@graphql-tools/schema/typings/index.d.ts'. ========
Explicitly specified module resolution kind: 'Node10'.
'baseUrl' option is set to 'd:/DOPAMS/Toystack/dopams-backend-staging/src', using this value to resolve non-relative module name '@graphql-tools/utils'.
'paths' option is specified, looking for a pattern to match module name '@graphql-tools/utils'.
'baseUrl' option is set to 'd:/DOPAMS/Toystack/dopams-backend-staging/src', using this value to resolve non-relative module name '@graphql-tools/utils'.
Resolving module name '@graphql-tools/utils' relative to base url 'd:/DOPAMS/Toystack/dopams-backend-staging/src' - 'd:/DOPAMS/Toystack/dopams-backend-staging/src/@graphql-tools/utils'.
Loading module as file / folder, candidate module location 'd:/DOPAMS/Toystack/dopams-backend-staging/src/@graphql-tools/utils', target file types: TypeScript, Declaration.
Loading module '@graphql-tools/utils' from 'node_modules' folder, target file types: TypeScript, Declaration.
Searching all ancestor node_modules directories for preferred extensions: TypeScript, Declaration.
Directory 'd:/DOPAMS/Toystack/dopams-backend-staging/node_modules/@apollo/server/node_modules/@graphql-tools/schema/typings/node_modules' does not exist, skipping all lookups in it.
Scoped package detected, looking in 'graphql-tools__utils'
Directory 'd:/DOPAMS/Toystack/dopams-backend-staging/node_modules/@apollo/server/node_modules/@graphql-tools/schema/node_modules' does not exist, skipping all lookups in it.
Scoped package detected, looking in 'graphql-tools__utils'
Directory 'd:/DOPAMS/Toystack/dopams-backend-staging/node_modules/@apollo/server/node_modules/@graphql-tools/node_modules' does not exist, skipping all lookups in it.
Scoped package detected, looking in 'graphql-tools__utils'
Found 'package.json' at 'd:/DOPAMS/Toystack/dopams-backend-staging/node_modules/@apollo/server/node_modules/@graphql-tools/utils/package.json'.
File 'd:/DOPAMS/Toystack/dopams-backend-staging/node_modules/@apollo/server/node_modules/@graphql-tools/utils.ts' does not exist.
File 'd:/DOPAMS/Toystack/dopams-backend-staging/node_modules/@apollo/server/node_modules/@graphql-tools/utils.tsx' does not exist.
File 'd:/DOPAMS/Toystack/dopams-backend-staging/node_modules/@apollo/server/node_modules/@graphql-tools/utils.d.ts' does not exist.
'package.json' does not have a 'typesVersions' field.
'package.json' has 'typings' field 'typings/index.d.ts' that references 'd:/DOPAMS/Toystack/dopams-backend-staging/node_modules/@apollo/server/node_modules/@graphql-tools/utils/typings/index.d.ts'.
File 'd:/DOPAMS/Toystack/dopams-backend-staging/node_modules/@apollo/server/node_modules/@graphql-tools/utils/typings/index.d.ts' exists - use it as a name resolution result.
'package.json' has a 'peerDependencies' field.
Resolving real path for 'd:/DOPAMS/Toystack/dopams-backend-staging/node_modules/@apollo/server/node_modules/@graphql-tools/utils', result 'D:/DOPAMS/Toystack/dopams-backend-staging/node_modules/@apollo/server/node_modules/@graphql-tools/utils'.
Failed to find peerDependency 'graphql'.
Resolving real path for 'd:/DOPAMS/Toystack/dopams-backend-staging/node_modules/@apollo/server/node_modules/@graphql-tools/utils/typings/index.d.ts', result 'D:/DOPAMS/Toystack/dopams-backend-staging/node_modules/@apollo/server/node_modules/@graphql-tools/utils/typings/index.d.ts'.
======== Module name '@graphql-tools/utils' was successfully resolved to 'd:/DOPAMS/Toystack/dopams-backend-staging/node_modules/@apollo/server/node_modules/@graphql-tools/utils/typings/index.d.ts' with Package ID '@graphql-tools/utils/typings/index.d.ts@9.2.1'. ========
File 'd:/DOPAMS/Toystack/dopams-backend-staging/node_modules/@apollo/server/node_modules/@graphql-tools/schema/typings/package.json' does not exist according to earlier cached lookups.
File 'd:/DOPAMS/Toystack/dopams-backend-staging/node_modules/@apollo/server/node_modules/@graphql-tools/schema/package.json' exists according to earlier cached lookups.
======== Resolving module 'graphql' from 'd:/DOPAMS/Toystack/dopams-backend-staging/node_modules/@apollo/server/node_modules/@graphql-tools/schema/typings/assertResolversPresent.d.ts'. ========
Explicitly specified module resolution kind: 'Node10'.
'baseUrl' option is set to 'd:/DOPAMS/Toystack/dopams-backend-staging/src', using this value to resolve non-relative module name 'graphql'.
'paths' option is specified, looking for a pattern to match module name 'graphql'.
'baseUrl' option is set to 'd:/DOPAMS/Toystack/dopams-backend-staging/src', using this value to resolve non-relative module name 'graphql'.
Resolving module name 'graphql' relative to base url 'd:/DOPAMS/Toystack/dopams-backend-staging/src' - 'd:/DOPAMS/Toystack/dopams-backend-staging/src/graphql'.
Loading module as file / folder, candidate module location 'd:/DOPAMS/Toystack/dopams-backend-staging/src/graphql', target file types: TypeScript, Declaration.
File 'd:/DOPAMS/Toystack/dopams-backend-staging/src/graphql.ts' does not exist.
File 'd:/DOPAMS/Toystack/dopams-backend-staging/src/graphql.tsx' does not exist.
File 'd:/DOPAMS/Toystack/dopams-backend-staging/src/graphql.d.ts' does not exist.
Directory 'd:/DOPAMS/Toystack/dopams-backend-staging/src/graphql' does not exist, skipping all lookups in it.
Loading module 'graphql' from 'node_modules' folder, target file types: TypeScript, Declaration.
Searching all ancestor node_modules directories for preferred extensions: TypeScript, Declaration.
Directory 'd:/DOPAMS/Toystack/dopams-backend-staging/node_modules/@apollo/server/node_modules/@graphql-tools/schema/typings/node_modules' does not exist, skipping all lookups in it.
Directory 'd:/DOPAMS/Toystack/dopams-backend-staging/node_modules/@apollo/server/node_modules/@graphql-tools/schema/node_modules' does not exist, skipping all lookups in it.
Directory 'd:/DOPAMS/Toystack/dopams-backend-staging/node_modules/@apollo/server/node_modules/@graphql-tools/node_modules' does not exist, skipping all lookups in it.
Resolution for module 'graphql' was found in cache from location 'd:/DOPAMS/Toystack/dopams-backend-staging/node_modules/@apollo/server'.
======== Module name 'graphql' was successfully resolved to 'd:/DOPAMS/Toystack/dopams-backend-staging/node_modules/graphql/index.d.ts' with Package ID 'graphql/index.d.ts@16.12.0'. ========
======== Resolving module '@graphql-tools/utils' from 'd:/DOPAMS/Toystack/dopams-backend-staging/node_modules/@apollo/server/node_modules/@graphql-tools/schema/typings/assertResolversPresent.d.ts'. ========
Resolution for module '@graphql-tools/utils' was found in cache from location 'd:/DOPAMS/Toystack/dopams-backend-staging/node_modules/@apollo/server/node_modules/@graphql-tools/schema/typings'.
======== Module name '@graphql-tools/utils' was successfully resolved to 'd:/DOPAMS/Toystack/dopams-backend-staging/node_modules/@apollo/server/node_modules/@graphql-tools/utils/typings/index.d.ts' with Package ID '@graphql-tools/utils/typings/index.d.ts@9.2.1'. ========
File 'd:/DOPAMS/Toystack/dopams-backend-staging/node_modules/@apollo/server/node_modules/@graphql-tools/utils/typings/package.json' does not exist.
File 'd:/DOPAMS/Toystack/dopams-backend-staging/node_modules/@apollo/server/node_modules/@graphql-tools/utils/package.json' exists according to earlier cached lookups.
======== Resolving module './loaders.js' from 'd:/DOPAMS/Toystack/dopams-backend-staging/node_modules/@apollo/server/node_modules/@graphql-tools/utils/typings/index.d.ts'. ========
Explicitly specified module resolution kind: 'Node10'.
Loading module as file / folder, candidate module location 'd:/DOPAMS/Toystack/dopams-backend-staging/node_modules/@apollo/server/node_modules/@graphql-tools/utils/typings/loaders.js', target file types: TypeScript, Declaration.
File name 'd:/DOPAMS/Toystack/dopams-backend-staging/node_modules/@apollo/server/node_modules/@graphql-tools/utils/typings/loaders.js' has a '.js' extension - stripping it.
File 'd:/DOPAMS/Toystack/dopams-backend-staging/node_modules/@apollo/server/node_modules/@graphql-tools/utils/typings/loaders.ts' does not exist.
File 'd:/DOPAMS/Toystack/dopams-backend-staging/node_modules/@apollo/server/node_modules/@graphql-tools/utils/typings/loaders.tsx' does not exist.
File 'd:/DOPAMS/Toystack/dopams-backend-staging/node_modules/@apollo/server/node_modules/@graphql-tools/utils/typings/loaders.d.ts' exists - use it as a name resolution result.
File 'd:/DOPAMS/Toystack/dopams-backend-staging/node_modules/@apollo/server/node_modules/@graphql-tools/utils/package.json' exists according to earlier cached lookups.
======== Module name './loaders.js' was successfully resolved to 'd:/DOPAMS/Toystack/dopams-backend-staging/node_modules/@apollo/server/node_modules/@graphql-tools/utils/typings/loaders.d.ts' with Package ID '@graphql-tools/utils/typings/loaders.d.ts@9.2.1'. ========
======== Resolving module './helpers.js' from 'd:/DOPAMS/Toystack/dopams-backend-staging/node_modules/@apollo/server/node_modules/@graphql-tools/utils/typings/index.d.ts'. ========
Explicitly specified module resolution kind: 'Node10'.
Loading module as file / folder, candidate module location 'd:/DOPAMS/Toystack/dopams-backend-staging/node_modules/@apollo/server/node_modules/@graphql-tools/utils/typings/helpers.js', target file types: TypeScript, Declaration.
File name 'd:/DOPAMS/Toystack/dopams-backend-staging/node_modules/@apollo/server/node_modules/@graphql-tools/utils/typings/helpers.js' has a '.js' extension - stripping it.
File 'd:/DOPAMS/Toystack/dopams-backend-staging/node_modules/@apollo/server/node_modules/@graphql-tools/utils/typings/helpers.ts' does not exist.
File 'd:/DOPAMS/Toystack/dopams-backend-staging/node_modules/@apollo/server/node_modules/@graphql-tools/utils/typings/helpers.tsx' does not exist.
File 'd:/DOPAMS/Toystack/dopams-backend-staging/node_modules/@apollo/server/node_modules/@graphql-tools/utils/typings/helpers.d.ts' exists - use it as a name resolution result.
File 'd:/DOPAMS/Toystack/dopams-backend-staging/node_modules/@apollo/server/node_modules/@graphql-tools/utils/package.json' exists according to earlier cached lookups.
======== Module name './helpers.js' was successfully resolved to 'd:/DOPAMS/Toystack/dopams-backend-staging/node_modules/@apollo/server/node_modules/@graphql-tools/utils/typings/helpers.d.ts' with Package ID '@graphql-tools/utils/typings/helpers.d.ts@9.2.1'. ========
======== Resolving module './get-directives.js' from 'd:/DOPAMS/Toystack/dopams-backend-staging/node_modules/@apollo/server/node_modules/@graphql-tools/utils/typings/index.d.ts'. ========
Explicitly specified module resolution kind: 'Node10'.
Loading module as file / folder, candidate module location 'd:/DOPAMS/Toystack/dopams-backend-staging/node_modules/@apollo/server/node_modules/@graphql-tools/utils/typings/get-directives.js', target file types: TypeScript, Declaration.
File name 'd:/DOPAMS/Toystack/dopams-backend-staging/node_modules/@apollo/server/node_modules/@graphql-tools/utils/typings/get-directives.js' has a '.js' extension - stripping it.
File 'd:/DOPAMS/Toystack/dopams-backend-staging/node_modules/@apollo/server/node_modules/@graphql-tools/utils/typings/get-directives.ts' does not exist.
File 'd:/DOPAMS/Toystack/dopams-backend-staging/node_modules/@apollo/server/node_modules/@graphql-tools/utils/typings/get-directives.tsx' does not exist.
File 'd:/DOPAMS/Toystack/dopams-backend-staging/node_modules/@apollo/server/node_modules/@graphql-tools/utils/typings/get-directives.d.ts' exists - use it as a name resolution result.
File 'd:/DOPAMS/Toystack/dopams-backend-staging/node_modules/@apollo/server/node_modules/@graphql-tools/utils/package.json' exists according to earlier cached lookups.
======== Module name './get-directives.js' was successfully resolved to 'd:/DOPAMS/Toystack/dopams-backend-staging/node_modules/@apollo/server/node_modules/@graphql-tools/utils/typings/get-directives.d.ts' with Package ID '@graphql-tools/utils/typings/get-directives.d.ts@9.2.1'. ========
======== Resolving module './get-fields-with-directives.js' from 'd:/DOPAMS/Toystack/dopams-backend-staging/node_modules/@apollo/server/node_modules/@graphql-tools/utils/typings/index.d.ts'. ========
Explicitly specified module resolution kind: 'Node10'.
Loading module as file / folder, candidate module location 'd:/DOPAMS/Toystack/dopams-backend-staging/node_modules/@apollo/server/node_modules/@graphql-tools/utils/typings/get-fields-with-directives.js', target file types: TypeScript, Declaration.
File name 'd:/DOPAMS/Toystack/dopams-backend-staging/node_modules/@apollo/server/node_modules/@graphql-tools/utils/typings/get-fields-with-directives.js' has a '.js' extension - stripping it.
File 'd:/DOPAMS/Toystack/dopams-backend-staging/node_modules/@apollo/server/node_modules/@graphql-tools/utils/typings/get-fields-with-directives.ts' does not exist.
File 'd:/DOPAMS/Toystack/dopams-backend-staging/node_modules/@apollo/server/node_modules/@graphql-tools/utils/typings/get-fields-with-directives.tsx' does not exist.
File 'd:/DOPAMS/Toystack/dopams-backend-staging/node_modules/@apollo/server/node_modules/@graphql-tools/utils/typings/get-fields-with-directives.d.ts' exists - use it as a name resolution result.
File 'd:/DOPAMS/Toystack/dopams-backend-staging/node_modules/@apollo/server/node_modules/@graphql-tools/utils/package.json' exists according to earlier cached lookups.
======== Module name './get-fields-with-directives.js' was successfully resolved to 'd:/DOPAMS/Toystack/dopams-backend-staging/node_modules/@apollo/server/node_modules/@graphql-tools/utils/typings/get-fields-with-directives.d.ts' with Package ID '@graphql-tools/utils/typings/get-fields-with-directives.d.ts@9.2.1'. ========
======== Resolving module './get-arguments-with-directives.js' from 'd:/DOPAMS/Toystack/dopams-backend-staging/node_modules/@apollo/server/node_modules/@graphql-tools/utils/typings/index.d.ts'. ========
Explicitly specified module resolution kind: 'Node10'.
Loading module as file / folder, candidate module location 'd:/DOPAMS/Toystack/dopams-backend-staging/node_modules/@apollo/server/node_modules/@graphql-tools/utils/typings/get-arguments-with-directives.js', target file types: TypeScript, Declaration.
File name 'd:/DOPAMS/Toystack/dopams-backend-staging/node_modules/@apollo/server/node_modules/@graphql-tools/utils/typings/get-arguments-with-directives.js' has a '.js' extension - stripping it.
File 'd:/DOPAMS/Toystack/dopams-backend-staging/node_modules/@apollo/server/node_modules/@graphql-tools/utils/typings/get-arguments-with-directives.ts' does not exist.
File 'd:/DOPAMS/Toystack/dopams-backend-staging/node_modules/@apollo/server/node_modules/@graphql-tools/utils/typings/get-arguments-with-directives.tsx' does not exist.
File 'd:/DOPAMS/Toystack/dopams-backend-staging/node_modules/@apollo/server/node_modules/@graphql-tools/utils/typings/get-arguments-with-directives.d.ts' exists - use it as a name resolution result.
File 'd:/DOPAMS/Toystack/dopams-backend-staging/node_modules/@apollo/server/node_modules/@graphql-tools/utils/package.json' exists according to earlier cached lookups.
======== Module name './get-arguments-with-directives.js' was successfully resolved to 'd:/DOPAMS/Toystack/dopams-backend-staging/node_modules/@apollo/server/node_modules/@graphql-tools/utils/typings/get-arguments-with-directives.d.ts' with Package ID '@graphql-tools/utils/typings/get-arguments-with-directives.d.ts@9.2.1'. ========
======== Resolving module './get-implementing-types.js' from 'd:/DOPAMS/Toystack/dopams-backend-staging/node_modules/@apollo/server/node_modules/@graphql-tools/utils/typings/index.d.ts'. ========
Explicitly specified module resolution kind: 'Node10'.
Loading module as file / folder, candidate module location 'd:/DOPAMS/Toystack/dopams-backend-staging/node_modules/@apollo/server/node_modules/@graphql-tools/utils/typings/get-implementing-types.js', target file types: TypeScript, Declaration.
File name 'd:/DOPAMS/Toystack/dopams-backend-staging/node_modules/@apollo/server/node_modules/@graphql-tools/utils/typings/get-implementing-types.js' has a '.js' extension - stripping it.
File 'd:/DOPAMS/Toystack/dopams-backend-staging/node_modules/@apollo/server/node_modules/@graphql-tools/utils/typings/get-implementing-types.ts' does not exist.
File 'd:/DOPAMS/Toystack/dopams-backend-staging/node_modules/@apollo/server/node_modules/@graphql-tools/utils/typings/get-implementing-types.tsx' does not exist.
File 'd:/DOPAMS/Toystack/dopams-backend-staging/node_modules/@apollo/server/node_modules/@graphql-tools/utils/typings/get-implementing-types.d.ts' exists - use it as a name resolution result.
File 'd:/DOPAMS/Toystack/dopams-backend-staging/node_modules/@apollo/server/node_modules/@graphql-tools/utils/package.json' exists according to earlier cached lookups.
======== Module name './get-implementing-types.js' was successfully resolved to 'd:/DOPAMS/Toystack/dopams-backend-staging/node_modules/@apollo/server/node_modules/@graphql-tools/utils/typings/get-implementing-types.d.ts' with Package ID '@graphql-tools/utils/typings/get-implementing-types.d.ts@9.2.1'. ========
======== Resolving module './print-schema-with-directives.js' from 'd:/DOPAMS/Toystack/dopams-backend-staging/node_modules/@apollo/server/node_modules/@graphql-tools/utils/typings/index.d.ts'. ========
Explicitly specified module resolution kind: 'Node10'.
Loading module as file / folder, candidate module location 'd:/DOPAMS/Toystack/dopams-backend-staging/node_modules/@apollo/server/node_modules/@graphql-tools/utils/typings/print-schema-with-directives.js', target file types: TypeScript, Declaration.
File name 'd:/DOPAMS/Toystack/dopams-backend-staging/node_modules/@apollo/server/node_modules/@graphql-tools/utils/typings/print-schema-with-directives.js' has a '.js' extension - stripping it.
File 'd:/DOPAMS/Toystack/dopams-backend-staging/node_modules/@apollo/server/node_modules/@graphql-tools/utils/typings/print-schema-with-directives.ts' does not exist.
File 'd:/DOPAMS/Toystack/dopams-backend-staging/node_modules/@apollo/server/node_modules/@graphql-tools/utils/typings/print-schema-with-directives.tsx' does not exist.
File 'd:/DOPAMS/Toystack/dopams-backend-staging/node_modules/@apollo/server/node_modules/@graphql-tools/utils/typings/print-schema-with-directives.d.ts' exists - use it as a name resolution result.
File 'd:/DOPAMS/Toystack/dopams-backend-staging/node_modules/@apollo/server/node_modules/@graphql-tools/utils/package.json' exists according to earlier cached lookups.
======== Module name './print-schema-with-directives.js' was successfully resolved to 'd:/DOPAMS/Toystack/dopams-backend-staging/node_modules/@apollo/server/node_modules/@graphql-tools/utils/typings/print-schema-with-directives.d.ts' with Package ID '@graphql-tools/utils/typings/print-schema-with-directives.d.ts@9.2.1'. ========
======== Resolving module './validate-documents.js' from 'd:/DOPAMS/Toystack/dopams-backend-staging/node_modules/@apollo/server/node_modules/@graphql-tools/utils/typings/index.d.ts'. ========
Explicitly specified module resolution kind: 'Node10'.
Loading module as file / folder, candidate module location 'd:/DOPAMS/Toystack/dopams-backend-staging/node_modules/@apollo/server/node_modules/@graphql-tools/utils/typings/validate-documents.js', target file types: TypeScript, Declaration.
File name 'd:/DOPAMS/Toystack/dopams-backend-staging/node_modules/@apollo/server/node_modules/@graphql-tools/utils/typings/validate-documents.js' has a '.js' extension - stripping it.
File 'd:/DOPAMS/Toystack/dopams-backend-staging/node_modules/@apollo/server/node_modules/@graphql-tools/utils/typings/validate-documents.ts' does not exist.
File 'd:/DOPAMS/Toystack/dopams-backend-staging/node_modules/@apollo/server/node_modules/@graphql-tools/utils/typings/validate-documents.tsx' does not exist.
File 'd:/DOPAMS/Toystack/dopams-backend-staging/node_modules/@apollo/server/node_modules/@graphql-tools/utils/typings/validate-documents.d.ts' exists - use it as a name resolution result.
File 'd:/DOPAMS/Toystack/dopams-backend-staging/node_modules/@apollo/server/node_modules/@graphql-tools/utils/package.json' exists according to earlier cached lookups.
======== Module name './validate-documents.js' was successfully resolved to 'd:/DOPAMS/Toystack/dopams-backend-staging/node_modules/@apollo/server/node_modules/@graphql-tools/utils/typings/validate-documents.d.ts' with Package ID '@graphql-tools/utils/typings/validate-documents.d.ts@9.2.1'. ========
======== Resolving module './parse-graphql-json.js' from 'd:/DOPAMS/Toystack/dopams-backend-staging/node_modules/@apollo/server/node_modules/@graphql-tools/utils/typings/index.d.ts'. ========
Explicitly specified module resolution kind: 'Node10'.
Loading module as file / folder, candidate module location 'd:/DOPAMS/Toystack/dopams-backend-staging/node_modules/@apollo/server/node_modules/@graphql-tools/utils/typings/parse-graphql-json.js', target file types: TypeScript, Declaration.
File name 'd:/DOPAMS/Toystack/dopams-backend-staging/node_modules/@apollo/server/node_modules/@graphql-tools/utils/typings/parse-graphql-json.js' has a '.js' extension - stripping it.
File 'd:/DOPAMS/Toystack/dopams-backend-staging/node_modules/@apollo/server/node_modules/@graphql-tools/utils/typings/parse-graphql-json.ts' does not exist.
File 'd:/DOPAMS/Toystack/dopams-backend-staging/node_modules/@apollo/server/node_modules/@graphql-tools/utils/typings/parse-graphql-json.tsx' does not exist.
File 'd:/DOPAMS/Toystack/dopams-backend-staging/node_modules/@apollo/server/node_modules/@graphql-tools/utils/typings/parse-graphql-json.d.ts' exists - use it as a name resolution result.
File 'd:/DOPAMS/Toystack/dopams-backend-staging/node_modules/@apollo/server/node_modules/@graphql-tools/utils/package.json' exists according to earlier cached lookups.
======== Module name './parse-graphql-json.js' was successfully resolved to 'd:/DOPAMS/Toystack/dopams-backend-staging/node_modules/@apollo/server/node_modules/@graphql-tools/utils/typings/parse-graphql-json.d.ts' with Package ID '@graphql-tools/utils/typings/parse-graphql-json.d.ts@9.2.1'. ========
======== Resolving module './parse-graphql-sdl.js' from 'd:/DOPAMS/Toystack/dopams-backend-staging/node_modules/@apollo/server/node_modules/@graphql-tools/utils/typings/index.d.ts'. ========
Explicitly specified module resolution kind: 'Node10'.
Loading module as file / folder, candidate module location 'd:/DOPAMS/Toystack/dopams-backend-staging/node_modules/@apollo/server/node_modules/@graphql-tools/utils/typings/parse-graphql-sdl.js', target file types: TypeScript, Declaration.
File name 'd:/DOPAMS/Toystack/dopams-backend-staging/node_modules/@apollo/server/node_modules/@graphql-tools/utils/typings/parse-graphql-sdl.js' has a '.js' extension - stripping it.
File 'd:/DOPAMS/Toystack/dopams-backend-staging/node_modules/@apollo/server/node_modules/@graphql-tools/utils/typings/parse-graphql-sdl.ts' does not exist.
File 'd:/DOPAMS/Toystack/dopams-backend-staging/node_modules/@apollo/server/node_modules/@graphql-tools/utils/typings/parse-graphql-sdl.tsx' does not exist.
File 'd:/DOPAMS/Toystack/dopams-backend-staging/node_modules/@apollo/server/node_modules/@graphql-tools/utils/typings/parse-graphql-sdl.d.ts' exists - use it as a name resolution result.
File 'd:/DOPAMS/Toystack/dopams-backend-staging/node_modules/@apollo/server/node_modules/@graphql-tools/utils/package.json' exists according to earlier cached lookups.
======== Module name './parse-graphql-sdl.js' was successfully resolved to 'd:/DOPAMS/Toystack/dopams-backend-staging/node_modules/@apollo/server/node_modules/@graphql-tools/utils/typings/parse-graphql-sdl.d.ts' with Package ID '@graphql-tools/utils/typings/parse-graphql-sdl.d.ts@9.2.1'. ========
======== Resolving module './build-operation-for-field.js' from 'd:/DOPAMS/Toystack/dopams-backend-staging/node_modules/@apollo/server/node_modules/@graphql-tools/utils/typings/index.d.ts'. ========
Explicitly specified module resolution kind: 'Node10'.
Loading module as file / folder, candidate module location 'd:/DOPAMS/Toystack/dopams-backend-staging/node_modules/@apollo/server/node_modules/@graphql-tools/utils/typings/build-operation-for-field.js', target file types: TypeScript, Declaration.
File name 'd:/DOPAMS/Toystack/dopams-backend-staging/node_modules/@apollo/server/node_modules/@graphql-tools/utils/typings/build-operation-for-field.js' has a '.js' extension - stripping it.
File 'd:/DOPAMS/Toystack/dopams-backend-staging/node_modules/@apollo/server/node_modules/@graphql-tools/utils/typings/build-operation-for-field.ts' does not exist.
File 'd:/DOPAMS/Toystack/dopams-backend-staging/node_modules/@apollo/server/node_modules/@graphql-tools/utils/typings/build-operation-for-field.tsx' does not exist.
File 'd:/DOPAMS/Toystack/dopams-backend-staging/node_modules/@apollo/server/node_modules/@graphql-tools/utils/typings/build-operation-for-field.d.ts' exists - use it as a name resolution result.
File 'd:/DOPAMS/Toystack/dopams-backend-staging/node_modules/@apollo/server/node_modules/@graphql-tools/utils/package.json' exists according to earlier cached lookups.
======== Module name './build-operation-for-field.js' was successfully resolved to 'd:/DOPAMS/Toystack/dopams-backend-staging/node_modules/@apollo/server/node_modules/@graphql-tools/utils/typings/build-operation-for-field.d.ts' with Package ID '@graphql-tools/utils/typings/build-operation-for-field.d.ts@9.2.1'. ========
======== Resolving module './types.js' from 'd:/DOPAMS/Toystack/dopams-backend-staging/node_modules/@apollo/server/node_modules/@graphql-tools/utils/typings/index.d.ts'. ========
Explicitly specified module resolution kind: 'Node10'.
Loading module as file / folder, candidate module location 'd:/DOPAMS/Toystack/dopams-backend-staging/node_modules/@apollo/server/node_modules/@graphql-tools/utils/typings/types.js', target file types: TypeScript, Declaration.
File name 'd:/DOPAMS/Toystack/dopams-backend-staging/node_modules/@apollo/server/node_modules/@graphql-tools/utils/typings/types.js' has a '.js' extension - stripping it.
File 'd:/DOPAMS/Toystack/dopams-backend-staging/node_modules/@apollo/server/node_modules/@graphql-tools/utils/typings/types.ts' does not exist.
File 'd:/DOPAMS/Toystack/dopams-backend-staging/node_modules/@apollo/server/node_modules/@graphql-tools/utils/typings/types.tsx' does not exist.
File 'd:/DOPAMS/Toystack/dopams-backend-staging/node_modules/@apollo/server/node_modules/@graphql-tools/utils/typings/types.d.ts' exists - use it as a name resolution result.
File 'd:/DOPAMS/Toystack/dopams-backend-staging/node_modules/@apollo/server/node_modules/@graphql-tools/utils/package.json' exists according to earlier cached lookups.
======== Module name './types.js' was successfully resolved to 'd:/DOPAMS/Toystack/dopams-backend-staging/node_modules/@apollo/server/node_modules/@graphql-tools/utils/typings/types.d.ts' with Package ID '@graphql-tools/utils/typings/types.d.ts@9.2.1'. ========
======== Resolving module './filterSchema.js' from 'd:/DOPAMS/Toystack/dopams-backend-staging/node_modules/@apollo/server/node_modules/@graphql-tools/utils/typings/index.d.ts'. ========
Explicitly specified module resolution kind: 'Node10'.
Loading module as file / folder, candidate module location 'd:/DOPAMS/Toystack/dopams-backend-staging/node_modules/@apollo/server/node_modules/@graphql-tools/utils/typings/filterSchema.js', target file types: TypeScript, Declaration.
File name 'd:/DOPAMS/Toystack/dopams-backend-staging/node_modules/@apollo/server/node_modules/@graphql-tools/utils/typings/filterSchema.js' has a '.js' extension - stripping it.
File 'd:/DOPAMS/Toystack/dopams-backend-staging/node_modules/@apollo/server/node_modules/@graphql-tools/utils/typings/filterSchema.ts' does not exist.
File 'd:/DOPAMS/Toystack/dopams-backend-staging/node_modules/@apollo/server/node_modules/@graphql-tools/utils/typings/filterSchema.tsx' does not exist.
File 'd:/DOPAMS/Toystack/dopams-backend-staging/node_modules/@apollo/server/node_modules/@graphql-tools/utils/typings/filterSchema.d.ts' exists - use it as a name resolution result.
File 'd:/DOPAMS/Toystack/dopams-backend-staging/node_modules/@apollo/server/node_modules/@graphql-tools/utils/package.json' exists according to earlier cached lookups.
======== Module name './filterSchema.js' was successfully resolved to 'd:/DOPAMS/Toystack/dopams-backend-staging/node_modules/@apollo/server/node_modules/@graphql-tools/utils/typings/filterSchema.d.ts' with Package ID '@graphql-tools/utils/typings/filterSchema.d.ts@9.2.1'. ========
======== Resolving module './heal.js' from 'd:/DOPAMS/Toystack/dopams-backend-staging/node_modules/@apollo/server/node_modules/@graphql-tools/utils/typings/index.d.ts'. ========
Explicitly specified module resolution kind: 'Node10'.
Loading module as file / folder, candidate module location 'd:/DOPAMS/Toystack/dopams-backend-staging/node_modules/@apollo/server/node_modules/@graphql-tools/utils/typings/heal.js', target file types: TypeScript, Declaration.
File name 'd:/DOPAMS/Toystack/dopams-backend-staging/node_modules/@apollo/server/node_modules/@graphql-tools/utils/typings/heal.js' has a '.js' extension - stripping it.
File 'd:/DOPAMS/Toystack/dopams-backend-staging/node_modules/@apollo/server/node_modules/@graphql-tools/utils/typings/heal.ts' does not exist.
File 'd:/DOPAMS/Toystack/dopams-backend-staging/node_modules/@apollo/server/node_modules/@graphql-tools/utils/typings/heal.tsx' does not exist.
File 'd:/DOPAMS/Toystack/dopams-backend-staging/node_modules/@apollo/server/node_modules/@graphql-tools/utils/typings/heal.d.ts' exists - use it as a name resolution result.
File 'd:/DOPAMS/Toystack/dopams-backend-staging/node_modules/@apollo/server/node_modules/@graphql-tools/utils/package.json' exists according to earlier cached lookups.
======== Module name './heal.js' was successfully resolved to 'd:/DOPAMS/Toystack/dopams-backend-staging/node_modules/@apollo/server/node_modules/@graphql-tools/utils/typings/heal.d.ts' with Package ID '@graphql-tools/utils/typings/heal.d.ts@9.2.1'. ========
======== Resolving module './getResolversFromSchema.js' from 'd:/DOPAMS/Toystack/dopams-backend-staging/node_modules/@apollo/server/node_modules/@graphql-tools/utils/typings/index.d.ts'. ========
Explicitly specified module resolution kind: 'Node10'.
Loading module as file / folder, candidate module location 'd:/DOPAMS/Toystack/dopams-backend-staging/node_modules/@apollo/server/node_modules/@graphql-tools/utils/typings/getResolversFromSchema.js', target file types: TypeScript, Declaration.
File name 'd:/DOPAMS/Toystack/dopams-backend-staging/node_modules/@apollo/server/node_modules/@graphql-tools/utils/typings/getResolversFromSchema.js' has a '.js' extension - stripping it.
File 'd:/DOPAMS/Toystack/dopams-backend-staging/node_modules/@apollo/server/node_modules/@graphql-tools/utils/typings/getResolversFromSchema.ts' does not exist.
File 'd:/DOPAMS/Toystack/dopams-backend-staging/node_modules/@apollo/server/node_modules/@graphql-tools/utils/typings/getResolversFromSchema.tsx' does not exist.
File 'd:/DOPAMS/Toystack/dopams-backend-staging/node_modules/@apollo/server/node_modules/@graphql-tools/utils/typings/getResolversFromSchema.d.ts' exists - use it as a name resolution result.
File 'd:/DOPAMS/Toystack/dopams-backend-staging/node_modules/@apollo/server/node_modules/@graphql-tools/utils/package.json' exists according to earlier cached lookups.
======== Module name './getResolversFromSchema.js' was successfully resolved to 'd:/DOPAMS/Toystack/dopams-backend-staging/node_modules/@apollo/server/node_modules/@graphql-tools/utils/typings/getResolversFromSchema.d.ts' with Package ID '@graphql-tools/utils/typings/getResolversFromSchema.d.ts@9.2.1'. ========
======== Resolving module './forEachField.js' from 'd:/DOPAMS/Toystack/dopams-backend-staging/node_modules/@apollo/server/node_modules/@graphql-tools/utils/typings/index.d.ts'. ========
Explicitly specified module resolution kind: 'Node10'.
Loading module as file / folder, candidate module location 'd:/DOPAMS/Toystack/dopams-backend-staging/node_modules/@apollo/server/node_modules/@graphql-tools/utils/typings/forEachField.js', target file types: TypeScript, Declaration.
File name 'd:/DOPAMS/Toystack/dopams-backend-staging/node_modules/@apollo/server/node_modules/@graphql-tools/utils/typings/forEachField.js' has a '.js' extension - stripping it.
File 'd:/DOPAMS/Toystack/dopams-backend-staging/node_modules/@apollo/server/node_modules/@graphql-tools/utils/typings/forEachField.ts' does not exist.
File 'd:/DOPAMS/Toystack/dopams-backend-staging/node_modules/@apollo/server/node_modules/@graphql-tools/utils/typings/forEachField.tsx' does not exist.
File 'd:/DOPAMS/Toystack/dopams-backend-staging/node_modules/@apollo/server/node_modules/@graphql-tools/utils/typings/forEachField.d.ts' exists - use it as a name resolution result.
File 'd:/DOPAMS/Toystack/dopams-backend-staging/node_modules/@apollo/server/node_modules/@graphql-tools/utils/package.json' exists according to earlier cached lookups.
======== Module name './forEachField.js' was successfully resolved to 'd:/DOPAMS/Toystack/dopams-backend-staging/node_modules/@apollo/server/node_modules/@graphql-tools/utils/typings/forEachField.d.ts' with Package ID '@graphql-tools/utils/typings/forEachField.d.ts@9.2.1'. ========
======== Resolving module './forEachDefaultValue.js' from 'd:/DOPAMS/Toystack/dopams-backend-staging/node_modules/@apollo/server/node_modules/@graphql-tools/utils/typings/index.d.ts'. ========
Explicitly specified module resolution kind: 'Node10'.
Loading module as file / folder, candidate module location 'd:/DOPAMS/Toystack/dopams-backend-staging/node_modules/@apollo/server/node_modules/@graphql-tools/utils/typings/forEachDefaultValue.js', target file types: TypeScript, Declaration.
File name 'd:/DOPAMS/Toystack/dopams-backend-staging/node_modules/@apollo/server/node_modules/@graphql-tools/utils/typings/forEachDefaultValue.js' has a '.js' extension - stripping it.
File 'd:/DOPAMS/Toystack/dopams-backend-staging/node_modules/@apollo/server/node_modules/@graphql-tools/utils/typings/forEachDefaultValue.ts' does not exist.
File 'd:/DOPAMS/Toystack/dopams-backend-staging/node_modules/@apollo/server/node_modules/@graphql-tools/utils/typings/forEachDefaultValue.tsx' does not exist.
File 'd:/DOPAMS/Toystack/dopams-backend-staging/node_modules/@apollo/server/node_modules/@graphql-tools/utils/typings/forEachDefaultValue.d.ts' exists - use it as a name resolution result.
File 'd:/DOPAMS/Toystack/dopams-backend-staging/node_modules/@apollo/server/node_modules/@graphql-tools/utils/package.json' exists according to earlier cached lookups.
======== Module name './forEachDefaultValue.js' was successfully resolved to 'd:/DOPAMS/Toystack/dopams-backend-staging/node_modules/@apollo/server/node_modules/@graphql-tools/utils/typings/forEachDefaultValue.d.ts' with Package ID '@graphql-tools/utils/typings/forEachDefaultValue.d.ts@9.2.1'. ========
======== Resolving module './mapSchema.js' from 'd:/DOPAMS/Toystack/dopams-backend-staging/node_modules/@apollo/server/node_modules/@graphql-tools/utils/typings/index.d.ts'. ========
Explicitly specified module resolution kind: 'Node10'.
Loading module as file / folder, candidate module location 'd:/DOPAMS/Toystack/dopams-backend-staging/node_modules/@apollo/server/node_modules/@graphql-tools/utils/typings/mapSchema.js', target file types: TypeScript, Declaration.
File name 'd:/DOPAMS/Toystack/dopams-backend-staging/node_modules/@apollo/server/node_modules/@graphql-tools/utils/typings/mapSchema.js' has a '.js' extension - stripping it.
File 'd:/DOPAMS/Toystack/dopams-backend-staging/node_modules/@apollo/server/node_modules/@graphql-tools/utils/typings/mapSchema.ts' does not exist.
File 'd:/DOPAMS/Toystack/dopams-backend-staging/node_modules/@apollo/server/node_modules/@graphql-tools/utils/typings/mapSchema.tsx' does not exist.
File 'd:/DOPAMS/Toystack/dopams-backend-staging/node_modules/@apollo/server/node_modules/@graphql-tools/utils/typings/mapSchema.d.ts' exists - use it as a name resolution result.
File 'd:/DOPAMS/Toystack/dopams-backend-staging/node_modules/@apollo/server/node_modules/@graphql-tools/utils/package.json' exists according to earlier cached lookups.
======== Module name './mapSchema.js' was successfully resolved to 'd:/DOPAMS/Toystack/dopams-backend-staging/node_modules/@apollo/server/node_modules/@graphql-tools/utils/typings/mapSchema.d.ts' with Package ID '@graphql-tools/utils/typings/mapSchema.d.ts@9.2.1'. ========
======== Resolving module './addTypes.js' from 'd:/DOPAMS/Toystack/dopams-backend-staging/node_modules/@apollo/server/node_modules/@graphql-tools/utils/typings/index.d.ts'. ========
Explicitly specified module resolution kind: 'Node10'.
Loading module as file / folder, candidate module location 'd:/DOPAMS/Toystack/dopams-backend-staging/node_modules/@apollo/server/node_modules/@graphql-tools/utils/typings/addTypes.js', target file types: TypeScript, Declaration.
File name 'd:/DOPAMS/Toystack/dopams-backend-staging/node_modules/@apollo/server/node_modules/@graphql-tools/utils/typings/addTypes.js' has a '.js' extension - stripping it.
File 'd:/DOPAMS/Toystack/dopams-backend-staging/node_modules/@apollo/server/node_modules/@graphql-tools/utils/typings/addTypes.ts' does not exist.
File 'd:/DOPAMS/Toystack/dopams-backend-staging/node_modules/@apollo/server/node_modules/@graphql-tools/utils/typings/addTypes.tsx' does not exist.
File 'd:/DOPAMS/Toystack/dopams-backend-staging/node_modules/@apollo/server/node_modules/@graphql-tools/utils/typings/addTypes.d.ts' exists - use it as a name resolution result.
File 'd:/DOPAMS/Toystack/dopams-backend-staging/node_modules/@apollo/server/node_modules/@graphql-tools/utils/package.json' exists according to earlier cached lookups.
======== Module name './addTypes.js' was successfully resolved to 'd:/DOPAMS/Toystack/dopams-backend-staging/node_modules/@apollo/server/node_modules/@graphql-tools/utils/typings/addTypes.d.ts' with Package ID '@graphql-tools/utils/typings/addTypes.d.ts@9.2.1'. ========
======== Resolving module './rewire.js' from 'd:/DOPAMS/Toystack/dopams-backend-staging/node_modules/@apollo/server/node_modules/@graphql-tools/utils/typings/index.d.ts'. ========
Explicitly specified module resolution kind: 'Node10'.
Loading module as file / folder, candidate module location 'd:/DOPAMS/Toystack/dopams-backend-staging/node_modules/@apollo/server/node_modules/@graphql-tools/utils/typings/rewire.js', target file types: TypeScript, Declaration.
File name 'd:/DOPAMS/Toystack/dopams-backend-staging/node_modules/@apollo/server/node_modules/@graphql-tools/utils/typings/rewire.js' has a '.js' extension - stripping it.
File 'd:/DOPAMS/Toystack/dopams-backend-staging/node_modules/@apollo/server/node_modules/@graphql-tools/utils/typings/rewire.ts' does not exist.
File 'd:/DOPAMS/Toystack/dopams-backend-staging/node_modules/@apollo/server/node_modules/@graphql-tools/utils/typings/rewire.tsx' does not exist.
File 'd:/DOPAMS/Toystack/dopams-backend-staging/node_modules/@apollo/server/node_modules/@graphql-tools/utils/typings/rewire.d.ts' exists - use it as a name resolution result.
File 'd:/DOPAMS/Toystack/dopams-backend-staging/node_modules/@apollo/server/node_modules/@graphql-tools/utils/package.json' exists according to earlier cached lookups.
======== Module name './rewire.js' was successfully resolved to 'd:/DOPAMS/Toystack/dopams-backend-staging/node_modules/@apollo/server/node_modules/@graphql-tools/utils/typings/rewire.d.ts' with Package ID '@graphql-tools/utils/typings/rewire.d.ts@9.2.1'. ========
======== Resolving module './prune.js' from 'd:/DOPAMS/Toystack/dopams-backend-staging/node_modules/@apollo/server/node_modules/@graphql-tools/utils/typings/index.d.ts'. ========
Explicitly specified module resolution kind: 'Node10'.
Loading module as file / folder, candidate module location 'd:/DOPAMS/Toystack/dopams-backend-staging/node_modules/@apollo/server/node_modules/@graphql-tools/utils/typings/prune.js', target file types: TypeScript, Declaration.
File name 'd:/DOPAMS/Toystack/dopams-backend-staging/node_modules/@apollo/server/node_modules/@graphql-tools/utils/typings/prune.js' has a '.js' extension - stripping it.
File 'd:/DOPAMS/Toystack/dopams-backend-staging/node_modules/@apollo/server/node_modules/@graphql-tools/utils/typings/prune.ts' does not exist.
File 'd:/DOPAMS/Toystack/dopams-backend-staging/node_modules/@apollo/server/node_modules/@graphql-tools/utils/typings/prune.tsx' does not exist.
File 'd:/DOPAMS/Toystack/dopams-backend-staging/node_modules/@apollo/server/node_modules/@graphql-tools/utils/typings/prune.d.ts' exists - use it as a name resolution result.
File 'd:/DOPAMS/Toystack/dopams-backend-staging/node_modules/@apollo/server/node_modules/@graphql-tools/utils/package.json' exists according to earlier cached lookups.
======== Module name './prune.js' was successfully resolved to 'd:/DOPAMS/Toystack/dopams-backend-staging/node_modules/@apollo/server/node_modules/@graphql-tools/utils/typings/prune.d.ts' with Package ID '@graphql-tools/utils/typings/prune.d.ts@9.2.1'. ========
======== Resolving module './mergeDeep.js' from 'd:/DOPAMS/Toystack/dopams-backend-staging/node_modules/@apollo/server/node_modules/@graphql-tools/utils/typings/index.d.ts'. ========
Explicitly specified module resolution kind: 'Node10'.
Loading module as file / folder, candidate module location 'd:/DOPAMS/Toystack/dopams-backend-staging/node_modules/@apollo/server/node_modules/@graphql-tools/utils/typings/mergeDeep.js', target file types: TypeScript, Declaration.
File name 'd:/DOPAMS/Toystack/dopams-backend-staging/node_modules/@apollo/server/node_modules/@graphql-tools/utils/typings/mergeDeep.js' has a '.js' extension - stripping it.
File 'd:/DOPAMS/Toystack/dopams-backend-staging/node_modules/@apollo/server/node_modules/@graphql-tools/utils/typings/mergeDeep.ts' does not exist.
File 'd:/DOPAMS/Toystack/dopams-backend-staging/node_modules/@apollo/server/node_modules/@graphql-tools/utils/typings/mergeDeep.tsx' does not exist.
File 'd:/DOPAMS/Toystack/dopams-backend-staging/node_modules/@apollo/server/node_modules/@graphql-tools/utils/typings/mergeDeep.d.ts' exists - use it as a name resolution result.
File 'd:/DOPAMS/Toystack/dopams-backend-staging/node_modules/@apollo/server/node_modules/@graphql-tools/utils/package.json' exists according to earlier cached lookups.
======== Module name './mergeDeep.js' was successfully resolved to 'd:/DOPAMS/Toystack/dopams-backend-staging/node_modules/@apollo/server/node_modules/@graphql-tools/utils/typings/mergeDeep.d.ts' with Package ID '@graphql-tools/utils/typings/mergeDeep.d.ts@9.2.1'. ========
======== Resolving module './Interfaces.js' from 'd:/DOPAMS/Toystack/dopams-backend-staging/node_modules/@apollo/server/node_modules/@graphql-tools/utils/typings/index.d.ts'. ========
Explicitly specified module resolution kind: 'Node10'.
Loading module as file / folder, candidate module location 'd:/DOPAMS/Toystack/dopams-backend-staging/node_modules/@apollo/server/node_modules/@graphql-tools/utils/typings/Interfaces.js', target file types: TypeScript, Declaration.
File name 'd:/DOPAMS/Toystack/dopams-backend-staging/node_modules/@apollo/server/node_modules/@graphql-tools/utils/typings/Interfaces.js' has a '.js' extension - stripping it.
File 'd:/DOPAMS/Toystack/dopams-backend-staging/node_modules/@apollo/server/node_modules/@graphql-tools/utils/typings/Interfaces.ts' does not exist.
File 'd:/DOPAMS/Toystack/dopams-backend-staging/node_modules/@apollo/server/node_modules/@graphql-tools/utils/typings/Interfaces.tsx' does not exist.
File 'd:/DOPAMS/Toystack/dopams-backend-staging/node_modules/@apollo/server/node_modules/@graphql-tools/utils/typings/Interfaces.d.ts' exists - use it as a name resolution result.
File 'd:/DOPAMS/Toystack/dopams-backend-staging/node_modules/@apollo/server/node_modules/@graphql-tools/utils/package.json' exists according to earlier cached lookups.
======== Module name './Interfaces.js' was successfully resolved to 'd:/DOPAMS/Toystack/dopams-backend-staging/node_modules/@apollo/server/node_modules/@graphql-tools/utils/typings/Interfaces.d.ts' with Package ID '@graphql-tools/utils/typings/Interfaces.d.ts@9.2.1'. ========
======== Resolving module './stub.js' from 'd:/DOPAMS/Toystack/dopams-backend-staging/node_modules/@apollo/server/node_modules/@graphql-tools/utils/typings/index.d.ts'. ========
Explicitly specified module resolution kind: 'Node10'.
Loading module as file / folder, candidate module location 'd:/DOPAMS/Toystack/dopams-backend-staging/node_modules/@apollo/server/node_modules/@graphql-tools/utils/typings/stub.js', target file types: TypeScript, Declaration.
File name 'd:/DOPAMS/Toystack/dopams-backend-staging/node_modules/@apollo/server/node_modules/@graphql-tools/utils/typings/stub.js' has a '.js' extension - stripping it.
File 'd:/DOPAMS/Toystack/dopams-backend-staging/node_modules/@apollo/server/node_modules/@graphql-tools/utils/typings/stub.ts' does not exist.
File 'd:/DOPAMS/Toystack/dopams-backend-staging/node_modules/@apollo/server/node_modules/@graphql-tools/utils/typings/stub.tsx' does not exist.
File 'd:/DOPAMS/Toystack/dopams-backend-staging/node_modules/@apollo/server/node_modules/@graphql-tools/utils/typings/stub.d.ts' exists - use it as a name resolution result.
File 'd:/DOPAMS/Toystack/dopams-backend-staging/node_modules/@apollo/server/node_modules/@graphql-tools/utils/package.json' exists according to earlier cached lookups.
======== Module name './stub.js' was successfully resolved to 'd:/DOPAMS/Toystack/dopams-backend-staging/node_modules/@apollo/server/node_modules/@graphql-tools/utils/typings/stub.d.ts' with Package ID '@graphql-tools/utils/typings/stub.d.ts@9.2.1'. ========
======== Resolving module './selectionSets.js' from 'd:/DOPAMS/Toystack/dopams-backend-staging/node_modules/@apollo/server/node_modules/@graphql-tools/utils/typings/index.d.ts'. ========
Explicitly specified module resolution kind: 'Node10'.
Loading module as file / folder, candidate module location 'd:/DOPAMS/Toystack/dopams-backend-staging/node_modules/@apollo/server/node_modules/@graphql-tools/utils/typings/selectionSets.js', target file types: TypeScript, Declaration.
File name 'd:/DOPAMS/Toystack/dopams-backend-staging/node_modules/@apollo/server/node_modules/@graphql-tools/utils/typings/selectionSets.js' has a '.js' extension - stripping it.
File 'd:/DOPAMS/Toystack/dopams-backend-staging/node_modules/@apollo/server/node_modules/@graphql-tools/utils/typings/selectionSets.ts' does not exist.
File 'd:/DOPAMS/Toystack/dopams-backend-staging/node_modules/@apollo/server/node_modules/@graphql-tools/utils/typings/selectionSets.tsx' does not exist.
File 'd:/DOPAMS/Toystack/dopams-backend-staging/node_modules/@apollo/server/node_modules/@graphql-tools/utils/typings/selectionSets.d.ts' exists - use it as a name resolution result.
File 'd:/DOPAMS/Toystack/dopams-backend-staging/node_modules/@apollo/server/node_modules/@graphql-tools/utils/package.json' exists according to earlier cached lookups.
======== Module name './selectionSets.js' was successfully resolved to 'd:/DOPAMS/Toystack/dopams-backend-staging/node_modules/@apollo/server/node_modules/@graphql-tools/utils/typings/selectionSets.d.ts' with Package ID '@graphql-tools/utils/typings/selectionSets.d.ts@9.2.1'. ========
======== Resolving module './getResponseKeyFromInfo.js' from 'd:/DOPAMS/Toystack/dopams-backend-staging/node_modules/@apollo/server/node_modules/@graphql-tools/utils/typings/index.d.ts'. ========
Explicitly specified module resolution kind: 'Node10'.
Loading module as file / folder, candidate module location 'd:/DOPAMS/Toystack/dopams-backend-staging/node_modules/@apollo/server/node_modules/@graphql-tools/utils/typings/getResponseKeyFromInfo.js', target file types: TypeScript, Declaration.
File name 'd:/DOPAMS/Toystack/dopams-backend-staging/node_modules/@apollo/server/node_modules/@graphql-tools/utils/typings/getResponseKeyFromInfo.js' has a '.js' extension - stripping it.
File 'd:/DOPAMS/Toystack/dopams-backend-staging/node_modules/@apollo/server/node_modules/@graphql-tools/utils/typings/getResponseKeyFromInfo.ts' does not exist.
File 'd:/DOPAMS/Toystack/dopams-backend-staging/node_modules/@apollo/server/node_modules/@graphql-tools/utils/typings/getResponseKeyFromInfo.tsx' does not exist.
File 'd:/DOPAMS/Toystack/dopams-backend-staging/node_modules/@apollo/server/node_modules/@graphql-tools/utils/typings/getResponseKeyFromInfo.d.ts' exists - use it as a name resolution result.
File 'd:/DOPAMS/Toystack/dopams-backend-staging/node_modules/@apollo/server/node_modules/@graphql-tools/utils/package.json' exists according to earlier cached lookups.
======== Module name './getResponseKeyFromInfo.js' was successfully resolved to 'd:/DOPAMS/Toystack/dopams-backend-staging/node_modules/@apollo/server/node_modules/@graphql-tools/utils/typings/getResponseKeyFromInfo.d.ts' with Package ID '@graphql-tools/utils/typings/getResponseKeyFromInfo.d.ts@9.2.1'. ========
======== Resolving module './fields.js' from 'd:/DOPAMS/Toystack/dopams-backend-staging/node_modules/@apollo/server/node_modules/@graphql-tools/utils/typings/index.d.ts'. ========
Explicitly specified module resolution kind: 'Node10'.
Loading module as file / folder, candidate module location 'd:/DOPAMS/Toystack/dopams-backend-staging/node_modules/@apollo/server/node_modules/@graphql-tools/utils/typings/fields.js', target file types: TypeScript, Declaration.
File name 'd:/DOPAMS/Toystack/dopams-backend-staging/node_modules/@apollo/server/node_modules/@graphql-tools/utils/typings/fields.js' has a '.js' extension - stripping it.
File 'd:/DOPAMS/Toystack/dopams-backend-staging/node_modules/@apollo/server/node_modules/@graphql-tools/utils/typings/fields.ts' does not exist.
File 'd:/DOPAMS/Toystack/dopams-backend-staging/node_modules/@apollo/server/node_modules/@graphql-tools/utils/typings/fields.tsx' does not exist.
File 'd:/DOPAMS/Toystack/dopams-backend-staging/node_modules/@apollo/server/node_modules/@graphql-tools/utils/typings/fields.d.ts' exists - use it as a name resolution result.
File 'd:/DOPAMS/Toystack/dopams-backend-staging/node_modules/@apollo/server/node_modules/@graphql-tools/utils/package.json' exists according to earlier cached lookups.
======== Module name './fields.js' was successfully resolved to 'd:/DOPAMS/Toystack/dopams-backend-staging/node_modules/@apollo/server/node_modules/@graphql-tools/utils/typings/fields.d.ts' with Package ID '@graphql-tools/utils/typings/fields.d.ts@9.2.1'. ========
======== Resolving module './renameType.js' from 'd:/DOPAMS/Toystack/dopams-backend-staging/node_modules/@apollo/server/node_modules/@graphql-tools/utils/typings/index.d.ts'. ========
Explicitly specified module resolution kind: 'Node10'.
Loading module as file / folder, candidate module location 'd:/DOPAMS/Toystack/dopams-backend-staging/node_modules/@apollo/server/node_modules/@graphql-tools/utils/typings/renameType.js', target file types: TypeScript, Declaration.
File name 'd:/DOPAMS/Toystack/dopams-backend-staging/node_modules/@apollo/server/node_modules/@graphql-tools/utils/typings/renameType.js' has a '.js' extension - stripping it.
File 'd:/DOPAMS/Toystack/dopams-backend-staging/node_modules/@apollo/server/node_modules/@graphql-tools/utils/typings/renameType.ts' does not exist.
File 'd:/DOPAMS/Toystack/dopams-backend-staging/node_modules/@apollo/server/node_modules/@graphql-tools/utils/typings/renameType.tsx' does not exist.
File 'd:/DOPAMS/Toystack/dopams-backend-staging/node_modules/@apollo/server/node_modules/@graphql-tools/utils/typings/renameType.d.ts' exists - use it as a name resolution result.
File 'd:/DOPAMS/Toystack/dopams-backend-staging/node_modules/@apollo/server/node_modules/@graphql-tools/utils/package.json' exists according to earlier cached lookups.
======== Module name './renameType.js' was successfully resolved to 'd:/DOPAMS/Toystack/dopams-backend-staging/node_modules/@apollo/server/node_modules/@graphql-tools/utils/typings/renameType.d.ts' with Package ID '@graphql-tools/utils/typings/renameType.d.ts@9.2.1'. ========
======== Resolving module './transformInputValue.js' from 'd:/DOPAMS/Toystack/dopams-backend-staging/node_modules/@apollo/server/node_modules/@graphql-tools/utils/typings/index.d.ts'. ========
Explicitly specified module resolution kind: 'Node10'.
Loading module as file / folder, candidate module location 'd:/DOPAMS/Toystack/dopams-backend-staging/node_modules/@apollo/server/node_modules/@graphql-tools/utils/typings/transformInputValue.js', target file types: TypeScript, Declaration.
File name 'd:/DOPAMS/Toystack/dopams-backend-staging/node_modules/@apollo/server/node_modules/@graphql-tools/utils/typings/transformInputValue.js' has a '.js' extension - stripping it.
File 'd:/DOPAMS/Toystack/dopams-backend-staging/node_modules/@apollo/server/node_modules/@graphql-tools/utils/typings/transformInputValue.ts' does not exist.
File 'd:/DOPAMS/Toystack/dopams-backend-staging/node_modules/@apollo/server/node_modules/@graphql-tools/utils/typings/transformInputValue.tsx' does not exist.
File 'd:/DOPAMS/Toystack/dopams-backend-staging/node_modules/@apollo/server/node_modules/@graphql-tools/utils/typings/transformInputValue.d.ts' exists - use it as a name resolution result.
File 'd:/DOPAMS/Toystack/dopams-backend-staging/node_modules/@apollo/server/node_modules/@graphql-tools/utils/package.json' exists according to earlier cached lookups.
======== Module name './transformInputValue.js' was successfully resolved to 'd:/DOPAMS/Toystack/dopams-backend-staging/node_modules/@apollo/server/node_modules/@graphql-tools/utils/typings/transformInputValue.d.ts' with Package ID '@graphql-tools/utils/typings/transformInputValue.d.ts@9.2.1'. ========
======== Resolving module './mapAsyncIterator.js' from 'd:/DOPAMS/Toystack/dopams-backend-staging/node_modules/@apollo/server/node_modules/@graphql-tools/utils/typings/index.d.ts'. ========
Explicitly specified module resolution kind: 'Node10'.
Loading module as file / folder, candidate module location 'd:/DOPAMS/Toystack/dopams-backend-staging/node_modules/@apollo/server/node_modules/@graphql-tools/utils/typings/mapAsyncIterator.js', target file types: TypeScript, Declaration.
File name 'd:/DOPAMS/Toystack/dopams-backend-staging/node_modules/@apollo/server/node_modules/@graphql-tools/utils/typings/mapAsyncIterator.js' has a '.js' extension - stripping it.
File 'd:/DOPAMS/Toystack/dopams-backend-staging/node_modules/@apollo/server/node_modules/@graphql-tools/utils/typings/mapAsyncIterator.ts' does not exist.
File 'd:/DOPAMS/Toystack/dopams-backend-staging/node_modules/@apollo/server/node_modules/@graphql-tools/utils/typings/mapAsyncIterator.tsx' does not exist.
File 'd:/DOPAMS/Toystack/dopams-backend-staging/node_modules/@apollo/server/node_modules/@graphql-tools/utils/typings/mapAsyncIterator.d.ts' exists - use it as a name resolution result.
File 'd:/DOPAMS/Toystack/dopams-backend-staging/node_modules/@apollo/server/node_modules/@graphql-tools/utils/package.json' exists according to earlier cached lookups.
======== Module name './mapAsyncIterator.js' was successfully resolved to 'd:/DOPAMS/Toystack/dopams-backend-staging/node_modules/@apollo/server/node_modules/@graphql-tools/utils/typings/mapAsyncIterator.d.ts' with Package ID '@graphql-tools/utils/typings/mapAsyncIterator.d.ts@9.2.1'. ========
======== Resolving module './updateArgument.js' from 'd:/DOPAMS/Toystack/dopams-backend-staging/node_modules/@apollo/server/node_modules/@graphql-tools/utils/typings/index.d.ts'. ========
Explicitly specified module resolution kind: 'Node10'.
Loading module as file / folder, candidate module location 'd:/DOPAMS/Toystack/dopams-backend-staging/node_modules/@apollo/server/node_modules/@graphql-tools/utils/typings/updateArgument.js', target file types: TypeScript, Declaration.
File name 'd:/DOPAMS/Toystack/dopams-backend-staging/node_modules/@apollo/server/node_modules/@graphql-tools/utils/typings/updateArgument.js' has a '.js' extension - stripping it.
File 'd:/DOPAMS/Toystack/dopams-backend-staging/node_modules/@apollo/server/node_modules/@graphql-tools/utils/typings/updateArgument.ts' does not exist.
File 'd:/DOPAMS/Toystack/dopams-backend-staging/node_modules/@apollo/server/node_modules/@graphql-tools/utils/typings/updateArgument.tsx' does not exist.
File 'd:/DOPAMS/Toystack/dopams-backend-staging/node_modules/@apollo/server/node_modules/@graphql-tools/utils/typings/updateArgument.d.ts' exists - use it as a name resolution result.
File 'd:/DOPAMS/Toystack/dopams-backend-staging/node_modules/@apollo/server/node_modules/@graphql-tools/utils/package.json' exists according to earlier cached lookups.
======== Module name './updateArgument.js' was successfully resolved to 'd:/DOPAMS/Toystack/dopams-backend-staging/node_modules/@apollo/server/node_modules/@graphql-tools/utils/typings/updateArgument.d.ts' with Package ID '@graphql-tools/utils/typings/updateArgument.d.ts@9.2.1'. ========
======== Resolving module './implementsAbstractType.js' from 'd:/DOPAMS/Toystack/dopams-backend-staging/node_modules/@apollo/server/node_modules/@graphql-tools/utils/typings/index.d.ts'. ========
Explicitly specified module resolution kind: 'Node10'.
Loading module as file / folder, candidate module location 'd:/DOPAMS/Toystack/dopams-backend-staging/node_modules/@apollo/server/node_modules/@graphql-tools/utils/typings/implementsAbstractType.js', target file types: TypeScript, Declaration.
File name 'd:/DOPAMS/Toystack/dopams-backend-staging/node_modules/@apollo/server/node_modules/@graphql-tools/utils/typings/implementsAbstractType.js' has a '.js' extension - stripping it.
File 'd:/DOPAMS/Toystack/dopams-backend-staging/node_modules/@apollo/server/node_modules/@graphql-tools/utils/typings/implementsAbstractType.ts' does not exist.
File 'd:/DOPAMS/Toystack/dopams-backend-staging/node_modules/@apollo/server/node_modules/@graphql-tools/utils/typings/implementsAbstractType.tsx' does not exist.
File 'd:/DOPAMS/Toystack/dopams-backend-staging/node_modules/@apollo/server/node_modules/@graphql-tools/utils/typings/implementsAbstractType.d.ts' exists - use it as a name resolution result.
File 'd:/DOPAMS/Toystack/dopams-backend-staging/node_modules/@apollo/server/node_modules/@graphql-tools/utils/package.json' exists according to earlier cached lookups.
======== Module name './implementsAbstractType.js' was successfully resolved to 'd:/DOPAMS/Toystack/dopams-backend-staging/node_modules/@apollo/server/node_modules/@graphql-tools/utils/typings/implementsAbstractType.d.ts' with Package ID '@graphql-tools/utils/typings/implementsAbstractType.d.ts@9.2.1'. ========
======== Resolving module './errors.js' from 'd:/DOPAMS/Toystack/dopams-backend-staging/node_modules/@apollo/server/node_modules/@graphql-tools/utils/typings/index.d.ts'. ========
Explicitly specified module resolution kind: 'Node10'.
Loading module as file / folder, candidate module location 'd:/DOPAMS/Toystack/dopams-backend-staging/node_modules/@apollo/server/node_modules/@graphql-tools/utils/typings/errors.js', target file types: TypeScript, Declaration.
File name 'd:/DOPAMS/Toystack/dopams-backend-staging/node_modules/@apollo/server/node_modules/@graphql-tools/utils/typings/errors.js' has a '.js' extension - stripping it.
File 'd:/DOPAMS/Toystack/dopams-backend-staging/node_modules/@apollo/server/node_modules/@graphql-tools/utils/typings/errors.ts' does not exist.
File 'd:/DOPAMS/Toystack/dopams-backend-staging/node_modules/@apollo/server/node_modules/@graphql-tools/utils/typings/errors.tsx' does not exist.
File 'd:/DOPAMS/Toystack/dopams-backend-staging/node_modules/@apollo/server/node_modules/@graphql-tools/utils/typings/errors.d.ts' exists - use it as a name resolution result.
File 'd:/DOPAMS/Toystack/dopams-backend-staging/node_modules/@apollo/server/node_modules/@graphql-tools/utils/package.json' exists according to earlier cached lookups.
======== Module name './errors.js' was successfully resolved to 'd:/DOPAMS/Toystack/dopams-backend-staging/node_modules/@apollo/server/node_modules/@graphql-tools/utils/typings/errors.d.ts' with Package ID '@graphql-tools/utils/typings/errors.d.ts@9.2.1'. ========
======== Resolving module './observableToAsyncIterable.js' from 'd:/DOPAMS/Toystack/dopams-backend-staging/node_modules/@apollo/server/node_modules/@graphql-tools/utils/typings/index.d.ts'. ========
Explicitly specified module resolution kind: 'Node10'.
Loading module as file / folder, candidate module location 'd:/DOPAMS/Toystack/dopams-backend-staging/node_modules/@apollo/server/node_modules/@graphql-tools/utils/typings/observableToAsyncIterable.js', target file types: TypeScript, Declaration.
File name 'd:/DOPAMS/Toystack/dopams-backend-staging/node_modules/@apollo/server/node_modules/@graphql-tools/utils/typings/observableToAsyncIterable.js' has a '.js' extension - stripping it.
File 'd:/DOPAMS/Toystack/dopams-backend-staging/node_modules/@apollo/server/node_modules/@graphql-tools/utils/typings/observableToAsyncIterable.ts' does not exist.
File 'd:/DOPAMS/Toystack/dopams-backend-staging/node_modules/@apollo/server/node_modules/@graphql-tools/utils/typings/observableToAsyncIterable.tsx' does not exist.
File 'd:/DOPAMS/Toystack/dopams-backend-staging/node_modules/@apollo/server/node_modules/@graphql-tools/utils/typings/observableToAsyncIterable.d.ts' exists - use it as a name resolution result.
File 'd:/DOPAMS/Toystack/dopams-backend-staging/node_modules/@apollo/server/node_modules/@graphql-tools/utils/package.json' exists according to earlier cached lookups.
======== Module name './observableToAsyncIterable.js' was successfully resolved to 'd:/DOPAMS/Toystack/dopams-backend-staging/node_modules/@apollo/server/node_modules/@graphql-tools/utils/typings/observableToAsyncIterable.d.ts' with Package ID '@graphql-tools/utils/typings/observableToAsyncIterable.d.ts@9.2.1'. ========
======== Resolving module './visitResult.js' from 'd:/DOPAMS/Toystack/dopams-backend-staging/node_modules/@apollo/server/node_modules/@graphql-tools/utils/typings/index.d.ts'. ========
Explicitly specified module resolution kind: 'Node10'.
Loading module as file / folder, candidate module location 'd:/DOPAMS/Toystack/dopams-backend-staging/node_modules/@apollo/server/node_modules/@graphql-tools/utils/typings/visitResult.js', target file types: TypeScript, Declaration.
File name 'd:/DOPAMS/Toystack/dopams-backend-staging/node_modules/@apollo/server/node_modules/@graphql-tools/utils/typings/visitResult.js' has a '.js' extension - stripping it.
File 'd:/DOPAMS/Toystack/dopams-backend-staging/node_modules/@apollo/server/node_modules/@graphql-tools/utils/typings/visitResult.ts' does not exist.
File 'd:/DOPAMS/Toystack/dopams-backend-staging/node_modules/@apollo/server/node_modules/@graphql-tools/utils/typings/visitResult.tsx' does not exist.
File 'd:/DOPAMS/Toystack/dopams-backend-staging/node_modules/@apollo/server/node_modules/@graphql-tools/utils/typings/visitResult.d.ts' exists - use it as a name resolution result.
File 'd:/DOPAMS/Toystack/dopams-backend-staging/node_modules/@apollo/server/node_modules/@graphql-tools/utils/package.json' exists according to earlier cached lookups.
======== Module name './visitResult.js' was successfully resolved to 'd:/DOPAMS/Toystack/dopams-backend-staging/node_modules/@apollo/server/node_modules/@graphql-tools/utils/typings/visitResult.d.ts' with Package ID '@graphql-tools/utils/typings/visitResult.d.ts@9.2.1'. ========
======== Resolving module './getArgumentValues.js' from 'd:/DOPAMS/Toystack/dopams-backend-staging/node_modules/@apollo/server/node_modules/@graphql-tools/utils/typings/index.d.ts'. ========
Explicitly specified module resolution kind: 'Node10'.
Loading module as file / folder, candidate module location 'd:/DOPAMS/Toystack/dopams-backend-staging/node_modules/@apollo/server/node_modules/@graphql-tools/utils/typings/getArgumentValues.js', target file types: TypeScript, Declaration.
File name 'd:/DOPAMS/Toystack/dopams-backend-staging/node_modules/@apollo/server/node_modules/@graphql-tools/utils/typings/getArgumentValues.js' has a '.js' extension - stripping it.
File 'd:/DOPAMS/Toystack/dopams-backend-staging/node_modules/@apollo/server/node_modules/@graphql-tools/utils/typings/getArgumentValues.ts' does not exist.
File 'd:/DOPAMS/Toystack/dopams-backend-staging/node_modules/@apollo/server/node_modules/@graphql-tools/utils/typings/getArgumentValues.tsx' does not exist.
File 'd:/DOPAMS/Toystack/dopams-backend-staging/node_modules/@apollo/server/node_modules/@graphql-tools/utils/typings/getArgumentValues.d.ts' exists - use it as a name resolution result.
File 'd:/DOPAMS/Toystack/dopams-backend-staging/node_modules/@apollo/server/node_modules/@graphql-tools/utils/package.json' exists according to earlier cached lookups.
======== Module name './getArgumentValues.js' was successfully resolved to 'd:/DOPAMS/Toystack/dopams-backend-staging/node_modules/@apollo/server/node_modules/@graphql-tools/utils/typings/getArgumentValues.d.ts' with Package ID '@graphql-tools/utils/typings/getArgumentValues.d.ts@9.2.1'. ========
======== Resolving module './valueMatchesCriteria.js' from 'd:/DOPAMS/Toystack/dopams-backend-staging/node_modules/@apollo/server/node_modules/@graphql-tools/utils/typings/index.d.ts'. ========
Explicitly specified module resolution kind: 'Node10'.
Loading module as file / folder, candidate module location 'd:/DOPAMS/Toystack/dopams-backend-staging/node_modules/@apollo/server/node_modules/@graphql-tools/utils/typings/valueMatchesCriteria.js', target file types: TypeScript, Declaration.
File name 'd:/DOPAMS/Toystack/dopams-backend-staging/node_modules/@apollo/server/node_modules/@graphql-tools/utils/typings/valueMatchesCriteria.js' has a '.js' extension - stripping it.
File 'd:/DOPAMS/Toystack/dopams-backend-staging/node_modules/@apollo/server/node_modules/@graphql-tools/utils/typings/valueMatchesCriteria.ts' does not exist.
File 'd:/DOPAMS/Toystack/dopams-backend-staging/node_modules/@apollo/server/node_modules/@graphql-tools/utils/typings/valueMatchesCriteria.tsx' does not exist.
File 'd:/DOPAMS/Toystack/dopams-backend-staging/node_modules/@apollo/server/node_modules/@graphql-tools/utils/typings/valueMatchesCriteria.d.ts' exists - use it as a name resolution result.
File 'd:/DOPAMS/Toystack/dopams-backend-staging/node_modules/@apollo/server/node_modules/@graphql-tools/utils/package.json' exists according to earlier cached lookups.
======== Module name './valueMatchesCriteria.js' was successfully resolved to 'd:/DOPAMS/Toystack/dopams-backend-staging/node_modules/@apollo/server/node_modules/@graphql-tools/utils/typings/valueMatchesCriteria.d.ts' with Package ID '@graphql-tools/utils/typings/valueMatchesCriteria.d.ts@9.2.1'. ========
======== Resolving module './isAsyncIterable.js' from 'd:/DOPAMS/Toystack/dopams-backend-staging/node_modules/@apollo/server/node_modules/@graphql-tools/utils/typings/index.d.ts'. ========
Explicitly specified module resolution kind: 'Node10'.
Loading module as file / folder, candidate module location 'd:/DOPAMS/Toystack/dopams-backend-staging/node_modules/@apollo/server/node_modules/@graphql-tools/utils/typings/isAsyncIterable.js', target file types: TypeScript, Declaration.
File name 'd:/DOPAMS/Toystack/dopams-backend-staging/node_modules/@apollo/server/node_modules/@graphql-tools/utils/typings/isAsyncIterable.js' has a '.js' extension - stripping it.
File 'd:/DOPAMS/Toystack/dopams-backend-staging/node_modules/@apollo/server/node_modules/@graphql-tools/utils/typings/isAsyncIterable.ts' does not exist.
File 'd:/DOPAMS/Toystack/dopams-backend-staging/node_modules/@apollo/server/node_modules/@graphql-tools/utils/typings/isAsyncIterable.tsx' does not exist.
File 'd:/DOPAMS/Toystack/dopams-backend-staging/node_modules/@apollo/server/node_modules/@graphql-tools/utils/typings/isAsyncIterable.d.ts' exists - use it as a name resolution result.
File 'd:/DOPAMS/Toystack/dopams-backend-staging/node_modules/@apollo/server/node_modules/@graphql-tools/utils/package.json' exists according to earlier cached lookups.
======== Module name './isAsyncIterable.js' was successfully resolved to 'd:/DOPAMS/Toystack/dopams-backend-staging/node_modules/@apollo/server/node_modules/@graphql-tools/utils/typings/isAsyncIterable.d.ts' with Package ID '@graphql-tools/utils/typings/isAsyncIterable.d.ts@9.2.1'. ========
======== Resolving module './isDocumentNode.js' from 'd:/DOPAMS/Toystack/dopams-backend-staging/node_modules/@apollo/server/node_modules/@graphql-tools/utils/typings/index.d.ts'. ========
Explicitly specified module resolution kind: 'Node10'.
Loading module as file / folder, candidate module location 'd:/DOPAMS/Toystack/dopams-backend-staging/node_modules/@apollo/server/node_modules/@graphql-tools/utils/typings/isDocumentNode.js', target file types: TypeScript, Declaration.
File name 'd:/DOPAMS/Toystack/dopams-backend-staging/node_modules/@apollo/server/node_modules/@graphql-tools/utils/typings/isDocumentNode.js' has a '.js' extension - stripping it.
File 'd:/DOPAMS/Toystack/dopams-backend-staging/node_modules/@apollo/server/node_modules/@graphql-tools/utils/typings/isDocumentNode.ts' does not exist.
File 'd:/DOPAMS/Toystack/dopams-backend-staging/node_modules/@apollo/server/node_modules/@graphql-tools/utils/typings/isDocumentNode.tsx' does not exist.
File 'd:/DOPAMS/Toystack/dopams-backend-staging/node_modules/@apollo/server/node_modules/@graphql-tools/utils/typings/isDocumentNode.d.ts' exists - use it as a name resolution result.
File 'd:/DOPAMS/Toystack/dopams-backend-staging/node_modules/@apollo/server/node_modules/@graphql-tools/utils/package.json' exists according to earlier cached lookups.
======== Module name './isDocumentNode.js' was successfully resolved to 'd:/DOPAMS/Toystack/dopams-backend-staging/node_modules/@apollo/server/node_modules/@graphql-tools/utils/typings/isDocumentNode.d.ts' with Package ID '@graphql-tools/utils/typings/isDocumentNode.d.ts@9.2.1'. ========
======== Resolving module './astFromValueUntyped.js' from 'd:/DOPAMS/Toystack/dopams-backend-staging/node_modules/@apollo/server/node_modules/@graphql-tools/utils/typings/index.d.ts'. ========
Explicitly specified module resolution kind: 'Node10'.
Loading module as file / folder, candidate module location 'd:/DOPAMS/Toystack/dopams-backend-staging/node_modules/@apollo/server/node_modules/@graphql-tools/utils/typings/astFromValueUntyped.js', target file types: TypeScript, Declaration.
File name 'd:/DOPAMS/Toystack/dopams-backend-staging/node_modules/@apollo/server/node_modules/@graphql-tools/utils/typings/astFromValueUntyped.js' has a '.js' extension - stripping it.
File 'd:/DOPAMS/Toystack/dopams-backend-staging/node_modules/@apollo/server/node_modules/@graphql-tools/utils/typings/astFromValueUntyped.ts' does not exist.
File 'd:/DOPAMS/Toystack/dopams-backend-staging/node_modules/@apollo/server/node_modules/@graphql-tools/utils/typings/astFromValueUntyped.tsx' does not exist.
File 'd:/DOPAMS/Toystack/dopams-backend-staging/node_modules/@apollo/server/node_modules/@graphql-tools/utils/typings/astFromValueUntyped.d.ts' exists - use it as a name resolution result.
File 'd:/DOPAMS/Toystack/dopams-backend-staging/node_modules/@apollo/server/node_modules/@graphql-tools/utils/package.json' exists according to earlier cached lookups.
======== Module name './astFromValueUntyped.js' was successfully resolved to 'd:/DOPAMS/Toystack/dopams-backend-staging/node_modules/@apollo/server/node_modules/@graphql-tools/utils/typings/astFromValueUntyped.d.ts' with Package ID '@graphql-tools/utils/typings/astFromValueUntyped.d.ts@9.2.1'. ========
======== Resolving module './executor.js' from 'd:/DOPAMS/Toystack/dopams-backend-staging/node_modules/@apollo/server/node_modules/@graphql-tools/utils/typings/index.d.ts'. ========
Explicitly specified module resolution kind: 'Node10'.
Loading module as file / folder, candidate module location 'd:/DOPAMS/Toystack/dopams-backend-staging/node_modules/@apollo/server/node_modules/@graphql-tools/utils/typings/executor.js', target file types: TypeScript, Declaration.
File name 'd:/DOPAMS/Toystack/dopams-backend-staging/node_modules/@apollo/server/node_modules/@graphql-tools/utils/typings/executor.js' has a '.js' extension - stripping it.
File 'd:/DOPAMS/Toystack/dopams-backend-staging/node_modules/@apollo/server/node_modules/@graphql-tools/utils/typings/executor.ts' does not exist.
File 'd:/DOPAMS/Toystack/dopams-backend-staging/node_modules/@apollo/server/node_modules/@graphql-tools/utils/typings/executor.tsx' does not exist.
File 'd:/DOPAMS/Toystack/dopams-backend-staging/node_modules/@apollo/server/node_modules/@graphql-tools/utils/typings/executor.d.ts' exists - use it as a name resolution result.
File 'd:/DOPAMS/Toystack/dopams-backend-staging/node_modules/@apollo/server/node_modules/@graphql-tools/utils/package.json' exists according to earlier cached lookups.
======== Module name './executor.js' was successfully resolved to 'd:/DOPAMS/Toystack/dopams-backend-staging/node_modules/@apollo/server/node_modules/@graphql-tools/utils/typings/executor.d.ts' with Package ID '@graphql-tools/utils/typings/executor.d.ts@9.2.1'. ========
======== Resolving module './withCancel.js' from 'd:/DOPAMS/Toystack/dopams-backend-staging/node_modules/@apollo/server/node_modules/@graphql-tools/utils/typings/index.d.ts'. ========
Explicitly specified module resolution kind: 'Node10'.
Loading module as file / folder, candidate module location 'd:/DOPAMS/Toystack/dopams-backend-staging/node_modules/@apollo/server/node_modules/@graphql-tools/utils/typings/withCancel.js', target file types: TypeScript, Declaration.
File name 'd:/DOPAMS/Toystack/dopams-backend-staging/node_modules/@apollo/server/node_modules/@graphql-tools/utils/typings/withCancel.js' has a '.js' extension - stripping it.
File 'd:/DOPAMS/Toystack/dopams-backend-staging/node_modules/@apollo/server/node_modules/@graphql-tools/utils/typings/withCancel.ts' does not exist.
File 'd:/DOPAMS/Toystack/dopams-backend-staging/node_modules/@apollo/server/node_modules/@graphql-tools/utils/typings/withCancel.tsx' does not exist.
File 'd:/DOPAMS/Toystack/dopams-backend-staging/node_modules/@apollo/server/node_modules/@graphql-tools/utils/typings/withCancel.d.ts' exists - use it as a name resolution result.
File 'd:/DOPAMS/Toystack/dopams-backend-staging/node_modules/@apollo/server/node_modules/@graphql-tools/utils/package.json' exists according to earlier cached lookups.
======== Module name './withCancel.js' was successfully resolved to 'd:/DOPAMS/Toystack/dopams-backend-staging/node_modules/@apollo/server/node_modules/@graphql-tools/utils/typings/withCancel.d.ts' with Package ID '@graphql-tools/utils/typings/withCancel.d.ts@9.2.1'. ========
======== Resolving module './AggregateError.js' from 'd:/DOPAMS/Toystack/dopams-backend-staging/node_modules/@apollo/server/node_modules/@graphql-tools/utils/typings/index.d.ts'. ========
Explicitly specified module resolution kind: 'Node10'.
Loading module as file / folder, candidate module location 'd:/DOPAMS/Toystack/dopams-backend-staging/node_modules/@apollo/server/node_modules/@graphql-tools/utils/typings/AggregateError.js', target file types: TypeScript, Declaration.
File name 'd:/DOPAMS/Toystack/dopams-backend-staging/node_modules/@apollo/server/node_modules/@graphql-tools/utils/typings/AggregateError.js' has a '.js' extension - stripping it.
File 'd:/DOPAMS/Toystack/dopams-backend-staging/node_modules/@apollo/server/node_modules/@graphql-tools/utils/typings/AggregateError.ts' does not exist.
File 'd:/DOPAMS/Toystack/dopams-backend-staging/node_modules/@apollo/server/node_modules/@graphql-tools/utils/typings/AggregateError.tsx' does not exist.
File 'd:/DOPAMS/Toystack/dopams-backend-staging/node_modules/@apollo/server/node_modules/@graphql-tools/utils/typings/AggregateError.d.ts' exists - use it as a name resolution result.
File 'd:/DOPAMS/Toystack/dopams-backend-staging/node_modules/@apollo/server/node_modules/@graphql-tools/utils/package.json' exists according to earlier cached lookups.
======== Module name './AggregateError.js' was successfully resolved to 'd:/DOPAMS/Toystack/dopams-backend-staging/node_modules/@apollo/server/node_modules/@graphql-tools/utils/typings/AggregateError.d.ts' with Package ID '@graphql-tools/utils/typings/AggregateError.d.ts@9.2.1'. ========
======== Resolving module './rootTypes.js' from 'd:/DOPAMS/Toystack/dopams-backend-staging/node_modules/@apollo/server/node_modules/@graphql-tools/utils/typings/index.d.ts'. ========
Explicitly specified module resolution kind: 'Node10'.
Loading module as file / folder, candidate module location 'd:/DOPAMS/Toystack/dopams-backend-staging/node_modules/@apollo/server/node_modules/@graphql-tools/utils/typings/rootTypes.js', target file types: TypeScript, Declaration.
File name 'd:/DOPAMS/Toystack/dopams-backend-staging/node_modules/@apollo/server/node_modules/@graphql-tools/utils/typings/rootTypes.js' has a '.js' extension - stripping it.
File 'd:/DOPAMS/Toystack/dopams-backend-staging/node_modules/@apollo/server/node_modules/@graphql-tools/utils/typings/rootTypes.ts' does not exist.
File 'd:/DOPAMS/Toystack/dopams-backend-staging/node_modules/@apollo/server/node_modules/@graphql-tools/utils/typings/rootTypes.tsx' does not exist.
File 'd:/DOPAMS/Toystack/dopams-backend-staging/node_modules/@apollo/server/node_modules/@graphql-tools/utils/typings/rootTypes.d.ts' exists - use it as a name resolution result.
File 'd:/DOPAMS/Toystack/dopams-backend-staging/node_modules/@apollo/server/node_modules/@graphql-tools/utils/package.json' exists according to earlier cached lookups.
======== Module name './rootTypes.js' was successfully resolved to 'd:/DOPAMS/Toystack/dopams-backend-staging/node_modules/@apollo/server/node_modules/@graphql-tools/utils/typings/rootTypes.d.ts' with Package ID '@graphql-tools/utils/typings/rootTypes.d.ts@9.2.1'. ========
======== Resolving module './comments.js' from 'd:/DOPAMS/Toystack/dopams-backend-staging/node_modules/@apollo/server/node_modules/@graphql-tools/utils/typings/index.d.ts'. ========
Explicitly specified module resolution kind: 'Node10'.
Loading module as file / folder, candidate module location 'd:/DOPAMS/Toystack/dopams-backend-staging/node_modules/@apollo/server/node_modules/@graphql-tools/utils/typings/comments.js', target file types: TypeScript, Declaration.
File name 'd:/DOPAMS/Toystack/dopams-backend-staging/node_modules/@apollo/server/node_modules/@graphql-tools/utils/typings/comments.js' has a '.js' extension - stripping it.
File 'd:/DOPAMS/Toystack/dopams-backend-staging/node_modules/@apollo/server/node_modules/@graphql-tools/utils/typings/comments.ts' does not exist.
File 'd:/DOPAMS/Toystack/dopams-backend-staging/node_modules/@apollo/server/node_modules/@graphql-tools/utils/typings/comments.tsx' does not exist.
File 'd:/DOPAMS/Toystack/dopams-backend-staging/node_modules/@apollo/server/node_modules/@graphql-tools/utils/typings/comments.d.ts' exists - use it as a name resolution result.
File 'd:/DOPAMS/Toystack/dopams-backend-staging/node_modules/@apollo/server/node_modules/@graphql-tools/utils/package.json' exists according to earlier cached lookups.
======== Module name './comments.js' was successfully resolved to 'd:/DOPAMS/Toystack/dopams-backend-staging/node_modules/@apollo/server/node_modules/@graphql-tools/utils/typings/comments.d.ts' with Package ID '@graphql-tools/utils/typings/comments.d.ts@9.2.1'. ========
======== Resolving module './collectFields.js' from 'd:/DOPAMS/Toystack/dopams-backend-staging/node_modules/@apollo/server/node_modules/@graphql-tools/utils/typings/index.d.ts'. ========
Explicitly specified module resolution kind: 'Node10'.
Loading module as file / folder, candidate module location 'd:/DOPAMS/Toystack/dopams-backend-staging/node_modules/@apollo/server/node_modules/@graphql-tools/utils/typings/collectFields.js', target file types: TypeScript, Declaration.
File name 'd:/DOPAMS/Toystack/dopams-backend-staging/node_modules/@apollo/server/node_modules/@graphql-tools/utils/typings/collectFields.js' has a '.js' extension - stripping it.
File 'd:/DOPAMS/Toystack/dopams-backend-staging/node_modules/@apollo/server/node_modules/@graphql-tools/utils/typings/collectFields.ts' does not exist.
File 'd:/DOPAMS/Toystack/dopams-backend-staging/node_modules/@apollo/server/node_modules/@graphql-tools/utils/typings/collectFields.tsx' does not exist.
File 'd:/DOPAMS/Toystack/dopams-backend-staging/node_modules/@apollo/server/node_modules/@graphql-tools/utils/typings/collectFields.d.ts' exists - use it as a name resolution result.
File 'd:/DOPAMS/Toystack/dopams-backend-staging/node_modules/@apollo/server/node_modules/@graphql-tools/utils/package.json' exists according to earlier cached lookups.
======== Module name './collectFields.js' was successfully resolved to 'd:/DOPAMS/Toystack/dopams-backend-staging/node_modules/@apollo/server/node_modules/@graphql-tools/utils/typings/collectFields.d.ts' with Package ID '@graphql-tools/utils/typings/collectFields.d.ts@9.2.1'. ========
======== Resolving module './inspect.js' from 'd:/DOPAMS/Toystack/dopams-backend-staging/node_modules/@apollo/server/node_modules/@graphql-tools/utils/typings/index.d.ts'. ========
Explicitly specified module resolution kind: 'Node10'.
Loading module as file / folder, candidate module location 'd:/DOPAMS/Toystack/dopams-backend-staging/node_modules/@apollo/server/node_modules/@graphql-tools/utils/typings/inspect.js', target file types: TypeScript, Declaration.
File name 'd:/DOPAMS/Toystack/dopams-backend-staging/node_modules/@apollo/server/node_modules/@graphql-tools/utils/typings/inspect.js' has a '.js' extension - stripping it.
File 'd:/DOPAMS/Toystack/dopams-backend-staging/node_modules/@apollo/server/node_modules/@graphql-tools/utils/typings/inspect.ts' does not exist.
File 'd:/DOPAMS/Toystack/dopams-backend-staging/node_modules/@apollo/server/node_modules/@graphql-tools/utils/typings/inspect.tsx' does not exist.
File 'd:/DOPAMS/Toystack/dopams-backend-staging/node_modules/@apollo/server/node_modules/@graphql-tools/utils/typings/inspect.d.ts' exists - use it as a name resolution result.
File 'd:/DOPAMS/Toystack/dopams-backend-staging/node_modules/@apollo/server/node_modules/@graphql-tools/utils/package.json' exists according to earlier cached lookups.
======== Module name './inspect.js' was successfully resolved to 'd:/DOPAMS/Toystack/dopams-backend-staging/node_modules/@apollo/server/node_modules/@graphql-tools/utils/typings/inspect.d.ts' with Package ID '@graphql-tools/utils/typings/inspect.d.ts@9.2.1'. ========
======== Resolving module './memoize.js' from 'd:/DOPAMS/Toystack/dopams-backend-staging/node_modules/@apollo/server/node_modules/@graphql-tools/utils/typings/index.d.ts'. ========
Explicitly specified module resolution kind: 'Node10'.
Loading module as file / folder, candidate module location 'd:/DOPAMS/Toystack/dopams-backend-staging/node_modules/@apollo/server/node_modules/@graphql-tools/utils/typings/memoize.js', target file types: TypeScript, Declaration.
File name 'd:/DOPAMS/Toystack/dopams-backend-staging/node_modules/@apollo/server/node_modules/@graphql-tools/utils/typings/memoize.js' has a '.js' extension - stripping it.
File 'd:/DOPAMS/Toystack/dopams-backend-staging/node_modules/@apollo/server/node_modules/@graphql-tools/utils/typings/memoize.ts' does not exist.
File 'd:/DOPAMS/Toystack/dopams-backend-staging/node_modules/@apollo/server/node_modules/@graphql-tools/utils/typings/memoize.tsx' does not exist.
File 'd:/DOPAMS/Toystack/dopams-backend-staging/node_modules/@apollo/server/node_modules/@graphql-tools/utils/typings/memoize.d.ts' exists - use it as a name resolution result.
File 'd:/DOPAMS/Toystack/dopams-backend-staging/node_modules/@apollo/server/node_modules/@graphql-tools/utils/package.json' exists according to earlier cached lookups.
======== Module name './memoize.js' was successfully resolved to 'd:/DOPAMS/Toystack/dopams-backend-staging/node_modules/@apollo/server/node_modules/@graphql-tools/utils/typings/memoize.d.ts' with Package ID '@graphql-tools/utils/typings/memoize.d.ts@9.2.1'. ========
======== Resolving module './fixSchemaAst.js' from 'd:/DOPAMS/Toystack/dopams-backend-staging/node_modules/@apollo/server/node_modules/@graphql-tools/utils/typings/index.d.ts'. ========
Explicitly specified module resolution kind: 'Node10'.
Loading module as file / folder, candidate module location 'd:/DOPAMS/Toystack/dopams-backend-staging/node_modules/@apollo/server/node_modules/@graphql-tools/utils/typings/fixSchemaAst.js', target file types: TypeScript, Declaration.
File name 'd:/DOPAMS/Toystack/dopams-backend-staging/node_modules/@apollo/server/node_modules/@graphql-tools/utils/typings/fixSchemaAst.js' has a '.js' extension - stripping it.
File 'd:/DOPAMS/Toystack/dopams-backend-staging/node_modules/@apollo/server/node_modules/@graphql-tools/utils/typings/fixSchemaAst.ts' does not exist.
File 'd:/DOPAMS/Toystack/dopams-backend-staging/node_modules/@apollo/server/node_modules/@graphql-tools/utils/typings/fixSchemaAst.tsx' does not exist.
File 'd:/DOPAMS/Toystack/dopams-backend-staging/node_modules/@apollo/server/node_modules/@graphql-tools/utils/typings/fixSchemaAst.d.ts' exists - use it as a name resolution result.
File 'd:/DOPAMS/Toystack/dopams-backend-staging/node_modules/@apollo/server/node_modules/@graphql-tools/utils/package.json' exists according to earlier cached lookups.
======== Module name './fixSchemaAst.js' was successfully resolved to 'd:/DOPAMS/Toystack/dopams-backend-staging/node_modules/@apollo/server/node_modules/@graphql-tools/utils/typings/fixSchemaAst.d.ts' with Package ID '@graphql-tools/utils/typings/fixSchemaAst.d.ts@9.2.1'. ========
======== Resolving module './getOperationASTFromRequest.js' from 'd:/DOPAMS/Toystack/dopams-backend-staging/node_modules/@apollo/server/node_modules/@graphql-tools/utils/typings/index.d.ts'. ========
Explicitly specified module resolution kind: 'Node10'.
Loading module as file / folder, candidate module location 'd:/DOPAMS/Toystack/dopams-backend-staging/node_modules/@apollo/server/node_modules/@graphql-tools/utils/typings/getOperationASTFromRequest.js', target file types: TypeScript, Declaration.
File name 'd:/DOPAMS/Toystack/dopams-backend-staging/node_modules/@apollo/server/node_modules/@graphql-tools/utils/typings/getOperationASTFromRequest.js' has a '.js' extension - stripping it.
File 'd:/DOPAMS/Toystack/dopams-backend-staging/node_modules/@apollo/server/node_modules/@graphql-tools/utils/typings/getOperationASTFromRequest.ts' does not exist.
File 'd:/DOPAMS/Toystack/dopams-backend-staging/node_modules/@apollo/server/node_modules/@graphql-tools/utils/typings/getOperationASTFromRequest.tsx' does not exist.
File 'd:/DOPAMS/Toystack/dopams-backend-staging/node_modules/@apollo/server/node_modules/@graphql-tools/utils/typings/getOperationASTFromRequest.d.ts' exists - use it as a name resolution result.
File 'd:/DOPAMS/Toystack/dopams-backend-staging/node_modules/@apollo/server/node_modules/@graphql-tools/utils/package.json' exists according to earlier cached lookups.
======== Module name './getOperationASTFromRequest.js' was successfully resolved to 'd:/DOPAMS/Toystack/dopams-backend-staging/node_modules/@apollo/server/node_modules/@graphql-tools/utils/typings/getOperationASTFromRequest.d.ts' with Package ID '@graphql-tools/utils/typings/getOperationASTFromRequest.d.ts@9.2.1'. ========
======== Resolving module './extractExtensionsFromSchema.js' from 'd:/DOPAMS/Toystack/dopams-backend-staging/node_modules/@apollo/server/node_modules/@graphql-tools/utils/typings/index.d.ts'. ========
Explicitly specified module resolution kind: 'Node10'.
Loading module as file / folder, candidate module location 'd:/DOPAMS/Toystack/dopams-backend-staging/node_modules/@apollo/server/node_modules/@graphql-tools/utils/typings/extractExtensionsFromSchema.js', target file types: TypeScript, Declaration.
File name 'd:/DOPAMS/Toystack/dopams-backend-staging/node_modules/@apollo/server/node_modules/@graphql-tools/utils/typings/extractExtensionsFromSchema.js' has a '.js' extension - stripping it.
File 'd:/DOPAMS/Toystack/dopams-backend-staging/node_modules/@apollo/server/node_modules/@graphql-tools/utils/typings/extractExtensionsFromSchema.ts' does not exist.
File 'd:/DOPAMS/Toystack/dopams-backend-staging/node_modules/@apollo/server/node_modules/@graphql-tools/utils/typings/extractExtensionsFromSchema.tsx' does not exist.
File 'd:/DOPAMS/Toystack/dopams-backend-staging/node_modules/@apollo/server/node_modules/@graphql-tools/utils/typings/extractExtensionsFromSchema.d.ts' exists - use it as a name resolution result.
File 'd:/DOPAMS/Toystack/dopams-backend-staging/node_modules/@apollo/server/node_modules/@graphql-tools/utils/package.json' exists according to earlier cached lookups.
======== Module name './extractExtensionsFromSchema.js' was successfully resolved to 'd:/DOPAMS/Toystack/dopams-backend-staging/node_modules/@apollo/server/node_modules/@graphql-tools/utils/typings/extractExtensionsFromSchema.d.ts' with Package ID '@graphql-tools/utils/typings/extractExtensionsFromSchema.d.ts@9.2.1'. ========
======== Resolving module './Path.js' from 'd:/DOPAMS/Toystack/dopams-backend-staging/node_modules/@apollo/server/node_modules/@graphql-tools/utils/typings/index.d.ts'. ========
Explicitly specified module resolution kind: 'Node10'.
Loading module as file / folder, candidate module location 'd:/DOPAMS/Toystack/dopams-backend-staging/node_modules/@apollo/server/node_modules/@graphql-tools/utils/typings/Path.js', target file types: TypeScript, Declaration.
File name 'd:/DOPAMS/Toystack/dopams-backend-staging/node_modules/@apollo/server/node_modules/@graphql-tools/utils/typings/Path.js' has a '.js' extension - stripping it.
File 'd:/DOPAMS/Toystack/dopams-backend-staging/node_modules/@apollo/server/node_modules/@graphql-tools/utils/typings/Path.ts' does not exist.
File 'd:/DOPAMS/Toystack/dopams-backend-staging/node_modules/@apollo/server/node_modules/@graphql-tools/utils/typings/Path.tsx' does not exist.
File 'd:/DOPAMS/Toystack/dopams-backend-staging/node_modules/@apollo/server/node_modules/@graphql-tools/utils/typings/Path.d.ts' exists - use it as a name resolution result.
File 'd:/DOPAMS/Toystack/dopams-backend-staging/node_modules/@apollo/server/node_modules/@graphql-tools/utils/package.json' exists according to earlier cached lookups.
======== Module name './Path.js' was successfully resolved to 'd:/DOPAMS/Toystack/dopams-backend-staging/node_modules/@apollo/server/node_modules/@graphql-tools/utils/typings/Path.d.ts' with Package ID '@graphql-tools/utils/typings/Path.d.ts@9.2.1'. ========
======== Resolving module './jsutils.js' from 'd:/DOPAMS/Toystack/dopams-backend-staging/node_modules/@apollo/server/node_modules/@graphql-tools/utils/typings/index.d.ts'. ========
Explicitly specified module resolution kind: 'Node10'.
Loading module as file / folder, candidate module location 'd:/DOPAMS/Toystack/dopams-backend-staging/node_modules/@apollo/server/node_modules/@graphql-tools/utils/typings/jsutils.js', target file types: TypeScript, Declaration.
File name 'd:/DOPAMS/Toystack/dopams-backend-staging/node_modules/@apollo/server/node_modules/@graphql-tools/utils/typings/jsutils.js' has a '.js' extension - stripping it.
File 'd:/DOPAMS/Toystack/dopams-backend-staging/node_modules/@apollo/server/node_modules/@graphql-tools/utils/typings/jsutils.ts' does not exist.
File 'd:/DOPAMS/Toystack/dopams-backend-staging/node_modules/@apollo/server/node_modules/@graphql-tools/utils/typings/jsutils.tsx' does not exist.
File 'd:/DOPAMS/Toystack/dopams-backend-staging/node_modules/@apollo/server/node_modules/@graphql-tools/utils/typings/jsutils.d.ts' exists - use it as a name resolution result.
File 'd:/DOPAMS/Toystack/dopams-backend-staging/node_modules/@apollo/server/node_modules/@graphql-tools/utils/package.json' exists according to earlier cached lookups.
======== Module name './jsutils.js' was successfully resolved to 'd:/DOPAMS/Toystack/dopams-backend-staging/node_modules/@apollo/server/node_modules/@graphql-tools/utils/typings/jsutils.d.ts' with Package ID '@graphql-tools/utils/typings/jsutils.d.ts@9.2.1'. ========
======== Resolving module './directives.js' from 'd:/DOPAMS/Toystack/dopams-backend-staging/node_modules/@apollo/server/node_modules/@graphql-tools/utils/typings/index.d.ts'. ========
Explicitly specified module resolution kind: 'Node10'.
Loading module as file / folder, candidate module location 'd:/DOPAMS/Toystack/dopams-backend-staging/node_modules/@apollo/server/node_modules/@graphql-tools/utils/typings/directives.js', target file types: TypeScript, Declaration.
File name 'd:/DOPAMS/Toystack/dopams-backend-staging/node_modules/@apollo/server/node_modules/@graphql-tools/utils/typings/directives.js' has a '.js' extension - stripping it.
File 'd:/DOPAMS/Toystack/dopams-backend-staging/node_modules/@apollo/server/node_modules/@graphql-tools/utils/typings/directives.ts' does not exist.
File 'd:/DOPAMS/Toystack/dopams-backend-staging/node_modules/@apollo/server/node_modules/@graphql-tools/utils/typings/directives.tsx' does not exist.
File 'd:/DOPAMS/Toystack/dopams-backend-staging/node_modules/@apollo/server/node_modules/@graphql-tools/utils/typings/directives.d.ts' exists - use it as a name resolution result.
File 'd:/DOPAMS/Toystack/dopams-backend-staging/node_modules/@apollo/server/node_modules/@graphql-tools/utils/package.json' exists according to earlier cached lookups.
======== Module name './directives.js' was successfully resolved to 'd:/DOPAMS/Toystack/dopams-backend-staging/node_modules/@apollo/server/node_modules/@graphql-tools/utils/typings/directives.d.ts' with Package ID '@graphql-tools/utils/typings/directives.d.ts@9.2.1'. ========
File 'd:/DOPAMS/Toystack/dopams-backend-staging/node_modules/@apollo/server/node_modules/@graphql-tools/utils/typings/package.json' does not exist according to earlier cached lookups.
File 'd:/DOPAMS/Toystack/dopams-backend-staging/node_modules/@apollo/server/node_modules/@graphql-tools/utils/package.json' exists according to earlier cached lookups.
======== Resolving module 'graphql' from 'd:/DOPAMS/Toystack/dopams-backend-staging/node_modules/@apollo/server/node_modules/@graphql-tools/utils/typings/loaders.d.ts'. ========
Explicitly specified module resolution kind: 'Node10'.
'baseUrl' option is set to 'd:/DOPAMS/Toystack/dopams-backend-staging/src', using this value to resolve non-relative module name 'graphql'.
'paths' option is specified, looking for a pattern to match module name 'graphql'.
'baseUrl' option is set to 'd:/DOPAMS/Toystack/dopams-backend-staging/src', using this value to resolve non-relative module name 'graphql'.
Resolving module name 'graphql' relative to base url 'd:/DOPAMS/Toystack/dopams-backend-staging/src' - 'd:/DOPAMS/Toystack/dopams-backend-staging/src/graphql'.
Loading module as file / folder, candidate module location 'd:/DOPAMS/Toystack/dopams-backend-staging/src/graphql', target file types: TypeScript, Declaration.
File 'd:/DOPAMS/Toystack/dopams-backend-staging/src/graphql.ts' does not exist.
File 'd:/DOPAMS/Toystack/dopams-backend-staging/src/graphql.tsx' does not exist.
File 'd:/DOPAMS/Toystack/dopams-backend-staging/src/graphql.d.ts' does not exist.
Directory 'd:/DOPAMS/Toystack/dopams-backend-staging/src/graphql' does not exist, skipping all lookups in it.
Loading module 'graphql' from 'node_modules' folder, target file types: TypeScript, Declaration.
Searching all ancestor node_modules directories for preferred extensions: TypeScript, Declaration.
Directory 'd:/DOPAMS/Toystack/dopams-backend-staging/node_modules/@apollo/server/node_modules/@graphql-tools/utils/typings/node_modules' does not exist, skipping all lookups in it.
Directory 'd:/DOPAMS/Toystack/dopams-backend-staging/node_modules/@apollo/server/node_modules/@graphql-tools/utils/node_modules' does not exist, skipping all lookups in it.
Resolution for module 'graphql' was found in cache from location 'd:/DOPAMS/Toystack/dopams-backend-staging/node_modules/@apollo/server/node_modules/@graphql-tools'.
======== Module name 'graphql' was successfully resolved to 'd:/DOPAMS/Toystack/dopams-backend-staging/node_modules/graphql/index.d.ts' with Package ID 'graphql/index.d.ts@16.12.0'. ========
======== Resolving module './Interfaces.js' from 'd:/DOPAMS/Toystack/dopams-backend-staging/node_modules/@apollo/server/node_modules/@graphql-tools/utils/typings/loaders.d.ts'. ========
Resolution for module './Interfaces.js' was found in cache from location 'd:/DOPAMS/Toystack/dopams-backend-staging/node_modules/@apollo/server/node_modules/@graphql-tools/utils/typings'.
======== Module name './Interfaces.js' was successfully resolved to 'd:/DOPAMS/Toystack/dopams-backend-staging/node_modules/@apollo/server/node_modules/@graphql-tools/utils/typings/Interfaces.d.ts' with Package ID '@graphql-tools/utils/typings/Interfaces.d.ts@9.2.1'. ========
File 'd:/DOPAMS/Toystack/dopams-backend-staging/node_modules/@apollo/server/node_modules/@graphql-tools/utils/typings/package.json' does not exist according to earlier cached lookups.
File 'd:/DOPAMS/Toystack/dopams-backend-staging/node_modules/@apollo/server/node_modules/@graphql-tools/utils/package.json' exists according to earlier cached lookups.
======== Resolving module '@graphql-typed-document-node/core' from 'd:/DOPAMS/Toystack/dopams-backend-staging/node_modules/@apollo/server/node_modules/@graphql-tools/utils/typings/Interfaces.d.ts'. ========
Explicitly specified module resolution kind: 'Node10'.
'baseUrl' option is set to 'd:/DOPAMS/Toystack/dopams-backend-staging/src', using this value to resolve non-relative module name '@graphql-typed-document-node/core'.
'paths' option is specified, looking for a pattern to match module name '@graphql-typed-document-node/core'.
'baseUrl' option is set to 'd:/DOPAMS/Toystack/dopams-backend-staging/src', using this value to resolve non-relative module name '@graphql-typed-document-node/core'.
Resolving module name '@graphql-typed-document-node/core' relative to base url 'd:/DOPAMS/Toystack/dopams-backend-staging/src' - 'd:/DOPAMS/Toystack/dopams-backend-staging/src/@graphql-typed-document-node/core'.
Loading module as file / folder, candidate module location 'd:/DOPAMS/Toystack/dopams-backend-staging/src/@graphql-typed-document-node/core', target file types: TypeScript, Declaration.
Loading module '@graphql-typed-document-node/core' from 'node_modules' folder, target file types: TypeScript, Declaration.
Searching all ancestor node_modules directories for preferred extensions: TypeScript, Declaration.
Directory 'd:/DOPAMS/Toystack/dopams-backend-staging/node_modules/@apollo/server/node_modules/@graphql-tools/utils/typings/node_modules' does not exist, skipping all lookups in it.
Scoped package detected, looking in 'graphql-typed-document-node__core'
Directory 'd:/DOPAMS/Toystack/dopams-backend-staging/node_modules/@apollo/server/node_modules/@graphql-tools/utils/node_modules' does not exist, skipping all lookups in it.
Scoped package detected, looking in 'graphql-typed-document-node__core'
Directory 'd:/DOPAMS/Toystack/dopams-backend-staging/node_modules/@apollo/server/node_modules/@graphql-tools/node_modules' does not exist, skipping all lookups in it.
Scoped package detected, looking in 'graphql-typed-document-node__core'
Directory 'd:/DOPAMS/Toystack/dopams-backend-staging/node_modules/@apollo/server/node_modules/@types' does not exist, skipping all lookups in it.
Scoped package detected, looking in 'graphql-typed-document-node__core'
Directory 'd:/DOPAMS/Toystack/dopams-backend-staging/node_modules/@apollo/node_modules' does not exist, skipping all lookups in it.
Scoped package detected, looking in 'graphql-typed-document-node__core'
Found 'package.json' at 'd:/DOPAMS/Toystack/dopams-backend-staging/node_modules/@graphql-typed-document-node/core/package.json'.
File 'd:/DOPAMS/Toystack/dopams-backend-staging/node_modules/@graphql-typed-document-node/core.ts' does not exist.
File 'd:/DOPAMS/Toystack/dopams-backend-staging/node_modules/@graphql-typed-document-node/core.tsx' does not exist.
File 'd:/DOPAMS/Toystack/dopams-backend-staging/node_modules/@graphql-typed-document-node/core.d.ts' does not exist.
'package.json' does not have a 'typesVersions' field.
'package.json' has 'typings' field 'typings/index.d.ts' that references 'd:/DOPAMS/Toystack/dopams-backend-staging/node_modules/@graphql-typed-document-node/core/typings/index.d.ts'.
File 'd:/DOPAMS/Toystack/dopams-backend-staging/node_modules/@graphql-typed-document-node/core/typings/index.d.ts' exists - use it as a name resolution result.
'package.json' has a 'peerDependencies' field.
Resolving real path for 'd:/DOPAMS/Toystack/dopams-backend-staging/node_modules/@graphql-typed-document-node/core', result 'D:/DOPAMS/Toystack/dopams-backend-staging/node_modules/@graphql-typed-document-node/core'.
File 'D:/DOPAMS/Toystack/dopams-backend-staging/node_modules/graphql/package.json' exists according to earlier cached lookups.
Found peerDependency 'graphql' with '16.12.0' version.
Resolving real path for 'd:/DOPAMS/Toystack/dopams-backend-staging/node_modules/@graphql-typed-document-node/core/typings/index.d.ts', result 'D:/DOPAMS/Toystack/dopams-backend-staging/node_modules/@graphql-typed-document-node/core/typings/index.d.ts'.
======== Module name '@graphql-typed-document-node/core' was successfully resolved to 'd:/DOPAMS/Toystack/dopams-backend-staging/node_modules/@graphql-typed-document-node/core/typings/index.d.ts' with Package ID '@graphql-typed-document-node/core/typings/index.d.ts@3.2.0+graphql@16.12.0'. ========
======== Resolving module 'graphql' from 'd:/DOPAMS/Toystack/dopams-backend-staging/node_modules/@apollo/server/node_modules/@graphql-tools/utils/typings/Interfaces.d.ts'. ========
Resolution for module 'graphql' was found in cache from location 'd:/DOPAMS/Toystack/dopams-backend-staging/node_modules/@apollo/server/node_modules/@graphql-tools/utils/typings'.
======== Module name 'graphql' was successfully resolved to 'd:/DOPAMS/Toystack/dopams-backend-staging/node_modules/graphql/index.d.ts' with Package ID 'graphql/index.d.ts@16.12.0'. ========
File 'd:/DOPAMS/Toystack/dopams-backend-staging/node_modules/@graphql-typed-document-node/core/typings/package.json' does not exist.
File 'd:/DOPAMS/Toystack/dopams-backend-staging/node_modules/@graphql-typed-document-node/core/package.json' exists according to earlier cached lookups.
======== Resolving module 'graphql' from 'd:/DOPAMS/Toystack/dopams-backend-staging/node_modules/@graphql-typed-document-node/core/typings/index.d.ts'. ========
Explicitly specified module resolution kind: 'Node10'.
'baseUrl' option is set to 'd:/DOPAMS/Toystack/dopams-backend-staging/src', using this value to resolve non-relative module name 'graphql'.
'paths' option is specified, looking for a pattern to match module name 'graphql'.
'baseUrl' option is set to 'd:/DOPAMS/Toystack/dopams-backend-staging/src', using this value to resolve non-relative module name 'graphql'.
Resolving module name 'graphql' relative to base url 'd:/DOPAMS/Toystack/dopams-backend-staging/src' - 'd:/DOPAMS/Toystack/dopams-backend-staging/src/graphql'.
Loading module as file / folder, candidate module location 'd:/DOPAMS/Toystack/dopams-backend-staging/src/graphql', target file types: TypeScript, Declaration.
File 'd:/DOPAMS/Toystack/dopams-backend-staging/src/graphql.ts' does not exist.
File 'd:/DOPAMS/Toystack/dopams-backend-staging/src/graphql.tsx' does not exist.
File 'd:/DOPAMS/Toystack/dopams-backend-staging/src/graphql.d.ts' does not exist.
Directory 'd:/DOPAMS/Toystack/dopams-backend-staging/src/graphql' does not exist, skipping all lookups in it.
Loading module 'graphql' from 'node_modules' folder, target file types: TypeScript, Declaration.
Searching all ancestor node_modules directories for preferred extensions: TypeScript, Declaration.
Directory 'd:/DOPAMS/Toystack/dopams-backend-staging/node_modules/@graphql-typed-document-node/core/typings/node_modules' does not exist, skipping all lookups in it.
Directory 'd:/DOPAMS/Toystack/dopams-backend-staging/node_modules/@graphql-typed-document-node/core/node_modules' does not exist, skipping all lookups in it.
Directory 'd:/DOPAMS/Toystack/dopams-backend-staging/node_modules/@graphql-typed-document-node/node_modules' does not exist, skipping all lookups in it.
File 'd:/DOPAMS/Toystack/dopams-backend-staging/node_modules/graphql/package.json' exists according to earlier cached lookups.
File 'd:/DOPAMS/Toystack/dopams-backend-staging/node_modules/graphql.ts' does not exist.
File 'd:/DOPAMS/Toystack/dopams-backend-staging/node_modules/graphql.tsx' does not exist.
File 'd:/DOPAMS/Toystack/dopams-backend-staging/node_modules/graphql.d.ts' does not exist.
'package.json' does not have a 'typings' field.
'package.json' does not have a 'types' field.
'package.json' has 'main' field 'index' that references 'd:/DOPAMS/Toystack/dopams-backend-staging/node_modules/graphql/index'.
'package.json' has a 'typesVersions' entry '>=4.1.0' that matches compiler version '5.9.3', looking for a pattern to match module name 'index'.
Module name 'index', matched pattern '*'.
Trying substitution '*', candidate module location: 'index'.
Loading module as file / folder, candidate module location 'd:/DOPAMS/Toystack/dopams-backend-staging/node_modules/graphql/index', target file types: TypeScript, Declaration.
File 'd:/DOPAMS/Toystack/dopams-backend-staging/node_modules/graphql/index.ts' does not exist.
File 'd:/DOPAMS/Toystack/dopams-backend-staging/node_modules/graphql/index.tsx' does not exist.
File 'd:/DOPAMS/Toystack/dopams-backend-staging/node_modules/graphql/index.d.ts' exists - use it as a name resolution result.
Resolving real path for 'd:/DOPAMS/Toystack/dopams-backend-staging/node_modules/graphql/index.d.ts', result 'D:/DOPAMS/Toystack/dopams-backend-staging/node_modules/graphql/index.d.ts'.
======== Module name 'graphql' was successfully resolved to 'd:/DOPAMS/Toystack/dopams-backend-staging/node_modules/graphql/index.d.ts' with Package ID 'graphql/index.d.ts@16.12.0'. ========
File 'd:/DOPAMS/Toystack/dopams-backend-staging/node_modules/@apollo/server/node_modules/@graphql-tools/utils/typings/package.json' does not exist according to earlier cached lookups.
File 'd:/DOPAMS/Toystack/dopams-backend-staging/node_modules/@apollo/server/node_modules/@graphql-tools/utils/package.json' exists according to earlier cached lookups.
======== Resolving module 'graphql' from 'd:/DOPAMS/Toystack/dopams-backend-staging/node_modules/@apollo/server/node_modules/@graphql-tools/utils/typings/helpers.d.ts'. ========
Resolution for module 'graphql' was found in cache from location 'd:/DOPAMS/Toystack/dopams-backend-staging/node_modules/@apollo/server/node_modules/@graphql-tools/utils/typings'.
======== Module name 'graphql' was successfully resolved to 'd:/DOPAMS/Toystack/dopams-backend-staging/node_modules/graphql/index.d.ts' with Package ID 'graphql/index.d.ts@16.12.0'. ========
File 'd:/DOPAMS/Toystack/dopams-backend-staging/node_modules/@apollo/server/node_modules/@graphql-tools/utils/typings/package.json' does not exist according to earlier cached lookups.
File 'd:/DOPAMS/Toystack/dopams-backend-staging/node_modules/@apollo/server/node_modules/@graphql-tools/utils/package.json' exists according to earlier cached lookups.
======== Resolving module 'graphql' from 'd:/DOPAMS/Toystack/dopams-backend-staging/node_modules/@apollo/server/node_modules/@graphql-tools/utils/typings/get-directives.d.ts'. ========
Resolution for module 'graphql' was found in cache from location 'd:/DOPAMS/Toystack/dopams-backend-staging/node_modules/@apollo/server/node_modules/@graphql-tools/utils/typings'.
======== Module name 'graphql' was successfully resolved to 'd:/DOPAMS/Toystack/dopams-backend-staging/node_modules/graphql/index.d.ts' with Package ID 'graphql/index.d.ts@16.12.0'. ========
File 'd:/DOPAMS/Toystack/dopams-backend-staging/node_modules/@apollo/server/node_modules/@graphql-tools/utils/typings/package.json' does not exist according to earlier cached lookups.
File 'd:/DOPAMS/Toystack/dopams-backend-staging/node_modules/@apollo/server/node_modules/@graphql-tools/utils/package.json' exists according to earlier cached lookups.
======== Resolving module 'graphql' from 'd:/DOPAMS/Toystack/dopams-backend-staging/node_modules/@apollo/server/node_modules/@graphql-tools/utils/typings/get-fields-with-directives.d.ts'. ========
Resolution for module 'graphql' was found in cache from location 'd:/DOPAMS/Toystack/dopams-backend-staging/node_modules/@apollo/server/node_modules/@graphql-tools/utils/typings'.
======== Module name 'graphql' was successfully resolved to 'd:/DOPAMS/Toystack/dopams-backend-staging/node_modules/graphql/index.d.ts' with Package ID 'graphql/index.d.ts@16.12.0'. ========
======== Resolving module './types.js' from 'd:/DOPAMS/Toystack/dopams-backend-staging/node_modules/@apollo/server/node_modules/@graphql-tools/utils/typings/get-fields-with-directives.d.ts'. ========
Resolution for module './types.js' was found in cache from location 'd:/DOPAMS/Toystack/dopams-backend-staging/node_modules/@apollo/server/node_modules/@graphql-tools/utils/typings'.
======== Module name './types.js' was successfully resolved to 'd:/DOPAMS/Toystack/dopams-backend-staging/node_modules/@apollo/server/node_modules/@graphql-tools/utils/typings/types.d.ts' with Package ID '@graphql-tools/utils/typings/types.d.ts@9.2.1'. ========
File 'd:/DOPAMS/Toystack/dopams-backend-staging/node_modules/@apollo/server/node_modules/@graphql-tools/utils/typings/package.json' does not exist according to earlier cached lookups.
File 'd:/DOPAMS/Toystack/dopams-backend-staging/node_modules/@apollo/server/node_modules/@graphql-tools/utils/package.json' exists according to earlier cached lookups.
======== Resolving module 'graphql' from 'd:/DOPAMS/Toystack/dopams-backend-staging/node_modules/@apollo/server/node_modules/@graphql-tools/utils/typings/types.d.ts'. ========
Resolution for module 'graphql' was found in cache from location 'd:/DOPAMS/Toystack/dopams-backend-staging/node_modules/@apollo/server/node_modules/@graphql-tools/utils/typings'.
======== Module name 'graphql' was successfully resolved to 'd:/DOPAMS/Toystack/dopams-backend-staging/node_modules/graphql/index.d.ts' with Package ID 'graphql/index.d.ts@16.12.0'. ========
File 'd:/DOPAMS/Toystack/dopams-backend-staging/node_modules/@apollo/server/node_modules/@graphql-tools/utils/typings/package.json' does not exist according to earlier cached lookups.
File 'd:/DOPAMS/Toystack/dopams-backend-staging/node_modules/@apollo/server/node_modules/@graphql-tools/utils/package.json' exists according to earlier cached lookups.
======== Resolving module './types.js' from 'd:/DOPAMS/Toystack/dopams-backend-staging/node_modules/@apollo/server/node_modules/@graphql-tools/utils/typings/get-arguments-with-directives.d.ts'. ========
Resolution for module './types.js' was found in cache from location 'd:/DOPAMS/Toystack/dopams-backend-staging/node_modules/@apollo/server/node_modules/@graphql-tools/utils/typings'.
======== Module name './types.js' was successfully resolved to 'd:/DOPAMS/Toystack/dopams-backend-staging/node_modules/@apollo/server/node_modules/@graphql-tools/utils/typings/types.d.ts' with Package ID '@graphql-tools/utils/typings/types.d.ts@9.2.1'. ========
======== Resolving module 'graphql' from 'd:/DOPAMS/Toystack/dopams-backend-staging/node_modules/@apollo/server/node_modules/@graphql-tools/utils/typings/get-arguments-with-directives.d.ts'. ========
Resolution for module 'graphql' was found in cache from location 'd:/DOPAMS/Toystack/dopams-backend-staging/node_modules/@apollo/server/node_modules/@graphql-tools/utils/typings'.
======== Module name 'graphql' was successfully resolved to 'd:/DOPAMS/Toystack/dopams-backend-staging/node_modules/graphql/index.d.ts' with Package ID 'graphql/index.d.ts@16.12.0'. ========
File 'd:/DOPAMS/Toystack/dopams-backend-staging/node_modules/@apollo/server/node_modules/@graphql-tools/utils/typings/package.json' does not exist according to earlier cached lookups.
File 'd:/DOPAMS/Toystack/dopams-backend-staging/node_modules/@apollo/server/node_modules/@graphql-tools/utils/package.json' exists according to earlier cached lookups.
======== Resolving module 'graphql' from 'd:/DOPAMS/Toystack/dopams-backend-staging/node_modules/@apollo/server/node_modules/@graphql-tools/utils/typings/get-implementing-types.d.ts'. ========
Resolution for module 'graphql' was found in cache from location 'd:/DOPAMS/Toystack/dopams-backend-staging/node_modules/@apollo/server/node_modules/@graphql-tools/utils/typings'.
======== Module name 'graphql' was successfully resolved to 'd:/DOPAMS/Toystack/dopams-backend-staging/node_modules/graphql/index.d.ts' with Package ID 'graphql/index.d.ts@16.12.0'. ========
File 'd:/DOPAMS/Toystack/dopams-backend-staging/node_modules/@apollo/server/node_modules/@graphql-tools/utils/typings/package.json' does not exist according to earlier cached lookups.
File 'd:/DOPAMS/Toystack/dopams-backend-staging/node_modules/@apollo/server/node_modules/@graphql-tools/utils/package.json' exists according to earlier cached lookups.
======== Resolving module 'graphql' from 'd:/DOPAMS/Toystack/dopams-backend-staging/node_modules/@apollo/server/node_modules/@graphql-tools/utils/typings/print-schema-with-directives.d.ts'. ========
Resolution for module 'graphql' was found in cache from location 'd:/DOPAMS/Toystack/dopams-backend-staging/node_modules/@apollo/server/node_modules/@graphql-tools/utils/typings'.
======== Module name 'graphql' was successfully resolved to 'd:/DOPAMS/Toystack/dopams-backend-staging/node_modules/graphql/index.d.ts' with Package ID 'graphql/index.d.ts@16.12.0'. ========
======== Resolving module './types.js' from 'd:/DOPAMS/Toystack/dopams-backend-staging/node_modules/@apollo/server/node_modules/@graphql-tools/utils/typings/print-schema-with-directives.d.ts'. ========
Resolution for module './types.js' was found in cache from location 'd:/DOPAMS/Toystack/dopams-backend-staging/node_modules/@apollo/server/node_modules/@graphql-tools/utils/typings'.
======== Module name './types.js' was successfully resolved to 'd:/DOPAMS/Toystack/dopams-backend-staging/node_modules/@apollo/server/node_modules/@graphql-tools/utils/typings/types.d.ts' with Package ID '@graphql-tools/utils/typings/types.d.ts@9.2.1'. ========
File 'd:/DOPAMS/Toystack/dopams-backend-staging/node_modules/@apollo/server/node_modules/@graphql-tools/utils/typings/package.json' does not exist according to earlier cached lookups.
File 'd:/DOPAMS/Toystack/dopams-backend-staging/node_modules/@apollo/server/node_modules/@graphql-tools/utils/package.json' exists according to earlier cached lookups.
======== Resolving module 'graphql' from 'd:/DOPAMS/Toystack/dopams-backend-staging/node_modules/@apollo/server/node_modules/@graphql-tools/utils/typings/validate-documents.d.ts'. ========
Resolution for module 'graphql' was found in cache from location 'd:/DOPAMS/Toystack/dopams-backend-staging/node_modules/@apollo/server/node_modules/@graphql-tools/utils/typings'.
======== Module name 'graphql' was successfully resolved to 'd:/DOPAMS/Toystack/dopams-backend-staging/node_modules/graphql/index.d.ts' with Package ID 'graphql/index.d.ts@16.12.0'. ========
File 'd:/DOPAMS/Toystack/dopams-backend-staging/node_modules/@apollo/server/node_modules/@graphql-tools/utils/typings/package.json' does not exist according to earlier cached lookups.
File 'd:/DOPAMS/Toystack/dopams-backend-staging/node_modules/@apollo/server/node_modules/@graphql-tools/utils/package.json' exists according to earlier cached lookups.
======== Resolving module 'graphql' from 'd:/DOPAMS/Toystack/dopams-backend-staging/node_modules/@apollo/server/node_modules/@graphql-tools/utils/typings/parse-graphql-json.d.ts'. ========
Resolution for module 'graphql' was found in cache from location 'd:/DOPAMS/Toystack/dopams-backend-staging/node_modules/@apollo/server/node_modules/@graphql-tools/utils/typings'.
======== Module name 'graphql' was successfully resolved to 'd:/DOPAMS/Toystack/dopams-backend-staging/node_modules/graphql/index.d.ts' with Package ID 'graphql/index.d.ts@16.12.0'. ========
======== Resolving module './loaders.js' from 'd:/DOPAMS/Toystack/dopams-backend-staging/node_modules/@apollo/server/node_modules/@graphql-tools/utils/typings/parse-graphql-json.d.ts'. ========
Resolution for module './loaders.js' was found in cache from location 'd:/DOPAMS/Toystack/dopams-backend-staging/node_modules/@apollo/server/node_modules/@graphql-tools/utils/typings'.
======== Module name './loaders.js' was successfully resolved to 'd:/DOPAMS/Toystack/dopams-backend-staging/node_modules/@apollo/server/node_modules/@graphql-tools/utils/typings/loaders.d.ts' with Package ID '@graphql-tools/utils/typings/loaders.d.ts@9.2.1'. ========
======== Resolving module './types.js' from 'd:/DOPAMS/Toystack/dopams-backend-staging/node_modules/@apollo/server/node_modules/@graphql-tools/utils/typings/parse-graphql-json.d.ts'. ========
Resolution for module './types.js' was found in cache from location 'd:/DOPAMS/Toystack/dopams-backend-staging/node_modules/@apollo/server/node_modules/@graphql-tools/utils/typings'.
======== Module name './types.js' was successfully resolved to 'd:/DOPAMS/Toystack/dopams-backend-staging/node_modules/@apollo/server/node_modules/@graphql-tools/utils/typings/types.d.ts' with Package ID '@graphql-tools/utils/typings/types.d.ts@9.2.1'. ========
File 'd:/DOPAMS/Toystack/dopams-backend-staging/node_modules/@apollo/server/node_modules/@graphql-tools/utils/typings/package.json' does not exist according to earlier cached lookups.
File 'd:/DOPAMS/Toystack/dopams-backend-staging/node_modules/@apollo/server/node_modules/@graphql-tools/utils/package.json' exists according to earlier cached lookups.
======== Resolving module 'graphql' from 'd:/DOPAMS/Toystack/dopams-backend-staging/node_modules/@apollo/server/node_modules/@graphql-tools/utils/typings/parse-graphql-sdl.d.ts'. ========
Resolution for module 'graphql' was found in cache from location 'd:/DOPAMS/Toystack/dopams-backend-staging/node_modules/@apollo/server/node_modules/@graphql-tools/utils/typings'.
======== Module name 'graphql' was successfully resolved to 'd:/DOPAMS/Toystack/dopams-backend-staging/node_modules/graphql/index.d.ts' with Package ID 'graphql/index.d.ts@16.12.0'. ========
======== Resolving module './Interfaces.js' from 'd:/DOPAMS/Toystack/dopams-backend-staging/node_modules/@apollo/server/node_modules/@graphql-tools/utils/typings/parse-graphql-sdl.d.ts'. ========
Resolution for module './Interfaces.js' was found in cache from location 'd:/DOPAMS/Toystack/dopams-backend-staging/node_modules/@apollo/server/node_modules/@graphql-tools/utils/typings'.
======== Module name './Interfaces.js' was successfully resolved to 'd:/DOPAMS/Toystack/dopams-backend-staging/node_modules/@apollo/server/node_modules/@graphql-tools/utils/typings/Interfaces.d.ts' with Package ID '@graphql-tools/utils/typings/Interfaces.d.ts@9.2.1'. ========
File 'd:/DOPAMS/Toystack/dopams-backend-staging/node_modules/@apollo/server/node_modules/@graphql-tools/utils/typings/package.json' does not exist according to earlier cached lookups.
File 'd:/DOPAMS/Toystack/dopams-backend-staging/node_modules/@apollo/server/node_modules/@graphql-tools/utils/package.json' exists according to earlier cached lookups.
======== Resolving module 'graphql' from 'd:/DOPAMS/Toystack/dopams-backend-staging/node_modules/@apollo/server/node_modules/@graphql-tools/utils/typings/build-operation-for-field.d.ts'. ========
Resolution for module 'graphql' was found in cache from location 'd:/DOPAMS/Toystack/dopams-backend-staging/node_modules/@apollo/server/node_modules/@graphql-tools/utils/typings'.
======== Module name 'graphql' was successfully resolved to 'd:/DOPAMS/Toystack/dopams-backend-staging/node_modules/graphql/index.d.ts' with Package ID 'graphql/index.d.ts@16.12.0'. ========
File 'd:/DOPAMS/Toystack/dopams-backend-staging/node_modules/@apollo/server/node_modules/@graphql-tools/utils/typings/package.json' does not exist according to earlier cached lookups.
File 'd:/DOPAMS/Toystack/dopams-backend-staging/node_modules/@apollo/server/node_modules/@graphql-tools/utils/package.json' exists according to earlier cached lookups.
======== Resolving module 'graphql' from 'd:/DOPAMS/Toystack/dopams-backend-staging/node_modules/@apollo/server/node_modules/@graphql-tools/utils/typings/filterSchema.d.ts'. ========
Resolution for module 'graphql' was found in cache from location 'd:/DOPAMS/Toystack/dopams-backend-staging/node_modules/@apollo/server/node_modules/@graphql-tools/utils/typings'.
======== Module name 'graphql' was successfully resolved to 'd:/DOPAMS/Toystack/dopams-backend-staging/node_modules/graphql/index.d.ts' with Package ID 'graphql/index.d.ts@16.12.0'. ========
======== Resolving module './Interfaces.js' from 'd:/DOPAMS/Toystack/dopams-backend-staging/node_modules/@apollo/server/node_modules/@graphql-tools/utils/typings/filterSchema.d.ts'. ========
Resolution for module './Interfaces.js' was found in cache from location 'd:/DOPAMS/Toystack/dopams-backend-staging/node_modules/@apollo/server/node_modules/@graphql-tools/utils/typings'.
======== Module name './Interfaces.js' was successfully resolved to 'd:/DOPAMS/Toystack/dopams-backend-staging/node_modules/@apollo/server/node_modules/@graphql-tools/utils/typings/Interfaces.d.ts' with Package ID '@graphql-tools/utils/typings/Interfaces.d.ts@9.2.1'. ========
File 'd:/DOPAMS/Toystack/dopams-backend-staging/node_modules/@apollo/server/node_modules/@graphql-tools/utils/typings/package.json' does not exist according to earlier cached lookups.
File 'd:/DOPAMS/Toystack/dopams-backend-staging/node_modules/@apollo/server/node_modules/@graphql-tools/utils/package.json' exists according to earlier cached lookups.
======== Resolving module 'graphql' from 'd:/DOPAMS/Toystack/dopams-backend-staging/node_modules/@apollo/server/node_modules/@graphql-tools/utils/typings/heal.d.ts'. ========
Resolution for module 'graphql' was found in cache from location 'd:/DOPAMS/Toystack/dopams-backend-staging/node_modules/@apollo/server/node_modules/@graphql-tools/utils/typings'.
======== Module name 'graphql' was successfully resolved to 'd:/DOPAMS/Toystack/dopams-backend-staging/node_modules/graphql/index.d.ts' with Package ID 'graphql/index.d.ts@16.12.0'. ========
File 'd:/DOPAMS/Toystack/dopams-backend-staging/node_modules/@apollo/server/node_modules/@graphql-tools/utils/typings/package.json' does not exist according to earlier cached lookups.
File 'd:/DOPAMS/Toystack/dopams-backend-staging/node_modules/@apollo/server/node_modules/@graphql-tools/utils/package.json' exists according to earlier cached lookups.
======== Resolving module 'graphql' from 'd:/DOPAMS/Toystack/dopams-backend-staging/node_modules/@apollo/server/node_modules/@graphql-tools/utils/typings/getResolversFromSchema.d.ts'. ========
Resolution for module 'graphql' was found in cache from location 'd:/DOPAMS/Toystack/dopams-backend-staging/node_modules/@apollo/server/node_modules/@graphql-tools/utils/typings'.
======== Module name 'graphql' was successfully resolved to 'd:/DOPAMS/Toystack/dopams-backend-staging/node_modules/graphql/index.d.ts' with Package ID 'graphql/index.d.ts@16.12.0'. ========
======== Resolving module './Interfaces.js' from 'd:/DOPAMS/Toystack/dopams-backend-staging/node_modules/@apollo/server/node_modules/@graphql-tools/utils/typings/getResolversFromSchema.d.ts'. ========
Resolution for module './Interfaces.js' was found in cache from location 'd:/DOPAMS/Toystack/dopams-backend-staging/node_modules/@apollo/server/node_modules/@graphql-tools/utils/typings'.
======== Module name './Interfaces.js' was successfully resolved to 'd:/DOPAMS/Toystack/dopams-backend-staging/node_modules/@apollo/server/node_modules/@graphql-tools/utils/typings/Interfaces.d.ts' with Package ID '@graphql-tools/utils/typings/Interfaces.d.ts@9.2.1'. ========
File 'd:/DOPAMS/Toystack/dopams-backend-staging/node_modules/@apollo/server/node_modules/@graphql-tools/utils/typings/package.json' does not exist according to earlier cached lookups.
File 'd:/DOPAMS/Toystack/dopams-backend-staging/node_modules/@apollo/server/node_modules/@graphql-tools/utils/package.json' exists according to earlier cached lookups.
======== Resolving module 'graphql' from 'd:/DOPAMS/Toystack/dopams-backend-staging/node_modules/@apollo/server/node_modules/@graphql-tools/utils/typings/forEachField.d.ts'. ========
Resolution for module 'graphql' was found in cache from location 'd:/DOPAMS/Toystack/dopams-backend-staging/node_modules/@apollo/server/node_modules/@graphql-tools/utils/typings'.
======== Module name 'graphql' was successfully resolved to 'd:/DOPAMS/Toystack/dopams-backend-staging/node_modules/graphql/index.d.ts' with Package ID 'graphql/index.d.ts@16.12.0'. ========
======== Resolving module './Interfaces.js' from 'd:/DOPAMS/Toystack/dopams-backend-staging/node_modules/@apollo/server/node_modules/@graphql-tools/utils/typings/forEachField.d.ts'. ========
Resolution for module './Interfaces.js' was found in cache from location 'd:/DOPAMS/Toystack/dopams-backend-staging/node_modules/@apollo/server/node_modules/@graphql-tools/utils/typings'.
======== Module name './Interfaces.js' was successfully resolved to 'd:/DOPAMS/Toystack/dopams-backend-staging/node_modules/@apollo/server/node_modules/@graphql-tools/utils/typings/Interfaces.d.ts' with Package ID '@graphql-tools/utils/typings/Interfaces.d.ts@9.2.1'. ========
File 'd:/DOPAMS/Toystack/dopams-backend-staging/node_modules/@apollo/server/node_modules/@graphql-tools/utils/typings/package.json' does not exist according to earlier cached lookups.
File 'd:/DOPAMS/Toystack/dopams-backend-staging/node_modules/@apollo/server/node_modules/@graphql-tools/utils/package.json' exists according to earlier cached lookups.
======== Resolving module 'graphql' from 'd:/DOPAMS/Toystack/dopams-backend-staging/node_modules/@apollo/server/node_modules/@graphql-tools/utils/typings/forEachDefaultValue.d.ts'. ========
Resolution for module 'graphql' was found in cache from location 'd:/DOPAMS/Toystack/dopams-backend-staging/node_modules/@apollo/server/node_modules/@graphql-tools/utils/typings'.
======== Module name 'graphql' was successfully resolved to 'd:/DOPAMS/Toystack/dopams-backend-staging/node_modules/graphql/index.d.ts' with Package ID 'graphql/index.d.ts@16.12.0'. ========
======== Resolving module './Interfaces.js' from 'd:/DOPAMS/Toystack/dopams-backend-staging/node_modules/@apollo/server/node_modules/@graphql-tools/utils/typings/forEachDefaultValue.d.ts'. ========
Resolution for module './Interfaces.js' was found in cache from location 'd:/DOPAMS/Toystack/dopams-backend-staging/node_modules/@apollo/server/node_modules/@graphql-tools/utils/typings'.
======== Module name './Interfaces.js' was successfully resolved to 'd:/DOPAMS/Toystack/dopams-backend-staging/node_modules/@apollo/server/node_modules/@graphql-tools/utils/typings/Interfaces.d.ts' with Package ID '@graphql-tools/utils/typings/Interfaces.d.ts@9.2.1'. ========
File 'd:/DOPAMS/Toystack/dopams-backend-staging/node_modules/@apollo/server/node_modules/@graphql-tools/utils/typings/package.json' does not exist according to earlier cached lookups.
File 'd:/DOPAMS/Toystack/dopams-backend-staging/node_modules/@apollo/server/node_modules/@graphql-tools/utils/package.json' exists according to earlier cached lookups.
======== Resolving module 'graphql' from 'd:/DOPAMS/Toystack/dopams-backend-staging/node_modules/@apollo/server/node_modules/@graphql-tools/utils/typings/mapSchema.d.ts'. ========
Resolution for module 'graphql' was found in cache from location 'd:/DOPAMS/Toystack/dopams-backend-staging/node_modules/@apollo/server/node_modules/@graphql-tools/utils/typings'.
======== Module name 'graphql' was successfully resolved to 'd:/DOPAMS/Toystack/dopams-backend-staging/node_modules/graphql/index.d.ts' with Package ID 'graphql/index.d.ts@16.12.0'. ========
======== Resolving module './Interfaces.js' from 'd:/DOPAMS/Toystack/dopams-backend-staging/node_modules/@apollo/server/node_modules/@graphql-tools/utils/typings/mapSchema.d.ts'. ========
Resolution for module './Interfaces.js' was found in cache from location 'd:/DOPAMS/Toystack/dopams-backend-staging/node_modules/@apollo/server/node_modules/@graphql-tools/utils/typings'.
======== Module name './Interfaces.js' was successfully resolved to 'd:/DOPAMS/Toystack/dopams-backend-staging/node_modules/@apollo/server/node_modules/@graphql-tools/utils/typings/Interfaces.d.ts' with Package ID '@graphql-tools/utils/typings/Interfaces.d.ts@9.2.1'. ========
File 'd:/DOPAMS/Toystack/dopams-backend-staging/node_modules/@apollo/server/node_modules/@graphql-tools/utils/typings/package.json' does not exist according to earlier cached lookups.
File 'd:/DOPAMS/Toystack/dopams-backend-staging/node_modules/@apollo/server/node_modules/@graphql-tools/utils/package.json' exists according to earlier cached lookups.
======== Resolving module 'graphql' from 'd:/DOPAMS/Toystack/dopams-backend-staging/node_modules/@apollo/server/node_modules/@graphql-tools/utils/typings/addTypes.d.ts'. ========
Resolution for module 'graphql' was found in cache from location 'd:/DOPAMS/Toystack/dopams-backend-staging/node_modules/@apollo/server/node_modules/@graphql-tools/utils/typings'.
======== Module name 'graphql' was successfully resolved to 'd:/DOPAMS/Toystack/dopams-backend-staging/node_modules/graphql/index.d.ts' with Package ID 'graphql/index.d.ts@16.12.0'. ========
File 'd:/DOPAMS/Toystack/dopams-backend-staging/node_modules/@apollo/server/node_modules/@graphql-tools/utils/typings/package.json' does not exist according to earlier cached lookups.
File 'd:/DOPAMS/Toystack/dopams-backend-staging/node_modules/@apollo/server/node_modules/@graphql-tools/utils/package.json' exists according to earlier cached lookups.
======== Resolving module 'graphql' from 'd:/DOPAMS/Toystack/dopams-backend-staging/node_modules/@apollo/server/node_modules/@graphql-tools/utils/typings/rewire.d.ts'. ========
Resolution for module 'graphql' was found in cache from location 'd:/DOPAMS/Toystack/dopams-backend-staging/node_modules/@apollo/server/node_modules/@graphql-tools/utils/typings'.
======== Module name 'graphql' was successfully resolved to 'd:/DOPAMS/Toystack/dopams-backend-staging/node_modules/graphql/index.d.ts' with Package ID 'graphql/index.d.ts@16.12.0'. ========
File 'd:/DOPAMS/Toystack/dopams-backend-staging/node_modules/@apollo/server/node_modules/@graphql-tools/utils/typings/package.json' does not exist according to earlier cached lookups.
File 'd:/DOPAMS/Toystack/dopams-backend-staging/node_modules/@apollo/server/node_modules/@graphql-tools/utils/package.json' exists according to earlier cached lookups.
======== Resolving module 'graphql' from 'd:/DOPAMS/Toystack/dopams-backend-staging/node_modules/@apollo/server/node_modules/@graphql-tools/utils/typings/prune.d.ts'. ========
Resolution for module 'graphql' was found in cache from location 'd:/DOPAMS/Toystack/dopams-backend-staging/node_modules/@apollo/server/node_modules/@graphql-tools/utils/typings'.
======== Module name 'graphql' was successfully resolved to 'd:/DOPAMS/Toystack/dopams-backend-staging/node_modules/graphql/index.d.ts' with Package ID 'graphql/index.d.ts@16.12.0'. ========
======== Resolving module './types.js' from 'd:/DOPAMS/Toystack/dopams-backend-staging/node_modules/@apollo/server/node_modules/@graphql-tools/utils/typings/prune.d.ts'. ========
Resolution for module './types.js' was found in cache from location 'd:/DOPAMS/Toystack/dopams-backend-staging/node_modules/@apollo/server/node_modules/@graphql-tools/utils/typings'.
======== Module name './types.js' was successfully resolved to 'd:/DOPAMS/Toystack/dopams-backend-staging/node_modules/@apollo/server/node_modules/@graphql-tools/utils/typings/types.d.ts' with Package ID '@graphql-tools/utils/typings/types.d.ts@9.2.1'. ========
File 'd:/DOPAMS/Toystack/dopams-backend-staging/node_modules/@apollo/server/node_modules/@graphql-tools/utils/typings/package.json' does not exist according to earlier cached lookups.
File 'd:/DOPAMS/Toystack/dopams-backend-staging/node_modules/@apollo/server/node_modules/@graphql-tools/utils/package.json' exists according to earlier cached lookups.
File 'd:/DOPAMS/Toystack/dopams-backend-staging/node_modules/@apollo/server/node_modules/@graphql-tools/utils/typings/package.json' does not exist according to earlier cached lookups.
File 'd:/DOPAMS/Toystack/dopams-backend-staging/node_modules/@apollo/server/node_modules/@graphql-tools/utils/package.json' exists according to earlier cached lookups.
======== Resolving module 'graphql' from 'd:/DOPAMS/Toystack/dopams-backend-staging/node_modules/@apollo/server/node_modules/@graphql-tools/utils/typings/stub.d.ts'. ========
Resolution for module 'graphql' was found in cache from location 'd:/DOPAMS/Toystack/dopams-backend-staging/node_modules/@apollo/server/node_modules/@graphql-tools/utils/typings'.
======== Module name 'graphql' was successfully resolved to 'd:/DOPAMS/Toystack/dopams-backend-staging/node_modules/graphql/index.d.ts' with Package ID 'graphql/index.d.ts@16.12.0'. ========
File 'd:/DOPAMS/Toystack/dopams-backend-staging/node_modules/@apollo/server/node_modules/@graphql-tools/utils/typings/package.json' does not exist according to earlier cached lookups.
File 'd:/DOPAMS/Toystack/dopams-backend-staging/node_modules/@apollo/server/node_modules/@graphql-tools/utils/package.json' exists according to earlier cached lookups.
======== Resolving module 'graphql' from 'd:/DOPAMS/Toystack/dopams-backend-staging/node_modules/@apollo/server/node_modules/@graphql-tools/utils/typings/selectionSets.d.ts'. ========
Resolution for module 'graphql' was found in cache from location 'd:/DOPAMS/Toystack/dopams-backend-staging/node_modules/@apollo/server/node_modules/@graphql-tools/utils/typings'.
======== Module name 'graphql' was successfully resolved to 'd:/DOPAMS/Toystack/dopams-backend-staging/node_modules/graphql/index.d.ts' with Package ID 'graphql/index.d.ts@16.12.0'. ========
======== Resolving module './Interfaces.js' from 'd:/DOPAMS/Toystack/dopams-backend-staging/node_modules/@apollo/server/node_modules/@graphql-tools/utils/typings/selectionSets.d.ts'. ========
Resolution for module './Interfaces.js' was found in cache from location 'd:/DOPAMS/Toystack/dopams-backend-staging/node_modules/@apollo/server/node_modules/@graphql-tools/utils/typings'.
======== Module name './Interfaces.js' was successfully resolved to 'd:/DOPAMS/Toystack/dopams-backend-staging/node_modules/@apollo/server/node_modules/@graphql-tools/utils/typings/Interfaces.d.ts' with Package ID '@graphql-tools/utils/typings/Interfaces.d.ts@9.2.1'. ========
File 'd:/DOPAMS/Toystack/dopams-backend-staging/node_modules/@apollo/server/node_modules/@graphql-tools/utils/typings/package.json' does not exist according to earlier cached lookups.
File 'd:/DOPAMS/Toystack/dopams-backend-staging/node_modules/@apollo/server/node_modules/@graphql-tools/utils/package.json' exists according to earlier cached lookups.
======== Resolving module 'graphql' from 'd:/DOPAMS/Toystack/dopams-backend-staging/node_modules/@apollo/server/node_modules/@graphql-tools/utils/typings/getResponseKeyFromInfo.d.ts'. ========
Resolution for module 'graphql' was found in cache from location 'd:/DOPAMS/Toystack/dopams-backend-staging/node_modules/@apollo/server/node_modules/@graphql-tools/utils/typings'.
======== Module name 'graphql' was successfully resolved to 'd:/DOPAMS/Toystack/dopams-backend-staging/node_modules/graphql/index.d.ts' with Package ID 'graphql/index.d.ts@16.12.0'. ========
File 'd:/DOPAMS/Toystack/dopams-backend-staging/node_modules/@apollo/server/node_modules/@graphql-tools/utils/typings/package.json' does not exist according to earlier cached lookups.
File 'd:/DOPAMS/Toystack/dopams-backend-staging/node_modules/@apollo/server/node_modules/@graphql-tools/utils/package.json' exists according to earlier cached lookups.
======== Resolving module 'graphql' from 'd:/DOPAMS/Toystack/dopams-backend-staging/node_modules/@apollo/server/node_modules/@graphql-tools/utils/typings/fields.d.ts'. ========
Resolution for module 'graphql' was found in cache from location 'd:/DOPAMS/Toystack/dopams-backend-staging/node_modules/@apollo/server/node_modules/@graphql-tools/utils/typings'.
======== Module name 'graphql' was successfully resolved to 'd:/DOPAMS/Toystack/dopams-backend-staging/node_modules/graphql/index.d.ts' with Package ID 'graphql/index.d.ts@16.12.0'. ========
File 'd:/DOPAMS/Toystack/dopams-backend-staging/node_modules/@apollo/server/node_modules/@graphql-tools/utils/typings/package.json' does not exist according to earlier cached lookups.
File 'd:/DOPAMS/Toystack/dopams-backend-staging/node_modules/@apollo/server/node_modules/@graphql-tools/utils/package.json' exists according to earlier cached lookups.
======== Resolving module 'graphql' from 'd:/DOPAMS/Toystack/dopams-backend-staging/node_modules/@apollo/server/node_modules/@graphql-tools/utils/typings/renameType.d.ts'. ========
Resolution for module 'graphql' was found in cache from location 'd:/DOPAMS/Toystack/dopams-backend-staging/node_modules/@apollo/server/node_modules/@graphql-tools/utils/typings'.
======== Module name 'graphql' was successfully resolved to 'd:/DOPAMS/Toystack/dopams-backend-staging/node_modules/graphql/index.d.ts' with Package ID 'graphql/index.d.ts@16.12.0'. ========
File 'd:/DOPAMS/Toystack/dopams-backend-staging/node_modules/@apollo/server/node_modules/@graphql-tools/utils/typings/package.json' does not exist according to earlier cached lookups.
File 'd:/DOPAMS/Toystack/dopams-backend-staging/node_modules/@apollo/server/node_modules/@graphql-tools/utils/package.json' exists according to earlier cached lookups.
======== Resolving module 'graphql' from 'd:/DOPAMS/Toystack/dopams-backend-staging/node_modules/@apollo/server/node_modules/@graphql-tools/utils/typings/transformInputValue.d.ts'. ========
Resolution for module 'graphql' was found in cache from location 'd:/DOPAMS/Toystack/dopams-backend-staging/node_modules/@apollo/server/node_modules/@graphql-tools/utils/typings'.
======== Module name 'graphql' was successfully resolved to 'd:/DOPAMS/Toystack/dopams-backend-staging/node_modules/graphql/index.d.ts' with Package ID 'graphql/index.d.ts@16.12.0'. ========
======== Resolving module './types.js' from 'd:/DOPAMS/Toystack/dopams-backend-staging/node_modules/@apollo/server/node_modules/@graphql-tools/utils/typings/transformInputValue.d.ts'. ========
Resolution for module './types.js' was found in cache from location 'd:/DOPAMS/Toystack/dopams-backend-staging/node_modules/@apollo/server/node_modules/@graphql-tools/utils/typings'.
======== Module name './types.js' was successfully resolved to 'd:/DOPAMS/Toystack/dopams-backend-staging/node_modules/@apollo/server/node_modules/@graphql-tools/utils/typings/types.d.ts' with Package ID '@graphql-tools/utils/typings/types.d.ts@9.2.1'. ========
File 'd:/DOPAMS/Toystack/dopams-backend-staging/node_modules/@apollo/server/node_modules/@graphql-tools/utils/typings/package.json' does not exist according to earlier cached lookups.
File 'd:/DOPAMS/Toystack/dopams-backend-staging/node_modules/@apollo/server/node_modules/@graphql-tools/utils/package.json' exists according to earlier cached lookups.
File 'd:/DOPAMS/Toystack/dopams-backend-staging/node_modules/@apollo/server/node_modules/@graphql-tools/utils/typings/package.json' does not exist according to earlier cached lookups.
File 'd:/DOPAMS/Toystack/dopams-backend-staging/node_modules/@apollo/server/node_modules/@graphql-tools/utils/package.json' exists according to earlier cached lookups.
======== Resolving module 'graphql' from 'd:/DOPAMS/Toystack/dopams-backend-staging/node_modules/@apollo/server/node_modules/@graphql-tools/utils/typings/updateArgument.d.ts'. ========
Resolution for module 'graphql' was found in cache from location 'd:/DOPAMS/Toystack/dopams-backend-staging/node_modules/@apollo/server/node_modules/@graphql-tools/utils/typings'.
======== Module name 'graphql' was successfully resolved to 'd:/DOPAMS/Toystack/dopams-backend-staging/node_modules/graphql/index.d.ts' with Package ID 'graphql/index.d.ts@16.12.0'. ========
File 'd:/DOPAMS/Toystack/dopams-backend-staging/node_modules/@apollo/server/node_modules/@graphql-tools/utils/typings/package.json' does not exist according to earlier cached lookups.
File 'd:/DOPAMS/Toystack/dopams-backend-staging/node_modules/@apollo/server/node_modules/@graphql-tools/utils/package.json' exists according to earlier cached lookups.
======== Resolving module 'graphql' from 'd:/DOPAMS/Toystack/dopams-backend-staging/node_modules/@apollo/server/node_modules/@graphql-tools/utils/typings/implementsAbstractType.d.ts'. ========
Resolution for module 'graphql' was found in cache from location 'd:/DOPAMS/Toystack/dopams-backend-staging/node_modules/@apollo/server/node_modules/@graphql-tools/utils/typings'.
======== Module name 'graphql' was successfully resolved to 'd:/DOPAMS/Toystack/dopams-backend-staging/node_modules/graphql/index.d.ts' with Package ID 'graphql/index.d.ts@16.12.0'. ========
======== Resolving module './types.js' from 'd:/DOPAMS/Toystack/dopams-backend-staging/node_modules/@apollo/server/node_modules/@graphql-tools/utils/typings/implementsAbstractType.d.ts'. ========
Resolution for module './types.js' was found in cache from location 'd:/DOPAMS/Toystack/dopams-backend-staging/node_modules/@apollo/server/node_modules/@graphql-tools/utils/typings'.
======== Module name './types.js' was successfully resolved to 'd:/DOPAMS/Toystack/dopams-backend-staging/node_modules/@apollo/server/node_modules/@graphql-tools/utils/typings/types.d.ts' with Package ID '@graphql-tools/utils/typings/types.d.ts@9.2.1'. ========
File 'd:/DOPAMS/Toystack/dopams-backend-staging/node_modules/@apollo/server/node_modules/@graphql-tools/utils/typings/package.json' does not exist according to earlier cached lookups.
File 'd:/DOPAMS/Toystack/dopams-backend-staging/node_modules/@apollo/server/node_modules/@graphql-tools/utils/package.json' exists according to earlier cached lookups.
======== Resolving module 'graphql' from 'd:/DOPAMS/Toystack/dopams-backend-staging/node_modules/@apollo/server/node_modules/@graphql-tools/utils/typings/errors.d.ts'. ========
Resolution for module 'graphql' was found in cache from location 'd:/DOPAMS/Toystack/dopams-backend-staging/node_modules/@apollo/server/node_modules/@graphql-tools/utils/typings'.
======== Module name 'graphql' was successfully resolved to 'd:/DOPAMS/Toystack/dopams-backend-staging/node_modules/graphql/index.d.ts' with Package ID 'graphql/index.d.ts@16.12.0'. ========
======== Resolving module './types.js' from 'd:/DOPAMS/Toystack/dopams-backend-staging/node_modules/@apollo/server/node_modules/@graphql-tools/utils/typings/errors.d.ts'. ========
Resolution for module './types.js' was found in cache from location 'd:/DOPAMS/Toystack/dopams-backend-staging/node_modules/@apollo/server/node_modules/@graphql-tools/utils/typings'.
======== Module name './types.js' was successfully resolved to 'd:/DOPAMS/Toystack/dopams-backend-staging/node_modules/@apollo/server/node_modules/@graphql-tools/utils/typings/types.d.ts' with Package ID '@graphql-tools/utils/typings/types.d.ts@9.2.1'. ========
File 'd:/DOPAMS/Toystack/dopams-backend-staging/node_modules/@apollo/server/node_modules/@graphql-tools/utils/typings/package.json' does not exist according to earlier cached lookups.
File 'd:/DOPAMS/Toystack/dopams-backend-staging/node_modules/@apollo/server/node_modules/@graphql-tools/utils/package.json' exists according to earlier cached lookups.
File 'd:/DOPAMS/Toystack/dopams-backend-staging/node_modules/@apollo/server/node_modules/@graphql-tools/utils/typings/package.json' does not exist according to earlier cached lookups.
File 'd:/DOPAMS/Toystack/dopams-backend-staging/node_modules/@apollo/server/node_modules/@graphql-tools/utils/package.json' exists according to earlier cached lookups.
======== Resolving module 'graphql' from 'd:/DOPAMS/Toystack/dopams-backend-staging/node_modules/@apollo/server/node_modules/@graphql-tools/utils/typings/visitResult.d.ts'. ========
Resolution for module 'graphql' was found in cache from location 'd:/DOPAMS/Toystack/dopams-backend-staging/node_modules/@apollo/server/node_modules/@graphql-tools/utils/typings'.
======== Module name 'graphql' was successfully resolved to 'd:/DOPAMS/Toystack/dopams-backend-staging/node_modules/graphql/index.d.ts' with Package ID 'graphql/index.d.ts@16.12.0'. ========
======== Resolving module './Interfaces.js' from 'd:/DOPAMS/Toystack/dopams-backend-staging/node_modules/@apollo/server/node_modules/@graphql-tools/utils/typings/visitResult.d.ts'. ========
Resolution for module './Interfaces.js' was found in cache from location 'd:/DOPAMS/Toystack/dopams-backend-staging/node_modules/@apollo/server/node_modules/@graphql-tools/utils/typings'.
======== Module name './Interfaces.js' was successfully resolved to 'd:/DOPAMS/Toystack/dopams-backend-staging/node_modules/@apollo/server/node_modules/@graphql-tools/utils/typings/Interfaces.d.ts' with Package ID '@graphql-tools/utils/typings/Interfaces.d.ts@9.2.1'. ========
File 'd:/DOPAMS/Toystack/dopams-backend-staging/node_modules/@apollo/server/node_modules/@graphql-tools/utils/typings/package.json' does not exist according to earlier cached lookups.
File 'd:/DOPAMS/Toystack/dopams-backend-staging/node_modules/@apollo/server/node_modules/@graphql-tools/utils/package.json' exists according to earlier cached lookups.
======== Resolving module 'graphql' from 'd:/DOPAMS/Toystack/dopams-backend-staging/node_modules/@apollo/server/node_modules/@graphql-tools/utils/typings/getArgumentValues.d.ts'. ========
Resolution for module 'graphql' was found in cache from location 'd:/DOPAMS/Toystack/dopams-backend-staging/node_modules/@apollo/server/node_modules/@graphql-tools/utils/typings'.
======== Module name 'graphql' was successfully resolved to 'd:/DOPAMS/Toystack/dopams-backend-staging/node_modules/graphql/index.d.ts' with Package ID 'graphql/index.d.ts@16.12.0'. ========
File 'd:/DOPAMS/Toystack/dopams-backend-staging/node_modules/@apollo/server/node_modules/@graphql-tools/utils/typings/package.json' does not exist according to earlier cached lookups.
File 'd:/DOPAMS/Toystack/dopams-backend-staging/node_modules/@apollo/server/node_modules/@graphql-tools/utils/package.json' exists according to earlier cached lookups.
File 'd:/DOPAMS/Toystack/dopams-backend-staging/node_modules/@apollo/server/node_modules/@graphql-tools/utils/typings/package.json' does not exist according to earlier cached lookups.
File 'd:/DOPAMS/Toystack/dopams-backend-staging/node_modules/@apollo/server/node_modules/@graphql-tools/utils/package.json' exists according to earlier cached lookups.
File 'd:/DOPAMS/Toystack/dopams-backend-staging/node_modules/@apollo/server/node_modules/@graphql-tools/utils/typings/package.json' does not exist according to earlier cached lookups.
File 'd:/DOPAMS/Toystack/dopams-backend-staging/node_modules/@apollo/server/node_modules/@graphql-tools/utils/package.json' exists according to earlier cached lookups.
======== Resolving module 'graphql' from 'd:/DOPAMS/Toystack/dopams-backend-staging/node_modules/@apollo/server/node_modules/@graphql-tools/utils/typings/isDocumentNode.d.ts'. ========
Resolution for module 'graphql' was found in cache from location 'd:/DOPAMS/Toystack/dopams-backend-staging/node_modules/@apollo/server/node_modules/@graphql-tools/utils/typings'.
======== Module name 'graphql' was successfully resolved to 'd:/DOPAMS/Toystack/dopams-backend-staging/node_modules/graphql/index.d.ts' with Package ID 'graphql/index.d.ts@16.12.0'. ========
File 'd:/DOPAMS/Toystack/dopams-backend-staging/node_modules/@apollo/server/node_modules/@graphql-tools/utils/typings/package.json' does not exist according to earlier cached lookups.
File 'd:/DOPAMS/Toystack/dopams-backend-staging/node_modules/@apollo/server/node_modules/@graphql-tools/utils/package.json' exists according to earlier cached lookups.
======== Resolving module 'graphql' from 'd:/DOPAMS/Toystack/dopams-backend-staging/node_modules/@apollo/server/node_modules/@graphql-tools/utils/typings/astFromValueUntyped.d.ts'. ========
Resolution for module 'graphql' was found in cache from location 'd:/DOPAMS/Toystack/dopams-backend-staging/node_modules/@apollo/server/node_modules/@graphql-tools/utils/typings'.
======== Module name 'graphql' was successfully resolved to 'd:/DOPAMS/Toystack/dopams-backend-staging/node_modules/graphql/index.d.ts' with Package ID 'graphql/index.d.ts@16.12.0'. ========
File 'd:/DOPAMS/Toystack/dopams-backend-staging/node_modules/@apollo/server/node_modules/@graphql-tools/utils/typings/package.json' does not exist according to earlier cached lookups.
File 'd:/DOPAMS/Toystack/dopams-backend-staging/node_modules/@apollo/server/node_modules/@graphql-tools/utils/package.json' exists according to earlier cached lookups.
======== Resolving module './Interfaces.js' from 'd:/DOPAMS/Toystack/dopams-backend-staging/node_modules/@apollo/server/node_modules/@graphql-tools/utils/typings/executor.d.ts'. ========
Resolution for module './Interfaces.js' was found in cache from location 'd:/DOPAMS/Toystack/dopams-backend-staging/node_modules/@apollo/server/node_modules/@graphql-tools/utils/typings'.
======== Module name './Interfaces.js' was successfully resolved to 'd:/DOPAMS/Toystack/dopams-backend-staging/node_modules/@apollo/server/node_modules/@graphql-tools/utils/typings/Interfaces.d.ts' with Package ID '@graphql-tools/utils/typings/Interfaces.d.ts@9.2.1'. ========
File 'd:/DOPAMS/Toystack/dopams-backend-staging/node_modules/@apollo/server/node_modules/@graphql-tools/utils/typings/package.json' does not exist according to earlier cached lookups.
File 'd:/DOPAMS/Toystack/dopams-backend-staging/node_modules/@apollo/server/node_modules/@graphql-tools/utils/package.json' exists according to earlier cached lookups.
File 'd:/DOPAMS/Toystack/dopams-backend-staging/node_modules/@apollo/server/node_modules/@graphql-tools/utils/typings/package.json' does not exist according to earlier cached lookups.
File 'd:/DOPAMS/Toystack/dopams-backend-staging/node_modules/@apollo/server/node_modules/@graphql-tools/utils/package.json' exists according to earlier cached lookups.
File 'd:/DOPAMS/Toystack/dopams-backend-staging/node_modules/@apollo/server/node_modules/@graphql-tools/utils/typings/package.json' does not exist according to earlier cached lookups.
File 'd:/DOPAMS/Toystack/dopams-backend-staging/node_modules/@apollo/server/node_modules/@graphql-tools/utils/package.json' exists according to earlier cached lookups.
======== Resolving module 'graphql' from 'd:/DOPAMS/Toystack/dopams-backend-staging/node_modules/@apollo/server/node_modules/@graphql-tools/utils/typings/rootTypes.d.ts'. ========
Resolution for module 'graphql' was found in cache from location 'd:/DOPAMS/Toystack/dopams-backend-staging/node_modules/@apollo/server/node_modules/@graphql-tools/utils/typings'.
======== Module name 'graphql' was successfully resolved to 'd:/DOPAMS/Toystack/dopams-backend-staging/node_modules/graphql/index.d.ts' with Package ID 'graphql/index.d.ts@16.12.0'. ========
File 'd:/DOPAMS/Toystack/dopams-backend-staging/node_modules/@apollo/server/node_modules/@graphql-tools/utils/typings/package.json' does not exist according to earlier cached lookups.
File 'd:/DOPAMS/Toystack/dopams-backend-staging/node_modules/@apollo/server/node_modules/@graphql-tools/utils/package.json' exists according to earlier cached lookups.
======== Resolving module 'graphql' from 'd:/DOPAMS/Toystack/dopams-backend-staging/node_modules/@apollo/server/node_modules/@graphql-tools/utils/typings/comments.d.ts'. ========
Resolution for module 'graphql' was found in cache from location 'd:/DOPAMS/Toystack/dopams-backend-staging/node_modules/@apollo/server/node_modules/@graphql-tools/utils/typings'.
======== Module name 'graphql' was successfully resolved to 'd:/DOPAMS/Toystack/dopams-backend-staging/node_modules/graphql/index.d.ts' with Package ID 'graphql/index.d.ts@16.12.0'. ========
File 'd:/DOPAMS/Toystack/dopams-backend-staging/node_modules/@apollo/server/node_modules/@graphql-tools/utils/typings/package.json' does not exist according to earlier cached lookups.
File 'd:/DOPAMS/Toystack/dopams-backend-staging/node_modules/@apollo/server/node_modules/@graphql-tools/utils/package.json' exists according to earlier cached lookups.
======== Resolving module 'graphql' from 'd:/DOPAMS/Toystack/dopams-backend-staging/node_modules/@apollo/server/node_modules/@graphql-tools/utils/typings/collectFields.d.ts'. ========
Resolution for module 'graphql' was found in cache from location 'd:/DOPAMS/Toystack/dopams-backend-staging/node_modules/@apollo/server/node_modules/@graphql-tools/utils/typings'.
======== Module name 'graphql' was successfully resolved to 'd:/DOPAMS/Toystack/dopams-backend-staging/node_modules/graphql/index.d.ts' with Package ID 'graphql/index.d.ts@16.12.0'. ========
File 'd:/DOPAMS/Toystack/dopams-backend-staging/node_modules/@apollo/server/node_modules/@graphql-tools/utils/typings/package.json' does not exist according to earlier cached lookups.
File 'd:/DOPAMS/Toystack/dopams-backend-staging/node_modules/@apollo/server/node_modules/@graphql-tools/utils/package.json' exists according to earlier cached lookups.
File 'd:/DOPAMS/Toystack/dopams-backend-staging/node_modules/@apollo/server/node_modules/@graphql-tools/utils/typings/package.json' does not exist according to earlier cached lookups.
File 'd:/DOPAMS/Toystack/dopams-backend-staging/node_modules/@apollo/server/node_modules/@graphql-tools/utils/package.json' exists according to earlier cached lookups.
File 'd:/DOPAMS/Toystack/dopams-backend-staging/node_modules/@apollo/server/node_modules/@graphql-tools/utils/typings/package.json' does not exist according to earlier cached lookups.
File 'd:/DOPAMS/Toystack/dopams-backend-staging/node_modules/@apollo/server/node_modules/@graphql-tools/utils/package.json' exists according to earlier cached lookups.
======== Resolving module 'graphql' from 'd:/DOPAMS/Toystack/dopams-backend-staging/node_modules/@apollo/server/node_modules/@graphql-tools/utils/typings/fixSchemaAst.d.ts'. ========
Resolution for module 'graphql' was found in cache from location 'd:/DOPAMS/Toystack/dopams-backend-staging/node_modules/@apollo/server/node_modules/@graphql-tools/utils/typings'.
======== Module name 'graphql' was successfully resolved to 'd:/DOPAMS/Toystack/dopams-backend-staging/node_modules/graphql/index.d.ts' with Package ID 'graphql/index.d.ts@16.12.0'. ========
======== Resolving module './types.js' from 'd:/DOPAMS/Toystack/dopams-backend-staging/node_modules/@apollo/server/node_modules/@graphql-tools/utils/typings/fixSchemaAst.d.ts'. ========
Resolution for module './types.js' was found in cache from location 'd:/DOPAMS/Toystack/dopams-backend-staging/node_modules/@apollo/server/node_modules/@graphql-tools/utils/typings'.
======== Module name './types.js' was successfully resolved to 'd:/DOPAMS/Toystack/dopams-backend-staging/node_modules/@apollo/server/node_modules/@graphql-tools/utils/typings/types.d.ts' with Package ID '@graphql-tools/utils/typings/types.d.ts@9.2.1'. ========
File 'd:/DOPAMS/Toystack/dopams-backend-staging/node_modules/@apollo/server/node_modules/@graphql-tools/utils/typings/package.json' does not exist according to earlier cached lookups.
File 'd:/DOPAMS/Toystack/dopams-backend-staging/node_modules/@apollo/server/node_modules/@graphql-tools/utils/package.json' exists according to earlier cached lookups.
======== Resolving module 'graphql' from 'd:/DOPAMS/Toystack/dopams-backend-staging/node_modules/@apollo/server/node_modules/@graphql-tools/utils/typings/getOperationASTFromRequest.d.ts'. ========
Resolution for module 'graphql' was found in cache from location 'd:/DOPAMS/Toystack/dopams-backend-staging/node_modules/@apollo/server/node_modules/@graphql-tools/utils/typings'.
======== Module name 'graphql' was successfully resolved to 'd:/DOPAMS/Toystack/dopams-backend-staging/node_modules/graphql/index.d.ts' with Package ID 'graphql/index.d.ts@16.12.0'. ========
======== Resolving module './Interfaces.js' from 'd:/DOPAMS/Toystack/dopams-backend-staging/node_modules/@apollo/server/node_modules/@graphql-tools/utils/typings/getOperationASTFromRequest.d.ts'. ========
Resolution for module './Interfaces.js' was found in cache from location 'd:/DOPAMS/Toystack/dopams-backend-staging/node_modules/@apollo/server/node_modules/@graphql-tools/utils/typings'.
======== Module name './Interfaces.js' was successfully resolved to 'd:/DOPAMS/Toystack/dopams-backend-staging/node_modules/@apollo/server/node_modules/@graphql-tools/utils/typings/Interfaces.d.ts' with Package ID '@graphql-tools/utils/typings/Interfaces.d.ts@9.2.1'. ========
File 'd:/DOPAMS/Toystack/dopams-backend-staging/node_modules/@apollo/server/node_modules/@graphql-tools/utils/typings/package.json' does not exist according to earlier cached lookups.
File 'd:/DOPAMS/Toystack/dopams-backend-staging/node_modules/@apollo/server/node_modules/@graphql-tools/utils/package.json' exists according to earlier cached lookups.
======== Resolving module 'graphql' from 'd:/DOPAMS/Toystack/dopams-backend-staging/node_modules/@apollo/server/node_modules/@graphql-tools/utils/typings/extractExtensionsFromSchema.d.ts'. ========
Resolution for module 'graphql' was found in cache from location 'd:/DOPAMS/Toystack/dopams-backend-staging/node_modules/@apollo/server/node_modules/@graphql-tools/utils/typings'.
======== Module name 'graphql' was successfully resolved to 'd:/DOPAMS/Toystack/dopams-backend-staging/node_modules/graphql/index.d.ts' with Package ID 'graphql/index.d.ts@16.12.0'. ========
======== Resolving module './types.js' from 'd:/DOPAMS/Toystack/dopams-backend-staging/node_modules/@apollo/server/node_modules/@graphql-tools/utils/typings/extractExtensionsFromSchema.d.ts'. ========
Resolution for module './types.js' was found in cache from location 'd:/DOPAMS/Toystack/dopams-backend-staging/node_modules/@apollo/server/node_modules/@graphql-tools/utils/typings'.
======== Module name './types.js' was successfully resolved to 'd:/DOPAMS/Toystack/dopams-backend-staging/node_modules/@apollo/server/node_modules/@graphql-tools/utils/typings/types.d.ts' with Package ID '@graphql-tools/utils/typings/types.d.ts@9.2.1'. ========
File 'd:/DOPAMS/Toystack/dopams-backend-staging/node_modules/@apollo/server/node_modules/@graphql-tools/utils/typings/package.json' does not exist according to earlier cached lookups.
File 'd:/DOPAMS/Toystack/dopams-backend-staging/node_modules/@apollo/server/node_modules/@graphql-tools/utils/package.json' exists according to earlier cached lookups.
======== Resolving module './types.js' from 'd:/DOPAMS/Toystack/dopams-backend-staging/node_modules/@apollo/server/node_modules/@graphql-tools/utils/typings/Path.d.ts'. ========
Resolution for module './types.js' was found in cache from location 'd:/DOPAMS/Toystack/dopams-backend-staging/node_modules/@apollo/server/node_modules/@graphql-tools/utils/typings'.
======== Module name './types.js' was successfully resolved to 'd:/DOPAMS/Toystack/dopams-backend-staging/node_modules/@apollo/server/node_modules/@graphql-tools/utils/typings/types.d.ts' with Package ID '@graphql-tools/utils/typings/types.d.ts@9.2.1'. ========
File 'd:/DOPAMS/Toystack/dopams-backend-staging/node_modules/@apollo/server/node_modules/@graphql-tools/utils/typings/package.json' does not exist according to earlier cached lookups.
File 'd:/DOPAMS/Toystack/dopams-backend-staging/node_modules/@apollo/server/node_modules/@graphql-tools/utils/package.json' exists according to earlier cached lookups.
======== Resolving module './executor.js' from 'd:/DOPAMS/Toystack/dopams-backend-staging/node_modules/@apollo/server/node_modules/@graphql-tools/utils/typings/jsutils.d.ts'. ========
Resolution for module './executor.js' was found in cache from location 'd:/DOPAMS/Toystack/dopams-backend-staging/node_modules/@apollo/server/node_modules/@graphql-tools/utils/typings'.
======== Module name './executor.js' was successfully resolved to 'd:/DOPAMS/Toystack/dopams-backend-staging/node_modules/@apollo/server/node_modules/@graphql-tools/utils/typings/executor.d.ts' with Package ID '@graphql-tools/utils/typings/executor.d.ts@9.2.1'. ========
File 'd:/DOPAMS/Toystack/dopams-backend-staging/node_modules/@apollo/server/node_modules/@graphql-tools/utils/typings/package.json' does not exist according to earlier cached lookups.
File 'd:/DOPAMS/Toystack/dopams-backend-staging/node_modules/@apollo/server/node_modules/@graphql-tools/utils/package.json' exists according to earlier cached lookups.
======== Resolving module 'graphql' from 'd:/DOPAMS/Toystack/dopams-backend-staging/node_modules/@apollo/server/node_modules/@graphql-tools/utils/typings/directives.d.ts'. ========
Resolution for module 'graphql' was found in cache from location 'd:/DOPAMS/Toystack/dopams-backend-staging/node_modules/@apollo/server/node_modules/@graphql-tools/utils/typings'.
======== Module name 'graphql' was successfully resolved to 'd:/DOPAMS/Toystack/dopams-backend-staging/node_modules/graphql/index.d.ts' with Package ID 'graphql/index.d.ts@16.12.0'. ========
File 'd:/DOPAMS/Toystack/dopams-backend-staging/node_modules/@apollo/server/node_modules/@graphql-tools/schema/typings/package.json' does not exist according to earlier cached lookups.
File 'd:/DOPAMS/Toystack/dopams-backend-staging/node_modules/@apollo/server/node_modules/@graphql-tools/schema/package.json' exists according to earlier cached lookups.
======== Resolving module 'graphql' from 'd:/DOPAMS/Toystack/dopams-backend-staging/node_modules/@apollo/server/node_modules/@graphql-tools/schema/typings/chainResolvers.d.ts'. ========
Resolution for module 'graphql' was found in cache from location 'd:/DOPAMS/Toystack/dopams-backend-staging/node_modules/@apollo/server/node_modules/@graphql-tools/schema/typings'.
======== Module name 'graphql' was successfully resolved to 'd:/DOPAMS/Toystack/dopams-backend-staging/node_modules/graphql/index.d.ts' with Package ID 'graphql/index.d.ts@16.12.0'. ========
======== Resolving module '@graphql-tools/utils' from 'd:/DOPAMS/Toystack/dopams-backend-staging/node_modules/@apollo/server/node_modules/@graphql-tools/schema/typings/chainResolvers.d.ts'. ========
Resolution for module '@graphql-tools/utils' was found in cache from location 'd:/DOPAMS/Toystack/dopams-backend-staging/node_modules/@apollo/server/node_modules/@graphql-tools/schema/typings'.
======== Module name '@graphql-tools/utils' was successfully resolved to 'd:/DOPAMS/Toystack/dopams-backend-staging/node_modules/@apollo/server/node_modules/@graphql-tools/utils/typings/index.d.ts' with Package ID '@graphql-tools/utils/typings/index.d.ts@9.2.1'. ========
File 'd:/DOPAMS/Toystack/dopams-backend-staging/node_modules/@apollo/server/node_modules/@graphql-tools/schema/typings/package.json' does not exist according to earlier cached lookups.
File 'd:/DOPAMS/Toystack/dopams-backend-staging/node_modules/@apollo/server/node_modules/@graphql-tools/schema/package.json' exists according to earlier cached lookups.
======== Resolving module 'graphql' from 'd:/DOPAMS/Toystack/dopams-backend-staging/node_modules/@apollo/server/node_modules/@graphql-tools/schema/typings/addResolversToSchema.d.ts'. ========
Resolution for module 'graphql' was found in cache from location 'd:/DOPAMS/Toystack/dopams-backend-staging/node_modules/@apollo/server/node_modules/@graphql-tools/schema/typings'.
======== Module name 'graphql' was successfully resolved to 'd:/DOPAMS/Toystack/dopams-backend-staging/node_modules/graphql/index.d.ts' with Package ID 'graphql/index.d.ts@16.12.0'. ========
======== Resolving module '@graphql-tools/utils' from 'd:/DOPAMS/Toystack/dopams-backend-staging/node_modules/@apollo/server/node_modules/@graphql-tools/schema/typings/addResolversToSchema.d.ts'. ========
Resolution for module '@graphql-tools/utils' was found in cache from location 'd:/DOPAMS/Toystack/dopams-backend-staging/node_modules/@apollo/server/node_modules/@graphql-tools/schema/typings'.
======== Module name '@graphql-tools/utils' was successfully resolved to 'd:/DOPAMS/Toystack/dopams-backend-staging/node_modules/@apollo/server/node_modules/@graphql-tools/utils/typings/index.d.ts' with Package ID '@graphql-tools/utils/typings/index.d.ts@9.2.1'. ========
File 'd:/DOPAMS/Toystack/dopams-backend-staging/node_modules/@apollo/server/node_modules/@graphql-tools/schema/typings/package.json' does not exist according to earlier cached lookups.
File 'd:/DOPAMS/Toystack/dopams-backend-staging/node_modules/@apollo/server/node_modules/@graphql-tools/schema/package.json' exists according to earlier cached lookups.
======== Resolving module 'graphql' from 'd:/DOPAMS/Toystack/dopams-backend-staging/node_modules/@apollo/server/node_modules/@graphql-tools/schema/typings/checkForResolveTypeResolver.d.ts'. ========
Resolution for module 'graphql' was found in cache from location 'd:/DOPAMS/Toystack/dopams-backend-staging/node_modules/@apollo/server/node_modules/@graphql-tools/schema/typings'.
======== Module name 'graphql' was successfully resolved to 'd:/DOPAMS/Toystack/dopams-backend-staging/node_modules/graphql/index.d.ts' with Package ID 'graphql/index.d.ts@16.12.0'. ========
======== Resolving module '@graphql-tools/utils' from 'd:/DOPAMS/Toystack/dopams-backend-staging/node_modules/@apollo/server/node_modules/@graphql-tools/schema/typings/checkForResolveTypeResolver.d.ts'. ========
Resolution for module '@graphql-tools/utils' was found in cache from location 'd:/DOPAMS/Toystack/dopams-backend-staging/node_modules/@apollo/server/node_modules/@graphql-tools/schema/typings'.
======== Module name '@graphql-tools/utils' was successfully resolved to 'd:/DOPAMS/Toystack/dopams-backend-staging/node_modules/@apollo/server/node_modules/@graphql-tools/utils/typings/index.d.ts' with Package ID '@graphql-tools/utils/typings/index.d.ts@9.2.1'. ========
File 'd:/DOPAMS/Toystack/dopams-backend-staging/node_modules/@apollo/server/node_modules/@graphql-tools/schema/typings/package.json' does not exist according to earlier cached lookups.
File 'd:/DOPAMS/Toystack/dopams-backend-staging/node_modules/@apollo/server/node_modules/@graphql-tools/schema/package.json' exists according to earlier cached lookups.
======== Resolving module 'graphql' from 'd:/DOPAMS/Toystack/dopams-backend-staging/node_modules/@apollo/server/node_modules/@graphql-tools/schema/typings/extendResolversFromInterfaces.d.ts'. ========
Resolution for module 'graphql' was found in cache from location 'd:/DOPAMS/Toystack/dopams-backend-staging/node_modules/@apollo/server/node_modules/@graphql-tools/schema/typings'.
======== Module name 'graphql' was successfully resolved to 'd:/DOPAMS/Toystack/dopams-backend-staging/node_modules/graphql/index.d.ts' with Package ID 'graphql/index.d.ts@16.12.0'. ========
======== Resolving module '@graphql-tools/utils' from 'd:/DOPAMS/Toystack/dopams-backend-staging/node_modules/@apollo/server/node_modules/@graphql-tools/schema/typings/extendResolversFromInterfaces.d.ts'. ========
Resolution for module '@graphql-tools/utils' was found in cache from location 'd:/DOPAMS/Toystack/dopams-backend-staging/node_modules/@apollo/server/node_modules/@graphql-tools/schema/typings'.
======== Module name '@graphql-tools/utils' was successfully resolved to 'd:/DOPAMS/Toystack/dopams-backend-staging/node_modules/@apollo/server/node_modules/@graphql-tools/utils/typings/index.d.ts' with Package ID '@graphql-tools/utils/typings/index.d.ts@9.2.1'. ========
File 'd:/DOPAMS/Toystack/dopams-backend-staging/node_modules/@apollo/server/node_modules/@graphql-tools/schema/typings/package.json' does not exist according to earlier cached lookups.
File 'd:/DOPAMS/Toystack/dopams-backend-staging/node_modules/@apollo/server/node_modules/@graphql-tools/schema/package.json' exists according to earlier cached lookups.
======== Resolving module 'graphql' from 'd:/DOPAMS/Toystack/dopams-backend-staging/node_modules/@apollo/server/node_modules/@graphql-tools/schema/typings/makeExecutableSchema.d.ts'. ========
Resolution for module 'graphql' was found in cache from location 'd:/DOPAMS/Toystack/dopams-backend-staging/node_modules/@apollo/server/node_modules/@graphql-tools/schema/typings'.
======== Module name 'graphql' was successfully resolved to 'd:/DOPAMS/Toystack/dopams-backend-staging/node_modules/graphql/index.d.ts' with Package ID 'graphql/index.d.ts@16.12.0'. ========
======== Resolving module './types.js' from 'd:/DOPAMS/Toystack/dopams-backend-staging/node_modules/@apollo/server/node_modules/@graphql-tools/schema/typings/makeExecutableSchema.d.ts'. ========
Resolution for module './types.js' was found in cache from location 'd:/DOPAMS/Toystack/dopams-backend-staging/node_modules/@apollo/server/node_modules/@graphql-tools/schema/typings'.
======== Module name './types.js' was successfully resolved to 'd:/DOPAMS/Toystack/dopams-backend-staging/node_modules/@apollo/server/node_modules/@graphql-tools/schema/typings/types.d.ts' with Package ID '@graphql-tools/schema/typings/types.d.ts@9.0.19'. ========
File 'd:/DOPAMS/Toystack/dopams-backend-staging/node_modules/@apollo/server/node_modules/@graphql-tools/schema/typings/package.json' does not exist according to earlier cached lookups.
File 'd:/DOPAMS/Toystack/dopams-backend-staging/node_modules/@apollo/server/node_modules/@graphql-tools/schema/package.json' exists according to earlier cached lookups.
======== Resolving module '@graphql-tools/utils' from 'd:/DOPAMS/Toystack/dopams-backend-staging/node_modules/@apollo/server/node_modules/@graphql-tools/schema/typings/types.d.ts'. ========
Resolution for module '@graphql-tools/utils' was found in cache from location 'd:/DOPAMS/Toystack/dopams-backend-staging/node_modules/@apollo/server/node_modules/@graphql-tools/schema/typings'.
======== Module name '@graphql-tools/utils' was successfully resolved to 'd:/DOPAMS/Toystack/dopams-backend-staging/node_modules/@apollo/server/node_modules/@graphql-tools/utils/typings/index.d.ts' with Package ID '@graphql-tools/utils/typings/index.d.ts@9.2.1'. ========
======== Resolving module 'graphql' from 'd:/DOPAMS/Toystack/dopams-backend-staging/node_modules/@apollo/server/node_modules/@graphql-tools/schema/typings/types.d.ts'. ========
Resolution for module 'graphql' was found in cache from location 'd:/DOPAMS/Toystack/dopams-backend-staging/node_modules/@apollo/server/node_modules/@graphql-tools/schema/typings'.
======== Module name 'graphql' was successfully resolved to 'd:/DOPAMS/Toystack/dopams-backend-staging/node_modules/graphql/index.d.ts' with Package ID 'graphql/index.d.ts@16.12.0'. ========
File 'd:/DOPAMS/Toystack/dopams-backend-staging/node_modules/@apollo/server/node_modules/@graphql-tools/schema/typings/package.json' does not exist according to earlier cached lookups.
File 'd:/DOPAMS/Toystack/dopams-backend-staging/node_modules/@apollo/server/node_modules/@graphql-tools/schema/package.json' exists according to earlier cached lookups.
======== Resolving module 'graphql' from 'd:/DOPAMS/Toystack/dopams-backend-staging/node_modules/@apollo/server/node_modules/@graphql-tools/schema/typings/merge-schemas.d.ts'. ========
Resolution for module 'graphql' was found in cache from location 'd:/DOPAMS/Toystack/dopams-backend-staging/node_modules/@apollo/server/node_modules/@graphql-tools/schema/typings'.
======== Module name 'graphql' was successfully resolved to 'd:/DOPAMS/Toystack/dopams-backend-staging/node_modules/graphql/index.d.ts' with Package ID 'graphql/index.d.ts@16.12.0'. ========
======== Resolving module './types.js' from 'd:/DOPAMS/Toystack/dopams-backend-staging/node_modules/@apollo/server/node_modules/@graphql-tools/schema/typings/merge-schemas.d.ts'. ========
Resolution for module './types.js' was found in cache from location 'd:/DOPAMS/Toystack/dopams-backend-staging/node_modules/@apollo/server/node_modules/@graphql-tools/schema/typings'.
======== Module name './types.js' was successfully resolved to 'd:/DOPAMS/Toystack/dopams-backend-staging/node_modules/@apollo/server/node_modules/@graphql-tools/schema/typings/types.d.ts' with Package ID '@graphql-tools/schema/typings/types.d.ts@9.0.19'. ========
File 'd:/DOPAMS/Toystack/dopams-backend-staging/node_modules/@apollo/server/dist/esm/package.json' exists according to earlier cached lookups.
======== Resolving module 'graphql' from 'd:/DOPAMS/Toystack/dopams-backend-staging/node_modules/@apollo/server/dist/esm/incrementalDeliveryPolyfill.d.ts'. ========
Resolution for module 'graphql' was found in cache from location 'd:/DOPAMS/Toystack/dopams-backend-staging/node_modules/@apollo/server/dist/esm'.
======== Module name 'graphql' was successfully resolved to 'd:/DOPAMS/Toystack/dopams-backend-staging/node_modules/graphql/index.d.ts' with Package ID 'graphql/index.d.ts@16.12.0'. ========
File 'd:/DOPAMS/Toystack/dopams-backend-staging/node_modules/@apollo/server/dist/esm/externalTypes/package.json' does not exist according to earlier cached lookups.
File 'd:/DOPAMS/Toystack/dopams-backend-staging/node_modules/@apollo/server/dist/esm/package.json' exists according to earlier cached lookups.
======== Resolving module '@apollo/utils.withrequired' from 'd:/DOPAMS/Toystack/dopams-backend-staging/node_modules/@apollo/server/dist/esm/externalTypes/requestPipeline.d.ts'. ========
Resolution for module '@apollo/utils.withrequired' was found in cache from location 'd:/DOPAMS/Toystack/dopams-backend-staging/node_modules/@apollo/server/dist/esm/externalTypes'.
======== Module name '@apollo/utils.withrequired' was successfully resolved to 'd:/DOPAMS/Toystack/dopams-backend-staging/node_modules/@apollo/server/node_modules/@apollo/utils.withrequired/dist/index.d.ts' with Package ID '@apollo/utils.withrequired/dist/index.d.ts@2.0.1'. ========
======== Resolving module '@apollo/usage-reporting-protobuf' from 'd:/DOPAMS/Toystack/dopams-backend-staging/node_modules/@apollo/server/dist/esm/externalTypes/requestPipeline.d.ts'. ========
Explicitly specified module resolution kind: 'Node10'.
'baseUrl' option is set to 'd:/DOPAMS/Toystack/dopams-backend-staging/src', using this value to resolve non-relative module name '@apollo/usage-reporting-protobuf'.
'paths' option is specified, looking for a pattern to match module name '@apollo/usage-reporting-protobuf'.
'baseUrl' option is set to 'd:/DOPAMS/Toystack/dopams-backend-staging/src', using this value to resolve non-relative module name '@apollo/usage-reporting-protobuf'.
Resolving module name '@apollo/usage-reporting-protobuf' relative to base url 'd:/DOPAMS/Toystack/dopams-backend-staging/src' - 'd:/DOPAMS/Toystack/dopams-backend-staging/src/@apollo/usage-reporting-protobuf'.
Loading module as file / folder, candidate module location 'd:/DOPAMS/Toystack/dopams-backend-staging/src/@apollo/usage-reporting-protobuf', target file types: TypeScript, Declaration.
Loading module '@apollo/usage-reporting-protobuf' from 'node_modules' folder, target file types: TypeScript, Declaration.
Searching all ancestor node_modules directories for preferred extensions: TypeScript, Declaration.
Directory 'd:/DOPAMS/Toystack/dopams-backend-staging/node_modules/@apollo/server/dist/esm/externalTypes/node_modules' does not exist, skipping all lookups in it.
Scoped package detected, looking in 'apollo__usage-reporting-protobuf'
Directory 'd:/DOPAMS/Toystack/dopams-backend-staging/node_modules/@apollo/server/dist/esm/node_modules' does not exist, skipping all lookups in it.
Scoped package detected, looking in 'apollo__usage-reporting-protobuf'
Directory 'd:/DOPAMS/Toystack/dopams-backend-staging/node_modules/@apollo/server/dist/node_modules' does not exist, skipping all lookups in it.
Scoped package detected, looking in 'apollo__usage-reporting-protobuf'
File 'd:/DOPAMS/Toystack/dopams-backend-staging/node_modules/@apollo/server/node_modules/@apollo/usage-reporting-protobuf.ts' does not exist.
File 'd:/DOPAMS/Toystack/dopams-backend-staging/node_modules/@apollo/server/node_modules/@apollo/usage-reporting-protobuf.tsx' does not exist.
File 'd:/DOPAMS/Toystack/dopams-backend-staging/node_modules/@apollo/server/node_modules/@apollo/usage-reporting-protobuf.d.ts' does not exist.
Directory 'd:/DOPAMS/Toystack/dopams-backend-staging/node_modules/@apollo/server/node_modules/@types' does not exist, skipping all lookups in it.
Scoped package detected, looking in 'apollo__usage-reporting-protobuf'
Resolution for module '@apollo/usage-reporting-protobuf' was found in cache from location 'd:/DOPAMS/Toystack/dopams-backend-staging/node_modules/@apollo'.
======== Module name '@apollo/usage-reporting-protobuf' was successfully resolved to 'd:/DOPAMS/Toystack/dopams-backend-staging/node_modules/@apollo/usage-reporting-protobuf/generated/esm/protobuf.d.ts' with Package ID '@apollo/usage-reporting-protobuf/generated/esm/protobuf.d.ts@4.1.1'. ========
======== Resolving module './context.js' from 'd:/DOPAMS/Toystack/dopams-backend-staging/node_modules/@apollo/server/dist/esm/externalTypes/requestPipeline.d.ts'. ========
Resolution for module './context.js' was found in cache from location 'd:/DOPAMS/Toystack/dopams-backend-staging/node_modules/@apollo/server/dist/esm/externalTypes'.
======== Module name './context.js' was successfully resolved to 'd:/DOPAMS/Toystack/dopams-backend-staging/node_modules/@apollo/server/dist/esm/externalTypes/context.d.ts' with Package ID '@apollo/server/dist/esm/externalTypes/context.d.ts@4.13.0+graphql@16.12.0'. ========
======== Resolving module './graphql.js' from 'd:/DOPAMS/Toystack/dopams-backend-staging/node_modules/@apollo/server/dist/esm/externalTypes/requestPipeline.d.ts'. ========
Resolution for module './graphql.js' was found in cache from location 'd:/DOPAMS/Toystack/dopams-backend-staging/node_modules/@apollo/server/dist/esm/externalTypes'.
======== Module name './graphql.js' was successfully resolved to 'd:/DOPAMS/Toystack/dopams-backend-staging/node_modules/@apollo/server/dist/esm/externalTypes/graphql.d.ts' with Package ID '@apollo/server/dist/esm/externalTypes/graphql.d.ts@4.13.0+graphql@16.12.0'. ========
======== Resolving module '@apollo/utils.logger' from 'd:/DOPAMS/Toystack/dopams-backend-staging/node_modules/@apollo/server/dist/esm/externalTypes/requestPipeline.d.ts'. ========
Resolution for module '@apollo/utils.logger' was found in cache from location 'd:/DOPAMS/Toystack/dopams-backend-staging/node_modules/@apollo/server/dist/esm/externalTypes'.
======== Module name '@apollo/utils.logger' was successfully resolved to 'd:/DOPAMS/Toystack/dopams-backend-staging/node_modules/@apollo/server/node_modules/@apollo/utils.logger/dist/index.d.ts' with Package ID '@apollo/utils.logger/dist/index.d.ts@2.0.1'. ========
======== Resolving module '@apollo/utils.keyvaluecache' from 'd:/DOPAMS/Toystack/dopams-backend-staging/node_modules/@apollo/server/dist/esm/externalTypes/requestPipeline.d.ts'. ========
Resolution for module '@apollo/utils.keyvaluecache' was found in cache from location 'd:/DOPAMS/Toystack/dopams-backend-staging/node_modules/@apollo/server/dist/esm/externalTypes'.
======== Module name '@apollo/utils.keyvaluecache' was successfully resolved to 'd:/DOPAMS/Toystack/dopams-backend-staging/node_modules/@apollo/server/node_modules/@apollo/utils.keyvaluecache/dist/index.d.ts' with Package ID '@apollo/utils.keyvaluecache/dist/index.d.ts@2.1.1'. ========
======== Resolving module 'graphql' from 'd:/DOPAMS/Toystack/dopams-backend-staging/node_modules/@apollo/server/dist/esm/externalTypes/requestPipeline.d.ts'. ========
Resolution for module 'graphql' was found in cache from location 'd:/DOPAMS/Toystack/dopams-backend-staging/node_modules/@apollo/server/dist/esm/externalTypes'.
======== Module name 'graphql' was successfully resolved to 'd:/DOPAMS/Toystack/dopams-backend-staging/node_modules/graphql/index.d.ts' with Package ID 'graphql/index.d.ts@16.12.0'. ========
======== Resolving module '@apollo/cache-control-types' from 'd:/DOPAMS/Toystack/dopams-backend-staging/node_modules/@apollo/server/dist/esm/externalTypes/requestPipeline.d.ts'. ========
Explicitly specified module resolution kind: 'Node10'.
'baseUrl' option is set to 'd:/DOPAMS/Toystack/dopams-backend-staging/src', using this value to resolve non-relative module name '@apollo/cache-control-types'.
'paths' option is specified, looking for a pattern to match module name '@apollo/cache-control-types'.
'baseUrl' option is set to 'd:/DOPAMS/Toystack/dopams-backend-staging/src', using this value to resolve non-relative module name '@apollo/cache-control-types'.
Resolving module name '@apollo/cache-control-types' relative to base url 'd:/DOPAMS/Toystack/dopams-backend-staging/src' - 'd:/DOPAMS/Toystack/dopams-backend-staging/src/@apollo/cache-control-types'.
Loading module as file / folder, candidate module location 'd:/DOPAMS/Toystack/dopams-backend-staging/src/@apollo/cache-control-types', target file types: TypeScript, Declaration.
Loading module '@apollo/cache-control-types' from 'node_modules' folder, target file types: TypeScript, Declaration.
Searching all ancestor node_modules directories for preferred extensions: TypeScript, Declaration.
Directory 'd:/DOPAMS/Toystack/dopams-backend-staging/node_modules/@apollo/server/dist/esm/externalTypes/node_modules' does not exist, skipping all lookups in it.
Scoped package detected, looking in 'apollo__cache-control-types'
Directory 'd:/DOPAMS/Toystack/dopams-backend-staging/node_modules/@apollo/server/dist/esm/node_modules' does not exist, skipping all lookups in it.
Scoped package detected, looking in 'apollo__cache-control-types'
Directory 'd:/DOPAMS/Toystack/dopams-backend-staging/node_modules/@apollo/server/dist/node_modules' does not exist, skipping all lookups in it.
Scoped package detected, looking in 'apollo__cache-control-types'
File 'd:/DOPAMS/Toystack/dopams-backend-staging/node_modules/@apollo/server/node_modules/@apollo/cache-control-types.ts' does not exist.
File 'd:/DOPAMS/Toystack/dopams-backend-staging/node_modules/@apollo/server/node_modules/@apollo/cache-control-types.tsx' does not exist.
File 'd:/DOPAMS/Toystack/dopams-backend-staging/node_modules/@apollo/server/node_modules/@apollo/cache-control-types.d.ts' does not exist.
Directory 'd:/DOPAMS/Toystack/dopams-backend-staging/node_modules/@apollo/server/node_modules/@types' does not exist, skipping all lookups in it.
Scoped package detected, looking in 'apollo__cache-control-types'
Directory 'd:/DOPAMS/Toystack/dopams-backend-staging/node_modules/@apollo/node_modules' does not exist, skipping all lookups in it.
Scoped package detected, looking in 'apollo__cache-control-types'
Found 'package.json' at 'd:/DOPAMS/Toystack/dopams-backend-staging/node_modules/@apollo/cache-control-types/package.json'.
File 'd:/DOPAMS/Toystack/dopams-backend-staging/node_modules/@apollo/cache-control-types.ts' does not exist.
File 'd:/DOPAMS/Toystack/dopams-backend-staging/node_modules/@apollo/cache-control-types.tsx' does not exist.
File 'd:/DOPAMS/Toystack/dopams-backend-staging/node_modules/@apollo/cache-control-types.d.ts' does not exist.
'package.json' does not have a 'typesVersions' field.
'package.json' does not have a 'typings' field.
'package.json' has 'types' field 'dist/esm/index.d.ts' that references 'd:/DOPAMS/Toystack/dopams-backend-staging/node_modules/@apollo/cache-control-types/dist/esm/index.d.ts'.
File 'd:/DOPAMS/Toystack/dopams-backend-staging/node_modules/@apollo/cache-control-types/dist/esm/index.d.ts' exists - use it as a name resolution result.
'package.json' has a 'peerDependencies' field.
Resolving real path for 'd:/DOPAMS/Toystack/dopams-backend-staging/node_modules/@apollo/cache-control-types', result 'D:/DOPAMS/Toystack/dopams-backend-staging/node_modules/@apollo/cache-control-types'.
File 'D:/DOPAMS/Toystack/dopams-backend-staging/node_modules/graphql/package.json' exists according to earlier cached lookups.
Found peerDependency 'graphql' with '16.12.0' version.
Resolving real path for 'd:/DOPAMS/Toystack/dopams-backend-staging/node_modules/@apollo/cache-control-types/dist/esm/index.d.ts', result 'D:/DOPAMS/Toystack/dopams-backend-staging/node_modules/@apollo/cache-control-types/dist/esm/index.d.ts'.
======== Module name '@apollo/cache-control-types' was successfully resolved to 'd:/DOPAMS/Toystack/dopams-backend-staging/node_modules/@apollo/cache-control-types/dist/esm/index.d.ts' with Package ID '@apollo/cache-control-types/dist/esm/index.d.ts@1.0.3+graphql@16.12.0'. ========
======== Resolving module '@apollo/server-gateway-interface' from 'd:/DOPAMS/Toystack/dopams-backend-staging/node_modules/@apollo/server/dist/esm/externalTypes/requestPipeline.d.ts'. ========
Resolution for module '@apollo/server-gateway-interface' was found in cache from location 'd:/DOPAMS/Toystack/dopams-backend-staging/node_modules/@apollo/server/dist/esm/externalTypes'.
======== Module name '@apollo/server-gateway-interface' was successfully resolved to 'd:/DOPAMS/Toystack/dopams-backend-staging/node_modules/@apollo/server-gateway-interface/dist/esm/index.d.ts' with Package ID '@apollo/server-gateway-interface/dist/esm/index.d.ts@1.1.1+graphql@16.12.0'. ========
Found 'package.json' at 'd:/DOPAMS/Toystack/dopams-backend-staging/node_modules/@apollo/cache-control-types/dist/esm/package.json'.
======== Resolving module 'graphql' from 'd:/DOPAMS/Toystack/dopams-backend-staging/node_modules/@apollo/cache-control-types/dist/esm/index.d.ts'. ========
Explicitly specified module resolution kind: 'Node10'.
'baseUrl' option is set to 'd:/DOPAMS/Toystack/dopams-backend-staging/src', using this value to resolve non-relative module name 'graphql'.
'paths' option is specified, looking for a pattern to match module name 'graphql'.
'baseUrl' option is set to 'd:/DOPAMS/Toystack/dopams-backend-staging/src', using this value to resolve non-relative module name 'graphql'.
Resolving module name 'graphql' relative to base url 'd:/DOPAMS/Toystack/dopams-backend-staging/src' - 'd:/DOPAMS/Toystack/dopams-backend-staging/src/graphql'.
Loading module as file / folder, candidate module location 'd:/DOPAMS/Toystack/dopams-backend-staging/src/graphql', target file types: TypeScript, Declaration.
File 'd:/DOPAMS/Toystack/dopams-backend-staging/src/graphql.ts' does not exist.
File 'd:/DOPAMS/Toystack/dopams-backend-staging/src/graphql.tsx' does not exist.
File 'd:/DOPAMS/Toystack/dopams-backend-staging/src/graphql.d.ts' does not exist.
Directory 'd:/DOPAMS/Toystack/dopams-backend-staging/src/graphql' does not exist, skipping all lookups in it.
Loading module 'graphql' from 'node_modules' folder, target file types: TypeScript, Declaration.
Searching all ancestor node_modules directories for preferred extensions: TypeScript, Declaration.
Directory 'd:/DOPAMS/Toystack/dopams-backend-staging/node_modules/@apollo/cache-control-types/dist/esm/node_modules' does not exist, skipping all lookups in it.
Directory 'd:/DOPAMS/Toystack/dopams-backend-staging/node_modules/@apollo/cache-control-types/dist/node_modules' does not exist, skipping all lookups in it.
Directory 'd:/DOPAMS/Toystack/dopams-backend-staging/node_modules/@apollo/cache-control-types/node_modules' does not exist, skipping all lookups in it.
Resolution for module 'graphql' was found in cache from location 'd:/DOPAMS/Toystack/dopams-backend-staging/node_modules/@apollo'.
======== Module name 'graphql' was successfully resolved to 'd:/DOPAMS/Toystack/dopams-backend-staging/node_modules/graphql/index.d.ts' with Package ID 'graphql/index.d.ts@16.12.0'. ========
File 'd:/DOPAMS/Toystack/dopams-backend-staging/node_modules/@apollo/server/dist/esm/utils/package.json' does not exist according to earlier cached lookups.
File 'd:/DOPAMS/Toystack/dopams-backend-staging/node_modules/@apollo/server/dist/esm/package.json' exists according to earlier cached lookups.
======== Resolving module '@apollo/utils.logger' from 'd:/DOPAMS/Toystack/dopams-backend-staging/node_modules/@apollo/server/dist/esm/utils/schemaManager.d.ts'. ========
Explicitly specified module resolution kind: 'Node10'.
'baseUrl' option is set to 'd:/DOPAMS/Toystack/dopams-backend-staging/src', using this value to resolve non-relative module name '@apollo/utils.logger'.
'paths' option is specified, looking for a pattern to match module name '@apollo/utils.logger'.
'baseUrl' option is set to 'd:/DOPAMS/Toystack/dopams-backend-staging/src', using this value to resolve non-relative module name '@apollo/utils.logger'.
Resolving module name '@apollo/utils.logger' relative to base url 'd:/DOPAMS/Toystack/dopams-backend-staging/src' - 'd:/DOPAMS/Toystack/dopams-backend-staging/src/@apollo/utils.logger'.
Loading module as file / folder, candidate module location 'd:/DOPAMS/Toystack/dopams-backend-staging/src/@apollo/utils.logger', target file types: TypeScript, Declaration.
File name 'd:/DOPAMS/Toystack/dopams-backend-staging/src/@apollo/utils.logger' has a '.logger' extension - stripping it.
Loading module '@apollo/utils.logger' from 'node_modules' folder, target file types: TypeScript, Declaration.
Searching all ancestor node_modules directories for preferred extensions: TypeScript, Declaration.
Directory 'd:/DOPAMS/Toystack/dopams-backend-staging/node_modules/@apollo/server/dist/esm/utils/node_modules' does not exist, skipping all lookups in it.
File name 'd:/DOPAMS/Toystack/dopams-backend-staging/node_modules/@apollo/server/dist/esm/utils/node_modules/@apollo/utils.logger' has a '.logger' extension - stripping it.
Scoped package detected, looking in 'apollo__utils.logger'
File name 'd:/DOPAMS/Toystack/dopams-backend-staging/node_modules/@apollo/server/dist/esm/utils/node_modules/@types/apollo__utils.logger' has a '.logger' extension - stripping it.
Resolution for module '@apollo/utils.logger' was found in cache from location 'd:/DOPAMS/Toystack/dopams-backend-staging/node_modules/@apollo/server/dist/esm'.
======== Module name '@apollo/utils.logger' was successfully resolved to 'd:/DOPAMS/Toystack/dopams-backend-staging/node_modules/@apollo/server/node_modules/@apollo/utils.logger/dist/index.d.ts' with Package ID '@apollo/utils.logger/dist/index.d.ts@2.0.1'. ========
======== Resolving module 'graphql' from 'd:/DOPAMS/Toystack/dopams-backend-staging/node_modules/@apollo/server/dist/esm/utils/schemaManager.d.ts'. ========
Explicitly specified module resolution kind: 'Node10'.
'baseUrl' option is set to 'd:/DOPAMS/Toystack/dopams-backend-staging/src', using this value to resolve non-relative module name 'graphql'.
'paths' option is specified, looking for a pattern to match module name 'graphql'.
'baseUrl' option is set to 'd:/DOPAMS/Toystack/dopams-backend-staging/src', using this value to resolve non-relative module name 'graphql'.
Resolving module name 'graphql' relative to base url 'd:/DOPAMS/Toystack/dopams-backend-staging/src' - 'd:/DOPAMS/Toystack/dopams-backend-staging/src/graphql'.
Loading module as file / folder, candidate module location 'd:/DOPAMS/Toystack/dopams-backend-staging/src/graphql', target file types: TypeScript, Declaration.
File 'd:/DOPAMS/Toystack/dopams-backend-staging/src/graphql.ts' does not exist.
File 'd:/DOPAMS/Toystack/dopams-backend-staging/src/graphql.tsx' does not exist.
File 'd:/DOPAMS/Toystack/dopams-backend-staging/src/graphql.d.ts' does not exist.
Directory 'd:/DOPAMS/Toystack/dopams-backend-staging/src/graphql' does not exist, skipping all lookups in it.
Loading module 'graphql' from 'node_modules' folder, target file types: TypeScript, Declaration.
Searching all ancestor node_modules directories for preferred extensions: TypeScript, Declaration.
Directory 'd:/DOPAMS/Toystack/dopams-backend-staging/node_modules/@apollo/server/dist/esm/utils/node_modules' does not exist, skipping all lookups in it.
Resolution for module 'graphql' was found in cache from location 'd:/DOPAMS/Toystack/dopams-backend-staging/node_modules/@apollo/server/dist/esm'.
======== Module name 'graphql' was successfully resolved to 'd:/DOPAMS/Toystack/dopams-backend-staging/node_modules/graphql/index.d.ts' with Package ID 'graphql/index.d.ts@16.12.0'. ========
======== Resolving module '@apollo/server-gateway-interface' from 'd:/DOPAMS/Toystack/dopams-backend-staging/node_modules/@apollo/server/dist/esm/utils/schemaManager.d.ts'. ========
Explicitly specified module resolution kind: 'Node10'.
'baseUrl' option is set to 'd:/DOPAMS/Toystack/dopams-backend-staging/src', using this value to resolve non-relative module name '@apollo/server-gateway-interface'.
'paths' option is specified, looking for a pattern to match module name '@apollo/server-gateway-interface'.
'baseUrl' option is set to 'd:/DOPAMS/Toystack/dopams-backend-staging/src', using this value to resolve non-relative module name '@apollo/server-gateway-interface'.
Resolving module name '@apollo/server-gateway-interface' relative to base url 'd:/DOPAMS/Toystack/dopams-backend-staging/src' - 'd:/DOPAMS/Toystack/dopams-backend-staging/src/@apollo/server-gateway-interface'.
Loading module as file / folder, candidate module location 'd:/DOPAMS/Toystack/dopams-backend-staging/src/@apollo/server-gateway-interface', target file types: TypeScript, Declaration.
Loading module '@apollo/server-gateway-interface' from 'node_modules' folder, target file types: TypeScript, Declaration.
Searching all ancestor node_modules directories for preferred extensions: TypeScript, Declaration.
Directory 'd:/DOPAMS/Toystack/dopams-backend-staging/node_modules/@apollo/server/dist/esm/utils/node_modules' does not exist, skipping all lookups in it.
Scoped package detected, looking in 'apollo__server-gateway-interface'
Resolution for module '@apollo/server-gateway-interface' was found in cache from location 'd:/DOPAMS/Toystack/dopams-backend-staging/node_modules/@apollo/server/dist/esm'.
======== Module name '@apollo/server-gateway-interface' was successfully resolved to 'd:/DOPAMS/Toystack/dopams-backend-staging/node_modules/@apollo/server-gateway-interface/dist/esm/index.d.ts' with Package ID '@apollo/server-gateway-interface/dist/esm/index.d.ts@1.1.1+graphql@16.12.0'. ========
======== Resolving module '../ApolloServer.js' from 'd:/DOPAMS/Toystack/dopams-backend-staging/node_modules/@apollo/server/dist/esm/utils/schemaManager.d.ts'. ========
Explicitly specified module resolution kind: 'Node10'.
Loading module as file / folder, candidate module location 'd:/DOPAMS/Toystack/dopams-backend-staging/node_modules/@apollo/server/dist/esm/ApolloServer.js', target file types: TypeScript, Declaration.
File name 'd:/DOPAMS/Toystack/dopams-backend-staging/node_modules/@apollo/server/dist/esm/ApolloServer.js' has a '.js' extension - stripping it.
File 'd:/DOPAMS/Toystack/dopams-backend-staging/node_modules/@apollo/server/dist/esm/ApolloServer.ts' does not exist.
File 'd:/DOPAMS/Toystack/dopams-backend-staging/node_modules/@apollo/server/dist/esm/ApolloServer.tsx' does not exist.
File 'd:/DOPAMS/Toystack/dopams-backend-staging/node_modules/@apollo/server/dist/esm/ApolloServer.d.ts' exists - use it as a name resolution result.
File 'd:/DOPAMS/Toystack/dopams-backend-staging/node_modules/@apollo/server/package.json' exists according to earlier cached lookups.
======== Module name '../ApolloServer.js' was successfully resolved to 'd:/DOPAMS/Toystack/dopams-backend-staging/node_modules/@apollo/server/dist/esm/ApolloServer.d.ts' with Package ID '@apollo/server/dist/esm/ApolloServer.d.ts@4.13.0+graphql@16.12.0'. ========
======== Resolving module '../externalTypes/index.js' from 'd:/DOPAMS/Toystack/dopams-backend-staging/node_modules/@apollo/server/dist/esm/utils/schemaManager.d.ts'. ========
Explicitly specified module resolution kind: 'Node10'.
Loading module as file / folder, candidate module location 'd:/DOPAMS/Toystack/dopams-backend-staging/node_modules/@apollo/server/dist/esm/externalTypes/index.js', target file types: TypeScript, Declaration.
File name 'd:/DOPAMS/Toystack/dopams-backend-staging/node_modules/@apollo/server/dist/esm/externalTypes/index.js' has a '.js' extension - stripping it.
File 'd:/DOPAMS/Toystack/dopams-backend-staging/node_modules/@apollo/server/dist/esm/externalTypes/index.ts' does not exist.
File 'd:/DOPAMS/Toystack/dopams-backend-staging/node_modules/@apollo/server/dist/esm/externalTypes/index.tsx' does not exist.
File 'd:/DOPAMS/Toystack/dopams-backend-staging/node_modules/@apollo/server/dist/esm/externalTypes/index.d.ts' exists - use it as a name resolution result.
File 'd:/DOPAMS/Toystack/dopams-backend-staging/node_modules/@apollo/server/package.json' exists according to earlier cached lookups.
======== Module name '../externalTypes/index.js' was successfully resolved to 'd:/DOPAMS/Toystack/dopams-backend-staging/node_modules/@apollo/server/dist/esm/externalTypes/index.d.ts' with Package ID '@apollo/server/dist/esm/externalTypes/index.d.ts@4.13.0+graphql@16.12.0'. ========
File 'd:/DOPAMS/Toystack/dopams-backend-staging/node_modules/dotenv/lib/package.json' does not exist.
File 'd:/DOPAMS/Toystack/dopams-backend-staging/node_modules/dotenv/package.json' exists according to earlier cached lookups.
======== Resolving type reference directive 'node', containing file 'd:/DOPAMS/Toystack/dopams-backend-staging/node_modules/dotenv/lib/main.d.ts', root directory 'd:/DOPAMS/Toystack/dopams-backend-staging/node_modules/@types,d:/DOPAMS/Toystack/node_modules/@types,d:/DOPAMS/node_modules/@types,d:/node_modules/@types'. ========
Resolving with primary search path 'd:/DOPAMS/Toystack/dopams-backend-staging/node_modules/@types, d:/DOPAMS/Toystack/node_modules/@types, d:/DOPAMS/node_modules/@types, d:/node_modules/@types'.
File 'd:/DOPAMS/Toystack/dopams-backend-staging/node_modules/@types/node/package.json' exists according to earlier cached lookups.
'package.json' does not have a 'typings' field.
'package.json' has 'types' field 'index.d.ts' that references 'd:/DOPAMS/Toystack/dopams-backend-staging/node_modules/@types/node/index.d.ts'.
File 'd:/DOPAMS/Toystack/dopams-backend-staging/node_modules/@types/node/index.d.ts' exists - use it as a name resolution result.
Resolving real path for 'd:/DOPAMS/Toystack/dopams-backend-staging/node_modules/@types/node/index.d.ts', result 'D:/DOPAMS/Toystack/dopams-backend-staging/node_modules/@types/node/index.d.ts'.
======== Type reference directive 'node' was successfully resolved to 'd:/DOPAMS/Toystack/dopams-backend-staging/node_modules/@types/node/index.d.ts' with Package ID '@types/node/index.d.ts@22.19.10', primary: true. ========
======== Resolving module 'url' from 'd:/DOPAMS/Toystack/dopams-backend-staging/node_modules/dotenv/lib/main.d.ts'. ========
Explicitly specified module resolution kind: 'Node10'.
'baseUrl' option is set to 'd:/DOPAMS/Toystack/dopams-backend-staging/src', using this value to resolve non-relative module name 'url'.
'paths' option is specified, looking for a pattern to match module name 'url'.
'baseUrl' option is set to 'd:/DOPAMS/Toystack/dopams-backend-staging/src', using this value to resolve non-relative module name 'url'.
Resolving module name 'url' relative to base url 'd:/DOPAMS/Toystack/dopams-backend-staging/src' - 'd:/DOPAMS/Toystack/dopams-backend-staging/src/url'.
Loading module as file / folder, candidate module location 'd:/DOPAMS/Toystack/dopams-backend-staging/src/url', target file types: TypeScript, Declaration.
File 'd:/DOPAMS/Toystack/dopams-backend-staging/src/url.ts' does not exist.
File 'd:/DOPAMS/Toystack/dopams-backend-staging/src/url.tsx' does not exist.
File 'd:/DOPAMS/Toystack/dopams-backend-staging/src/url.d.ts' does not exist.
Directory 'd:/DOPAMS/Toystack/dopams-backend-staging/src/url' does not exist, skipping all lookups in it.
Loading module 'url' from 'node_modules' folder, target file types: TypeScript, Declaration.
Searching all ancestor node_modules directories for preferred extensions: TypeScript, Declaration.
Directory 'd:/DOPAMS/Toystack/dopams-backend-staging/node_modules/dotenv/lib/node_modules' does not exist, skipping all lookups in it.
Directory 'd:/DOPAMS/Toystack/dopams-backend-staging/node_modules/dotenv/node_modules' does not exist, skipping all lookups in it.
File 'd:/DOPAMS/Toystack/dopams-backend-staging/node_modules/url/package.json' exists according to earlier cached lookups.
File 'd:/DOPAMS/Toystack/dopams-backend-staging/node_modules/url.ts' does not exist.
File 'd:/DOPAMS/Toystack/dopams-backend-staging/node_modules/url.tsx' does not exist.
File 'd:/DOPAMS/Toystack/dopams-backend-staging/node_modules/url.d.ts' does not exist.
'package.json' does not have a 'typings' field.
'package.json' does not have a 'types' field.
'package.json' has 'main' field './url.js' that references 'd:/DOPAMS/Toystack/dopams-backend-staging/node_modules/url/url.js'.
File name 'd:/DOPAMS/Toystack/dopams-backend-staging/node_modules/url/url.js' has a '.js' extension - stripping it.
File 'd:/DOPAMS/Toystack/dopams-backend-staging/node_modules/url/url.ts' does not exist.
File 'd:/DOPAMS/Toystack/dopams-backend-staging/node_modules/url/url.tsx' does not exist.
File 'd:/DOPAMS/Toystack/dopams-backend-staging/node_modules/url/url.d.ts' does not exist.
Loading module as file / folder, candidate module location 'd:/DOPAMS/Toystack/dopams-backend-staging/node_modules/url/url.js', target file types: TypeScript, Declaration.
File name 'd:/DOPAMS/Toystack/dopams-backend-staging/node_modules/url/url.js' has a '.js' extension - stripping it.
File 'd:/DOPAMS/Toystack/dopams-backend-staging/node_modules/url/url.ts' does not exist.
File 'd:/DOPAMS/Toystack/dopams-backend-staging/node_modules/url/url.tsx' does not exist.
File 'd:/DOPAMS/Toystack/dopams-backend-staging/node_modules/url/url.d.ts' does not exist.
File 'd:/DOPAMS/Toystack/dopams-backend-staging/node_modules/url/url.js.ts' does not exist.
File 'd:/DOPAMS/Toystack/dopams-backend-staging/node_modules/url/url.js.tsx' does not exist.
File 'd:/DOPAMS/Toystack/dopams-backend-staging/node_modules/url/url.js.d.ts' does not exist.
Directory 'd:/DOPAMS/Toystack/dopams-backend-staging/node_modules/url/url.js' does not exist, skipping all lookups in it.
File 'd:/DOPAMS/Toystack/dopams-backend-staging/node_modules/url/index.ts' does not exist.
File 'd:/DOPAMS/Toystack/dopams-backend-staging/node_modules/url/index.tsx' does not exist.
File 'd:/DOPAMS/Toystack/dopams-backend-staging/node_modules/url/index.d.ts' does not exist.
File 'd:/DOPAMS/Toystack/dopams-backend-staging/node_modules/@types/url.d.ts' does not exist.
Directory 'd:/DOPAMS/Toystack/node_modules' does not exist, skipping all lookups in it.
Directory 'd:/DOPAMS/node_modules' does not exist, skipping all lookups in it.
Directory 'd:/node_modules' does not exist, skipping all lookups in it.
'baseUrl' option is set to 'd:/DOPAMS/Toystack/dopams-backend-staging/src', using this value to resolve non-relative module name 'url'.
'paths' option is specified, looking for a pattern to match module name 'url'.
'baseUrl' option is set to 'd:/DOPAMS/Toystack/dopams-backend-staging/src', using this value to resolve non-relative module name 'url'.
Resolving module name 'url' relative to base url 'd:/DOPAMS/Toystack/dopams-backend-staging/src' - 'd:/DOPAMS/Toystack/dopams-backend-staging/src/url'.
Loading module as file / folder, candidate module location 'd:/DOPAMS/Toystack/dopams-backend-staging/src/url', target file types: JavaScript, JSON.
File 'd:/DOPAMS/Toystack/dopams-backend-staging/src/url.js' does not exist.
File 'd:/DOPAMS/Toystack/dopams-backend-staging/src/url.jsx' does not exist.
Directory 'd:/DOPAMS/Toystack/dopams-backend-staging/src/url' does not exist, skipping all lookups in it.
Loading module 'url' from 'node_modules' folder, target file types: JavaScript, JSON.
Searching all ancestor node_modules directories for fallback extensions: JavaScript, JSON.
Directory 'd:/DOPAMS/Toystack/dopams-backend-staging/node_modules/dotenv/lib/node_modules' does not exist, skipping all lookups in it.
Directory 'd:/DOPAMS/Toystack/dopams-backend-staging/node_modules/dotenv/node_modules' does not exist, skipping all lookups in it.
File 'd:/DOPAMS/Toystack/dopams-backend-staging/node_modules/url/package.json' exists according to earlier cached lookups.
File 'd:/DOPAMS/Toystack/dopams-backend-staging/node_modules/url.js' does not exist.
File 'd:/DOPAMS/Toystack/dopams-backend-staging/node_modules/url.jsx' does not exist.
'package.json' has 'main' field './url.js' that references 'd:/DOPAMS/Toystack/dopams-backend-staging/node_modules/url/url.js'.
File name 'd:/DOPAMS/Toystack/dopams-backend-staging/node_modules/url/url.js' has a '.js' extension - stripping it.
File 'd:/DOPAMS/Toystack/dopams-backend-staging/node_modules/url/url.js' exists - use it as a name resolution result.
Resolution of non-relative name failed; trying with '--moduleResolution bundler' to see if project may need configuration update.
'baseUrl' option is set to 'd:/DOPAMS/Toystack/dopams-backend-staging/src', using this value to resolve non-relative module name 'url'.
'paths' option is specified, looking for a pattern to match module name 'url'.
'baseUrl' option is set to 'd:/DOPAMS/Toystack/dopams-backend-staging/src', using this value to resolve non-relative module name 'url'.
Resolving module name 'url' relative to base url 'd:/DOPAMS/Toystack/dopams-backend-staging/src' - 'd:/DOPAMS/Toystack/dopams-backend-staging/src/url'.
Loading module as file / folder, candidate module location 'd:/DOPAMS/Toystack/dopams-backend-staging/src/url', target file types: TypeScript, Declaration.
File 'd:/DOPAMS/Toystack/dopams-backend-staging/src/url.ts' does not exist.
File 'd:/DOPAMS/Toystack/dopams-backend-staging/src/url.tsx' does not exist.
File 'd:/DOPAMS/Toystack/dopams-backend-staging/src/url.d.ts' does not exist.
Directory 'd:/DOPAMS/Toystack/dopams-backend-staging/src/url' does not exist, skipping all lookups in it.
Loading module 'url' from 'node_modules' folder, target file types: TypeScript, Declaration.
Searching all ancestor node_modules directories for preferred extensions: TypeScript, Declaration.
Directory 'd:/DOPAMS/Toystack/dopams-backend-staging/node_modules/dotenv/lib/node_modules' does not exist, skipping all lookups in it.
Directory 'd:/DOPAMS/Toystack/dopams-backend-staging/node_modules/dotenv/node_modules' does not exist, skipping all lookups in it.
File 'd:/DOPAMS/Toystack/dopams-backend-staging/node_modules/url/package.json' exists according to earlier cached lookups.
File 'd:/DOPAMS/Toystack/dopams-backend-staging/node_modules/url.ts' does not exist.
File 'd:/DOPAMS/Toystack/dopams-backend-staging/node_modules/url.tsx' does not exist.
File 'd:/DOPAMS/Toystack/dopams-backend-staging/node_modules/url.d.ts' does not exist.
'package.json' does not have a 'typings' field.
'package.json' does not have a 'types' field.
'package.json' has 'main' field './url.js' that references 'd:/DOPAMS/Toystack/dopams-backend-staging/node_modules/url/url.js'.
File name 'd:/DOPAMS/Toystack/dopams-backend-staging/node_modules/url/url.js' has a '.js' extension - stripping it.
File 'd:/DOPAMS/Toystack/dopams-backend-staging/node_modules/url/url.ts' does not exist.
File 'd:/DOPAMS/Toystack/dopams-backend-staging/node_modules/url/url.tsx' does not exist.
File 'd:/DOPAMS/Toystack/dopams-backend-staging/node_modules/url/url.d.ts' does not exist.
Loading module as file / folder, candidate module location 'd:/DOPAMS/Toystack/dopams-backend-staging/node_modules/url/url.js', target file types: TypeScript, Declaration.
File name 'd:/DOPAMS/Toystack/dopams-backend-staging/node_modules/url/url.js' has a '.js' extension - stripping it.
File 'd:/DOPAMS/Toystack/dopams-backend-staging/node_modules/url/url.ts' does not exist.
File 'd:/DOPAMS/Toystack/dopams-backend-staging/node_modules/url/url.tsx' does not exist.
File 'd:/DOPAMS/Toystack/dopams-backend-staging/node_modules/url/url.d.ts' does not exist.
File 'd:/DOPAMS/Toystack/dopams-backend-staging/node_modules/url/url.js.ts' does not exist.
File 'd:/DOPAMS/Toystack/dopams-backend-staging/node_modules/url/url.js.tsx' does not exist.
File 'd:/DOPAMS/Toystack/dopams-backend-staging/node_modules/url/url.js.d.ts' does not exist.
Directory 'd:/DOPAMS/Toystack/dopams-backend-staging/node_modules/url/url.js' does not exist, skipping all lookups in it.
File 'd:/DOPAMS/Toystack/dopams-backend-staging/node_modules/url/index.ts' does not exist.
File 'd:/DOPAMS/Toystack/dopams-backend-staging/node_modules/url/index.tsx' does not exist.
File 'd:/DOPAMS/Toystack/dopams-backend-staging/node_modules/url/index.d.ts' does not exist.
File 'd:/DOPAMS/Toystack/dopams-backend-staging/node_modules/@types/url.d.ts' does not exist.
Directory 'd:/DOPAMS/Toystack/node_modules' does not exist, skipping all lookups in it.
Directory 'd:/DOPAMS/node_modules' does not exist, skipping all lookups in it.
Directory 'd:/node_modules' does not exist, skipping all lookups in it.
Resolving real path for 'd:/DOPAMS/Toystack/dopams-backend-staging/node_modules/url/url.js', result 'D:/DOPAMS/Toystack/dopams-backend-staging/node_modules/url/url.js'.
======== Module name 'url' was successfully resolved to 'd:/DOPAMS/Toystack/dopams-backend-staging/node_modules/url/url.js' with Package ID 'url/url.js@0.10.3'. ========
File 'd:/DOPAMS/Toystack/dopams-backend-staging/node_modules/graphql-upload-ts/dist/package.json' does not exist.
File 'd:/DOPAMS/Toystack/dopams-backend-staging/node_modules/graphql-upload-ts/package.json' exists according to earlier cached lookups.
======== Resolving module './fs-capacitor' from 'd:/DOPAMS/Toystack/dopams-backend-staging/node_modules/graphql-upload-ts/dist/index.d.ts'. ========
Explicitly specified module resolution kind: 'Node10'.
Loading module as file / folder, candidate module location 'd:/DOPAMS/Toystack/dopams-backend-staging/node_modules/graphql-upload-ts/dist/fs-capacitor', target file types: TypeScript, Declaration.
File 'd:/DOPAMS/Toystack/dopams-backend-staging/node_modules/graphql-upload-ts/dist/fs-capacitor.ts' does not exist.
File 'd:/DOPAMS/Toystack/dopams-backend-staging/node_modules/graphql-upload-ts/dist/fs-capacitor.tsx' does not exist.
File 'd:/DOPAMS/Toystack/dopams-backend-staging/node_modules/graphql-upload-ts/dist/fs-capacitor.d.ts' exists - use it as a name resolution result.
File 'd:/DOPAMS/Toystack/dopams-backend-staging/node_modules/graphql-upload-ts/package.json' exists according to earlier cached lookups.
======== Module name './fs-capacitor' was successfully resolved to 'd:/DOPAMS/Toystack/dopams-backend-staging/node_modules/graphql-upload-ts/dist/fs-capacitor.d.ts' with Package ID 'graphql-upload-ts/dist/fs-capacitor.d.ts@2.1.3+graphql@16.12.0'. ========
======== Resolving module './graphql-upload' from 'd:/DOPAMS/Toystack/dopams-backend-staging/node_modules/graphql-upload-ts/dist/index.d.ts'. ========
Explicitly specified module resolution kind: 'Node10'.
Loading module as file / folder, candidate module location 'd:/DOPAMS/Toystack/dopams-backend-staging/node_modules/graphql-upload-ts/dist/graphql-upload', target file types: TypeScript, Declaration.
File 'd:/DOPAMS/Toystack/dopams-backend-staging/node_modules/graphql-upload-ts/dist/graphql-upload.ts' does not exist.
File 'd:/DOPAMS/Toystack/dopams-backend-staging/node_modules/graphql-upload-ts/dist/graphql-upload.tsx' does not exist.
File 'd:/DOPAMS/Toystack/dopams-backend-staging/node_modules/graphql-upload-ts/dist/graphql-upload.d.ts' exists - use it as a name resolution result.
File 'd:/DOPAMS/Toystack/dopams-backend-staging/node_modules/graphql-upload-ts/package.json' exists according to earlier cached lookups.
======== Module name './graphql-upload' was successfully resolved to 'd:/DOPAMS/Toystack/dopams-backend-staging/node_modules/graphql-upload-ts/dist/graphql-upload.d.ts' with Package ID 'graphql-upload-ts/dist/graphql-upload.d.ts@2.1.3+graphql@16.12.0'. ========
======== Resolving module './graphql-upload-express' from 'd:/DOPAMS/Toystack/dopams-backend-staging/node_modules/graphql-upload-ts/dist/index.d.ts'. ========
Explicitly specified module resolution kind: 'Node10'.
Loading module as file / folder, candidate module location 'd:/DOPAMS/Toystack/dopams-backend-staging/node_modules/graphql-upload-ts/dist/graphql-upload-express', target file types: TypeScript, Declaration.
File 'd:/DOPAMS/Toystack/dopams-backend-staging/node_modules/graphql-upload-ts/dist/graphql-upload-express.ts' does not exist.
File 'd:/DOPAMS/Toystack/dopams-backend-staging/node_modules/graphql-upload-ts/dist/graphql-upload-express.tsx' does not exist.
File 'd:/DOPAMS/Toystack/dopams-backend-staging/node_modules/graphql-upload-ts/dist/graphql-upload-express.d.ts' exists - use it as a name resolution result.
File 'd:/DOPAMS/Toystack/dopams-backend-staging/node_modules/graphql-upload-ts/package.json' exists according to earlier cached lookups.
======== Module name './graphql-upload-express' was successfully resolved to 'd:/DOPAMS/Toystack/dopams-backend-staging/node_modules/graphql-upload-ts/dist/graphql-upload-express.d.ts' with Package ID 'graphql-upload-ts/dist/graphql-upload-express.d.ts@2.1.3+graphql@16.12.0'. ========
======== Resolving module './graphql-upload-koa' from 'd:/DOPAMS/Toystack/dopams-backend-staging/node_modules/graphql-upload-ts/dist/index.d.ts'. ========
Explicitly specified module resolution kind: 'Node10'.
Loading module as file / folder, candidate module location 'd:/DOPAMS/Toystack/dopams-backend-staging/node_modules/graphql-upload-ts/dist/graphql-upload-koa', target file types: TypeScript, Declaration.
File 'd:/DOPAMS/Toystack/dopams-backend-staging/node_modules/graphql-upload-ts/dist/graphql-upload-koa.ts' does not exist.
File 'd:/DOPAMS/Toystack/dopams-backend-staging/node_modules/graphql-upload-ts/dist/graphql-upload-koa.tsx' does not exist.
File 'd:/DOPAMS/Toystack/dopams-backend-staging/node_modules/graphql-upload-ts/dist/graphql-upload-koa.d.ts' exists - use it as a name resolution result.
File 'd:/DOPAMS/Toystack/dopams-backend-staging/node_modules/graphql-upload-ts/package.json' exists according to earlier cached lookups.
======== Module name './graphql-upload-koa' was successfully resolved to 'd:/DOPAMS/Toystack/dopams-backend-staging/node_modules/graphql-upload-ts/dist/graphql-upload-koa.d.ts' with Package ID 'graphql-upload-ts/dist/graphql-upload-koa.d.ts@2.1.3+graphql@16.12.0'. ========
======== Resolving module './ignore-stream' from 'd:/DOPAMS/Toystack/dopams-backend-staging/node_modules/graphql-upload-ts/dist/index.d.ts'. ========
Explicitly specified module resolution kind: 'Node10'.
Loading module as file / folder, candidate module location 'd:/DOPAMS/Toystack/dopams-backend-staging/node_modules/graphql-upload-ts/dist/ignore-stream', target file types: TypeScript, Declaration.
File 'd:/DOPAMS/Toystack/dopams-backend-staging/node_modules/graphql-upload-ts/dist/ignore-stream.ts' does not exist.
File 'd:/DOPAMS/Toystack/dopams-backend-staging/node_modules/graphql-upload-ts/dist/ignore-stream.tsx' does not exist.
File 'd:/DOPAMS/Toystack/dopams-backend-staging/node_modules/graphql-upload-ts/dist/ignore-stream.d.ts' exists - use it as a name resolution result.
File 'd:/DOPAMS/Toystack/dopams-backend-staging/node_modules/graphql-upload-ts/package.json' exists according to earlier cached lookups.
======== Module name './ignore-stream' was successfully resolved to 'd:/DOPAMS/Toystack/dopams-backend-staging/node_modules/graphql-upload-ts/dist/ignore-stream.d.ts' with Package ID 'graphql-upload-ts/dist/ignore-stream.d.ts@2.1.3+graphql@16.12.0'. ========
======== Resolving module './process-request' from 'd:/DOPAMS/Toystack/dopams-backend-staging/node_modules/graphql-upload-ts/dist/index.d.ts'. ========
Explicitly specified module resolution kind: 'Node10'.
Loading module as file / folder, candidate module location 'd:/DOPAMS/Toystack/dopams-backend-staging/node_modules/graphql-upload-ts/dist/process-request', target file types: TypeScript, Declaration.
File 'd:/DOPAMS/Toystack/dopams-backend-staging/node_modules/graphql-upload-ts/dist/process-request.ts' does not exist.
File 'd:/DOPAMS/Toystack/dopams-backend-staging/node_modules/graphql-upload-ts/dist/process-request.tsx' does not exist.
File 'd:/DOPAMS/Toystack/dopams-backend-staging/node_modules/graphql-upload-ts/dist/process-request.d.ts' exists - use it as a name resolution result.
File 'd:/DOPAMS/Toystack/dopams-backend-staging/node_modules/graphql-upload-ts/package.json' exists according to earlier cached lookups.
======== Module name './process-request' was successfully resolved to 'd:/DOPAMS/Toystack/dopams-backend-staging/node_modules/graphql-upload-ts/dist/process-request.d.ts' with Package ID 'graphql-upload-ts/dist/process-request.d.ts@2.1.3+graphql@16.12.0'. ========
======== Resolving module './upload' from 'd:/DOPAMS/Toystack/dopams-backend-staging/node_modules/graphql-upload-ts/dist/index.d.ts'. ========
Explicitly specified module resolution kind: 'Node10'.
Loading module as file / folder, candidate module location 'd:/DOPAMS/Toystack/dopams-backend-staging/node_modules/graphql-upload-ts/dist/upload', target file types: TypeScript, Declaration.
File 'd:/DOPAMS/Toystack/dopams-backend-staging/node_modules/graphql-upload-ts/dist/upload.ts' does not exist.
File 'd:/DOPAMS/Toystack/dopams-backend-staging/node_modules/graphql-upload-ts/dist/upload.tsx' does not exist.
File 'd:/DOPAMS/Toystack/dopams-backend-staging/node_modules/graphql-upload-ts/dist/upload.d.ts' exists - use it as a name resolution result.
File 'd:/DOPAMS/Toystack/dopams-backend-staging/node_modules/graphql-upload-ts/package.json' exists according to earlier cached lookups.
======== Module name './upload' was successfully resolved to 'd:/DOPAMS/Toystack/dopams-backend-staging/node_modules/graphql-upload-ts/dist/upload.d.ts' with Package ID 'graphql-upload-ts/dist/upload.d.ts@2.1.3+graphql@16.12.0'. ========
======== Resolving module './upload-errors' from 'd:/DOPAMS/Toystack/dopams-backend-staging/node_modules/graphql-upload-ts/dist/index.d.ts'. ========
Explicitly specified module resolution kind: 'Node10'.
Loading module as file / folder, candidate module location 'd:/DOPAMS/Toystack/dopams-backend-staging/node_modules/graphql-upload-ts/dist/upload-errors', target file types: TypeScript, Declaration.
File 'd:/DOPAMS/Toystack/dopams-backend-staging/node_modules/graphql-upload-ts/dist/upload-errors.ts' does not exist.
File 'd:/DOPAMS/Toystack/dopams-backend-staging/node_modules/graphql-upload-ts/dist/upload-errors.tsx' does not exist.
File 'd:/DOPAMS/Toystack/dopams-backend-staging/node_modules/graphql-upload-ts/dist/upload-errors.d.ts' exists - use it as a name resolution result.
File 'd:/DOPAMS/Toystack/dopams-backend-staging/node_modules/graphql-upload-ts/package.json' exists according to earlier cached lookups.
======== Module name './upload-errors' was successfully resolved to 'd:/DOPAMS/Toystack/dopams-backend-staging/node_modules/graphql-upload-ts/dist/upload-errors.d.ts' with Package ID 'graphql-upload-ts/dist/upload-errors.d.ts@2.1.3+graphql@16.12.0'. ========
======== Resolving module './validation' from 'd:/DOPAMS/Toystack/dopams-backend-staging/node_modules/graphql-upload-ts/dist/index.d.ts'. ========
Explicitly specified module resolution kind: 'Node10'.
Loading module as file / folder, candidate module location 'd:/DOPAMS/Toystack/dopams-backend-staging/node_modules/graphql-upload-ts/dist/validation', target file types: TypeScript, Declaration.
File 'd:/DOPAMS/Toystack/dopams-backend-staging/node_modules/graphql-upload-ts/dist/validation.ts' does not exist.
File 'd:/DOPAMS/Toystack/dopams-backend-staging/node_modules/graphql-upload-ts/dist/validation.tsx' does not exist.
File 'd:/DOPAMS/Toystack/dopams-backend-staging/node_modules/graphql-upload-ts/dist/validation.d.ts' exists - use it as a name resolution result.
File 'd:/DOPAMS/Toystack/dopams-backend-staging/node_modules/graphql-upload-ts/package.json' exists according to earlier cached lookups.
======== Module name './validation' was successfully resolved to 'd:/DOPAMS/Toystack/dopams-backend-staging/node_modules/graphql-upload-ts/dist/validation.d.ts' with Package ID 'graphql-upload-ts/dist/validation.d.ts@2.1.3+graphql@16.12.0'. ========
File 'd:/DOPAMS/Toystack/dopams-backend-staging/node_modules/graphql-upload-ts/dist/package.json' does not exist according to earlier cached lookups.
File 'd:/DOPAMS/Toystack/dopams-backend-staging/node_modules/graphql-upload-ts/package.json' exists according to earlier cached lookups.
======== Resolving module 'node:stream' from 'd:/DOPAMS/Toystack/dopams-backend-staging/node_modules/graphql-upload-ts/dist/fs-capacitor.d.ts'. ========
Explicitly specified module resolution kind: 'Node10'.
'baseUrl' option is set to 'd:/DOPAMS/Toystack/dopams-backend-staging/src', using this value to resolve non-relative module name 'node:stream'.
'paths' option is specified, looking for a pattern to match module name 'node:stream'.
'baseUrl' option is set to 'd:/DOPAMS/Toystack/dopams-backend-staging/src', using this value to resolve non-relative module name 'node:stream'.
Resolving module name 'node:stream' relative to base url 'd:/DOPAMS/Toystack/dopams-backend-staging/src' - 'd:/DOPAMS/Toystack/dopams-backend-staging/src/node:stream'.
Loading module as file / folder, candidate module location 'd:/DOPAMS/Toystack/dopams-backend-staging/src/node:stream', target file types: TypeScript, Declaration.
File 'd:/DOPAMS/Toystack/dopams-backend-staging/src/node:stream.ts' does not exist.
File 'd:/DOPAMS/Toystack/dopams-backend-staging/src/node:stream.tsx' does not exist.
File 'd:/DOPAMS/Toystack/dopams-backend-staging/src/node:stream.d.ts' does not exist.
Directory 'd:/DOPAMS/Toystack/dopams-backend-staging/src/node:stream' does not exist, skipping all lookups in it.
Skipping module 'node:stream' that looks like an absolute URI, target file types: TypeScript, Declaration.
'baseUrl' option is set to 'd:/DOPAMS/Toystack/dopams-backend-staging/src', using this value to resolve non-relative module name 'node:stream'.
'paths' option is specified, looking for a pattern to match module name 'node:stream'.
'baseUrl' option is set to 'd:/DOPAMS/Toystack/dopams-backend-staging/src', using this value to resolve non-relative module name 'node:stream'.
Resolving module name 'node:stream' relative to base url 'd:/DOPAMS/Toystack/dopams-backend-staging/src' - 'd:/DOPAMS/Toystack/dopams-backend-staging/src/node:stream'.
Loading module as file / folder, candidate module location 'd:/DOPAMS/Toystack/dopams-backend-staging/src/node:stream', target file types: JavaScript, JSON.
File 'd:/DOPAMS/Toystack/dopams-backend-staging/src/node:stream.js' does not exist.
File 'd:/DOPAMS/Toystack/dopams-backend-staging/src/node:stream.jsx' does not exist.
Directory 'd:/DOPAMS/Toystack/dopams-backend-staging/src/node:stream' does not exist, skipping all lookups in it.
Skipping module 'node:stream' that looks like an absolute URI, target file types: JavaScript, JSON.
======== Module name 'node:stream' was not resolved. ========
File 'd:/DOPAMS/Toystack/dopams-backend-staging/node_modules/graphql-upload-ts/dist/package.json' does not exist according to earlier cached lookups.
File 'd:/DOPAMS/Toystack/dopams-backend-staging/node_modules/graphql-upload-ts/package.json' exists according to earlier cached lookups.
======== Resolving module 'graphql' from 'd:/DOPAMS/Toystack/dopams-backend-staging/node_modules/graphql-upload-ts/dist/graphql-upload.d.ts'. ========
Explicitly specified module resolution kind: 'Node10'.
'baseUrl' option is set to 'd:/DOPAMS/Toystack/dopams-backend-staging/src', using this value to resolve non-relative module name 'graphql'.
'paths' option is specified, looking for a pattern to match module name 'graphql'.
'baseUrl' option is set to 'd:/DOPAMS/Toystack/dopams-backend-staging/src', using this value to resolve non-relative module name 'graphql'.
Resolving module name 'graphql' relative to base url 'd:/DOPAMS/Toystack/dopams-backend-staging/src' - 'd:/DOPAMS/Toystack/dopams-backend-staging/src/graphql'.
Loading module as file / folder, candidate module location 'd:/DOPAMS/Toystack/dopams-backend-staging/src/graphql', target file types: TypeScript, Declaration.
File 'd:/DOPAMS/Toystack/dopams-backend-staging/src/graphql.ts' does not exist.
File 'd:/DOPAMS/Toystack/dopams-backend-staging/src/graphql.tsx' does not exist.
File 'd:/DOPAMS/Toystack/dopams-backend-staging/src/graphql.d.ts' does not exist.
Directory 'd:/DOPAMS/Toystack/dopams-backend-staging/src/graphql' does not exist, skipping all lookups in it.
Loading module 'graphql' from 'node_modules' folder, target file types: TypeScript, Declaration.
Searching all ancestor node_modules directories for preferred extensions: TypeScript, Declaration.
Directory 'd:/DOPAMS/Toystack/dopams-backend-staging/node_modules/graphql-upload-ts/dist/node_modules' does not exist, skipping all lookups in it.
Directory 'd:/DOPAMS/Toystack/dopams-backend-staging/node_modules/graphql-upload-ts/node_modules' does not exist, skipping all lookups in it.
File 'd:/DOPAMS/Toystack/dopams-backend-staging/node_modules/graphql/package.json' exists according to earlier cached lookups.
File 'd:/DOPAMS/Toystack/dopams-backend-staging/node_modules/graphql.ts' does not exist.
File 'd:/DOPAMS/Toystack/dopams-backend-staging/node_modules/graphql.tsx' does not exist.
File 'd:/DOPAMS/Toystack/dopams-backend-staging/node_modules/graphql.d.ts' does not exist.
'package.json' does not have a 'typings' field.
'package.json' does not have a 'types' field.
'package.json' has 'main' field 'index' that references 'd:/DOPAMS/Toystack/dopams-backend-staging/node_modules/graphql/index'.
'package.json' has a 'typesVersions' entry '>=4.1.0' that matches compiler version '5.9.3', looking for a pattern to match module name 'index'.
Module name 'index', matched pattern '*'.
Trying substitution '*', candidate module location: 'index'.
Loading module as file / folder, candidate module location 'd:/DOPAMS/Toystack/dopams-backend-staging/node_modules/graphql/index', target file types: TypeScript, Declaration.
File 'd:/DOPAMS/Toystack/dopams-backend-staging/node_modules/graphql/index.ts' does not exist.
File 'd:/DOPAMS/Toystack/dopams-backend-staging/node_modules/graphql/index.tsx' does not exist.
File 'd:/DOPAMS/Toystack/dopams-backend-staging/node_modules/graphql/index.d.ts' exists - use it as a name resolution result.
Resolving real path for 'd:/DOPAMS/Toystack/dopams-backend-staging/node_modules/graphql/index.d.ts', result 'D:/DOPAMS/Toystack/dopams-backend-staging/node_modules/graphql/index.d.ts'.
======== Module name 'graphql' was successfully resolved to 'd:/DOPAMS/Toystack/dopams-backend-staging/node_modules/graphql/index.d.ts' with Package ID 'graphql/index.d.ts@16.12.0'. ========
======== Resolving module './upload' from 'd:/DOPAMS/Toystack/dopams-backend-staging/node_modules/graphql-upload-ts/dist/graphql-upload.d.ts'. ========
Resolution for module './upload' was found in cache from location 'd:/DOPAMS/Toystack/dopams-backend-staging/node_modules/graphql-upload-ts/dist'.
======== Module name './upload' was successfully resolved to 'd:/DOPAMS/Toystack/dopams-backend-staging/node_modules/graphql-upload-ts/dist/upload.d.ts' with Package ID 'graphql-upload-ts/dist/upload.d.ts@2.1.3+graphql@16.12.0'. ========
File 'd:/DOPAMS/Toystack/dopams-backend-staging/node_modules/graphql-upload-ts/dist/package.json' does not exist according to earlier cached lookups.
File 'd:/DOPAMS/Toystack/dopams-backend-staging/node_modules/graphql-upload-ts/package.json' exists according to earlier cached lookups.
======== Resolving module './fs-capacitor' from 'd:/DOPAMS/Toystack/dopams-backend-staging/node_modules/graphql-upload-ts/dist/upload.d.ts'. ========
Resolution for module './fs-capacitor' was found in cache from location 'd:/DOPAMS/Toystack/dopams-backend-staging/node_modules/graphql-upload-ts/dist'.
======== Module name './fs-capacitor' was successfully resolved to 'd:/DOPAMS/Toystack/dopams-backend-staging/node_modules/graphql-upload-ts/dist/fs-capacitor.d.ts' with Package ID 'graphql-upload-ts/dist/fs-capacitor.d.ts@2.1.3+graphql@16.12.0'. ========
File 'd:/DOPAMS/Toystack/dopams-backend-staging/node_modules/graphql-upload-ts/dist/package.json' does not exist according to earlier cached lookups.
File 'd:/DOPAMS/Toystack/dopams-backend-staging/node_modules/graphql-upload-ts/package.json' exists according to earlier cached lookups.
======== Resolving module 'express' from 'd:/DOPAMS/Toystack/dopams-backend-staging/node_modules/graphql-upload-ts/dist/graphql-upload-express.d.ts'. ========
Explicitly specified module resolution kind: 'Node10'.
'baseUrl' option is set to 'd:/DOPAMS/Toystack/dopams-backend-staging/src', using this value to resolve non-relative module name 'express'.
'paths' option is specified, looking for a pattern to match module name 'express'.
'baseUrl' option is set to 'd:/DOPAMS/Toystack/dopams-backend-staging/src', using this value to resolve non-relative module name 'express'.
Resolving module name 'express' relative to base url 'd:/DOPAMS/Toystack/dopams-backend-staging/src' - 'd:/DOPAMS/Toystack/dopams-backend-staging/src/express'.
Loading module as file / folder, candidate module location 'd:/DOPAMS/Toystack/dopams-backend-staging/src/express', target file types: TypeScript, Declaration.
File 'd:/DOPAMS/Toystack/dopams-backend-staging/src/express.ts' does not exist.
File 'd:/DOPAMS/Toystack/dopams-backend-staging/src/express.tsx' does not exist.
File 'd:/DOPAMS/Toystack/dopams-backend-staging/src/express.d.ts' does not exist.
Directory 'd:/DOPAMS/Toystack/dopams-backend-staging/src/express' does not exist, skipping all lookups in it.
Loading module 'express' from 'node_modules' folder, target file types: TypeScript, Declaration.
Searching all ancestor node_modules directories for preferred extensions: TypeScript, Declaration.
Directory 'd:/DOPAMS/Toystack/dopams-backend-staging/node_modules/graphql-upload-ts/dist/node_modules' does not exist, skipping all lookups in it.
Directory 'd:/DOPAMS/Toystack/dopams-backend-staging/node_modules/graphql-upload-ts/node_modules' does not exist, skipping all lookups in it.
Resolution for module 'express' was found in cache from location 'd:/DOPAMS/Toystack/dopams-backend-staging'.
======== Module name 'express' was successfully resolved to 'd:/DOPAMS/Toystack/dopams-backend-staging/node_modules/@types/express/index.d.ts' with Package ID '@types/express/index.d.ts@4.17.25'. ========
======== Resolving module './process-request' from 'd:/DOPAMS/Toystack/dopams-backend-staging/node_modules/graphql-upload-ts/dist/graphql-upload-express.d.ts'. ========
Resolution for module './process-request' was found in cache from location 'd:/DOPAMS/Toystack/dopams-backend-staging/node_modules/graphql-upload-ts/dist'.
======== Module name './process-request' was successfully resolved to 'd:/DOPAMS/Toystack/dopams-backend-staging/node_modules/graphql-upload-ts/dist/process-request.d.ts' with Package ID 'graphql-upload-ts/dist/process-request.d.ts@2.1.3+graphql@16.12.0'. ========
File 'd:/DOPAMS/Toystack/dopams-backend-staging/node_modules/graphql-upload-ts/dist/package.json' does not exist according to earlier cached lookups.
File 'd:/DOPAMS/Toystack/dopams-backend-staging/node_modules/graphql-upload-ts/package.json' exists according to earlier cached lookups.
======== Resolving module 'node:http' from 'd:/DOPAMS/Toystack/dopams-backend-staging/node_modules/graphql-upload-ts/dist/process-request.d.ts'. ========
Explicitly specified module resolution kind: 'Node10'.
'baseUrl' option is set to 'd:/DOPAMS/Toystack/dopams-backend-staging/src', using this value to resolve non-relative module name 'node:http'.
'paths' option is specified, looking for a pattern to match module name 'node:http'.
'baseUrl' option is set to 'd:/DOPAMS/Toystack/dopams-backend-staging/src', using this value to resolve non-relative module name 'node:http'.
Resolving module name 'node:http' relative to base url 'd:/DOPAMS/Toystack/dopams-backend-staging/src' - 'd:/DOPAMS/Toystack/dopams-backend-staging/src/node:http'.
Loading module as file / folder, candidate module location 'd:/DOPAMS/Toystack/dopams-backend-staging/src/node:http', target file types: TypeScript, Declaration.
File 'd:/DOPAMS/Toystack/dopams-backend-staging/src/node:http.ts' does not exist.
File 'd:/DOPAMS/Toystack/dopams-backend-staging/src/node:http.tsx' does not exist.
File 'd:/DOPAMS/Toystack/dopams-backend-staging/src/node:http.d.ts' does not exist.
Directory 'd:/DOPAMS/Toystack/dopams-backend-staging/src/node:http' does not exist, skipping all lookups in it.
Skipping module 'node:http' that looks like an absolute URI, target file types: TypeScript, Declaration.
'baseUrl' option is set to 'd:/DOPAMS/Toystack/dopams-backend-staging/src', using this value to resolve non-relative module name 'node:http'.
'paths' option is specified, looking for a pattern to match module name 'node:http'.
'baseUrl' option is set to 'd:/DOPAMS/Toystack/dopams-backend-staging/src', using this value to resolve non-relative module name 'node:http'.
Resolving module name 'node:http' relative to base url 'd:/DOPAMS/Toystack/dopams-backend-staging/src' - 'd:/DOPAMS/Toystack/dopams-backend-staging/src/node:http'.
Loading module as file / folder, candidate module location 'd:/DOPAMS/Toystack/dopams-backend-staging/src/node:http', target file types: JavaScript, JSON.
File 'd:/DOPAMS/Toystack/dopams-backend-staging/src/node:http.js' does not exist.
File 'd:/DOPAMS/Toystack/dopams-backend-staging/src/node:http.jsx' does not exist.
Directory 'd:/DOPAMS/Toystack/dopams-backend-staging/src/node:http' does not exist, skipping all lookups in it.
Skipping module 'node:http' that looks like an absolute URI, target file types: JavaScript, JSON.
======== Module name 'node:http' was not resolved. ========
File 'd:/DOPAMS/Toystack/dopams-backend-staging/node_modules/graphql-upload-ts/dist/package.json' does not exist according to earlier cached lookups.
File 'd:/DOPAMS/Toystack/dopams-backend-staging/node_modules/graphql-upload-ts/package.json' exists according to earlier cached lookups.
======== Resolving module 'node:http' from 'd:/DOPAMS/Toystack/dopams-backend-staging/node_modules/graphql-upload-ts/dist/graphql-upload-koa.d.ts'. ========
Resolution for module 'node:http' was found in cache from location 'd:/DOPAMS/Toystack/dopams-backend-staging/node_modules/graphql-upload-ts/dist'.
======== Module name 'node:http' was not resolved. ========
======== Resolving module 'koa' from 'd:/DOPAMS/Toystack/dopams-backend-staging/node_modules/graphql-upload-ts/dist/graphql-upload-koa.d.ts'. ========
Explicitly specified module resolution kind: 'Node10'.
'baseUrl' option is set to 'd:/DOPAMS/Toystack/dopams-backend-staging/src', using this value to resolve non-relative module name 'koa'.
'paths' option is specified, looking for a pattern to match module name 'koa'.
'baseUrl' option is set to 'd:/DOPAMS/Toystack/dopams-backend-staging/src', using this value to resolve non-relative module name 'koa'.
Resolving module name 'koa' relative to base url 'd:/DOPAMS/Toystack/dopams-backend-staging/src' - 'd:/DOPAMS/Toystack/dopams-backend-staging/src/koa'.
Loading module as file / folder, candidate module location 'd:/DOPAMS/Toystack/dopams-backend-staging/src/koa', target file types: TypeScript, Declaration.
File 'd:/DOPAMS/Toystack/dopams-backend-staging/src/koa.ts' does not exist.
File 'd:/DOPAMS/Toystack/dopams-backend-staging/src/koa.tsx' does not exist.
File 'd:/DOPAMS/Toystack/dopams-backend-staging/src/koa.d.ts' does not exist.
Directory 'd:/DOPAMS/Toystack/dopams-backend-staging/src/koa' does not exist, skipping all lookups in it.
Loading module 'koa' from 'node_modules' folder, target file types: TypeScript, Declaration.
Searching all ancestor node_modules directories for preferred extensions: TypeScript, Declaration.
Directory 'd:/DOPAMS/Toystack/dopams-backend-staging/node_modules/graphql-upload-ts/dist/node_modules' does not exist, skipping all lookups in it.
Directory 'd:/DOPAMS/Toystack/dopams-backend-staging/node_modules/graphql-upload-ts/node_modules' does not exist, skipping all lookups in it.
File 'd:/DOPAMS/Toystack/dopams-backend-staging/node_modules/koa.ts' does not exist.
File 'd:/DOPAMS/Toystack/dopams-backend-staging/node_modules/koa.tsx' does not exist.
File 'd:/DOPAMS/Toystack/dopams-backend-staging/node_modules/koa.d.ts' does not exist.
File 'd:/DOPAMS/Toystack/dopams-backend-staging/node_modules/@types/koa.d.ts' does not exist.
Directory 'd:/DOPAMS/Toystack/node_modules' does not exist, skipping all lookups in it.
Directory 'd:/DOPAMS/node_modules' does not exist, skipping all lookups in it.
Directory 'd:/node_modules' does not exist, skipping all lookups in it.
'baseUrl' option is set to 'd:/DOPAMS/Toystack/dopams-backend-staging/src', using this value to resolve non-relative module name 'koa'.
'paths' option is specified, looking for a pattern to match module name 'koa'.
'baseUrl' option is set to 'd:/DOPAMS/Toystack/dopams-backend-staging/src', using this value to resolve non-relative module name 'koa'.
Resolving module name 'koa' relative to base url 'd:/DOPAMS/Toystack/dopams-backend-staging/src' - 'd:/DOPAMS/Toystack/dopams-backend-staging/src/koa'.
Loading module as file / folder, candidate module location 'd:/DOPAMS/Toystack/dopams-backend-staging/src/koa', target file types: JavaScript, JSON.
File 'd:/DOPAMS/Toystack/dopams-backend-staging/src/koa.js' does not exist.
File 'd:/DOPAMS/Toystack/dopams-backend-staging/src/koa.jsx' does not exist.
Directory 'd:/DOPAMS/Toystack/dopams-backend-staging/src/koa' does not exist, skipping all lookups in it.
Loading module 'koa' from 'node_modules' folder, target file types: JavaScript, JSON.
Searching all ancestor node_modules directories for fallback extensions: JavaScript, JSON.
Directory 'd:/DOPAMS/Toystack/dopams-backend-staging/node_modules/graphql-upload-ts/dist/node_modules' does not exist, skipping all lookups in it.
Directory 'd:/DOPAMS/Toystack/dopams-backend-staging/node_modules/graphql-upload-ts/node_modules' does not exist, skipping all lookups in it.
File 'd:/DOPAMS/Toystack/dopams-backend-staging/node_modules/koa.js' does not exist.
File 'd:/DOPAMS/Toystack/dopams-backend-staging/node_modules/koa.jsx' does not exist.
Directory 'd:/DOPAMS/Toystack/node_modules' does not exist, skipping all lookups in it.
Directory 'd:/DOPAMS/node_modules' does not exist, skipping all lookups in it.
Directory 'd:/node_modules' does not exist, skipping all lookups in it.
======== Module name 'koa' was not resolved. ========
======== Resolving module './process-request' from 'd:/DOPAMS/Toystack/dopams-backend-staging/node_modules/graphql-upload-ts/dist/graphql-upload-koa.d.ts'. ========
Resolution for module './process-request' was found in cache from location 'd:/DOPAMS/Toystack/dopams-backend-staging/node_modules/graphql-upload-ts/dist'.
======== Module name './process-request' was successfully resolved to 'd:/DOPAMS/Toystack/dopams-backend-staging/node_modules/graphql-upload-ts/dist/process-request.d.ts' with Package ID 'graphql-upload-ts/dist/process-request.d.ts@2.1.3+graphql@16.12.0'. ========
File 'd:/DOPAMS/Toystack/dopams-backend-staging/node_modules/graphql-upload-ts/dist/package.json' does not exist according to earlier cached lookups.
File 'd:/DOPAMS/Toystack/dopams-backend-staging/node_modules/graphql-upload-ts/package.json' exists according to earlier cached lookups.
======== Resolving module 'node:stream' from 'd:/DOPAMS/Toystack/dopams-backend-staging/node_modules/graphql-upload-ts/dist/ignore-stream.d.ts'. ========
Resolution for module 'node:stream' was found in cache from location 'd:/DOPAMS/Toystack/dopams-backend-staging/node_modules/graphql-upload-ts/dist'.
======== Module name 'node:stream' was not resolved. ========
File 'd:/DOPAMS/Toystack/dopams-backend-staging/node_modules/graphql-upload-ts/dist/package.json' does not exist according to earlier cached lookups.
File 'd:/DOPAMS/Toystack/dopams-backend-staging/node_modules/graphql-upload-ts/package.json' exists according to earlier cached lookups.
======== Resolving module 'graphql' from 'd:/DOPAMS/Toystack/dopams-backend-staging/node_modules/graphql-upload-ts/dist/upload-errors.d.ts'. ========
Resolution for module 'graphql' was found in cache from location 'd:/DOPAMS/Toystack/dopams-backend-staging/node_modules/graphql-upload-ts/dist'.
======== Module name 'graphql' was successfully resolved to 'd:/DOPAMS/Toystack/dopams-backend-staging/node_modules/graphql/index.d.ts' with Package ID 'graphql/index.d.ts@16.12.0'. ========
File 'd:/DOPAMS/Toystack/dopams-backend-staging/node_modules/graphql-upload-ts/dist/package.json' does not exist according to earlier cached lookups.
File 'd:/DOPAMS/Toystack/dopams-backend-staging/node_modules/graphql-upload-ts/package.json' exists according to earlier cached lookups.
======== Resolving module './process-request' from 'd:/DOPAMS/Toystack/dopams-backend-staging/node_modules/graphql-upload-ts/dist/validation.d.ts'. ========
Resolution for module './process-request' was found in cache from location 'd:/DOPAMS/Toystack/dopams-backend-staging/node_modules/graphql-upload-ts/dist'.
======== Module name './process-request' was successfully resolved to 'd:/DOPAMS/Toystack/dopams-backend-staging/node_modules/graphql-upload-ts/dist/process-request.d.ts' with Package ID 'graphql-upload-ts/dist/process-request.d.ts@2.1.3+graphql@16.12.0'. ========
======== Resolving module 'dotenv' from 'd:/DOPAMS/Toystack/dopams-backend-staging/src/schema/index.ts'. ========
Explicitly specified module resolution kind: 'Node10'.
'baseUrl' option is set to 'd:/DOPAMS/Toystack/dopams-backend-staging/src', using this value to resolve non-relative module name 'dotenv'.
'paths' option is specified, looking for a pattern to match module name 'dotenv'.
'baseUrl' option is set to 'd:/DOPAMS/Toystack/dopams-backend-staging/src', using this value to resolve non-relative module name 'dotenv'.
Resolving module name 'dotenv' relative to base url 'd:/DOPAMS/Toystack/dopams-backend-staging/src' - 'd:/DOPAMS/Toystack/dopams-backend-staging/src/dotenv'.
Loading module as file / folder, candidate module location 'd:/DOPAMS/Toystack/dopams-backend-staging/src/dotenv', target file types: TypeScript, Declaration.
File 'd:/DOPAMS/Toystack/dopams-backend-staging/src/dotenv.ts' does not exist.
File 'd:/DOPAMS/Toystack/dopams-backend-staging/src/dotenv.tsx' does not exist.
File 'd:/DOPAMS/Toystack/dopams-backend-staging/src/dotenv.d.ts' does not exist.
Directory 'd:/DOPAMS/Toystack/dopams-backend-staging/src/dotenv' does not exist, skipping all lookups in it.
Loading module 'dotenv' from 'node_modules' folder, target file types: TypeScript, Declaration.
Searching all ancestor node_modules directories for preferred extensions: TypeScript, Declaration.
Directory 'd:/DOPAMS/Toystack/dopams-backend-staging/src/schema/node_modules' does not exist, skipping all lookups in it.
Resolution for module 'dotenv' was found in cache from location 'd:/DOPAMS/Toystack/dopams-backend-staging/src'.
======== Module name 'dotenv' was successfully resolved to 'd:/DOPAMS/Toystack/dopams-backend-staging/node_modules/dotenv/lib/main.d.ts' with Package ID 'dotenv/lib/main.d.ts@16.6.1'. ========
======== Resolving module 'graphql' from 'd:/DOPAMS/Toystack/dopams-backend-staging/src/schema/index.ts'. ========
Explicitly specified module resolution kind: 'Node10'.
'baseUrl' option is set to 'd:/DOPAMS/Toystack/dopams-backend-staging/src', using this value to resolve non-relative module name 'graphql'.
'paths' option is specified, looking for a pattern to match module name 'graphql'.
'baseUrl' option is set to 'd:/DOPAMS/Toystack/dopams-backend-staging/src', using this value to resolve non-relative module name 'graphql'.
Resolving module name 'graphql' relative to base url 'd:/DOPAMS/Toystack/dopams-backend-staging/src' - 'd:/DOPAMS/Toystack/dopams-backend-staging/src/graphql'.
Loading module as file / folder, candidate module location 'd:/DOPAMS/Toystack/dopams-backend-staging/src/graphql', target file types: TypeScript, Declaration.
File 'd:/DOPAMS/Toystack/dopams-backend-staging/src/graphql.ts' does not exist.
File 'd:/DOPAMS/Toystack/dopams-backend-staging/src/graphql.tsx' does not exist.
File 'd:/DOPAMS/Toystack/dopams-backend-staging/src/graphql.d.ts' does not exist.
Directory 'd:/DOPAMS/Toystack/dopams-backend-staging/src/graphql' does not exist, skipping all lookups in it.
Loading module 'graphql' from 'node_modules' folder, target file types: TypeScript, Declaration.
Searching all ancestor node_modules directories for preferred extensions: TypeScript, Declaration.
Directory 'd:/DOPAMS/Toystack/dopams-backend-staging/src/schema/node_modules' does not exist, skipping all lookups in it.
Directory 'd:/DOPAMS/Toystack/dopams-backend-staging/src/node_modules' does not exist, skipping all lookups in it.
File 'd:/DOPAMS/Toystack/dopams-backend-staging/node_modules/graphql/package.json' exists according to earlier cached lookups.
File 'd:/DOPAMS/Toystack/dopams-backend-staging/node_modules/graphql.ts' does not exist.
File 'd:/DOPAMS/Toystack/dopams-backend-staging/node_modules/graphql.tsx' does not exist.
File 'd:/DOPAMS/Toystack/dopams-backend-staging/node_modules/graphql.d.ts' does not exist.
'package.json' does not have a 'typings' field.
'package.json' does not have a 'types' field.
'package.json' has 'main' field 'index' that references 'd:/DOPAMS/Toystack/dopams-backend-staging/node_modules/graphql/index'.
'package.json' has a 'typesVersions' entry '>=4.1.0' that matches compiler version '5.9.3', looking for a pattern to match module name 'index'.
Module name 'index', matched pattern '*'.
Trying substitution '*', candidate module location: 'index'.
Loading module as file / folder, candidate module location 'd:/DOPAMS/Toystack/dopams-backend-staging/node_modules/graphql/index', target file types: TypeScript, Declaration.
File 'd:/DOPAMS/Toystack/dopams-backend-staging/node_modules/graphql/index.ts' does not exist.
File 'd:/DOPAMS/Toystack/dopams-backend-staging/node_modules/graphql/index.tsx' does not exist.
File 'd:/DOPAMS/Toystack/dopams-backend-staging/node_modules/graphql/index.d.ts' exists - use it as a name resolution result.
Resolving real path for 'd:/DOPAMS/Toystack/dopams-backend-staging/node_modules/graphql/index.d.ts', result 'D:/DOPAMS/Toystack/dopams-backend-staging/node_modules/graphql/index.d.ts'.
======== Module name 'graphql' was successfully resolved to 'd:/DOPAMS/Toystack/dopams-backend-staging/node_modules/graphql/index.d.ts' with Package ID 'graphql/index.d.ts@16.12.0'. ========
======== Resolving module './mutations' from 'd:/DOPAMS/Toystack/dopams-backend-staging/src/schema/index.ts'. ========
Explicitly specified module resolution kind: 'Node10'.
Loading module as file / folder, candidate module location 'd:/DOPAMS/Toystack/dopams-backend-staging/src/schema/mutations', target file types: TypeScript, Declaration.
File 'd:/DOPAMS/Toystack/dopams-backend-staging/src/schema/mutations.ts' exists - use it as a name resolution result.
======== Module name './mutations' was successfully resolved to 'd:/DOPAMS/Toystack/dopams-backend-staging/src/schema/mutations.ts'. ========
======== Resolving module './query' from 'd:/DOPAMS/Toystack/dopams-backend-staging/src/schema/index.ts'. ========
Explicitly specified module resolution kind: 'Node10'.
Loading module as file / folder, candidate module location 'd:/DOPAMS/Toystack/dopams-backend-staging/src/schema/query', target file types: TypeScript, Declaration.
File 'd:/DOPAMS/Toystack/dopams-backend-staging/src/schema/query.ts' exists - use it as a name resolution result.
======== Module name './query' was successfully resolved to 'd:/DOPAMS/Toystack/dopams-backend-staging/src/schema/query.ts'. ========
======== Resolving module './user/mutations' from 'd:/DOPAMS/Toystack/dopams-backend-staging/src/schema/mutations.ts'. ========
Explicitly specified module resolution kind: 'Node10'.
Loading module as file / folder, candidate module location 'd:/DOPAMS/Toystack/dopams-backend-staging/src/schema/user/mutations', target file types: TypeScript, Declaration.
File 'd:/DOPAMS/Toystack/dopams-backend-staging/src/schema/user/mutations.ts' does not exist.
File 'd:/DOPAMS/Toystack/dopams-backend-staging/src/schema/user/mutations.tsx' does not exist.
File 'd:/DOPAMS/Toystack/dopams-backend-staging/src/schema/user/mutations.d.ts' does not exist.
File 'd:/DOPAMS/Toystack/dopams-backend-staging/src/schema/user/mutations/package.json' does not exist.
File 'd:/DOPAMS/Toystack/dopams-backend-staging/src/schema/user/mutations/index.ts' exists - use it as a name resolution result.
======== Module name './user/mutations' was successfully resolved to 'd:/DOPAMS/Toystack/dopams-backend-staging/src/schema/user/mutations/index.ts'. ========
======== Resolving module './firs/mutations' from 'd:/DOPAMS/Toystack/dopams-backend-staging/src/schema/mutations.ts'. ========
Explicitly specified module resolution kind: 'Node10'.
Loading module as file / folder, candidate module location 'd:/DOPAMS/Toystack/dopams-backend-staging/src/schema/firs/mutations', target file types: TypeScript, Declaration.
File 'd:/DOPAMS/Toystack/dopams-backend-staging/src/schema/firs/mutations.ts' does not exist.
File 'd:/DOPAMS/Toystack/dopams-backend-staging/src/schema/firs/mutations.tsx' does not exist.
File 'd:/DOPAMS/Toystack/dopams-backend-staging/src/schema/firs/mutations.d.ts' does not exist.
File 'd:/DOPAMS/Toystack/dopams-backend-staging/src/schema/firs/mutations/package.json' does not exist.
File 'd:/DOPAMS/Toystack/dopams-backend-staging/src/schema/firs/mutations/index.ts' exists - use it as a name resolution result.
======== Module name './firs/mutations' was successfully resolved to 'd:/DOPAMS/Toystack/dopams-backend-staging/src/schema/firs/mutations/index.ts'. ========
======== Resolving module './criminal-profile/mutations' from 'd:/DOPAMS/Toystack/dopams-backend-staging/src/schema/mutations.ts'. ========
Explicitly specified module resolution kind: 'Node10'.
Loading module as file / folder, candidate module location 'd:/DOPAMS/Toystack/dopams-backend-staging/src/schema/criminal-profile/mutations', target file types: TypeScript, Declaration.
File 'd:/DOPAMS/Toystack/dopams-backend-staging/src/schema/criminal-profile/mutations.ts' does not exist.
File 'd:/DOPAMS/Toystack/dopams-backend-staging/src/schema/criminal-profile/mutations.tsx' does not exist.
File 'd:/DOPAMS/Toystack/dopams-backend-staging/src/schema/criminal-profile/mutations.d.ts' does not exist.
File 'd:/DOPAMS/Toystack/dopams-backend-staging/src/schema/criminal-profile/mutations/package.json' does not exist.
File 'd:/DOPAMS/Toystack/dopams-backend-staging/src/schema/criminal-profile/mutations/index.ts' exists - use it as a name resolution result.
======== Module name './criminal-profile/mutations' was successfully resolved to 'd:/DOPAMS/Toystack/dopams-backend-staging/src/schema/criminal-profile/mutations/index.ts'. ========
======== Resolving module './accept-user-invite' from 'd:/DOPAMS/Toystack/dopams-backend-staging/src/schema/user/mutations/index.ts'. ========
Explicitly specified module resolution kind: 'Node10'.
Loading module as file / folder, candidate module location 'd:/DOPAMS/Toystack/dopams-backend-staging/src/schema/user/mutations/accept-user-invite', target file types: TypeScript, Declaration.
File 'd:/DOPAMS/Toystack/dopams-backend-staging/src/schema/user/mutations/accept-user-invite.ts' exists - use it as a name resolution result.
======== Module name './accept-user-invite' was successfully resolved to 'd:/DOPAMS/Toystack/dopams-backend-staging/src/schema/user/mutations/accept-user-invite.ts'. ========
======== Resolving module './forgot-password' from 'd:/DOPAMS/Toystack/dopams-backend-staging/src/schema/user/mutations/index.ts'. ========
Explicitly specified module resolution kind: 'Node10'.
Loading module as file / folder, candidate module location 'd:/DOPAMS/Toystack/dopams-backend-staging/src/schema/user/mutations/forgot-password', target file types: TypeScript, Declaration.
File 'd:/DOPAMS/Toystack/dopams-backend-staging/src/schema/user/mutations/forgot-password.ts' exists - use it as a name resolution result.
======== Module name './forgot-password' was successfully resolved to 'd:/DOPAMS/Toystack/dopams-backend-staging/src/schema/user/mutations/forgot-password.ts'. ========
======== Resolving module './login' from 'd:/DOPAMS/Toystack/dopams-backend-staging/src/schema/user/mutations/index.ts'. ========
Explicitly specified module resolution kind: 'Node10'.
Loading module as file / folder, candidate module location 'd:/DOPAMS/Toystack/dopams-backend-staging/src/schema/user/mutations/login', target file types: TypeScript, Declaration.
File 'd:/DOPAMS/Toystack/dopams-backend-staging/src/schema/user/mutations/login.ts' exists - use it as a name resolution result.
======== Module name './login' was successfully resolved to 'd:/DOPAMS/Toystack/dopams-backend-staging/src/schema/user/mutations/login.ts'. ========
======== Resolving module './signup' from 'd:/DOPAMS/Toystack/dopams-backend-staging/src/schema/user/mutations/index.ts'. ========
Explicitly specified module resolution kind: 'Node10'.
Loading module as file / folder, candidate module location 'd:/DOPAMS/Toystack/dopams-backend-staging/src/schema/user/mutations/signup', target file types: TypeScript, Declaration.
File 'd:/DOPAMS/Toystack/dopams-backend-staging/src/schema/user/mutations/signup.ts' exists - use it as a name resolution result.
======== Module name './signup' was successfully resolved to 'd:/DOPAMS/Toystack/dopams-backend-staging/src/schema/user/mutations/signup.ts'. ========
======== Resolving module './update-background-color' from 'd:/DOPAMS/Toystack/dopams-backend-staging/src/schema/user/mutations/index.ts'. ========
Explicitly specified module resolution kind: 'Node10'.
Loading module as file / folder, candidate module location 'd:/DOPAMS/Toystack/dopams-backend-staging/src/schema/user/mutations/update-background-color', target file types: TypeScript, Declaration.
File 'd:/DOPAMS/Toystack/dopams-backend-staging/src/schema/user/mutations/update-background-color.ts' exists - use it as a name resolution result.
======== Module name './update-background-color' was successfully resolved to 'd:/DOPAMS/Toystack/dopams-backend-staging/src/schema/user/mutations/update-background-color.ts'. ========
======== Resolving module './update-bulk-user-status' from 'd:/DOPAMS/Toystack/dopams-backend-staging/src/schema/user/mutations/index.ts'. ========
Explicitly specified module resolution kind: 'Node10'.
Loading module as file / folder, candidate module location 'd:/DOPAMS/Toystack/dopams-backend-staging/src/schema/user/mutations/update-bulk-user-status', target file types: TypeScript, Declaration.
File 'd:/DOPAMS/Toystack/dopams-backend-staging/src/schema/user/mutations/update-bulk-user-status.ts' exists - use it as a name resolution result.
======== Module name './update-bulk-user-status' was successfully resolved to 'd:/DOPAMS/Toystack/dopams-backend-staging/src/schema/user/mutations/update-bulk-user-status.ts'. ========
======== Resolving module './update-user-role' from 'd:/DOPAMS/Toystack/dopams-backend-staging/src/schema/user/mutations/index.ts'. ========
Explicitly specified module resolution kind: 'Node10'.
Loading module as file / folder, candidate module location 'd:/DOPAMS/Toystack/dopams-backend-staging/src/schema/user/mutations/update-user-role', target file types: TypeScript, Declaration.
File 'd:/DOPAMS/Toystack/dopams-backend-staging/src/schema/user/mutations/update-user-role.ts' exists - use it as a name resolution result.
======== Module name './update-user-role' was successfully resolved to 'd:/DOPAMS/Toystack/dopams-backend-staging/src/schema/user/mutations/update-user-role.ts'. ========
======== Resolving module './update-user-status' from 'd:/DOPAMS/Toystack/dopams-backend-staging/src/schema/user/mutations/index.ts'. ========
Explicitly specified module resolution kind: 'Node10'.
Loading module as file / folder, candidate module location 'd:/DOPAMS/Toystack/dopams-backend-staging/src/schema/user/mutations/update-user-status', target file types: TypeScript, Declaration.
File 'd:/DOPAMS/Toystack/dopams-backend-staging/src/schema/user/mutations/update-user-status.ts' exists - use it as a name resolution result.
======== Module name './update-user-status' was successfully resolved to 'd:/DOPAMS/Toystack/dopams-backend-staging/src/schema/user/mutations/update-user-status.ts'. ========
======== Resolving module './remove-user' from 'd:/DOPAMS/Toystack/dopams-backend-staging/src/schema/user/mutations/index.ts'. ========
Explicitly specified module resolution kind: 'Node10'.
Loading module as file / folder, candidate module location 'd:/DOPAMS/Toystack/dopams-backend-staging/src/schema/user/mutations/remove-user', target file types: TypeScript, Declaration.
File 'd:/DOPAMS/Toystack/dopams-backend-staging/src/schema/user/mutations/remove-user.ts' exists - use it as a name resolution result.
======== Module name './remove-user' was successfully resolved to 'd:/DOPAMS/Toystack/dopams-backend-staging/src/schema/user/mutations/remove-user.ts'. ========
======== Resolving module './reset-password' from 'd:/DOPAMS/Toystack/dopams-backend-staging/src/schema/user/mutations/index.ts'. ========
Explicitly specified module resolution kind: 'Node10'.
Loading module as file / folder, candidate module location 'd:/DOPAMS/Toystack/dopams-backend-staging/src/schema/user/mutations/reset-password', target file types: TypeScript, Declaration.
File 'd:/DOPAMS/Toystack/dopams-backend-staging/src/schema/user/mutations/reset-password.ts' exists - use it as a name resolution result.
======== Module name './reset-password' was successfully resolved to 'd:/DOPAMS/Toystack/dopams-backend-staging/src/schema/user/mutations/reset-password.ts'. ========
======== Resolving module './create-user' from 'd:/DOPAMS/Toystack/dopams-backend-staging/src/schema/user/mutations/index.ts'. ========
Explicitly specified module resolution kind: 'Node10'.
Loading module as file / folder, candidate module location 'd:/DOPAMS/Toystack/dopams-backend-staging/src/schema/user/mutations/create-user', target file types: TypeScript, Declaration.
File 'd:/DOPAMS/Toystack/dopams-backend-staging/src/schema/user/mutations/create-user.ts' exists - use it as a name resolution result.
======== Module name './create-user' was successfully resolved to 'd:/DOPAMS/Toystack/dopams-backend-staging/src/schema/user/mutations/create-user.ts'. ========
======== Resolving module 'graphql' from 'd:/DOPAMS/Toystack/dopams-backend-staging/src/schema/user/mutations/accept-user-invite.ts'. ========
Explicitly specified module resolution kind: 'Node10'.
'baseUrl' option is set to 'd:/DOPAMS/Toystack/dopams-backend-staging/src', using this value to resolve non-relative module name 'graphql'.
'paths' option is specified, looking for a pattern to match module name 'graphql'.
'baseUrl' option is set to 'd:/DOPAMS/Toystack/dopams-backend-staging/src', using this value to resolve non-relative module name 'graphql'.
Resolving module name 'graphql' relative to base url 'd:/DOPAMS/Toystack/dopams-backend-staging/src' - 'd:/DOPAMS/Toystack/dopams-backend-staging/src/graphql'.
Loading module as file / folder, candidate module location 'd:/DOPAMS/Toystack/dopams-backend-staging/src/graphql', target file types: TypeScript, Declaration.
File 'd:/DOPAMS/Toystack/dopams-backend-staging/src/graphql.ts' does not exist.
File 'd:/DOPAMS/Toystack/dopams-backend-staging/src/graphql.tsx' does not exist.
File 'd:/DOPAMS/Toystack/dopams-backend-staging/src/graphql.d.ts' does not exist.
Directory 'd:/DOPAMS/Toystack/dopams-backend-staging/src/graphql' does not exist, skipping all lookups in it.
Loading module 'graphql' from 'node_modules' folder, target file types: TypeScript, Declaration.
Searching all ancestor node_modules directories for preferred extensions: TypeScript, Declaration.
Directory 'd:/DOPAMS/Toystack/dopams-backend-staging/src/schema/user/mutations/node_modules' does not exist, skipping all lookups in it.
Directory 'd:/DOPAMS/Toystack/dopams-backend-staging/src/schema/user/node_modules' does not exist, skipping all lookups in it.
Resolution for module 'graphql' was found in cache from location 'd:/DOPAMS/Toystack/dopams-backend-staging/src/schema'.
======== Module name 'graphql' was successfully resolved to 'd:/DOPAMS/Toystack/dopams-backend-staging/node_modules/graphql/index.d.ts' with Package ID 'graphql/index.d.ts@16.12.0'. ========
======== Resolving module '..' from 'd:/DOPAMS/Toystack/dopams-backend-staging/src/schema/user/mutations/accept-user-invite.ts'. ========
Explicitly specified module resolution kind: 'Node10'.
Loading module as file / folder, candidate module location 'd:/DOPAMS/Toystack/dopams-backend-staging/src/schema/user/', target file types: TypeScript, Declaration.
File 'd:/DOPAMS/Toystack/dopams-backend-staging/src/schema/user/package.json' does not exist.
File 'd:/DOPAMS/Toystack/dopams-backend-staging/src/schema/user/index.ts' exists - use it as a name resolution result.
======== Module name '..' was successfully resolved to 'd:/DOPAMS/Toystack/dopams-backend-staging/src/schema/user/index.ts'. ========
======== Resolving module '../services' from 'd:/DOPAMS/Toystack/dopams-backend-staging/src/schema/user/mutations/accept-user-invite.ts'. ========
Explicitly specified module resolution kind: 'Node10'.
Loading module as file / folder, candidate module location 'd:/DOPAMS/Toystack/dopams-backend-staging/src/schema/user/services', target file types: TypeScript, Declaration.
File 'd:/DOPAMS/Toystack/dopams-backend-staging/src/schema/user/services.ts' does not exist.
File 'd:/DOPAMS/Toystack/dopams-backend-staging/src/schema/user/services.tsx' does not exist.
File 'd:/DOPAMS/Toystack/dopams-backend-staging/src/schema/user/services.d.ts' does not exist.
File 'd:/DOPAMS/Toystack/dopams-backend-staging/src/schema/user/services/package.json' does not exist according to earlier cached lookups.
File 'd:/DOPAMS/Toystack/dopams-backend-staging/src/schema/user/services/index.ts' exists - use it as a name resolution result.
======== Module name '../services' was successfully resolved to 'd:/DOPAMS/Toystack/dopams-backend-staging/src/schema/user/services/index.ts'. ========
======== Resolving module 'graphql' from 'd:/DOPAMS/Toystack/dopams-backend-staging/src/schema/user/index.ts'. ========
Explicitly specified module resolution kind: 'Node10'.
'baseUrl' option is set to 'd:/DOPAMS/Toystack/dopams-backend-staging/src', using this value to resolve non-relative module name 'graphql'.
'paths' option is specified, looking for a pattern to match module name 'graphql'.
'baseUrl' option is set to 'd:/DOPAMS/Toystack/dopams-backend-staging/src', using this value to resolve non-relative module name 'graphql'.
Resolving module name 'graphql' relative to base url 'd:/DOPAMS/Toystack/dopams-backend-staging/src' - 'd:/DOPAMS/Toystack/dopams-backend-staging/src/graphql'.
Loading module as file / folder, candidate module location 'd:/DOPAMS/Toystack/dopams-backend-staging/src/graphql', target file types: TypeScript, Declaration.
File 'd:/DOPAMS/Toystack/dopams-backend-staging/src/graphql.ts' does not exist.
File 'd:/DOPAMS/Toystack/dopams-backend-staging/src/graphql.tsx' does not exist.
File 'd:/DOPAMS/Toystack/dopams-backend-staging/src/graphql.d.ts' does not exist.
Directory 'd:/DOPAMS/Toystack/dopams-backend-staging/src/graphql' does not exist, skipping all lookups in it.
Loading module 'graphql' from 'node_modules' folder, target file types: TypeScript, Declaration.
Searching all ancestor node_modules directories for preferred extensions: TypeScript, Declaration.
Resolution for module 'graphql' was found in cache from location 'd:/DOPAMS/Toystack/dopams-backend-staging/src/schema/user'.
======== Module name 'graphql' was successfully resolved to 'd:/DOPAMS/Toystack/dopams-backend-staging/node_modules/graphql/index.d.ts' with Package ID 'graphql/index.d.ts@16.12.0'. ========
======== Resolving module 'utils/indian-date-object' from 'd:/DOPAMS/Toystack/dopams-backend-staging/src/schema/user/index.ts'. ========
Explicitly specified module resolution kind: 'Node10'.
'baseUrl' option is set to 'd:/DOPAMS/Toystack/dopams-backend-staging/src', using this value to resolve non-relative module name 'utils/indian-date-object'.
'paths' option is specified, looking for a pattern to match module name 'utils/indian-date-object'.
Module name 'utils/indian-date-object', matched pattern 'utils/*'.
Trying substitution 'utils/*', candidate module location: 'utils/indian-date-object'.
Loading module as file / folder, candidate module location 'd:/DOPAMS/Toystack/dopams-backend-staging/src/utils/indian-date-object', target file types: TypeScript, Declaration.
File 'd:/DOPAMS/Toystack/dopams-backend-staging/src/utils/indian-date-object.ts' exists - use it as a name resolution result.
======== Module name 'utils/indian-date-object' was successfully resolved to 'd:/DOPAMS/Toystack/dopams-backend-staging/src/utils/indian-date-object.ts'. ========
======== Resolving module './enums/user-status' from 'd:/DOPAMS/Toystack/dopams-backend-staging/src/schema/user/index.ts'. ========
Explicitly specified module resolution kind: 'Node10'.
Loading module as file / folder, candidate module location 'd:/DOPAMS/Toystack/dopams-backend-staging/src/schema/user/enums/user-status', target file types: TypeScript, Declaration.
File 'd:/DOPAMS/Toystack/dopams-backend-staging/src/schema/user/enums/user-status.ts' exists - use it as a name resolution result.
======== Module name './enums/user-status' was successfully resolved to 'd:/DOPAMS/Toystack/dopams-backend-staging/src/schema/user/enums/user-status.ts'. ========
======== Resolving module './enums/user-role' from 'd:/DOPAMS/Toystack/dopams-backend-staging/src/schema/user/index.ts'. ========
Explicitly specified module resolution kind: 'Node10'.
Loading module as file / folder, candidate module location 'd:/DOPAMS/Toystack/dopams-backend-staging/src/schema/user/enums/user-role', target file types: TypeScript, Declaration.
File 'd:/DOPAMS/Toystack/dopams-backend-staging/src/schema/user/enums/user-role.ts' exists - use it as a name resolution result.
======== Module name './enums/user-role' was successfully resolved to 'd:/DOPAMS/Toystack/dopams-backend-staging/src/schema/user/enums/user-role.ts'. ========
======== Resolving module 'schema/pagination/pagination' from 'd:/DOPAMS/Toystack/dopams-backend-staging/src/schema/user/index.ts'. ========
Explicitly specified module resolution kind: 'Node10'.
'baseUrl' option is set to 'd:/DOPAMS/Toystack/dopams-backend-staging/src', using this value to resolve non-relative module name 'schema/pagination/pagination'.
'paths' option is specified, looking for a pattern to match module name 'schema/pagination/pagination'.
Module name 'schema/pagination/pagination', matched pattern 'schema/*'.
Trying substitution 'schema/*', candidate module location: 'schema/pagination/pagination'.
Loading module as file / folder, candidate module location 'd:/DOPAMS/Toystack/dopams-backend-staging/src/schema/pagination/pagination', target file types: TypeScript, Declaration.
File 'd:/DOPAMS/Toystack/dopams-backend-staging/src/schema/pagination/pagination.ts' exists - use it as a name resolution result.
======== Module name 'schema/pagination/pagination' was successfully resolved to 'd:/DOPAMS/Toystack/dopams-backend-staging/src/schema/pagination/pagination.ts'. ========
======== Resolving module 'graphql' from 'd:/DOPAMS/Toystack/dopams-backend-staging/src/schema/user/enums/user-status.ts'. ========
Explicitly specified module resolution kind: 'Node10'.
'baseUrl' option is set to 'd:/DOPAMS/Toystack/dopams-backend-staging/src', using this value to resolve non-relative module name 'graphql'.
'paths' option is specified, looking for a pattern to match module name 'graphql'.
'baseUrl' option is set to 'd:/DOPAMS/Toystack/dopams-backend-staging/src', using this value to resolve non-relative module name 'graphql'.
Resolving module name 'graphql' relative to base url 'd:/DOPAMS/Toystack/dopams-backend-staging/src' - 'd:/DOPAMS/Toystack/dopams-backend-staging/src/graphql'.
Loading module as file / folder, candidate module location 'd:/DOPAMS/Toystack/dopams-backend-staging/src/graphql', target file types: TypeScript, Declaration.
File 'd:/DOPAMS/Toystack/dopams-backend-staging/src/graphql.ts' does not exist.
File 'd:/DOPAMS/Toystack/dopams-backend-staging/src/graphql.tsx' does not exist.
File 'd:/DOPAMS/Toystack/dopams-backend-staging/src/graphql.d.ts' does not exist.
Directory 'd:/DOPAMS/Toystack/dopams-backend-staging/src/graphql' does not exist, skipping all lookups in it.
Loading module 'graphql' from 'node_modules' folder, target file types: TypeScript, Declaration.
Searching all ancestor node_modules directories for preferred extensions: TypeScript, Declaration.
Directory 'd:/DOPAMS/Toystack/dopams-backend-staging/src/schema/user/enums/node_modules' does not exist, skipping all lookups in it.
Resolution for module 'graphql' was found in cache from location 'd:/DOPAMS/Toystack/dopams-backend-staging/src/schema/user'.
======== Module name 'graphql' was successfully resolved to 'd:/DOPAMS/Toystack/dopams-backend-staging/node_modules/graphql/index.d.ts' with Package ID 'graphql/index.d.ts@16.12.0'. ========
======== Resolving module 'graphql' from 'd:/DOPAMS/Toystack/dopams-backend-staging/src/schema/user/enums/user-role.ts'. ========
Resolution for module 'graphql' was found in cache from location 'd:/DOPAMS/Toystack/dopams-backend-staging/src/schema/user/enums'.
======== Module name 'graphql' was successfully resolved to 'd:/DOPAMS/Toystack/dopams-backend-staging/node_modules/graphql/index.d.ts' with Package ID 'graphql/index.d.ts@16.12.0'. ========
======== Resolving module 'graphql' from 'd:/DOPAMS/Toystack/dopams-backend-staging/src/schema/pagination/pagination.ts'. ========
Explicitly specified module resolution kind: 'Node10'.
'baseUrl' option is set to 'd:/DOPAMS/Toystack/dopams-backend-staging/src', using this value to resolve non-relative module name 'graphql'.
'paths' option is specified, looking for a pattern to match module name 'graphql'.
'baseUrl' option is set to 'd:/DOPAMS/Toystack/dopams-backend-staging/src', using this value to resolve non-relative module name 'graphql'.
Resolving module name 'graphql' relative to base url 'd:/DOPAMS/Toystack/dopams-backend-staging/src' - 'd:/DOPAMS/Toystack/dopams-backend-staging/src/graphql'.
Loading module as file / folder, candidate module location 'd:/DOPAMS/Toystack/dopams-backend-staging/src/graphql', target file types: TypeScript, Declaration.
File 'd:/DOPAMS/Toystack/dopams-backend-staging/src/graphql.ts' does not exist.
File 'd:/DOPAMS/Toystack/dopams-backend-staging/src/graphql.tsx' does not exist.
File 'd:/DOPAMS/Toystack/dopams-backend-staging/src/graphql.d.ts' does not exist.
Directory 'd:/DOPAMS/Toystack/dopams-backend-staging/src/graphql' does not exist, skipping all lookups in it.
Loading module 'graphql' from 'node_modules' folder, target file types: TypeScript, Declaration.
Searching all ancestor node_modules directories for preferred extensions: TypeScript, Declaration.
Directory 'd:/DOPAMS/Toystack/dopams-backend-staging/src/schema/pagination/node_modules' does not exist, skipping all lookups in it.
Resolution for module 'graphql' was found in cache from location 'd:/DOPAMS/Toystack/dopams-backend-staging/src/schema'.
======== Module name 'graphql' was successfully resolved to 'd:/DOPAMS/Toystack/dopams-backend-staging/node_modules/graphql/index.d.ts' with Package ID 'graphql/index.d.ts@16.12.0'. ========
======== Resolving module 'prisma-extension-pagination/dist/types' from 'd:/DOPAMS/Toystack/dopams-backend-staging/src/schema/pagination/pagination.ts'. ========
Explicitly specified module resolution kind: 'Node10'.
'baseUrl' option is set to 'd:/DOPAMS/Toystack/dopams-backend-staging/src', using this value to resolve non-relative module name 'prisma-extension-pagination/dist/types'.
'paths' option is specified, looking for a pattern to match module name 'prisma-extension-pagination/dist/types'.
'baseUrl' option is set to 'd:/DOPAMS/Toystack/dopams-backend-staging/src', using this value to resolve non-relative module name 'prisma-extension-pagination/dist/types'.
Resolving module name 'prisma-extension-pagination/dist/types' relative to base url 'd:/DOPAMS/Toystack/dopams-backend-staging/src' - 'd:/DOPAMS/Toystack/dopams-backend-staging/src/prisma-extension-pagination/dist/types'.
Loading module as file / folder, candidate module location 'd:/DOPAMS/Toystack/dopams-backend-staging/src/prisma-extension-pagination/dist/types', target file types: TypeScript, Declaration.
Loading module 'prisma-extension-pagination/dist/types' from 'node_modules' folder, target file types: TypeScript, Declaration.
Searching all ancestor node_modules directories for preferred extensions: TypeScript, Declaration.
Directory 'd:/DOPAMS/Toystack/dopams-backend-staging/src/schema/pagination/node_modules' does not exist, skipping all lookups in it.
Directory 'd:/DOPAMS/Toystack/dopams-backend-staging/src/schema/node_modules' does not exist, skipping all lookups in it.
Directory 'd:/DOPAMS/Toystack/dopams-backend-staging/src/node_modules' does not exist, skipping all lookups in it.
Found 'package.json' at 'd:/DOPAMS/Toystack/dopams-backend-staging/node_modules/prisma-extension-pagination/package.json'.
'package.json' does not have a 'typesVersions' field.
File 'd:/DOPAMS/Toystack/dopams-backend-staging/node_modules/prisma-extension-pagination/dist/types.ts' does not exist.
File 'd:/DOPAMS/Toystack/dopams-backend-staging/node_modules/prisma-extension-pagination/dist/types.tsx' does not exist.
File 'd:/DOPAMS/Toystack/dopams-backend-staging/node_modules/prisma-extension-pagination/dist/types.d.ts' exists - use it as a name resolution result.
'package.json' has a 'peerDependencies' field.
Resolving real path for 'd:/DOPAMS/Toystack/dopams-backend-staging/node_modules/prisma-extension-pagination', result 'D:/DOPAMS/Toystack/dopams-backend-staging/node_modules/prisma-extension-pagination'.
Found 'package.json' at 'D:/DOPAMS/Toystack/dopams-backend-staging/node_modules/@prisma/client/package.json'.
Found peerDependency '@prisma/client' with '6.19.2' version.
Resolving real path for 'd:/DOPAMS/Toystack/dopams-backend-staging/node_modules/prisma-extension-pagination/dist/types.d.ts', result 'D:/DOPAMS/Toystack/dopams-backend-staging/node_modules/prisma-extension-pagination/dist/types.d.ts'.
======== Module name 'prisma-extension-pagination/dist/types' was successfully resolved to 'd:/DOPAMS/Toystack/dopams-backend-staging/node_modules/prisma-extension-pagination/dist/types.d.ts' with Package ID 'prisma-extension-pagination/dist/types.d.ts@0.7.6+@prisma/client@6.19.2'. ========
File 'd:/DOPAMS/Toystack/dopams-backend-staging/node_modules/prisma-extension-pagination/dist/package.json' does not exist.
File 'd:/DOPAMS/Toystack/dopams-backend-staging/node_modules/prisma-extension-pagination/package.json' exists according to earlier cached lookups.
======== Resolving module '@prisma/client' from 'd:/DOPAMS/Toystack/dopams-backend-staging/src/schema/user/services/index.ts'. ========
Explicitly specified module resolution kind: 'Node10'.
'baseUrl' option is set to 'd:/DOPAMS/Toystack/dopams-backend-staging/src', using this value to resolve non-relative module name '@prisma/client'.
'paths' option is specified, looking for a pattern to match module name '@prisma/client'.
'baseUrl' option is set to 'd:/DOPAMS/Toystack/dopams-backend-staging/src', using this value to resolve non-relative module name '@prisma/client'.
Resolving module name '@prisma/client' relative to base url 'd:/DOPAMS/Toystack/dopams-backend-staging/src' - 'd:/DOPAMS/Toystack/dopams-backend-staging/src/@prisma/client'.
Loading module as file / folder, candidate module location 'd:/DOPAMS/Toystack/dopams-backend-staging/src/@prisma/client', target file types: TypeScript, Declaration.
Loading module '@prisma/client' from 'node_modules' folder, target file types: TypeScript, Declaration.
Searching all ancestor node_modules directories for preferred extensions: TypeScript, Declaration.
Directory 'd:/DOPAMS/Toystack/dopams-backend-staging/src/schema/user/services/node_modules' does not exist, skipping all lookups in it.
Scoped package detected, looking in 'prisma__client'
Directory 'd:/DOPAMS/Toystack/dopams-backend-staging/src/schema/user/node_modules' does not exist, skipping all lookups in it.
Scoped package detected, looking in 'prisma__client'
Directory 'd:/DOPAMS/Toystack/dopams-backend-staging/src/schema/node_modules' does not exist, skipping all lookups in it.
Scoped package detected, looking in 'prisma__client'
Directory 'd:/DOPAMS/Toystack/dopams-backend-staging/src/node_modules' does not exist, skipping all lookups in it.
Scoped package detected, looking in 'prisma__client'
File 'd:/DOPAMS/Toystack/dopams-backend-staging/node_modules/@prisma/client/package.json' exists according to earlier cached lookups.
File 'd:/DOPAMS/Toystack/dopams-backend-staging/node_modules/@prisma/client.ts' does not exist.
File 'd:/DOPAMS/Toystack/dopams-backend-staging/node_modules/@prisma/client.tsx' does not exist.
File 'd:/DOPAMS/Toystack/dopams-backend-staging/node_modules/@prisma/client.d.ts' does not exist.
'package.json' does not have a 'typesVersions' field.
'package.json' does not have a 'typings' field.
'package.json' has 'types' field 'default.d.ts' that references 'd:/DOPAMS/Toystack/dopams-backend-staging/node_modules/@prisma/client/default.d.ts'.
File 'd:/DOPAMS/Toystack/dopams-backend-staging/node_modules/@prisma/client/default.d.ts' exists - use it as a name resolution result.
'package.json' has a 'peerDependencies' field.
Resolving real path for 'd:/DOPAMS/Toystack/dopams-backend-staging/node_modules/@prisma/client', result 'D:/DOPAMS/Toystack/dopams-backend-staging/node_modules/@prisma/client'.
Found 'package.json' at 'D:/DOPAMS/Toystack/dopams-backend-staging/node_modules/prisma/package.json'.
Found peerDependency 'prisma' with '6.19.2' version.
File 'D:/DOPAMS/Toystack/dopams-backend-staging/node_modules/typescript/package.json' exists according to earlier cached lookups.
Found peerDependency 'typescript' with '5.9.3' version.
Resolving real path for 'd:/DOPAMS/Toystack/dopams-backend-staging/node_modules/@prisma/client/default.d.ts', result 'D:/DOPAMS/Toystack/dopams-backend-staging/node_modules/@prisma/client/default.d.ts'.
======== Module name '@prisma/client' was successfully resolved to 'd:/DOPAMS/Toystack/dopams-backend-staging/node_modules/@prisma/client/default.d.ts' with Package ID '@prisma/client/default.d.ts@6.19.2+prisma@6.19.2+typescript@5.9.3'. ========
======== Resolving module 'jsonwebtoken' from 'd:/DOPAMS/Toystack/dopams-backend-staging/src/schema/user/services/index.ts'. ========
Explicitly specified module resolution kind: 'Node10'.
'baseUrl' option is set to 'd:/DOPAMS/Toystack/dopams-backend-staging/src', using this value to resolve non-relative module name 'jsonwebtoken'.
'paths' option is specified, looking for a pattern to match module name 'jsonwebtoken'.
'baseUrl' option is set to 'd:/DOPAMS/Toystack/dopams-backend-staging/src', using this value to resolve non-relative module name 'jsonwebtoken'.
Resolving module name 'jsonwebtoken' relative to base url 'd:/DOPAMS/Toystack/dopams-backend-staging/src' - 'd:/DOPAMS/Toystack/dopams-backend-staging/src/jsonwebtoken'.
Loading module as file / folder, candidate module location 'd:/DOPAMS/Toystack/dopams-backend-staging/src/jsonwebtoken', target file types: TypeScript, Declaration.
File 'd:/DOPAMS/Toystack/dopams-backend-staging/src/jsonwebtoken.ts' does not exist.
File 'd:/DOPAMS/Toystack/dopams-backend-staging/src/jsonwebtoken.tsx' does not exist.
File 'd:/DOPAMS/Toystack/dopams-backend-staging/src/jsonwebtoken.d.ts' does not exist.
Directory 'd:/DOPAMS/Toystack/dopams-backend-staging/src/jsonwebtoken' does not exist, skipping all lookups in it.
Loading module 'jsonwebtoken' from 'node_modules' folder, target file types: TypeScript, Declaration.
Searching all ancestor node_modules directories for preferred extensions: TypeScript, Declaration.
Directory 'd:/DOPAMS/Toystack/dopams-backend-staging/src/schema/user/services/node_modules' does not exist, skipping all lookups in it.
Directory 'd:/DOPAMS/Toystack/dopams-backend-staging/src/schema/user/node_modules' does not exist, skipping all lookups in it.
Directory 'd:/DOPAMS/Toystack/dopams-backend-staging/src/schema/node_modules' does not exist, skipping all lookups in it.
Directory 'd:/DOPAMS/Toystack/dopams-backend-staging/src/node_modules' does not exist, skipping all lookups in it.
Found 'package.json' at 'd:/DOPAMS/Toystack/dopams-backend-staging/node_modules/jsonwebtoken/package.json'.
File 'd:/DOPAMS/Toystack/dopams-backend-staging/node_modules/jsonwebtoken.ts' does not exist.
File 'd:/DOPAMS/Toystack/dopams-backend-staging/node_modules/jsonwebtoken.tsx' does not exist.
File 'd:/DOPAMS/Toystack/dopams-backend-staging/node_modules/jsonwebtoken.d.ts' does not exist.
'package.json' does not have a 'typesVersions' field.
'package.json' does not have a 'typings' field.
'package.json' does not have a 'types' field.
'package.json' has 'main' field 'index.js' that references 'd:/DOPAMS/Toystack/dopams-backend-staging/node_modules/jsonwebtoken/index.js'.
File name 'd:/DOPAMS/Toystack/dopams-backend-staging/node_modules/jsonwebtoken/index.js' has a '.js' extension - stripping it.
File 'd:/DOPAMS/Toystack/dopams-backend-staging/node_modules/jsonwebtoken/index.ts' does not exist.
File 'd:/DOPAMS/Toystack/dopams-backend-staging/node_modules/jsonwebtoken/index.tsx' does not exist.
File 'd:/DOPAMS/Toystack/dopams-backend-staging/node_modules/jsonwebtoken/index.d.ts' does not exist.
Loading module as file / folder, candidate module location 'd:/DOPAMS/Toystack/dopams-backend-staging/node_modules/jsonwebtoken/index.js', target file types: TypeScript, Declaration.
File name 'd:/DOPAMS/Toystack/dopams-backend-staging/node_modules/jsonwebtoken/index.js' has a '.js' extension - stripping it.
File 'd:/DOPAMS/Toystack/dopams-backend-staging/node_modules/jsonwebtoken/index.ts' does not exist.
File 'd:/DOPAMS/Toystack/dopams-backend-staging/node_modules/jsonwebtoken/index.tsx' does not exist.
File 'd:/DOPAMS/Toystack/dopams-backend-staging/node_modules/jsonwebtoken/index.d.ts' does not exist.
File 'd:/DOPAMS/Toystack/dopams-backend-staging/node_modules/jsonwebtoken/index.js.ts' does not exist.
File 'd:/DOPAMS/Toystack/dopams-backend-staging/node_modules/jsonwebtoken/index.js.tsx' does not exist.
File 'd:/DOPAMS/Toystack/dopams-backend-staging/node_modules/jsonwebtoken/index.js.d.ts' does not exist.
Directory 'd:/DOPAMS/Toystack/dopams-backend-staging/node_modules/jsonwebtoken/index.js' does not exist, skipping all lookups in it.
File 'd:/DOPAMS/Toystack/dopams-backend-staging/node_modules/jsonwebtoken/index.ts' does not exist.
File 'd:/DOPAMS/Toystack/dopams-backend-staging/node_modules/jsonwebtoken/index.tsx' does not exist.
File 'd:/DOPAMS/Toystack/dopams-backend-staging/node_modules/jsonwebtoken/index.d.ts' does not exist.
Found 'package.json' at 'd:/DOPAMS/Toystack/dopams-backend-staging/node_modules/@types/jsonwebtoken/package.json'.
File 'd:/DOPAMS/Toystack/dopams-backend-staging/node_modules/@types/jsonwebtoken.d.ts' does not exist.
'package.json' does not have a 'typesVersions' field.
'package.json' does not have a 'typings' field.
'package.json' has 'types' field 'index.d.ts' that references 'd:/DOPAMS/Toystack/dopams-backend-staging/node_modules/@types/jsonwebtoken/index.d.ts'.
File 'd:/DOPAMS/Toystack/dopams-backend-staging/node_modules/@types/jsonwebtoken/index.d.ts' exists - use it as a name resolution result.
'package.json' has a 'peerDependencies' field.
Resolving real path for 'd:/DOPAMS/Toystack/dopams-backend-staging/node_modules/@types/jsonwebtoken', result 'D:/DOPAMS/Toystack/dopams-backend-staging/node_modules/@types/jsonwebtoken'.
Resolving real path for 'd:/DOPAMS/Toystack/dopams-backend-staging/node_modules/@types/jsonwebtoken/index.d.ts', result 'D:/DOPAMS/Toystack/dopams-backend-staging/node_modules/@types/jsonwebtoken/index.d.ts'.
======== Module name 'jsonwebtoken' was successfully resolved to 'd:/DOPAMS/Toystack/dopams-backend-staging/node_modules/@types/jsonwebtoken/index.d.ts' with Package ID '@types/jsonwebtoken/index.d.ts@9.0.10'. ========
======== Resolving module 'uuid' from 'd:/DOPAMS/Toystack/dopams-backend-staging/src/schema/user/services/index.ts'. ========
Explicitly specified module resolution kind: 'Node10'.
'baseUrl' option is set to 'd:/DOPAMS/Toystack/dopams-backend-staging/src', using this value to resolve non-relative module name 'uuid'.
'paths' option is specified, looking for a pattern to match module name 'uuid'.
'baseUrl' option is set to 'd:/DOPAMS/Toystack/dopams-backend-staging/src', using this value to resolve non-relative module name 'uuid'.
Resolving module name 'uuid' relative to base url 'd:/DOPAMS/Toystack/dopams-backend-staging/src' - 'd:/DOPAMS/Toystack/dopams-backend-staging/src/uuid'.
Loading module as file / folder, candidate module location 'd:/DOPAMS/Toystack/dopams-backend-staging/src/uuid', target file types: TypeScript, Declaration.
File 'd:/DOPAMS/Toystack/dopams-backend-staging/src/uuid.ts' does not exist.
File 'd:/DOPAMS/Toystack/dopams-backend-staging/src/uuid.tsx' does not exist.
File 'd:/DOPAMS/Toystack/dopams-backend-staging/src/uuid.d.ts' does not exist.
Directory 'd:/DOPAMS/Toystack/dopams-backend-staging/src/uuid' does not exist, skipping all lookups in it.
Loading module 'uuid' from 'node_modules' folder, target file types: TypeScript, Declaration.
Searching all ancestor node_modules directories for preferred extensions: TypeScript, Declaration.
Directory 'd:/DOPAMS/Toystack/dopams-backend-staging/src/schema/user/services/node_modules' does not exist, skipping all lookups in it.
Directory 'd:/DOPAMS/Toystack/dopams-backend-staging/src/schema/user/node_modules' does not exist, skipping all lookups in it.
Directory 'd:/DOPAMS/Toystack/dopams-backend-staging/src/schema/node_modules' does not exist, skipping all lookups in it.
Directory 'd:/DOPAMS/Toystack/dopams-backend-staging/src/node_modules' does not exist, skipping all lookups in it.
Found 'package.json' at 'd:/DOPAMS/Toystack/dopams-backend-staging/node_modules/uuid/package.json'.
File 'd:/DOPAMS/Toystack/dopams-backend-staging/node_modules/uuid.ts' does not exist.
File 'd:/DOPAMS/Toystack/dopams-backend-staging/node_modules/uuid.tsx' does not exist.
File 'd:/DOPAMS/Toystack/dopams-backend-staging/node_modules/uuid.d.ts' does not exist.
'package.json' does not have a 'typesVersions' field.
'package.json' does not have a 'typings' field.
'package.json' does not have a 'types' field.
'package.json' has 'main' field './dist/cjs/index.js' that references 'd:/DOPAMS/Toystack/dopams-backend-staging/node_modules/uuid/dist/cjs/index.js'.
File name 'd:/DOPAMS/Toystack/dopams-backend-staging/node_modules/uuid/dist/cjs/index.js' has a '.js' extension - stripping it.
File 'd:/DOPAMS/Toystack/dopams-backend-staging/node_modules/uuid/dist/cjs/index.ts' does not exist.
File 'd:/DOPAMS/Toystack/dopams-backend-staging/node_modules/uuid/dist/cjs/index.tsx' does not exist.
File 'd:/DOPAMS/Toystack/dopams-backend-staging/node_modules/uuid/dist/cjs/index.d.ts' exists - use it as a name resolution result.
'package.json' does not have a 'peerDependencies' field.
Resolving real path for 'd:/DOPAMS/Toystack/dopams-backend-staging/node_modules/uuid/dist/cjs/index.d.ts', result 'D:/DOPAMS/Toystack/dopams-backend-staging/node_modules/uuid/dist/cjs/index.d.ts'.
======== Module name 'uuid' was successfully resolved to 'd:/DOPAMS/Toystack/dopams-backend-staging/node_modules/uuid/dist/cjs/index.d.ts' with Package ID 'uuid/dist/cjs/index.d.ts@11.1.0'. ========
======== Resolving module 'utils/errors/userAuthException' from 'd:/DOPAMS/Toystack/dopams-backend-staging/src/schema/user/services/index.ts'. ========
Explicitly specified module resolution kind: 'Node10'.
'baseUrl' option is set to 'd:/DOPAMS/Toystack/dopams-backend-staging/src', using this value to resolve non-relative module name 'utils/errors/userAuthException'.
'paths' option is specified, looking for a pattern to match module name 'utils/errors/userAuthException'.
Module name 'utils/errors/userAuthException', matched pattern 'utils/*'.
Trying substitution 'utils/*', candidate module location: 'utils/errors/userAuthException'.
Loading module as file / folder, candidate module location 'd:/DOPAMS/Toystack/dopams-backend-staging/src/utils/errors/userAuthException', target file types: TypeScript, Declaration.
File 'd:/DOPAMS/Toystack/dopams-backend-staging/src/utils/errors/userAuthException.ts' exists - use it as a name resolution result.
======== Module name 'utils/errors/userAuthException' was successfully resolved to 'd:/DOPAMS/Toystack/dopams-backend-staging/src/utils/errors/userAuthException.ts'. ========
======== Resolving module 'utils/jwt' from 'd:/DOPAMS/Toystack/dopams-backend-staging/src/schema/user/services/index.ts'. ========
Explicitly specified module resolution kind: 'Node10'.
'baseUrl' option is set to 'd:/DOPAMS/Toystack/dopams-backend-staging/src', using this value to resolve non-relative module name 'utils/jwt'.
'paths' option is specified, looking for a pattern to match module name 'utils/jwt'.
Module name 'utils/jwt', matched pattern 'utils/*'.
Trying substitution 'utils/*', candidate module location: 'utils/jwt'.
Loading module as file / folder, candidate module location 'd:/DOPAMS/Toystack/dopams-backend-staging/src/utils/jwt', target file types: TypeScript, Declaration.
File 'd:/DOPAMS/Toystack/dopams-backend-staging/src/utils/jwt.ts' exists - use it as a name resolution result.
======== Module name 'utils/jwt' was successfully resolved to 'd:/DOPAMS/Toystack/dopams-backend-staging/src/utils/jwt.ts'. ========
======== Resolving module 'utils/misc' from 'd:/DOPAMS/Toystack/dopams-backend-staging/src/schema/user/services/index.ts'. ========
Explicitly specified module resolution kind: 'Node10'.
'baseUrl' option is set to 'd:/DOPAMS/Toystack/dopams-backend-staging/src', using this value to resolve non-relative module name 'utils/misc'.
'paths' option is specified, looking for a pattern to match module name 'utils/misc'.
Module name 'utils/misc', matched pattern 'utils/*'.
Trying substitution 'utils/*', candidate module location: 'utils/misc'.
Loading module as file / folder, candidate module location 'd:/DOPAMS/Toystack/dopams-backend-staging/src/utils/misc', target file types: TypeScript, Declaration.
File 'd:/DOPAMS/Toystack/dopams-backend-staging/src/utils/misc.ts' exists - use it as a name resolution result.
======== Module name 'utils/misc' was successfully resolved to 'd:/DOPAMS/Toystack/dopams-backend-staging/src/utils/misc.ts'. ========
======== Resolving module 'utils/sendgrid' from 'd:/DOPAMS/Toystack/dopams-backend-staging/src/schema/user/services/index.ts'. ========
Explicitly specified module resolution kind: 'Node10'.
'baseUrl' option is set to 'd:/DOPAMS/Toystack/dopams-backend-staging/src', using this value to resolve non-relative module name 'utils/sendgrid'.
'paths' option is specified, looking for a pattern to match module name 'utils/sendgrid'.
Module name 'utils/sendgrid', matched pattern 'utils/*'.
Trying substitution 'utils/*', candidate module location: 'utils/sendgrid'.
Loading module as file / folder, candidate module location 'd:/DOPAMS/Toystack/dopams-backend-staging/src/utils/sendgrid', target file types: TypeScript, Declaration.
File 'd:/DOPAMS/Toystack/dopams-backend-staging/src/utils/sendgrid.ts' does not exist.
File 'd:/DOPAMS/Toystack/dopams-backend-staging/src/utils/sendgrid.tsx' does not exist.
File 'd:/DOPAMS/Toystack/dopams-backend-staging/src/utils/sendgrid.d.ts' does not exist.
File 'd:/DOPAMS/Toystack/dopams-backend-staging/src/utils/sendgrid/package.json' does not exist.
File 'd:/DOPAMS/Toystack/dopams-backend-staging/src/utils/sendgrid/index.ts' exists - use it as a name resolution result.
======== Module name 'utils/sendgrid' was successfully resolved to 'd:/DOPAMS/Toystack/dopams-backend-staging/src/utils/sendgrid/index.ts'. ========
======== Resolving module '../enums/user-status' from 'd:/DOPAMS/Toystack/dopams-backend-staging/src/schema/user/services/index.ts'. ========
Explicitly specified module resolution kind: 'Node10'.
Loading module as file / folder, candidate module location 'd:/DOPAMS/Toystack/dopams-backend-staging/src/schema/user/enums/user-status', target file types: TypeScript, Declaration.
File 'd:/DOPAMS/Toystack/dopams-backend-staging/src/schema/user/enums/user-status.ts' exists - use it as a name resolution result.
======== Module name '../enums/user-status' was successfully resolved to 'd:/DOPAMS/Toystack/dopams-backend-staging/src/schema/user/enums/user-status.ts'. ========
======== Resolving module 'utils/errors/authentication-error' from 'd:/DOPAMS/Toystack/dopams-backend-staging/src/schema/user/services/index.ts'. ========
Explicitly specified module resolution kind: 'Node10'.
'baseUrl' option is set to 'd:/DOPAMS/Toystack/dopams-backend-staging/src', using this value to resolve non-relative module name 'utils/errors/authentication-error'.
'paths' option is specified, looking for a pattern to match module name 'utils/errors/authentication-error'.
Module name 'utils/errors/authentication-error', matched pattern 'utils/*'.
Trying substitution 'utils/*', candidate module location: 'utils/errors/authentication-error'.
Loading module as file / folder, candidate module location 'd:/DOPAMS/Toystack/dopams-backend-staging/src/utils/errors/authentication-error', target file types: TypeScript, Declaration.
File 'd:/DOPAMS/Toystack/dopams-backend-staging/src/utils/errors/authentication-error.ts' exists - use it as a name resolution result.
======== Module name 'utils/errors/authentication-error' was successfully resolved to 'd:/DOPAMS/Toystack/dopams-backend-staging/src/utils/errors/authentication-error.ts'. ========
======== Resolving module 'bcrypt' from 'd:/DOPAMS/Toystack/dopams-backend-staging/src/schema/user/services/index.ts'. ========
Explicitly specified module resolution kind: 'Node10'.
'baseUrl' option is set to 'd:/DOPAMS/Toystack/dopams-backend-staging/src', using this value to resolve non-relative module name 'bcrypt'.
'paths' option is specified, looking for a pattern to match module name 'bcrypt'.
'baseUrl' option is set to 'd:/DOPAMS/Toystack/dopams-backend-staging/src', using this value to resolve non-relative module name 'bcrypt'.
Resolving module name 'bcrypt' relative to base url 'd:/DOPAMS/Toystack/dopams-backend-staging/src' - 'd:/DOPAMS/Toystack/dopams-backend-staging/src/bcrypt'.
Loading module as file / folder, candidate module location 'd:/DOPAMS/Toystack/dopams-backend-staging/src/bcrypt', target file types: TypeScript, Declaration.
File 'd:/DOPAMS/Toystack/dopams-backend-staging/src/bcrypt.ts' does not exist.
File 'd:/DOPAMS/Toystack/dopams-backend-staging/src/bcrypt.tsx' does not exist.
File 'd:/DOPAMS/Toystack/dopams-backend-staging/src/bcrypt.d.ts' does not exist.
Directory 'd:/DOPAMS/Toystack/dopams-backend-staging/src/bcrypt' does not exist, skipping all lookups in it.
Loading module 'bcrypt' from 'node_modules' folder, target file types: TypeScript, Declaration.
Searching all ancestor node_modules directories for preferred extensions: TypeScript, Declaration.
Directory 'd:/DOPAMS/Toystack/dopams-backend-staging/src/schema/user/services/node_modules' does not exist, skipping all lookups in it.
Directory 'd:/DOPAMS/Toystack/dopams-backend-staging/src/schema/user/node_modules' does not exist, skipping all lookups in it.
Directory 'd:/DOPAMS/Toystack/dopams-backend-staging/src/schema/node_modules' does not exist, skipping all lookups in it.
Directory 'd:/DOPAMS/Toystack/dopams-backend-staging/src/node_modules' does not exist, skipping all lookups in it.
Found 'package.json' at 'd:/DOPAMS/Toystack/dopams-backend-staging/node_modules/bcrypt/package.json'.
File 'd:/DOPAMS/Toystack/dopams-backend-staging/node_modules/bcrypt.ts' does not exist.
File 'd:/DOPAMS/Toystack/dopams-backend-staging/node_modules/bcrypt.tsx' does not exist.
File 'd:/DOPAMS/Toystack/dopams-backend-staging/node_modules/bcrypt.d.ts' does not exist.
'package.json' does not have a 'typesVersions' field.
'package.json' does not have a 'typings' field.
'package.json' does not have a 'types' field.
'package.json' has 'main' field './bcrypt' that references 'd:/DOPAMS/Toystack/dopams-backend-staging/node_modules/bcrypt/bcrypt'.
Loading module as file / folder, candidate module location 'd:/DOPAMS/Toystack/dopams-backend-staging/node_modules/bcrypt/bcrypt', target file types: TypeScript, Declaration.
File 'd:/DOPAMS/Toystack/dopams-backend-staging/node_modules/bcrypt/bcrypt.ts' does not exist.
File 'd:/DOPAMS/Toystack/dopams-backend-staging/node_modules/bcrypt/bcrypt.tsx' does not exist.
File 'd:/DOPAMS/Toystack/dopams-backend-staging/node_modules/bcrypt/bcrypt.d.ts' does not exist.
Directory 'd:/DOPAMS/Toystack/dopams-backend-staging/node_modules/bcrypt/bcrypt' does not exist, skipping all lookups in it.
File 'd:/DOPAMS/Toystack/dopams-backend-staging/node_modules/bcrypt/index.ts' does not exist.
File 'd:/DOPAMS/Toystack/dopams-backend-staging/node_modules/bcrypt/index.tsx' does not exist.
File 'd:/DOPAMS/Toystack/dopams-backend-staging/node_modules/bcrypt/index.d.ts' does not exist.
File 'd:/DOPAMS/Toystack/dopams-backend-staging/node_modules/@types/bcrypt.d.ts' does not exist.
Directory 'd:/DOPAMS/Toystack/node_modules' does not exist, skipping all lookups in it.
Directory 'd:/DOPAMS/node_modules' does not exist, skipping all lookups in it.
Directory 'd:/node_modules' does not exist, skipping all lookups in it.
'baseUrl' option is set to 'd:/DOPAMS/Toystack/dopams-backend-staging/src', using this value to resolve non-relative module name 'bcrypt'.
'paths' option is specified, looking for a pattern to match module name 'bcrypt'.
'baseUrl' option is set to 'd:/DOPAMS/Toystack/dopams-backend-staging/src', using this value to resolve non-relative module name 'bcrypt'.
Resolving module name 'bcrypt' relative to base url 'd:/DOPAMS/Toystack/dopams-backend-staging/src' - 'd:/DOPAMS/Toystack/dopams-backend-staging/src/bcrypt'.
Loading module as file / folder, candidate module location 'd:/DOPAMS/Toystack/dopams-backend-staging/src/bcrypt', target file types: JavaScript, JSON.
File 'd:/DOPAMS/Toystack/dopams-backend-staging/src/bcrypt.js' does not exist.
File 'd:/DOPAMS/Toystack/dopams-backend-staging/src/bcrypt.jsx' does not exist.
Directory 'd:/DOPAMS/Toystack/dopams-backend-staging/src/bcrypt' does not exist, skipping all lookups in it.
Loading module 'bcrypt' from 'node_modules' folder, target file types: JavaScript, JSON.
Searching all ancestor node_modules directories for fallback extensions: JavaScript, JSON.
Directory 'd:/DOPAMS/Toystack/dopams-backend-staging/src/schema/user/services/node_modules' does not exist, skipping all lookups in it.
Directory 'd:/DOPAMS/Toystack/dopams-backend-staging/src/schema/user/node_modules' does not exist, skipping all lookups in it.
Directory 'd:/DOPAMS/Toystack/dopams-backend-staging/src/schema/node_modules' does not exist, skipping all lookups in it.
Directory 'd:/DOPAMS/Toystack/dopams-backend-staging/src/node_modules' does not exist, skipping all lookups in it.
File 'd:/DOPAMS/Toystack/dopams-backend-staging/node_modules/bcrypt/package.json' exists according to earlier cached lookups.
File 'd:/DOPAMS/Toystack/dopams-backend-staging/node_modules/bcrypt.js' does not exist.
File 'd:/DOPAMS/Toystack/dopams-backend-staging/node_modules/bcrypt.jsx' does not exist.
'package.json' has 'main' field './bcrypt' that references 'd:/DOPAMS/Toystack/dopams-backend-staging/node_modules/bcrypt/bcrypt'.
Loading module as file / folder, candidate module location 'd:/DOPAMS/Toystack/dopams-backend-staging/node_modules/bcrypt/bcrypt', target file types: JavaScript, JSON.
File 'd:/DOPAMS/Toystack/dopams-backend-staging/node_modules/bcrypt/bcrypt.js' exists - use it as a name resolution result.
'package.json' does not have a 'peerDependencies' field.
Resolution of non-relative name failed; trying with '--moduleResolution bundler' to see if project may need configuration update.
'baseUrl' option is set to 'd:/DOPAMS/Toystack/dopams-backend-staging/src', using this value to resolve non-relative module name 'bcrypt'.
'paths' option is specified, looking for a pattern to match module name 'bcrypt'.
'baseUrl' option is set to 'd:/DOPAMS/Toystack/dopams-backend-staging/src', using this value to resolve non-relative module name 'bcrypt'.
Resolving module name 'bcrypt' relative to base url 'd:/DOPAMS/Toystack/dopams-backend-staging/src' - 'd:/DOPAMS/Toystack/dopams-backend-staging/src/bcrypt'.
Loading module as file / folder, candidate module location 'd:/DOPAMS/Toystack/dopams-backend-staging/src/bcrypt', target file types: TypeScript, Declaration.
File 'd:/DOPAMS/Toystack/dopams-backend-staging/src/bcrypt.ts' does not exist.
File 'd:/DOPAMS/Toystack/dopams-backend-staging/src/bcrypt.tsx' does not exist.
File 'd:/DOPAMS/Toystack/dopams-backend-staging/src/bcrypt.d.ts' does not exist.
Directory 'd:/DOPAMS/Toystack/dopams-backend-staging/src/bcrypt' does not exist, skipping all lookups in it.
Loading module 'bcrypt' from 'node_modules' folder, target file types: TypeScript, Declaration.
Searching all ancestor node_modules directories for preferred extensions: TypeScript, Declaration.
Directory 'd:/DOPAMS/Toystack/dopams-backend-staging/src/schema/user/services/node_modules' does not exist, skipping all lookups in it.
Directory 'd:/DOPAMS/Toystack/dopams-backend-staging/src/schema/user/node_modules' does not exist, skipping all lookups in it.
Directory 'd:/DOPAMS/Toystack/dopams-backend-staging/src/schema/node_modules' does not exist, skipping all lookups in it.
Directory 'd:/DOPAMS/Toystack/dopams-backend-staging/src/node_modules' does not exist, skipping all lookups in it.
File 'd:/DOPAMS/Toystack/dopams-backend-staging/node_modules/bcrypt/package.json' exists according to earlier cached lookups.
File 'd:/DOPAMS/Toystack/dopams-backend-staging/node_modules/bcrypt.ts' does not exist.
File 'd:/DOPAMS/Toystack/dopams-backend-staging/node_modules/bcrypt.tsx' does not exist.
File 'd:/DOPAMS/Toystack/dopams-backend-staging/node_modules/bcrypt.d.ts' does not exist.
'package.json' does not have a 'typings' field.
'package.json' does not have a 'types' field.
'package.json' has 'main' field './bcrypt' that references 'd:/DOPAMS/Toystack/dopams-backend-staging/node_modules/bcrypt/bcrypt'.
Loading module as file / folder, candidate module location 'd:/DOPAMS/Toystack/dopams-backend-staging/node_modules/bcrypt/bcrypt', target file types: TypeScript, Declaration.
File 'd:/DOPAMS/Toystack/dopams-backend-staging/node_modules/bcrypt/bcrypt.ts' does not exist.
File 'd:/DOPAMS/Toystack/dopams-backend-staging/node_modules/bcrypt/bcrypt.tsx' does not exist.
File 'd:/DOPAMS/Toystack/dopams-backend-staging/node_modules/bcrypt/bcrypt.d.ts' does not exist.
Directory 'd:/DOPAMS/Toystack/dopams-backend-staging/node_modules/bcrypt/bcrypt' does not exist, skipping all lookups in it.
File 'd:/DOPAMS/Toystack/dopams-backend-staging/node_modules/bcrypt/index.ts' does not exist.
File 'd:/DOPAMS/Toystack/dopams-backend-staging/node_modules/bcrypt/index.tsx' does not exist.
File 'd:/DOPAMS/Toystack/dopams-backend-staging/node_modules/bcrypt/index.d.ts' does not exist.
File 'd:/DOPAMS/Toystack/dopams-backend-staging/node_modules/@types/bcrypt.d.ts' does not exist.
Directory 'd:/DOPAMS/Toystack/node_modules' does not exist, skipping all lookups in it.
Directory 'd:/DOPAMS/node_modules' does not exist, skipping all lookups in it.
Directory 'd:/node_modules' does not exist, skipping all lookups in it.
Resolving real path for 'd:/DOPAMS/Toystack/dopams-backend-staging/node_modules/bcrypt/bcrypt.js', result 'D:/DOPAMS/Toystack/dopams-backend-staging/node_modules/bcrypt/bcrypt.js'.
======== Module name 'bcrypt' was successfully resolved to 'd:/DOPAMS/Toystack/dopams-backend-staging/node_modules/bcrypt/bcrypt.js' with Package ID 'bcrypt/bcrypt.js@6.0.0'. ========
======== Resolving module '../enums/user-role' from 'd:/DOPAMS/Toystack/dopams-backend-staging/src/schema/user/services/index.ts'. ========
Explicitly specified module resolution kind: 'Node10'.
Loading module as file / folder, candidate module location 'd:/DOPAMS/Toystack/dopams-backend-staging/src/schema/user/enums/user-role', target file types: TypeScript, Declaration.
File 'd:/DOPAMS/Toystack/dopams-backend-staging/src/schema/user/enums/user-role.ts' exists - use it as a name resolution result.
======== Module name '../enums/user-role' was successfully resolved to 'd:/DOPAMS/Toystack/dopams-backend-staging/src/schema/user/enums/user-role.ts'. ========
======== Resolving module 'datasources/prisma' from 'd:/DOPAMS/Toystack/dopams-backend-staging/src/schema/user/services/index.ts'. ========
Explicitly specified module resolution kind: 'Node10'.
'baseUrl' option is set to 'd:/DOPAMS/Toystack/dopams-backend-staging/src', using this value to resolve non-relative module name 'datasources/prisma'.
'paths' option is specified, looking for a pattern to match module name 'datasources/prisma'.
'baseUrl' option is set to 'd:/DOPAMS/Toystack/dopams-backend-staging/src', using this value to resolve non-relative module name 'datasources/prisma'.
Resolving module name 'datasources/prisma' relative to base url 'd:/DOPAMS/Toystack/dopams-backend-staging/src' - 'd:/DOPAMS/Toystack/dopams-backend-staging/src/datasources/prisma'.
Loading module as file / folder, candidate module location 'd:/DOPAMS/Toystack/dopams-backend-staging/src/datasources/prisma', target file types: TypeScript, Declaration.
File 'd:/DOPAMS/Toystack/dopams-backend-staging/src/datasources/prisma.ts' exists - use it as a name resolution result.
======== Module name 'datasources/prisma' was successfully resolved to 'd:/DOPAMS/Toystack/dopams-backend-staging/src/datasources/prisma.ts'. ========
File 'd:/DOPAMS/Toystack/dopams-backend-staging/node_modules/@prisma/client/package.json' exists according to earlier cached lookups.
======== Resolving module '.prisma/client/default' from 'd:/DOPAMS/Toystack/dopams-backend-staging/node_modules/@prisma/client/default.d.ts'. ========
Explicitly specified module resolution kind: 'Node10'.
'baseUrl' option is set to 'd:/DOPAMS/Toystack/dopams-backend-staging/src', using this value to resolve non-relative module name '.prisma/client/default'.
'paths' option is specified, looking for a pattern to match module name '.prisma/client/default'.
'baseUrl' option is set to 'd:/DOPAMS/Toystack/dopams-backend-staging/src', using this value to resolve non-relative module name '.prisma/client/default'.
Resolving module name '.prisma/client/default' relative to base url 'd:/DOPAMS/Toystack/dopams-backend-staging/src' - 'd:/DOPAMS/Toystack/dopams-backend-staging/src/.prisma/client/default'.
Loading module as file / folder, candidate module location 'd:/DOPAMS/Toystack/dopams-backend-staging/src/.prisma/client/default', target file types: TypeScript, Declaration.
Loading module '.prisma/client/default' from 'node_modules' folder, target file types: TypeScript, Declaration.
Searching all ancestor node_modules directories for preferred extensions: TypeScript, Declaration.
Directory 'd:/DOPAMS/Toystack/dopams-backend-staging/node_modules/@prisma/client/node_modules' does not exist, skipping all lookups in it.
Directory 'd:/DOPAMS/Toystack/dopams-backend-staging/node_modules/@prisma/node_modules' does not exist, skipping all lookups in it.
File 'd:/DOPAMS/Toystack/dopams-backend-staging/node_modules/.prisma/package.json' does not exist.
File 'd:/DOPAMS/Toystack/dopams-backend-staging/node_modules/.prisma/client/default.ts' does not exist.
File 'd:/DOPAMS/Toystack/dopams-backend-staging/node_modules/.prisma/client/default.tsx' does not exist.
File 'd:/DOPAMS/Toystack/dopams-backend-staging/node_modules/.prisma/client/default.d.ts' exists - use it as a name resolution result.
Resolving real path for 'd:/DOPAMS/Toystack/dopams-backend-staging/node_modules/.prisma/client/default.d.ts', result 'D:/DOPAMS/Toystack/dopams-backend-staging/node_modules/.prisma/client/default.d.ts'.
======== Module name '.prisma/client/default' was successfully resolved to 'd:/DOPAMS/Toystack/dopams-backend-staging/node_modules/.prisma/client/default.d.ts'. ========
Found 'package.json' at 'd:/DOPAMS/Toystack/dopams-backend-staging/node_modules/.prisma/client/package.json'.
======== Resolving module './index' from 'd:/DOPAMS/Toystack/dopams-backend-staging/node_modules/.prisma/client/default.d.ts'. ========
Explicitly specified module resolution kind: 'Node10'.
Loading module as file / folder, candidate module location 'd:/DOPAMS/Toystack/dopams-backend-staging/node_modules/.prisma/client/index', target file types: TypeScript, Declaration.
File 'd:/DOPAMS/Toystack/dopams-backend-staging/node_modules/.prisma/client/index.ts' does not exist.
File 'd:/DOPAMS/Toystack/dopams-backend-staging/node_modules/.prisma/client/index.tsx' does not exist.
File 'd:/DOPAMS/Toystack/dopams-backend-staging/node_modules/.prisma/client/index.d.ts' exists - use it as a name resolution result.
File 'd:/DOPAMS/Toystack/dopams-backend-staging/node_modules/.prisma/package.json' does not exist according to earlier cached lookups.
======== Module name './index' was successfully resolved to 'd:/DOPAMS/Toystack/dopams-backend-staging/node_modules/.prisma/client/index.d.ts'. ========
File 'd:/DOPAMS/Toystack/dopams-backend-staging/node_modules/.prisma/client/package.json' exists according to earlier cached lookups.
======== Resolving module '@prisma/client/runtime/library.js' from 'd:/DOPAMS/Toystack/dopams-backend-staging/node_modules/.prisma/client/index.d.ts'. ========
Explicitly specified module resolution kind: 'Node10'.
'baseUrl' option is set to 'd:/DOPAMS/Toystack/dopams-backend-staging/src', using this value to resolve non-relative module name '@prisma/client/runtime/library.js'.
'paths' option is specified, looking for a pattern to match module name '@prisma/client/runtime/library.js'.
'baseUrl' option is set to 'd:/DOPAMS/Toystack/dopams-backend-staging/src', using this value to resolve non-relative module name '@prisma/client/runtime/library.js'.
Resolving module name '@prisma/client/runtime/library.js' relative to base url 'd:/DOPAMS/Toystack/dopams-backend-staging/src' - 'd:/DOPAMS/Toystack/dopams-backend-staging/src/@prisma/client/runtime/library.js'.
Loading module as file / folder, candidate module location 'd:/DOPAMS/Toystack/dopams-backend-staging/src/@prisma/client/runtime/library.js', target file types: TypeScript, Declaration.
File name 'd:/DOPAMS/Toystack/dopams-backend-staging/src/@prisma/client/runtime/library.js' has a '.js' extension - stripping it.
Loading module '@prisma/client/runtime/library.js' from 'node_modules' folder, target file types: TypeScript, Declaration.
Searching all ancestor node_modules directories for preferred extensions: TypeScript, Declaration.
Directory 'd:/DOPAMS/Toystack/dopams-backend-staging/node_modules/.prisma/client/node_modules' does not exist, skipping all lookups in it.
File name 'd:/DOPAMS/Toystack/dopams-backend-staging/node_modules/.prisma/client/node_modules/@prisma/client/runtime/library.js' has a '.js' extension - stripping it.
Scoped package detected, looking in 'prisma__client/runtime/library.js'
File name 'd:/DOPAMS/Toystack/dopams-backend-staging/node_modules/.prisma/client/node_modules/@types/prisma__client/runtime/library.js' has a '.js' extension - stripping it.
Directory 'd:/DOPAMS/Toystack/dopams-backend-staging/node_modules/.prisma/node_modules' does not exist, skipping all lookups in it.
File name 'd:/DOPAMS/Toystack/dopams-backend-staging/node_modules/.prisma/node_modules/@prisma/client/runtime/library.js' has a '.js' extension - stripping it.
Scoped package detected, looking in 'prisma__client/runtime/library.js'
File name 'd:/DOPAMS/Toystack/dopams-backend-staging/node_modules/.prisma/node_modules/@types/prisma__client/runtime/library.js' has a '.js' extension - stripping it.
File 'd:/DOPAMS/Toystack/dopams-backend-staging/node_modules/@prisma/client/package.json' exists according to earlier cached lookups.
File name 'd:/DOPAMS/Toystack/dopams-backend-staging/node_modules/@prisma/client/runtime/library.js' has a '.js' extension - stripping it.
File 'd:/DOPAMS/Toystack/dopams-backend-staging/node_modules/@prisma/client/runtime/library.ts' does not exist.
File 'd:/DOPAMS/Toystack/dopams-backend-staging/node_modules/@prisma/client/runtime/library.tsx' does not exist.
File 'd:/DOPAMS/Toystack/dopams-backend-staging/node_modules/@prisma/client/runtime/library.d.ts' exists - use it as a name resolution result.
Resolving real path for 'd:/DOPAMS/Toystack/dopams-backend-staging/node_modules/@prisma/client/runtime/library.d.ts', result 'D:/DOPAMS/Toystack/dopams-backend-staging/node_modules/@prisma/client/runtime/library.d.ts'.
======== Module name '@prisma/client/runtime/library.js' was successfully resolved to 'd:/DOPAMS/Toystack/dopams-backend-staging/node_modules/@prisma/client/runtime/library.d.ts' with Package ID '@prisma/client/runtime/library.d.ts@6.19.2+prisma@6.19.2+typescript@5.9.3'. ========
File 'd:/DOPAMS/Toystack/dopams-backend-staging/node_modules/@prisma/client/runtime/package.json' does not exist.
File 'd:/DOPAMS/Toystack/dopams-backend-staging/node_modules/@prisma/client/package.json' exists according to earlier cached lookups.
File 'd:/DOPAMS/Toystack/dopams-backend-staging/node_modules/@types/jsonwebtoken/package.json' exists according to earlier cached lookups.
======== Resolving type reference directive 'node', containing file 'd:/DOPAMS/Toystack/dopams-backend-staging/node_modules/@types/jsonwebtoken/index.d.ts', root directory 'd:/DOPAMS/Toystack/dopams-backend-staging/node_modules/@types,d:/DOPAMS/Toystack/node_modules/@types,d:/DOPAMS/node_modules/@types,d:/node_modules/@types'. ========
Resolving with primary search path 'd:/DOPAMS/Toystack/dopams-backend-staging/node_modules/@types, d:/DOPAMS/Toystack/node_modules/@types, d:/DOPAMS/node_modules/@types, d:/node_modules/@types'.
File 'd:/DOPAMS/Toystack/dopams-backend-staging/node_modules/@types/node/package.json' exists according to earlier cached lookups.
'package.json' does not have a 'typings' field.
'package.json' has 'types' field 'index.d.ts' that references 'd:/DOPAMS/Toystack/dopams-backend-staging/node_modules/@types/node/index.d.ts'.
File 'd:/DOPAMS/Toystack/dopams-backend-staging/node_modules/@types/node/index.d.ts' exists - use it as a name resolution result.
Resolving real path for 'd:/DOPAMS/Toystack/dopams-backend-staging/node_modules/@types/node/index.d.ts', result 'D:/DOPAMS/Toystack/dopams-backend-staging/node_modules/@types/node/index.d.ts'.
======== Type reference directive 'node' was successfully resolved to 'd:/DOPAMS/Toystack/dopams-backend-staging/node_modules/@types/node/index.d.ts' with Package ID '@types/node/index.d.ts@22.19.10', primary: true. ========
======== Resolving module 'crypto' from 'd:/DOPAMS/Toystack/dopams-backend-staging/node_modules/@types/jsonwebtoken/index.d.ts'. ========
Explicitly specified module resolution kind: 'Node10'.
'baseUrl' option is set to 'd:/DOPAMS/Toystack/dopams-backend-staging/src', using this value to resolve non-relative module name 'crypto'.
'paths' option is specified, looking for a pattern to match module name 'crypto'.
'baseUrl' option is set to 'd:/DOPAMS/Toystack/dopams-backend-staging/src', using this value to resolve non-relative module name 'crypto'.
Resolving module name 'crypto' relative to base url 'd:/DOPAMS/Toystack/dopams-backend-staging/src' - 'd:/DOPAMS/Toystack/dopams-backend-staging/src/crypto'.
Loading module as file / folder, candidate module location 'd:/DOPAMS/Toystack/dopams-backend-staging/src/crypto', target file types: TypeScript, Declaration.
File 'd:/DOPAMS/Toystack/dopams-backend-staging/src/crypto.ts' does not exist.
File 'd:/DOPAMS/Toystack/dopams-backend-staging/src/crypto.tsx' does not exist.
File 'd:/DOPAMS/Toystack/dopams-backend-staging/src/crypto.d.ts' does not exist.
Directory 'd:/DOPAMS/Toystack/dopams-backend-staging/src/crypto' does not exist, skipping all lookups in it.
Loading module 'crypto' from 'node_modules' folder, target file types: TypeScript, Declaration.
Searching all ancestor node_modules directories for preferred extensions: TypeScript, Declaration.
Directory 'd:/DOPAMS/Toystack/dopams-backend-staging/node_modules/@types/jsonwebtoken/node_modules' does not exist, skipping all lookups in it.
Resolution for module 'crypto' was found in cache from location 'd:/DOPAMS/Toystack/dopams-backend-staging/node_modules/@types'.
======== Module name 'crypto' was not resolved. ========
======== Resolving module 'ms' from 'd:/DOPAMS/Toystack/dopams-backend-staging/node_modules/@types/jsonwebtoken/index.d.ts'. ========
Explicitly specified module resolution kind: 'Node10'.
'baseUrl' option is set to 'd:/DOPAMS/Toystack/dopams-backend-staging/src', using this value to resolve non-relative module name 'ms'.
'paths' option is specified, looking for a pattern to match module name 'ms'.
'baseUrl' option is set to 'd:/DOPAMS/Toystack/dopams-backend-staging/src', using this value to resolve non-relative module name 'ms'.
Resolving module name 'ms' relative to base url 'd:/DOPAMS/Toystack/dopams-backend-staging/src' - 'd:/DOPAMS/Toystack/dopams-backend-staging/src/ms'.
Loading module as file / folder, candidate module location 'd:/DOPAMS/Toystack/dopams-backend-staging/src/ms', target file types: TypeScript, Declaration.
File 'd:/DOPAMS/Toystack/dopams-backend-staging/src/ms.ts' does not exist.
File 'd:/DOPAMS/Toystack/dopams-backend-staging/src/ms.tsx' does not exist.
File 'd:/DOPAMS/Toystack/dopams-backend-staging/src/ms.d.ts' does not exist.
Directory 'd:/DOPAMS/Toystack/dopams-backend-staging/src/ms' does not exist, skipping all lookups in it.
Loading module 'ms' from 'node_modules' folder, target file types: TypeScript, Declaration.
Searching all ancestor node_modules directories for preferred extensions: TypeScript, Declaration.
Directory 'd:/DOPAMS/Toystack/dopams-backend-staging/node_modules/@types/jsonwebtoken/node_modules' does not exist, skipping all lookups in it.
Directory 'd:/DOPAMS/Toystack/dopams-backend-staging/node_modules/@types/node_modules' does not exist, skipping all lookups in it.
Found 'package.json' at 'd:/DOPAMS/Toystack/dopams-backend-staging/node_modules/ms/package.json'.
File 'd:/DOPAMS/Toystack/dopams-backend-staging/node_modules/ms.ts' does not exist.
File 'd:/DOPAMS/Toystack/dopams-backend-staging/node_modules/ms.tsx' does not exist.
File 'd:/DOPAMS/Toystack/dopams-backend-staging/node_modules/ms.d.ts' does not exist.
'package.json' does not have a 'typesVersions' field.
'package.json' does not have a 'typings' field.
'package.json' does not have a 'types' field.
'package.json' has 'main' field './index' that references 'd:/DOPAMS/Toystack/dopams-backend-staging/node_modules/ms/index'.
Loading module as file / folder, candidate module location 'd:/DOPAMS/Toystack/dopams-backend-staging/node_modules/ms/index', target file types: TypeScript, Declaration.
File 'd:/DOPAMS/Toystack/dopams-backend-staging/node_modules/ms/index.ts' does not exist.
File 'd:/DOPAMS/Toystack/dopams-backend-staging/node_modules/ms/index.tsx' does not exist.
File 'd:/DOPAMS/Toystack/dopams-backend-staging/node_modules/ms/index.d.ts' does not exist.
Directory 'd:/DOPAMS/Toystack/dopams-backend-staging/node_modules/ms/index' does not exist, skipping all lookups in it.
File 'd:/DOPAMS/Toystack/dopams-backend-staging/node_modules/ms/index.ts' does not exist.
File 'd:/DOPAMS/Toystack/dopams-backend-staging/node_modules/ms/index.tsx' does not exist.
File 'd:/DOPAMS/Toystack/dopams-backend-staging/node_modules/ms/index.d.ts' does not exist.
Found 'package.json' at 'd:/DOPAMS/Toystack/dopams-backend-staging/node_modules/@types/ms/package.json'.
File 'd:/DOPAMS/Toystack/dopams-backend-staging/node_modules/@types/ms.d.ts' does not exist.
'package.json' does not have a 'typesVersions' field.
'package.json' does not have a 'typings' field.
'package.json' has 'types' field 'index.d.ts' that references 'd:/DOPAMS/Toystack/dopams-backend-staging/node_modules/@types/ms/index.d.ts'.
File 'd:/DOPAMS/Toystack/dopams-backend-staging/node_modules/@types/ms/index.d.ts' exists - use it as a name resolution result.
'package.json' has a 'peerDependencies' field.
Resolving real path for 'd:/DOPAMS/Toystack/dopams-backend-staging/node_modules/@types/ms', result 'D:/DOPAMS/Toystack/dopams-backend-staging/node_modules/@types/ms'.
Resolving real path for 'd:/DOPAMS/Toystack/dopams-backend-staging/node_modules/@types/ms/index.d.ts', result 'D:/DOPAMS/Toystack/dopams-backend-staging/node_modules/@types/ms/index.d.ts'.
======== Module name 'ms' was successfully resolved to 'd:/DOPAMS/Toystack/dopams-backend-staging/node_modules/@types/ms/index.d.ts' with Package ID '@types/ms/index.d.ts@2.1.0'. ========
File 'd:/DOPAMS/Toystack/dopams-backend-staging/node_modules/@types/ms/package.json' exists according to earlier cached lookups.
Found 'package.json' at 'd:/DOPAMS/Toystack/dopams-backend-staging/node_modules/uuid/dist/cjs/package.json'.
======== Resolving module './types.js' from 'd:/DOPAMS/Toystack/dopams-backend-staging/node_modules/uuid/dist/cjs/index.d.ts'. ========
Explicitly specified module resolution kind: 'Node10'.
Loading module as file / folder, candidate module location 'd:/DOPAMS/Toystack/dopams-backend-staging/node_modules/uuid/dist/cjs/types.js', target file types: TypeScript, Declaration.
File name 'd:/DOPAMS/Toystack/dopams-backend-staging/node_modules/uuid/dist/cjs/types.js' has a '.js' extension - stripping it.
File 'd:/DOPAMS/Toystack/dopams-backend-staging/node_modules/uuid/dist/cjs/types.ts' does not exist.
File 'd:/DOPAMS/Toystack/dopams-backend-staging/node_modules/uuid/dist/cjs/types.tsx' does not exist.
File 'd:/DOPAMS/Toystack/dopams-backend-staging/node_modules/uuid/dist/cjs/types.d.ts' exists - use it as a name resolution result.
File 'd:/DOPAMS/Toystack/dopams-backend-staging/node_modules/uuid/package.json' exists according to earlier cached lookups.
======== Module name './types.js' was successfully resolved to 'd:/DOPAMS/Toystack/dopams-backend-staging/node_modules/uuid/dist/cjs/types.d.ts' with Package ID 'uuid/dist/cjs/types.d.ts@11.1.0'. ========
======== Resolving module './max.js' from 'd:/DOPAMS/Toystack/dopams-backend-staging/node_modules/uuid/dist/cjs/index.d.ts'. ========
Explicitly specified module resolution kind: 'Node10'.
Loading module as file / folder, candidate module location 'd:/DOPAMS/Toystack/dopams-backend-staging/node_modules/uuid/dist/cjs/max.js', target file types: TypeScript, Declaration.
File name 'd:/DOPAMS/Toystack/dopams-backend-staging/node_modules/uuid/dist/cjs/max.js' has a '.js' extension - stripping it.
File 'd:/DOPAMS/Toystack/dopams-backend-staging/node_modules/uuid/dist/cjs/max.ts' does not exist.
File 'd:/DOPAMS/Toystack/dopams-backend-staging/node_modules/uuid/dist/cjs/max.tsx' does not exist.
File 'd:/DOPAMS/Toystack/dopams-backend-staging/node_modules/uuid/dist/cjs/max.d.ts' exists - use it as a name resolution result.
File 'd:/DOPAMS/Toystack/dopams-backend-staging/node_modules/uuid/package.json' exists according to earlier cached lookups.
======== Module name './max.js' was successfully resolved to 'd:/DOPAMS/Toystack/dopams-backend-staging/node_modules/uuid/dist/cjs/max.d.ts' with Package ID 'uuid/dist/cjs/max.d.ts@11.1.0'. ========
======== Resolving module './nil.js' from 'd:/DOPAMS/Toystack/dopams-backend-staging/node_modules/uuid/dist/cjs/index.d.ts'. ========
Explicitly specified module resolution kind: 'Node10'.
Loading module as file / folder, candidate module location 'd:/DOPAMS/Toystack/dopams-backend-staging/node_modules/uuid/dist/cjs/nil.js', target file types: TypeScript, Declaration.
File name 'd:/DOPAMS/Toystack/dopams-backend-staging/node_modules/uuid/dist/cjs/nil.js' has a '.js' extension - stripping it.
File 'd:/DOPAMS/Toystack/dopams-backend-staging/node_modules/uuid/dist/cjs/nil.ts' does not exist.
File 'd:/DOPAMS/Toystack/dopams-backend-staging/node_modules/uuid/dist/cjs/nil.tsx' does not exist.
File 'd:/DOPAMS/Toystack/dopams-backend-staging/node_modules/uuid/dist/cjs/nil.d.ts' exists - use it as a name resolution result.
File 'd:/DOPAMS/Toystack/dopams-backend-staging/node_modules/uuid/package.json' exists according to earlier cached lookups.
======== Module name './nil.js' was successfully resolved to 'd:/DOPAMS/Toystack/dopams-backend-staging/node_modules/uuid/dist/cjs/nil.d.ts' with Package ID 'uuid/dist/cjs/nil.d.ts@11.1.0'. ========
======== Resolving module './parse.js' from 'd:/DOPAMS/Toystack/dopams-backend-staging/node_modules/uuid/dist/cjs/index.d.ts'. ========
Explicitly specified module resolution kind: 'Node10'.
Loading module as file / folder, candidate module location 'd:/DOPAMS/Toystack/dopams-backend-staging/node_modules/uuid/dist/cjs/parse.js', target file types: TypeScript, Declaration.
File name 'd:/DOPAMS/Toystack/dopams-backend-staging/node_modules/uuid/dist/cjs/parse.js' has a '.js' extension - stripping it.
File 'd:/DOPAMS/Toystack/dopams-backend-staging/node_modules/uuid/dist/cjs/parse.ts' does not exist.
File 'd:/DOPAMS/Toystack/dopams-backend-staging/node_modules/uuid/dist/cjs/parse.tsx' does not exist.
File 'd:/DOPAMS/Toystack/dopams-backend-staging/node_modules/uuid/dist/cjs/parse.d.ts' exists - use it as a name resolution result.
File 'd:/DOPAMS/Toystack/dopams-backend-staging/node_modules/uuid/package.json' exists according to earlier cached lookups.
======== Module name './parse.js' was successfully resolved to 'd:/DOPAMS/Toystack/dopams-backend-staging/node_modules/uuid/dist/cjs/parse.d.ts' with Package ID 'uuid/dist/cjs/parse.d.ts@11.1.0'. ========
======== Resolving module './stringify.js' from 'd:/DOPAMS/Toystack/dopams-backend-staging/node_modules/uuid/dist/cjs/index.d.ts'. ========
Explicitly specified module resolution kind: 'Node10'.
Loading module as file / folder, candidate module location 'd:/DOPAMS/Toystack/dopams-backend-staging/node_modules/uuid/dist/cjs/stringify.js', target file types: TypeScript, Declaration.
File name 'd:/DOPAMS/Toystack/dopams-backend-staging/node_modules/uuid/dist/cjs/stringify.js' has a '.js' extension - stripping it.
File 'd:/DOPAMS/Toystack/dopams-backend-staging/node_modules/uuid/dist/cjs/stringify.ts' does not exist.
File 'd:/DOPAMS/Toystack/dopams-backend-staging/node_modules/uuid/dist/cjs/stringify.tsx' does not exist.
File 'd:/DOPAMS/Toystack/dopams-backend-staging/node_modules/uuid/dist/cjs/stringify.d.ts' exists - use it as a name resolution result.
File 'd:/DOPAMS/Toystack/dopams-backend-staging/node_modules/uuid/package.json' exists according to earlier cached lookups.
======== Module name './stringify.js' was successfully resolved to 'd:/DOPAMS/Toystack/dopams-backend-staging/node_modules/uuid/dist/cjs/stringify.d.ts' with Package ID 'uuid/dist/cjs/stringify.d.ts@11.1.0'. ========
======== Resolving module './v1.js' from 'd:/DOPAMS/Toystack/dopams-backend-staging/node_modules/uuid/dist/cjs/index.d.ts'. ========
Explicitly specified module resolution kind: 'Node10'.
Loading module as file / folder, candidate module location 'd:/DOPAMS/Toystack/dopams-backend-staging/node_modules/uuid/dist/cjs/v1.js', target file types: TypeScript, Declaration.
File name 'd:/DOPAMS/Toystack/dopams-backend-staging/node_modules/uuid/dist/cjs/v1.js' has a '.js' extension - stripping it.
File 'd:/DOPAMS/Toystack/dopams-backend-staging/node_modules/uuid/dist/cjs/v1.ts' does not exist.
File 'd:/DOPAMS/Toystack/dopams-backend-staging/node_modules/uuid/dist/cjs/v1.tsx' does not exist.
File 'd:/DOPAMS/Toystack/dopams-backend-staging/node_modules/uuid/dist/cjs/v1.d.ts' exists - use it as a name resolution result.
File 'd:/DOPAMS/Toystack/dopams-backend-staging/node_modules/uuid/package.json' exists according to earlier cached lookups.
======== Module name './v1.js' was successfully resolved to 'd:/DOPAMS/Toystack/dopams-backend-staging/node_modules/uuid/dist/cjs/v1.d.ts' with Package ID 'uuid/dist/cjs/v1.d.ts@11.1.0'. ========
======== Resolving module './v1ToV6.js' from 'd:/DOPAMS/Toystack/dopams-backend-staging/node_modules/uuid/dist/cjs/index.d.ts'. ========
Explicitly specified module resolution kind: 'Node10'.
Loading module as file / folder, candidate module location 'd:/DOPAMS/Toystack/dopams-backend-staging/node_modules/uuid/dist/cjs/v1ToV6.js', target file types: TypeScript, Declaration.
File name 'd:/DOPAMS/Toystack/dopams-backend-staging/node_modules/uuid/dist/cjs/v1ToV6.js' has a '.js' extension - stripping it.
File 'd:/DOPAMS/Toystack/dopams-backend-staging/node_modules/uuid/dist/cjs/v1ToV6.ts' does not exist.
File 'd:/DOPAMS/Toystack/dopams-backend-staging/node_modules/uuid/dist/cjs/v1ToV6.tsx' does not exist.
File 'd:/DOPAMS/Toystack/dopams-backend-staging/node_modules/uuid/dist/cjs/v1ToV6.d.ts' exists - use it as a name resolution result.
File 'd:/DOPAMS/Toystack/dopams-backend-staging/node_modules/uuid/package.json' exists according to earlier cached lookups.
======== Module name './v1ToV6.js' was successfully resolved to 'd:/DOPAMS/Toystack/dopams-backend-staging/node_modules/uuid/dist/cjs/v1ToV6.d.ts' with Package ID 'uuid/dist/cjs/v1ToV6.d.ts@11.1.0'. ========
======== Resolving module './v3.js' from 'd:/DOPAMS/Toystack/dopams-backend-staging/node_modules/uuid/dist/cjs/index.d.ts'. ========
Explicitly specified module resolution kind: 'Node10'.
Loading module as file / folder, candidate module location 'd:/DOPAMS/Toystack/dopams-backend-staging/node_modules/uuid/dist/cjs/v3.js', target file types: TypeScript, Declaration.
File name 'd:/DOPAMS/Toystack/dopams-backend-staging/node_modules/uuid/dist/cjs/v3.js' has a '.js' extension - stripping it.
File 'd:/DOPAMS/Toystack/dopams-backend-staging/node_modules/uuid/dist/cjs/v3.ts' does not exist.
File 'd:/DOPAMS/Toystack/dopams-backend-staging/node_modules/uuid/dist/cjs/v3.tsx' does not exist.
File 'd:/DOPAMS/Toystack/dopams-backend-staging/node_modules/uuid/dist/cjs/v3.d.ts' exists - use it as a name resolution result.
File 'd:/DOPAMS/Toystack/dopams-backend-staging/node_modules/uuid/package.json' exists according to earlier cached lookups.
======== Module name './v3.js' was successfully resolved to 'd:/DOPAMS/Toystack/dopams-backend-staging/node_modules/uuid/dist/cjs/v3.d.ts' with Package ID 'uuid/dist/cjs/v3.d.ts@11.1.0'. ========
======== Resolving module './v4.js' from 'd:/DOPAMS/Toystack/dopams-backend-staging/node_modules/uuid/dist/cjs/index.d.ts'. ========
Explicitly specified module resolution kind: 'Node10'.
Loading module as file / folder, candidate module location 'd:/DOPAMS/Toystack/dopams-backend-staging/node_modules/uuid/dist/cjs/v4.js', target file types: TypeScript, Declaration.
File name 'd:/DOPAMS/Toystack/dopams-backend-staging/node_modules/uuid/dist/cjs/v4.js' has a '.js' extension - stripping it.
File 'd:/DOPAMS/Toystack/dopams-backend-staging/node_modules/uuid/dist/cjs/v4.ts' does not exist.
File 'd:/DOPAMS/Toystack/dopams-backend-staging/node_modules/uuid/dist/cjs/v4.tsx' does not exist.
File 'd:/DOPAMS/Toystack/dopams-backend-staging/node_modules/uuid/dist/cjs/v4.d.ts' exists - use it as a name resolution result.
File 'd:/DOPAMS/Toystack/dopams-backend-staging/node_modules/uuid/package.json' exists according to earlier cached lookups.
======== Module name './v4.js' was successfully resolved to 'd:/DOPAMS/Toystack/dopams-backend-staging/node_modules/uuid/dist/cjs/v4.d.ts' with Package ID 'uuid/dist/cjs/v4.d.ts@11.1.0'. ========
======== Resolving module './v5.js' from 'd:/DOPAMS/Toystack/dopams-backend-staging/node_modules/uuid/dist/cjs/index.d.ts'. ========
Explicitly specified module resolution kind: 'Node10'.
Loading module as file / folder, candidate module location 'd:/DOPAMS/Toystack/dopams-backend-staging/node_modules/uuid/dist/cjs/v5.js', target file types: TypeScript, Declaration.
File name 'd:/DOPAMS/Toystack/dopams-backend-staging/node_modules/uuid/dist/cjs/v5.js' has a '.js' extension - stripping it.
File 'd:/DOPAMS/Toystack/dopams-backend-staging/node_modules/uuid/dist/cjs/v5.ts' does not exist.
File 'd:/DOPAMS/Toystack/dopams-backend-staging/node_modules/uuid/dist/cjs/v5.tsx' does not exist.
File 'd:/DOPAMS/Toystack/dopams-backend-staging/node_modules/uuid/dist/cjs/v5.d.ts' exists - use it as a name resolution result.
File 'd:/DOPAMS/Toystack/dopams-backend-staging/node_modules/uuid/package.json' exists according to earlier cached lookups.
======== Module name './v5.js' was successfully resolved to 'd:/DOPAMS/Toystack/dopams-backend-staging/node_modules/uuid/dist/cjs/v5.d.ts' with Package ID 'uuid/dist/cjs/v5.d.ts@11.1.0'. ========
======== Resolving module './v6.js' from 'd:/DOPAMS/Toystack/dopams-backend-staging/node_modules/uuid/dist/cjs/index.d.ts'. ========
Explicitly specified module resolution kind: 'Node10'.
Loading module as file / folder, candidate module location 'd:/DOPAMS/Toystack/dopams-backend-staging/node_modules/uuid/dist/cjs/v6.js', target file types: TypeScript, Declaration.
File name 'd:/DOPAMS/Toystack/dopams-backend-staging/node_modules/uuid/dist/cjs/v6.js' has a '.js' extension - stripping it.
File 'd:/DOPAMS/Toystack/dopams-backend-staging/node_modules/uuid/dist/cjs/v6.ts' does not exist.
File 'd:/DOPAMS/Toystack/dopams-backend-staging/node_modules/uuid/dist/cjs/v6.tsx' does not exist.
File 'd:/DOPAMS/Toystack/dopams-backend-staging/node_modules/uuid/dist/cjs/v6.d.ts' exists - use it as a name resolution result.
File 'd:/DOPAMS/Toystack/dopams-backend-staging/node_modules/uuid/package.json' exists according to earlier cached lookups.
======== Module name './v6.js' was successfully resolved to 'd:/DOPAMS/Toystack/dopams-backend-staging/node_modules/uuid/dist/cjs/v6.d.ts' with Package ID 'uuid/dist/cjs/v6.d.ts@11.1.0'. ========
======== Resolving module './v6ToV1.js' from 'd:/DOPAMS/Toystack/dopams-backend-staging/node_modules/uuid/dist/cjs/index.d.ts'. ========
Explicitly specified module resolution kind: 'Node10'.
Loading module as file / folder, candidate module location 'd:/DOPAMS/Toystack/dopams-backend-staging/node_modules/uuid/dist/cjs/v6ToV1.js', target file types: TypeScript, Declaration.
File name 'd:/DOPAMS/Toystack/dopams-backend-staging/node_modules/uuid/dist/cjs/v6ToV1.js' has a '.js' extension - stripping it.
File 'd:/DOPAMS/Toystack/dopams-backend-staging/node_modules/uuid/dist/cjs/v6ToV1.ts' does not exist.
File 'd:/DOPAMS/Toystack/dopams-backend-staging/node_modules/uuid/dist/cjs/v6ToV1.tsx' does not exist.
File 'd:/DOPAMS/Toystack/dopams-backend-staging/node_modules/uuid/dist/cjs/v6ToV1.d.ts' exists - use it as a name resolution result.
File 'd:/DOPAMS/Toystack/dopams-backend-staging/node_modules/uuid/package.json' exists according to earlier cached lookups.
======== Module name './v6ToV1.js' was successfully resolved to 'd:/DOPAMS/Toystack/dopams-backend-staging/node_modules/uuid/dist/cjs/v6ToV1.d.ts' with Package ID 'uuid/dist/cjs/v6ToV1.d.ts@11.1.0'. ========
======== Resolving module './v7.js' from 'd:/DOPAMS/Toystack/dopams-backend-staging/node_modules/uuid/dist/cjs/index.d.ts'. ========
Explicitly specified module resolution kind: 'Node10'.
Loading module as file / folder, candidate module location 'd:/DOPAMS/Toystack/dopams-backend-staging/node_modules/uuid/dist/cjs/v7.js', target file types: TypeScript, Declaration.
File name 'd:/DOPAMS/Toystack/dopams-backend-staging/node_modules/uuid/dist/cjs/v7.js' has a '.js' extension - stripping it.
File 'd:/DOPAMS/Toystack/dopams-backend-staging/node_modules/uuid/dist/cjs/v7.ts' does not exist.
File 'd:/DOPAMS/Toystack/dopams-backend-staging/node_modules/uuid/dist/cjs/v7.tsx' does not exist.
File 'd:/DOPAMS/Toystack/dopams-backend-staging/node_modules/uuid/dist/cjs/v7.d.ts' exists - use it as a name resolution result.
File 'd:/DOPAMS/Toystack/dopams-backend-staging/node_modules/uuid/package.json' exists according to earlier cached lookups.
======== Module name './v7.js' was successfully resolved to 'd:/DOPAMS/Toystack/dopams-backend-staging/node_modules/uuid/dist/cjs/v7.d.ts' with Package ID 'uuid/dist/cjs/v7.d.ts@11.1.0'. ========
======== Resolving module './validate.js' from 'd:/DOPAMS/Toystack/dopams-backend-staging/node_modules/uuid/dist/cjs/index.d.ts'. ========
Explicitly specified module resolution kind: 'Node10'.
Loading module as file / folder, candidate module location 'd:/DOPAMS/Toystack/dopams-backend-staging/node_modules/uuid/dist/cjs/validate.js', target file types: TypeScript, Declaration.
File name 'd:/DOPAMS/Toystack/dopams-backend-staging/node_modules/uuid/dist/cjs/validate.js' has a '.js' extension - stripping it.
File 'd:/DOPAMS/Toystack/dopams-backend-staging/node_modules/uuid/dist/cjs/validate.ts' does not exist.
File 'd:/DOPAMS/Toystack/dopams-backend-staging/node_modules/uuid/dist/cjs/validate.tsx' does not exist.
File 'd:/DOPAMS/Toystack/dopams-backend-staging/node_modules/uuid/dist/cjs/validate.d.ts' exists - use it as a name resolution result.
File 'd:/DOPAMS/Toystack/dopams-backend-staging/node_modules/uuid/package.json' exists according to earlier cached lookups.
======== Module name './validate.js' was successfully resolved to 'd:/DOPAMS/Toystack/dopams-backend-staging/node_modules/uuid/dist/cjs/validate.d.ts' with Package ID 'uuid/dist/cjs/validate.d.ts@11.1.0'. ========
======== Resolving module './version.js' from 'd:/DOPAMS/Toystack/dopams-backend-staging/node_modules/uuid/dist/cjs/index.d.ts'. ========
Explicitly specified module resolution kind: 'Node10'.
Loading module as file / folder, candidate module location 'd:/DOPAMS/Toystack/dopams-backend-staging/node_modules/uuid/dist/cjs/version.js', target file types: TypeScript, Declaration.
File name 'd:/DOPAMS/Toystack/dopams-backend-staging/node_modules/uuid/dist/cjs/version.js' has a '.js' extension - stripping it.
File 'd:/DOPAMS/Toystack/dopams-backend-staging/node_modules/uuid/dist/cjs/version.ts' does not exist.
File 'd:/DOPAMS/Toystack/dopams-backend-staging/node_modules/uuid/dist/cjs/version.tsx' does not exist.
File 'd:/DOPAMS/Toystack/dopams-backend-staging/node_modules/uuid/dist/cjs/version.d.ts' exists - use it as a name resolution result.
File 'd:/DOPAMS/Toystack/dopams-backend-staging/node_modules/uuid/package.json' exists according to earlier cached lookups.
======== Module name './version.js' was successfully resolved to 'd:/DOPAMS/Toystack/dopams-backend-staging/node_modules/uuid/dist/cjs/version.d.ts' with Package ID 'uuid/dist/cjs/version.d.ts@11.1.0'. ========
File 'd:/DOPAMS/Toystack/dopams-backend-staging/node_modules/uuid/dist/cjs/package.json' exists according to earlier cached lookups.
File 'd:/DOPAMS/Toystack/dopams-backend-staging/node_modules/uuid/dist/cjs/package.json' exists according to earlier cached lookups.
File 'd:/DOPAMS/Toystack/dopams-backend-staging/node_modules/uuid/dist/cjs/package.json' exists according to earlier cached lookups.
File 'd:/DOPAMS/Toystack/dopams-backend-staging/node_modules/uuid/dist/cjs/package.json' exists according to earlier cached lookups.
File 'd:/DOPAMS/Toystack/dopams-backend-staging/node_modules/uuid/dist/cjs/package.json' exists according to earlier cached lookups.
File 'd:/DOPAMS/Toystack/dopams-backend-staging/node_modules/uuid/dist/cjs/package.json' exists according to earlier cached lookups.
======== Resolving module './types.js' from 'd:/DOPAMS/Toystack/dopams-backend-staging/node_modules/uuid/dist/cjs/v1.d.ts'. ========
Resolution for module './types.js' was found in cache from location 'd:/DOPAMS/Toystack/dopams-backend-staging/node_modules/uuid/dist/cjs'.
======== Module name './types.js' was successfully resolved to 'd:/DOPAMS/Toystack/dopams-backend-staging/node_modules/uuid/dist/cjs/types.d.ts' with Package ID 'uuid/dist/cjs/types.d.ts@11.1.0'. ========
File 'd:/DOPAMS/Toystack/dopams-backend-staging/node_modules/uuid/dist/cjs/package.json' exists according to earlier cached lookups.
File 'd:/DOPAMS/Toystack/dopams-backend-staging/node_modules/uuid/dist/cjs/package.json' exists according to earlier cached lookups.
======== Resolving module './types.js' from 'd:/DOPAMS/Toystack/dopams-backend-staging/node_modules/uuid/dist/cjs/v3.d.ts'. ========
Resolution for module './types.js' was found in cache from location 'd:/DOPAMS/Toystack/dopams-backend-staging/node_modules/uuid/dist/cjs'.
======== Module name './types.js' was successfully resolved to 'd:/DOPAMS/Toystack/dopams-backend-staging/node_modules/uuid/dist/cjs/types.d.ts' with Package ID 'uuid/dist/cjs/types.d.ts@11.1.0'. ========
======== Resolving module './v35.js' from 'd:/DOPAMS/Toystack/dopams-backend-staging/node_modules/uuid/dist/cjs/v3.d.ts'. ========
Explicitly specified module resolution kind: 'Node10'.
Loading module as file / folder, candidate module location 'd:/DOPAMS/Toystack/dopams-backend-staging/node_modules/uuid/dist/cjs/v35.js', target file types: TypeScript, Declaration.
File name 'd:/DOPAMS/Toystack/dopams-backend-staging/node_modules/uuid/dist/cjs/v35.js' has a '.js' extension - stripping it.
File 'd:/DOPAMS/Toystack/dopams-backend-staging/node_modules/uuid/dist/cjs/v35.ts' does not exist.
File 'd:/DOPAMS/Toystack/dopams-backend-staging/node_modules/uuid/dist/cjs/v35.tsx' does not exist.
File 'd:/DOPAMS/Toystack/dopams-backend-staging/node_modules/uuid/dist/cjs/v35.d.ts' exists - use it as a name resolution result.
File 'd:/DOPAMS/Toystack/dopams-backend-staging/node_modules/uuid/package.json' exists according to earlier cached lookups.
======== Module name './v35.js' was successfully resolved to 'd:/DOPAMS/Toystack/dopams-backend-staging/node_modules/uuid/dist/cjs/v35.d.ts' with Package ID 'uuid/dist/cjs/v35.d.ts@11.1.0'. ========
File 'd:/DOPAMS/Toystack/dopams-backend-staging/node_modules/uuid/dist/cjs/package.json' exists according to earlier cached lookups.
======== Resolving module './types.js' from 'd:/DOPAMS/Toystack/dopams-backend-staging/node_modules/uuid/dist/cjs/v35.d.ts'. ========
Resolution for module './types.js' was found in cache from location 'd:/DOPAMS/Toystack/dopams-backend-staging/node_modules/uuid/dist/cjs'.
======== Module name './types.js' was successfully resolved to 'd:/DOPAMS/Toystack/dopams-backend-staging/node_modules/uuid/dist/cjs/types.d.ts' with Package ID 'uuid/dist/cjs/types.d.ts@11.1.0'. ========
File 'd:/DOPAMS/Toystack/dopams-backend-staging/node_modules/uuid/dist/cjs/package.json' exists according to earlier cached lookups.
======== Resolving module './types.js' from 'd:/DOPAMS/Toystack/dopams-backend-staging/node_modules/uuid/dist/cjs/v4.d.ts'. ========
Resolution for module './types.js' was found in cache from location 'd:/DOPAMS/Toystack/dopams-backend-staging/node_modules/uuid/dist/cjs'.
======== Module name './types.js' was successfully resolved to 'd:/DOPAMS/Toystack/dopams-backend-staging/node_modules/uuid/dist/cjs/types.d.ts' with Package ID 'uuid/dist/cjs/types.d.ts@11.1.0'. ========
File 'd:/DOPAMS/Toystack/dopams-backend-staging/node_modules/uuid/dist/cjs/package.json' exists according to earlier cached lookups.
======== Resolving module './types.js' from 'd:/DOPAMS/Toystack/dopams-backend-staging/node_modules/uuid/dist/cjs/v5.d.ts'. ========
Resolution for module './types.js' was found in cache from location 'd:/DOPAMS/Toystack/dopams-backend-staging/node_modules/uuid/dist/cjs'.
======== Module name './types.js' was successfully resolved to 'd:/DOPAMS/Toystack/dopams-backend-staging/node_modules/uuid/dist/cjs/types.d.ts' with Package ID 'uuid/dist/cjs/types.d.ts@11.1.0'. ========
======== Resolving module './v35.js' from 'd:/DOPAMS/Toystack/dopams-backend-staging/node_modules/uuid/dist/cjs/v5.d.ts'. ========
Resolution for module './v35.js' was found in cache from location 'd:/DOPAMS/Toystack/dopams-backend-staging/node_modules/uuid/dist/cjs'.
======== Module name './v35.js' was successfully resolved to 'd:/DOPAMS/Toystack/dopams-backend-staging/node_modules/uuid/dist/cjs/v35.d.ts' with Package ID 'uuid/dist/cjs/v35.d.ts@11.1.0'. ========
File 'd:/DOPAMS/Toystack/dopams-backend-staging/node_modules/uuid/dist/cjs/package.json' exists according to earlier cached lookups.
======== Resolving module './types.js' from 'd:/DOPAMS/Toystack/dopams-backend-staging/node_modules/uuid/dist/cjs/v6.d.ts'. ========
Resolution for module './types.js' was found in cache from location 'd:/DOPAMS/Toystack/dopams-backend-staging/node_modules/uuid/dist/cjs'.
======== Module name './types.js' was successfully resolved to 'd:/DOPAMS/Toystack/dopams-backend-staging/node_modules/uuid/dist/cjs/types.d.ts' with Package ID 'uuid/dist/cjs/types.d.ts@11.1.0'. ========
File 'd:/DOPAMS/Toystack/dopams-backend-staging/node_modules/uuid/dist/cjs/package.json' exists according to earlier cached lookups.
File 'd:/DOPAMS/Toystack/dopams-backend-staging/node_modules/uuid/dist/cjs/package.json' exists according to earlier cached lookups.
======== Resolving module './types.js' from 'd:/DOPAMS/Toystack/dopams-backend-staging/node_modules/uuid/dist/cjs/v7.d.ts'. ========
Resolution for module './types.js' was found in cache from location 'd:/DOPAMS/Toystack/dopams-backend-staging/node_modules/uuid/dist/cjs'.
======== Module name './types.js' was successfully resolved to 'd:/DOPAMS/Toystack/dopams-backend-staging/node_modules/uuid/dist/cjs/types.d.ts' with Package ID 'uuid/dist/cjs/types.d.ts@11.1.0'. ========
File 'd:/DOPAMS/Toystack/dopams-backend-staging/node_modules/uuid/dist/cjs/package.json' exists according to earlier cached lookups.
File 'd:/DOPAMS/Toystack/dopams-backend-staging/node_modules/uuid/dist/cjs/package.json' exists according to earlier cached lookups.
======== Resolving module 'graphql' from 'd:/DOPAMS/Toystack/dopams-backend-staging/src/utils/errors/userAuthException.ts'. ========
Explicitly specified module resolution kind: 'Node10'.
'baseUrl' option is set to 'd:/DOPAMS/Toystack/dopams-backend-staging/src', using this value to resolve non-relative module name 'graphql'.
'paths' option is specified, looking for a pattern to match module name 'graphql'.
'baseUrl' option is set to 'd:/DOPAMS/Toystack/dopams-backend-staging/src', using this value to resolve non-relative module name 'graphql'.
Resolving module name 'graphql' relative to base url 'd:/DOPAMS/Toystack/dopams-backend-staging/src' - 'd:/DOPAMS/Toystack/dopams-backend-staging/src/graphql'.
Loading module as file / folder, candidate module location 'd:/DOPAMS/Toystack/dopams-backend-staging/src/graphql', target file types: TypeScript, Declaration.
File 'd:/DOPAMS/Toystack/dopams-backend-staging/src/graphql.ts' does not exist.
File 'd:/DOPAMS/Toystack/dopams-backend-staging/src/graphql.tsx' does not exist.
File 'd:/DOPAMS/Toystack/dopams-backend-staging/src/graphql.d.ts' does not exist.
Directory 'd:/DOPAMS/Toystack/dopams-backend-staging/src/graphql' does not exist, skipping all lookups in it.
Loading module 'graphql' from 'node_modules' folder, target file types: TypeScript, Declaration.
Searching all ancestor node_modules directories for preferred extensions: TypeScript, Declaration.
Directory 'd:/DOPAMS/Toystack/dopams-backend-staging/src/utils/errors/node_modules' does not exist, skipping all lookups in it.
Directory 'd:/DOPAMS/Toystack/dopams-backend-staging/src/utils/node_modules' does not exist, skipping all lookups in it.
Resolution for module 'graphql' was found in cache from location 'd:/DOPAMS/Toystack/dopams-backend-staging/src'.
======== Module name 'graphql' was successfully resolved to 'd:/DOPAMS/Toystack/dopams-backend-staging/node_modules/graphql/index.d.ts' with Package ID 'graphql/index.d.ts@16.12.0'. ========
======== Resolving module 'jsonwebtoken' from 'd:/DOPAMS/Toystack/dopams-backend-staging/src/utils/jwt.ts'. ========
Explicitly specified module resolution kind: 'Node10'.
'baseUrl' option is set to 'd:/DOPAMS/Toystack/dopams-backend-staging/src', using this value to resolve non-relative module name 'jsonwebtoken'.
'paths' option is specified, looking for a pattern to match module name 'jsonwebtoken'.
'baseUrl' option is set to 'd:/DOPAMS/Toystack/dopams-backend-staging/src', using this value to resolve non-relative module name 'jsonwebtoken'.
Resolving module name 'jsonwebtoken' relative to base url 'd:/DOPAMS/Toystack/dopams-backend-staging/src' - 'd:/DOPAMS/Toystack/dopams-backend-staging/src/jsonwebtoken'.
Loading module as file / folder, candidate module location 'd:/DOPAMS/Toystack/dopams-backend-staging/src/jsonwebtoken', target file types: TypeScript, Declaration.
File 'd:/DOPAMS/Toystack/dopams-backend-staging/src/jsonwebtoken.ts' does not exist.
File 'd:/DOPAMS/Toystack/dopams-backend-staging/src/jsonwebtoken.tsx' does not exist.
File 'd:/DOPAMS/Toystack/dopams-backend-staging/src/jsonwebtoken.d.ts' does not exist.
Directory 'd:/DOPAMS/Toystack/dopams-backend-staging/src/jsonwebtoken' does not exist, skipping all lookups in it.
Loading module 'jsonwebtoken' from 'node_modules' folder, target file types: TypeScript, Declaration.
Searching all ancestor node_modules directories for preferred extensions: TypeScript, Declaration.
Directory 'd:/DOPAMS/Toystack/dopams-backend-staging/src/utils/node_modules' does not exist, skipping all lookups in it.
Resolution for module 'jsonwebtoken' was found in cache from location 'd:/DOPAMS/Toystack/dopams-backend-staging/src'.
======== Module name 'jsonwebtoken' was successfully resolved to 'd:/DOPAMS/Toystack/dopams-backend-staging/node_modules/@types/jsonwebtoken/index.d.ts' with Package ID '@types/jsonwebtoken/index.d.ts@9.0.10'. ========
======== Resolving module '@prisma/client' from 'd:/DOPAMS/Toystack/dopams-backend-staging/src/utils/jwt.ts'. ========
Explicitly specified module resolution kind: 'Node10'.
'baseUrl' option is set to 'd:/DOPAMS/Toystack/dopams-backend-staging/src', using this value to resolve non-relative module name '@prisma/client'.
'paths' option is specified, looking for a pattern to match module name '@prisma/client'.
'baseUrl' option is set to 'd:/DOPAMS/Toystack/dopams-backend-staging/src', using this value to resolve non-relative module name '@prisma/client'.
Resolving module name '@prisma/client' relative to base url 'd:/DOPAMS/Toystack/dopams-backend-staging/src' - 'd:/DOPAMS/Toystack/dopams-backend-staging/src/@prisma/client'.
Loading module as file / folder, candidate module location 'd:/DOPAMS/Toystack/dopams-backend-staging/src/@prisma/client', target file types: TypeScript, Declaration.
Loading module '@prisma/client' from 'node_modules' folder, target file types: TypeScript, Declaration.
Searching all ancestor node_modules directories for preferred extensions: TypeScript, Declaration.
Directory 'd:/DOPAMS/Toystack/dopams-backend-staging/src/utils/node_modules' does not exist, skipping all lookups in it.
Scoped package detected, looking in 'prisma__client'
Resolution for module '@prisma/client' was found in cache from location 'd:/DOPAMS/Toystack/dopams-backend-staging/src'.
======== Module name '@prisma/client' was successfully resolved to 'd:/DOPAMS/Toystack/dopams-backend-staging/node_modules/@prisma/client/default.d.ts' with Package ID '@prisma/client/default.d.ts@6.19.2+prisma@6.19.2+typescript@5.9.3'. ========
======== Resolving module 'axios' from 'd:/DOPAMS/Toystack/dopams-backend-staging/src/utils/misc.ts'. ========
Explicitly specified module resolution kind: 'Node10'.
'baseUrl' option is set to 'd:/DOPAMS/Toystack/dopams-backend-staging/src', using this value to resolve non-relative module name 'axios'.
'paths' option is specified, looking for a pattern to match module name 'axios'.
'baseUrl' option is set to 'd:/DOPAMS/Toystack/dopams-backend-staging/src', using this value to resolve non-relative module name 'axios'.
Resolving module name 'axios' relative to base url 'd:/DOPAMS/Toystack/dopams-backend-staging/src' - 'd:/DOPAMS/Toystack/dopams-backend-staging/src/axios'.
Loading module as file / folder, candidate module location 'd:/DOPAMS/Toystack/dopams-backend-staging/src/axios', target file types: TypeScript, Declaration.
File 'd:/DOPAMS/Toystack/dopams-backend-staging/src/axios.ts' does not exist.
File 'd:/DOPAMS/Toystack/dopams-backend-staging/src/axios.tsx' does not exist.
File 'd:/DOPAMS/Toystack/dopams-backend-staging/src/axios.d.ts' does not exist.
Directory 'd:/DOPAMS/Toystack/dopams-backend-staging/src/axios' does not exist, skipping all lookups in it.
Loading module 'axios' from 'node_modules' folder, target file types: TypeScript, Declaration.
Searching all ancestor node_modules directories for preferred extensions: TypeScript, Declaration.
Directory 'd:/DOPAMS/Toystack/dopams-backend-staging/src/utils/node_modules' does not exist, skipping all lookups in it.
Directory 'd:/DOPAMS/Toystack/dopams-backend-staging/src/node_modules' does not exist, skipping all lookups in it.
Found 'package.json' at 'd:/DOPAMS/Toystack/dopams-backend-staging/node_modules/axios/package.json'.
File 'd:/DOPAMS/Toystack/dopams-backend-staging/node_modules/axios.ts' does not exist.
File 'd:/DOPAMS/Toystack/dopams-backend-staging/node_modules/axios.tsx' does not exist.
File 'd:/DOPAMS/Toystack/dopams-backend-staging/node_modules/axios.d.ts' does not exist.
'package.json' does not have a 'typesVersions' field.
'package.json' has 'typings' field './index.d.ts' that references 'd:/DOPAMS/Toystack/dopams-backend-staging/node_modules/axios/index.d.ts'.
File 'd:/DOPAMS/Toystack/dopams-backend-staging/node_modules/axios/index.d.ts' exists - use it as a name resolution result.
'package.json' does not have a 'peerDependencies' field.
Resolving real path for 'd:/DOPAMS/Toystack/dopams-backend-staging/node_modules/axios/index.d.ts', result 'D:/DOPAMS/Toystack/dopams-backend-staging/node_modules/axios/index.d.ts'.
======== Module name 'axios' was successfully resolved to 'd:/DOPAMS/Toystack/dopams-backend-staging/node_modules/axios/index.d.ts' with Package ID 'axios/index.d.ts@1.13.4'. ========
======== Resolving module 'crypto' from 'd:/DOPAMS/Toystack/dopams-backend-staging/src/utils/misc.ts'. ========
Explicitly specified module resolution kind: 'Node10'.
'baseUrl' option is set to 'd:/DOPAMS/Toystack/dopams-backend-staging/src', using this value to resolve non-relative module name 'crypto'.
'paths' option is specified, looking for a pattern to match module name 'crypto'.
'baseUrl' option is set to 'd:/DOPAMS/Toystack/dopams-backend-staging/src', using this value to resolve non-relative module name 'crypto'.
Resolving module name 'crypto' relative to base url 'd:/DOPAMS/Toystack/dopams-backend-staging/src' - 'd:/DOPAMS/Toystack/dopams-backend-staging/src/crypto'.
Loading module as file / folder, candidate module location 'd:/DOPAMS/Toystack/dopams-backend-staging/src/crypto', target file types: TypeScript, Declaration.
File 'd:/DOPAMS/Toystack/dopams-backend-staging/src/crypto.ts' does not exist.
File 'd:/DOPAMS/Toystack/dopams-backend-staging/src/crypto.tsx' does not exist.
File 'd:/DOPAMS/Toystack/dopams-backend-staging/src/crypto.d.ts' does not exist.
Directory 'd:/DOPAMS/Toystack/dopams-backend-staging/src/crypto' does not exist, skipping all lookups in it.
Loading module 'crypto' from 'node_modules' folder, target file types: TypeScript, Declaration.
Searching all ancestor node_modules directories for preferred extensions: TypeScript, Declaration.
Directory 'd:/DOPAMS/Toystack/dopams-backend-staging/src/utils/node_modules' does not exist, skipping all lookups in it.
Directory 'd:/DOPAMS/Toystack/dopams-backend-staging/src/node_modules' does not exist, skipping all lookups in it.
Resolution for module 'crypto' was found in cache from location 'd:/DOPAMS/Toystack/dopams-backend-staging'.
======== Module name 'crypto' was not resolved. ========
======== Resolving module 'dotenv' from 'd:/DOPAMS/Toystack/dopams-backend-staging/src/utils/misc.ts'. ========
Explicitly specified module resolution kind: 'Node10'.
'baseUrl' option is set to 'd:/DOPAMS/Toystack/dopams-backend-staging/src', using this value to resolve non-relative module name 'dotenv'.
'paths' option is specified, looking for a pattern to match module name 'dotenv'.
'baseUrl' option is set to 'd:/DOPAMS/Toystack/dopams-backend-staging/src', using this value to resolve non-relative module name 'dotenv'.
Resolving module name 'dotenv' relative to base url 'd:/DOPAMS/Toystack/dopams-backend-staging/src' - 'd:/DOPAMS/Toystack/dopams-backend-staging/src/dotenv'.
Loading module as file / folder, candidate module location 'd:/DOPAMS/Toystack/dopams-backend-staging/src/dotenv', target file types: TypeScript, Declaration.
File 'd:/DOPAMS/Toystack/dopams-backend-staging/src/dotenv.ts' does not exist.
File 'd:/DOPAMS/Toystack/dopams-backend-staging/src/dotenv.tsx' does not exist.
File 'd:/DOPAMS/Toystack/dopams-backend-staging/src/dotenv.d.ts' does not exist.
Directory 'd:/DOPAMS/Toystack/dopams-backend-staging/src/dotenv' does not exist, skipping all lookups in it.
Loading module 'dotenv' from 'node_modules' folder, target file types: TypeScript, Declaration.
Searching all ancestor node_modules directories for preferred extensions: TypeScript, Declaration.
Directory 'd:/DOPAMS/Toystack/dopams-backend-staging/src/utils/node_modules' does not exist, skipping all lookups in it.
Resolution for module 'dotenv' was found in cache from location 'd:/DOPAMS/Toystack/dopams-backend-staging/src'.
======== Module name 'dotenv' was successfully resolved to 'd:/DOPAMS/Toystack/dopams-backend-staging/node_modules/dotenv/lib/main.d.ts' with Package ID 'dotenv/lib/main.d.ts@16.6.1'. ========
======== Resolving module 'fs' from 'd:/DOPAMS/Toystack/dopams-backend-staging/src/utils/misc.ts'. ========
Explicitly specified module resolution kind: 'Node10'.
'baseUrl' option is set to 'd:/DOPAMS/Toystack/dopams-backend-staging/src', using this value to resolve non-relative module name 'fs'.
'paths' option is specified, looking for a pattern to match module name 'fs'.
'baseUrl' option is set to 'd:/DOPAMS/Toystack/dopams-backend-staging/src', using this value to resolve non-relative module name 'fs'.
Resolving module name 'fs' relative to base url 'd:/DOPAMS/Toystack/dopams-backend-staging/src' - 'd:/DOPAMS/Toystack/dopams-backend-staging/src/fs'.
Loading module as file / folder, candidate module location 'd:/DOPAMS/Toystack/dopams-backend-staging/src/fs', target file types: TypeScript, Declaration.
File 'd:/DOPAMS/Toystack/dopams-backend-staging/src/fs.ts' does not exist.
File 'd:/DOPAMS/Toystack/dopams-backend-staging/src/fs.tsx' does not exist.
File 'd:/DOPAMS/Toystack/dopams-backend-staging/src/fs.d.ts' does not exist.
Directory 'd:/DOPAMS/Toystack/dopams-backend-staging/src/fs' does not exist, skipping all lookups in it.
Loading module 'fs' from 'node_modules' folder, target file types: TypeScript, Declaration.
Searching all ancestor node_modules directories for preferred extensions: TypeScript, Declaration.
Directory 'd:/DOPAMS/Toystack/dopams-backend-staging/src/utils/node_modules' does not exist, skipping all lookups in it.
Directory 'd:/DOPAMS/Toystack/dopams-backend-staging/src/node_modules' does not exist, skipping all lookups in it.
Resolution for module 'fs' was found in cache from location 'd:/DOPAMS/Toystack/dopams-backend-staging'.
======== Module name 'fs' was not resolved. ========
======== Resolving module 'graphql' from 'd:/DOPAMS/Toystack/dopams-backend-staging/src/utils/misc.ts'. ========
Explicitly specified module resolution kind: 'Node10'.
'baseUrl' option is set to 'd:/DOPAMS/Toystack/dopams-backend-staging/src', using this value to resolve non-relative module name 'graphql'.
'paths' option is specified, looking for a pattern to match module name 'graphql'.
'baseUrl' option is set to 'd:/DOPAMS/Toystack/dopams-backend-staging/src', using this value to resolve non-relative module name 'graphql'.
Resolving module name 'graphql' relative to base url 'd:/DOPAMS/Toystack/dopams-backend-staging/src' - 'd:/DOPAMS/Toystack/dopams-backend-staging/src/graphql'.
Loading module as file / folder, candidate module location 'd:/DOPAMS/Toystack/dopams-backend-staging/src/graphql', target file types: TypeScript, Declaration.
File 'd:/DOPAMS/Toystack/dopams-backend-staging/src/graphql.ts' does not exist.
File 'd:/DOPAMS/Toystack/dopams-backend-staging/src/graphql.tsx' does not exist.
File 'd:/DOPAMS/Toystack/dopams-backend-staging/src/graphql.d.ts' does not exist.
Directory 'd:/DOPAMS/Toystack/dopams-backend-staging/src/graphql' does not exist, skipping all lookups in it.
Loading module 'graphql' from 'node_modules' folder, target file types: TypeScript, Declaration.
Searching all ancestor node_modules directories for preferred extensions: TypeScript, Declaration.
Resolution for module 'graphql' was found in cache from location 'd:/DOPAMS/Toystack/dopams-backend-staging/src/utils'.
======== Module name 'graphql' was successfully resolved to 'd:/DOPAMS/Toystack/dopams-backend-staging/node_modules/graphql/index.d.ts' with Package ID 'graphql/index.d.ts@16.12.0'. ========
======== Resolving module 'dayjs' from 'd:/DOPAMS/Toystack/dopams-backend-staging/src/utils/misc.ts'. ========
Explicitly specified module resolution kind: 'Node10'.
'baseUrl' option is set to 'd:/DOPAMS/Toystack/dopams-backend-staging/src', using this value to resolve non-relative module name 'dayjs'.
'paths' option is specified, looking for a pattern to match module name 'dayjs'.
'baseUrl' option is set to 'd:/DOPAMS/Toystack/dopams-backend-staging/src', using this value to resolve non-relative module name 'dayjs'.
Resolving module name 'dayjs' relative to base url 'd:/DOPAMS/Toystack/dopams-backend-staging/src' - 'd:/DOPAMS/Toystack/dopams-backend-staging/src/dayjs'.
Loading module as file / folder, candidate module location 'd:/DOPAMS/Toystack/dopams-backend-staging/src/dayjs', target file types: TypeScript, Declaration.
File 'd:/DOPAMS/Toystack/dopams-backend-staging/src/dayjs.ts' does not exist.
File 'd:/DOPAMS/Toystack/dopams-backend-staging/src/dayjs.tsx' does not exist.
File 'd:/DOPAMS/Toystack/dopams-backend-staging/src/dayjs.d.ts' does not exist.
Directory 'd:/DOPAMS/Toystack/dopams-backend-staging/src/dayjs' does not exist, skipping all lookups in it.
Loading module 'dayjs' from 'node_modules' folder, target file types: TypeScript, Declaration.
Searching all ancestor node_modules directories for preferred extensions: TypeScript, Declaration.
Directory 'd:/DOPAMS/Toystack/dopams-backend-staging/src/utils/node_modules' does not exist, skipping all lookups in it.
Directory 'd:/DOPAMS/Toystack/dopams-backend-staging/src/node_modules' does not exist, skipping all lookups in it.
Found 'package.json' at 'd:/DOPAMS/Toystack/dopams-backend-staging/node_modules/dayjs/package.json'.
File 'd:/DOPAMS/Toystack/dopams-backend-staging/node_modules/dayjs.ts' does not exist.
File 'd:/DOPAMS/Toystack/dopams-backend-staging/node_modules/dayjs.tsx' does not exist.
File 'd:/DOPAMS/Toystack/dopams-backend-staging/node_modules/dayjs.d.ts' does not exist.
'package.json' does not have a 'typesVersions' field.
'package.json' does not have a 'typings' field.
'package.json' has 'types' field 'index.d.ts' that references 'd:/DOPAMS/Toystack/dopams-backend-staging/node_modules/dayjs/index.d.ts'.
File 'd:/DOPAMS/Toystack/dopams-backend-staging/node_modules/dayjs/index.d.ts' exists - use it as a name resolution result.
'package.json' does not have a 'peerDependencies' field.
Resolving real path for 'd:/DOPAMS/Toystack/dopams-backend-staging/node_modules/dayjs/index.d.ts', result 'D:/DOPAMS/Toystack/dopams-backend-staging/node_modules/dayjs/index.d.ts'.
======== Module name 'dayjs' was successfully resolved to 'd:/DOPAMS/Toystack/dopams-backend-staging/node_modules/dayjs/index.d.ts' with Package ID 'dayjs/index.d.ts@1.11.19'. ========
======== Resolving module 'short-unique-id' from 'd:/DOPAMS/Toystack/dopams-backend-staging/src/utils/misc.ts'. ========
Explicitly specified module resolution kind: 'Node10'.
'baseUrl' option is set to 'd:/DOPAMS/Toystack/dopams-backend-staging/src', using this value to resolve non-relative module name 'short-unique-id'.
'paths' option is specified, looking for a pattern to match module name 'short-unique-id'.
'baseUrl' option is set to 'd:/DOPAMS/Toystack/dopams-backend-staging/src', using this value to resolve non-relative module name 'short-unique-id'.
Resolving module name 'short-unique-id' relative to base url 'd:/DOPAMS/Toystack/dopams-backend-staging/src' - 'd:/DOPAMS/Toystack/dopams-backend-staging/src/short-unique-id'.
Loading module as file / folder, candidate module location 'd:/DOPAMS/Toystack/dopams-backend-staging/src/short-unique-id', target file types: TypeScript, Declaration.
File 'd:/DOPAMS/Toystack/dopams-backend-staging/src/short-unique-id.ts' does not exist.
File 'd:/DOPAMS/Toystack/dopams-backend-staging/src/short-unique-id.tsx' does not exist.
File 'd:/DOPAMS/Toystack/dopams-backend-staging/src/short-unique-id.d.ts' does not exist.
Directory 'd:/DOPAMS/Toystack/dopams-backend-staging/src/short-unique-id' does not exist, skipping all lookups in it.
Loading module 'short-unique-id' from 'node_modules' folder, target file types: TypeScript, Declaration.
Searching all ancestor node_modules directories for preferred extensions: TypeScript, Declaration.
Directory 'd:/DOPAMS/Toystack/dopams-backend-staging/src/utils/node_modules' does not exist, skipping all lookups in it.
Directory 'd:/DOPAMS/Toystack/dopams-backend-staging/src/node_modules' does not exist, skipping all lookups in it.
Found 'package.json' at 'd:/DOPAMS/Toystack/dopams-backend-staging/node_modules/short-unique-id/package.json'.
File 'd:/DOPAMS/Toystack/dopams-backend-staging/node_modules/short-unique-id.ts' does not exist.
File 'd:/DOPAMS/Toystack/dopams-backend-staging/node_modules/short-unique-id.tsx' does not exist.
File 'd:/DOPAMS/Toystack/dopams-backend-staging/node_modules/short-unique-id.d.ts' does not exist.
'package.json' does not have a 'typesVersions' field.
'package.json' does not have a 'typings' field.
'package.json' has 'types' field 'dist/short-unique-id.d.ts' that references 'd:/DOPAMS/Toystack/dopams-backend-staging/node_modules/short-unique-id/dist/short-unique-id.d.ts'.
File 'd:/DOPAMS/Toystack/dopams-backend-staging/node_modules/short-unique-id/dist/short-unique-id.d.ts' exists - use it as a name resolution result.
'package.json' does not have a 'peerDependencies' field.
Resolving real path for 'd:/DOPAMS/Toystack/dopams-backend-staging/node_modules/short-unique-id/dist/short-unique-id.d.ts', result 'D:/DOPAMS/Toystack/dopams-backend-staging/node_modules/short-unique-id/dist/short-unique-id.d.ts'.
======== Module name 'short-unique-id' was successfully resolved to 'd:/DOPAMS/Toystack/dopams-backend-staging/node_modules/short-unique-id/dist/short-unique-id.d.ts' with Package ID 'short-unique-id/dist/short-unique-id.d.ts@5.3.2'. ========
======== Resolving module 'stream' from 'd:/DOPAMS/Toystack/dopams-backend-staging/src/utils/misc.ts'. ========
Explicitly specified module resolution kind: 'Node10'.
'baseUrl' option is set to 'd:/DOPAMS/Toystack/dopams-backend-staging/src', using this value to resolve non-relative module name 'stream'.
'paths' option is specified, looking for a pattern to match module name 'stream'.
'baseUrl' option is set to 'd:/DOPAMS/Toystack/dopams-backend-staging/src', using this value to resolve non-relative module name 'stream'.
Resolving module name 'stream' relative to base url 'd:/DOPAMS/Toystack/dopams-backend-staging/src' - 'd:/DOPAMS/Toystack/dopams-backend-staging/src/stream'.
Loading module as file / folder, candidate module location 'd:/DOPAMS/Toystack/dopams-backend-staging/src/stream', target file types: TypeScript, Declaration.
File 'd:/DOPAMS/Toystack/dopams-backend-staging/src/stream.ts' does not exist.
File 'd:/DOPAMS/Toystack/dopams-backend-staging/src/stream.tsx' does not exist.
File 'd:/DOPAMS/Toystack/dopams-backend-staging/src/stream.d.ts' does not exist.
Directory 'd:/DOPAMS/Toystack/dopams-backend-staging/src/stream' does not exist, skipping all lookups in it.
Loading module 'stream' from 'node_modules' folder, target file types: TypeScript, Declaration.
Searching all ancestor node_modules directories for preferred extensions: TypeScript, Declaration.
Directory 'd:/DOPAMS/Toystack/dopams-backend-staging/src/utils/node_modules' does not exist, skipping all lookups in it.
Directory 'd:/DOPAMS/Toystack/dopams-backend-staging/src/node_modules' does not exist, skipping all lookups in it.
Resolution for module 'stream' was found in cache from location 'd:/DOPAMS/Toystack/dopams-backend-staging'.
======== Module name 'stream' was not resolved. ========
======== Resolving module 'graphql-upload-ts' from 'd:/DOPAMS/Toystack/dopams-backend-staging/src/utils/misc.ts'. ========
Explicitly specified module resolution kind: 'Node10'.
'baseUrl' option is set to 'd:/DOPAMS/Toystack/dopams-backend-staging/src', using this value to resolve non-relative module name 'graphql-upload-ts'.
'paths' option is specified, looking for a pattern to match module name 'graphql-upload-ts'.
'baseUrl' option is set to 'd:/DOPAMS/Toystack/dopams-backend-staging/src', using this value to resolve non-relative module name 'graphql-upload-ts'.
Resolving module name 'graphql-upload-ts' relative to base url 'd:/DOPAMS/Toystack/dopams-backend-staging/src' - 'd:/DOPAMS/Toystack/dopams-backend-staging/src/graphql-upload-ts'.
Loading module as file / folder, candidate module location 'd:/DOPAMS/Toystack/dopams-backend-staging/src/graphql-upload-ts', target file types: TypeScript, Declaration.
File 'd:/DOPAMS/Toystack/dopams-backend-staging/src/graphql-upload-ts.ts' does not exist.
File 'd:/DOPAMS/Toystack/dopams-backend-staging/src/graphql-upload-ts.tsx' does not exist.
File 'd:/DOPAMS/Toystack/dopams-backend-staging/src/graphql-upload-ts.d.ts' does not exist.
Directory 'd:/DOPAMS/Toystack/dopams-backend-staging/src/graphql-upload-ts' does not exist, skipping all lookups in it.
Loading module 'graphql-upload-ts' from 'node_modules' folder, target file types: TypeScript, Declaration.
Searching all ancestor node_modules directories for preferred extensions: TypeScript, Declaration.
Directory 'd:/DOPAMS/Toystack/dopams-backend-staging/src/utils/node_modules' does not exist, skipping all lookups in it.
Resolution for module 'graphql-upload-ts' was found in cache from location 'd:/DOPAMS/Toystack/dopams-backend-staging/src'.
======== Module name 'graphql-upload-ts' was successfully resolved to 'd:/DOPAMS/Toystack/dopams-backend-staging/node_modules/graphql-upload-ts/dist/index.d.ts' with Package ID 'graphql-upload-ts/dist/index.d.ts@2.1.3+graphql@16.12.0'. ========
======== Resolving module './errors/file-size-limit-exceeded' from 'd:/DOPAMS/Toystack/dopams-backend-staging/src/utils/misc.ts'. ========
Explicitly specified module resolution kind: 'Node10'.
Loading module as file / folder, candidate module location 'd:/DOPAMS/Toystack/dopams-backend-staging/src/utils/errors/file-size-limit-exceeded', target file types: TypeScript, Declaration.
File 'd:/DOPAMS/Toystack/dopams-backend-staging/src/utils/errors/file-size-limit-exceeded.ts' exists - use it as a name resolution result.
======== Module name './errors/file-size-limit-exceeded' was successfully resolved to 'd:/DOPAMS/Toystack/dopams-backend-staging/src/utils/errors/file-size-limit-exceeded.ts'. ========
======== Resolving module './logger' from 'd:/DOPAMS/Toystack/dopams-backend-staging/src/utils/misc.ts'. ========
Explicitly specified module resolution kind: 'Node10'.
Loading module as file / folder, candidate module location 'd:/DOPAMS/Toystack/dopams-backend-staging/src/utils/logger', target file types: TypeScript, Declaration.
File 'd:/DOPAMS/Toystack/dopams-backend-staging/src/utils/logger.ts' exists - use it as a name resolution result.
======== Module name './logger' was successfully resolved to 'd:/DOPAMS/Toystack/dopams-backend-staging/src/utils/logger.ts'. ========
File 'd:/DOPAMS/Toystack/dopams-backend-staging/node_modules/axios/package.json' exists according to earlier cached lookups.
File 'd:/DOPAMS/Toystack/dopams-backend-staging/node_modules/dayjs/package.json' exists according to earlier cached lookups.
File 'd:/DOPAMS/Toystack/dopams-backend-staging/node_modules/dayjs/locale/package.json' does not exist.
File 'd:/DOPAMS/Toystack/dopams-backend-staging/node_modules/dayjs/package.json' exists according to earlier cached lookups.
File 'd:/DOPAMS/Toystack/dopams-backend-staging/node_modules/dayjs/locale/package.json' does not exist according to earlier cached lookups.
File 'd:/DOPAMS/Toystack/dopams-backend-staging/node_modules/dayjs/package.json' exists according to earlier cached lookups.
File 'd:/DOPAMS/Toystack/dopams-backend-staging/node_modules/short-unique-id/dist/package.json' does not exist.
File 'd:/DOPAMS/Toystack/dopams-backend-staging/node_modules/short-unique-id/package.json' exists according to earlier cached lookups.
======== Resolving module './short-unique-id-core.d.ts' from 'd:/DOPAMS/Toystack/dopams-backend-staging/node_modules/short-unique-id/dist/short-unique-id.d.ts'. ========
Explicitly specified module resolution kind: 'Node10'.
Loading module as file / folder, candidate module location 'd:/DOPAMS/Toystack/dopams-backend-staging/node_modules/short-unique-id/dist/short-unique-id-core.d.ts', target file types: TypeScript, Declaration.
File name 'd:/DOPAMS/Toystack/dopams-backend-staging/node_modules/short-unique-id/dist/short-unique-id-core.d.ts' has a '.d.ts' extension - stripping it.
File 'd:/DOPAMS/Toystack/dopams-backend-staging/node_modules/short-unique-id/dist/short-unique-id-core.ts' does not exist.
File 'd:/DOPAMS/Toystack/dopams-backend-staging/node_modules/short-unique-id/dist/short-unique-id-core.tsx' does not exist.
File 'd:/DOPAMS/Toystack/dopams-backend-staging/node_modules/short-unique-id/dist/short-unique-id-core.d.ts' exists - use it as a name resolution result.
File 'd:/DOPAMS/Toystack/dopams-backend-staging/node_modules/short-unique-id/package.json' exists according to earlier cached lookups.
======== Module name './short-unique-id-core.d.ts' was successfully resolved to 'd:/DOPAMS/Toystack/dopams-backend-staging/node_modules/short-unique-id/dist/short-unique-id-core.d.ts' with Package ID 'short-unique-id/dist/short-unique-id-core.d.ts@5.3.2'. ========
File 'd:/DOPAMS/Toystack/dopams-backend-staging/node_modules/short-unique-id/dist/package.json' does not exist according to earlier cached lookups.
File 'd:/DOPAMS/Toystack/dopams-backend-staging/node_modules/short-unique-id/package.json' exists according to earlier cached lookups.
======== Resolving module 'graphql' from 'd:/DOPAMS/Toystack/dopams-backend-staging/src/utils/errors/file-size-limit-exceeded.ts'. ========
Resolution for module 'graphql' was found in cache from location 'd:/DOPAMS/Toystack/dopams-backend-staging/src/utils/errors'.
======== Module name 'graphql' was successfully resolved to 'd:/DOPAMS/Toystack/dopams-backend-staging/node_modules/graphql/index.d.ts' with Package ID 'graphql/index.d.ts@16.12.0'. ========
======== Resolving module 'dayjs' from 'd:/DOPAMS/Toystack/dopams-backend-staging/src/utils/logger.ts'. ========
Resolution for module 'dayjs' was found in cache from location 'd:/DOPAMS/Toystack/dopams-backend-staging/src/utils'.
======== Module name 'dayjs' was successfully resolved to 'd:/DOPAMS/Toystack/dopams-backend-staging/node_modules/dayjs/index.d.ts' with Package ID 'dayjs/index.d.ts@1.11.19'. ========
======== Resolving module 'winston' from 'd:/DOPAMS/Toystack/dopams-backend-staging/src/utils/logger.ts'. ========
Explicitly specified module resolution kind: 'Node10'.
'baseUrl' option is set to 'd:/DOPAMS/Toystack/dopams-backend-staging/src', using this value to resolve non-relative module name 'winston'.
'paths' option is specified, looking for a pattern to match module name 'winston'.
'baseUrl' option is set to 'd:/DOPAMS/Toystack/dopams-backend-staging/src', using this value to resolve non-relative module name 'winston'.
Resolving module name 'winston' relative to base url 'd:/DOPAMS/Toystack/dopams-backend-staging/src' - 'd:/DOPAMS/Toystack/dopams-backend-staging/src/winston'.
Loading module as file / folder, candidate module location 'd:/DOPAMS/Toystack/dopams-backend-staging/src/winston', target file types: TypeScript, Declaration.
File 'd:/DOPAMS/Toystack/dopams-backend-staging/src/winston.ts' does not exist.
File 'd:/DOPAMS/Toystack/dopams-backend-staging/src/winston.tsx' does not exist.
File 'd:/DOPAMS/Toystack/dopams-backend-staging/src/winston.d.ts' does not exist.
Directory 'd:/DOPAMS/Toystack/dopams-backend-staging/src/winston' does not exist, skipping all lookups in it.
Loading module 'winston' from 'node_modules' folder, target file types: TypeScript, Declaration.
Searching all ancestor node_modules directories for preferred extensions: TypeScript, Declaration.
Directory 'd:/DOPAMS/Toystack/dopams-backend-staging/src/utils/node_modules' does not exist, skipping all lookups in it.
Directory 'd:/DOPAMS/Toystack/dopams-backend-staging/src/node_modules' does not exist, skipping all lookups in it.
Found 'package.json' at 'd:/DOPAMS/Toystack/dopams-backend-staging/node_modules/winston/package.json'.
File 'd:/DOPAMS/Toystack/dopams-backend-staging/node_modules/winston.ts' does not exist.
File 'd:/DOPAMS/Toystack/dopams-backend-staging/node_modules/winston.tsx' does not exist.
File 'd:/DOPAMS/Toystack/dopams-backend-staging/node_modules/winston.d.ts' does not exist.
'package.json' does not have a 'typesVersions' field.
'package.json' does not have a 'typings' field.
'package.json' has 'types' field './index.d.ts' that references 'd:/DOPAMS/Toystack/dopams-backend-staging/node_modules/winston/index.d.ts'.
File 'd:/DOPAMS/Toystack/dopams-backend-staging/node_modules/winston/index.d.ts' exists - use it as a name resolution result.
'package.json' does not have a 'peerDependencies' field.
Resolving real path for 'd:/DOPAMS/Toystack/dopams-backend-staging/node_modules/winston/index.d.ts', result 'D:/DOPAMS/Toystack/dopams-backend-staging/node_modules/winston/index.d.ts'.
======== Module name 'winston' was successfully resolved to 'd:/DOPAMS/Toystack/dopams-backend-staging/node_modules/winston/index.d.ts' with Package ID 'winston/index.d.ts@3.19.0'. ========
File 'd:/DOPAMS/Toystack/dopams-backend-staging/node_modules/winston/package.json' exists according to earlier cached lookups.
======== Resolving type reference directive 'node', containing file 'd:/DOPAMS/Toystack/dopams-backend-staging/node_modules/winston/index.d.ts', root directory 'd:/DOPAMS/Toystack/dopams-backend-staging/node_modules/@types,d:/DOPAMS/Toystack/node_modules/@types,d:/DOPAMS/node_modules/@types,d:/node_modules/@types'. ========
Resolving with primary search path 'd:/DOPAMS/Toystack/dopams-backend-staging/node_modules/@types, d:/DOPAMS/Toystack/node_modules/@types, d:/DOPAMS/node_modules/@types, d:/node_modules/@types'.
File 'd:/DOPAMS/Toystack/dopams-backend-staging/node_modules/@types/node/package.json' exists according to earlier cached lookups.
'package.json' does not have a 'typings' field.
'package.json' has 'types' field 'index.d.ts' that references 'd:/DOPAMS/Toystack/dopams-backend-staging/node_modules/@types/node/index.d.ts'.
File 'd:/DOPAMS/Toystack/dopams-backend-staging/node_modules/@types/node/index.d.ts' exists - use it as a name resolution result.
Resolving real path for 'd:/DOPAMS/Toystack/dopams-backend-staging/node_modules/@types/node/index.d.ts', result 'D:/DOPAMS/Toystack/dopams-backend-staging/node_modules/@types/node/index.d.ts'.
======== Type reference directive 'node' was successfully resolved to 'd:/DOPAMS/Toystack/dopams-backend-staging/node_modules/@types/node/index.d.ts' with Package ID '@types/node/index.d.ts@22.19.10', primary: true. ========
======== Resolving module 'stream' from 'd:/DOPAMS/Toystack/dopams-backend-staging/node_modules/winston/index.d.ts'. ========
Explicitly specified module resolution kind: 'Node10'.
'baseUrl' option is set to 'd:/DOPAMS/Toystack/dopams-backend-staging/src', using this value to resolve non-relative module name 'stream'.
'paths' option is specified, looking for a pattern to match module name 'stream'.
'baseUrl' option is set to 'd:/DOPAMS/Toystack/dopams-backend-staging/src', using this value to resolve non-relative module name 'stream'.
Resolving module name 'stream' relative to base url 'd:/DOPAMS/Toystack/dopams-backend-staging/src' - 'd:/DOPAMS/Toystack/dopams-backend-staging/src/stream'.
Loading module as file / folder, candidate module location 'd:/DOPAMS/Toystack/dopams-backend-staging/src/stream', target file types: TypeScript, Declaration.
File 'd:/DOPAMS/Toystack/dopams-backend-staging/src/stream.ts' does not exist.
File 'd:/DOPAMS/Toystack/dopams-backend-staging/src/stream.tsx' does not exist.
File 'd:/DOPAMS/Toystack/dopams-backend-staging/src/stream.d.ts' does not exist.
Directory 'd:/DOPAMS/Toystack/dopams-backend-staging/src/stream' does not exist, skipping all lookups in it.
Loading module 'stream' from 'node_modules' folder, target file types: TypeScript, Declaration.
Searching all ancestor node_modules directories for preferred extensions: TypeScript, Declaration.
File 'd:/DOPAMS/Toystack/dopams-backend-staging/node_modules/winston/node_modules/stream.ts' does not exist.
File 'd:/DOPAMS/Toystack/dopams-backend-staging/node_modules/winston/node_modules/stream.tsx' does not exist.
File 'd:/DOPAMS/Toystack/dopams-backend-staging/node_modules/winston/node_modules/stream.d.ts' does not exist.
Directory 'd:/DOPAMS/Toystack/dopams-backend-staging/node_modules/winston/node_modules/@types' does not exist, skipping all lookups in it.
Resolution for module 'stream' was found in cache from location 'd:/DOPAMS/Toystack/dopams-backend-staging'.
======== Module name 'stream' was not resolved. ========
======== Resolving module 'logform' from 'd:/DOPAMS/Toystack/dopams-backend-staging/node_modules/winston/index.d.ts'. ========
Explicitly specified module resolution kind: 'Node10'.
'baseUrl' option is set to 'd:/DOPAMS/Toystack/dopams-backend-staging/src', using this value to resolve non-relative module name 'logform'.
'paths' option is specified, looking for a pattern to match module name 'logform'.
'baseUrl' option is set to 'd:/DOPAMS/Toystack/dopams-backend-staging/src', using this value to resolve non-relative module name 'logform'.
Resolving module name 'logform' relative to base url 'd:/DOPAMS/Toystack/dopams-backend-staging/src' - 'd:/DOPAMS/Toystack/dopams-backend-staging/src/logform'.
Loading module as file / folder, candidate module location 'd:/DOPAMS/Toystack/dopams-backend-staging/src/logform', target file types: TypeScript, Declaration.
File 'd:/DOPAMS/Toystack/dopams-backend-staging/src/logform.ts' does not exist.
File 'd:/DOPAMS/Toystack/dopams-backend-staging/src/logform.tsx' does not exist.
File 'd:/DOPAMS/Toystack/dopams-backend-staging/src/logform.d.ts' does not exist.
Directory 'd:/DOPAMS/Toystack/dopams-backend-staging/src/logform' does not exist, skipping all lookups in it.
Loading module 'logform' from 'node_modules' folder, target file types: TypeScript, Declaration.
Searching all ancestor node_modules directories for preferred extensions: TypeScript, Declaration.
File 'd:/DOPAMS/Toystack/dopams-backend-staging/node_modules/winston/node_modules/logform.ts' does not exist.
File 'd:/DOPAMS/Toystack/dopams-backend-staging/node_modules/winston/node_modules/logform.tsx' does not exist.
File 'd:/DOPAMS/Toystack/dopams-backend-staging/node_modules/winston/node_modules/logform.d.ts' does not exist.
Directory 'd:/DOPAMS/Toystack/dopams-backend-staging/node_modules/winston/node_modules/@types' does not exist, skipping all lookups in it.
Found 'package.json' at 'd:/DOPAMS/Toystack/dopams-backend-staging/node_modules/logform/package.json'.
File 'd:/DOPAMS/Toystack/dopams-backend-staging/node_modules/logform.ts' does not exist.
File 'd:/DOPAMS/Toystack/dopams-backend-staging/node_modules/logform.tsx' does not exist.
File 'd:/DOPAMS/Toystack/dopams-backend-staging/node_modules/logform.d.ts' does not exist.
'package.json' does not have a 'typesVersions' field.
'package.json' does not have a 'typings' field.
'package.json' has 'types' field './index.d.ts' that references 'd:/DOPAMS/Toystack/dopams-backend-staging/node_modules/logform/index.d.ts'.
File 'd:/DOPAMS/Toystack/dopams-backend-staging/node_modules/logform/index.d.ts' exists - use it as a name resolution result.
'package.json' does not have a 'peerDependencies' field.
Resolving real path for 'd:/DOPAMS/Toystack/dopams-backend-staging/node_modules/logform/index.d.ts', result 'D:/DOPAMS/Toystack/dopams-backend-staging/node_modules/logform/index.d.ts'.
======== Module name 'logform' was successfully resolved to 'd:/DOPAMS/Toystack/dopams-backend-staging/node_modules/logform/index.d.ts' with Package ID 'logform/index.d.ts@2.7.0'. ========
======== Resolving module 'winston-transport' from 'd:/DOPAMS/Toystack/dopams-backend-staging/node_modules/winston/index.d.ts'. ========
Explicitly specified module resolution kind: 'Node10'.
'baseUrl' option is set to 'd:/DOPAMS/Toystack/dopams-backend-staging/src', using this value to resolve non-relative module name 'winston-transport'.
'paths' option is specified, looking for a pattern to match module name 'winston-transport'.
'baseUrl' option is set to 'd:/DOPAMS/Toystack/dopams-backend-staging/src', using this value to resolve non-relative module name 'winston-transport'.
Resolving module name 'winston-transport' relative to base url 'd:/DOPAMS/Toystack/dopams-backend-staging/src' - 'd:/DOPAMS/Toystack/dopams-backend-staging/src/winston-transport'.
Loading module as file / folder, candidate module location 'd:/DOPAMS/Toystack/dopams-backend-staging/src/winston-transport', target file types: TypeScript, Declaration.
File 'd:/DOPAMS/Toystack/dopams-backend-staging/src/winston-transport.ts' does not exist.
File 'd:/DOPAMS/Toystack/dopams-backend-staging/src/winston-transport.tsx' does not exist.
File 'd:/DOPAMS/Toystack/dopams-backend-staging/src/winston-transport.d.ts' does not exist.
Directory 'd:/DOPAMS/Toystack/dopams-backend-staging/src/winston-transport' does not exist, skipping all lookups in it.
Loading module 'winston-transport' from 'node_modules' folder, target file types: TypeScript, Declaration.
Searching all ancestor node_modules directories for preferred extensions: TypeScript, Declaration.
File 'd:/DOPAMS/Toystack/dopams-backend-staging/node_modules/winston/node_modules/winston-transport.ts' does not exist.
File 'd:/DOPAMS/Toystack/dopams-backend-staging/node_modules/winston/node_modules/winston-transport.tsx' does not exist.
File 'd:/DOPAMS/Toystack/dopams-backend-staging/node_modules/winston/node_modules/winston-transport.d.ts' does not exist.
Directory 'd:/DOPAMS/Toystack/dopams-backend-staging/node_modules/winston/node_modules/@types' does not exist, skipping all lookups in it.
Found 'package.json' at 'd:/DOPAMS/Toystack/dopams-backend-staging/node_modules/winston-transport/package.json'.
File 'd:/DOPAMS/Toystack/dopams-backend-staging/node_modules/winston-transport.ts' does not exist.
File 'd:/DOPAMS/Toystack/dopams-backend-staging/node_modules/winston-transport.tsx' does not exist.
File 'd:/DOPAMS/Toystack/dopams-backend-staging/node_modules/winston-transport.d.ts' does not exist.
'package.json' does not have a 'typesVersions' field.
'package.json' does not have a 'typings' field.
'package.json' does not have a 'types' field.
'package.json' has 'main' field 'index.js' that references 'd:/DOPAMS/Toystack/dopams-backend-staging/node_modules/winston-transport/index.js'.
File name 'd:/DOPAMS/Toystack/dopams-backend-staging/node_modules/winston-transport/index.js' has a '.js' extension - stripping it.
File 'd:/DOPAMS/Toystack/dopams-backend-staging/node_modules/winston-transport/index.ts' does not exist.
File 'd:/DOPAMS/Toystack/dopams-backend-staging/node_modules/winston-transport/index.tsx' does not exist.
File 'd:/DOPAMS/Toystack/dopams-backend-staging/node_modules/winston-transport/index.d.ts' exists - use it as a name resolution result.
'package.json' does not have a 'peerDependencies' field.
Resolving real path for 'd:/DOPAMS/Toystack/dopams-backend-staging/node_modules/winston-transport/index.d.ts', result 'D:/DOPAMS/Toystack/dopams-backend-staging/node_modules/winston-transport/index.d.ts'.
======== Module name 'winston-transport' was successfully resolved to 'd:/DOPAMS/Toystack/dopams-backend-staging/node_modules/winston-transport/index.d.ts' with Package ID 'winston-transport/index.d.ts@4.9.0'. ========
======== Resolving module './lib/winston/config/index' from 'd:/DOPAMS/Toystack/dopams-backend-staging/node_modules/winston/index.d.ts'. ========
Explicitly specified module resolution kind: 'Node10'.
Loading module as file / folder, candidate module location 'd:/DOPAMS/Toystack/dopams-backend-staging/node_modules/winston/lib/winston/config/index', target file types: TypeScript, Declaration.
File 'd:/DOPAMS/Toystack/dopams-backend-staging/node_modules/winston/lib/winston/config/index.ts' does not exist.
File 'd:/DOPAMS/Toystack/dopams-backend-staging/node_modules/winston/lib/winston/config/index.tsx' does not exist.
File 'd:/DOPAMS/Toystack/dopams-backend-staging/node_modules/winston/lib/winston/config/index.d.ts' exists - use it as a name resolution result.
File 'd:/DOPAMS/Toystack/dopams-backend-staging/node_modules/winston/package.json' exists according to earlier cached lookups.
======== Module name './lib/winston/config/index' was successfully resolved to 'd:/DOPAMS/Toystack/dopams-backend-staging/node_modules/winston/lib/winston/config/index.d.ts' with Package ID 'winston/lib/winston/config/index.d.ts@3.19.0'. ========
======== Resolving module './lib/winston/transports/index' from 'd:/DOPAMS/Toystack/dopams-backend-staging/node_modules/winston/index.d.ts'. ========
Explicitly specified module resolution kind: 'Node10'.
Loading module as file / folder, candidate module location 'd:/DOPAMS/Toystack/dopams-backend-staging/node_modules/winston/lib/winston/transports/index', target file types: TypeScript, Declaration.
File 'd:/DOPAMS/Toystack/dopams-backend-staging/node_modules/winston/lib/winston/transports/index.ts' does not exist.
File 'd:/DOPAMS/Toystack/dopams-backend-staging/node_modules/winston/lib/winston/transports/index.tsx' does not exist.
File 'd:/DOPAMS/Toystack/dopams-backend-staging/node_modules/winston/lib/winston/transports/index.d.ts' exists - use it as a name resolution result.
File 'd:/DOPAMS/Toystack/dopams-backend-staging/node_modules/winston/package.json' exists according to earlier cached lookups.
======== Module name './lib/winston/transports/index' was successfully resolved to 'd:/DOPAMS/Toystack/dopams-backend-staging/node_modules/winston/lib/winston/transports/index.d.ts' with Package ID 'winston/lib/winston/transports/index.d.ts@3.19.0'. ========
File 'd:/DOPAMS/Toystack/dopams-backend-staging/node_modules/logform/package.json' exists according to earlier cached lookups.
======== Resolving module 'triple-beam' from 'd:/DOPAMS/Toystack/dopams-backend-staging/node_modules/logform/index.d.ts'. ========
Explicitly specified module resolution kind: 'Node10'.
'baseUrl' option is set to 'd:/DOPAMS/Toystack/dopams-backend-staging/src', using this value to resolve non-relative module name 'triple-beam'.
'paths' option is specified, looking for a pattern to match module name 'triple-beam'.
'baseUrl' option is set to 'd:/DOPAMS/Toystack/dopams-backend-staging/src', using this value to resolve non-relative module name 'triple-beam'.
Resolving module name 'triple-beam' relative to base url 'd:/DOPAMS/Toystack/dopams-backend-staging/src' - 'd:/DOPAMS/Toystack/dopams-backend-staging/src/triple-beam'.
Loading module as file / folder, candidate module location 'd:/DOPAMS/Toystack/dopams-backend-staging/src/triple-beam', target file types: TypeScript, Declaration.
File 'd:/DOPAMS/Toystack/dopams-backend-staging/src/triple-beam.ts' does not exist.
File 'd:/DOPAMS/Toystack/dopams-backend-staging/src/triple-beam.tsx' does not exist.
File 'd:/DOPAMS/Toystack/dopams-backend-staging/src/triple-beam.d.ts' does not exist.
Directory 'd:/DOPAMS/Toystack/dopams-backend-staging/src/triple-beam' does not exist, skipping all lookups in it.
Loading module 'triple-beam' from 'node_modules' folder, target file types: TypeScript, Declaration.
Searching all ancestor node_modules directories for preferred extensions: TypeScript, Declaration.
Directory 'd:/DOPAMS/Toystack/dopams-backend-staging/node_modules/logform/node_modules' does not exist, skipping all lookups in it.
Found 'package.json' at 'd:/DOPAMS/Toystack/dopams-backend-staging/node_modules/triple-beam/package.json'.
File 'd:/DOPAMS/Toystack/dopams-backend-staging/node_modules/triple-beam.ts' does not exist.
File 'd:/DOPAMS/Toystack/dopams-backend-staging/node_modules/triple-beam.tsx' does not exist.
File 'd:/DOPAMS/Toystack/dopams-backend-staging/node_modules/triple-beam.d.ts' does not exist.
'package.json' does not have a 'typesVersions' field.
'package.json' does not have a 'typings' field.
'package.json' does not have a 'types' field.
'package.json' has 'main' field 'index.js' that references 'd:/DOPAMS/Toystack/dopams-backend-staging/node_modules/triple-beam/index.js'.
File name 'd:/DOPAMS/Toystack/dopams-backend-staging/node_modules/triple-beam/index.js' has a '.js' extension - stripping it.
File 'd:/DOPAMS/Toystack/dopams-backend-staging/node_modules/triple-beam/index.ts' does not exist.
File 'd:/DOPAMS/Toystack/dopams-backend-staging/node_modules/triple-beam/index.tsx' does not exist.
File 'd:/DOPAMS/Toystack/dopams-backend-staging/node_modules/triple-beam/index.d.ts' does not exist.
Loading module as file / folder, candidate module location 'd:/DOPAMS/Toystack/dopams-backend-staging/node_modules/triple-beam/index.js', target file types: TypeScript, Declaration.
File name 'd:/DOPAMS/Toystack/dopams-backend-staging/node_modules/triple-beam/index.js' has a '.js' extension - stripping it.
File 'd:/DOPAMS/Toystack/dopams-backend-staging/node_modules/triple-beam/index.ts' does not exist.
File 'd:/DOPAMS/Toystack/dopams-backend-staging/node_modules/triple-beam/index.tsx' does not exist.
File 'd:/DOPAMS/Toystack/dopams-backend-staging/node_modules/triple-beam/index.d.ts' does not exist.
File 'd:/DOPAMS/Toystack/dopams-backend-staging/node_modules/triple-beam/index.js.ts' does not exist.
File 'd:/DOPAMS/Toystack/dopams-backend-staging/node_modules/triple-beam/index.js.tsx' does not exist.
File 'd:/DOPAMS/Toystack/dopams-backend-staging/node_modules/triple-beam/index.js.d.ts' does not exist.
Directory 'd:/DOPAMS/Toystack/dopams-backend-staging/node_modules/triple-beam/index.js' does not exist, skipping all lookups in it.
File 'd:/DOPAMS/Toystack/dopams-backend-staging/node_modules/triple-beam/index.ts' does not exist.
File 'd:/DOPAMS/Toystack/dopams-backend-staging/node_modules/triple-beam/index.tsx' does not exist.
File 'd:/DOPAMS/Toystack/dopams-backend-staging/node_modules/triple-beam/index.d.ts' does not exist.
Found 'package.json' at 'd:/DOPAMS/Toystack/dopams-backend-staging/node_modules/@types/triple-beam/package.json'.
File 'd:/DOPAMS/Toystack/dopams-backend-staging/node_modules/@types/triple-beam.d.ts' does not exist.
'package.json' does not have a 'typesVersions' field.
'package.json' does not have a 'typings' field.
'package.json' has 'types' field 'index.d.ts' that references 'd:/DOPAMS/Toystack/dopams-backend-staging/node_modules/@types/triple-beam/index.d.ts'.
File 'd:/DOPAMS/Toystack/dopams-backend-staging/node_modules/@types/triple-beam/index.d.ts' exists - use it as a name resolution result.
'package.json' does not have a 'peerDependencies' field.
Resolving real path for 'd:/DOPAMS/Toystack/dopams-backend-staging/node_modules/@types/triple-beam/index.d.ts', result 'D:/DOPAMS/Toystack/dopams-backend-staging/node_modules/@types/triple-beam/index.d.ts'.
======== Module name 'triple-beam' was successfully resolved to 'd:/DOPAMS/Toystack/dopams-backend-staging/node_modules/@types/triple-beam/index.d.ts' with Package ID '@types/triple-beam/index.d.ts@1.3.5'. ========
File 'd:/DOPAMS/Toystack/dopams-backend-staging/node_modules/@types/triple-beam/package.json' exists according to earlier cached lookups.
File 'd:/DOPAMS/Toystack/dopams-backend-staging/node_modules/winston-transport/package.json' exists according to earlier cached lookups.
======== Resolving type reference directive 'node', containing file 'd:/DOPAMS/Toystack/dopams-backend-staging/node_modules/winston-transport/index.d.ts', root directory 'd:/DOPAMS/Toystack/dopams-backend-staging/node_modules/@types,d:/DOPAMS/Toystack/node_modules/@types,d:/DOPAMS/node_modules/@types,d:/node_modules/@types'. ========
Resolving with primary search path 'd:/DOPAMS/Toystack/dopams-backend-staging/node_modules/@types, d:/DOPAMS/Toystack/node_modules/@types, d:/DOPAMS/node_modules/@types, d:/node_modules/@types'.
File 'd:/DOPAMS/Toystack/dopams-backend-staging/node_modules/@types/node/package.json' exists according to earlier cached lookups.
'package.json' does not have a 'typings' field.
'package.json' has 'types' field 'index.d.ts' that references 'd:/DOPAMS/Toystack/dopams-backend-staging/node_modules/@types/node/index.d.ts'.
File 'd:/DOPAMS/Toystack/dopams-backend-staging/node_modules/@types/node/index.d.ts' exists - use it as a name resolution result.
Resolving real path for 'd:/DOPAMS/Toystack/dopams-backend-staging/node_modules/@types/node/index.d.ts', result 'D:/DOPAMS/Toystack/dopams-backend-staging/node_modules/@types/node/index.d.ts'.
======== Type reference directive 'node' was successfully resolved to 'd:/DOPAMS/Toystack/dopams-backend-staging/node_modules/@types/node/index.d.ts' with Package ID '@types/node/index.d.ts@22.19.10', primary: true. ========
======== Resolving module 'stream' from 'd:/DOPAMS/Toystack/dopams-backend-staging/node_modules/winston-transport/index.d.ts'. ========
Explicitly specified module resolution kind: 'Node10'.
'baseUrl' option is set to 'd:/DOPAMS/Toystack/dopams-backend-staging/src', using this value to resolve non-relative module name 'stream'.
'paths' option is specified, looking for a pattern to match module name 'stream'.
'baseUrl' option is set to 'd:/DOPAMS/Toystack/dopams-backend-staging/src', using this value to resolve non-relative module name 'stream'.
Resolving module name 'stream' relative to base url 'd:/DOPAMS/Toystack/dopams-backend-staging/src' - 'd:/DOPAMS/Toystack/dopams-backend-staging/src/stream'.
Loading module as file / folder, candidate module location 'd:/DOPAMS/Toystack/dopams-backend-staging/src/stream', target file types: TypeScript, Declaration.
File 'd:/DOPAMS/Toystack/dopams-backend-staging/src/stream.ts' does not exist.
File 'd:/DOPAMS/Toystack/dopams-backend-staging/src/stream.tsx' does not exist.
File 'd:/DOPAMS/Toystack/dopams-backend-staging/src/stream.d.ts' does not exist.
Directory 'd:/DOPAMS/Toystack/dopams-backend-staging/src/stream' does not exist, skipping all lookups in it.
Loading module 'stream' from 'node_modules' folder, target file types: TypeScript, Declaration.
Searching all ancestor node_modules directories for preferred extensions: TypeScript, Declaration.
Directory 'd:/DOPAMS/Toystack/dopams-backend-staging/node_modules/winston-transport/node_modules' does not exist, skipping all lookups in it.
Resolution for module 'stream' was found in cache from location 'd:/DOPAMS/Toystack/dopams-backend-staging'.
======== Module name 'stream' was not resolved. ========
======== Resolving module 'logform' from 'd:/DOPAMS/Toystack/dopams-backend-staging/node_modules/winston-transport/index.d.ts'. ========
Explicitly specified module resolution kind: 'Node10'.
'baseUrl' option is set to 'd:/DOPAMS/Toystack/dopams-backend-staging/src', using this value to resolve non-relative module name 'logform'.
'paths' option is specified, looking for a pattern to match module name 'logform'.
'baseUrl' option is set to 'd:/DOPAMS/Toystack/dopams-backend-staging/src', using this value to resolve non-relative module name 'logform'.
Resolving module name 'logform' relative to base url 'd:/DOPAMS/Toystack/dopams-backend-staging/src' - 'd:/DOPAMS/Toystack/dopams-backend-staging/src/logform'.
Loading module as file / folder, candidate module location 'd:/DOPAMS/Toystack/dopams-backend-staging/src/logform', target file types: TypeScript, Declaration.
File 'd:/DOPAMS/Toystack/dopams-backend-staging/src/logform.ts' does not exist.
File 'd:/DOPAMS/Toystack/dopams-backend-staging/src/logform.tsx' does not exist.
File 'd:/DOPAMS/Toystack/dopams-backend-staging/src/logform.d.ts' does not exist.
Directory 'd:/DOPAMS/Toystack/dopams-backend-staging/src/logform' does not exist, skipping all lookups in it.
Loading module 'logform' from 'node_modules' folder, target file types: TypeScript, Declaration.
Searching all ancestor node_modules directories for preferred extensions: TypeScript, Declaration.
Directory 'd:/DOPAMS/Toystack/dopams-backend-staging/node_modules/winston-transport/node_modules' does not exist, skipping all lookups in it.
File 'd:/DOPAMS/Toystack/dopams-backend-staging/node_modules/logform/package.json' exists according to earlier cached lookups.
File 'd:/DOPAMS/Toystack/dopams-backend-staging/node_modules/logform.ts' does not exist.
File 'd:/DOPAMS/Toystack/dopams-backend-staging/node_modules/logform.tsx' does not exist.
File 'd:/DOPAMS/Toystack/dopams-backend-staging/node_modules/logform.d.ts' does not exist.
'package.json' does not have a 'typings' field.
'package.json' has 'types' field './index.d.ts' that references 'd:/DOPAMS/Toystack/dopams-backend-staging/node_modules/logform/index.d.ts'.
File 'd:/DOPAMS/Toystack/dopams-backend-staging/node_modules/logform/index.d.ts' exists - use it as a name resolution result.
Resolving real path for 'd:/DOPAMS/Toystack/dopams-backend-staging/node_modules/logform/index.d.ts', result 'D:/DOPAMS/Toystack/dopams-backend-staging/node_modules/logform/index.d.ts'.
======== Module name 'logform' was successfully resolved to 'd:/DOPAMS/Toystack/dopams-backend-staging/node_modules/logform/index.d.ts' with Package ID 'logform/index.d.ts@2.7.0'. ========
File 'd:/DOPAMS/Toystack/dopams-backend-staging/node_modules/winston/lib/winston/config/package.json' does not exist.
File 'd:/DOPAMS/Toystack/dopams-backend-staging/node_modules/winston/lib/winston/package.json' does not exist.
File 'd:/DOPAMS/Toystack/dopams-backend-staging/node_modules/winston/lib/package.json' does not exist.
File 'd:/DOPAMS/Toystack/dopams-backend-staging/node_modules/winston/package.json' exists according to earlier cached lookups.
======== Resolving type reference directive 'node', containing file 'd:/DOPAMS/Toystack/dopams-backend-staging/node_modules/winston/lib/winston/config/index.d.ts', root directory 'd:/DOPAMS/Toystack/dopams-backend-staging/node_modules/@types,d:/DOPAMS/Toystack/node_modules/@types,d:/DOPAMS/node_modules/@types,d:/node_modules/@types'. ========
Resolving with primary search path 'd:/DOPAMS/Toystack/dopams-backend-staging/node_modules/@types, d:/DOPAMS/Toystack/node_modules/@types, d:/DOPAMS/node_modules/@types, d:/node_modules/@types'.
File 'd:/DOPAMS/Toystack/dopams-backend-staging/node_modules/@types/node/package.json' exists according to earlier cached lookups.
'package.json' does not have a 'typings' field.
'package.json' has 'types' field 'index.d.ts' that references 'd:/DOPAMS/Toystack/dopams-backend-staging/node_modules/@types/node/index.d.ts'.
File 'd:/DOPAMS/Toystack/dopams-backend-staging/node_modules/@types/node/index.d.ts' exists - use it as a name resolution result.
Resolving real path for 'd:/DOPAMS/Toystack/dopams-backend-staging/node_modules/@types/node/index.d.ts', result 'D:/DOPAMS/Toystack/dopams-backend-staging/node_modules/@types/node/index.d.ts'.
======== Type reference directive 'node' was successfully resolved to 'd:/DOPAMS/Toystack/dopams-backend-staging/node_modules/@types/node/index.d.ts' with Package ID '@types/node/index.d.ts@22.19.10', primary: true. ========
File 'd:/DOPAMS/Toystack/dopams-backend-staging/node_modules/winston/lib/winston/transports/package.json' does not exist.
File 'd:/DOPAMS/Toystack/dopams-backend-staging/node_modules/winston/lib/winston/package.json' does not exist according to earlier cached lookups.
File 'd:/DOPAMS/Toystack/dopams-backend-staging/node_modules/winston/lib/package.json' does not exist according to earlier cached lookups.
File 'd:/DOPAMS/Toystack/dopams-backend-staging/node_modules/winston/package.json' exists according to earlier cached lookups.
======== Resolving type reference directive 'node', containing file 'd:/DOPAMS/Toystack/dopams-backend-staging/node_modules/winston/lib/winston/transports/index.d.ts', root directory 'd:/DOPAMS/Toystack/dopams-backend-staging/node_modules/@types,d:/DOPAMS/Toystack/node_modules/@types,d:/DOPAMS/node_modules/@types,d:/node_modules/@types'. ========
Resolving with primary search path 'd:/DOPAMS/Toystack/dopams-backend-staging/node_modules/@types, d:/DOPAMS/Toystack/node_modules/@types, d:/DOPAMS/node_modules/@types, d:/node_modules/@types'.
File 'd:/DOPAMS/Toystack/dopams-backend-staging/node_modules/@types/node/package.json' exists according to earlier cached lookups.
'package.json' does not have a 'typings' field.
'package.json' has 'types' field 'index.d.ts' that references 'd:/DOPAMS/Toystack/dopams-backend-staging/node_modules/@types/node/index.d.ts'.
File 'd:/DOPAMS/Toystack/dopams-backend-staging/node_modules/@types/node/index.d.ts' exists - use it as a name resolution result.
Resolving real path for 'd:/DOPAMS/Toystack/dopams-backend-staging/node_modules/@types/node/index.d.ts', result 'D:/DOPAMS/Toystack/dopams-backend-staging/node_modules/@types/node/index.d.ts'.
======== Type reference directive 'node' was successfully resolved to 'd:/DOPAMS/Toystack/dopams-backend-staging/node_modules/@types/node/index.d.ts' with Package ID '@types/node/index.d.ts@22.19.10', primary: true. ========
======== Resolving module 'http' from 'd:/DOPAMS/Toystack/dopams-backend-staging/node_modules/winston/lib/winston/transports/index.d.ts'. ========
Explicitly specified module resolution kind: 'Node10'.
'baseUrl' option is set to 'd:/DOPAMS/Toystack/dopams-backend-staging/src', using this value to resolve non-relative module name 'http'.
'paths' option is specified, looking for a pattern to match module name 'http'.
'baseUrl' option is set to 'd:/DOPAMS/Toystack/dopams-backend-staging/src', using this value to resolve non-relative module name 'http'.
Resolving module name 'http' relative to base url 'd:/DOPAMS/Toystack/dopams-backend-staging/src' - 'd:/DOPAMS/Toystack/dopams-backend-staging/src/http'.
Loading module as file / folder, candidate module location 'd:/DOPAMS/Toystack/dopams-backend-staging/src/http', target file types: TypeScript, Declaration.
File 'd:/DOPAMS/Toystack/dopams-backend-staging/src/http.ts' does not exist.
File 'd:/DOPAMS/Toystack/dopams-backend-staging/src/http.tsx' does not exist.
File 'd:/DOPAMS/Toystack/dopams-backend-staging/src/http.d.ts' does not exist.
Directory 'd:/DOPAMS/Toystack/dopams-backend-staging/src/http' does not exist, skipping all lookups in it.
Loading module 'http' from 'node_modules' folder, target file types: TypeScript, Declaration.
Searching all ancestor node_modules directories for preferred extensions: TypeScript, Declaration.
Directory 'd:/DOPAMS/Toystack/dopams-backend-staging/node_modules/winston/lib/winston/transports/node_modules' does not exist, skipping all lookups in it.
Directory 'd:/DOPAMS/Toystack/dopams-backend-staging/node_modules/winston/lib/winston/node_modules' does not exist, skipping all lookups in it.
Directory 'd:/DOPAMS/Toystack/dopams-backend-staging/node_modules/winston/lib/node_modules' does not exist, skipping all lookups in it.
File 'd:/DOPAMS/Toystack/dopams-backend-staging/node_modules/winston/node_modules/http.ts' does not exist.
File 'd:/DOPAMS/Toystack/dopams-backend-staging/node_modules/winston/node_modules/http.tsx' does not exist.
File 'd:/DOPAMS/Toystack/dopams-backend-staging/node_modules/winston/node_modules/http.d.ts' does not exist.
Directory 'd:/DOPAMS/Toystack/dopams-backend-staging/node_modules/winston/node_modules/@types' does not exist, skipping all lookups in it.
Resolution for module 'http' was found in cache from location 'd:/DOPAMS/Toystack/dopams-backend-staging'.
======== Module name 'http' was not resolved. ========
======== Resolving module 'winston-transport' from 'd:/DOPAMS/Toystack/dopams-backend-staging/node_modules/winston/lib/winston/transports/index.d.ts'. ========
Explicitly specified module resolution kind: 'Node10'.
'baseUrl' option is set to 'd:/DOPAMS/Toystack/dopams-backend-staging/src', using this value to resolve non-relative module name 'winston-transport'.
'paths' option is specified, looking for a pattern to match module name 'winston-transport'.
'baseUrl' option is set to 'd:/DOPAMS/Toystack/dopams-backend-staging/src', using this value to resolve non-relative module name 'winston-transport'.
Resolving module name 'winston-transport' relative to base url 'd:/DOPAMS/Toystack/dopams-backend-staging/src' - 'd:/DOPAMS/Toystack/dopams-backend-staging/src/winston-transport'.
Loading module as file / folder, candidate module location 'd:/DOPAMS/Toystack/dopams-backend-staging/src/winston-transport', target file types: TypeScript, Declaration.
File 'd:/DOPAMS/Toystack/dopams-backend-staging/src/winston-transport.ts' does not exist.
File 'd:/DOPAMS/Toystack/dopams-backend-staging/src/winston-transport.tsx' does not exist.
File 'd:/DOPAMS/Toystack/dopams-backend-staging/src/winston-transport.d.ts' does not exist.
Directory 'd:/DOPAMS/Toystack/dopams-backend-staging/src/winston-transport' does not exist, skipping all lookups in it.
Loading module 'winston-transport' from 'node_modules' folder, target file types: TypeScript, Declaration.
Searching all ancestor node_modules directories for preferred extensions: TypeScript, Declaration.
Directory 'd:/DOPAMS/Toystack/dopams-backend-staging/node_modules/winston/lib/winston/transports/node_modules' does not exist, skipping all lookups in it.
Directory 'd:/DOPAMS/Toystack/dopams-backend-staging/node_modules/winston/lib/winston/node_modules' does not exist, skipping all lookups in it.
Directory 'd:/DOPAMS/Toystack/dopams-backend-staging/node_modules/winston/lib/node_modules' does not exist, skipping all lookups in it.
Resolution for module 'winston-transport' was found in cache from location 'd:/DOPAMS/Toystack/dopams-backend-staging/node_modules/winston'.
======== Module name 'winston-transport' was successfully resolved to 'd:/DOPAMS/Toystack/dopams-backend-staging/node_modules/winston-transport/index.d.ts' with Package ID 'winston-transport/index.d.ts@4.9.0'. ========
======== Resolving module '@sendgrid/mail' from 'd:/DOPAMS/Toystack/dopams-backend-staging/src/utils/sendgrid/index.ts'. ========
Explicitly specified module resolution kind: 'Node10'.
'baseUrl' option is set to 'd:/DOPAMS/Toystack/dopams-backend-staging/src', using this value to resolve non-relative module name '@sendgrid/mail'.
'paths' option is specified, looking for a pattern to match module name '@sendgrid/mail'.
'baseUrl' option is set to 'd:/DOPAMS/Toystack/dopams-backend-staging/src', using this value to resolve non-relative module name '@sendgrid/mail'.
Resolving module name '@sendgrid/mail' relative to base url 'd:/DOPAMS/Toystack/dopams-backend-staging/src' - 'd:/DOPAMS/Toystack/dopams-backend-staging/src/@sendgrid/mail'.
Loading module as file / folder, candidate module location 'd:/DOPAMS/Toystack/dopams-backend-staging/src/@sendgrid/mail', target file types: TypeScript, Declaration.
Loading module '@sendgrid/mail' from 'node_modules' folder, target file types: TypeScript, Declaration.
Searching all ancestor node_modules directories for preferred extensions: TypeScript, Declaration.
Directory 'd:/DOPAMS/Toystack/dopams-backend-staging/src/utils/sendgrid/node_modules' does not exist, skipping all lookups in it.
Scoped package detected, looking in 'sendgrid__mail'
Directory 'd:/DOPAMS/Toystack/dopams-backend-staging/src/utils/node_modules' does not exist, skipping all lookups in it.
Scoped package detected, looking in 'sendgrid__mail'
Directory 'd:/DOPAMS/Toystack/dopams-backend-staging/src/node_modules' does not exist, skipping all lookups in it.
Scoped package detected, looking in 'sendgrid__mail'
Found 'package.json' at 'd:/DOPAMS/Toystack/dopams-backend-staging/node_modules/@sendgrid/mail/package.json'.
File 'd:/DOPAMS/Toystack/dopams-backend-staging/node_modules/@sendgrid/mail.ts' does not exist.
File 'd:/DOPAMS/Toystack/dopams-backend-staging/node_modules/@sendgrid/mail.tsx' does not exist.
File 'd:/DOPAMS/Toystack/dopams-backend-staging/node_modules/@sendgrid/mail.d.ts' does not exist.
'package.json' does not have a 'typesVersions' field.
'package.json' does not have a 'typings' field.
'package.json' does not have a 'types' field.
'package.json' has 'main' field 'index.js' that references 'd:/DOPAMS/Toystack/dopams-backend-staging/node_modules/@sendgrid/mail/index.js'.
File name 'd:/DOPAMS/Toystack/dopams-backend-staging/node_modules/@sendgrid/mail/index.js' has a '.js' extension - stripping it.
File 'd:/DOPAMS/Toystack/dopams-backend-staging/node_modules/@sendgrid/mail/index.ts' does not exist.
File 'd:/DOPAMS/Toystack/dopams-backend-staging/node_modules/@sendgrid/mail/index.tsx' does not exist.
File 'd:/DOPAMS/Toystack/dopams-backend-staging/node_modules/@sendgrid/mail/index.d.ts' exists - use it as a name resolution result.
'package.json' does not have a 'peerDependencies' field.
Resolving real path for 'd:/DOPAMS/Toystack/dopams-backend-staging/node_modules/@sendgrid/mail/index.d.ts', result 'D:/DOPAMS/Toystack/dopams-backend-staging/node_modules/@sendgrid/mail/index.d.ts'.
======== Module name '@sendgrid/mail' was successfully resolved to 'd:/DOPAMS/Toystack/dopams-backend-staging/node_modules/@sendgrid/mail/index.d.ts' with Package ID '@sendgrid/mail/index.d.ts@8.1.6'. ========
======== Resolving module 'dotenv' from 'd:/DOPAMS/Toystack/dopams-backend-staging/src/utils/sendgrid/index.ts'. ========
Explicitly specified module resolution kind: 'Node10'.
'baseUrl' option is set to 'd:/DOPAMS/Toystack/dopams-backend-staging/src', using this value to resolve non-relative module name 'dotenv'.
'paths' option is specified, looking for a pattern to match module name 'dotenv'.
'baseUrl' option is set to 'd:/DOPAMS/Toystack/dopams-backend-staging/src', using this value to resolve non-relative module name 'dotenv'.
Resolving module name 'dotenv' relative to base url 'd:/DOPAMS/Toystack/dopams-backend-staging/src' - 'd:/DOPAMS/Toystack/dopams-backend-staging/src/dotenv'.
Loading module as file / folder, candidate module location 'd:/DOPAMS/Toystack/dopams-backend-staging/src/dotenv', target file types: TypeScript, Declaration.
File 'd:/DOPAMS/Toystack/dopams-backend-staging/src/dotenv.ts' does not exist.
File 'd:/DOPAMS/Toystack/dopams-backend-staging/src/dotenv.tsx' does not exist.
File 'd:/DOPAMS/Toystack/dopams-backend-staging/src/dotenv.d.ts' does not exist.
Directory 'd:/DOPAMS/Toystack/dopams-backend-staging/src/dotenv' does not exist, skipping all lookups in it.
Loading module 'dotenv' from 'node_modules' folder, target file types: TypeScript, Declaration.
Searching all ancestor node_modules directories for preferred extensions: TypeScript, Declaration.
Directory 'd:/DOPAMS/Toystack/dopams-backend-staging/src/utils/sendgrid/node_modules' does not exist, skipping all lookups in it.
Resolution for module 'dotenv' was found in cache from location 'd:/DOPAMS/Toystack/dopams-backend-staging/src/utils'.
======== Module name 'dotenv' was successfully resolved to 'd:/DOPAMS/Toystack/dopams-backend-staging/node_modules/dotenv/lib/main.d.ts' with Package ID 'dotenv/lib/main.d.ts@16.6.1'. ========
File 'd:/DOPAMS/Toystack/dopams-backend-staging/node_modules/@sendgrid/mail/package.json' exists according to earlier cached lookups.
======== Resolving module '@sendgrid/mail/src/mail' from 'd:/DOPAMS/Toystack/dopams-backend-staging/node_modules/@sendgrid/mail/index.d.ts'. ========
Explicitly specified module resolution kind: 'Node10'.
'baseUrl' option is set to 'd:/DOPAMS/Toystack/dopams-backend-staging/src', using this value to resolve non-relative module name '@sendgrid/mail/src/mail'.
'paths' option is specified, looking for a pattern to match module name '@sendgrid/mail/src/mail'.
'baseUrl' option is set to 'd:/DOPAMS/Toystack/dopams-backend-staging/src', using this value to resolve non-relative module name '@sendgrid/mail/src/mail'.
Resolving module name '@sendgrid/mail/src/mail' relative to base url 'd:/DOPAMS/Toystack/dopams-backend-staging/src' - 'd:/DOPAMS/Toystack/dopams-backend-staging/src/@sendgrid/mail/src/mail'.
Loading module as file / folder, candidate module location 'd:/DOPAMS/Toystack/dopams-backend-staging/src/@sendgrid/mail/src/mail', target file types: TypeScript, Declaration.
Loading module '@sendgrid/mail/src/mail' from 'node_modules' folder, target file types: TypeScript, Declaration.
Searching all ancestor node_modules directories for preferred extensions: TypeScript, Declaration.
Directory 'd:/DOPAMS/Toystack/dopams-backend-staging/node_modules/@sendgrid/mail/node_modules' does not exist, skipping all lookups in it.
Scoped package detected, looking in 'sendgrid__mail/src/mail'
Directory 'd:/DOPAMS/Toystack/dopams-backend-staging/node_modules/@sendgrid/node_modules' does not exist, skipping all lookups in it.
Scoped package detected, looking in 'sendgrid__mail/src/mail'
File 'd:/DOPAMS/Toystack/dopams-backend-staging/node_modules/@sendgrid/mail/package.json' exists according to earlier cached lookups.
File 'd:/DOPAMS/Toystack/dopams-backend-staging/node_modules/@sendgrid/mail/src/mail.ts' does not exist.
File 'd:/DOPAMS/Toystack/dopams-backend-staging/node_modules/@sendgrid/mail/src/mail.tsx' does not exist.
File 'd:/DOPAMS/Toystack/dopams-backend-staging/node_modules/@sendgrid/mail/src/mail.d.ts' exists - use it as a name resolution result.
Resolving real path for 'd:/DOPAMS/Toystack/dopams-backend-staging/node_modules/@sendgrid/mail/src/mail.d.ts', result 'D:/DOPAMS/Toystack/dopams-backend-staging/node_modules/@sendgrid/mail/src/mail.d.ts'.
======== Module name '@sendgrid/mail/src/mail' was successfully resolved to 'd:/DOPAMS/Toystack/dopams-backend-staging/node_modules/@sendgrid/mail/src/mail.d.ts' with Package ID '@sendgrid/mail/src/mail.d.ts@8.1.6'. ========
File 'd:/DOPAMS/Toystack/dopams-backend-staging/node_modules/@sendgrid/mail/src/package.json' does not exist.
File 'd:/DOPAMS/Toystack/dopams-backend-staging/node_modules/@sendgrid/mail/package.json' exists according to earlier cached lookups.
======== Resolving module '@sendgrid/client' from 'd:/DOPAMS/Toystack/dopams-backend-staging/node_modules/@sendgrid/mail/src/mail.d.ts'. ========
Explicitly specified module resolution kind: 'Node10'.
'baseUrl' option is set to 'd:/DOPAMS/Toystack/dopams-backend-staging/src', using this value to resolve non-relative module name '@sendgrid/client'.
'paths' option is specified, looking for a pattern to match module name '@sendgrid/client'.
'baseUrl' option is set to 'd:/DOPAMS/Toystack/dopams-backend-staging/src', using this value to resolve non-relative module name '@sendgrid/client'.
Resolving module name '@sendgrid/client' relative to base url 'd:/DOPAMS/Toystack/dopams-backend-staging/src' - 'd:/DOPAMS/Toystack/dopams-backend-staging/src/@sendgrid/client'.
Loading module as file / folder, candidate module location 'd:/DOPAMS/Toystack/dopams-backend-staging/src/@sendgrid/client', target file types: TypeScript, Declaration.
Loading module '@sendgrid/client' from 'node_modules' folder, target file types: TypeScript, Declaration.
Searching all ancestor node_modules directories for preferred extensions: TypeScript, Declaration.
Directory 'd:/DOPAMS/Toystack/dopams-backend-staging/node_modules/@sendgrid/mail/src/node_modules' does not exist, skipping all lookups in it.
Scoped package detected, looking in 'sendgrid__client'
Directory 'd:/DOPAMS/Toystack/dopams-backend-staging/node_modules/@sendgrid/mail/node_modules' does not exist, skipping all lookups in it.
Scoped package detected, looking in 'sendgrid__client'
Directory 'd:/DOPAMS/Toystack/dopams-backend-staging/node_modules/@sendgrid/node_modules' does not exist, skipping all lookups in it.
Scoped package detected, looking in 'sendgrid__client'
Found 'package.json' at 'd:/DOPAMS/Toystack/dopams-backend-staging/node_modules/@sendgrid/client/package.json'.
File 'd:/DOPAMS/Toystack/dopams-backend-staging/node_modules/@sendgrid/client.ts' does not exist.
File 'd:/DOPAMS/Toystack/dopams-backend-staging/node_modules/@sendgrid/client.tsx' does not exist.
File 'd:/DOPAMS/Toystack/dopams-backend-staging/node_modules/@sendgrid/client.d.ts' does not exist.
'package.json' does not have a 'typesVersions' field.
'package.json' does not have a 'typings' field.
'package.json' does not have a 'types' field.
'package.json' has 'main' field 'index.js' that references 'd:/DOPAMS/Toystack/dopams-backend-staging/node_modules/@sendgrid/client/index.js'.
File name 'd:/DOPAMS/Toystack/dopams-backend-staging/node_modules/@sendgrid/client/index.js' has a '.js' extension - stripping it.
File 'd:/DOPAMS/Toystack/dopams-backend-staging/node_modules/@sendgrid/client/index.ts' does not exist.
File 'd:/DOPAMS/Toystack/dopams-backend-staging/node_modules/@sendgrid/client/index.tsx' does not exist.
File 'd:/DOPAMS/Toystack/dopams-backend-staging/node_modules/@sendgrid/client/index.d.ts' exists - use it as a name resolution result.
'package.json' does not have a 'peerDependencies' field.
Resolving real path for 'd:/DOPAMS/Toystack/dopams-backend-staging/node_modules/@sendgrid/client/index.d.ts', result 'D:/DOPAMS/Toystack/dopams-backend-staging/node_modules/@sendgrid/client/index.d.ts'.
======== Module name '@sendgrid/client' was successfully resolved to 'd:/DOPAMS/Toystack/dopams-backend-staging/node_modules/@sendgrid/client/index.d.ts' with Package ID '@sendgrid/client/index.d.ts@8.1.6'. ========
======== Resolving module '@sendgrid/client/src/response' from 'd:/DOPAMS/Toystack/dopams-backend-staging/node_modules/@sendgrid/mail/src/mail.d.ts'. ========
Explicitly specified module resolution kind: 'Node10'.
'baseUrl' option is set to 'd:/DOPAMS/Toystack/dopams-backend-staging/src', using this value to resolve non-relative module name '@sendgrid/client/src/response'.
'paths' option is specified, looking for a pattern to match module name '@sendgrid/client/src/response'.
'baseUrl' option is set to 'd:/DOPAMS/Toystack/dopams-backend-staging/src', using this value to resolve non-relative module name '@sendgrid/client/src/response'.
Resolving module name '@sendgrid/client/src/response' relative to base url 'd:/DOPAMS/Toystack/dopams-backend-staging/src' - 'd:/DOPAMS/Toystack/dopams-backend-staging/src/@sendgrid/client/src/response'.
Loading module as file / folder, candidate module location 'd:/DOPAMS/Toystack/dopams-backend-staging/src/@sendgrid/client/src/response', target file types: TypeScript, Declaration.
Loading module '@sendgrid/client/src/response' from 'node_modules' folder, target file types: TypeScript, Declaration.
Searching all ancestor node_modules directories for preferred extensions: TypeScript, Declaration.
Directory 'd:/DOPAMS/Toystack/dopams-backend-staging/node_modules/@sendgrid/mail/src/node_modules' does not exist, skipping all lookups in it.
Scoped package detected, looking in 'sendgrid__client/src/response'
Directory 'd:/DOPAMS/Toystack/dopams-backend-staging/node_modules/@sendgrid/mail/node_modules' does not exist, skipping all lookups in it.
Scoped package detected, looking in 'sendgrid__client/src/response'
Directory 'd:/DOPAMS/Toystack/dopams-backend-staging/node_modules/@sendgrid/node_modules' does not exist, skipping all lookups in it.
Scoped package detected, looking in 'sendgrid__client/src/response'
File 'd:/DOPAMS/Toystack/dopams-backend-staging/node_modules/@sendgrid/client/package.json' exists according to earlier cached lookups.
File 'd:/DOPAMS/Toystack/dopams-backend-staging/node_modules/@sendgrid/client/src/response.ts' does not exist.
File 'd:/DOPAMS/Toystack/dopams-backend-staging/node_modules/@sendgrid/client/src/response.tsx' does not exist.
File 'd:/DOPAMS/Toystack/dopams-backend-staging/node_modules/@sendgrid/client/src/response.d.ts' exists - use it as a name resolution result.
Resolving real path for 'd:/DOPAMS/Toystack/dopams-backend-staging/node_modules/@sendgrid/client/src/response.d.ts', result 'D:/DOPAMS/Toystack/dopams-backend-staging/node_modules/@sendgrid/client/src/response.d.ts'.
======== Module name '@sendgrid/client/src/response' was successfully resolved to 'd:/DOPAMS/Toystack/dopams-backend-staging/node_modules/@sendgrid/client/src/response.d.ts' with Package ID '@sendgrid/client/src/response.d.ts@8.1.6'. ========
======== Resolving module '@sendgrid/helpers/classes' from 'd:/DOPAMS/Toystack/dopams-backend-staging/node_modules/@sendgrid/mail/src/mail.d.ts'. ========
Explicitly specified module resolution kind: 'Node10'.
'baseUrl' option is set to 'd:/DOPAMS/Toystack/dopams-backend-staging/src', using this value to resolve non-relative module name '@sendgrid/helpers/classes'.
'paths' option is specified, looking for a pattern to match module name '@sendgrid/helpers/classes'.
'baseUrl' option is set to 'd:/DOPAMS/Toystack/dopams-backend-staging/src', using this value to resolve non-relative module name '@sendgrid/helpers/classes'.
Resolving module name '@sendgrid/helpers/classes' relative to base url 'd:/DOPAMS/Toystack/dopams-backend-staging/src' - 'd:/DOPAMS/Toystack/dopams-backend-staging/src/@sendgrid/helpers/classes'.
Loading module as file / folder, candidate module location 'd:/DOPAMS/Toystack/dopams-backend-staging/src/@sendgrid/helpers/classes', target file types: TypeScript, Declaration.
Loading module '@sendgrid/helpers/classes' from 'node_modules' folder, target file types: TypeScript, Declaration.
Searching all ancestor node_modules directories for preferred extensions: TypeScript, Declaration.
Directory 'd:/DOPAMS/Toystack/dopams-backend-staging/node_modules/@sendgrid/mail/src/node_modules' does not exist, skipping all lookups in it.
Scoped package detected, looking in 'sendgrid__helpers/classes'
Directory 'd:/DOPAMS/Toystack/dopams-backend-staging/node_modules/@sendgrid/mail/node_modules' does not exist, skipping all lookups in it.
Scoped package detected, looking in 'sendgrid__helpers/classes'
Directory 'd:/DOPAMS/Toystack/dopams-backend-staging/node_modules/@sendgrid/node_modules' does not exist, skipping all lookups in it.
Scoped package detected, looking in 'sendgrid__helpers/classes'
File 'd:/DOPAMS/Toystack/dopams-backend-staging/node_modules/@sendgrid/helpers/classes/package.json' does not exist.
Found 'package.json' at 'd:/DOPAMS/Toystack/dopams-backend-staging/node_modules/@sendgrid/helpers/package.json'.
'package.json' does not have a 'typesVersions' field.
File 'd:/DOPAMS/Toystack/dopams-backend-staging/node_modules/@sendgrid/helpers/classes.ts' does not exist.
File 'd:/DOPAMS/Toystack/dopams-backend-staging/node_modules/@sendgrid/helpers/classes.tsx' does not exist.
File 'd:/DOPAMS/Toystack/dopams-backend-staging/node_modules/@sendgrid/helpers/classes.d.ts' does not exist.
File 'd:/DOPAMS/Toystack/dopams-backend-staging/node_modules/@sendgrid/helpers/classes/index.ts' does not exist.
File 'd:/DOPAMS/Toystack/dopams-backend-staging/node_modules/@sendgrid/helpers/classes/index.tsx' does not exist.
File 'd:/DOPAMS/Toystack/dopams-backend-staging/node_modules/@sendgrid/helpers/classes/index.d.ts' exists - use it as a name resolution result.
'package.json' does not have a 'peerDependencies' field.
Resolving real path for 'd:/DOPAMS/Toystack/dopams-backend-staging/node_modules/@sendgrid/helpers/classes/index.d.ts', result 'D:/DOPAMS/Toystack/dopams-backend-staging/node_modules/@sendgrid/helpers/classes/index.d.ts'.
======== Module name '@sendgrid/helpers/classes' was successfully resolved to 'd:/DOPAMS/Toystack/dopams-backend-staging/node_modules/@sendgrid/helpers/classes/index.d.ts' with Package ID '@sendgrid/helpers/classes/index.d.ts@8.0.0'. ========
======== Resolving module '@sendgrid/helpers/classes/mail' from 'd:/DOPAMS/Toystack/dopams-backend-staging/node_modules/@sendgrid/mail/src/mail.d.ts'. ========
Explicitly specified module resolution kind: 'Node10'.
'baseUrl' option is set to 'd:/DOPAMS/Toystack/dopams-backend-staging/src', using this value to resolve non-relative module name '@sendgrid/helpers/classes/mail'.
'paths' option is specified, looking for a pattern to match module name '@sendgrid/helpers/classes/mail'.
'baseUrl' option is set to 'd:/DOPAMS/Toystack/dopams-backend-staging/src', using this value to resolve non-relative module name '@sendgrid/helpers/classes/mail'.
Resolving module name '@sendgrid/helpers/classes/mail' relative to base url 'd:/DOPAMS/Toystack/dopams-backend-staging/src' - 'd:/DOPAMS/Toystack/dopams-backend-staging/src/@sendgrid/helpers/classes/mail'.
Loading module as file / folder, candidate module location 'd:/DOPAMS/Toystack/dopams-backend-staging/src/@sendgrid/helpers/classes/mail', target file types: TypeScript, Declaration.
Loading module '@sendgrid/helpers/classes/mail' from 'node_modules' folder, target file types: TypeScript, Declaration.
Searching all ancestor node_modules directories for preferred extensions: TypeScript, Declaration.
Directory 'd:/DOPAMS/Toystack/dopams-backend-staging/node_modules/@sendgrid/mail/src/node_modules' does not exist, skipping all lookups in it.
Scoped package detected, looking in 'sendgrid__helpers/classes/mail'
Directory 'd:/DOPAMS/Toystack/dopams-backend-staging/node_modules/@sendgrid/mail/node_modules' does not exist, skipping all lookups in it.
Scoped package detected, looking in 'sendgrid__helpers/classes/mail'
Directory 'd:/DOPAMS/Toystack/dopams-backend-staging/node_modules/@sendgrid/node_modules' does not exist, skipping all lookups in it.
Scoped package detected, looking in 'sendgrid__helpers/classes/mail'
File 'd:/DOPAMS/Toystack/dopams-backend-staging/node_modules/@sendgrid/helpers/package.json' exists according to earlier cached lookups.
File 'd:/DOPAMS/Toystack/dopams-backend-staging/node_modules/@sendgrid/helpers/classes/mail.ts' does not exist.
File 'd:/DOPAMS/Toystack/dopams-backend-staging/node_modules/@sendgrid/helpers/classes/mail.tsx' does not exist.
File 'd:/DOPAMS/Toystack/dopams-backend-staging/node_modules/@sendgrid/helpers/classes/mail.d.ts' exists - use it as a name resolution result.
Resolving real path for 'd:/DOPAMS/Toystack/dopams-backend-staging/node_modules/@sendgrid/helpers/classes/mail.d.ts', result 'D:/DOPAMS/Toystack/dopams-backend-staging/node_modules/@sendgrid/helpers/classes/mail.d.ts'.
======== Module name '@sendgrid/helpers/classes/mail' was successfully resolved to 'd:/DOPAMS/Toystack/dopams-backend-staging/node_modules/@sendgrid/helpers/classes/mail.d.ts' with Package ID '@sendgrid/helpers/classes/mail.d.ts@8.0.0'. ========
File 'd:/DOPAMS/Toystack/dopams-backend-staging/node_modules/@sendgrid/client/package.json' exists according to earlier cached lookups.
======== Resolving module '@sendgrid/client/src/client' from 'd:/DOPAMS/Toystack/dopams-backend-staging/node_modules/@sendgrid/client/index.d.ts'. ========
Explicitly specified module resolution kind: 'Node10'.
'baseUrl' option is set to 'd:/DOPAMS/Toystack/dopams-backend-staging/src', using this value to resolve non-relative module name '@sendgrid/client/src/client'.
'paths' option is specified, looking for a pattern to match module name '@sendgrid/client/src/client'.
'baseUrl' option is set to 'd:/DOPAMS/Toystack/dopams-backend-staging/src', using this value to resolve non-relative module name '@sendgrid/client/src/client'.
Resolving module name '@sendgrid/client/src/client' relative to base url 'd:/DOPAMS/Toystack/dopams-backend-staging/src' - 'd:/DOPAMS/Toystack/dopams-backend-staging/src/@sendgrid/client/src/client'.
Loading module as file / folder, candidate module location 'd:/DOPAMS/Toystack/dopams-backend-staging/src/@sendgrid/client/src/client', target file types: TypeScript, Declaration.
Loading module '@sendgrid/client/src/client' from 'node_modules' folder, target file types: TypeScript, Declaration.
Searching all ancestor node_modules directories for preferred extensions: TypeScript, Declaration.
Directory 'd:/DOPAMS/Toystack/dopams-backend-staging/node_modules/@sendgrid/client/node_modules' does not exist, skipping all lookups in it.
Scoped package detected, looking in 'sendgrid__client/src/client'
Directory 'd:/DOPAMS/Toystack/dopams-backend-staging/node_modules/@sendgrid/node_modules' does not exist, skipping all lookups in it.
Scoped package detected, looking in 'sendgrid__client/src/client'
File 'd:/DOPAMS/Toystack/dopams-backend-staging/node_modules/@sendgrid/client/package.json' exists according to earlier cached lookups.
File 'd:/DOPAMS/Toystack/dopams-backend-staging/node_modules/@sendgrid/client/src/client.ts' does not exist.
File 'd:/DOPAMS/Toystack/dopams-backend-staging/node_modules/@sendgrid/client/src/client.tsx' does not exist.
File 'd:/DOPAMS/Toystack/dopams-backend-staging/node_modules/@sendgrid/client/src/client.d.ts' exists - use it as a name resolution result.
Resolving real path for 'd:/DOPAMS/Toystack/dopams-backend-staging/node_modules/@sendgrid/client/src/client.d.ts', result 'D:/DOPAMS/Toystack/dopams-backend-staging/node_modules/@sendgrid/client/src/client.d.ts'.
======== Module name '@sendgrid/client/src/client' was successfully resolved to 'd:/DOPAMS/Toystack/dopams-backend-staging/node_modules/@sendgrid/client/src/client.d.ts' with Package ID '@sendgrid/client/src/client.d.ts@8.1.6'. ========
File 'd:/DOPAMS/Toystack/dopams-backend-staging/node_modules/@sendgrid/client/src/package.json' does not exist.
File 'd:/DOPAMS/Toystack/dopams-backend-staging/node_modules/@sendgrid/client/package.json' exists according to earlier cached lookups.
======== Resolving module '@sendgrid/helpers/classes' from 'd:/DOPAMS/Toystack/dopams-backend-staging/node_modules/@sendgrid/client/src/client.d.ts'. ========
Explicitly specified module resolution kind: 'Node10'.
'baseUrl' option is set to 'd:/DOPAMS/Toystack/dopams-backend-staging/src', using this value to resolve non-relative module name '@sendgrid/helpers/classes'.
'paths' option is specified, looking for a pattern to match module name '@sendgrid/helpers/classes'.
'baseUrl' option is set to 'd:/DOPAMS/Toystack/dopams-backend-staging/src', using this value to resolve non-relative module name '@sendgrid/helpers/classes'.
Resolving module name '@sendgrid/helpers/classes' relative to base url 'd:/DOPAMS/Toystack/dopams-backend-staging/src' - 'd:/DOPAMS/Toystack/dopams-backend-staging/src/@sendgrid/helpers/classes'.
Loading module as file / folder, candidate module location 'd:/DOPAMS/Toystack/dopams-backend-staging/src/@sendgrid/helpers/classes', target file types: TypeScript, Declaration.
Loading module '@sendgrid/helpers/classes' from 'node_modules' folder, target file types: TypeScript, Declaration.
Searching all ancestor node_modules directories for preferred extensions: TypeScript, Declaration.
Directory 'd:/DOPAMS/Toystack/dopams-backend-staging/node_modules/@sendgrid/client/src/node_modules' does not exist, skipping all lookups in it.
Scoped package detected, looking in 'sendgrid__helpers/classes'
Directory 'd:/DOPAMS/Toystack/dopams-backend-staging/node_modules/@sendgrid/client/node_modules' does not exist, skipping all lookups in it.
Scoped package detected, looking in 'sendgrid__helpers/classes'
Resolution for module '@sendgrid/helpers/classes' was found in cache from location 'd:/DOPAMS/Toystack/dopams-backend-staging/node_modules/@sendgrid'.
======== Module name '@sendgrid/helpers/classes' was successfully resolved to 'd:/DOPAMS/Toystack/dopams-backend-staging/node_modules/@sendgrid/helpers/classes/index.d.ts' with Package ID '@sendgrid/helpers/classes/index.d.ts@8.0.0'. ========
======== Resolving module '@sendgrid/client/src/request' from 'd:/DOPAMS/Toystack/dopams-backend-staging/node_modules/@sendgrid/client/src/client.d.ts'. ========
Explicitly specified module resolution kind: 'Node10'.
'baseUrl' option is set to 'd:/DOPAMS/Toystack/dopams-backend-staging/src', using this value to resolve non-relative module name '@sendgrid/client/src/request'.
'paths' option is specified, looking for a pattern to match module name '@sendgrid/client/src/request'.
'baseUrl' option is set to 'd:/DOPAMS/Toystack/dopams-backend-staging/src', using this value to resolve non-relative module name '@sendgrid/client/src/request'.
Resolving module name '@sendgrid/client/src/request' relative to base url 'd:/DOPAMS/Toystack/dopams-backend-staging/src' - 'd:/DOPAMS/Toystack/dopams-backend-staging/src/@sendgrid/client/src/request'.
Loading module as file / folder, candidate module location 'd:/DOPAMS/Toystack/dopams-backend-staging/src/@sendgrid/client/src/request', target file types: TypeScript, Declaration.
Loading module '@sendgrid/client/src/request' from 'node_modules' folder, target file types: TypeScript, Declaration.
Searching all ancestor node_modules directories for preferred extensions: TypeScript, Declaration.
Directory 'd:/DOPAMS/Toystack/dopams-backend-staging/node_modules/@sendgrid/client/src/node_modules' does not exist, skipping all lookups in it.
Scoped package detected, looking in 'sendgrid__client/src/request'
Directory 'd:/DOPAMS/Toystack/dopams-backend-staging/node_modules/@sendgrid/client/node_modules' does not exist, skipping all lookups in it.
Scoped package detected, looking in 'sendgrid__client/src/request'
Directory 'd:/DOPAMS/Toystack/dopams-backend-staging/node_modules/@sendgrid/node_modules' does not exist, skipping all lookups in it.
Scoped package detected, looking in 'sendgrid__client/src/request'
File 'd:/DOPAMS/Toystack/dopams-backend-staging/node_modules/@sendgrid/client/package.json' exists according to earlier cached lookups.
File 'd:/DOPAMS/Toystack/dopams-backend-staging/node_modules/@sendgrid/client/src/request.ts' does not exist.
File 'd:/DOPAMS/Toystack/dopams-backend-staging/node_modules/@sendgrid/client/src/request.tsx' does not exist.
File 'd:/DOPAMS/Toystack/dopams-backend-staging/node_modules/@sendgrid/client/src/request.d.ts' exists - use it as a name resolution result.
Resolving real path for 'd:/DOPAMS/Toystack/dopams-backend-staging/node_modules/@sendgrid/client/src/request.d.ts', result 'D:/DOPAMS/Toystack/dopams-backend-staging/node_modules/@sendgrid/client/src/request.d.ts'.
======== Module name '@sendgrid/client/src/request' was successfully resolved to 'd:/DOPAMS/Toystack/dopams-backend-staging/node_modules/@sendgrid/client/src/request.d.ts' with Package ID '@sendgrid/client/src/request.d.ts@8.1.6'. ========
======== Resolving module '@sendgrid/client/src/response' from 'd:/DOPAMS/Toystack/dopams-backend-staging/node_modules/@sendgrid/client/src/client.d.ts'. ========
Explicitly specified module resolution kind: 'Node10'.
'baseUrl' option is set to 'd:/DOPAMS/Toystack/dopams-backend-staging/src', using this value to resolve non-relative module name '@sendgrid/client/src/response'.
'paths' option is specified, looking for a pattern to match module name '@sendgrid/client/src/response'.
'baseUrl' option is set to 'd:/DOPAMS/Toystack/dopams-backend-staging/src', using this value to resolve non-relative module name '@sendgrid/client/src/response'.
Resolving module name '@sendgrid/client/src/response' relative to base url 'd:/DOPAMS/Toystack/dopams-backend-staging/src' - 'd:/DOPAMS/Toystack/dopams-backend-staging/src/@sendgrid/client/src/response'.
Loading module as file / folder, candidate module location 'd:/DOPAMS/Toystack/dopams-backend-staging/src/@sendgrid/client/src/response', target file types: TypeScript, Declaration.
Loading module '@sendgrid/client/src/response' from 'node_modules' folder, target file types: TypeScript, Declaration.
Searching all ancestor node_modules directories for preferred extensions: TypeScript, Declaration.
Directory 'd:/DOPAMS/Toystack/dopams-backend-staging/node_modules/@sendgrid/client/src/node_modules' does not exist, skipping all lookups in it.
Scoped package detected, looking in 'sendgrid__client/src/response'
Directory 'd:/DOPAMS/Toystack/dopams-backend-staging/node_modules/@sendgrid/client/node_modules' does not exist, skipping all lookups in it.
Scoped package detected, looking in 'sendgrid__client/src/response'
Resolution for module '@sendgrid/client/src/response' was found in cache from location 'd:/DOPAMS/Toystack/dopams-backend-staging/node_modules/@sendgrid'.
======== Module name '@sendgrid/client/src/response' was successfully resolved to 'd:/DOPAMS/Toystack/dopams-backend-staging/node_modules/@sendgrid/client/src/response.d.ts' with Package ID '@sendgrid/client/src/response.d.ts@8.1.6'. ========
File 'd:/DOPAMS/Toystack/dopams-backend-staging/node_modules/@sendgrid/helpers/classes/package.json' does not exist according to earlier cached lookups.
File 'd:/DOPAMS/Toystack/dopams-backend-staging/node_modules/@sendgrid/helpers/package.json' exists according to earlier cached lookups.
======== Resolving module '@sendgrid/helpers/classes/attachment' from 'd:/DOPAMS/Toystack/dopams-backend-staging/node_modules/@sendgrid/helpers/classes/index.d.ts'. ========
Explicitly specified module resolution kind: 'Node10'.
'baseUrl' option is set to 'd:/DOPAMS/Toystack/dopams-backend-staging/src', using this value to resolve non-relative module name '@sendgrid/helpers/classes/attachment'.
'paths' option is specified, looking for a pattern to match module name '@sendgrid/helpers/classes/attachment'.
'baseUrl' option is set to 'd:/DOPAMS/Toystack/dopams-backend-staging/src', using this value to resolve non-relative module name '@sendgrid/helpers/classes/attachment'.
Resolving module name '@sendgrid/helpers/classes/attachment' relative to base url 'd:/DOPAMS/Toystack/dopams-backend-staging/src' - 'd:/DOPAMS/Toystack/dopams-backend-staging/src/@sendgrid/helpers/classes/attachment'.
Loading module as file / folder, candidate module location 'd:/DOPAMS/Toystack/dopams-backend-staging/src/@sendgrid/helpers/classes/attachment', target file types: TypeScript, Declaration.
Loading module '@sendgrid/helpers/classes/attachment' from 'node_modules' folder, target file types: TypeScript, Declaration.
Searching all ancestor node_modules directories for preferred extensions: TypeScript, Declaration.
Directory 'd:/DOPAMS/Toystack/dopams-backend-staging/node_modules/@sendgrid/helpers/classes/node_modules' does not exist, skipping all lookups in it.
Scoped package detected, looking in 'sendgrid__helpers/classes/attachment'
Directory 'd:/DOPAMS/Toystack/dopams-backend-staging/node_modules/@sendgrid/helpers/node_modules' does not exist, skipping all lookups in it.
Scoped package detected, looking in 'sendgrid__helpers/classes/attachment'
Directory 'd:/DOPAMS/Toystack/dopams-backend-staging/node_modules/@sendgrid/node_modules' does not exist, skipping all lookups in it.
Scoped package detected, looking in 'sendgrid__helpers/classes/attachment'
File 'd:/DOPAMS/Toystack/dopams-backend-staging/node_modules/@sendgrid/helpers/package.json' exists according to earlier cached lookups.
File 'd:/DOPAMS/Toystack/dopams-backend-staging/node_modules/@sendgrid/helpers/classes/attachment.ts' does not exist.
File 'd:/DOPAMS/Toystack/dopams-backend-staging/node_modules/@sendgrid/helpers/classes/attachment.tsx' does not exist.
File 'd:/DOPAMS/Toystack/dopams-backend-staging/node_modules/@sendgrid/helpers/classes/attachment.d.ts' exists - use it as a name resolution result.
Resolving real path for 'd:/DOPAMS/Toystack/dopams-backend-staging/node_modules/@sendgrid/helpers/classes/attachment.d.ts', result 'D:/DOPAMS/Toystack/dopams-backend-staging/node_modules/@sendgrid/helpers/classes/attachment.d.ts'.
======== Module name '@sendgrid/helpers/classes/attachment' was successfully resolved to 'd:/DOPAMS/Toystack/dopams-backend-staging/node_modules/@sendgrid/helpers/classes/attachment.d.ts' with Package ID '@sendgrid/helpers/classes/attachment.d.ts@8.0.0'. ========
======== Resolving module '@sendgrid/helpers/classes/email-address' from 'd:/DOPAMS/Toystack/dopams-backend-staging/node_modules/@sendgrid/helpers/classes/index.d.ts'. ========
Explicitly specified module resolution kind: 'Node10'.
'baseUrl' option is set to 'd:/DOPAMS/Toystack/dopams-backend-staging/src', using this value to resolve non-relative module name '@sendgrid/helpers/classes/email-address'.
'paths' option is specified, looking for a pattern to match module name '@sendgrid/helpers/classes/email-address'.
'baseUrl' option is set to 'd:/DOPAMS/Toystack/dopams-backend-staging/src', using this value to resolve non-relative module name '@sendgrid/helpers/classes/email-address'.
Resolving module name '@sendgrid/helpers/classes/email-address' relative to base url 'd:/DOPAMS/Toystack/dopams-backend-staging/src' - 'd:/DOPAMS/Toystack/dopams-backend-staging/src/@sendgrid/helpers/classes/email-address'.
Loading module as file / folder, candidate module location 'd:/DOPAMS/Toystack/dopams-backend-staging/src/@sendgrid/helpers/classes/email-address', target file types: TypeScript, Declaration.
Loading module '@sendgrid/helpers/classes/email-address' from 'node_modules' folder, target file types: TypeScript, Declaration.
Searching all ancestor node_modules directories for preferred extensions: TypeScript, Declaration.
Directory 'd:/DOPAMS/Toystack/dopams-backend-staging/node_modules/@sendgrid/helpers/classes/node_modules' does not exist, skipping all lookups in it.
Scoped package detected, looking in 'sendgrid__helpers/classes/email-address'
Directory 'd:/DOPAMS/Toystack/dopams-backend-staging/node_modules/@sendgrid/helpers/node_modules' does not exist, skipping all lookups in it.
Scoped package detected, looking in 'sendgrid__helpers/classes/email-address'
Directory 'd:/DOPAMS/Toystack/dopams-backend-staging/node_modules/@sendgrid/node_modules' does not exist, skipping all lookups in it.
Scoped package detected, looking in 'sendgrid__helpers/classes/email-address'
File 'd:/DOPAMS/Toystack/dopams-backend-staging/node_modules/@sendgrid/helpers/package.json' exists according to earlier cached lookups.
File 'd:/DOPAMS/Toystack/dopams-backend-staging/node_modules/@sendgrid/helpers/classes/email-address.ts' does not exist.
File 'd:/DOPAMS/Toystack/dopams-backend-staging/node_modules/@sendgrid/helpers/classes/email-address.tsx' does not exist.
File 'd:/DOPAMS/Toystack/dopams-backend-staging/node_modules/@sendgrid/helpers/classes/email-address.d.ts' exists - use it as a name resolution result.
Resolving real path for 'd:/DOPAMS/Toystack/dopams-backend-staging/node_modules/@sendgrid/helpers/classes/email-address.d.ts', result 'D:/DOPAMS/Toystack/dopams-backend-staging/node_modules/@sendgrid/helpers/classes/email-address.d.ts'.
======== Module name '@sendgrid/helpers/classes/email-address' was successfully resolved to 'd:/DOPAMS/Toystack/dopams-backend-staging/node_modules/@sendgrid/helpers/classes/email-address.d.ts' with Package ID '@sendgrid/helpers/classes/email-address.d.ts@8.0.0'. ========
======== Resolving module '@sendgrid/helpers/classes/mail' from 'd:/DOPAMS/Toystack/dopams-backend-staging/node_modules/@sendgrid/helpers/classes/index.d.ts'. ========
Explicitly specified module resolution kind: 'Node10'.
'baseUrl' option is set to 'd:/DOPAMS/Toystack/dopams-backend-staging/src', using this value to resolve non-relative module name '@sendgrid/helpers/classes/mail'.
'paths' option is specified, looking for a pattern to match module name '@sendgrid/helpers/classes/mail'.
'baseUrl' option is set to 'd:/DOPAMS/Toystack/dopams-backend-staging/src', using this value to resolve non-relative module name '@sendgrid/helpers/classes/mail'.
Resolving module name '@sendgrid/helpers/classes/mail' relative to base url 'd:/DOPAMS/Toystack/dopams-backend-staging/src' - 'd:/DOPAMS/Toystack/dopams-backend-staging/src/@sendgrid/helpers/classes/mail'.
Loading module as file / folder, candidate module location 'd:/DOPAMS/Toystack/dopams-backend-staging/src/@sendgrid/helpers/classes/mail', target file types: TypeScript, Declaration.
Loading module '@sendgrid/helpers/classes/mail' from 'node_modules' folder, target file types: TypeScript, Declaration.
Searching all ancestor node_modules directories for preferred extensions: TypeScript, Declaration.
Directory 'd:/DOPAMS/Toystack/dopams-backend-staging/node_modules/@sendgrid/helpers/classes/node_modules' does not exist, skipping all lookups in it.
Scoped package detected, looking in 'sendgrid__helpers/classes/mail'
Directory 'd:/DOPAMS/Toystack/dopams-backend-staging/node_modules/@sendgrid/helpers/node_modules' does not exist, skipping all lookups in it.
Scoped package detected, looking in 'sendgrid__helpers/classes/mail'
Resolution for module '@sendgrid/helpers/classes/mail' was found in cache from location 'd:/DOPAMS/Toystack/dopams-backend-staging/node_modules/@sendgrid'.
======== Module name '@sendgrid/helpers/classes/mail' was successfully resolved to 'd:/DOPAMS/Toystack/dopams-backend-staging/node_modules/@sendgrid/helpers/classes/mail.d.ts' with Package ID '@sendgrid/helpers/classes/mail.d.ts@8.0.0'. ========
======== Resolving module '@sendgrid/helpers/classes/personalization' from 'd:/DOPAMS/Toystack/dopams-backend-staging/node_modules/@sendgrid/helpers/classes/index.d.ts'. ========
Explicitly specified module resolution kind: 'Node10'.
'baseUrl' option is set to 'd:/DOPAMS/Toystack/dopams-backend-staging/src', using this value to resolve non-relative module name '@sendgrid/helpers/classes/personalization'.
'paths' option is specified, looking for a pattern to match module name '@sendgrid/helpers/classes/personalization'.
'baseUrl' option is set to 'd:/DOPAMS/Toystack/dopams-backend-staging/src', using this value to resolve non-relative module name '@sendgrid/helpers/classes/personalization'.
Resolving module name '@sendgrid/helpers/classes/personalization' relative to base url 'd:/DOPAMS/Toystack/dopams-backend-staging/src' - 'd:/DOPAMS/Toystack/dopams-backend-staging/src/@sendgrid/helpers/classes/personalization'.
Loading module as file / folder, candidate module location 'd:/DOPAMS/Toystack/dopams-backend-staging/src/@sendgrid/helpers/classes/personalization', target file types: TypeScript, Declaration.
Loading module '@sendgrid/helpers/classes/personalization' from 'node_modules' folder, target file types: TypeScript, Declaration.
Searching all ancestor node_modules directories for preferred extensions: TypeScript, Declaration.
Directory 'd:/DOPAMS/Toystack/dopams-backend-staging/node_modules/@sendgrid/helpers/classes/node_modules' does not exist, skipping all lookups in it.
Scoped package detected, looking in 'sendgrid__helpers/classes/personalization'
Directory 'd:/DOPAMS/Toystack/dopams-backend-staging/node_modules/@sendgrid/helpers/node_modules' does not exist, skipping all lookups in it.
Scoped package detected, looking in 'sendgrid__helpers/classes/personalization'
Directory 'd:/DOPAMS/Toystack/dopams-backend-staging/node_modules/@sendgrid/node_modules' does not exist, skipping all lookups in it.
Scoped package detected, looking in 'sendgrid__helpers/classes/personalization'
File 'd:/DOPAMS/Toystack/dopams-backend-staging/node_modules/@sendgrid/helpers/package.json' exists according to earlier cached lookups.
File 'd:/DOPAMS/Toystack/dopams-backend-staging/node_modules/@sendgrid/helpers/classes/personalization.ts' does not exist.
File 'd:/DOPAMS/Toystack/dopams-backend-staging/node_modules/@sendgrid/helpers/classes/personalization.tsx' does not exist.
File 'd:/DOPAMS/Toystack/dopams-backend-staging/node_modules/@sendgrid/helpers/classes/personalization.d.ts' exists - use it as a name resolution result.
Resolving real path for 'd:/DOPAMS/Toystack/dopams-backend-staging/node_modules/@sendgrid/helpers/classes/personalization.d.ts', result 'D:/DOPAMS/Toystack/dopams-backend-staging/node_modules/@sendgrid/helpers/classes/personalization.d.ts'.
======== Module name '@sendgrid/helpers/classes/personalization' was successfully resolved to 'd:/DOPAMS/Toystack/dopams-backend-staging/node_modules/@sendgrid/helpers/classes/personalization.d.ts' with Package ID '@sendgrid/helpers/classes/personalization.d.ts@8.0.0'. ========
======== Resolving module '@sendgrid/helpers/classes/response' from 'd:/DOPAMS/Toystack/dopams-backend-staging/node_modules/@sendgrid/helpers/classes/index.d.ts'. ========
Explicitly specified module resolution kind: 'Node10'.
'baseUrl' option is set to 'd:/DOPAMS/Toystack/dopams-backend-staging/src', using this value to resolve non-relative module name '@sendgrid/helpers/classes/response'.
'paths' option is specified, looking for a pattern to match module name '@sendgrid/helpers/classes/response'.
'baseUrl' option is set to 'd:/DOPAMS/Toystack/dopams-backend-staging/src', using this value to resolve non-relative module name '@sendgrid/helpers/classes/response'.
Resolving module name '@sendgrid/helpers/classes/response' relative to base url 'd:/DOPAMS/Toystack/dopams-backend-staging/src' - 'd:/DOPAMS/Toystack/dopams-backend-staging/src/@sendgrid/helpers/classes/response'.
Loading module as file / folder, candidate module location 'd:/DOPAMS/Toystack/dopams-backend-staging/src/@sendgrid/helpers/classes/response', target file types: TypeScript, Declaration.
Loading module '@sendgrid/helpers/classes/response' from 'node_modules' folder, target file types: TypeScript, Declaration.
Searching all ancestor node_modules directories for preferred extensions: TypeScript, Declaration.
Directory 'd:/DOPAMS/Toystack/dopams-backend-staging/node_modules/@sendgrid/helpers/classes/node_modules' does not exist, skipping all lookups in it.
Scoped package detected, looking in 'sendgrid__helpers/classes/response'
Directory 'd:/DOPAMS/Toystack/dopams-backend-staging/node_modules/@sendgrid/helpers/node_modules' does not exist, skipping all lookups in it.
Scoped package detected, looking in 'sendgrid__helpers/classes/response'
Directory 'd:/DOPAMS/Toystack/dopams-backend-staging/node_modules/@sendgrid/node_modules' does not exist, skipping all lookups in it.
Scoped package detected, looking in 'sendgrid__helpers/classes/response'
File 'd:/DOPAMS/Toystack/dopams-backend-staging/node_modules/@sendgrid/helpers/package.json' exists according to earlier cached lookups.
File 'd:/DOPAMS/Toystack/dopams-backend-staging/node_modules/@sendgrid/helpers/classes/response.ts' does not exist.
File 'd:/DOPAMS/Toystack/dopams-backend-staging/node_modules/@sendgrid/helpers/classes/response.tsx' does not exist.
File 'd:/DOPAMS/Toystack/dopams-backend-staging/node_modules/@sendgrid/helpers/classes/response.d.ts' exists - use it as a name resolution result.
Resolving real path for 'd:/DOPAMS/Toystack/dopams-backend-staging/node_modules/@sendgrid/helpers/classes/response.d.ts', result 'D:/DOPAMS/Toystack/dopams-backend-staging/node_modules/@sendgrid/helpers/classes/response.d.ts'.
======== Module name '@sendgrid/helpers/classes/response' was successfully resolved to 'd:/DOPAMS/Toystack/dopams-backend-staging/node_modules/@sendgrid/helpers/classes/response.d.ts' with Package ID '@sendgrid/helpers/classes/response.d.ts@8.0.0'. ========
======== Resolving module '@sendgrid/helpers/classes/response-error' from 'd:/DOPAMS/Toystack/dopams-backend-staging/node_modules/@sendgrid/helpers/classes/index.d.ts'. ========
Explicitly specified module resolution kind: 'Node10'.
'baseUrl' option is set to 'd:/DOPAMS/Toystack/dopams-backend-staging/src', using this value to resolve non-relative module name '@sendgrid/helpers/classes/response-error'.
'paths' option is specified, looking for a pattern to match module name '@sendgrid/helpers/classes/response-error'.
'baseUrl' option is set to 'd:/DOPAMS/Toystack/dopams-backend-staging/src', using this value to resolve non-relative module name '@sendgrid/helpers/classes/response-error'.
Resolving module name '@sendgrid/helpers/classes/response-error' relative to base url 'd:/DOPAMS/Toystack/dopams-backend-staging/src' - 'd:/DOPAMS/Toystack/dopams-backend-staging/src/@sendgrid/helpers/classes/response-error'.
Loading module as file / folder, candidate module location 'd:/DOPAMS/Toystack/dopams-backend-staging/src/@sendgrid/helpers/classes/response-error', target file types: TypeScript, Declaration.
Loading module '@sendgrid/helpers/classes/response-error' from 'node_modules' folder, target file types: TypeScript, Declaration.
Searching all ancestor node_modules directories for preferred extensions: TypeScript, Declaration.
Directory 'd:/DOPAMS/Toystack/dopams-backend-staging/node_modules/@sendgrid/helpers/classes/node_modules' does not exist, skipping all lookups in it.
Scoped package detected, looking in 'sendgrid__helpers/classes/response-error'
Directory 'd:/DOPAMS/Toystack/dopams-backend-staging/node_modules/@sendgrid/helpers/node_modules' does not exist, skipping all lookups in it.
Scoped package detected, looking in 'sendgrid__helpers/classes/response-error'
Directory 'd:/DOPAMS/Toystack/dopams-backend-staging/node_modules/@sendgrid/node_modules' does not exist, skipping all lookups in it.
Scoped package detected, looking in 'sendgrid__helpers/classes/response-error'
File 'd:/DOPAMS/Toystack/dopams-backend-staging/node_modules/@sendgrid/helpers/package.json' exists according to earlier cached lookups.
File 'd:/DOPAMS/Toystack/dopams-backend-staging/node_modules/@sendgrid/helpers/classes/response-error.ts' does not exist.
File 'd:/DOPAMS/Toystack/dopams-backend-staging/node_modules/@sendgrid/helpers/classes/response-error.tsx' does not exist.
File 'd:/DOPAMS/Toystack/dopams-backend-staging/node_modules/@sendgrid/helpers/classes/response-error.d.ts' exists - use it as a name resolution result.
Resolving real path for 'd:/DOPAMS/Toystack/dopams-backend-staging/node_modules/@sendgrid/helpers/classes/response-error.d.ts', result 'D:/DOPAMS/Toystack/dopams-backend-staging/node_modules/@sendgrid/helpers/classes/response-error.d.ts'.
======== Module name '@sendgrid/helpers/classes/response-error' was successfully resolved to 'd:/DOPAMS/Toystack/dopams-backend-staging/node_modules/@sendgrid/helpers/classes/response-error.d.ts' with Package ID '@sendgrid/helpers/classes/response-error.d.ts@8.0.0'. ========
File 'd:/DOPAMS/Toystack/dopams-backend-staging/node_modules/@sendgrid/helpers/classes/package.json' does not exist according to earlier cached lookups.
File 'd:/DOPAMS/Toystack/dopams-backend-staging/node_modules/@sendgrid/helpers/package.json' exists according to earlier cached lookups.
File 'd:/DOPAMS/Toystack/dopams-backend-staging/node_modules/@sendgrid/helpers/classes/package.json' does not exist according to earlier cached lookups.
File 'd:/DOPAMS/Toystack/dopams-backend-staging/node_modules/@sendgrid/helpers/package.json' exists according to earlier cached lookups.
File 'd:/DOPAMS/Toystack/dopams-backend-staging/node_modules/@sendgrid/helpers/classes/package.json' does not exist according to earlier cached lookups.
File 'd:/DOPAMS/Toystack/dopams-backend-staging/node_modules/@sendgrid/helpers/package.json' exists according to earlier cached lookups.
======== Resolving module './attachment' from 'd:/DOPAMS/Toystack/dopams-backend-staging/node_modules/@sendgrid/helpers/classes/mail.d.ts'. ========
Explicitly specified module resolution kind: 'Node10'.
Loading module as file / folder, candidate module location 'd:/DOPAMS/Toystack/dopams-backend-staging/node_modules/@sendgrid/helpers/classes/attachment', target file types: TypeScript, Declaration.
File 'd:/DOPAMS/Toystack/dopams-backend-staging/node_modules/@sendgrid/helpers/classes/attachment.ts' does not exist.
File 'd:/DOPAMS/Toystack/dopams-backend-staging/node_modules/@sendgrid/helpers/classes/attachment.tsx' does not exist.
File 'd:/DOPAMS/Toystack/dopams-backend-staging/node_modules/@sendgrid/helpers/classes/attachment.d.ts' exists - use it as a name resolution result.
File 'd:/DOPAMS/Toystack/dopams-backend-staging/node_modules/@sendgrid/helpers/package.json' exists according to earlier cached lookups.
======== Module name './attachment' was successfully resolved to 'd:/DOPAMS/Toystack/dopams-backend-staging/node_modules/@sendgrid/helpers/classes/attachment.d.ts' with Package ID '@sendgrid/helpers/classes/attachment.d.ts@8.0.0'. ========
======== Resolving module './email-address' from 'd:/DOPAMS/Toystack/dopams-backend-staging/node_modules/@sendgrid/helpers/classes/mail.d.ts'. ========
Explicitly specified module resolution kind: 'Node10'.
Loading module as file / folder, candidate module location 'd:/DOPAMS/Toystack/dopams-backend-staging/node_modules/@sendgrid/helpers/classes/email-address', target file types: TypeScript, Declaration.
File 'd:/DOPAMS/Toystack/dopams-backend-staging/node_modules/@sendgrid/helpers/classes/email-address.ts' does not exist.
File 'd:/DOPAMS/Toystack/dopams-backend-staging/node_modules/@sendgrid/helpers/classes/email-address.tsx' does not exist.
File 'd:/DOPAMS/Toystack/dopams-backend-staging/node_modules/@sendgrid/helpers/classes/email-address.d.ts' exists - use it as a name resolution result.
File 'd:/DOPAMS/Toystack/dopams-backend-staging/node_modules/@sendgrid/helpers/package.json' exists according to earlier cached lookups.
======== Module name './email-address' was successfully resolved to 'd:/DOPAMS/Toystack/dopams-backend-staging/node_modules/@sendgrid/helpers/classes/email-address.d.ts' with Package ID '@sendgrid/helpers/classes/email-address.d.ts@8.0.0'. ========
======== Resolving module './personalization' from 'd:/DOPAMS/Toystack/dopams-backend-staging/node_modules/@sendgrid/helpers/classes/mail.d.ts'. ========
Explicitly specified module resolution kind: 'Node10'.
Loading module as file / folder, candidate module location 'd:/DOPAMS/Toystack/dopams-backend-staging/node_modules/@sendgrid/helpers/classes/personalization', target file types: TypeScript, Declaration.
File 'd:/DOPAMS/Toystack/dopams-backend-staging/node_modules/@sendgrid/helpers/classes/personalization.ts' does not exist.
File 'd:/DOPAMS/Toystack/dopams-backend-staging/node_modules/@sendgrid/helpers/classes/personalization.tsx' does not exist.
File 'd:/DOPAMS/Toystack/dopams-backend-staging/node_modules/@sendgrid/helpers/classes/personalization.d.ts' exists - use it as a name resolution result.
File 'd:/DOPAMS/Toystack/dopams-backend-staging/node_modules/@sendgrid/helpers/package.json' exists according to earlier cached lookups.
======== Module name './personalization' was successfully resolved to 'd:/DOPAMS/Toystack/dopams-backend-staging/node_modules/@sendgrid/helpers/classes/personalization.d.ts' with Package ID '@sendgrid/helpers/classes/personalization.d.ts@8.0.0'. ========
File 'd:/DOPAMS/Toystack/dopams-backend-staging/node_modules/@sendgrid/helpers/classes/package.json' does not exist according to earlier cached lookups.
File 'd:/DOPAMS/Toystack/dopams-backend-staging/node_modules/@sendgrid/helpers/package.json' exists according to earlier cached lookups.
======== Resolving module './email-address' from 'd:/DOPAMS/Toystack/dopams-backend-staging/node_modules/@sendgrid/helpers/classes/personalization.d.ts'. ========
Resolution for module './email-address' was found in cache from location 'd:/DOPAMS/Toystack/dopams-backend-staging/node_modules/@sendgrid/helpers/classes'.
======== Module name './email-address' was successfully resolved to 'd:/DOPAMS/Toystack/dopams-backend-staging/node_modules/@sendgrid/helpers/classes/email-address.d.ts' with Package ID '@sendgrid/helpers/classes/email-address.d.ts@8.0.0'. ========
File 'd:/DOPAMS/Toystack/dopams-backend-staging/node_modules/@sendgrid/helpers/classes/package.json' does not exist according to earlier cached lookups.
File 'd:/DOPAMS/Toystack/dopams-backend-staging/node_modules/@sendgrid/helpers/package.json' exists according to earlier cached lookups.
File 'd:/DOPAMS/Toystack/dopams-backend-staging/node_modules/@sendgrid/helpers/classes/package.json' does not exist according to earlier cached lookups.
File 'd:/DOPAMS/Toystack/dopams-backend-staging/node_modules/@sendgrid/helpers/package.json' exists according to earlier cached lookups.
File 'd:/DOPAMS/Toystack/dopams-backend-staging/node_modules/@sendgrid/client/src/package.json' does not exist according to earlier cached lookups.
File 'd:/DOPAMS/Toystack/dopams-backend-staging/node_modules/@sendgrid/client/package.json' exists according to earlier cached lookups.
======== Resolving module '@sendgrid/helpers/classes/request' from 'd:/DOPAMS/Toystack/dopams-backend-staging/node_modules/@sendgrid/client/src/request.d.ts'. ========
Explicitly specified module resolution kind: 'Node10'.
'baseUrl' option is set to 'd:/DOPAMS/Toystack/dopams-backend-staging/src', using this value to resolve non-relative module name '@sendgrid/helpers/classes/request'.
'paths' option is specified, looking for a pattern to match module name '@sendgrid/helpers/classes/request'.
'baseUrl' option is set to 'd:/DOPAMS/Toystack/dopams-backend-staging/src', using this value to resolve non-relative module name '@sendgrid/helpers/classes/request'.
Resolving module name '@sendgrid/helpers/classes/request' relative to base url 'd:/DOPAMS/Toystack/dopams-backend-staging/src' - 'd:/DOPAMS/Toystack/dopams-backend-staging/src/@sendgrid/helpers/classes/request'.
Loading module as file / folder, candidate module location 'd:/DOPAMS/Toystack/dopams-backend-staging/src/@sendgrid/helpers/classes/request', target file types: TypeScript, Declaration.
Loading module '@sendgrid/helpers/classes/request' from 'node_modules' folder, target file types: TypeScript, Declaration.
Searching all ancestor node_modules directories for preferred extensions: TypeScript, Declaration.
Directory 'd:/DOPAMS/Toystack/dopams-backend-staging/node_modules/@sendgrid/client/src/node_modules' does not exist, skipping all lookups in it.
Scoped package detected, looking in 'sendgrid__helpers/classes/request'
Directory 'd:/DOPAMS/Toystack/dopams-backend-staging/node_modules/@sendgrid/client/node_modules' does not exist, skipping all lookups in it.
Scoped package detected, looking in 'sendgrid__helpers/classes/request'
Directory 'd:/DOPAMS/Toystack/dopams-backend-staging/node_modules/@sendgrid/node_modules' does not exist, skipping all lookups in it.
Scoped package detected, looking in 'sendgrid__helpers/classes/request'
File 'd:/DOPAMS/Toystack/dopams-backend-staging/node_modules/@sendgrid/helpers/package.json' exists according to earlier cached lookups.
File 'd:/DOPAMS/Toystack/dopams-backend-staging/node_modules/@sendgrid/helpers/classes/request.ts' does not exist.
File 'd:/DOPAMS/Toystack/dopams-backend-staging/node_modules/@sendgrid/helpers/classes/request.tsx' does not exist.
File 'd:/DOPAMS/Toystack/dopams-backend-staging/node_modules/@sendgrid/helpers/classes/request.d.ts' exists - use it as a name resolution result.
Resolving real path for 'd:/DOPAMS/Toystack/dopams-backend-staging/node_modules/@sendgrid/helpers/classes/request.d.ts', result 'D:/DOPAMS/Toystack/dopams-backend-staging/node_modules/@sendgrid/helpers/classes/request.d.ts'.
======== Module name '@sendgrid/helpers/classes/request' was successfully resolved to 'd:/DOPAMS/Toystack/dopams-backend-staging/node_modules/@sendgrid/helpers/classes/request.d.ts' with Package ID '@sendgrid/helpers/classes/request.d.ts@8.0.0'. ========
File 'd:/DOPAMS/Toystack/dopams-backend-staging/node_modules/@sendgrid/helpers/classes/package.json' does not exist according to earlier cached lookups.
File 'd:/DOPAMS/Toystack/dopams-backend-staging/node_modules/@sendgrid/helpers/package.json' exists according to earlier cached lookups.
======== Resolving module 'https' from 'd:/DOPAMS/Toystack/dopams-backend-staging/node_modules/@sendgrid/helpers/classes/request.d.ts'. ========
Explicitly specified module resolution kind: 'Node10'.
'baseUrl' option is set to 'd:/DOPAMS/Toystack/dopams-backend-staging/src', using this value to resolve non-relative module name 'https'.
'paths' option is specified, looking for a pattern to match module name 'https'.
'baseUrl' option is set to 'd:/DOPAMS/Toystack/dopams-backend-staging/src', using this value to resolve non-relative module name 'https'.
Resolving module name 'https' relative to base url 'd:/DOPAMS/Toystack/dopams-backend-staging/src' - 'd:/DOPAMS/Toystack/dopams-backend-staging/src/https'.
Loading module as file / folder, candidate module location 'd:/DOPAMS/Toystack/dopams-backend-staging/src/https', target file types: TypeScript, Declaration.
File 'd:/DOPAMS/Toystack/dopams-backend-staging/src/https.ts' does not exist.
File 'd:/DOPAMS/Toystack/dopams-backend-staging/src/https.tsx' does not exist.
File 'd:/DOPAMS/Toystack/dopams-backend-staging/src/https.d.ts' does not exist.
Directory 'd:/DOPAMS/Toystack/dopams-backend-staging/src/https' does not exist, skipping all lookups in it.
Loading module 'https' from 'node_modules' folder, target file types: TypeScript, Declaration.
Searching all ancestor node_modules directories for preferred extensions: TypeScript, Declaration.
Directory 'd:/DOPAMS/Toystack/dopams-backend-staging/node_modules/@sendgrid/helpers/classes/node_modules' does not exist, skipping all lookups in it.
Directory 'd:/DOPAMS/Toystack/dopams-backend-staging/node_modules/@sendgrid/helpers/node_modules' does not exist, skipping all lookups in it.
Directory 'd:/DOPAMS/Toystack/dopams-backend-staging/node_modules/@sendgrid/node_modules' does not exist, skipping all lookups in it.
Resolution for module 'https' was found in cache from location 'd:/DOPAMS/Toystack/dopams-backend-staging'.
======== Module name 'https' was not resolved. ========
File 'd:/DOPAMS/Toystack/dopams-backend-staging/node_modules/@sendgrid/client/src/package.json' does not exist according to earlier cached lookups.
File 'd:/DOPAMS/Toystack/dopams-backend-staging/node_modules/@sendgrid/client/package.json' exists according to earlier cached lookups.
======== Resolving module '@sendgrid/helpers/classes/response' from 'd:/DOPAMS/Toystack/dopams-backend-staging/node_modules/@sendgrid/client/src/response.d.ts'. ========
Explicitly specified module resolution kind: 'Node10'.
'baseUrl' option is set to 'd:/DOPAMS/Toystack/dopams-backend-staging/src', using this value to resolve non-relative module name '@sendgrid/helpers/classes/response'.
'paths' option is specified, looking for a pattern to match module name '@sendgrid/helpers/classes/response'.
'baseUrl' option is set to 'd:/DOPAMS/Toystack/dopams-backend-staging/src', using this value to resolve non-relative module name '@sendgrid/helpers/classes/response'.
Resolving module name '@sendgrid/helpers/classes/response' relative to base url 'd:/DOPAMS/Toystack/dopams-backend-staging/src' - 'd:/DOPAMS/Toystack/dopams-backend-staging/src/@sendgrid/helpers/classes/response'.
Loading module as file / folder, candidate module location 'd:/DOPAMS/Toystack/dopams-backend-staging/src/@sendgrid/helpers/classes/response', target file types: TypeScript, Declaration.
Loading module '@sendgrid/helpers/classes/response' from 'node_modules' folder, target file types: TypeScript, Declaration.
Searching all ancestor node_modules directories for preferred extensions: TypeScript, Declaration.
Directory 'd:/DOPAMS/Toystack/dopams-backend-staging/node_modules/@sendgrid/client/src/node_modules' does not exist, skipping all lookups in it.
Scoped package detected, looking in 'sendgrid__helpers/classes/response'
Directory 'd:/DOPAMS/Toystack/dopams-backend-staging/node_modules/@sendgrid/client/node_modules' does not exist, skipping all lookups in it.
Scoped package detected, looking in 'sendgrid__helpers/classes/response'
Directory 'd:/DOPAMS/Toystack/dopams-backend-staging/node_modules/@sendgrid/node_modules' does not exist, skipping all lookups in it.
Scoped package detected, looking in 'sendgrid__helpers/classes/response'
File 'd:/DOPAMS/Toystack/dopams-backend-staging/node_modules/@sendgrid/helpers/package.json' exists according to earlier cached lookups.
File 'd:/DOPAMS/Toystack/dopams-backend-staging/node_modules/@sendgrid/helpers/classes/response.ts' does not exist.
File 'd:/DOPAMS/Toystack/dopams-backend-staging/node_modules/@sendgrid/helpers/classes/response.tsx' does not exist.
File 'd:/DOPAMS/Toystack/dopams-backend-staging/node_modules/@sendgrid/helpers/classes/response.d.ts' exists - use it as a name resolution result.
Resolving real path for 'd:/DOPAMS/Toystack/dopams-backend-staging/node_modules/@sendgrid/helpers/classes/response.d.ts', result 'D:/DOPAMS/Toystack/dopams-backend-staging/node_modules/@sendgrid/helpers/classes/response.d.ts'.
======== Module name '@sendgrid/helpers/classes/response' was successfully resolved to 'd:/DOPAMS/Toystack/dopams-backend-staging/node_modules/@sendgrid/helpers/classes/response.d.ts' with Package ID '@sendgrid/helpers/classes/response.d.ts@8.0.0'. ========
======== Resolving module 'graphql' from 'd:/DOPAMS/Toystack/dopams-backend-staging/src/utils/errors/authentication-error.ts'. ========
Resolution for module 'graphql' was found in cache from location 'd:/DOPAMS/Toystack/dopams-backend-staging/src/utils/errors'.
======== Module name 'graphql' was successfully resolved to 'd:/DOPAMS/Toystack/dopams-backend-staging/node_modules/graphql/index.d.ts' with Package ID 'graphql/index.d.ts@16.12.0'. ========
======== Resolving module '@prisma/client' from 'd:/DOPAMS/Toystack/dopams-backend-staging/src/datasources/prisma.ts'. ========
Explicitly specified module resolution kind: 'Node10'.
'baseUrl' option is set to 'd:/DOPAMS/Toystack/dopams-backend-staging/src', using this value to resolve non-relative module name '@prisma/client'.
'paths' option is specified, looking for a pattern to match module name '@prisma/client'.
'baseUrl' option is set to 'd:/DOPAMS/Toystack/dopams-backend-staging/src', using this value to resolve non-relative module name '@prisma/client'.
Resolving module name '@prisma/client' relative to base url 'd:/DOPAMS/Toystack/dopams-backend-staging/src' - 'd:/DOPAMS/Toystack/dopams-backend-staging/src/@prisma/client'.
Loading module as file / folder, candidate module location 'd:/DOPAMS/Toystack/dopams-backend-staging/src/@prisma/client', target file types: TypeScript, Declaration.
Loading module '@prisma/client' from 'node_modules' folder, target file types: TypeScript, Declaration.
Searching all ancestor node_modules directories for preferred extensions: TypeScript, Declaration.
Directory 'd:/DOPAMS/Toystack/dopams-backend-staging/src/datasources/node_modules' does not exist, skipping all lookups in it.
Scoped package detected, looking in 'prisma__client'
Resolution for module '@prisma/client' was found in cache from location 'd:/DOPAMS/Toystack/dopams-backend-staging/src'.
======== Module name '@prisma/client' was successfully resolved to 'd:/DOPAMS/Toystack/dopams-backend-staging/node_modules/@prisma/client/default.d.ts' with Package ID '@prisma/client/default.d.ts@6.19.2+prisma@6.19.2+typescript@5.9.3'. ========
======== Resolving module 'prisma-extension-pagination' from 'd:/DOPAMS/Toystack/dopams-backend-staging/src/datasources/prisma.ts'. ========
Explicitly specified module resolution kind: 'Node10'.
'baseUrl' option is set to 'd:/DOPAMS/Toystack/dopams-backend-staging/src', using this value to resolve non-relative module name 'prisma-extension-pagination'.
'paths' option is specified, looking for a pattern to match module name 'prisma-extension-pagination'.
'baseUrl' option is set to 'd:/DOPAMS/Toystack/dopams-backend-staging/src', using this value to resolve non-relative module name 'prisma-extension-pagination'.
Resolving module name 'prisma-extension-pagination' relative to base url 'd:/DOPAMS/Toystack/dopams-backend-staging/src' - 'd:/DOPAMS/Toystack/dopams-backend-staging/src/prisma-extension-pagination'.
Loading module as file / folder, candidate module location 'd:/DOPAMS/Toystack/dopams-backend-staging/src/prisma-extension-pagination', target file types: TypeScript, Declaration.
File 'd:/DOPAMS/Toystack/dopams-backend-staging/src/prisma-extension-pagination.ts' does not exist.
File 'd:/DOPAMS/Toystack/dopams-backend-staging/src/prisma-extension-pagination.tsx' does not exist.
File 'd:/DOPAMS/Toystack/dopams-backend-staging/src/prisma-extension-pagination.d.ts' does not exist.
Directory 'd:/DOPAMS/Toystack/dopams-backend-staging/src/prisma-extension-pagination' does not exist, skipping all lookups in it.
Loading module 'prisma-extension-pagination' from 'node_modules' folder, target file types: TypeScript, Declaration.
Searching all ancestor node_modules directories for preferred extensions: TypeScript, Declaration.
Directory 'd:/DOPAMS/Toystack/dopams-backend-staging/src/datasources/node_modules' does not exist, skipping all lookups in it.
Directory 'd:/DOPAMS/Toystack/dopams-backend-staging/src/node_modules' does not exist, skipping all lookups in it.
File 'd:/DOPAMS/Toystack/dopams-backend-staging/node_modules/prisma-extension-pagination/package.json' exists according to earlier cached lookups.
File 'd:/DOPAMS/Toystack/dopams-backend-staging/node_modules/prisma-extension-pagination.ts' does not exist.
File 'd:/DOPAMS/Toystack/dopams-backend-staging/node_modules/prisma-extension-pagination.tsx' does not exist.
File 'd:/DOPAMS/Toystack/dopams-backend-staging/node_modules/prisma-extension-pagination.d.ts' does not exist.
'package.json' does not have a 'typings' field.
'package.json' has 'types' field 'dist/index.d.ts' that references 'd:/DOPAMS/Toystack/dopams-backend-staging/node_modules/prisma-extension-pagination/dist/index.d.ts'.
File 'd:/DOPAMS/Toystack/dopams-backend-staging/node_modules/prisma-extension-pagination/dist/index.d.ts' exists - use it as a name resolution result.
Resolving real path for 'd:/DOPAMS/Toystack/dopams-backend-staging/node_modules/prisma-extension-pagination/dist/index.d.ts', result 'D:/DOPAMS/Toystack/dopams-backend-staging/node_modules/prisma-extension-pagination/dist/index.d.ts'.
======== Module name 'prisma-extension-pagination' was successfully resolved to 'd:/DOPAMS/Toystack/dopams-backend-staging/node_modules/prisma-extension-pagination/dist/index.d.ts' with Package ID 'prisma-extension-pagination/dist/index.d.ts@0.7.6+@prisma/client@6.19.2'. ========
File 'd:/DOPAMS/Toystack/dopams-backend-staging/node_modules/prisma-extension-pagination/dist/package.json' does not exist according to earlier cached lookups.
File 'd:/DOPAMS/Toystack/dopams-backend-staging/node_modules/prisma-extension-pagination/package.json' exists according to earlier cached lookups.
======== Resolving module './extension' from 'd:/DOPAMS/Toystack/dopams-backend-staging/node_modules/prisma-extension-pagination/dist/index.d.ts'. ========
Explicitly specified module resolution kind: 'Node10'.
Loading module as file / folder, candidate module location 'd:/DOPAMS/Toystack/dopams-backend-staging/node_modules/prisma-extension-pagination/dist/extension', target file types: TypeScript, Declaration.
File 'd:/DOPAMS/Toystack/dopams-backend-staging/node_modules/prisma-extension-pagination/dist/extension.ts' does not exist.
File 'd:/DOPAMS/Toystack/dopams-backend-staging/node_modules/prisma-extension-pagination/dist/extension.tsx' does not exist.
File 'd:/DOPAMS/Toystack/dopams-backend-staging/node_modules/prisma-extension-pagination/dist/extension.d.ts' exists - use it as a name resolution result.
File 'd:/DOPAMS/Toystack/dopams-backend-staging/node_modules/prisma-extension-pagination/package.json' exists according to earlier cached lookups.
======== Module name './extension' was successfully resolved to 'd:/DOPAMS/Toystack/dopams-backend-staging/node_modules/prisma-extension-pagination/dist/extension.d.ts' with Package ID 'prisma-extension-pagination/dist/extension.d.ts@0.7.6+@prisma/client@6.19.2'. ========
======== Resolving module './types' from 'd:/DOPAMS/Toystack/dopams-backend-staging/node_modules/prisma-extension-pagination/dist/index.d.ts'. ========
Explicitly specified module resolution kind: 'Node10'.
Loading module as file / folder, candidate module location 'd:/DOPAMS/Toystack/dopams-backend-staging/node_modules/prisma-extension-pagination/dist/types', target file types: TypeScript, Declaration.
File 'd:/DOPAMS/Toystack/dopams-backend-staging/node_modules/prisma-extension-pagination/dist/types.ts' does not exist.
File 'd:/DOPAMS/Toystack/dopams-backend-staging/node_modules/prisma-extension-pagination/dist/types.tsx' does not exist.
File 'd:/DOPAMS/Toystack/dopams-backend-staging/node_modules/prisma-extension-pagination/dist/types.d.ts' exists - use it as a name resolution result.
File 'd:/DOPAMS/Toystack/dopams-backend-staging/node_modules/prisma-extension-pagination/package.json' exists according to earlier cached lookups.
======== Module name './types' was successfully resolved to 'd:/DOPAMS/Toystack/dopams-backend-staging/node_modules/prisma-extension-pagination/dist/types.d.ts' with Package ID 'prisma-extension-pagination/dist/types.d.ts@0.7.6+@prisma/client@6.19.2'. ========
File 'd:/DOPAMS/Toystack/dopams-backend-staging/node_modules/prisma-extension-pagination/dist/package.json' does not exist according to earlier cached lookups.
File 'd:/DOPAMS/Toystack/dopams-backend-staging/node_modules/prisma-extension-pagination/package.json' exists according to earlier cached lookups.
======== Resolving module './types' from 'd:/DOPAMS/Toystack/dopams-backend-staging/node_modules/prisma-extension-pagination/dist/extension.d.ts'. ========
Resolution for module './types' was found in cache from location 'd:/DOPAMS/Toystack/dopams-backend-staging/node_modules/prisma-extension-pagination/dist'.
======== Module name './types' was successfully resolved to 'd:/DOPAMS/Toystack/dopams-backend-staging/node_modules/prisma-extension-pagination/dist/types.d.ts' with Package ID 'prisma-extension-pagination/dist/types.d.ts@0.7.6+@prisma/client@6.19.2'. ========
======== Resolving module '@prisma/client/extension' from 'd:/DOPAMS/Toystack/dopams-backend-staging/node_modules/prisma-extension-pagination/dist/extension.d.ts'. ========
Explicitly specified module resolution kind: 'Node10'.
'baseUrl' option is set to 'd:/DOPAMS/Toystack/dopams-backend-staging/src', using this value to resolve non-relative module name '@prisma/client/extension'.
'paths' option is specified, looking for a pattern to match module name '@prisma/client/extension'.
'baseUrl' option is set to 'd:/DOPAMS/Toystack/dopams-backend-staging/src', using this value to resolve non-relative module name '@prisma/client/extension'.
Resolving module name '@prisma/client/extension' relative to base url 'd:/DOPAMS/Toystack/dopams-backend-staging/src' - 'd:/DOPAMS/Toystack/dopams-backend-staging/src/@prisma/client/extension'.
Loading module as file / folder, candidate module location 'd:/DOPAMS/Toystack/dopams-backend-staging/src/@prisma/client/extension', target file types: TypeScript, Declaration.
Loading module '@prisma/client/extension' from 'node_modules' folder, target file types: TypeScript, Declaration.
Searching all ancestor node_modules directories for preferred extensions: TypeScript, Declaration.
Directory 'd:/DOPAMS/Toystack/dopams-backend-staging/node_modules/prisma-extension-pagination/dist/node_modules' does not exist, skipping all lookups in it.
Scoped package detected, looking in 'prisma__client/extension'
Directory 'd:/DOPAMS/Toystack/dopams-backend-staging/node_modules/prisma-extension-pagination/node_modules' does not exist, skipping all lookups in it.
Scoped package detected, looking in 'prisma__client/extension'
File 'd:/DOPAMS/Toystack/dopams-backend-staging/node_modules/@prisma/client/package.json' exists according to earlier cached lookups.
File 'd:/DOPAMS/Toystack/dopams-backend-staging/node_modules/@prisma/client/extension.ts' does not exist.
File 'd:/DOPAMS/Toystack/dopams-backend-staging/node_modules/@prisma/client/extension.tsx' does not exist.
File 'd:/DOPAMS/Toystack/dopams-backend-staging/node_modules/@prisma/client/extension.d.ts' exists - use it as a name resolution result.
Resolving real path for 'd:/DOPAMS/Toystack/dopams-backend-staging/node_modules/@prisma/client/extension.d.ts', result 'D:/DOPAMS/Toystack/dopams-backend-staging/node_modules/@prisma/client/extension.d.ts'.
======== Module name '@prisma/client/extension' was successfully resolved to 'd:/DOPAMS/Toystack/dopams-backend-staging/node_modules/@prisma/client/extension.d.ts' with Package ID '@prisma/client/extension.d.ts@6.19.2+prisma@6.19.2+typescript@5.9.3'. ========
======== Resolving module '@prisma/client/runtime/client' from 'd:/DOPAMS/Toystack/dopams-backend-staging/node_modules/prisma-extension-pagination/dist/extension.d.ts'. ========
Explicitly specified module resolution kind: 'Node10'.
'baseUrl' option is set to 'd:/DOPAMS/Toystack/dopams-backend-staging/src', using this value to resolve non-relative module name '@prisma/client/runtime/client'.
'paths' option is specified, looking for a pattern to match module name '@prisma/client/runtime/client'.
'baseUrl' option is set to 'd:/DOPAMS/Toystack/dopams-backend-staging/src', using this value to resolve non-relative module name '@prisma/client/runtime/client'.
Resolving module name '@prisma/client/runtime/client' relative to base url 'd:/DOPAMS/Toystack/dopams-backend-staging/src' - 'd:/DOPAMS/Toystack/dopams-backend-staging/src/@prisma/client/runtime/client'.
Loading module as file / folder, candidate module location 'd:/DOPAMS/Toystack/dopams-backend-staging/src/@prisma/client/runtime/client', target file types: TypeScript, Declaration.
Loading module '@prisma/client/runtime/client' from 'node_modules' folder, target file types: TypeScript, Declaration.
Searching all ancestor node_modules directories for preferred extensions: TypeScript, Declaration.
Directory 'd:/DOPAMS/Toystack/dopams-backend-staging/node_modules/prisma-extension-pagination/dist/node_modules' does not exist, skipping all lookups in it.
Scoped package detected, looking in 'prisma__client/runtime/client'
Directory 'd:/DOPAMS/Toystack/dopams-backend-staging/node_modules/prisma-extension-pagination/node_modules' does not exist, skipping all lookups in it.
Scoped package detected, looking in 'prisma__client/runtime/client'
File 'd:/DOPAMS/Toystack/dopams-backend-staging/node_modules/@prisma/client/package.json' exists according to earlier cached lookups.
File 'd:/DOPAMS/Toystack/dopams-backend-staging/node_modules/@prisma/client/runtime/client.ts' does not exist.
File 'd:/DOPAMS/Toystack/dopams-backend-staging/node_modules/@prisma/client/runtime/client.tsx' does not exist.
File 'd:/DOPAMS/Toystack/dopams-backend-staging/node_modules/@prisma/client/runtime/client.d.ts' exists - use it as a name resolution result.
Resolving real path for 'd:/DOPAMS/Toystack/dopams-backend-staging/node_modules/@prisma/client/runtime/client.d.ts', result 'D:/DOPAMS/Toystack/dopams-backend-staging/node_modules/@prisma/client/runtime/client.d.ts'.
======== Module name '@prisma/client/runtime/client' was successfully resolved to 'd:/DOPAMS/Toystack/dopams-backend-staging/node_modules/@prisma/client/runtime/client.d.ts' with Package ID '@prisma/client/runtime/client.d.ts@6.19.2+prisma@6.19.2+typescript@5.9.3'. ========
File 'd:/DOPAMS/Toystack/dopams-backend-staging/node_modules/@prisma/client/package.json' exists according to earlier cached lookups.
======== Resolving module './scripts/default-index' from 'd:/DOPAMS/Toystack/dopams-backend-staging/node_modules/@prisma/client/extension.d.ts'. ========
Explicitly specified module resolution kind: 'Node10'.
Loading module as file / folder, candidate module location 'd:/DOPAMS/Toystack/dopams-backend-staging/node_modules/@prisma/client/scripts/default-index', target file types: TypeScript, Declaration.
File 'd:/DOPAMS/Toystack/dopams-backend-staging/node_modules/@prisma/client/scripts/default-index.ts' does not exist.
File 'd:/DOPAMS/Toystack/dopams-backend-staging/node_modules/@prisma/client/scripts/default-index.tsx' does not exist.
File 'd:/DOPAMS/Toystack/dopams-backend-staging/node_modules/@prisma/client/scripts/default-index.d.ts' exists - use it as a name resolution result.
File 'd:/DOPAMS/Toystack/dopams-backend-staging/node_modules/@prisma/client/package.json' exists according to earlier cached lookups.
======== Module name './scripts/default-index' was successfully resolved to 'd:/DOPAMS/Toystack/dopams-backend-staging/node_modules/@prisma/client/scripts/default-index.d.ts' with Package ID '@prisma/client/scripts/default-index.d.ts@6.19.2+prisma@6.19.2+typescript@5.9.3'. ========
File 'd:/DOPAMS/Toystack/dopams-backend-staging/node_modules/@prisma/client/scripts/package.json' does not exist.
File 'd:/DOPAMS/Toystack/dopams-backend-staging/node_modules/@prisma/client/package.json' exists according to earlier cached lookups.
======== Resolving module '@prisma/client/runtime/library' from 'd:/DOPAMS/Toystack/dopams-backend-staging/node_modules/@prisma/client/scripts/default-index.d.ts'. ========
Explicitly specified module resolution kind: 'Node10'.
'baseUrl' option is set to 'd:/DOPAMS/Toystack/dopams-backend-staging/src', using this value to resolve non-relative module name '@prisma/client/runtime/library'.
'paths' option is specified, looking for a pattern to match module name '@prisma/client/runtime/library'.
'baseUrl' option is set to 'd:/DOPAMS/Toystack/dopams-backend-staging/src', using this value to resolve non-relative module name '@prisma/client/runtime/library'.
Resolving module name '@prisma/client/runtime/library' relative to base url 'd:/DOPAMS/Toystack/dopams-backend-staging/src' - 'd:/DOPAMS/Toystack/dopams-backend-staging/src/@prisma/client/runtime/library'.
Loading module as file / folder, candidate module location 'd:/DOPAMS/Toystack/dopams-backend-staging/src/@prisma/client/runtime/library', target file types: TypeScript, Declaration.
Loading module '@prisma/client/runtime/library' from 'node_modules' folder, target file types: TypeScript, Declaration.
Searching all ancestor node_modules directories for preferred extensions: TypeScript, Declaration.
Directory 'd:/DOPAMS/Toystack/dopams-backend-staging/node_modules/@prisma/client/scripts/node_modules' does not exist, skipping all lookups in it.
Scoped package detected, looking in 'prisma__client/runtime/library'
Directory 'd:/DOPAMS/Toystack/dopams-backend-staging/node_modules/@prisma/client/node_modules' does not exist, skipping all lookups in it.
Scoped package detected, looking in 'prisma__client/runtime/library'
Directory 'd:/DOPAMS/Toystack/dopams-backend-staging/node_modules/@prisma/node_modules' does not exist, skipping all lookups in it.
Scoped package detected, looking in 'prisma__client/runtime/library'
File 'd:/DOPAMS/Toystack/dopams-backend-staging/node_modules/@prisma/client/package.json' exists according to earlier cached lookups.
File 'd:/DOPAMS/Toystack/dopams-backend-staging/node_modules/@prisma/client/runtime/library.ts' does not exist.
File 'd:/DOPAMS/Toystack/dopams-backend-staging/node_modules/@prisma/client/runtime/library.tsx' does not exist.
File 'd:/DOPAMS/Toystack/dopams-backend-staging/node_modules/@prisma/client/runtime/library.d.ts' exists - use it as a name resolution result.
Resolving real path for 'd:/DOPAMS/Toystack/dopams-backend-staging/node_modules/@prisma/client/runtime/library.d.ts', result 'D:/DOPAMS/Toystack/dopams-backend-staging/node_modules/@prisma/client/runtime/library.d.ts'.
======== Module name '@prisma/client/runtime/library' was successfully resolved to 'd:/DOPAMS/Toystack/dopams-backend-staging/node_modules/@prisma/client/runtime/library.d.ts' with Package ID '@prisma/client/runtime/library.d.ts@6.19.2+prisma@6.19.2+typescript@5.9.3'. ========
File 'd:/DOPAMS/Toystack/dopams-backend-staging/node_modules/@prisma/client/runtime/package.json' does not exist according to earlier cached lookups.
File 'd:/DOPAMS/Toystack/dopams-backend-staging/node_modules/@prisma/client/package.json' exists according to earlier cached lookups.
======== Resolving module 'graphql' from 'd:/DOPAMS/Toystack/dopams-backend-staging/src/schema/user/mutations/forgot-password.ts'. ========
Resolution for module 'graphql' was found in cache from location 'd:/DOPAMS/Toystack/dopams-backend-staging/src/schema/user/mutations'.
======== Module name 'graphql' was successfully resolved to 'd:/DOPAMS/Toystack/dopams-backend-staging/node_modules/graphql/index.d.ts' with Package ID 'graphql/index.d.ts@16.12.0'. ========
======== Resolving module '..' from 'd:/DOPAMS/Toystack/dopams-backend-staging/src/schema/user/mutations/forgot-password.ts'. ========
Resolution for module '..' was found in cache from location 'd:/DOPAMS/Toystack/dopams-backend-staging/src/schema/user/mutations'.
======== Module name '..' was successfully resolved to 'd:/DOPAMS/Toystack/dopams-backend-staging/src/schema/user/index.ts'. ========
======== Resolving module '../services' from 'd:/DOPAMS/Toystack/dopams-backend-staging/src/schema/user/mutations/forgot-password.ts'. ========
Resolution for module '../services' was found in cache from location 'd:/DOPAMS/Toystack/dopams-backend-staging/src/schema/user/mutations'.
======== Module name '../services' was successfully resolved to 'd:/DOPAMS/Toystack/dopams-backend-staging/src/schema/user/services/index.ts'. ========
======== Resolving module 'graphql' from 'd:/DOPAMS/Toystack/dopams-backend-staging/src/schema/user/mutations/login.ts'. ========
Resolution for module 'graphql' was found in cache from location 'd:/DOPAMS/Toystack/dopams-backend-staging/src/schema/user/mutations'.
======== Module name 'graphql' was successfully resolved to 'd:/DOPAMS/Toystack/dopams-backend-staging/node_modules/graphql/index.d.ts' with Package ID 'graphql/index.d.ts@16.12.0'. ========
======== Resolving module '..' from 'd:/DOPAMS/Toystack/dopams-backend-staging/src/schema/user/mutations/login.ts'. ========
Resolution for module '..' was found in cache from location 'd:/DOPAMS/Toystack/dopams-backend-staging/src/schema/user/mutations'.
======== Module name '..' was successfully resolved to 'd:/DOPAMS/Toystack/dopams-backend-staging/src/schema/user/index.ts'. ========
======== Resolving module '../services' from 'd:/DOPAMS/Toystack/dopams-backend-staging/src/schema/user/mutations/login.ts'. ========
Resolution for module '../services' was found in cache from location 'd:/DOPAMS/Toystack/dopams-backend-staging/src/schema/user/mutations'.
======== Module name '../services' was successfully resolved to 'd:/DOPAMS/Toystack/dopams-backend-staging/src/schema/user/services/index.ts'. ========
======== Resolving module 'graphql' from 'd:/DOPAMS/Toystack/dopams-backend-staging/src/schema/user/mutations/signup.ts'. ========
Resolution for module 'graphql' was found in cache from location 'd:/DOPAMS/Toystack/dopams-backend-staging/src/schema/user/mutations'.
======== Module name 'graphql' was successfully resolved to 'd:/DOPAMS/Toystack/dopams-backend-staging/node_modules/graphql/index.d.ts' with Package ID 'graphql/index.d.ts@16.12.0'. ========
======== Resolving module '..' from 'd:/DOPAMS/Toystack/dopams-backend-staging/src/schema/user/mutations/signup.ts'. ========
Resolution for module '..' was found in cache from location 'd:/DOPAMS/Toystack/dopams-backend-staging/src/schema/user/mutations'.
======== Module name '..' was successfully resolved to 'd:/DOPAMS/Toystack/dopams-backend-staging/src/schema/user/index.ts'. ========
======== Resolving module '../services' from 'd:/DOPAMS/Toystack/dopams-backend-staging/src/schema/user/mutations/signup.ts'. ========
Resolution for module '../services' was found in cache from location 'd:/DOPAMS/Toystack/dopams-backend-staging/src/schema/user/mutations'.
======== Module name '../services' was successfully resolved to 'd:/DOPAMS/Toystack/dopams-backend-staging/src/schema/user/services/index.ts'. ========
======== Resolving module 'graphql' from 'd:/DOPAMS/Toystack/dopams-backend-staging/src/schema/user/mutations/update-background-color.ts'. ========
Resolution for module 'graphql' was found in cache from location 'd:/DOPAMS/Toystack/dopams-backend-staging/src/schema/user/mutations'.
======== Module name 'graphql' was successfully resolved to 'd:/DOPAMS/Toystack/dopams-backend-staging/node_modules/graphql/index.d.ts' with Package ID 'graphql/index.d.ts@16.12.0'. ========
======== Resolving module '../services' from 'd:/DOPAMS/Toystack/dopams-backend-staging/src/schema/user/mutations/update-background-color.ts'. ========
Resolution for module '../services' was found in cache from location 'd:/DOPAMS/Toystack/dopams-backend-staging/src/schema/user/mutations'.
======== Module name '../services' was successfully resolved to 'd:/DOPAMS/Toystack/dopams-backend-staging/src/schema/user/services/index.ts'. ========
======== Resolving module 'schema/user' from 'd:/DOPAMS/Toystack/dopams-backend-staging/src/schema/user/mutations/update-background-color.ts'. ========
Explicitly specified module resolution kind: 'Node10'.
'baseUrl' option is set to 'd:/DOPAMS/Toystack/dopams-backend-staging/src', using this value to resolve non-relative module name 'schema/user'.
'paths' option is specified, looking for a pattern to match module name 'schema/user'.
Module name 'schema/user', matched pattern 'schema/*'.
Trying substitution 'schema/*', candidate module location: 'schema/user'.
Loading module as file / folder, candidate module location 'd:/DOPAMS/Toystack/dopams-backend-staging/src/schema/user', target file types: TypeScript, Declaration.
File 'd:/DOPAMS/Toystack/dopams-backend-staging/src/schema/user.ts' does not exist.
File 'd:/DOPAMS/Toystack/dopams-backend-staging/src/schema/user.tsx' does not exist.
File 'd:/DOPAMS/Toystack/dopams-backend-staging/src/schema/user.d.ts' does not exist.
File 'd:/DOPAMS/Toystack/dopams-backend-staging/src/schema/user/package.json' does not exist according to earlier cached lookups.
File 'd:/DOPAMS/Toystack/dopams-backend-staging/src/schema/user/index.ts' exists - use it as a name resolution result.
======== Module name 'schema/user' was successfully resolved to 'd:/DOPAMS/Toystack/dopams-backend-staging/src/schema/user/index.ts'. ========
======== Resolving module 'graphql' from 'd:/DOPAMS/Toystack/dopams-backend-staging/src/schema/user/mutations/update-bulk-user-status.ts'. ========
Resolution for module 'graphql' was found in cache from location 'd:/DOPAMS/Toystack/dopams-backend-staging/src/schema/user/mutations'.
======== Module name 'graphql' was successfully resolved to 'd:/DOPAMS/Toystack/dopams-backend-staging/node_modules/graphql/index.d.ts' with Package ID 'graphql/index.d.ts@16.12.0'. ========
======== Resolving module '../enums/user-status' from 'd:/DOPAMS/Toystack/dopams-backend-staging/src/schema/user/mutations/update-bulk-user-status.ts'. ========
Explicitly specified module resolution kind: 'Node10'.
Loading module as file / folder, candidate module location 'd:/DOPAMS/Toystack/dopams-backend-staging/src/schema/user/enums/user-status', target file types: TypeScript, Declaration.
File 'd:/DOPAMS/Toystack/dopams-backend-staging/src/schema/user/enums/user-status.ts' exists - use it as a name resolution result.
======== Module name '../enums/user-status' was successfully resolved to 'd:/DOPAMS/Toystack/dopams-backend-staging/src/schema/user/enums/user-status.ts'. ========
======== Resolving module '../services' from 'd:/DOPAMS/Toystack/dopams-backend-staging/src/schema/user/mutations/update-bulk-user-status.ts'. ========
Resolution for module '../services' was found in cache from location 'd:/DOPAMS/Toystack/dopams-backend-staging/src/schema/user/mutations'.
======== Module name '../services' was successfully resolved to 'd:/DOPAMS/Toystack/dopams-backend-staging/src/schema/user/services/index.ts'. ========
======== Resolving module 'graphql' from 'd:/DOPAMS/Toystack/dopams-backend-staging/src/schema/user/mutations/update-user-role.ts'. ========
Resolution for module 'graphql' was found in cache from location 'd:/DOPAMS/Toystack/dopams-backend-staging/src/schema/user/mutations'.
======== Module name 'graphql' was successfully resolved to 'd:/DOPAMS/Toystack/dopams-backend-staging/node_modules/graphql/index.d.ts' with Package ID 'graphql/index.d.ts@16.12.0'. ========
======== Resolving module '../services' from 'd:/DOPAMS/Toystack/dopams-backend-staging/src/schema/user/mutations/update-user-role.ts'. ========
Resolution for module '../services' was found in cache from location 'd:/DOPAMS/Toystack/dopams-backend-staging/src/schema/user/mutations'.
======== Module name '../services' was successfully resolved to 'd:/DOPAMS/Toystack/dopams-backend-staging/src/schema/user/services/index.ts'. ========
======== Resolving module 'schema/user' from 'd:/DOPAMS/Toystack/dopams-backend-staging/src/schema/user/mutations/update-user-role.ts'. ========
Resolution for module 'schema/user' was found in cache from location 'd:/DOPAMS/Toystack/dopams-backend-staging/src/schema/user/mutations'.
======== Module name 'schema/user' was successfully resolved to 'd:/DOPAMS/Toystack/dopams-backend-staging/src/schema/user/index.ts'. ========
======== Resolving module 'schema/user/enums/user-role' from 'd:/DOPAMS/Toystack/dopams-backend-staging/src/schema/user/mutations/update-user-role.ts'. ========
Explicitly specified module resolution kind: 'Node10'.
'baseUrl' option is set to 'd:/DOPAMS/Toystack/dopams-backend-staging/src', using this value to resolve non-relative module name 'schema/user/enums/user-role'.
'paths' option is specified, looking for a pattern to match module name 'schema/user/enums/user-role'.
Module name 'schema/user/enums/user-role', matched pattern 'schema/*'.
Trying substitution 'schema/*', candidate module location: 'schema/user/enums/user-role'.
Loading module as file / folder, candidate module location 'd:/DOPAMS/Toystack/dopams-backend-staging/src/schema/user/enums/user-role', target file types: TypeScript, Declaration.
File 'd:/DOPAMS/Toystack/dopams-backend-staging/src/schema/user/enums/user-role.ts' exists - use it as a name resolution result.
======== Module name 'schema/user/enums/user-role' was successfully resolved to 'd:/DOPAMS/Toystack/dopams-backend-staging/src/schema/user/enums/user-role.ts'. ========
======== Resolving module 'graphql' from 'd:/DOPAMS/Toystack/dopams-backend-staging/src/schema/user/mutations/update-user-status.ts'. ========
Resolution for module 'graphql' was found in cache from location 'd:/DOPAMS/Toystack/dopams-backend-staging/src/schema/user/mutations'.
======== Module name 'graphql' was successfully resolved to 'd:/DOPAMS/Toystack/dopams-backend-staging/node_modules/graphql/index.d.ts' with Package ID 'graphql/index.d.ts@16.12.0'. ========
======== Resolving module '../services' from 'd:/DOPAMS/Toystack/dopams-backend-staging/src/schema/user/mutations/update-user-status.ts'. ========
Resolution for module '../services' was found in cache from location 'd:/DOPAMS/Toystack/dopams-backend-staging/src/schema/user/mutations'.
======== Module name '../services' was successfully resolved to 'd:/DOPAMS/Toystack/dopams-backend-staging/src/schema/user/services/index.ts'. ========
======== Resolving module '../enums/user-status' from 'd:/DOPAMS/Toystack/dopams-backend-staging/src/schema/user/mutations/update-user-status.ts'. ========
Resolution for module '../enums/user-status' was found in cache from location 'd:/DOPAMS/Toystack/dopams-backend-staging/src/schema/user/mutations'.
======== Module name '../enums/user-status' was successfully resolved to 'd:/DOPAMS/Toystack/dopams-backend-staging/src/schema/user/enums/user-status.ts'. ========
======== Resolving module 'schema/user' from 'd:/DOPAMS/Toystack/dopams-backend-staging/src/schema/user/mutations/update-user-status.ts'. ========
Resolution for module 'schema/user' was found in cache from location 'd:/DOPAMS/Toystack/dopams-backend-staging/src/schema/user/mutations'.
======== Module name 'schema/user' was successfully resolved to 'd:/DOPAMS/Toystack/dopams-backend-staging/src/schema/user/index.ts'. ========
======== Resolving module 'graphql' from 'd:/DOPAMS/Toystack/dopams-backend-staging/src/schema/user/mutations/remove-user.ts'. ========
Resolution for module 'graphql' was found in cache from location 'd:/DOPAMS/Toystack/dopams-backend-staging/src/schema/user/mutations'.
======== Module name 'graphql' was successfully resolved to 'd:/DOPAMS/Toystack/dopams-backend-staging/node_modules/graphql/index.d.ts' with Package ID 'graphql/index.d.ts@16.12.0'. ========
======== Resolving module 'schema/user' from 'd:/DOPAMS/Toystack/dopams-backend-staging/src/schema/user/mutations/remove-user.ts'. ========
Resolution for module 'schema/user' was found in cache from location 'd:/DOPAMS/Toystack/dopams-backend-staging/src/schema/user/mutations'.
======== Module name 'schema/user' was successfully resolved to 'd:/DOPAMS/Toystack/dopams-backend-staging/src/schema/user/index.ts'. ========
======== Resolving module 'schema/user/enums/user-role' from 'd:/DOPAMS/Toystack/dopams-backend-staging/src/schema/user/mutations/remove-user.ts'. ========
Resolution for module 'schema/user/enums/user-role' was found in cache from location 'd:/DOPAMS/Toystack/dopams-backend-staging/src/schema/user/mutations'.
======== Module name 'schema/user/enums/user-role' was successfully resolved to 'd:/DOPAMS/Toystack/dopams-backend-staging/src/schema/user/enums/user-role.ts'. ========
======== Resolving module 'utils/misc' from 'd:/DOPAMS/Toystack/dopams-backend-staging/src/schema/user/mutations/remove-user.ts'. ========
Explicitly specified module resolution kind: 'Node10'.
'baseUrl' option is set to 'd:/DOPAMS/Toystack/dopams-backend-staging/src', using this value to resolve non-relative module name 'utils/misc'.
'paths' option is specified, looking for a pattern to match module name 'utils/misc'.
Module name 'utils/misc', matched pattern 'utils/*'.
Trying substitution 'utils/*', candidate module location: 'utils/misc'.
Loading module as file / folder, candidate module location 'd:/DOPAMS/Toystack/dopams-backend-staging/src/utils/misc', target file types: TypeScript, Declaration.
File 'd:/DOPAMS/Toystack/dopams-backend-staging/src/utils/misc.ts' exists - use it as a name resolution result.
======== Module name 'utils/misc' was successfully resolved to 'd:/DOPAMS/Toystack/dopams-backend-staging/src/utils/misc.ts'. ========
======== Resolving module '../services' from 'd:/DOPAMS/Toystack/dopams-backend-staging/src/schema/user/mutations/remove-user.ts'. ========
Resolution for module '../services' was found in cache from location 'd:/DOPAMS/Toystack/dopams-backend-staging/src/schema/user/mutations'.
======== Module name '../services' was successfully resolved to 'd:/DOPAMS/Toystack/dopams-backend-staging/src/schema/user/services/index.ts'. ========
======== Resolving module 'graphql' from 'd:/DOPAMS/Toystack/dopams-backend-staging/src/schema/user/mutations/reset-password.ts'. ========
Resolution for module 'graphql' was found in cache from location 'd:/DOPAMS/Toystack/dopams-backend-staging/src/schema/user/mutations'.
======== Module name 'graphql' was successfully resolved to 'd:/DOPAMS/Toystack/dopams-backend-staging/node_modules/graphql/index.d.ts' with Package ID 'graphql/index.d.ts@16.12.0'. ========
======== Resolving module '..' from 'd:/DOPAMS/Toystack/dopams-backend-staging/src/schema/user/mutations/reset-password.ts'. ========
Resolution for module '..' was found in cache from location 'd:/DOPAMS/Toystack/dopams-backend-staging/src/schema/user/mutations'.
======== Module name '..' was successfully resolved to 'd:/DOPAMS/Toystack/dopams-backend-staging/src/schema/user/index.ts'. ========
======== Resolving module '../services' from 'd:/DOPAMS/Toystack/dopams-backend-staging/src/schema/user/mutations/reset-password.ts'. ========
Resolution for module '../services' was found in cache from location 'd:/DOPAMS/Toystack/dopams-backend-staging/src/schema/user/mutations'.
======== Module name '../services' was successfully resolved to 'd:/DOPAMS/Toystack/dopams-backend-staging/src/schema/user/services/index.ts'. ========
======== Resolving module 'graphql' from 'd:/DOPAMS/Toystack/dopams-backend-staging/src/schema/user/mutations/create-user.ts'. ========
Resolution for module 'graphql' was found in cache from location 'd:/DOPAMS/Toystack/dopams-backend-staging/src/schema/user/mutations'.
======== Module name 'graphql' was successfully resolved to 'd:/DOPAMS/Toystack/dopams-backend-staging/node_modules/graphql/index.d.ts' with Package ID 'graphql/index.d.ts@16.12.0'. ========
======== Resolving module '..' from 'd:/DOPAMS/Toystack/dopams-backend-staging/src/schema/user/mutations/create-user.ts'. ========
Resolution for module '..' was found in cache from location 'd:/DOPAMS/Toystack/dopams-backend-staging/src/schema/user/mutations'.
======== Module name '..' was successfully resolved to 'd:/DOPAMS/Toystack/dopams-backend-staging/src/schema/user/index.ts'. ========
======== Resolving module '../services' from 'd:/DOPAMS/Toystack/dopams-backend-staging/src/schema/user/mutations/create-user.ts'. ========
Resolution for module '../services' was found in cache from location 'd:/DOPAMS/Toystack/dopams-backend-staging/src/schema/user/mutations'.
======== Module name '../services' was successfully resolved to 'd:/DOPAMS/Toystack/dopams-backend-staging/src/schema/user/services/index.ts'. ========
======== Resolving module '../enums/user-role' from 'd:/DOPAMS/Toystack/dopams-backend-staging/src/schema/user/mutations/create-user.ts'. ========
Explicitly specified module resolution kind: 'Node10'.
Loading module as file / folder, candidate module location 'd:/DOPAMS/Toystack/dopams-backend-staging/src/schema/user/enums/user-role', target file types: TypeScript, Declaration.
File 'd:/DOPAMS/Toystack/dopams-backend-staging/src/schema/user/enums/user-role.ts' exists - use it as a name resolution result.
======== Module name '../enums/user-role' was successfully resolved to 'd:/DOPAMS/Toystack/dopams-backend-staging/src/schema/user/enums/user-role.ts'. ========
======== Resolving module 'graphql-upload-ts' from 'd:/DOPAMS/Toystack/dopams-backend-staging/src/schema/firs/mutations/index.ts'. ========
Explicitly specified module resolution kind: 'Node10'.
'baseUrl' option is set to 'd:/DOPAMS/Toystack/dopams-backend-staging/src', using this value to resolve non-relative module name 'graphql-upload-ts'.
'paths' option is specified, looking for a pattern to match module name 'graphql-upload-ts'.
'baseUrl' option is set to 'd:/DOPAMS/Toystack/dopams-backend-staging/src', using this value to resolve non-relative module name 'graphql-upload-ts'.
Resolving module name 'graphql-upload-ts' relative to base url 'd:/DOPAMS/Toystack/dopams-backend-staging/src' - 'd:/DOPAMS/Toystack/dopams-backend-staging/src/graphql-upload-ts'.
Loading module as file / folder, candidate module location 'd:/DOPAMS/Toystack/dopams-backend-staging/src/graphql-upload-ts', target file types: TypeScript, Declaration.
File 'd:/DOPAMS/Toystack/dopams-backend-staging/src/graphql-upload-ts.ts' does not exist.
File 'd:/DOPAMS/Toystack/dopams-backend-staging/src/graphql-upload-ts.tsx' does not exist.
File 'd:/DOPAMS/Toystack/dopams-backend-staging/src/graphql-upload-ts.d.ts' does not exist.
Directory 'd:/DOPAMS/Toystack/dopams-backend-staging/src/graphql-upload-ts' does not exist, skipping all lookups in it.
Loading module 'graphql-upload-ts' from 'node_modules' folder, target file types: TypeScript, Declaration.
Searching all ancestor node_modules directories for preferred extensions: TypeScript, Declaration.
Directory 'd:/DOPAMS/Toystack/dopams-backend-staging/src/schema/firs/mutations/node_modules' does not exist, skipping all lookups in it.
Directory 'd:/DOPAMS/Toystack/dopams-backend-staging/src/schema/firs/node_modules' does not exist, skipping all lookups in it.
Directory 'd:/DOPAMS/Toystack/dopams-backend-staging/src/schema/node_modules' does not exist, skipping all lookups in it.
Resolution for module 'graphql-upload-ts' was found in cache from location 'd:/DOPAMS/Toystack/dopams-backend-staging/src'.
======== Module name 'graphql-upload-ts' was successfully resolved to 'd:/DOPAMS/Toystack/dopams-backend-staging/node_modules/graphql-upload-ts/dist/index.d.ts' with Package ID 'graphql-upload-ts/dist/index.d.ts@2.1.3+graphql@16.12.0'. ========
======== Resolving module 'graphql' from 'd:/DOPAMS/Toystack/dopams-backend-staging/src/schema/firs/mutations/index.ts'. ========
Explicitly specified module resolution kind: 'Node10'.
'baseUrl' option is set to 'd:/DOPAMS/Toystack/dopams-backend-staging/src', using this value to resolve non-relative module name 'graphql'.
'paths' option is specified, looking for a pattern to match module name 'graphql'.
'baseUrl' option is set to 'd:/DOPAMS/Toystack/dopams-backend-staging/src', using this value to resolve non-relative module name 'graphql'.
Resolving module name 'graphql' relative to base url 'd:/DOPAMS/Toystack/dopams-backend-staging/src' - 'd:/DOPAMS/Toystack/dopams-backend-staging/src/graphql'.
Loading module as file / folder, candidate module location 'd:/DOPAMS/Toystack/dopams-backend-staging/src/graphql', target file types: TypeScript, Declaration.
File 'd:/DOPAMS/Toystack/dopams-backend-staging/src/graphql.ts' does not exist.
File 'd:/DOPAMS/Toystack/dopams-backend-staging/src/graphql.tsx' does not exist.
File 'd:/DOPAMS/Toystack/dopams-backend-staging/src/graphql.d.ts' does not exist.
Directory 'd:/DOPAMS/Toystack/dopams-backend-staging/src/graphql' does not exist, skipping all lookups in it.
Loading module 'graphql' from 'node_modules' folder, target file types: TypeScript, Declaration.
Searching all ancestor node_modules directories for preferred extensions: TypeScript, Declaration.
Directory 'd:/DOPAMS/Toystack/dopams-backend-staging/src/schema/firs/mutations/node_modules' does not exist, skipping all lookups in it.
Directory 'd:/DOPAMS/Toystack/dopams-backend-staging/src/schema/firs/node_modules' does not exist, skipping all lookups in it.
Resolution for module 'graphql' was found in cache from location 'd:/DOPAMS/Toystack/dopams-backend-staging/src/schema'.
======== Module name 'graphql' was successfully resolved to 'd:/DOPAMS/Toystack/dopams-backend-staging/node_modules/graphql/index.d.ts' with Package ID 'graphql/index.d.ts@16.12.0'. ========
======== Resolving module '../services' from 'd:/DOPAMS/Toystack/dopams-backend-staging/src/schema/firs/mutations/index.ts'. ========
Explicitly specified module resolution kind: 'Node10'.
Loading module as file / folder, candidate module location 'd:/DOPAMS/Toystack/dopams-backend-staging/src/schema/firs/services', target file types: TypeScript, Declaration.
File 'd:/DOPAMS/Toystack/dopams-backend-staging/src/schema/firs/services.ts' does not exist.
File 'd:/DOPAMS/Toystack/dopams-backend-staging/src/schema/firs/services.tsx' does not exist.
File 'd:/DOPAMS/Toystack/dopams-backend-staging/src/schema/firs/services.d.ts' does not exist.
File 'd:/DOPAMS/Toystack/dopams-backend-staging/src/schema/firs/services/package.json' does not exist.
File 'd:/DOPAMS/Toystack/dopams-backend-staging/src/schema/firs/services/index.ts' exists - use it as a name resolution result.
======== Module name '../services' was successfully resolved to 'd:/DOPAMS/Toystack/dopams-backend-staging/src/schema/firs/services/index.ts'. ========
======== Resolving module '@prisma/client' from 'd:/DOPAMS/Toystack/dopams-backend-staging/src/schema/firs/services/index.ts'. ========
Explicitly specified module resolution kind: 'Node10'.
'baseUrl' option is set to 'd:/DOPAMS/Toystack/dopams-backend-staging/src', using this value to resolve non-relative module name '@prisma/client'.
'paths' option is specified, looking for a pattern to match module name '@prisma/client'.
'baseUrl' option is set to 'd:/DOPAMS/Toystack/dopams-backend-staging/src', using this value to resolve non-relative module name '@prisma/client'.
Resolving module name '@prisma/client' relative to base url 'd:/DOPAMS/Toystack/dopams-backend-staging/src' - 'd:/DOPAMS/Toystack/dopams-backend-staging/src/@prisma/client'.
Loading module as file / folder, candidate module location 'd:/DOPAMS/Toystack/dopams-backend-staging/src/@prisma/client', target file types: TypeScript, Declaration.
Loading module '@prisma/client' from 'node_modules' folder, target file types: TypeScript, Declaration.
Searching all ancestor node_modules directories for preferred extensions: TypeScript, Declaration.
Directory 'd:/DOPAMS/Toystack/dopams-backend-staging/src/schema/firs/services/node_modules' does not exist, skipping all lookups in it.
Scoped package detected, looking in 'prisma__client'
Directory 'd:/DOPAMS/Toystack/dopams-backend-staging/src/schema/firs/node_modules' does not exist, skipping all lookups in it.
Scoped package detected, looking in 'prisma__client'
Resolution for module '@prisma/client' was found in cache from location 'd:/DOPAMS/Toystack/dopams-backend-staging/src/schema'.
======== Module name '@prisma/client' was successfully resolved to 'd:/DOPAMS/Toystack/dopams-backend-staging/node_modules/@prisma/client/default.d.ts' with Package ID '@prisma/client/default.d.ts@6.19.2+prisma@6.19.2+typescript@5.9.3'. ========
======== Resolving module 'datasources/prisma' from 'd:/DOPAMS/Toystack/dopams-backend-staging/src/schema/firs/services/index.ts'. ========
Explicitly specified module resolution kind: 'Node10'.
'baseUrl' option is set to 'd:/DOPAMS/Toystack/dopams-backend-staging/src', using this value to resolve non-relative module name 'datasources/prisma'.
'paths' option is specified, looking for a pattern to match module name 'datasources/prisma'.
'baseUrl' option is set to 'd:/DOPAMS/Toystack/dopams-backend-staging/src', using this value to resolve non-relative module name 'datasources/prisma'.
Resolving module name 'datasources/prisma' relative to base url 'd:/DOPAMS/Toystack/dopams-backend-staging/src' - 'd:/DOPAMS/Toystack/dopams-backend-staging/src/datasources/prisma'.
Loading module as file / folder, candidate module location 'd:/DOPAMS/Toystack/dopams-backend-staging/src/datasources/prisma', target file types: TypeScript, Declaration.
File 'd:/DOPAMS/Toystack/dopams-backend-staging/src/datasources/prisma.ts' exists - use it as a name resolution result.
======== Module name 'datasources/prisma' was successfully resolved to 'd:/DOPAMS/Toystack/dopams-backend-staging/src/datasources/prisma.ts'. ========
======== Resolving module 'interfaces/fir' from 'd:/DOPAMS/Toystack/dopams-backend-staging/src/schema/firs/services/index.ts'. ========
Explicitly specified module resolution kind: 'Node10'.
'baseUrl' option is set to 'd:/DOPAMS/Toystack/dopams-backend-staging/src', using this value to resolve non-relative module name 'interfaces/fir'.
'paths' option is specified, looking for a pattern to match module name 'interfaces/fir'.
Module name 'interfaces/fir', matched pattern 'interfaces/*'.
Trying substitution 'interfaces/*', candidate module location: 'interfaces/fir'.
Loading module as file / folder, candidate module location 'd:/DOPAMS/Toystack/dopams-backend-staging/src/interfaces/fir', target file types: TypeScript, Declaration.
File 'd:/DOPAMS/Toystack/dopams-backend-staging/src/interfaces/fir.ts' exists - use it as a name resolution result.
======== Module name 'interfaces/fir' was successfully resolved to 'd:/DOPAMS/Toystack/dopams-backend-staging/src/interfaces/fir.ts'. ========
======== Resolving module 'prisma-extension-pagination' from 'd:/DOPAMS/Toystack/dopams-backend-staging/src/schema/firs/services/index.ts'. ========
Explicitly specified module resolution kind: 'Node10'.
'baseUrl' option is set to 'd:/DOPAMS/Toystack/dopams-backend-staging/src', using this value to resolve non-relative module name 'prisma-extension-pagination'.
'paths' option is specified, looking for a pattern to match module name 'prisma-extension-pagination'.
'baseUrl' option is set to 'd:/DOPAMS/Toystack/dopams-backend-staging/src', using this value to resolve non-relative module name 'prisma-extension-pagination'.
Resolving module name 'prisma-extension-pagination' relative to base url 'd:/DOPAMS/Toystack/dopams-backend-staging/src' - 'd:/DOPAMS/Toystack/dopams-backend-staging/src/prisma-extension-pagination'.
Loading module as file / folder, candidate module location 'd:/DOPAMS/Toystack/dopams-backend-staging/src/prisma-extension-pagination', target file types: TypeScript, Declaration.
File 'd:/DOPAMS/Toystack/dopams-backend-staging/src/prisma-extension-pagination.ts' does not exist.
File 'd:/DOPAMS/Toystack/dopams-backend-staging/src/prisma-extension-pagination.tsx' does not exist.
File 'd:/DOPAMS/Toystack/dopams-backend-staging/src/prisma-extension-pagination.d.ts' does not exist.
Directory 'd:/DOPAMS/Toystack/dopams-backend-staging/src/prisma-extension-pagination' does not exist, skipping all lookups in it.
Loading module 'prisma-extension-pagination' from 'node_modules' folder, target file types: TypeScript, Declaration.
Searching all ancestor node_modules directories for preferred extensions: TypeScript, Declaration.
Directory 'd:/DOPAMS/Toystack/dopams-backend-staging/src/schema/firs/services/node_modules' does not exist, skipping all lookups in it.
Directory 'd:/DOPAMS/Toystack/dopams-backend-staging/src/schema/firs/node_modules' does not exist, skipping all lookups in it.
Directory 'd:/DOPAMS/Toystack/dopams-backend-staging/src/schema/node_modules' does not exist, skipping all lookups in it.
Resolution for module 'prisma-extension-pagination' was found in cache from location 'd:/DOPAMS/Toystack/dopams-backend-staging/src'.
======== Module name 'prisma-extension-pagination' was successfully resolved to 'd:/DOPAMS/Toystack/dopams-backend-staging/node_modules/prisma-extension-pagination/dist/index.d.ts' with Package ID 'prisma-extension-pagination/dist/index.d.ts@0.7.6+@prisma/client@6.19.2'. ========
======== Resolving module 'utils/errors/resource-not-found' from 'd:/DOPAMS/Toystack/dopams-backend-staging/src/schema/firs/services/index.ts'. ========
Explicitly specified module resolution kind: 'Node10'.
'baseUrl' option is set to 'd:/DOPAMS/Toystack/dopams-backend-staging/src', using this value to resolve non-relative module name 'utils/errors/resource-not-found'.
'paths' option is specified, looking for a pattern to match module name 'utils/errors/resource-not-found'.
Module name 'utils/errors/resource-not-found', matched pattern 'utils/*'.
Trying substitution 'utils/*', candidate module location: 'utils/errors/resource-not-found'.
Loading module as file / folder, candidate module location 'd:/DOPAMS/Toystack/dopams-backend-staging/src/utils/errors/resource-not-found', target file types: TypeScript, Declaration.
File 'd:/DOPAMS/Toystack/dopams-backend-staging/src/utils/errors/resource-not-found.ts' exists - use it as a name resolution result.
======== Module name 'utils/errors/resource-not-found' was successfully resolved to 'd:/DOPAMS/Toystack/dopams-backend-staging/src/utils/errors/resource-not-found.ts'. ========
======== Resolving module 'graphql-upload-ts' from 'd:/DOPAMS/Toystack/dopams-backend-staging/src/schema/firs/services/index.ts'. ========
Explicitly specified module resolution kind: 'Node10'.
'baseUrl' option is set to 'd:/DOPAMS/Toystack/dopams-backend-staging/src', using this value to resolve non-relative module name 'graphql-upload-ts'.
'paths' option is specified, looking for a pattern to match module name 'graphql-upload-ts'.
'baseUrl' option is set to 'd:/DOPAMS/Toystack/dopams-backend-staging/src', using this value to resolve non-relative module name 'graphql-upload-ts'.
Resolving module name 'graphql-upload-ts' relative to base url 'd:/DOPAMS/Toystack/dopams-backend-staging/src' - 'd:/DOPAMS/Toystack/dopams-backend-staging/src/graphql-upload-ts'.
Loading module as file / folder, candidate module location 'd:/DOPAMS/Toystack/dopams-backend-staging/src/graphql-upload-ts', target file types: TypeScript, Declaration.
File 'd:/DOPAMS/Toystack/dopams-backend-staging/src/graphql-upload-ts.ts' does not exist.
File 'd:/DOPAMS/Toystack/dopams-backend-staging/src/graphql-upload-ts.tsx' does not exist.
File 'd:/DOPAMS/Toystack/dopams-backend-staging/src/graphql-upload-ts.d.ts' does not exist.
Directory 'd:/DOPAMS/Toystack/dopams-backend-staging/src/graphql-upload-ts' does not exist, skipping all lookups in it.
Loading module 'graphql-upload-ts' from 'node_modules' folder, target file types: TypeScript, Declaration.
Searching all ancestor node_modules directories for preferred extensions: TypeScript, Declaration.
Directory 'd:/DOPAMS/Toystack/dopams-backend-staging/src/schema/firs/services/node_modules' does not exist, skipping all lookups in it.
Resolution for module 'graphql-upload-ts' was found in cache from location 'd:/DOPAMS/Toystack/dopams-backend-staging/src/schema/firs'.
======== Module name 'graphql-upload-ts' was successfully resolved to 'd:/DOPAMS/Toystack/dopams-backend-staging/node_modules/graphql-upload-ts/dist/index.d.ts' with Package ID 'graphql-upload-ts/dist/index.d.ts@2.1.3+graphql@16.12.0'. ========
======== Resolving module 'utils/misc' from 'd:/DOPAMS/Toystack/dopams-backend-staging/src/schema/firs/services/index.ts'. ========
Explicitly specified module resolution kind: 'Node10'.
'baseUrl' option is set to 'd:/DOPAMS/Toystack/dopams-backend-staging/src', using this value to resolve non-relative module name 'utils/misc'.
'paths' option is specified, looking for a pattern to match module name 'utils/misc'.
Module name 'utils/misc', matched pattern 'utils/*'.
Trying substitution 'utils/*', candidate module location: 'utils/misc'.
Loading module as file / folder, candidate module location 'd:/DOPAMS/Toystack/dopams-backend-staging/src/utils/misc', target file types: TypeScript, Declaration.
File 'd:/DOPAMS/Toystack/dopams-backend-staging/src/utils/misc.ts' exists - use it as a name resolution result.
======== Module name 'utils/misc' was successfully resolved to 'd:/DOPAMS/Toystack/dopams-backend-staging/src/utils/misc.ts'. ========
======== Resolving module 'graphql' from 'd:/DOPAMS/Toystack/dopams-backend-staging/src/utils/errors/resource-not-found.ts'. ========
Resolution for module 'graphql' was found in cache from location 'd:/DOPAMS/Toystack/dopams-backend-staging/src/utils/errors'.
======== Module name 'graphql' was successfully resolved to 'd:/DOPAMS/Toystack/dopams-backend-staging/node_modules/graphql/index.d.ts' with Package ID 'graphql/index.d.ts@16.12.0'. ========
======== Resolving module 'graphql' from 'd:/DOPAMS/Toystack/dopams-backend-staging/src/schema/criminal-profile/mutations/index.ts'. ========
Explicitly specified module resolution kind: 'Node10'.
'baseUrl' option is set to 'd:/DOPAMS/Toystack/dopams-backend-staging/src', using this value to resolve non-relative module name 'graphql'.
'paths' option is specified, looking for a pattern to match module name 'graphql'.
'baseUrl' option is set to 'd:/DOPAMS/Toystack/dopams-backend-staging/src', using this value to resolve non-relative module name 'graphql'.
Resolving module name 'graphql' relative to base url 'd:/DOPAMS/Toystack/dopams-backend-staging/src' - 'd:/DOPAMS/Toystack/dopams-backend-staging/src/graphql'.
Loading module as file / folder, candidate module location 'd:/DOPAMS/Toystack/dopams-backend-staging/src/graphql', target file types: TypeScript, Declaration.
File 'd:/DOPAMS/Toystack/dopams-backend-staging/src/graphql.ts' does not exist.
File 'd:/DOPAMS/Toystack/dopams-backend-staging/src/graphql.tsx' does not exist.
File 'd:/DOPAMS/Toystack/dopams-backend-staging/src/graphql.d.ts' does not exist.
Directory 'd:/DOPAMS/Toystack/dopams-backend-staging/src/graphql' does not exist, skipping all lookups in it.
Loading module 'graphql' from 'node_modules' folder, target file types: TypeScript, Declaration.
Searching all ancestor node_modules directories for preferred extensions: TypeScript, Declaration.
Directory 'd:/DOPAMS/Toystack/dopams-backend-staging/src/schema/criminal-profile/mutations/node_modules' does not exist, skipping all lookups in it.
Directory 'd:/DOPAMS/Toystack/dopams-backend-staging/src/schema/criminal-profile/node_modules' does not exist, skipping all lookups in it.
Resolution for module 'graphql' was found in cache from location 'd:/DOPAMS/Toystack/dopams-backend-staging/src/schema'.
======== Module name 'graphql' was successfully resolved to 'd:/DOPAMS/Toystack/dopams-backend-staging/node_modules/graphql/index.d.ts' with Package ID 'graphql/index.d.ts@16.12.0'. ========
======== Resolving module 'graphql-upload-ts' from 'd:/DOPAMS/Toystack/dopams-backend-staging/src/schema/criminal-profile/mutations/index.ts'. ========
Explicitly specified module resolution kind: 'Node10'.
'baseUrl' option is set to 'd:/DOPAMS/Toystack/dopams-backend-staging/src', using this value to resolve non-relative module name 'graphql-upload-ts'.
'paths' option is specified, looking for a pattern to match module name 'graphql-upload-ts'.
'baseUrl' option is set to 'd:/DOPAMS/Toystack/dopams-backend-staging/src', using this value to resolve non-relative module name 'graphql-upload-ts'.
Resolving module name 'graphql-upload-ts' relative to base url 'd:/DOPAMS/Toystack/dopams-backend-staging/src' - 'd:/DOPAMS/Toystack/dopams-backend-staging/src/graphql-upload-ts'.
Loading module as file / folder, candidate module location 'd:/DOPAMS/Toystack/dopams-backend-staging/src/graphql-upload-ts', target file types: TypeScript, Declaration.
File 'd:/DOPAMS/Toystack/dopams-backend-staging/src/graphql-upload-ts.ts' does not exist.
File 'd:/DOPAMS/Toystack/dopams-backend-staging/src/graphql-upload-ts.tsx' does not exist.
File 'd:/DOPAMS/Toystack/dopams-backend-staging/src/graphql-upload-ts.d.ts' does not exist.
Directory 'd:/DOPAMS/Toystack/dopams-backend-staging/src/graphql-upload-ts' does not exist, skipping all lookups in it.
Loading module 'graphql-upload-ts' from 'node_modules' folder, target file types: TypeScript, Declaration.
Searching all ancestor node_modules directories for preferred extensions: TypeScript, Declaration.
Directory 'd:/DOPAMS/Toystack/dopams-backend-staging/src/schema/criminal-profile/mutations/node_modules' does not exist, skipping all lookups in it.
Directory 'd:/DOPAMS/Toystack/dopams-backend-staging/src/schema/criminal-profile/node_modules' does not exist, skipping all lookups in it.
Resolution for module 'graphql-upload-ts' was found in cache from location 'd:/DOPAMS/Toystack/dopams-backend-staging/src/schema'.
======== Module name 'graphql-upload-ts' was successfully resolved to 'd:/DOPAMS/Toystack/dopams-backend-staging/node_modules/graphql-upload-ts/dist/index.d.ts' with Package ID 'graphql-upload-ts/dist/index.d.ts@2.1.3+graphql@16.12.0'. ========
======== Resolving module '../services' from 'd:/DOPAMS/Toystack/dopams-backend-staging/src/schema/criminal-profile/mutations/index.ts'. ========
Explicitly specified module resolution kind: 'Node10'.
Loading module as file / folder, candidate module location 'd:/DOPAMS/Toystack/dopams-backend-staging/src/schema/criminal-profile/services', target file types: TypeScript, Declaration.
File 'd:/DOPAMS/Toystack/dopams-backend-staging/src/schema/criminal-profile/services.ts' does not exist.
File 'd:/DOPAMS/Toystack/dopams-backend-staging/src/schema/criminal-profile/services.tsx' does not exist.
File 'd:/DOPAMS/Toystack/dopams-backend-staging/src/schema/criminal-profile/services.d.ts' does not exist.
File 'd:/DOPAMS/Toystack/dopams-backend-staging/src/schema/criminal-profile/services/package.json' does not exist.
File 'd:/DOPAMS/Toystack/dopams-backend-staging/src/schema/criminal-profile/services/index.ts' exists - use it as a name resolution result.
======== Module name '../services' was successfully resolved to 'd:/DOPAMS/Toystack/dopams-backend-staging/src/schema/criminal-profile/services/index.ts'. ========
======== Resolving module '@prisma/client' from 'd:/DOPAMS/Toystack/dopams-backend-staging/src/schema/criminal-profile/services/index.ts'. ========
Explicitly specified module resolution kind: 'Node10'.
'baseUrl' option is set to 'd:/DOPAMS/Toystack/dopams-backend-staging/src', using this value to resolve non-relative module name '@prisma/client'.
'paths' option is specified, looking for a pattern to match module name '@prisma/client'.
'baseUrl' option is set to 'd:/DOPAMS/Toystack/dopams-backend-staging/src', using this value to resolve non-relative module name '@prisma/client'.
Resolving module name '@prisma/client' relative to base url 'd:/DOPAMS/Toystack/dopams-backend-staging/src' - 'd:/DOPAMS/Toystack/dopams-backend-staging/src/@prisma/client'.
Loading module as file / folder, candidate module location 'd:/DOPAMS/Toystack/dopams-backend-staging/src/@prisma/client', target file types: TypeScript, Declaration.
Loading module '@prisma/client' from 'node_modules' folder, target file types: TypeScript, Declaration.
Searching all ancestor node_modules directories for preferred extensions: TypeScript, Declaration.
Directory 'd:/DOPAMS/Toystack/dopams-backend-staging/src/schema/criminal-profile/services/node_modules' does not exist, skipping all lookups in it.
Scoped package detected, looking in 'prisma__client'
Directory 'd:/DOPAMS/Toystack/dopams-backend-staging/src/schema/criminal-profile/node_modules' does not exist, skipping all lookups in it.
Scoped package detected, looking in 'prisma__client'
Resolution for module '@prisma/client' was found in cache from location 'd:/DOPAMS/Toystack/dopams-backend-staging/src/schema'.
======== Module name '@prisma/client' was successfully resolved to 'd:/DOPAMS/Toystack/dopams-backend-staging/node_modules/@prisma/client/default.d.ts' with Package ID '@prisma/client/default.d.ts@6.19.2+prisma@6.19.2+typescript@5.9.3'. ========
======== Resolving module 'datasources/prisma' from 'd:/DOPAMS/Toystack/dopams-backend-staging/src/schema/criminal-profile/services/index.ts'. ========
Explicitly specified module resolution kind: 'Node10'.
'baseUrl' option is set to 'd:/DOPAMS/Toystack/dopams-backend-staging/src', using this value to resolve non-relative module name 'datasources/prisma'.
'paths' option is specified, looking for a pattern to match module name 'datasources/prisma'.
'baseUrl' option is set to 'd:/DOPAMS/Toystack/dopams-backend-staging/src', using this value to resolve non-relative module name 'datasources/prisma'.
Resolving module name 'datasources/prisma' relative to base url 'd:/DOPAMS/Toystack/dopams-backend-staging/src' - 'd:/DOPAMS/Toystack/dopams-backend-staging/src/datasources/prisma'.
Loading module as file / folder, candidate module location 'd:/DOPAMS/Toystack/dopams-backend-staging/src/datasources/prisma', target file types: TypeScript, Declaration.
File 'd:/DOPAMS/Toystack/dopams-backend-staging/src/datasources/prisma.ts' exists - use it as a name resolution result.
======== Module name 'datasources/prisma' was successfully resolved to 'd:/DOPAMS/Toystack/dopams-backend-staging/src/datasources/prisma.ts'. ========
======== Resolving module 'graphql-upload-ts' from 'd:/DOPAMS/Toystack/dopams-backend-staging/src/schema/criminal-profile/services/index.ts'. ========
Explicitly specified module resolution kind: 'Node10'.
'baseUrl' option is set to 'd:/DOPAMS/Toystack/dopams-backend-staging/src', using this value to resolve non-relative module name 'graphql-upload-ts'.
'paths' option is specified, looking for a pattern to match module name 'graphql-upload-ts'.
'baseUrl' option is set to 'd:/DOPAMS/Toystack/dopams-backend-staging/src', using this value to resolve non-relative module name 'graphql-upload-ts'.
Resolving module name 'graphql-upload-ts' relative to base url 'd:/DOPAMS/Toystack/dopams-backend-staging/src' - 'd:/DOPAMS/Toystack/dopams-backend-staging/src/graphql-upload-ts'.
Loading module as file / folder, candidate module location 'd:/DOPAMS/Toystack/dopams-backend-staging/src/graphql-upload-ts', target file types: TypeScript, Declaration.
File 'd:/DOPAMS/Toystack/dopams-backend-staging/src/graphql-upload-ts.ts' does not exist.
File 'd:/DOPAMS/Toystack/dopams-backend-staging/src/graphql-upload-ts.tsx' does not exist.
File 'd:/DOPAMS/Toystack/dopams-backend-staging/src/graphql-upload-ts.d.ts' does not exist.
Directory 'd:/DOPAMS/Toystack/dopams-backend-staging/src/graphql-upload-ts' does not exist, skipping all lookups in it.
Loading module 'graphql-upload-ts' from 'node_modules' folder, target file types: TypeScript, Declaration.
Searching all ancestor node_modules directories for preferred extensions: TypeScript, Declaration.
Directory 'd:/DOPAMS/Toystack/dopams-backend-staging/src/schema/criminal-profile/services/node_modules' does not exist, skipping all lookups in it.
Resolution for module 'graphql-upload-ts' was found in cache from location 'd:/DOPAMS/Toystack/dopams-backend-staging/src/schema/criminal-profile'.
======== Module name 'graphql-upload-ts' was successfully resolved to 'd:/DOPAMS/Toystack/dopams-backend-staging/node_modules/graphql-upload-ts/dist/index.d.ts' with Package ID 'graphql-upload-ts/dist/index.d.ts@2.1.3+graphql@16.12.0'. ========
======== Resolving module 'interfaces/criminal-profile' from 'd:/DOPAMS/Toystack/dopams-backend-staging/src/schema/criminal-profile/services/index.ts'. ========
Explicitly specified module resolution kind: 'Node10'.
'baseUrl' option is set to 'd:/DOPAMS/Toystack/dopams-backend-staging/src', using this value to resolve non-relative module name 'interfaces/criminal-profile'.
'paths' option is specified, looking for a pattern to match module name 'interfaces/criminal-profile'.
Module name 'interfaces/criminal-profile', matched pattern 'interfaces/*'.
Trying substitution 'interfaces/*', candidate module location: 'interfaces/criminal-profile'.
Loading module as file / folder, candidate module location 'd:/DOPAMS/Toystack/dopams-backend-staging/src/interfaces/criminal-profile', target file types: TypeScript, Declaration.
File 'd:/DOPAMS/Toystack/dopams-backend-staging/src/interfaces/criminal-profile.ts' exists - use it as a name resolution result.
======== Module name 'interfaces/criminal-profile' was successfully resolved to 'd:/DOPAMS/Toystack/dopams-backend-staging/src/interfaces/criminal-profile.ts'. ========
======== Resolving module 'prisma-extension-pagination' from 'd:/DOPAMS/Toystack/dopams-backend-staging/src/schema/criminal-profile/services/index.ts'. ========
Explicitly specified module resolution kind: 'Node10'.
'baseUrl' option is set to 'd:/DOPAMS/Toystack/dopams-backend-staging/src', using this value to resolve non-relative module name 'prisma-extension-pagination'.
'paths' option is specified, looking for a pattern to match module name 'prisma-extension-pagination'.
'baseUrl' option is set to 'd:/DOPAMS/Toystack/dopams-backend-staging/src', using this value to resolve non-relative module name 'prisma-extension-pagination'.
Resolving module name 'prisma-extension-pagination' relative to base url 'd:/DOPAMS/Toystack/dopams-backend-staging/src' - 'd:/DOPAMS/Toystack/dopams-backend-staging/src/prisma-extension-pagination'.
Loading module as file / folder, candidate module location 'd:/DOPAMS/Toystack/dopams-backend-staging/src/prisma-extension-pagination', target file types: TypeScript, Declaration.
File 'd:/DOPAMS/Toystack/dopams-backend-staging/src/prisma-extension-pagination.ts' does not exist.
File 'd:/DOPAMS/Toystack/dopams-backend-staging/src/prisma-extension-pagination.tsx' does not exist.
File 'd:/DOPAMS/Toystack/dopams-backend-staging/src/prisma-extension-pagination.d.ts' does not exist.
Directory 'd:/DOPAMS/Toystack/dopams-backend-staging/src/prisma-extension-pagination' does not exist, skipping all lookups in it.
Loading module 'prisma-extension-pagination' from 'node_modules' folder, target file types: TypeScript, Declaration.
Searching all ancestor node_modules directories for preferred extensions: TypeScript, Declaration.
Directory 'd:/DOPAMS/Toystack/dopams-backend-staging/src/schema/criminal-profile/services/node_modules' does not exist, skipping all lookups in it.
Directory 'd:/DOPAMS/Toystack/dopams-backend-staging/src/schema/criminal-profile/node_modules' does not exist, skipping all lookups in it.
Resolution for module 'prisma-extension-pagination' was found in cache from location 'd:/DOPAMS/Toystack/dopams-backend-staging/src/schema'.
======== Module name 'prisma-extension-pagination' was successfully resolved to 'd:/DOPAMS/Toystack/dopams-backend-staging/node_modules/prisma-extension-pagination/dist/index.d.ts' with Package ID 'prisma-extension-pagination/dist/index.d.ts@0.7.6+@prisma/client@6.19.2'. ========
======== Resolving module 'utils/errors/resource-not-found' from 'd:/DOPAMS/Toystack/dopams-backend-staging/src/schema/criminal-profile/services/index.ts'. ========
Explicitly specified module resolution kind: 'Node10'.
'baseUrl' option is set to 'd:/DOPAMS/Toystack/dopams-backend-staging/src', using this value to resolve non-relative module name 'utils/errors/resource-not-found'.
'paths' option is specified, looking for a pattern to match module name 'utils/errors/resource-not-found'.
Module name 'utils/errors/resource-not-found', matched pattern 'utils/*'.
Trying substitution 'utils/*', candidate module location: 'utils/errors/resource-not-found'.
Loading module as file / folder, candidate module location 'd:/DOPAMS/Toystack/dopams-backend-staging/src/utils/errors/resource-not-found', target file types: TypeScript, Declaration.
File 'd:/DOPAMS/Toystack/dopams-backend-staging/src/utils/errors/resource-not-found.ts' exists - use it as a name resolution result.
======== Module name 'utils/errors/resource-not-found' was successfully resolved to 'd:/DOPAMS/Toystack/dopams-backend-staging/src/utils/errors/resource-not-found.ts'. ========
======== Resolving module 'utils/misc' from 'd:/DOPAMS/Toystack/dopams-backend-staging/src/schema/criminal-profile/services/index.ts'. ========
Explicitly specified module resolution kind: 'Node10'.
'baseUrl' option is set to 'd:/DOPAMS/Toystack/dopams-backend-staging/src', using this value to resolve non-relative module name 'utils/misc'.
'paths' option is specified, looking for a pattern to match module name 'utils/misc'.
Module name 'utils/misc', matched pattern 'utils/*'.
Trying substitution 'utils/*', candidate module location: 'utils/misc'.
Loading module as file / folder, candidate module location 'd:/DOPAMS/Toystack/dopams-backend-staging/src/utils/misc', target file types: TypeScript, Declaration.
File 'd:/DOPAMS/Toystack/dopams-backend-staging/src/utils/misc.ts' exists - use it as a name resolution result.
======== Module name 'utils/misc' was successfully resolved to 'd:/DOPAMS/Toystack/dopams-backend-staging/src/utils/misc.ts'. ========
======== Resolving module './home/query' from 'd:/DOPAMS/Toystack/dopams-backend-staging/src/schema/query.ts'. ========
Explicitly specified module resolution kind: 'Node10'.
Loading module as file / folder, candidate module location 'd:/DOPAMS/Toystack/dopams-backend-staging/src/schema/home/query', target file types: TypeScript, Declaration.
File 'd:/DOPAMS/Toystack/dopams-backend-staging/src/schema/home/query.ts' does not exist.
File 'd:/DOPAMS/Toystack/dopams-backend-staging/src/schema/home/query.tsx' does not exist.
File 'd:/DOPAMS/Toystack/dopams-backend-staging/src/schema/home/query.d.ts' does not exist.
File 'd:/DOPAMS/Toystack/dopams-backend-staging/src/schema/home/query/package.json' does not exist.
File 'd:/DOPAMS/Toystack/dopams-backend-staging/src/schema/home/query/index.ts' exists - use it as a name resolution result.
======== Module name './home/query' was successfully resolved to 'd:/DOPAMS/Toystack/dopams-backend-staging/src/schema/home/query/index.ts'. ========
======== Resolving module './user/query' from 'd:/DOPAMS/Toystack/dopams-backend-staging/src/schema/query.ts'. ========
Explicitly specified module resolution kind: 'Node10'.
Loading module as file / folder, candidate module location 'd:/DOPAMS/Toystack/dopams-backend-staging/src/schema/user/query', target file types: TypeScript, Declaration.
File 'd:/DOPAMS/Toystack/dopams-backend-staging/src/schema/user/query.ts' does not exist.
File 'd:/DOPAMS/Toystack/dopams-backend-staging/src/schema/user/query.tsx' does not exist.
File 'd:/DOPAMS/Toystack/dopams-backend-staging/src/schema/user/query.d.ts' does not exist.
File 'd:/DOPAMS/Toystack/dopams-backend-staging/src/schema/user/query/package.json' does not exist.
File 'd:/DOPAMS/Toystack/dopams-backend-staging/src/schema/user/query/index.ts' exists - use it as a name resolution result.
======== Module name './user/query' was successfully resolved to 'd:/DOPAMS/Toystack/dopams-backend-staging/src/schema/user/query/index.ts'. ========
======== Resolving module './persons/query' from 'd:/DOPAMS/Toystack/dopams-backend-staging/src/schema/query.ts'. ========
Explicitly specified module resolution kind: 'Node10'.
Loading module as file / folder, candidate module location 'd:/DOPAMS/Toystack/dopams-backend-staging/src/schema/persons/query', target file types: TypeScript, Declaration.
File 'd:/DOPAMS/Toystack/dopams-backend-staging/src/schema/persons/query.ts' does not exist.
File 'd:/DOPAMS/Toystack/dopams-backend-staging/src/schema/persons/query.tsx' does not exist.
File 'd:/DOPAMS/Toystack/dopams-backend-staging/src/schema/persons/query.d.ts' does not exist.
File 'd:/DOPAMS/Toystack/dopams-backend-staging/src/schema/persons/query/package.json' does not exist.
File 'd:/DOPAMS/Toystack/dopams-backend-staging/src/schema/persons/query/index.ts' exists - use it as a name resolution result.
======== Module name './persons/query' was successfully resolved to 'd:/DOPAMS/Toystack/dopams-backend-staging/src/schema/persons/query/index.ts'. ========
======== Resolving module './criminal-profile/query' from 'd:/DOPAMS/Toystack/dopams-backend-staging/src/schema/query.ts'. ========
Explicitly specified module resolution kind: 'Node10'.
Loading module as file / folder, candidate module location 'd:/DOPAMS/Toystack/dopams-backend-staging/src/schema/criminal-profile/query', target file types: TypeScript, Declaration.
File 'd:/DOPAMS/Toystack/dopams-backend-staging/src/schema/criminal-profile/query.ts' does not exist.
File 'd:/DOPAMS/Toystack/dopams-backend-staging/src/schema/criminal-profile/query.tsx' does not exist.
File 'd:/DOPAMS/Toystack/dopams-backend-staging/src/schema/criminal-profile/query.d.ts' does not exist.
File 'd:/DOPAMS/Toystack/dopams-backend-staging/src/schema/criminal-profile/query/package.json' does not exist.
File 'd:/DOPAMS/Toystack/dopams-backend-staging/src/schema/criminal-profile/query/index.ts' exists - use it as a name resolution result.
======== Module name './criminal-profile/query' was successfully resolved to 'd:/DOPAMS/Toystack/dopams-backend-staging/src/schema/criminal-profile/query/index.ts'. ========
======== Resolving module './firs/query' from 'd:/DOPAMS/Toystack/dopams-backend-staging/src/schema/query.ts'. ========
Explicitly specified module resolution kind: 'Node10'.
Loading module as file / folder, candidate module location 'd:/DOPAMS/Toystack/dopams-backend-staging/src/schema/firs/query', target file types: TypeScript, Declaration.
File 'd:/DOPAMS/Toystack/dopams-backend-staging/src/schema/firs/query.ts' does not exist.
File 'd:/DOPAMS/Toystack/dopams-backend-staging/src/schema/firs/query.tsx' does not exist.
File 'd:/DOPAMS/Toystack/dopams-backend-staging/src/schema/firs/query.d.ts' does not exist.
File 'd:/DOPAMS/Toystack/dopams-backend-staging/src/schema/firs/query/package.json' does not exist.
File 'd:/DOPAMS/Toystack/dopams-backend-staging/src/schema/firs/query/index.ts' exists - use it as a name resolution result.
======== Module name './firs/query' was successfully resolved to 'd:/DOPAMS/Toystack/dopams-backend-staging/src/schema/firs/query/index.ts'. ========
======== Resolving module './firs/query/seizures' from 'd:/DOPAMS/Toystack/dopams-backend-staging/src/schema/query.ts'. ========
Explicitly specified module resolution kind: 'Node10'.
Loading module as file / folder, candidate module location 'd:/DOPAMS/Toystack/dopams-backend-staging/src/schema/firs/query/seizures', target file types: TypeScript, Declaration.
File 'd:/DOPAMS/Toystack/dopams-backend-staging/src/schema/firs/query/seizures.ts' exists - use it as a name resolution result.
======== Module name './firs/query/seizures' was successfully resolved to 'd:/DOPAMS/Toystack/dopams-backend-staging/src/schema/firs/query/seizures.ts'. ========
======== Resolving module './accused/query' from 'd:/DOPAMS/Toystack/dopams-backend-staging/src/schema/query.ts'. ========
Explicitly specified module resolution kind: 'Node10'.
Loading module as file / folder, candidate module location 'd:/DOPAMS/Toystack/dopams-backend-staging/src/schema/accused/query', target file types: TypeScript, Declaration.
File 'd:/DOPAMS/Toystack/dopams-backend-staging/src/schema/accused/query.ts' does not exist.
File 'd:/DOPAMS/Toystack/dopams-backend-staging/src/schema/accused/query.tsx' does not exist.
File 'd:/DOPAMS/Toystack/dopams-backend-staging/src/schema/accused/query.d.ts' does not exist.
File 'd:/DOPAMS/Toystack/dopams-backend-staging/src/schema/accused/query/package.json' does not exist.
File 'd:/DOPAMS/Toystack/dopams-backend-staging/src/schema/accused/query/index.ts' exists - use it as a name resolution result.
======== Module name './accused/query' was successfully resolved to 'd:/DOPAMS/Toystack/dopams-backend-staging/src/schema/accused/query/index.ts'. ========
======== Resolving module './advanced-search/query' from 'd:/DOPAMS/Toystack/dopams-backend-staging/src/schema/query.ts'. ========
Explicitly specified module resolution kind: 'Node10'.
Loading module as file / folder, candidate module location 'd:/DOPAMS/Toystack/dopams-backend-staging/src/schema/advanced-search/query', target file types: TypeScript, Declaration.
File 'd:/DOPAMS/Toystack/dopams-backend-staging/src/schema/advanced-search/query.ts' does not exist.
File 'd:/DOPAMS/Toystack/dopams-backend-staging/src/schema/advanced-search/query.tsx' does not exist.
File 'd:/DOPAMS/Toystack/dopams-backend-staging/src/schema/advanced-search/query.d.ts' does not exist.
File 'd:/DOPAMS/Toystack/dopams-backend-staging/src/schema/advanced-search/query/package.json' does not exist.
File 'd:/DOPAMS/Toystack/dopams-backend-staging/src/schema/advanced-search/query/index.ts' exists - use it as a name resolution result.
======== Module name './advanced-search/query' was successfully resolved to 'd:/DOPAMS/Toystack/dopams-backend-staging/src/schema/advanced-search/query/index.ts'. ========
======== Resolving module 'graphql' from 'd:/DOPAMS/Toystack/dopams-backend-staging/src/schema/home/query/index.ts'. ========
Explicitly specified module resolution kind: 'Node10'.
'baseUrl' option is set to 'd:/DOPAMS/Toystack/dopams-backend-staging/src', using this value to resolve non-relative module name 'graphql'.
'paths' option is specified, looking for a pattern to match module name 'graphql'.
'baseUrl' option is set to 'd:/DOPAMS/Toystack/dopams-backend-staging/src', using this value to resolve non-relative module name 'graphql'.
Resolving module name 'graphql' relative to base url 'd:/DOPAMS/Toystack/dopams-backend-staging/src' - 'd:/DOPAMS/Toystack/dopams-backend-staging/src/graphql'.
Loading module as file / folder, candidate module location 'd:/DOPAMS/Toystack/dopams-backend-staging/src/graphql', target file types: TypeScript, Declaration.
File 'd:/DOPAMS/Toystack/dopams-backend-staging/src/graphql.ts' does not exist.
File 'd:/DOPAMS/Toystack/dopams-backend-staging/src/graphql.tsx' does not exist.
File 'd:/DOPAMS/Toystack/dopams-backend-staging/src/graphql.d.ts' does not exist.
Directory 'd:/DOPAMS/Toystack/dopams-backend-staging/src/graphql' does not exist, skipping all lookups in it.
Loading module 'graphql' from 'node_modules' folder, target file types: TypeScript, Declaration.
Searching all ancestor node_modules directories for preferred extensions: TypeScript, Declaration.
Directory 'd:/DOPAMS/Toystack/dopams-backend-staging/src/schema/home/query/node_modules' does not exist, skipping all lookups in it.
Directory 'd:/DOPAMS/Toystack/dopams-backend-staging/src/schema/home/node_modules' does not exist, skipping all lookups in it.
Resolution for module 'graphql' was found in cache from location 'd:/DOPAMS/Toystack/dopams-backend-staging/src/schema'.
======== Module name 'graphql' was successfully resolved to 'd:/DOPAMS/Toystack/dopams-backend-staging/node_modules/graphql/index.d.ts' with Package ID 'graphql/index.d.ts@16.12.0'. ========
======== Resolving module '..' from 'd:/DOPAMS/Toystack/dopams-backend-staging/src/schema/home/query/index.ts'. ========
Explicitly specified module resolution kind: 'Node10'.
Loading module as file / folder, candidate module location 'd:/DOPAMS/Toystack/dopams-backend-staging/src/schema/home/', target file types: TypeScript, Declaration.
File 'd:/DOPAMS/Toystack/dopams-backend-staging/src/schema/home/package.json' does not exist.
File 'd:/DOPAMS/Toystack/dopams-backend-staging/src/schema/home/index.ts' exists - use it as a name resolution result.
======== Module name '..' was successfully resolved to 'd:/DOPAMS/Toystack/dopams-backend-staging/src/schema/home/index.ts'. ========
======== Resolving module '../services' from 'd:/DOPAMS/Toystack/dopams-backend-staging/src/schema/home/query/index.ts'. ========
Explicitly specified module resolution kind: 'Node10'.
Loading module as file / folder, candidate module location 'd:/DOPAMS/Toystack/dopams-backend-staging/src/schema/home/services', target file types: TypeScript, Declaration.
File 'd:/DOPAMS/Toystack/dopams-backend-staging/src/schema/home/services.ts' does not exist.
File 'd:/DOPAMS/Toystack/dopams-backend-staging/src/schema/home/services.tsx' does not exist.
File 'd:/DOPAMS/Toystack/dopams-backend-staging/src/schema/home/services.d.ts' does not exist.
File 'd:/DOPAMS/Toystack/dopams-backend-staging/src/schema/home/services/package.json' does not exist.
File 'd:/DOPAMS/Toystack/dopams-backend-staging/src/schema/home/services/index.ts' exists - use it as a name resolution result.
======== Module name '../services' was successfully resolved to 'd:/DOPAMS/Toystack/dopams-backend-staging/src/schema/home/services/index.ts'. ========
======== Resolving module 'graphql' from 'd:/DOPAMS/Toystack/dopams-backend-staging/src/schema/home/index.ts'. ========
Explicitly specified module resolution kind: 'Node10'.
'baseUrl' option is set to 'd:/DOPAMS/Toystack/dopams-backend-staging/src', using this value to resolve non-relative module name 'graphql'.
'paths' option is specified, looking for a pattern to match module name 'graphql'.
'baseUrl' option is set to 'd:/DOPAMS/Toystack/dopams-backend-staging/src', using this value to resolve non-relative module name 'graphql'.
Resolving module name 'graphql' relative to base url 'd:/DOPAMS/Toystack/dopams-backend-staging/src' - 'd:/DOPAMS/Toystack/dopams-backend-staging/src/graphql'.
Loading module as file / folder, candidate module location 'd:/DOPAMS/Toystack/dopams-backend-staging/src/graphql', target file types: TypeScript, Declaration.
File 'd:/DOPAMS/Toystack/dopams-backend-staging/src/graphql.ts' does not exist.
File 'd:/DOPAMS/Toystack/dopams-backend-staging/src/graphql.tsx' does not exist.
File 'd:/DOPAMS/Toystack/dopams-backend-staging/src/graphql.d.ts' does not exist.
Directory 'd:/DOPAMS/Toystack/dopams-backend-staging/src/graphql' does not exist, skipping all lookups in it.
Loading module 'graphql' from 'node_modules' folder, target file types: TypeScript, Declaration.
Searching all ancestor node_modules directories for preferred extensions: TypeScript, Declaration.
Resolution for module 'graphql' was found in cache from location 'd:/DOPAMS/Toystack/dopams-backend-staging/src/schema/home'.
======== Module name 'graphql' was successfully resolved to 'd:/DOPAMS/Toystack/dopams-backend-staging/node_modules/graphql/index.d.ts' with Package ID 'graphql/index.d.ts@16.12.0'. ========
======== Resolving module 'datasources/prisma' from 'd:/DOPAMS/Toystack/dopams-backend-staging/src/schema/home/services/index.ts'. ========
Explicitly specified module resolution kind: 'Node10'.
'baseUrl' option is set to 'd:/DOPAMS/Toystack/dopams-backend-staging/src', using this value to resolve non-relative module name 'datasources/prisma'.
'paths' option is specified, looking for a pattern to match module name 'datasources/prisma'.
'baseUrl' option is set to 'd:/DOPAMS/Toystack/dopams-backend-staging/src', using this value to resolve non-relative module name 'datasources/prisma'.
Resolving module name 'datasources/prisma' relative to base url 'd:/DOPAMS/Toystack/dopams-backend-staging/src' - 'd:/DOPAMS/Toystack/dopams-backend-staging/src/datasources/prisma'.
Loading module as file / folder, candidate module location 'd:/DOPAMS/Toystack/dopams-backend-staging/src/datasources/prisma', target file types: TypeScript, Declaration.
File 'd:/DOPAMS/Toystack/dopams-backend-staging/src/datasources/prisma.ts' exists - use it as a name resolution result.
======== Module name 'datasources/prisma' was successfully resolved to 'd:/DOPAMS/Toystack/dopams-backend-staging/src/datasources/prisma.ts'. ========
======== Resolving module 'graphql' from 'd:/DOPAMS/Toystack/dopams-backend-staging/src/schema/user/query/index.ts'. ========
Explicitly specified module resolution kind: 'Node10'.
'baseUrl' option is set to 'd:/DOPAMS/Toystack/dopams-backend-staging/src', using this value to resolve non-relative module name 'graphql'.
'paths' option is specified, looking for a pattern to match module name 'graphql'.
'baseUrl' option is set to 'd:/DOPAMS/Toystack/dopams-backend-staging/src', using this value to resolve non-relative module name 'graphql'.
Resolving module name 'graphql' relative to base url 'd:/DOPAMS/Toystack/dopams-backend-staging/src' - 'd:/DOPAMS/Toystack/dopams-backend-staging/src/graphql'.
Loading module as file / folder, candidate module location 'd:/DOPAMS/Toystack/dopams-backend-staging/src/graphql', target file types: TypeScript, Declaration.
File 'd:/DOPAMS/Toystack/dopams-backend-staging/src/graphql.ts' does not exist.
File 'd:/DOPAMS/Toystack/dopams-backend-staging/src/graphql.tsx' does not exist.
File 'd:/DOPAMS/Toystack/dopams-backend-staging/src/graphql.d.ts' does not exist.
Directory 'd:/DOPAMS/Toystack/dopams-backend-staging/src/graphql' does not exist, skipping all lookups in it.
Loading module 'graphql' from 'node_modules' folder, target file types: TypeScript, Declaration.
Searching all ancestor node_modules directories for preferred extensions: TypeScript, Declaration.
Directory 'd:/DOPAMS/Toystack/dopams-backend-staging/src/schema/user/query/node_modules' does not exist, skipping all lookups in it.
Resolution for module 'graphql' was found in cache from location 'd:/DOPAMS/Toystack/dopams-backend-staging/src/schema/user'.
======== Module name 'graphql' was successfully resolved to 'd:/DOPAMS/Toystack/dopams-backend-staging/node_modules/graphql/index.d.ts' with Package ID 'graphql/index.d.ts@16.12.0'. ========
======== Resolving module '../enums/sort-by' from 'd:/DOPAMS/Toystack/dopams-backend-staging/src/schema/user/query/index.ts'. ========
Explicitly specified module resolution kind: 'Node10'.
Loading module as file / folder, candidate module location 'd:/DOPAMS/Toystack/dopams-backend-staging/src/schema/user/enums/sort-by', target file types: TypeScript, Declaration.
File 'd:/DOPAMS/Toystack/dopams-backend-staging/src/schema/user/enums/sort-by.ts' exists - use it as a name resolution result.
======== Module name '../enums/sort-by' was successfully resolved to 'd:/DOPAMS/Toystack/dopams-backend-staging/src/schema/user/enums/sort-by.ts'. ========
======== Resolving module 'schema/misc/enums/sort-type' from 'd:/DOPAMS/Toystack/dopams-backend-staging/src/schema/user/query/index.ts'. ========
Explicitly specified module resolution kind: 'Node10'.
'baseUrl' option is set to 'd:/DOPAMS/Toystack/dopams-backend-staging/src', using this value to resolve non-relative module name 'schema/misc/enums/sort-type'.
'paths' option is specified, looking for a pattern to match module name 'schema/misc/enums/sort-type'.
Module name 'schema/misc/enums/sort-type', matched pattern 'schema/*'.
Trying substitution 'schema/*', candidate module location: 'schema/misc/enums/sort-type'.
Loading module as file / folder, candidate module location 'd:/DOPAMS/Toystack/dopams-backend-staging/src/schema/misc/enums/sort-type', target file types: TypeScript, Declaration.
File 'd:/DOPAMS/Toystack/dopams-backend-staging/src/schema/misc/enums/sort-type.ts' exists - use it as a name resolution result.
======== Module name 'schema/misc/enums/sort-type' was successfully resolved to 'd:/DOPAMS/Toystack/dopams-backend-staging/src/schema/misc/enums/sort-type.ts'. ========
======== Resolving module '../filters' from 'd:/DOPAMS/Toystack/dopams-backend-staging/src/schema/user/query/index.ts'. ========
Explicitly specified module resolution kind: 'Node10'.
Loading module as file / folder, candidate module location 'd:/DOPAMS/Toystack/dopams-backend-staging/src/schema/user/filters', target file types: TypeScript, Declaration.
File 'd:/DOPAMS/Toystack/dopams-backend-staging/src/schema/user/filters.ts' does not exist.
File 'd:/DOPAMS/Toystack/dopams-backend-staging/src/schema/user/filters.tsx' does not exist.
File 'd:/DOPAMS/Toystack/dopams-backend-staging/src/schema/user/filters.d.ts' does not exist.
File 'd:/DOPAMS/Toystack/dopams-backend-staging/src/schema/user/filters/package.json' does not exist.
File 'd:/DOPAMS/Toystack/dopams-backend-staging/src/schema/user/filters/index.ts' exists - use it as a name resolution result.
======== Module name '../filters' was successfully resolved to 'd:/DOPAMS/Toystack/dopams-backend-staging/src/schema/user/filters/index.ts'. ========
======== Resolving module '../services' from 'd:/DOPAMS/Toystack/dopams-backend-staging/src/schema/user/query/index.ts'. ========
Explicitly specified module resolution kind: 'Node10'.
Loading module as file / folder, candidate module location 'd:/DOPAMS/Toystack/dopams-backend-staging/src/schema/user/services', target file types: TypeScript, Declaration.
File 'd:/DOPAMS/Toystack/dopams-backend-staging/src/schema/user/services.ts' does not exist.
File 'd:/DOPAMS/Toystack/dopams-backend-staging/src/schema/user/services.tsx' does not exist.
File 'd:/DOPAMS/Toystack/dopams-backend-staging/src/schema/user/services.d.ts' does not exist.
File 'd:/DOPAMS/Toystack/dopams-backend-staging/src/schema/user/services/package.json' does not exist according to earlier cached lookups.
File 'd:/DOPAMS/Toystack/dopams-backend-staging/src/schema/user/services/index.ts' exists - use it as a name resolution result.
======== Module name '../services' was successfully resolved to 'd:/DOPAMS/Toystack/dopams-backend-staging/src/schema/user/services/index.ts'. ========
======== Resolving module '..' from 'd:/DOPAMS/Toystack/dopams-backend-staging/src/schema/user/query/index.ts'. ========
Explicitly specified module resolution kind: 'Node10'.
Loading module as file / folder, candidate module location 'd:/DOPAMS/Toystack/dopams-backend-staging/src/schema/user/', target file types: TypeScript, Declaration.
File 'd:/DOPAMS/Toystack/dopams-backend-staging/src/schema/user/package.json' does not exist according to earlier cached lookups.
File 'd:/DOPAMS/Toystack/dopams-backend-staging/src/schema/user/index.ts' exists - use it as a name resolution result.
======== Module name '..' was successfully resolved to 'd:/DOPAMS/Toystack/dopams-backend-staging/src/schema/user/index.ts'. ========
======== Resolving module 'graphql' from 'd:/DOPAMS/Toystack/dopams-backend-staging/src/schema/user/enums/sort-by.ts'. ========
Resolution for module 'graphql' was found in cache from location 'd:/DOPAMS/Toystack/dopams-backend-staging/src/schema/user/enums'.
======== Module name 'graphql' was successfully resolved to 'd:/DOPAMS/Toystack/dopams-backend-staging/node_modules/graphql/index.d.ts' with Package ID 'graphql/index.d.ts@16.12.0'. ========
======== Resolving module 'graphql' from 'd:/DOPAMS/Toystack/dopams-backend-staging/src/schema/misc/enums/sort-type.ts'. ========
Explicitly specified module resolution kind: 'Node10'.
'baseUrl' option is set to 'd:/DOPAMS/Toystack/dopams-backend-staging/src', using this value to resolve non-relative module name 'graphql'.
'paths' option is specified, looking for a pattern to match module name 'graphql'.
'baseUrl' option is set to 'd:/DOPAMS/Toystack/dopams-backend-staging/src', using this value to resolve non-relative module name 'graphql'.
Resolving module name 'graphql' relative to base url 'd:/DOPAMS/Toystack/dopams-backend-staging/src' - 'd:/DOPAMS/Toystack/dopams-backend-staging/src/graphql'.
Loading module as file / folder, candidate module location 'd:/DOPAMS/Toystack/dopams-backend-staging/src/graphql', target file types: TypeScript, Declaration.
File 'd:/DOPAMS/Toystack/dopams-backend-staging/src/graphql.ts' does not exist.
File 'd:/DOPAMS/Toystack/dopams-backend-staging/src/graphql.tsx' does not exist.
File 'd:/DOPAMS/Toystack/dopams-backend-staging/src/graphql.d.ts' does not exist.
Directory 'd:/DOPAMS/Toystack/dopams-backend-staging/src/graphql' does not exist, skipping all lookups in it.
Loading module 'graphql' from 'node_modules' folder, target file types: TypeScript, Declaration.
Searching all ancestor node_modules directories for preferred extensions: TypeScript, Declaration.
Directory 'd:/DOPAMS/Toystack/dopams-backend-staging/src/schema/misc/enums/node_modules' does not exist, skipping all lookups in it.
Directory 'd:/DOPAMS/Toystack/dopams-backend-staging/src/schema/misc/node_modules' does not exist, skipping all lookups in it.
Resolution for module 'graphql' was found in cache from location 'd:/DOPAMS/Toystack/dopams-backend-staging/src/schema'.
======== Module name 'graphql' was successfully resolved to 'd:/DOPAMS/Toystack/dopams-backend-staging/node_modules/graphql/index.d.ts' with Package ID 'graphql/index.d.ts@16.12.0'. ========
======== Resolving module 'graphql' from 'd:/DOPAMS/Toystack/dopams-backend-staging/src/schema/user/filters/index.ts'. ========
Explicitly specified module resolution kind: 'Node10'.
'baseUrl' option is set to 'd:/DOPAMS/Toystack/dopams-backend-staging/src', using this value to resolve non-relative module name 'graphql'.
'paths' option is specified, looking for a pattern to match module name 'graphql'.
'baseUrl' option is set to 'd:/DOPAMS/Toystack/dopams-backend-staging/src', using this value to resolve non-relative module name 'graphql'.
Resolving module name 'graphql' relative to base url 'd:/DOPAMS/Toystack/dopams-backend-staging/src' - 'd:/DOPAMS/Toystack/dopams-backend-staging/src/graphql'.
Loading module as file / folder, candidate module location 'd:/DOPAMS/Toystack/dopams-backend-staging/src/graphql', target file types: TypeScript, Declaration.
File 'd:/DOPAMS/Toystack/dopams-backend-staging/src/graphql.ts' does not exist.
File 'd:/DOPAMS/Toystack/dopams-backend-staging/src/graphql.tsx' does not exist.
File 'd:/DOPAMS/Toystack/dopams-backend-staging/src/graphql.d.ts' does not exist.
Directory 'd:/DOPAMS/Toystack/dopams-backend-staging/src/graphql' does not exist, skipping all lookups in it.
Loading module 'graphql' from 'node_modules' folder, target file types: TypeScript, Declaration.
Searching all ancestor node_modules directories for preferred extensions: TypeScript, Declaration.
Directory 'd:/DOPAMS/Toystack/dopams-backend-staging/src/schema/user/filters/node_modules' does not exist, skipping all lookups in it.
Resolution for module 'graphql' was found in cache from location 'd:/DOPAMS/Toystack/dopams-backend-staging/src/schema/user'.
======== Module name 'graphql' was successfully resolved to 'd:/DOPAMS/Toystack/dopams-backend-staging/node_modules/graphql/index.d.ts' with Package ID 'graphql/index.d.ts@16.12.0'. ========
======== Resolving module '../enums/user-role' from 'd:/DOPAMS/Toystack/dopams-backend-staging/src/schema/user/filters/index.ts'. ========
Explicitly specified module resolution kind: 'Node10'.
Loading module as file / folder, candidate module location 'd:/DOPAMS/Toystack/dopams-backend-staging/src/schema/user/enums/user-role', target file types: TypeScript, Declaration.
File 'd:/DOPAMS/Toystack/dopams-backend-staging/src/schema/user/enums/user-role.ts' exists - use it as a name resolution result.
======== Module name '../enums/user-role' was successfully resolved to 'd:/DOPAMS/Toystack/dopams-backend-staging/src/schema/user/enums/user-role.ts'. ========
======== Resolving module '../enums/user-status' from 'd:/DOPAMS/Toystack/dopams-backend-staging/src/schema/user/filters/index.ts'. ========
Explicitly specified module resolution kind: 'Node10'.
Loading module as file / folder, candidate module location 'd:/DOPAMS/Toystack/dopams-backend-staging/src/schema/user/enums/user-status', target file types: TypeScript, Declaration.
File 'd:/DOPAMS/Toystack/dopams-backend-staging/src/schema/user/enums/user-status.ts' exists - use it as a name resolution result.
======== Module name '../enums/user-status' was successfully resolved to 'd:/DOPAMS/Toystack/dopams-backend-staging/src/schema/user/enums/user-status.ts'. ========
======== Resolving module 'graphql' from 'd:/DOPAMS/Toystack/dopams-backend-staging/src/schema/persons/query/index.ts'. ========
Explicitly specified module resolution kind: 'Node10'.
'baseUrl' option is set to 'd:/DOPAMS/Toystack/dopams-backend-staging/src', using this value to resolve non-relative module name 'graphql'.
'paths' option is specified, looking for a pattern to match module name 'graphql'.
'baseUrl' option is set to 'd:/DOPAMS/Toystack/dopams-backend-staging/src', using this value to resolve non-relative module name 'graphql'.
Resolving module name 'graphql' relative to base url 'd:/DOPAMS/Toystack/dopams-backend-staging/src' - 'd:/DOPAMS/Toystack/dopams-backend-staging/src/graphql'.
Loading module as file / folder, candidate module location 'd:/DOPAMS/Toystack/dopams-backend-staging/src/graphql', target file types: TypeScript, Declaration.
File 'd:/DOPAMS/Toystack/dopams-backend-staging/src/graphql.ts' does not exist.
File 'd:/DOPAMS/Toystack/dopams-backend-staging/src/graphql.tsx' does not exist.
File 'd:/DOPAMS/Toystack/dopams-backend-staging/src/graphql.d.ts' does not exist.
Directory 'd:/DOPAMS/Toystack/dopams-backend-staging/src/graphql' does not exist, skipping all lookups in it.
Loading module 'graphql' from 'node_modules' folder, target file types: TypeScript, Declaration.
Searching all ancestor node_modules directories for preferred extensions: TypeScript, Declaration.
Directory 'd:/DOPAMS/Toystack/dopams-backend-staging/src/schema/persons/query/node_modules' does not exist, skipping all lookups in it.
Directory 'd:/DOPAMS/Toystack/dopams-backend-staging/src/schema/persons/node_modules' does not exist, skipping all lookups in it.
Resolution for module 'graphql' was found in cache from location 'd:/DOPAMS/Toystack/dopams-backend-staging/src/schema'.
======== Module name 'graphql' was successfully resolved to 'd:/DOPAMS/Toystack/dopams-backend-staging/node_modules/graphql/index.d.ts' with Package ID 'graphql/index.d.ts@16.12.0'. ========
======== Resolving module '../services' from 'd:/DOPAMS/Toystack/dopams-backend-staging/src/schema/persons/query/index.ts'. ========
Explicitly specified module resolution kind: 'Node10'.
Loading module as file / folder, candidate module location 'd:/DOPAMS/Toystack/dopams-backend-staging/src/schema/persons/services', target file types: TypeScript, Declaration.
File 'd:/DOPAMS/Toystack/dopams-backend-staging/src/schema/persons/services.ts' does not exist.
File 'd:/DOPAMS/Toystack/dopams-backend-staging/src/schema/persons/services.tsx' does not exist.
File 'd:/DOPAMS/Toystack/dopams-backend-staging/src/schema/persons/services.d.ts' does not exist.
File 'd:/DOPAMS/Toystack/dopams-backend-staging/src/schema/persons/services/package.json' does not exist.
File 'd:/DOPAMS/Toystack/dopams-backend-staging/src/schema/persons/services/index.ts' exists - use it as a name resolution result.
======== Module name '../services' was successfully resolved to 'd:/DOPAMS/Toystack/dopams-backend-staging/src/schema/persons/services/index.ts'. ========
======== Resolving module '..' from 'd:/DOPAMS/Toystack/dopams-backend-staging/src/schema/persons/query/index.ts'. ========
Explicitly specified module resolution kind: 'Node10'.
Loading module as file / folder, candidate module location 'd:/DOPAMS/Toystack/dopams-backend-staging/src/schema/persons/', target file types: TypeScript, Declaration.
File 'd:/DOPAMS/Toystack/dopams-backend-staging/src/schema/persons/package.json' does not exist.
File 'd:/DOPAMS/Toystack/dopams-backend-staging/src/schema/persons/index.ts' exists - use it as a name resolution result.
======== Module name '..' was successfully resolved to 'd:/DOPAMS/Toystack/dopams-backend-staging/src/schema/persons/index.ts'. ========
======== Resolving module 'datasources/prisma' from 'd:/DOPAMS/Toystack/dopams-backend-staging/src/schema/persons/services/index.ts'. ========
Explicitly specified module resolution kind: 'Node10'.
'baseUrl' option is set to 'd:/DOPAMS/Toystack/dopams-backend-staging/src', using this value to resolve non-relative module name 'datasources/prisma'.
'paths' option is specified, looking for a pattern to match module name 'datasources/prisma'.
'baseUrl' option is set to 'd:/DOPAMS/Toystack/dopams-backend-staging/src', using this value to resolve non-relative module name 'datasources/prisma'.
Resolving module name 'datasources/prisma' relative to base url 'd:/DOPAMS/Toystack/dopams-backend-staging/src' - 'd:/DOPAMS/Toystack/dopams-backend-staging/src/datasources/prisma'.
Loading module as file / folder, candidate module location 'd:/DOPAMS/Toystack/dopams-backend-staging/src/datasources/prisma', target file types: TypeScript, Declaration.
File 'd:/DOPAMS/Toystack/dopams-backend-staging/src/datasources/prisma.ts' exists - use it as a name resolution result.
======== Module name 'datasources/prisma' was successfully resolved to 'd:/DOPAMS/Toystack/dopams-backend-staging/src/datasources/prisma.ts'. ========
======== Resolving module 'utils/errors/resource-not-found' from 'd:/DOPAMS/Toystack/dopams-backend-staging/src/schema/persons/services/index.ts'. ========
Explicitly specified module resolution kind: 'Node10'.
'baseUrl' option is set to 'd:/DOPAMS/Toystack/dopams-backend-staging/src', using this value to resolve non-relative module name 'utils/errors/resource-not-found'.
'paths' option is specified, looking for a pattern to match module name 'utils/errors/resource-not-found'.
Module name 'utils/errors/resource-not-found', matched pattern 'utils/*'.
Trying substitution 'utils/*', candidate module location: 'utils/errors/resource-not-found'.
Loading module as file / folder, candidate module location 'd:/DOPAMS/Toystack/dopams-backend-staging/src/utils/errors/resource-not-found', target file types: TypeScript, Declaration.
File 'd:/DOPAMS/Toystack/dopams-backend-staging/src/utils/errors/resource-not-found.ts' exists - use it as a name resolution result.
======== Module name 'utils/errors/resource-not-found' was successfully resolved to 'd:/DOPAMS/Toystack/dopams-backend-staging/src/utils/errors/resource-not-found.ts'. ========
======== Resolving module 'graphql-upload-ts' from 'd:/DOPAMS/Toystack/dopams-backend-staging/src/schema/persons/services/index.ts'. ========
Explicitly specified module resolution kind: 'Node10'.
'baseUrl' option is set to 'd:/DOPAMS/Toystack/dopams-backend-staging/src', using this value to resolve non-relative module name 'graphql-upload-ts'.
'paths' option is specified, looking for a pattern to match module name 'graphql-upload-ts'.
'baseUrl' option is set to 'd:/DOPAMS/Toystack/dopams-backend-staging/src', using this value to resolve non-relative module name 'graphql-upload-ts'.
Resolving module name 'graphql-upload-ts' relative to base url 'd:/DOPAMS/Toystack/dopams-backend-staging/src' - 'd:/DOPAMS/Toystack/dopams-backend-staging/src/graphql-upload-ts'.
Loading module as file / folder, candidate module location 'd:/DOPAMS/Toystack/dopams-backend-staging/src/graphql-upload-ts', target file types: TypeScript, Declaration.
File 'd:/DOPAMS/Toystack/dopams-backend-staging/src/graphql-upload-ts.ts' does not exist.
File 'd:/DOPAMS/Toystack/dopams-backend-staging/src/graphql-upload-ts.tsx' does not exist.
File 'd:/DOPAMS/Toystack/dopams-backend-staging/src/graphql-upload-ts.d.ts' does not exist.
Directory 'd:/DOPAMS/Toystack/dopams-backend-staging/src/graphql-upload-ts' does not exist, skipping all lookups in it.
Loading module 'graphql-upload-ts' from 'node_modules' folder, target file types: TypeScript, Declaration.
Searching all ancestor node_modules directories for preferred extensions: TypeScript, Declaration.
Directory 'd:/DOPAMS/Toystack/dopams-backend-staging/src/schema/persons/services/node_modules' does not exist, skipping all lookups in it.
Directory 'd:/DOPAMS/Toystack/dopams-backend-staging/src/schema/persons/node_modules' does not exist, skipping all lookups in it.
Resolution for module 'graphql-upload-ts' was found in cache from location 'd:/DOPAMS/Toystack/dopams-backend-staging/src/schema'.
======== Module name 'graphql-upload-ts' was successfully resolved to 'd:/DOPAMS/Toystack/dopams-backend-staging/node_modules/graphql-upload-ts/dist/index.d.ts' with Package ID 'graphql-upload-ts/dist/index.d.ts@2.1.3+graphql@16.12.0'. ========
======== Resolving module 'utils/misc' from 'd:/DOPAMS/Toystack/dopams-backend-staging/src/schema/persons/services/index.ts'. ========
Explicitly specified module resolution kind: 'Node10'.
'baseUrl' option is set to 'd:/DOPAMS/Toystack/dopams-backend-staging/src', using this value to resolve non-relative module name 'utils/misc'.
'paths' option is specified, looking for a pattern to match module name 'utils/misc'.
Module name 'utils/misc', matched pattern 'utils/*'.
Trying substitution 'utils/*', candidate module location: 'utils/misc'.
Loading module as file / folder, candidate module location 'd:/DOPAMS/Toystack/dopams-backend-staging/src/utils/misc', target file types: TypeScript, Declaration.
File 'd:/DOPAMS/Toystack/dopams-backend-staging/src/utils/misc.ts' exists - use it as a name resolution result.
======== Module name 'utils/misc' was successfully resolved to 'd:/DOPAMS/Toystack/dopams-backend-staging/src/utils/misc.ts'. ========
======== Resolving module 'graphql' from 'd:/DOPAMS/Toystack/dopams-backend-staging/src/schema/persons/index.ts'. ========
Explicitly specified module resolution kind: 'Node10'.
'baseUrl' option is set to 'd:/DOPAMS/Toystack/dopams-backend-staging/src', using this value to resolve non-relative module name 'graphql'.
'paths' option is specified, looking for a pattern to match module name 'graphql'.
'baseUrl' option is set to 'd:/DOPAMS/Toystack/dopams-backend-staging/src', using this value to resolve non-relative module name 'graphql'.
Resolving module name 'graphql' relative to base url 'd:/DOPAMS/Toystack/dopams-backend-staging/src' - 'd:/DOPAMS/Toystack/dopams-backend-staging/src/graphql'.
Loading module as file / folder, candidate module location 'd:/DOPAMS/Toystack/dopams-backend-staging/src/graphql', target file types: TypeScript, Declaration.
File 'd:/DOPAMS/Toystack/dopams-backend-staging/src/graphql.ts' does not exist.
File 'd:/DOPAMS/Toystack/dopams-backend-staging/src/graphql.tsx' does not exist.
File 'd:/DOPAMS/Toystack/dopams-backend-staging/src/graphql.d.ts' does not exist.
Directory 'd:/DOPAMS/Toystack/dopams-backend-staging/src/graphql' does not exist, skipping all lookups in it.
Loading module 'graphql' from 'node_modules' folder, target file types: TypeScript, Declaration.
Searching all ancestor node_modules directories for preferred extensions: TypeScript, Declaration.
Resolution for module 'graphql' was found in cache from location 'd:/DOPAMS/Toystack/dopams-backend-staging/src/schema/persons'.
======== Module name 'graphql' was successfully resolved to 'd:/DOPAMS/Toystack/dopams-backend-staging/node_modules/graphql/index.d.ts' with Package ID 'graphql/index.d.ts@16.12.0'. ========
======== Resolving module 'utils/misc' from 'd:/DOPAMS/Toystack/dopams-backend-staging/src/schema/persons/index.ts'. ========
Explicitly specified module resolution kind: 'Node10'.
'baseUrl' option is set to 'd:/DOPAMS/Toystack/dopams-backend-staging/src', using this value to resolve non-relative module name 'utils/misc'.
'paths' option is specified, looking for a pattern to match module name 'utils/misc'.
Module name 'utils/misc', matched pattern 'utils/*'.
Trying substitution 'utils/*', candidate module location: 'utils/misc'.
Loading module as file / folder, candidate module location 'd:/DOPAMS/Toystack/dopams-backend-staging/src/utils/misc', target file types: TypeScript, Declaration.
File 'd:/DOPAMS/Toystack/dopams-backend-staging/src/utils/misc.ts' exists - use it as a name resolution result.
======== Module name 'utils/misc' was successfully resolved to 'd:/DOPAMS/Toystack/dopams-backend-staging/src/utils/misc.ts'. ========
======== Resolving module './services' from 'd:/DOPAMS/Toystack/dopams-backend-staging/src/schema/persons/index.ts'. ========
Explicitly specified module resolution kind: 'Node10'.
Loading module as file / folder, candidate module location 'd:/DOPAMS/Toystack/dopams-backend-staging/src/schema/persons/services', target file types: TypeScript, Declaration.
File 'd:/DOPAMS/Toystack/dopams-backend-staging/src/schema/persons/services.ts' does not exist.
File 'd:/DOPAMS/Toystack/dopams-backend-staging/src/schema/persons/services.tsx' does not exist.
File 'd:/DOPAMS/Toystack/dopams-backend-staging/src/schema/persons/services.d.ts' does not exist.
File 'd:/DOPAMS/Toystack/dopams-backend-staging/src/schema/persons/services/package.json' does not exist according to earlier cached lookups.
File 'd:/DOPAMS/Toystack/dopams-backend-staging/src/schema/persons/services/index.ts' exists - use it as a name resolution result.
======== Module name './services' was successfully resolved to 'd:/DOPAMS/Toystack/dopams-backend-staging/src/schema/persons/services/index.ts'. ========
======== Resolving module 'graphql' from 'd:/DOPAMS/Toystack/dopams-backend-staging/src/schema/criminal-profile/query/index.ts'. ========
Explicitly specified module resolution kind: 'Node10'.
'baseUrl' option is set to 'd:/DOPAMS/Toystack/dopams-backend-staging/src', using this value to resolve non-relative module name 'graphql'.
'paths' option is specified, looking for a pattern to match module name 'graphql'.
'baseUrl' option is set to 'd:/DOPAMS/Toystack/dopams-backend-staging/src', using this value to resolve non-relative module name 'graphql'.
Resolving module name 'graphql' relative to base url 'd:/DOPAMS/Toystack/dopams-backend-staging/src' - 'd:/DOPAMS/Toystack/dopams-backend-staging/src/graphql'.
Loading module as file / folder, candidate module location 'd:/DOPAMS/Toystack/dopams-backend-staging/src/graphql', target file types: TypeScript, Declaration.
File 'd:/DOPAMS/Toystack/dopams-backend-staging/src/graphql.ts' does not exist.
File 'd:/DOPAMS/Toystack/dopams-backend-staging/src/graphql.tsx' does not exist.
File 'd:/DOPAMS/Toystack/dopams-backend-staging/src/graphql.d.ts' does not exist.
Directory 'd:/DOPAMS/Toystack/dopams-backend-staging/src/graphql' does not exist, skipping all lookups in it.
Loading module 'graphql' from 'node_modules' folder, target file types: TypeScript, Declaration.
Searching all ancestor node_modules directories for preferred extensions: TypeScript, Declaration.
Directory 'd:/DOPAMS/Toystack/dopams-backend-staging/src/schema/criminal-profile/query/node_modules' does not exist, skipping all lookups in it.
Resolution for module 'graphql' was found in cache from location 'd:/DOPAMS/Toystack/dopams-backend-staging/src/schema/criminal-profile'.
======== Module name 'graphql' was successfully resolved to 'd:/DOPAMS/Toystack/dopams-backend-staging/node_modules/graphql/index.d.ts' with Package ID 'graphql/index.d.ts@16.12.0'. ========
======== Resolving module 'schema/misc/enums/sort-type' from 'd:/DOPAMS/Toystack/dopams-backend-staging/src/schema/criminal-profile/query/index.ts'. ========
Explicitly specified module resolution kind: 'Node10'.
'baseUrl' option is set to 'd:/DOPAMS/Toystack/dopams-backend-staging/src', using this value to resolve non-relative module name 'schema/misc/enums/sort-type'.
'paths' option is specified, looking for a pattern to match module name 'schema/misc/enums/sort-type'.
Module name 'schema/misc/enums/sort-type', matched pattern 'schema/*'.
Trying substitution 'schema/*', candidate module location: 'schema/misc/enums/sort-type'.
Loading module as file / folder, candidate module location 'd:/DOPAMS/Toystack/dopams-backend-staging/src/schema/misc/enums/sort-type', target file types: TypeScript, Declaration.
File 'd:/DOPAMS/Toystack/dopams-backend-staging/src/schema/misc/enums/sort-type.ts' exists - use it as a name resolution result.
======== Module name 'schema/misc/enums/sort-type' was successfully resolved to 'd:/DOPAMS/Toystack/dopams-backend-staging/src/schema/misc/enums/sort-type.ts'. ========
======== Resolving module '..' from 'd:/DOPAMS/Toystack/dopams-backend-staging/src/schema/criminal-profile/query/index.ts'. ========
Explicitly specified module resolution kind: 'Node10'.
Loading module as file / folder, candidate module location 'd:/DOPAMS/Toystack/dopams-backend-staging/src/schema/criminal-profile/', target file types: TypeScript, Declaration.
File 'd:/DOPAMS/Toystack/dopams-backend-staging/src/schema/criminal-profile/package.json' does not exist.
File 'd:/DOPAMS/Toystack/dopams-backend-staging/src/schema/criminal-profile/index.ts' exists - use it as a name resolution result.
======== Module name '..' was successfully resolved to 'd:/DOPAMS/Toystack/dopams-backend-staging/src/schema/criminal-profile/index.ts'. ========
======== Resolving module '../case-history' from 'd:/DOPAMS/Toystack/dopams-backend-staging/src/schema/criminal-profile/query/index.ts'. ========
Explicitly specified module resolution kind: 'Node10'.
Loading module as file / folder, candidate module location 'd:/DOPAMS/Toystack/dopams-backend-staging/src/schema/criminal-profile/case-history', target file types: TypeScript, Declaration.
File 'd:/DOPAMS/Toystack/dopams-backend-staging/src/schema/criminal-profile/case-history.ts' exists - use it as a name resolution result.
======== Module name '../case-history' was successfully resolved to 'd:/DOPAMS/Toystack/dopams-backend-staging/src/schema/criminal-profile/case-history.ts'. ========
======== Resolving module '../enums/sort-by' from 'd:/DOPAMS/Toystack/dopams-backend-staging/src/schema/criminal-profile/query/index.ts'. ========
Explicitly specified module resolution kind: 'Node10'.
Loading module as file / folder, candidate module location 'd:/DOPAMS/Toystack/dopams-backend-staging/src/schema/criminal-profile/enums/sort-by', target file types: TypeScript, Declaration.
File 'd:/DOPAMS/Toystack/dopams-backend-staging/src/schema/criminal-profile/enums/sort-by.ts' exists - use it as a name resolution result.
======== Module name '../enums/sort-by' was successfully resolved to 'd:/DOPAMS/Toystack/dopams-backend-staging/src/schema/criminal-profile/enums/sort-by.ts'. ========
======== Resolving module '../filters' from 'd:/DOPAMS/Toystack/dopams-backend-staging/src/schema/criminal-profile/query/index.ts'. ========
Explicitly specified module resolution kind: 'Node10'.
Loading module as file / folder, candidate module location 'd:/DOPAMS/Toystack/dopams-backend-staging/src/schema/criminal-profile/filters', target file types: TypeScript, Declaration.
File 'd:/DOPAMS/Toystack/dopams-backend-staging/src/schema/criminal-profile/filters.ts' does not exist.
File 'd:/DOPAMS/Toystack/dopams-backend-staging/src/schema/criminal-profile/filters.tsx' does not exist.
File 'd:/DOPAMS/Toystack/dopams-backend-staging/src/schema/criminal-profile/filters.d.ts' does not exist.
File 'd:/DOPAMS/Toystack/dopams-backend-staging/src/schema/criminal-profile/filters/package.json' does not exist.
File 'd:/DOPAMS/Toystack/dopams-backend-staging/src/schema/criminal-profile/filters/index.ts' exists - use it as a name resolution result.
======== Module name '../filters' was successfully resolved to 'd:/DOPAMS/Toystack/dopams-backend-staging/src/schema/criminal-profile/filters/index.ts'. ========
======== Resolving module '../services' from 'd:/DOPAMS/Toystack/dopams-backend-staging/src/schema/criminal-profile/query/index.ts'. ========
Explicitly specified module resolution kind: 'Node10'.
Loading module as file / folder, candidate module location 'd:/DOPAMS/Toystack/dopams-backend-staging/src/schema/criminal-profile/services', target file types: TypeScript, Declaration.
File 'd:/DOPAMS/Toystack/dopams-backend-staging/src/schema/criminal-profile/services.ts' does not exist.
File 'd:/DOPAMS/Toystack/dopams-backend-staging/src/schema/criminal-profile/services.tsx' does not exist.
File 'd:/DOPAMS/Toystack/dopams-backend-staging/src/schema/criminal-profile/services.d.ts' does not exist.
File 'd:/DOPAMS/Toystack/dopams-backend-staging/src/schema/criminal-profile/services/package.json' does not exist according to earlier cached lookups.
File 'd:/DOPAMS/Toystack/dopams-backend-staging/src/schema/criminal-profile/services/index.ts' exists - use it as a name resolution result.
======== Module name '../services' was successfully resolved to 'd:/DOPAMS/Toystack/dopams-backend-staging/src/schema/criminal-profile/services/index.ts'. ========
======== Resolving module '../services/case-history' from 'd:/DOPAMS/Toystack/dopams-backend-staging/src/schema/criminal-profile/query/index.ts'. ========
Explicitly specified module resolution kind: 'Node10'.
Loading module as file / folder, candidate module location 'd:/DOPAMS/Toystack/dopams-backend-staging/src/schema/criminal-profile/services/case-history', target file types: TypeScript, Declaration.
File 'd:/DOPAMS/Toystack/dopams-backend-staging/src/schema/criminal-profile/services/case-history.ts' exists - use it as a name resolution result.
======== Module name '../services/case-history' was successfully resolved to 'd:/DOPAMS/Toystack/dopams-backend-staging/src/schema/criminal-profile/services/case-history.ts'. ========
======== Resolving module 'graphql' from 'd:/DOPAMS/Toystack/dopams-backend-staging/src/schema/criminal-profile/index.ts'. ========
Explicitly specified module resolution kind: 'Node10'.
'baseUrl' option is set to 'd:/DOPAMS/Toystack/dopams-backend-staging/src', using this value to resolve non-relative module name 'graphql'.
'paths' option is specified, looking for a pattern to match module name 'graphql'.
'baseUrl' option is set to 'd:/DOPAMS/Toystack/dopams-backend-staging/src', using this value to resolve non-relative module name 'graphql'.
Resolving module name 'graphql' relative to base url 'd:/DOPAMS/Toystack/dopams-backend-staging/src' - 'd:/DOPAMS/Toystack/dopams-backend-staging/src/graphql'.
Loading module as file / folder, candidate module location 'd:/DOPAMS/Toystack/dopams-backend-staging/src/graphql', target file types: TypeScript, Declaration.
File 'd:/DOPAMS/Toystack/dopams-backend-staging/src/graphql.ts' does not exist.
File 'd:/DOPAMS/Toystack/dopams-backend-staging/src/graphql.tsx' does not exist.
File 'd:/DOPAMS/Toystack/dopams-backend-staging/src/graphql.d.ts' does not exist.
Directory 'd:/DOPAMS/Toystack/dopams-backend-staging/src/graphql' does not exist, skipping all lookups in it.
Loading module 'graphql' from 'node_modules' folder, target file types: TypeScript, Declaration.
Searching all ancestor node_modules directories for preferred extensions: TypeScript, Declaration.
Resolution for module 'graphql' was found in cache from location 'd:/DOPAMS/Toystack/dopams-backend-staging/src/schema/criminal-profile'.
======== Module name 'graphql' was successfully resolved to 'd:/DOPAMS/Toystack/dopams-backend-staging/node_modules/graphql/index.d.ts' with Package ID 'graphql/index.d.ts@16.12.0'. ========
======== Resolving module 'schema/pagination/pagination' from 'd:/DOPAMS/Toystack/dopams-backend-staging/src/schema/criminal-profile/index.ts'. ========
Explicitly specified module resolution kind: 'Node10'.
'baseUrl' option is set to 'd:/DOPAMS/Toystack/dopams-backend-staging/src', using this value to resolve non-relative module name 'schema/pagination/pagination'.
'paths' option is specified, looking for a pattern to match module name 'schema/pagination/pagination'.
Module name 'schema/pagination/pagination', matched pattern 'schema/*'.
Trying substitution 'schema/*', candidate module location: 'schema/pagination/pagination'.
Loading module as file / folder, candidate module location 'd:/DOPAMS/Toystack/dopams-backend-staging/src/schema/pagination/pagination', target file types: TypeScript, Declaration.
File 'd:/DOPAMS/Toystack/dopams-backend-staging/src/schema/pagination/pagination.ts' exists - use it as a name resolution result.
======== Module name 'schema/pagination/pagination' was successfully resolved to 'd:/DOPAMS/Toystack/dopams-backend-staging/src/schema/pagination/pagination.ts'. ========
======== Resolving module 'schema/misc/document' from 'd:/DOPAMS/Toystack/dopams-backend-staging/src/schema/criminal-profile/index.ts'. ========
Explicitly specified module resolution kind: 'Node10'.
'baseUrl' option is set to 'd:/DOPAMS/Toystack/dopams-backend-staging/src', using this value to resolve non-relative module name 'schema/misc/document'.
'paths' option is specified, looking for a pattern to match module name 'schema/misc/document'.
Module name 'schema/misc/document', matched pattern 'schema/*'.
Trying substitution 'schema/*', candidate module location: 'schema/misc/document'.
Loading module as file / folder, candidate module location 'd:/DOPAMS/Toystack/dopams-backend-staging/src/schema/misc/document', target file types: TypeScript, Declaration.
File 'd:/DOPAMS/Toystack/dopams-backend-staging/src/schema/misc/document.ts' exists - use it as a name resolution result.
======== Module name 'schema/misc/document' was successfully resolved to 'd:/DOPAMS/Toystack/dopams-backend-staging/src/schema/misc/document.ts'. ========
======== Resolving module 'schema/firs/interrogation_report' from 'd:/DOPAMS/Toystack/dopams-backend-staging/src/schema/criminal-profile/index.ts'. ========
Explicitly specified module resolution kind: 'Node10'.
'baseUrl' option is set to 'd:/DOPAMS/Toystack/dopams-backend-staging/src', using this value to resolve non-relative module name 'schema/firs/interrogation_report'.
'paths' option is specified, looking for a pattern to match module name 'schema/firs/interrogation_report'.
Module name 'schema/firs/interrogation_report', matched pattern 'schema/*'.
Trying substitution 'schema/*', candidate module location: 'schema/firs/interrogation_report'.
Loading module as file / folder, candidate module location 'd:/DOPAMS/Toystack/dopams-backend-staging/src/schema/firs/interrogation_report', target file types: TypeScript, Declaration.
File 'd:/DOPAMS/Toystack/dopams-backend-staging/src/schema/firs/interrogation_report.ts' exists - use it as a name resolution result.
======== Module name 'schema/firs/interrogation_report' was successfully resolved to 'd:/DOPAMS/Toystack/dopams-backend-staging/src/schema/firs/interrogation_report.ts'. ========
======== Resolving module 'graphql' from 'd:/DOPAMS/Toystack/dopams-backend-staging/src/schema/misc/document.ts'. ========
Explicitly specified module resolution kind: 'Node10'.
'baseUrl' option is set to 'd:/DOPAMS/Toystack/dopams-backend-staging/src', using this value to resolve non-relative module name 'graphql'.
'paths' option is specified, looking for a pattern to match module name 'graphql'.
'baseUrl' option is set to 'd:/DOPAMS/Toystack/dopams-backend-staging/src', using this value to resolve non-relative module name 'graphql'.
Resolving module name 'graphql' relative to base url 'd:/DOPAMS/Toystack/dopams-backend-staging/src' - 'd:/DOPAMS/Toystack/dopams-backend-staging/src/graphql'.
Loading module as file / folder, candidate module location 'd:/DOPAMS/Toystack/dopams-backend-staging/src/graphql', target file types: TypeScript, Declaration.
File 'd:/DOPAMS/Toystack/dopams-backend-staging/src/graphql.ts' does not exist.
File 'd:/DOPAMS/Toystack/dopams-backend-staging/src/graphql.tsx' does not exist.
File 'd:/DOPAMS/Toystack/dopams-backend-staging/src/graphql.d.ts' does not exist.
Directory 'd:/DOPAMS/Toystack/dopams-backend-staging/src/graphql' does not exist, skipping all lookups in it.
Loading module 'graphql' from 'node_modules' folder, target file types: TypeScript, Declaration.
Searching all ancestor node_modules directories for preferred extensions: TypeScript, Declaration.
Resolution for module 'graphql' was found in cache from location 'd:/DOPAMS/Toystack/dopams-backend-staging/src/schema/misc'.
======== Module name 'graphql' was successfully resolved to 'd:/DOPAMS/Toystack/dopams-backend-staging/node_modules/graphql/index.d.ts' with Package ID 'graphql/index.d.ts@16.12.0'. ========
======== Resolving module 'graphql' from 'd:/DOPAMS/Toystack/dopams-backend-staging/src/schema/firs/interrogation_report.ts'. ========
Explicitly specified module resolution kind: 'Node10'.
'baseUrl' option is set to 'd:/DOPAMS/Toystack/dopams-backend-staging/src', using this value to resolve non-relative module name 'graphql'.
'paths' option is specified, looking for a pattern to match module name 'graphql'.
'baseUrl' option is set to 'd:/DOPAMS/Toystack/dopams-backend-staging/src', using this value to resolve non-relative module name 'graphql'.
Resolving module name 'graphql' relative to base url 'd:/DOPAMS/Toystack/dopams-backend-staging/src' - 'd:/DOPAMS/Toystack/dopams-backend-staging/src/graphql'.
Loading module as file / folder, candidate module location 'd:/DOPAMS/Toystack/dopams-backend-staging/src/graphql', target file types: TypeScript, Declaration.
File 'd:/DOPAMS/Toystack/dopams-backend-staging/src/graphql.ts' does not exist.
File 'd:/DOPAMS/Toystack/dopams-backend-staging/src/graphql.tsx' does not exist.
File 'd:/DOPAMS/Toystack/dopams-backend-staging/src/graphql.d.ts' does not exist.
Directory 'd:/DOPAMS/Toystack/dopams-backend-staging/src/graphql' does not exist, skipping all lookups in it.
Loading module 'graphql' from 'node_modules' folder, target file types: TypeScript, Declaration.
Searching all ancestor node_modules directories for preferred extensions: TypeScript, Declaration.
Resolution for module 'graphql' was found in cache from location 'd:/DOPAMS/Toystack/dopams-backend-staging/src/schema/firs'.
======== Module name 'graphql' was successfully resolved to 'd:/DOPAMS/Toystack/dopams-backend-staging/node_modules/graphql/index.d.ts' with Package ID 'graphql/index.d.ts@16.12.0'. ========
======== Resolving module 'graphql' from 'd:/DOPAMS/Toystack/dopams-backend-staging/src/schema/criminal-profile/case-history.ts'. ========
Resolution for module 'graphql' was found in cache from location 'd:/DOPAMS/Toystack/dopams-backend-staging/src/schema/criminal-profile'.
======== Module name 'graphql' was successfully resolved to 'd:/DOPAMS/Toystack/dopams-backend-staging/node_modules/graphql/index.d.ts' with Package ID 'graphql/index.d.ts@16.12.0'. ========
======== Resolving module 'graphql' from 'd:/DOPAMS/Toystack/dopams-backend-staging/src/schema/criminal-profile/enums/sort-by.ts'. ========
Explicitly specified module resolution kind: 'Node10'.
'baseUrl' option is set to 'd:/DOPAMS/Toystack/dopams-backend-staging/src', using this value to resolve non-relative module name 'graphql'.
'paths' option is specified, looking for a pattern to match module name 'graphql'.
'baseUrl' option is set to 'd:/DOPAMS/Toystack/dopams-backend-staging/src', using this value to resolve non-relative module name 'graphql'.
Resolving module name 'graphql' relative to base url 'd:/DOPAMS/Toystack/dopams-backend-staging/src' - 'd:/DOPAMS/Toystack/dopams-backend-staging/src/graphql'.
Loading module as file / folder, candidate module location 'd:/DOPAMS/Toystack/dopams-backend-staging/src/graphql', target file types: TypeScript, Declaration.
File 'd:/DOPAMS/Toystack/dopams-backend-staging/src/graphql.ts' does not exist.
File 'd:/DOPAMS/Toystack/dopams-backend-staging/src/graphql.tsx' does not exist.
File 'd:/DOPAMS/Toystack/dopams-backend-staging/src/graphql.d.ts' does not exist.
Directory 'd:/DOPAMS/Toystack/dopams-backend-staging/src/graphql' does not exist, skipping all lookups in it.
Loading module 'graphql' from 'node_modules' folder, target file types: TypeScript, Declaration.
Searching all ancestor node_modules directories for preferred extensions: TypeScript, Declaration.
Directory 'd:/DOPAMS/Toystack/dopams-backend-staging/src/schema/criminal-profile/enums/node_modules' does not exist, skipping all lookups in it.
Resolution for module 'graphql' was found in cache from location 'd:/DOPAMS/Toystack/dopams-backend-staging/src/schema/criminal-profile'.
======== Module name 'graphql' was successfully resolved to 'd:/DOPAMS/Toystack/dopams-backend-staging/node_modules/graphql/index.d.ts' with Package ID 'graphql/index.d.ts@16.12.0'. ========
======== Resolving module 'graphql' from 'd:/DOPAMS/Toystack/dopams-backend-staging/src/schema/criminal-profile/filters/index.ts'. ========
Explicitly specified module resolution kind: 'Node10'.
'baseUrl' option is set to 'd:/DOPAMS/Toystack/dopams-backend-staging/src', using this value to resolve non-relative module name 'graphql'.
'paths' option is specified, looking for a pattern to match module name 'graphql'.
'baseUrl' option is set to 'd:/DOPAMS/Toystack/dopams-backend-staging/src', using this value to resolve non-relative module name 'graphql'.
Resolving module name 'graphql' relative to base url 'd:/DOPAMS/Toystack/dopams-backend-staging/src' - 'd:/DOPAMS/Toystack/dopams-backend-staging/src/graphql'.
Loading module as file / folder, candidate module location 'd:/DOPAMS/Toystack/dopams-backend-staging/src/graphql', target file types: TypeScript, Declaration.
File 'd:/DOPAMS/Toystack/dopams-backend-staging/src/graphql.ts' does not exist.
File 'd:/DOPAMS/Toystack/dopams-backend-staging/src/graphql.tsx' does not exist.
File 'd:/DOPAMS/Toystack/dopams-backend-staging/src/graphql.d.ts' does not exist.
Directory 'd:/DOPAMS/Toystack/dopams-backend-staging/src/graphql' does not exist, skipping all lookups in it.
Loading module 'graphql' from 'node_modules' folder, target file types: TypeScript, Declaration.
Searching all ancestor node_modules directories for preferred extensions: TypeScript, Declaration.
Directory 'd:/DOPAMS/Toystack/dopams-backend-staging/src/schema/criminal-profile/filters/node_modules' does not exist, skipping all lookups in it.
Resolution for module 'graphql' was found in cache from location 'd:/DOPAMS/Toystack/dopams-backend-staging/src/schema/criminal-profile'.
======== Module name 'graphql' was successfully resolved to 'd:/DOPAMS/Toystack/dopams-backend-staging/node_modules/graphql/index.d.ts' with Package ID 'graphql/index.d.ts@16.12.0'. ========
======== Resolving module 'datasources/prisma' from 'd:/DOPAMS/Toystack/dopams-backend-staging/src/schema/criminal-profile/services/case-history.ts'. ========
Resolution for module 'datasources/prisma' was found in cache from location 'd:/DOPAMS/Toystack/dopams-backend-staging/src/schema/criminal-profile/services'.
======== Module name 'datasources/prisma' was successfully resolved to 'd:/DOPAMS/Toystack/dopams-backend-staging/src/datasources/prisma.ts'. ========
======== Resolving module 'utils/errors/resource-not-found' from 'd:/DOPAMS/Toystack/dopams-backend-staging/src/schema/criminal-profile/services/case-history.ts'. ========
Resolution for module 'utils/errors/resource-not-found' was found in cache from location 'd:/DOPAMS/Toystack/dopams-backend-staging/src/schema/criminal-profile/services'.
======== Module name 'utils/errors/resource-not-found' was successfully resolved to 'd:/DOPAMS/Toystack/dopams-backend-staging/src/utils/errors/resource-not-found.ts'. ========
======== Resolving module 'graphql' from 'd:/DOPAMS/Toystack/dopams-backend-staging/src/schema/firs/query/index.ts'. ========
Explicitly specified module resolution kind: 'Node10'.
'baseUrl' option is set to 'd:/DOPAMS/Toystack/dopams-backend-staging/src', using this value to resolve non-relative module name 'graphql'.
'paths' option is specified, looking for a pattern to match module name 'graphql'.
'baseUrl' option is set to 'd:/DOPAMS/Toystack/dopams-backend-staging/src', using this value to resolve non-relative module name 'graphql'.
Resolving module name 'graphql' relative to base url 'd:/DOPAMS/Toystack/dopams-backend-staging/src' - 'd:/DOPAMS/Toystack/dopams-backend-staging/src/graphql'.
Loading module as file / folder, candidate module location 'd:/DOPAMS/Toystack/dopams-backend-staging/src/graphql', target file types: TypeScript, Declaration.
File 'd:/DOPAMS/Toystack/dopams-backend-staging/src/graphql.ts' does not exist.
File 'd:/DOPAMS/Toystack/dopams-backend-staging/src/graphql.tsx' does not exist.
File 'd:/DOPAMS/Toystack/dopams-backend-staging/src/graphql.d.ts' does not exist.
Directory 'd:/DOPAMS/Toystack/dopams-backend-staging/src/graphql' does not exist, skipping all lookups in it.
Loading module 'graphql' from 'node_modules' folder, target file types: TypeScript, Declaration.
Searching all ancestor node_modules directories for preferred extensions: TypeScript, Declaration.
Directory 'd:/DOPAMS/Toystack/dopams-backend-staging/src/schema/firs/query/node_modules' does not exist, skipping all lookups in it.
Resolution for module 'graphql' was found in cache from location 'd:/DOPAMS/Toystack/dopams-backend-staging/src/schema/firs'.
======== Module name 'graphql' was successfully resolved to 'd:/DOPAMS/Toystack/dopams-backend-staging/node_modules/graphql/index.d.ts' with Package ID 'graphql/index.d.ts@16.12.0'. ========
======== Resolving module 'schema/misc/enums/sort-type' from 'd:/DOPAMS/Toystack/dopams-backend-staging/src/schema/firs/query/index.ts'. ========
Explicitly specified module resolution kind: 'Node10'.
'baseUrl' option is set to 'd:/DOPAMS/Toystack/dopams-backend-staging/src', using this value to resolve non-relative module name 'schema/misc/enums/sort-type'.
'paths' option is specified, looking for a pattern to match module name 'schema/misc/enums/sort-type'.
Module name 'schema/misc/enums/sort-type', matched pattern 'schema/*'.
Trying substitution 'schema/*', candidate module location: 'schema/misc/enums/sort-type'.
Loading module as file / folder, candidate module location 'd:/DOPAMS/Toystack/dopams-backend-staging/src/schema/misc/enums/sort-type', target file types: TypeScript, Declaration.
File 'd:/DOPAMS/Toystack/dopams-backend-staging/src/schema/misc/enums/sort-type.ts' exists - use it as a name resolution result.
======== Module name 'schema/misc/enums/sort-type' was successfully resolved to 'd:/DOPAMS/Toystack/dopams-backend-staging/src/schema/misc/enums/sort-type.ts'. ========
======== Resolving module '../enums/sort-by' from 'd:/DOPAMS/Toystack/dopams-backend-staging/src/schema/firs/query/index.ts'. ========
Explicitly specified module resolution kind: 'Node10'.
Loading module as file / folder, candidate module location 'd:/DOPAMS/Toystack/dopams-backend-staging/src/schema/firs/enums/sort-by', target file types: TypeScript, Declaration.
File 'd:/DOPAMS/Toystack/dopams-backend-staging/src/schema/firs/enums/sort-by.ts' exists - use it as a name resolution result.
======== Module name '../enums/sort-by' was successfully resolved to 'd:/DOPAMS/Toystack/dopams-backend-staging/src/schema/firs/enums/sort-by.ts'. ========
======== Resolving module '../filters' from 'd:/DOPAMS/Toystack/dopams-backend-staging/src/schema/firs/query/index.ts'. ========
Explicitly specified module resolution kind: 'Node10'.
Loading module as file / folder, candidate module location 'd:/DOPAMS/Toystack/dopams-backend-staging/src/schema/firs/filters', target file types: TypeScript, Declaration.
File 'd:/DOPAMS/Toystack/dopams-backend-staging/src/schema/firs/filters.ts' does not exist.
File 'd:/DOPAMS/Toystack/dopams-backend-staging/src/schema/firs/filters.tsx' does not exist.
File 'd:/DOPAMS/Toystack/dopams-backend-staging/src/schema/firs/filters.d.ts' does not exist.
File 'd:/DOPAMS/Toystack/dopams-backend-staging/src/schema/firs/filters/package.json' does not exist.
File 'd:/DOPAMS/Toystack/dopams-backend-staging/src/schema/firs/filters/index.ts' exists - use it as a name resolution result.
======== Module name '../filters' was successfully resolved to 'd:/DOPAMS/Toystack/dopams-backend-staging/src/schema/firs/filters/index.ts'. ========
======== Resolving module '..' from 'd:/DOPAMS/Toystack/dopams-backend-staging/src/schema/firs/query/index.ts'. ========
Explicitly specified module resolution kind: 'Node10'.
Loading module as file / folder, candidate module location 'd:/DOPAMS/Toystack/dopams-backend-staging/src/schema/firs/', target file types: TypeScript, Declaration.
File 'd:/DOPAMS/Toystack/dopams-backend-staging/src/schema/firs/package.json' does not exist.
File 'd:/DOPAMS/Toystack/dopams-backend-staging/src/schema/firs/index.ts' exists - use it as a name resolution result.
======== Module name '..' was successfully resolved to 'd:/DOPAMS/Toystack/dopams-backend-staging/src/schema/firs/index.ts'. ========
======== Resolving module '../services' from 'd:/DOPAMS/Toystack/dopams-backend-staging/src/schema/firs/query/index.ts'. ========
Explicitly specified module resolution kind: 'Node10'.
Loading module as file / folder, candidate module location 'd:/DOPAMS/Toystack/dopams-backend-staging/src/schema/firs/services', target file types: TypeScript, Declaration.
File 'd:/DOPAMS/Toystack/dopams-backend-staging/src/schema/firs/services.ts' does not exist.
File 'd:/DOPAMS/Toystack/dopams-backend-staging/src/schema/firs/services.tsx' does not exist.
File 'd:/DOPAMS/Toystack/dopams-backend-staging/src/schema/firs/services.d.ts' does not exist.
File 'd:/DOPAMS/Toystack/dopams-backend-staging/src/schema/firs/services/package.json' does not exist according to earlier cached lookups.
File 'd:/DOPAMS/Toystack/dopams-backend-staging/src/schema/firs/services/index.ts' exists - use it as a name resolution result.
======== Module name '../services' was successfully resolved to 'd:/DOPAMS/Toystack/dopams-backend-staging/src/schema/firs/services/index.ts'. ========
======== Resolving module 'graphql' from 'd:/DOPAMS/Toystack/dopams-backend-staging/src/schema/firs/enums/sort-by.ts'. ========
Explicitly specified module resolution kind: 'Node10'.
'baseUrl' option is set to 'd:/DOPAMS/Toystack/dopams-backend-staging/src', using this value to resolve non-relative module name 'graphql'.
'paths' option is specified, looking for a pattern to match module name 'graphql'.
'baseUrl' option is set to 'd:/DOPAMS/Toystack/dopams-backend-staging/src', using this value to resolve non-relative module name 'graphql'.
Resolving module name 'graphql' relative to base url 'd:/DOPAMS/Toystack/dopams-backend-staging/src' - 'd:/DOPAMS/Toystack/dopams-backend-staging/src/graphql'.
Loading module as file / folder, candidate module location 'd:/DOPAMS/Toystack/dopams-backend-staging/src/graphql', target file types: TypeScript, Declaration.
File 'd:/DOPAMS/Toystack/dopams-backend-staging/src/graphql.ts' does not exist.
File 'd:/DOPAMS/Toystack/dopams-backend-staging/src/graphql.tsx' does not exist.
File 'd:/DOPAMS/Toystack/dopams-backend-staging/src/graphql.d.ts' does not exist.
Directory 'd:/DOPAMS/Toystack/dopams-backend-staging/src/graphql' does not exist, skipping all lookups in it.
Loading module 'graphql' from 'node_modules' folder, target file types: TypeScript, Declaration.
Searching all ancestor node_modules directories for preferred extensions: TypeScript, Declaration.
Directory 'd:/DOPAMS/Toystack/dopams-backend-staging/src/schema/firs/enums/node_modules' does not exist, skipping all lookups in it.
Resolution for module 'graphql' was found in cache from location 'd:/DOPAMS/Toystack/dopams-backend-staging/src/schema/firs'.
======== Module name 'graphql' was successfully resolved to 'd:/DOPAMS/Toystack/dopams-backend-staging/node_modules/graphql/index.d.ts' with Package ID 'graphql/index.d.ts@16.12.0'. ========
======== Resolving module 'graphql' from 'd:/DOPAMS/Toystack/dopams-backend-staging/src/schema/firs/filters/index.ts'. ========
Explicitly specified module resolution kind: 'Node10'.
'baseUrl' option is set to 'd:/DOPAMS/Toystack/dopams-backend-staging/src', using this value to resolve non-relative module name 'graphql'.
'paths' option is specified, looking for a pattern to match module name 'graphql'.
'baseUrl' option is set to 'd:/DOPAMS/Toystack/dopams-backend-staging/src', using this value to resolve non-relative module name 'graphql'.
Resolving module name 'graphql' relative to base url 'd:/DOPAMS/Toystack/dopams-backend-staging/src' - 'd:/DOPAMS/Toystack/dopams-backend-staging/src/graphql'.
Loading module as file / folder, candidate module location 'd:/DOPAMS/Toystack/dopams-backend-staging/src/graphql', target file types: TypeScript, Declaration.
File 'd:/DOPAMS/Toystack/dopams-backend-staging/src/graphql.ts' does not exist.
File 'd:/DOPAMS/Toystack/dopams-backend-staging/src/graphql.tsx' does not exist.
File 'd:/DOPAMS/Toystack/dopams-backend-staging/src/graphql.d.ts' does not exist.
Directory 'd:/DOPAMS/Toystack/dopams-backend-staging/src/graphql' does not exist, skipping all lookups in it.
Loading module 'graphql' from 'node_modules' folder, target file types: TypeScript, Declaration.
Searching all ancestor node_modules directories for preferred extensions: TypeScript, Declaration.
Directory 'd:/DOPAMS/Toystack/dopams-backend-staging/src/schema/firs/filters/node_modules' does not exist, skipping all lookups in it.
Resolution for module 'graphql' was found in cache from location 'd:/DOPAMS/Toystack/dopams-backend-staging/src/schema/firs'.
======== Module name 'graphql' was successfully resolved to 'd:/DOPAMS/Toystack/dopams-backend-staging/node_modules/graphql/index.d.ts' with Package ID 'graphql/index.d.ts@16.12.0'. ========
======== Resolving module 'schema/misc/domicile' from 'd:/DOPAMS/Toystack/dopams-backend-staging/src/schema/firs/filters/index.ts'. ========
Explicitly specified module resolution kind: 'Node10'.
'baseUrl' option is set to 'd:/DOPAMS/Toystack/dopams-backend-staging/src', using this value to resolve non-relative module name 'schema/misc/domicile'.
'paths' option is specified, looking for a pattern to match module name 'schema/misc/domicile'.
Module name 'schema/misc/domicile', matched pattern 'schema/*'.
Trying substitution 'schema/*', candidate module location: 'schema/misc/domicile'.
Loading module as file / folder, candidate module location 'd:/DOPAMS/Toystack/dopams-backend-staging/src/schema/misc/domicile', target file types: TypeScript, Declaration.
File 'd:/DOPAMS/Toystack/dopams-backend-staging/src/schema/misc/domicile.ts' exists - use it as a name resolution result.
======== Module name 'schema/misc/domicile' was successfully resolved to 'd:/DOPAMS/Toystack/dopams-backend-staging/src/schema/misc/domicile.ts'. ========
======== Resolving module 'schema/misc/range' from 'd:/DOPAMS/Toystack/dopams-backend-staging/src/schema/firs/filters/index.ts'. ========
Explicitly specified module resolution kind: 'Node10'.
'baseUrl' option is set to 'd:/DOPAMS/Toystack/dopams-backend-staging/src', using this value to resolve non-relative module name 'schema/misc/range'.
'paths' option is specified, looking for a pattern to match module name 'schema/misc/range'.
Module name 'schema/misc/range', matched pattern 'schema/*'.
Trying substitution 'schema/*', candidate module location: 'schema/misc/range'.
Loading module as file / folder, candidate module location 'd:/DOPAMS/Toystack/dopams-backend-staging/src/schema/misc/range', target file types: TypeScript, Declaration.
File 'd:/DOPAMS/Toystack/dopams-backend-staging/src/schema/misc/range.ts' exists - use it as a name resolution result.
======== Module name 'schema/misc/range' was successfully resolved to 'd:/DOPAMS/Toystack/dopams-backend-staging/src/schema/misc/range.ts'. ========
======== Resolving module 'graphql' from 'd:/DOPAMS/Toystack/dopams-backend-staging/src/schema/misc/domicile.ts'. ========
Resolution for module 'graphql' was found in cache from location 'd:/DOPAMS/Toystack/dopams-backend-staging/src/schema/misc'.
======== Module name 'graphql' was successfully resolved to 'd:/DOPAMS/Toystack/dopams-backend-staging/node_modules/graphql/index.d.ts' with Package ID 'graphql/index.d.ts@16.12.0'. ========
======== Resolving module 'graphql' from 'd:/DOPAMS/Toystack/dopams-backend-staging/src/schema/misc/range.ts'. ========
Resolution for module 'graphql' was found in cache from location 'd:/DOPAMS/Toystack/dopams-backend-staging/src/schema/misc'.
======== Module name 'graphql' was successfully resolved to 'd:/DOPAMS/Toystack/dopams-backend-staging/node_modules/graphql/index.d.ts' with Package ID 'graphql/index.d.ts@16.12.0'. ========
======== Resolving module 'graphql' from 'd:/DOPAMS/Toystack/dopams-backend-staging/src/schema/firs/index.ts'. ========
Resolution for module 'graphql' was found in cache from location 'd:/DOPAMS/Toystack/dopams-backend-staging/src/schema/firs'.
======== Module name 'graphql' was successfully resolved to 'd:/DOPAMS/Toystack/dopams-backend-staging/node_modules/graphql/index.d.ts' with Package ID 'graphql/index.d.ts@16.12.0'. ========
======== Resolving module 'schema/pagination/pagination' from 'd:/DOPAMS/Toystack/dopams-backend-staging/src/schema/firs/index.ts'. ========
Explicitly specified module resolution kind: 'Node10'.
'baseUrl' option is set to 'd:/DOPAMS/Toystack/dopams-backend-staging/src', using this value to resolve non-relative module name 'schema/pagination/pagination'.
'paths' option is specified, looking for a pattern to match module name 'schema/pagination/pagination'.
Module name 'schema/pagination/pagination', matched pattern 'schema/*'.
Trying substitution 'schema/*', candidate module location: 'schema/pagination/pagination'.
Loading module as file / folder, candidate module location 'd:/DOPAMS/Toystack/dopams-backend-staging/src/schema/pagination/pagination', target file types: TypeScript, Declaration.
File 'd:/DOPAMS/Toystack/dopams-backend-staging/src/schema/pagination/pagination.ts' exists - use it as a name resolution result.
======== Module name 'schema/pagination/pagination' was successfully resolved to 'd:/DOPAMS/Toystack/dopams-backend-staging/src/schema/pagination/pagination.ts'. ========
======== Resolving module 'schema/misc/statistics' from 'd:/DOPAMS/Toystack/dopams-backend-staging/src/schema/firs/index.ts'. ========
Explicitly specified module resolution kind: 'Node10'.
'baseUrl' option is set to 'd:/DOPAMS/Toystack/dopams-backend-staging/src', using this value to resolve non-relative module name 'schema/misc/statistics'.
'paths' option is specified, looking for a pattern to match module name 'schema/misc/statistics'.
Module name 'schema/misc/statistics', matched pattern 'schema/*'.
Trying substitution 'schema/*', candidate module location: 'schema/misc/statistics'.
Loading module as file / folder, candidate module location 'd:/DOPAMS/Toystack/dopams-backend-staging/src/schema/misc/statistics', target file types: TypeScript, Declaration.
File 'd:/DOPAMS/Toystack/dopams-backend-staging/src/schema/misc/statistics.ts' exists - use it as a name resolution result.
======== Module name 'schema/misc/statistics' was successfully resolved to 'd:/DOPAMS/Toystack/dopams-backend-staging/src/schema/misc/statistics.ts'. ========
======== Resolving module 'schema/misc/document' from 'd:/DOPAMS/Toystack/dopams-backend-staging/src/schema/firs/index.ts'. ========
Explicitly specified module resolution kind: 'Node10'.
'baseUrl' option is set to 'd:/DOPAMS/Toystack/dopams-backend-staging/src', using this value to resolve non-relative module name 'schema/misc/document'.
'paths' option is specified, looking for a pattern to match module name 'schema/misc/document'.
Module name 'schema/misc/document', matched pattern 'schema/*'.
Trying substitution 'schema/*', candidate module location: 'schema/misc/document'.
Loading module as file / folder, candidate module location 'd:/DOPAMS/Toystack/dopams-backend-staging/src/schema/misc/document', target file types: TypeScript, Declaration.
File 'd:/DOPAMS/Toystack/dopams-backend-staging/src/schema/misc/document.ts' exists - use it as a name resolution result.
======== Module name 'schema/misc/document' was successfully resolved to 'd:/DOPAMS/Toystack/dopams-backend-staging/src/schema/misc/document.ts'. ========
======== Resolving module './interrogation_report' from 'd:/DOPAMS/Toystack/dopams-backend-staging/src/schema/firs/index.ts'. ========
Explicitly specified module resolution kind: 'Node10'.
Loading module as file / folder, candidate module location 'd:/DOPAMS/Toystack/dopams-backend-staging/src/schema/firs/interrogation_report', target file types: TypeScript, Declaration.
File 'd:/DOPAMS/Toystack/dopams-backend-staging/src/schema/firs/interrogation_report.ts' exists - use it as a name resolution result.
======== Module name './interrogation_report' was successfully resolved to 'd:/DOPAMS/Toystack/dopams-backend-staging/src/schema/firs/interrogation_report.ts'. ========
======== Resolving module './seizures' from 'd:/DOPAMS/Toystack/dopams-backend-staging/src/schema/firs/index.ts'. ========
Explicitly specified module resolution kind: 'Node10'.
Loading module as file / folder, candidate module location 'd:/DOPAMS/Toystack/dopams-backend-staging/src/schema/firs/seizures', target file types: TypeScript, Declaration.
File 'd:/DOPAMS/Toystack/dopams-backend-staging/src/schema/firs/seizures.ts' exists - use it as a name resolution result.
======== Module name './seizures' was successfully resolved to 'd:/DOPAMS/Toystack/dopams-backend-staging/src/schema/firs/seizures.ts'. ========
======== Resolving module 'graphql' from 'd:/DOPAMS/Toystack/dopams-backend-staging/src/schema/misc/statistics.ts'. ========
Resolution for module 'graphql' was found in cache from location 'd:/DOPAMS/Toystack/dopams-backend-staging/src/schema/misc'.
======== Module name 'graphql' was successfully resolved to 'd:/DOPAMS/Toystack/dopams-backend-staging/node_modules/graphql/index.d.ts' with Package ID 'graphql/index.d.ts@16.12.0'. ========
======== Resolving module 'graphql' from 'd:/DOPAMS/Toystack/dopams-backend-staging/src/schema/firs/seizures.ts'. ========
Resolution for module 'graphql' was found in cache from location 'd:/DOPAMS/Toystack/dopams-backend-staging/src/schema/firs'.
======== Module name 'graphql' was successfully resolved to 'd:/DOPAMS/Toystack/dopams-backend-staging/node_modules/graphql/index.d.ts' with Package ID 'graphql/index.d.ts@16.12.0'. ========
======== Resolving module 'schema/misc/statistics' from 'd:/DOPAMS/Toystack/dopams-backend-staging/src/schema/firs/seizures.ts'. ========
Resolution for module 'schema/misc/statistics' was found in cache from location 'd:/DOPAMS/Toystack/dopams-backend-staging/src/schema/firs'.
======== Module name 'schema/misc/statistics' was successfully resolved to 'd:/DOPAMS/Toystack/dopams-backend-staging/src/schema/misc/statistics.ts'. ========
======== Resolving module 'graphql' from 'd:/DOPAMS/Toystack/dopams-backend-staging/src/schema/firs/query/seizures.ts'. ========
Resolution for module 'graphql' was found in cache from location 'd:/DOPAMS/Toystack/dopams-backend-staging/src/schema/firs/query'.
======== Module name 'graphql' was successfully resolved to 'd:/DOPAMS/Toystack/dopams-backend-staging/node_modules/graphql/index.d.ts' with Package ID 'graphql/index.d.ts@16.12.0'. ========
======== Resolving module '../filters' from 'd:/DOPAMS/Toystack/dopams-backend-staging/src/schema/firs/query/seizures.ts'. ========
Resolution for module '../filters' was found in cache from location 'd:/DOPAMS/Toystack/dopams-backend-staging/src/schema/firs/query'.
======== Module name '../filters' was successfully resolved to 'd:/DOPAMS/Toystack/dopams-backend-staging/src/schema/firs/filters/index.ts'. ========
======== Resolving module '../seizures' from 'd:/DOPAMS/Toystack/dopams-backend-staging/src/schema/firs/query/seizures.ts'. ========
Explicitly specified module resolution kind: 'Node10'.
Loading module as file / folder, candidate module location 'd:/DOPAMS/Toystack/dopams-backend-staging/src/schema/firs/seizures', target file types: TypeScript, Declaration.
File 'd:/DOPAMS/Toystack/dopams-backend-staging/src/schema/firs/seizures.ts' exists - use it as a name resolution result.
======== Module name '../seizures' was successfully resolved to 'd:/DOPAMS/Toystack/dopams-backend-staging/src/schema/firs/seizures.ts'. ========
======== Resolving module '../services/seizures' from 'd:/DOPAMS/Toystack/dopams-backend-staging/src/schema/firs/query/seizures.ts'. ========
Explicitly specified module resolution kind: 'Node10'.
Loading module as file / folder, candidate module location 'd:/DOPAMS/Toystack/dopams-backend-staging/src/schema/firs/services/seizures', target file types: TypeScript, Declaration.
File 'd:/DOPAMS/Toystack/dopams-backend-staging/src/schema/firs/services/seizures.ts' exists - use it as a name resolution result.
======== Module name '../services/seizures' was successfully resolved to 'd:/DOPAMS/Toystack/dopams-backend-staging/src/schema/firs/services/seizures.ts'. ========
======== Resolving module 'datasources/prisma' from 'd:/DOPAMS/Toystack/dopams-backend-staging/src/schema/firs/services/seizures.ts'. ========
Resolution for module 'datasources/prisma' was found in cache from location 'd:/DOPAMS/Toystack/dopams-backend-staging/src/schema/firs/services'.
======== Module name 'datasources/prisma' was successfully resolved to 'd:/DOPAMS/Toystack/dopams-backend-staging/src/datasources/prisma.ts'. ========
======== Resolving module 'interfaces/fir' from 'd:/DOPAMS/Toystack/dopams-backend-staging/src/schema/firs/services/seizures.ts'. ========
Resolution for module 'interfaces/fir' was found in cache from location 'd:/DOPAMS/Toystack/dopams-backend-staging/src/schema/firs/services'.
======== Module name 'interfaces/fir' was successfully resolved to 'd:/DOPAMS/Toystack/dopams-backend-staging/src/interfaces/fir.ts'. ========
======== Resolving module '.' from 'd:/DOPAMS/Toystack/dopams-backend-staging/src/schema/firs/services/seizures.ts'. ========
Explicitly specified module resolution kind: 'Node10'.
Loading module as file / folder, candidate module location 'd:/DOPAMS/Toystack/dopams-backend-staging/src/schema/firs/services/', target file types: TypeScript, Declaration.
File 'd:/DOPAMS/Toystack/dopams-backend-staging/src/schema/firs/services/package.json' does not exist according to earlier cached lookups.
File 'd:/DOPAMS/Toystack/dopams-backend-staging/src/schema/firs/services/index.ts' exists - use it as a name resolution result.
======== Module name '.' was successfully resolved to 'd:/DOPAMS/Toystack/dopams-backend-staging/src/schema/firs/services/index.ts'. ========
======== Resolving module 'graphql' from 'd:/DOPAMS/Toystack/dopams-backend-staging/src/schema/accused/query/index.ts'. ========
Explicitly specified module resolution kind: 'Node10'.
'baseUrl' option is set to 'd:/DOPAMS/Toystack/dopams-backend-staging/src', using this value to resolve non-relative module name 'graphql'.
'paths' option is specified, looking for a pattern to match module name 'graphql'.
'baseUrl' option is set to 'd:/DOPAMS/Toystack/dopams-backend-staging/src', using this value to resolve non-relative module name 'graphql'.
Resolving module name 'graphql' relative to base url 'd:/DOPAMS/Toystack/dopams-backend-staging/src' - 'd:/DOPAMS/Toystack/dopams-backend-staging/src/graphql'.
Loading module as file / folder, candidate module location 'd:/DOPAMS/Toystack/dopams-backend-staging/src/graphql', target file types: TypeScript, Declaration.
File 'd:/DOPAMS/Toystack/dopams-backend-staging/src/graphql.ts' does not exist.
File 'd:/DOPAMS/Toystack/dopams-backend-staging/src/graphql.tsx' does not exist.
File 'd:/DOPAMS/Toystack/dopams-backend-staging/src/graphql.d.ts' does not exist.
Directory 'd:/DOPAMS/Toystack/dopams-backend-staging/src/graphql' does not exist, skipping all lookups in it.
Loading module 'graphql' from 'node_modules' folder, target file types: TypeScript, Declaration.
Searching all ancestor node_modules directories for preferred extensions: TypeScript, Declaration.
Directory 'd:/DOPAMS/Toystack/dopams-backend-staging/src/schema/accused/query/node_modules' does not exist, skipping all lookups in it.
Directory 'd:/DOPAMS/Toystack/dopams-backend-staging/src/schema/accused/node_modules' does not exist, skipping all lookups in it.
Resolution for module 'graphql' was found in cache from location 'd:/DOPAMS/Toystack/dopams-backend-staging/src/schema'.
======== Module name 'graphql' was successfully resolved to 'd:/DOPAMS/Toystack/dopams-backend-staging/node_modules/graphql/index.d.ts' with Package ID 'graphql/index.d.ts@16.12.0'. ========
======== Resolving module '../enum/sort-by' from 'd:/DOPAMS/Toystack/dopams-backend-staging/src/schema/accused/query/index.ts'. ========
Explicitly specified module resolution kind: 'Node10'.
Loading module as file / folder, candidate module location 'd:/DOPAMS/Toystack/dopams-backend-staging/src/schema/accused/enum/sort-by', target file types: TypeScript, Declaration.
File 'd:/DOPAMS/Toystack/dopams-backend-staging/src/schema/accused/enum/sort-by.ts' exists - use it as a name resolution result.
======== Module name '../enum/sort-by' was successfully resolved to 'd:/DOPAMS/Toystack/dopams-backend-staging/src/schema/accused/enum/sort-by.ts'. ========
======== Resolving module 'schema/misc/enums/sort-type' from 'd:/DOPAMS/Toystack/dopams-backend-staging/src/schema/accused/query/index.ts'. ========
Explicitly specified module resolution kind: 'Node10'.
'baseUrl' option is set to 'd:/DOPAMS/Toystack/dopams-backend-staging/src', using this value to resolve non-relative module name 'schema/misc/enums/sort-type'.
'paths' option is specified, looking for a pattern to match module name 'schema/misc/enums/sort-type'.
Module name 'schema/misc/enums/sort-type', matched pattern 'schema/*'.
Trying substitution 'schema/*', candidate module location: 'schema/misc/enums/sort-type'.
Loading module as file / folder, candidate module location 'd:/DOPAMS/Toystack/dopams-backend-staging/src/schema/misc/enums/sort-type', target file types: TypeScript, Declaration.
File 'd:/DOPAMS/Toystack/dopams-backend-staging/src/schema/misc/enums/sort-type.ts' exists - use it as a name resolution result.
======== Module name 'schema/misc/enums/sort-type' was successfully resolved to 'd:/DOPAMS/Toystack/dopams-backend-staging/src/schema/misc/enums/sort-type.ts'. ========
======== Resolving module '..' from 'd:/DOPAMS/Toystack/dopams-backend-staging/src/schema/accused/query/index.ts'. ========
Explicitly specified module resolution kind: 'Node10'.
Loading module as file / folder, candidate module location 'd:/DOPAMS/Toystack/dopams-backend-staging/src/schema/accused/', target file types: TypeScript, Declaration.
File 'd:/DOPAMS/Toystack/dopams-backend-staging/src/schema/accused/package.json' does not exist.
File 'd:/DOPAMS/Toystack/dopams-backend-staging/src/schema/accused/index.ts' exists - use it as a name resolution result.
======== Module name '..' was successfully resolved to 'd:/DOPAMS/Toystack/dopams-backend-staging/src/schema/accused/index.ts'. ========
======== Resolving module '../services' from 'd:/DOPAMS/Toystack/dopams-backend-staging/src/schema/accused/query/index.ts'. ========
Explicitly specified module resolution kind: 'Node10'.
Loading module as file / folder, candidate module location 'd:/DOPAMS/Toystack/dopams-backend-staging/src/schema/accused/services', target file types: TypeScript, Declaration.
File 'd:/DOPAMS/Toystack/dopams-backend-staging/src/schema/accused/services.ts' does not exist.
File 'd:/DOPAMS/Toystack/dopams-backend-staging/src/schema/accused/services.tsx' does not exist.
File 'd:/DOPAMS/Toystack/dopams-backend-staging/src/schema/accused/services.d.ts' does not exist.
File 'd:/DOPAMS/Toystack/dopams-backend-staging/src/schema/accused/services/package.json' does not exist.
File 'd:/DOPAMS/Toystack/dopams-backend-staging/src/schema/accused/services/index.ts' exists - use it as a name resolution result.
======== Module name '../services' was successfully resolved to 'd:/DOPAMS/Toystack/dopams-backend-staging/src/schema/accused/services/index.ts'. ========
======== Resolving module '../filters' from 'd:/DOPAMS/Toystack/dopams-backend-staging/src/schema/accused/query/index.ts'. ========
Explicitly specified module resolution kind: 'Node10'.
Loading module as file / folder, candidate module location 'd:/DOPAMS/Toystack/dopams-backend-staging/src/schema/accused/filters', target file types: TypeScript, Declaration.
File 'd:/DOPAMS/Toystack/dopams-backend-staging/src/schema/accused/filters.ts' does not exist.
File 'd:/DOPAMS/Toystack/dopams-backend-staging/src/schema/accused/filters.tsx' does not exist.
File 'd:/DOPAMS/Toystack/dopams-backend-staging/src/schema/accused/filters.d.ts' does not exist.
File 'd:/DOPAMS/Toystack/dopams-backend-staging/src/schema/accused/filters/package.json' does not exist.
File 'd:/DOPAMS/Toystack/dopams-backend-staging/src/schema/accused/filters/index.ts' exists - use it as a name resolution result.
======== Module name '../filters' was successfully resolved to 'd:/DOPAMS/Toystack/dopams-backend-staging/src/schema/accused/filters/index.ts'. ========
======== Resolving module 'graphql' from 'd:/DOPAMS/Toystack/dopams-backend-staging/src/schema/accused/enum/sort-by.ts'. ========
Explicitly specified module resolution kind: 'Node10'.
'baseUrl' option is set to 'd:/DOPAMS/Toystack/dopams-backend-staging/src', using this value to resolve non-relative module name 'graphql'.
'paths' option is specified, looking for a pattern to match module name 'graphql'.
'baseUrl' option is set to 'd:/DOPAMS/Toystack/dopams-backend-staging/src', using this value to resolve non-relative module name 'graphql'.
Resolving module name 'graphql' relative to base url 'd:/DOPAMS/Toystack/dopams-backend-staging/src' - 'd:/DOPAMS/Toystack/dopams-backend-staging/src/graphql'.
Loading module as file / folder, candidate module location 'd:/DOPAMS/Toystack/dopams-backend-staging/src/graphql', target file types: TypeScript, Declaration.
File 'd:/DOPAMS/Toystack/dopams-backend-staging/src/graphql.ts' does not exist.
File 'd:/DOPAMS/Toystack/dopams-backend-staging/src/graphql.tsx' does not exist.
File 'd:/DOPAMS/Toystack/dopams-backend-staging/src/graphql.d.ts' does not exist.
Directory 'd:/DOPAMS/Toystack/dopams-backend-staging/src/graphql' does not exist, skipping all lookups in it.
Loading module 'graphql' from 'node_modules' folder, target file types: TypeScript, Declaration.
Searching all ancestor node_modules directories for preferred extensions: TypeScript, Declaration.
Directory 'd:/DOPAMS/Toystack/dopams-backend-staging/src/schema/accused/enum/node_modules' does not exist, skipping all lookups in it.
Resolution for module 'graphql' was found in cache from location 'd:/DOPAMS/Toystack/dopams-backend-staging/src/schema/accused'.
======== Module name 'graphql' was successfully resolved to 'd:/DOPAMS/Toystack/dopams-backend-staging/node_modules/graphql/index.d.ts' with Package ID 'graphql/index.d.ts@16.12.0'. ========
======== Resolving module 'graphql' from 'd:/DOPAMS/Toystack/dopams-backend-staging/src/schema/accused/index.ts'. ========
Explicitly specified module resolution kind: 'Node10'.
'baseUrl' option is set to 'd:/DOPAMS/Toystack/dopams-backend-staging/src', using this value to resolve non-relative module name 'graphql'.
'paths' option is specified, looking for a pattern to match module name 'graphql'.
'baseUrl' option is set to 'd:/DOPAMS/Toystack/dopams-backend-staging/src', using this value to resolve non-relative module name 'graphql'.
Resolving module name 'graphql' relative to base url 'd:/DOPAMS/Toystack/dopams-backend-staging/src' - 'd:/DOPAMS/Toystack/dopams-backend-staging/src/graphql'.
Loading module as file / folder, candidate module location 'd:/DOPAMS/Toystack/dopams-backend-staging/src/graphql', target file types: TypeScript, Declaration.
File 'd:/DOPAMS/Toystack/dopams-backend-staging/src/graphql.ts' does not exist.
File 'd:/DOPAMS/Toystack/dopams-backend-staging/src/graphql.tsx' does not exist.
File 'd:/DOPAMS/Toystack/dopams-backend-staging/src/graphql.d.ts' does not exist.
Directory 'd:/DOPAMS/Toystack/dopams-backend-staging/src/graphql' does not exist, skipping all lookups in it.
Loading module 'graphql' from 'node_modules' folder, target file types: TypeScript, Declaration.
Searching all ancestor node_modules directories for preferred extensions: TypeScript, Declaration.
Resolution for module 'graphql' was found in cache from location 'd:/DOPAMS/Toystack/dopams-backend-staging/src/schema/accused'.
======== Module name 'graphql' was successfully resolved to 'd:/DOPAMS/Toystack/dopams-backend-staging/node_modules/graphql/index.d.ts' with Package ID 'graphql/index.d.ts@16.12.0'. ========
======== Resolving module 'schema/pagination/pagination' from 'd:/DOPAMS/Toystack/dopams-backend-staging/src/schema/accused/index.ts'. ========
Explicitly specified module resolution kind: 'Node10'.
'baseUrl' option is set to 'd:/DOPAMS/Toystack/dopams-backend-staging/src', using this value to resolve non-relative module name 'schema/pagination/pagination'.
'paths' option is specified, looking for a pattern to match module name 'schema/pagination/pagination'.
Module name 'schema/pagination/pagination', matched pattern 'schema/*'.
Trying substitution 'schema/*', candidate module location: 'schema/pagination/pagination'.
Loading module as file / folder, candidate module location 'd:/DOPAMS/Toystack/dopams-backend-staging/src/schema/pagination/pagination', target file types: TypeScript, Declaration.
File 'd:/DOPAMS/Toystack/dopams-backend-staging/src/schema/pagination/pagination.ts' exists - use it as a name resolution result.
======== Module name 'schema/pagination/pagination' was successfully resolved to 'd:/DOPAMS/Toystack/dopams-backend-staging/src/schema/pagination/pagination.ts'. ========
======== Resolving module 'schema/misc/statistics' from 'd:/DOPAMS/Toystack/dopams-backend-staging/src/schema/accused/index.ts'. ========
Explicitly specified module resolution kind: 'Node10'.
'baseUrl' option is set to 'd:/DOPAMS/Toystack/dopams-backend-staging/src', using this value to resolve non-relative module name 'schema/misc/statistics'.
'paths' option is specified, looking for a pattern to match module name 'schema/misc/statistics'.
Module name 'schema/misc/statistics', matched pattern 'schema/*'.
Trying substitution 'schema/*', candidate module location: 'schema/misc/statistics'.
Loading module as file / folder, candidate module location 'd:/DOPAMS/Toystack/dopams-backend-staging/src/schema/misc/statistics', target file types: TypeScript, Declaration.
File 'd:/DOPAMS/Toystack/dopams-backend-staging/src/schema/misc/statistics.ts' exists - use it as a name resolution result.
======== Module name 'schema/misc/statistics' was successfully resolved to 'd:/DOPAMS/Toystack/dopams-backend-staging/src/schema/misc/statistics.ts'. ========
======== Resolving module 'schema/firs' from 'd:/DOPAMS/Toystack/dopams-backend-staging/src/schema/accused/index.ts'. ========
Explicitly specified module resolution kind: 'Node10'.
'baseUrl' option is set to 'd:/DOPAMS/Toystack/dopams-backend-staging/src', using this value to resolve non-relative module name 'schema/firs'.
'paths' option is specified, looking for a pattern to match module name 'schema/firs'.
Module name 'schema/firs', matched pattern 'schema/*'.
Trying substitution 'schema/*', candidate module location: 'schema/firs'.
Loading module as file / folder, candidate module location 'd:/DOPAMS/Toystack/dopams-backend-staging/src/schema/firs', target file types: TypeScript, Declaration.
File 'd:/DOPAMS/Toystack/dopams-backend-staging/src/schema/firs.ts' does not exist.
File 'd:/DOPAMS/Toystack/dopams-backend-staging/src/schema/firs.tsx' does not exist.
File 'd:/DOPAMS/Toystack/dopams-backend-staging/src/schema/firs.d.ts' does not exist.
File 'd:/DOPAMS/Toystack/dopams-backend-staging/src/schema/firs/package.json' does not exist according to earlier cached lookups.
File 'd:/DOPAMS/Toystack/dopams-backend-staging/src/schema/firs/index.ts' exists - use it as a name resolution result.
======== Module name 'schema/firs' was successfully resolved to 'd:/DOPAMS/Toystack/dopams-backend-staging/src/schema/firs/index.ts'. ========
======== Resolving module 'schema/firs/seizures' from 'd:/DOPAMS/Toystack/dopams-backend-staging/src/schema/accused/index.ts'. ========
Explicitly specified module resolution kind: 'Node10'.
'baseUrl' option is set to 'd:/DOPAMS/Toystack/dopams-backend-staging/src', using this value to resolve non-relative module name 'schema/firs/seizures'.
'paths' option is specified, looking for a pattern to match module name 'schema/firs/seizures'.
Module name 'schema/firs/seizures', matched pattern 'schema/*'.
Trying substitution 'schema/*', candidate module location: 'schema/firs/seizures'.
Loading module as file / folder, candidate module location 'd:/DOPAMS/Toystack/dopams-backend-staging/src/schema/firs/seizures', target file types: TypeScript, Declaration.
File 'd:/DOPAMS/Toystack/dopams-backend-staging/src/schema/firs/seizures.ts' exists - use it as a name resolution result.
======== Module name 'schema/firs/seizures' was successfully resolved to 'd:/DOPAMS/Toystack/dopams-backend-staging/src/schema/firs/seizures.ts'. ========
======== Resolving module '@prisma/client' from 'd:/DOPAMS/Toystack/dopams-backend-staging/src/schema/accused/services/index.ts'. ========
Explicitly specified module resolution kind: 'Node10'.
'baseUrl' option is set to 'd:/DOPAMS/Toystack/dopams-backend-staging/src', using this value to resolve non-relative module name '@prisma/client'.
'paths' option is specified, looking for a pattern to match module name '@prisma/client'.
'baseUrl' option is set to 'd:/DOPAMS/Toystack/dopams-backend-staging/src', using this value to resolve non-relative module name '@prisma/client'.
Resolving module name '@prisma/client' relative to base url 'd:/DOPAMS/Toystack/dopams-backend-staging/src' - 'd:/DOPAMS/Toystack/dopams-backend-staging/src/@prisma/client'.
Loading module as file / folder, candidate module location 'd:/DOPAMS/Toystack/dopams-backend-staging/src/@prisma/client', target file types: TypeScript, Declaration.
Loading module '@prisma/client' from 'node_modules' folder, target file types: TypeScript, Declaration.
Searching all ancestor node_modules directories for preferred extensions: TypeScript, Declaration.
Directory 'd:/DOPAMS/Toystack/dopams-backend-staging/src/schema/accused/services/node_modules' does not exist, skipping all lookups in it.
Scoped package detected, looking in 'prisma__client'
Directory 'd:/DOPAMS/Toystack/dopams-backend-staging/src/schema/accused/node_modules' does not exist, skipping all lookups in it.
Scoped package detected, looking in 'prisma__client'
Resolution for module '@prisma/client' was found in cache from location 'd:/DOPAMS/Toystack/dopams-backend-staging/src/schema'.
======== Module name '@prisma/client' was successfully resolved to 'd:/DOPAMS/Toystack/dopams-backend-staging/node_modules/@prisma/client/default.d.ts' with Package ID '@prisma/client/default.d.ts@6.19.2+prisma@6.19.2+typescript@5.9.3'. ========
======== Resolving module 'datasources/prisma' from 'd:/DOPAMS/Toystack/dopams-backend-staging/src/schema/accused/services/index.ts'. ========
Explicitly specified module resolution kind: 'Node10'.
'baseUrl' option is set to 'd:/DOPAMS/Toystack/dopams-backend-staging/src', using this value to resolve non-relative module name 'datasources/prisma'.
'paths' option is specified, looking for a pattern to match module name 'datasources/prisma'.
'baseUrl' option is set to 'd:/DOPAMS/Toystack/dopams-backend-staging/src', using this value to resolve non-relative module name 'datasources/prisma'.
Resolving module name 'datasources/prisma' relative to base url 'd:/DOPAMS/Toystack/dopams-backend-staging/src' - 'd:/DOPAMS/Toystack/dopams-backend-staging/src/datasources/prisma'.
Loading module as file / folder, candidate module location 'd:/DOPAMS/Toystack/dopams-backend-staging/src/datasources/prisma', target file types: TypeScript, Declaration.
File 'd:/DOPAMS/Toystack/dopams-backend-staging/src/datasources/prisma.ts' exists - use it as a name resolution result.
======== Module name 'datasources/prisma' was successfully resolved to 'd:/DOPAMS/Toystack/dopams-backend-staging/src/datasources/prisma.ts'. ========
======== Resolving module 'interfaces/accused' from 'd:/DOPAMS/Toystack/dopams-backend-staging/src/schema/accused/services/index.ts'. ========
Explicitly specified module resolution kind: 'Node10'.
'baseUrl' option is set to 'd:/DOPAMS/Toystack/dopams-backend-staging/src', using this value to resolve non-relative module name 'interfaces/accused'.
'paths' option is specified, looking for a pattern to match module name 'interfaces/accused'.
Module name 'interfaces/accused', matched pattern 'interfaces/*'.
Trying substitution 'interfaces/*', candidate module location: 'interfaces/accused'.
Loading module as file / folder, candidate module location 'd:/DOPAMS/Toystack/dopams-backend-staging/src/interfaces/accused', target file types: TypeScript, Declaration.
File 'd:/DOPAMS/Toystack/dopams-backend-staging/src/interfaces/accused.ts' exists - use it as a name resolution result.
======== Module name 'interfaces/accused' was successfully resolved to 'd:/DOPAMS/Toystack/dopams-backend-staging/src/interfaces/accused.ts'. ========
======== Resolving module 'prisma-extension-pagination' from 'd:/DOPAMS/Toystack/dopams-backend-staging/src/schema/accused/services/index.ts'. ========
Explicitly specified module resolution kind: 'Node10'.
'baseUrl' option is set to 'd:/DOPAMS/Toystack/dopams-backend-staging/src', using this value to resolve non-relative module name 'prisma-extension-pagination'.
'paths' option is specified, looking for a pattern to match module name 'prisma-extension-pagination'.
'baseUrl' option is set to 'd:/DOPAMS/Toystack/dopams-backend-staging/src', using this value to resolve non-relative module name 'prisma-extension-pagination'.
Resolving module name 'prisma-extension-pagination' relative to base url 'd:/DOPAMS/Toystack/dopams-backend-staging/src' - 'd:/DOPAMS/Toystack/dopams-backend-staging/src/prisma-extension-pagination'.
Loading module as file / folder, candidate module location 'd:/DOPAMS/Toystack/dopams-backend-staging/src/prisma-extension-pagination', target file types: TypeScript, Declaration.
File 'd:/DOPAMS/Toystack/dopams-backend-staging/src/prisma-extension-pagination.ts' does not exist.
File 'd:/DOPAMS/Toystack/dopams-backend-staging/src/prisma-extension-pagination.tsx' does not exist.
File 'd:/DOPAMS/Toystack/dopams-backend-staging/src/prisma-extension-pagination.d.ts' does not exist.
Directory 'd:/DOPAMS/Toystack/dopams-backend-staging/src/prisma-extension-pagination' does not exist, skipping all lookups in it.
Loading module 'prisma-extension-pagination' from 'node_modules' folder, target file types: TypeScript, Declaration.
Searching all ancestor node_modules directories for preferred extensions: TypeScript, Declaration.
Directory 'd:/DOPAMS/Toystack/dopams-backend-staging/src/schema/accused/services/node_modules' does not exist, skipping all lookups in it.
Directory 'd:/DOPAMS/Toystack/dopams-backend-staging/src/schema/accused/node_modules' does not exist, skipping all lookups in it.
Resolution for module 'prisma-extension-pagination' was found in cache from location 'd:/DOPAMS/Toystack/dopams-backend-staging/src/schema'.
======== Module name 'prisma-extension-pagination' was successfully resolved to 'd:/DOPAMS/Toystack/dopams-backend-staging/node_modules/prisma-extension-pagination/dist/index.d.ts' with Package ID 'prisma-extension-pagination/dist/index.d.ts@0.7.6+@prisma/client@6.19.2'. ========
======== Resolving module 'utils/errors/resource-not-found' from 'd:/DOPAMS/Toystack/dopams-backend-staging/src/schema/accused/services/index.ts'. ========
Explicitly specified module resolution kind: 'Node10'.
'baseUrl' option is set to 'd:/DOPAMS/Toystack/dopams-backend-staging/src', using this value to resolve non-relative module name 'utils/errors/resource-not-found'.
'paths' option is specified, looking for a pattern to match module name 'utils/errors/resource-not-found'.
Module name 'utils/errors/resource-not-found', matched pattern 'utils/*'.
Trying substitution 'utils/*', candidate module location: 'utils/errors/resource-not-found'.
Loading module as file / folder, candidate module location 'd:/DOPAMS/Toystack/dopams-backend-staging/src/utils/errors/resource-not-found', target file types: TypeScript, Declaration.
File 'd:/DOPAMS/Toystack/dopams-backend-staging/src/utils/errors/resource-not-found.ts' exists - use it as a name resolution result.
======== Module name 'utils/errors/resource-not-found' was successfully resolved to 'd:/DOPAMS/Toystack/dopams-backend-staging/src/utils/errors/resource-not-found.ts'. ========
======== Resolving module 'graphql' from 'd:/DOPAMS/Toystack/dopams-backend-staging/src/schema/accused/filters/index.ts'. ========
Explicitly specified module resolution kind: 'Node10'.
'baseUrl' option is set to 'd:/DOPAMS/Toystack/dopams-backend-staging/src', using this value to resolve non-relative module name 'graphql'.
'paths' option is specified, looking for a pattern to match module name 'graphql'.
'baseUrl' option is set to 'd:/DOPAMS/Toystack/dopams-backend-staging/src', using this value to resolve non-relative module name 'graphql'.
Resolving module name 'graphql' relative to base url 'd:/DOPAMS/Toystack/dopams-backend-staging/src' - 'd:/DOPAMS/Toystack/dopams-backend-staging/src/graphql'.
Loading module as file / folder, candidate module location 'd:/DOPAMS/Toystack/dopams-backend-staging/src/graphql', target file types: TypeScript, Declaration.
File 'd:/DOPAMS/Toystack/dopams-backend-staging/src/graphql.ts' does not exist.
File 'd:/DOPAMS/Toystack/dopams-backend-staging/src/graphql.tsx' does not exist.
File 'd:/DOPAMS/Toystack/dopams-backend-staging/src/graphql.d.ts' does not exist.
Directory 'd:/DOPAMS/Toystack/dopams-backend-staging/src/graphql' does not exist, skipping all lookups in it.
Loading module 'graphql' from 'node_modules' folder, target file types: TypeScript, Declaration.
Searching all ancestor node_modules directories for preferred extensions: TypeScript, Declaration.
Directory 'd:/DOPAMS/Toystack/dopams-backend-staging/src/schema/accused/filters/node_modules' does not exist, skipping all lookups in it.
Resolution for module 'graphql' was found in cache from location 'd:/DOPAMS/Toystack/dopams-backend-staging/src/schema/accused'.
======== Module name 'graphql' was successfully resolved to 'd:/DOPAMS/Toystack/dopams-backend-staging/node_modules/graphql/index.d.ts' with Package ID 'graphql/index.d.ts@16.12.0'. ========
======== Resolving module 'schema/misc/domicile' from 'd:/DOPAMS/Toystack/dopams-backend-staging/src/schema/accused/filters/index.ts'. ========
Explicitly specified module resolution kind: 'Node10'.
'baseUrl' option is set to 'd:/DOPAMS/Toystack/dopams-backend-staging/src', using this value to resolve non-relative module name 'schema/misc/domicile'.
'paths' option is specified, looking for a pattern to match module name 'schema/misc/domicile'.
Module name 'schema/misc/domicile', matched pattern 'schema/*'.
Trying substitution 'schema/*', candidate module location: 'schema/misc/domicile'.
Loading module as file / folder, candidate module location 'd:/DOPAMS/Toystack/dopams-backend-staging/src/schema/misc/domicile', target file types: TypeScript, Declaration.
File 'd:/DOPAMS/Toystack/dopams-backend-staging/src/schema/misc/domicile.ts' exists - use it as a name resolution result.
======== Module name 'schema/misc/domicile' was successfully resolved to 'd:/DOPAMS/Toystack/dopams-backend-staging/src/schema/misc/domicile.ts'. ========
======== Resolving module 'schema/misc/range' from 'd:/DOPAMS/Toystack/dopams-backend-staging/src/schema/accused/filters/index.ts'. ========
Explicitly specified module resolution kind: 'Node10'.
'baseUrl' option is set to 'd:/DOPAMS/Toystack/dopams-backend-staging/src', using this value to resolve non-relative module name 'schema/misc/range'.
'paths' option is specified, looking for a pattern to match module name 'schema/misc/range'.
Module name 'schema/misc/range', matched pattern 'schema/*'.
Trying substitution 'schema/*', candidate module location: 'schema/misc/range'.
Loading module as file / folder, candidate module location 'd:/DOPAMS/Toystack/dopams-backend-staging/src/schema/misc/range', target file types: TypeScript, Declaration.
File 'd:/DOPAMS/Toystack/dopams-backend-staging/src/schema/misc/range.ts' exists - use it as a name resolution result.
======== Module name 'schema/misc/range' was successfully resolved to 'd:/DOPAMS/Toystack/dopams-backend-staging/src/schema/misc/range.ts'. ========
======== Resolving module 'graphql' from 'd:/DOPAMS/Toystack/dopams-backend-staging/src/schema/advanced-search/query/index.ts'. ========
Explicitly specified module resolution kind: 'Node10'.
'baseUrl' option is set to 'd:/DOPAMS/Toystack/dopams-backend-staging/src', using this value to resolve non-relative module name 'graphql'.
'paths' option is specified, looking for a pattern to match module name 'graphql'.
'baseUrl' option is set to 'd:/DOPAMS/Toystack/dopams-backend-staging/src', using this value to resolve non-relative module name 'graphql'.
Resolving module name 'graphql' relative to base url 'd:/DOPAMS/Toystack/dopams-backend-staging/src' - 'd:/DOPAMS/Toystack/dopams-backend-staging/src/graphql'.
Loading module as file / folder, candidate module location 'd:/DOPAMS/Toystack/dopams-backend-staging/src/graphql', target file types: TypeScript, Declaration.
File 'd:/DOPAMS/Toystack/dopams-backend-staging/src/graphql.ts' does not exist.
File 'd:/DOPAMS/Toystack/dopams-backend-staging/src/graphql.tsx' does not exist.
File 'd:/DOPAMS/Toystack/dopams-backend-staging/src/graphql.d.ts' does not exist.
Directory 'd:/DOPAMS/Toystack/dopams-backend-staging/src/graphql' does not exist, skipping all lookups in it.
Loading module 'graphql' from 'node_modules' folder, target file types: TypeScript, Declaration.
Searching all ancestor node_modules directories for preferred extensions: TypeScript, Declaration.
Directory 'd:/DOPAMS/Toystack/dopams-backend-staging/src/schema/advanced-search/query/node_modules' does not exist, skipping all lookups in it.
Directory 'd:/DOPAMS/Toystack/dopams-backend-staging/src/schema/advanced-search/node_modules' does not exist, skipping all lookups in it.
Resolution for module 'graphql' was found in cache from location 'd:/DOPAMS/Toystack/dopams-backend-staging/src/schema'.
======== Module name 'graphql' was successfully resolved to 'd:/DOPAMS/Toystack/dopams-backend-staging/node_modules/graphql/index.d.ts' with Package ID 'graphql/index.d.ts@16.12.0'. ========
======== Resolving module '..' from 'd:/DOPAMS/Toystack/dopams-backend-staging/src/schema/advanced-search/query/index.ts'. ========
Explicitly specified module resolution kind: 'Node10'.
Loading module as file / folder, candidate module location 'd:/DOPAMS/Toystack/dopams-backend-staging/src/schema/advanced-search/', target file types: TypeScript, Declaration.
File 'd:/DOPAMS/Toystack/dopams-backend-staging/src/schema/advanced-search/package.json' does not exist.
File 'd:/DOPAMS/Toystack/dopams-backend-staging/src/schema/advanced-search/index.ts' exists - use it as a name resolution result.
======== Module name '..' was successfully resolved to 'd:/DOPAMS/Toystack/dopams-backend-staging/src/schema/advanced-search/index.ts'. ========
======== Resolving module '../input' from 'd:/DOPAMS/Toystack/dopams-backend-staging/src/schema/advanced-search/query/index.ts'. ========
Explicitly specified module resolution kind: 'Node10'.
Loading module as file / folder, candidate module location 'd:/DOPAMS/Toystack/dopams-backend-staging/src/schema/advanced-search/input', target file types: TypeScript, Declaration.
File 'd:/DOPAMS/Toystack/dopams-backend-staging/src/schema/advanced-search/input.ts' does not exist.
File 'd:/DOPAMS/Toystack/dopams-backend-staging/src/schema/advanced-search/input.tsx' does not exist.
File 'd:/DOPAMS/Toystack/dopams-backend-staging/src/schema/advanced-search/input.d.ts' does not exist.
File 'd:/DOPAMS/Toystack/dopams-backend-staging/src/schema/advanced-search/input/package.json' does not exist.
File 'd:/DOPAMS/Toystack/dopams-backend-staging/src/schema/advanced-search/input/index.ts' exists - use it as a name resolution result.
======== Module name '../input' was successfully resolved to 'd:/DOPAMS/Toystack/dopams-backend-staging/src/schema/advanced-search/input/index.ts'. ========
======== Resolving module '../services' from 'd:/DOPAMS/Toystack/dopams-backend-staging/src/schema/advanced-search/query/index.ts'. ========
Explicitly specified module resolution kind: 'Node10'.
Loading module as file / folder, candidate module location 'd:/DOPAMS/Toystack/dopams-backend-staging/src/schema/advanced-search/services', target file types: TypeScript, Declaration.
File 'd:/DOPAMS/Toystack/dopams-backend-staging/src/schema/advanced-search/services.ts' does not exist.
File 'd:/DOPAMS/Toystack/dopams-backend-staging/src/schema/advanced-search/services.tsx' does not exist.
File 'd:/DOPAMS/Toystack/dopams-backend-staging/src/schema/advanced-search/services.d.ts' does not exist.
File 'd:/DOPAMS/Toystack/dopams-backend-staging/src/schema/advanced-search/services/package.json' does not exist.
File 'd:/DOPAMS/Toystack/dopams-backend-staging/src/schema/advanced-search/services/index.ts' exists - use it as a name resolution result.
======== Module name '../services' was successfully resolved to 'd:/DOPAMS/Toystack/dopams-backend-staging/src/schema/advanced-search/services/index.ts'. ========
======== Resolving module '../enum/columns' from 'd:/DOPAMS/Toystack/dopams-backend-staging/src/schema/advanced-search/query/index.ts'. ========
Explicitly specified module resolution kind: 'Node10'.
Loading module as file / folder, candidate module location 'd:/DOPAMS/Toystack/dopams-backend-staging/src/schema/advanced-search/enum/columns', target file types: TypeScript, Declaration.
File 'd:/DOPAMS/Toystack/dopams-backend-staging/src/schema/advanced-search/enum/columns.ts' exists - use it as a name resolution result.
======== Module name '../enum/columns' was successfully resolved to 'd:/DOPAMS/Toystack/dopams-backend-staging/src/schema/advanced-search/enum/columns.ts'. ========
======== Resolving module 'schema/misc/enums/sort-type' from 'd:/DOPAMS/Toystack/dopams-backend-staging/src/schema/advanced-search/query/index.ts'. ========
Explicitly specified module resolution kind: 'Node10'.
'baseUrl' option is set to 'd:/DOPAMS/Toystack/dopams-backend-staging/src', using this value to resolve non-relative module name 'schema/misc/enums/sort-type'.
'paths' option is specified, looking for a pattern to match module name 'schema/misc/enums/sort-type'.
Module name 'schema/misc/enums/sort-type', matched pattern 'schema/*'.
Trying substitution 'schema/*', candidate module location: 'schema/misc/enums/sort-type'.
Loading module as file / folder, candidate module location 'd:/DOPAMS/Toystack/dopams-backend-staging/src/schema/misc/enums/sort-type', target file types: TypeScript, Declaration.
File 'd:/DOPAMS/Toystack/dopams-backend-staging/src/schema/misc/enums/sort-type.ts' exists - use it as a name resolution result.
======== Module name 'schema/misc/enums/sort-type' was successfully resolved to 'd:/DOPAMS/Toystack/dopams-backend-staging/src/schema/misc/enums/sort-type.ts'. ========
======== Resolving module 'graphql' from 'd:/DOPAMS/Toystack/dopams-backend-staging/src/schema/advanced-search/index.ts'. ========
Explicitly specified module resolution kind: 'Node10'.
'baseUrl' option is set to 'd:/DOPAMS/Toystack/dopams-backend-staging/src', using this value to resolve non-relative module name 'graphql'.
'paths' option is specified, looking for a pattern to match module name 'graphql'.
'baseUrl' option is set to 'd:/DOPAMS/Toystack/dopams-backend-staging/src', using this value to resolve non-relative module name 'graphql'.
Resolving module name 'graphql' relative to base url 'd:/DOPAMS/Toystack/dopams-backend-staging/src' - 'd:/DOPAMS/Toystack/dopams-backend-staging/src/graphql'.
Loading module as file / folder, candidate module location 'd:/DOPAMS/Toystack/dopams-backend-staging/src/graphql', target file types: TypeScript, Declaration.
File 'd:/DOPAMS/Toystack/dopams-backend-staging/src/graphql.ts' does not exist.
File 'd:/DOPAMS/Toystack/dopams-backend-staging/src/graphql.tsx' does not exist.
File 'd:/DOPAMS/Toystack/dopams-backend-staging/src/graphql.d.ts' does not exist.
Directory 'd:/DOPAMS/Toystack/dopams-backend-staging/src/graphql' does not exist, skipping all lookups in it.
Loading module 'graphql' from 'node_modules' folder, target file types: TypeScript, Declaration.
Searching all ancestor node_modules directories for preferred extensions: TypeScript, Declaration.
Resolution for module 'graphql' was found in cache from location 'd:/DOPAMS/Toystack/dopams-backend-staging/src/schema/advanced-search'.
======== Module name 'graphql' was successfully resolved to 'd:/DOPAMS/Toystack/dopams-backend-staging/node_modules/graphql/index.d.ts' with Package ID 'graphql/index.d.ts@16.12.0'. ========
======== Resolving module 'interfaces/advanced-search' from 'd:/DOPAMS/Toystack/dopams-backend-staging/src/schema/advanced-search/index.ts'. ========
Explicitly specified module resolution kind: 'Node10'.
'baseUrl' option is set to 'd:/DOPAMS/Toystack/dopams-backend-staging/src', using this value to resolve non-relative module name 'interfaces/advanced-search'.
'paths' option is specified, looking for a pattern to match module name 'interfaces/advanced-search'.
Module name 'interfaces/advanced-search', matched pattern 'interfaces/*'.
Trying substitution 'interfaces/*', candidate module location: 'interfaces/advanced-search'.
Loading module as file / folder, candidate module location 'd:/DOPAMS/Toystack/dopams-backend-staging/src/interfaces/advanced-search', target file types: TypeScript, Declaration.
File 'd:/DOPAMS/Toystack/dopams-backend-staging/src/interfaces/advanced-search.ts' exists - use it as a name resolution result.
======== Module name 'interfaces/advanced-search' was successfully resolved to 'd:/DOPAMS/Toystack/dopams-backend-staging/src/interfaces/advanced-search.ts'. ========
======== Resolving module 'schema/pagination/pagination' from 'd:/DOPAMS/Toystack/dopams-backend-staging/src/schema/advanced-search/index.ts'. ========
Explicitly specified module resolution kind: 'Node10'.
'baseUrl' option is set to 'd:/DOPAMS/Toystack/dopams-backend-staging/src', using this value to resolve non-relative module name 'schema/pagination/pagination'.
'paths' option is specified, looking for a pattern to match module name 'schema/pagination/pagination'.
Module name 'schema/pagination/pagination', matched pattern 'schema/*'.
Trying substitution 'schema/*', candidate module location: 'schema/pagination/pagination'.
Loading module as file / folder, candidate module location 'd:/DOPAMS/Toystack/dopams-backend-staging/src/schema/pagination/pagination', target file types: TypeScript, Declaration.
File 'd:/DOPAMS/Toystack/dopams-backend-staging/src/schema/pagination/pagination.ts' exists - use it as a name resolution result.
======== Module name 'schema/pagination/pagination' was successfully resolved to 'd:/DOPAMS/Toystack/dopams-backend-staging/src/schema/pagination/pagination.ts'. ========
======== Resolving module './enum/columns' from 'd:/DOPAMS/Toystack/dopams-backend-staging/src/schema/advanced-search/index.ts'. ========
Explicitly specified module resolution kind: 'Node10'.
Loading module as file / folder, candidate module location 'd:/DOPAMS/Toystack/dopams-backend-staging/src/schema/advanced-search/enum/columns', target file types: TypeScript, Declaration.
File 'd:/DOPAMS/Toystack/dopams-backend-staging/src/schema/advanced-search/enum/columns.ts' exists - use it as a name resolution result.
======== Module name './enum/columns' was successfully resolved to 'd:/DOPAMS/Toystack/dopams-backend-staging/src/schema/advanced-search/enum/columns.ts'. ========
======== Resolving module 'graphql' from 'd:/DOPAMS/Toystack/dopams-backend-staging/src/schema/advanced-search/enum/columns.ts'. ========
Explicitly specified module resolution kind: 'Node10'.
'baseUrl' option is set to 'd:/DOPAMS/Toystack/dopams-backend-staging/src', using this value to resolve non-relative module name 'graphql'.
'paths' option is specified, looking for a pattern to match module name 'graphql'.
'baseUrl' option is set to 'd:/DOPAMS/Toystack/dopams-backend-staging/src', using this value to resolve non-relative module name 'graphql'.
Resolving module name 'graphql' relative to base url 'd:/DOPAMS/Toystack/dopams-backend-staging/src' - 'd:/DOPAMS/Toystack/dopams-backend-staging/src/graphql'.
Loading module as file / folder, candidate module location 'd:/DOPAMS/Toystack/dopams-backend-staging/src/graphql', target file types: TypeScript, Declaration.
File 'd:/DOPAMS/Toystack/dopams-backend-staging/src/graphql.ts' does not exist.
File 'd:/DOPAMS/Toystack/dopams-backend-staging/src/graphql.tsx' does not exist.
File 'd:/DOPAMS/Toystack/dopams-backend-staging/src/graphql.d.ts' does not exist.
Directory 'd:/DOPAMS/Toystack/dopams-backend-staging/src/graphql' does not exist, skipping all lookups in it.
Loading module 'graphql' from 'node_modules' folder, target file types: TypeScript, Declaration.
Searching all ancestor node_modules directories for preferred extensions: TypeScript, Declaration.
Directory 'd:/DOPAMS/Toystack/dopams-backend-staging/src/schema/advanced-search/enum/node_modules' does not exist, skipping all lookups in it.
Resolution for module 'graphql' was found in cache from location 'd:/DOPAMS/Toystack/dopams-backend-staging/src/schema/advanced-search'.
======== Module name 'graphql' was successfully resolved to 'd:/DOPAMS/Toystack/dopams-backend-staging/node_modules/graphql/index.d.ts' with Package ID 'graphql/index.d.ts@16.12.0'. ========
======== Resolving module 'graphql' from 'd:/DOPAMS/Toystack/dopams-backend-staging/src/schema/advanced-search/input/index.ts'. ========
Explicitly specified module resolution kind: 'Node10'.
'baseUrl' option is set to 'd:/DOPAMS/Toystack/dopams-backend-staging/src', using this value to resolve non-relative module name 'graphql'.
'paths' option is specified, looking for a pattern to match module name 'graphql'.
'baseUrl' option is set to 'd:/DOPAMS/Toystack/dopams-backend-staging/src', using this value to resolve non-relative module name 'graphql'.
Resolving module name 'graphql' relative to base url 'd:/DOPAMS/Toystack/dopams-backend-staging/src' - 'd:/DOPAMS/Toystack/dopams-backend-staging/src/graphql'.
Loading module as file / folder, candidate module location 'd:/DOPAMS/Toystack/dopams-backend-staging/src/graphql', target file types: TypeScript, Declaration.
File 'd:/DOPAMS/Toystack/dopams-backend-staging/src/graphql.ts' does not exist.
File 'd:/DOPAMS/Toystack/dopams-backend-staging/src/graphql.tsx' does not exist.
File 'd:/DOPAMS/Toystack/dopams-backend-staging/src/graphql.d.ts' does not exist.
Directory 'd:/DOPAMS/Toystack/dopams-backend-staging/src/graphql' does not exist, skipping all lookups in it.
Loading module 'graphql' from 'node_modules' folder, target file types: TypeScript, Declaration.
Searching all ancestor node_modules directories for preferred extensions: TypeScript, Declaration.
Directory 'd:/DOPAMS/Toystack/dopams-backend-staging/src/schema/advanced-search/input/node_modules' does not exist, skipping all lookups in it.
Resolution for module 'graphql' was found in cache from location 'd:/DOPAMS/Toystack/dopams-backend-staging/src/schema/advanced-search'.
======== Module name 'graphql' was successfully resolved to 'd:/DOPAMS/Toystack/dopams-backend-staging/node_modules/graphql/index.d.ts' with Package ID 'graphql/index.d.ts@16.12.0'. ========
======== Resolving module '../enum/columns' from 'd:/DOPAMS/Toystack/dopams-backend-staging/src/schema/advanced-search/input/index.ts'. ========
Explicitly specified module resolution kind: 'Node10'.
Loading module as file / folder, candidate module location 'd:/DOPAMS/Toystack/dopams-backend-staging/src/schema/advanced-search/enum/columns', target file types: TypeScript, Declaration.
File 'd:/DOPAMS/Toystack/dopams-backend-staging/src/schema/advanced-search/enum/columns.ts' exists - use it as a name resolution result.
======== Module name '../enum/columns' was successfully resolved to 'd:/DOPAMS/Toystack/dopams-backend-staging/src/schema/advanced-search/enum/columns.ts'. ========
======== Resolving module '../enum/operators' from 'd:/DOPAMS/Toystack/dopams-backend-staging/src/schema/advanced-search/input/index.ts'. ========
Explicitly specified module resolution kind: 'Node10'.
Loading module as file / folder, candidate module location 'd:/DOPAMS/Toystack/dopams-backend-staging/src/schema/advanced-search/enum/operators', target file types: TypeScript, Declaration.
File 'd:/DOPAMS/Toystack/dopams-backend-staging/src/schema/advanced-search/enum/operators.ts' exists - use it as a name resolution result.
======== Module name '../enum/operators' was successfully resolved to 'd:/DOPAMS/Toystack/dopams-backend-staging/src/schema/advanced-search/enum/operators.ts'. ========
======== Resolving module '../enum/connectors' from 'd:/DOPAMS/Toystack/dopams-backend-staging/src/schema/advanced-search/input/index.ts'. ========
Explicitly specified module resolution kind: 'Node10'.
Loading module as file / folder, candidate module location 'd:/DOPAMS/Toystack/dopams-backend-staging/src/schema/advanced-search/enum/connectors', target file types: TypeScript, Declaration.
File 'd:/DOPAMS/Toystack/dopams-backend-staging/src/schema/advanced-search/enum/connectors.ts' exists - use it as a name resolution result.
======== Module name '../enum/connectors' was successfully resolved to 'd:/DOPAMS/Toystack/dopams-backend-staging/src/schema/advanced-search/enum/connectors.ts'. ========
======== Resolving module 'graphql' from 'd:/DOPAMS/Toystack/dopams-backend-staging/src/schema/advanced-search/enum/operators.ts'. ========
Resolution for module 'graphql' was found in cache from location 'd:/DOPAMS/Toystack/dopams-backend-staging/src/schema/advanced-search/enum'.
======== Module name 'graphql' was successfully resolved to 'd:/DOPAMS/Toystack/dopams-backend-staging/node_modules/graphql/index.d.ts' with Package ID 'graphql/index.d.ts@16.12.0'. ========
======== Resolving module 'graphql' from 'd:/DOPAMS/Toystack/dopams-backend-staging/src/schema/advanced-search/enum/connectors.ts'. ========
Resolution for module 'graphql' was found in cache from location 'd:/DOPAMS/Toystack/dopams-backend-staging/src/schema/advanced-search/enum'.
======== Module name 'graphql' was successfully resolved to 'd:/DOPAMS/Toystack/dopams-backend-staging/node_modules/graphql/index.d.ts' with Package ID 'graphql/index.d.ts@16.12.0'. ========
======== Resolving module '@prisma/client' from 'd:/DOPAMS/Toystack/dopams-backend-staging/src/schema/advanced-search/services/index.ts'. ========
Explicitly specified module resolution kind: 'Node10'.
'baseUrl' option is set to 'd:/DOPAMS/Toystack/dopams-backend-staging/src', using this value to resolve non-relative module name '@prisma/client'.
'paths' option is specified, looking for a pattern to match module name '@prisma/client'.
'baseUrl' option is set to 'd:/DOPAMS/Toystack/dopams-backend-staging/src', using this value to resolve non-relative module name '@prisma/client'.
Resolving module name '@prisma/client' relative to base url 'd:/DOPAMS/Toystack/dopams-backend-staging/src' - 'd:/DOPAMS/Toystack/dopams-backend-staging/src/@prisma/client'.
Loading module as file / folder, candidate module location 'd:/DOPAMS/Toystack/dopams-backend-staging/src/@prisma/client', target file types: TypeScript, Declaration.
Loading module '@prisma/client' from 'node_modules' folder, target file types: TypeScript, Declaration.
Searching all ancestor node_modules directories for preferred extensions: TypeScript, Declaration.
Directory 'd:/DOPAMS/Toystack/dopams-backend-staging/src/schema/advanced-search/services/node_modules' does not exist, skipping all lookups in it.
Scoped package detected, looking in 'prisma__client'
Directory 'd:/DOPAMS/Toystack/dopams-backend-staging/src/schema/advanced-search/node_modules' does not exist, skipping all lookups in it.
Scoped package detected, looking in 'prisma__client'
Resolution for module '@prisma/client' was found in cache from location 'd:/DOPAMS/Toystack/dopams-backend-staging/src/schema'.
======== Module name '@prisma/client' was successfully resolved to 'd:/DOPAMS/Toystack/dopams-backend-staging/node_modules/@prisma/client/default.d.ts' with Package ID '@prisma/client/default.d.ts@6.19.2+prisma@6.19.2+typescript@5.9.3'. ========
======== Resolving module 'datasources/prisma' from 'd:/DOPAMS/Toystack/dopams-backend-staging/src/schema/advanced-search/services/index.ts'. ========
Explicitly specified module resolution kind: 'Node10'.
'baseUrl' option is set to 'd:/DOPAMS/Toystack/dopams-backend-staging/src', using this value to resolve non-relative module name 'datasources/prisma'.
'paths' option is specified, looking for a pattern to match module name 'datasources/prisma'.
'baseUrl' option is set to 'd:/DOPAMS/Toystack/dopams-backend-staging/src', using this value to resolve non-relative module name 'datasources/prisma'.
Resolving module name 'datasources/prisma' relative to base url 'd:/DOPAMS/Toystack/dopams-backend-staging/src' - 'd:/DOPAMS/Toystack/dopams-backend-staging/src/datasources/prisma'.
Loading module as file / folder, candidate module location 'd:/DOPAMS/Toystack/dopams-backend-staging/src/datasources/prisma', target file types: TypeScript, Declaration.
File 'd:/DOPAMS/Toystack/dopams-backend-staging/src/datasources/prisma.ts' exists - use it as a name resolution result.
======== Module name 'datasources/prisma' was successfully resolved to 'd:/DOPAMS/Toystack/dopams-backend-staging/src/datasources/prisma.ts'. ========
======== Resolving module 'interfaces/advanced-search' from 'd:/DOPAMS/Toystack/dopams-backend-staging/src/schema/advanced-search/services/index.ts'. ========
Explicitly specified module resolution kind: 'Node10'.
'baseUrl' option is set to 'd:/DOPAMS/Toystack/dopams-backend-staging/src', using this value to resolve non-relative module name 'interfaces/advanced-search'.
'paths' option is specified, looking for a pattern to match module name 'interfaces/advanced-search'.
Module name 'interfaces/advanced-search', matched pattern 'interfaces/*'.
Trying substitution 'interfaces/*', candidate module location: 'interfaces/advanced-search'.
Loading module as file / folder, candidate module location 'd:/DOPAMS/Toystack/dopams-backend-staging/src/interfaces/advanced-search', target file types: TypeScript, Declaration.
File 'd:/DOPAMS/Toystack/dopams-backend-staging/src/interfaces/advanced-search.ts' exists - use it as a name resolution result.
======== Module name 'interfaces/advanced-search' was successfully resolved to 'd:/DOPAMS/Toystack/dopams-backend-staging/src/interfaces/advanced-search.ts'. ========
======== Resolving module 'prisma-extension-pagination' from 'd:/DOPAMS/Toystack/dopams-backend-staging/src/schema/advanced-search/services/index.ts'. ========
Explicitly specified module resolution kind: 'Node10'.
'baseUrl' option is set to 'd:/DOPAMS/Toystack/dopams-backend-staging/src', using this value to resolve non-relative module name 'prisma-extension-pagination'.
'paths' option is specified, looking for a pattern to match module name 'prisma-extension-pagination'.
'baseUrl' option is set to 'd:/DOPAMS/Toystack/dopams-backend-staging/src', using this value to resolve non-relative module name 'prisma-extension-pagination'.
Resolving module name 'prisma-extension-pagination' relative to base url 'd:/DOPAMS/Toystack/dopams-backend-staging/src' - 'd:/DOPAMS/Toystack/dopams-backend-staging/src/prisma-extension-pagination'.
Loading module as file / folder, candidate module location 'd:/DOPAMS/Toystack/dopams-backend-staging/src/prisma-extension-pagination', target file types: TypeScript, Declaration.
File 'd:/DOPAMS/Toystack/dopams-backend-staging/src/prisma-extension-pagination.ts' does not exist.
File 'd:/DOPAMS/Toystack/dopams-backend-staging/src/prisma-extension-pagination.tsx' does not exist.
File 'd:/DOPAMS/Toystack/dopams-backend-staging/src/prisma-extension-pagination.d.ts' does not exist.
Directory 'd:/DOPAMS/Toystack/dopams-backend-staging/src/prisma-extension-pagination' does not exist, skipping all lookups in it.
Loading module 'prisma-extension-pagination' from 'node_modules' folder, target file types: TypeScript, Declaration.
Searching all ancestor node_modules directories for preferred extensions: TypeScript, Declaration.
Directory 'd:/DOPAMS/Toystack/dopams-backend-staging/src/schema/advanced-search/services/node_modules' does not exist, skipping all lookups in it.
Directory 'd:/DOPAMS/Toystack/dopams-backend-staging/src/schema/advanced-search/node_modules' does not exist, skipping all lookups in it.
Resolution for module 'prisma-extension-pagination' was found in cache from location 'd:/DOPAMS/Toystack/dopams-backend-staging/src/schema'.
======== Module name 'prisma-extension-pagination' was successfully resolved to 'd:/DOPAMS/Toystack/dopams-backend-staging/node_modules/prisma-extension-pagination/dist/index.d.ts' with Package ID 'prisma-extension-pagination/dist/index.d.ts@0.7.6+@prisma/client@6.19.2'. ========
======== Resolving module './datasources/prisma' from 'd:/DOPAMS/Toystack/dopams-backend-staging/src/test_query.ts'. ========
Explicitly specified module resolution kind: 'Node10'.
Loading module as file / folder, candidate module location 'd:/DOPAMS/Toystack/dopams-backend-staging/src/datasources/prisma', target file types: TypeScript, Declaration.
File 'd:/DOPAMS/Toystack/dopams-backend-staging/src/datasources/prisma.ts' exists - use it as a name resolution result.
======== Module name './datasources/prisma' was successfully resolved to 'd:/DOPAMS/Toystack/dopams-backend-staging/src/datasources/prisma.ts'. ========
======== Resolving module 'pg' from 'd:/DOPAMS/Toystack/dopams-backend-staging/src/datasources/ndpsDatasource.ts'. ========
Explicitly specified module resolution kind: 'Node10'.
'baseUrl' option is set to 'd:/DOPAMS/Toystack/dopams-backend-staging/src', using this value to resolve non-relative module name 'pg'.
'paths' option is specified, looking for a pattern to match module name 'pg'.
'baseUrl' option is set to 'd:/DOPAMS/Toystack/dopams-backend-staging/src', using this value to resolve non-relative module name 'pg'.
Resolving module name 'pg' relative to base url 'd:/DOPAMS/Toystack/dopams-backend-staging/src' - 'd:/DOPAMS/Toystack/dopams-backend-staging/src/pg'.
Loading module as file / folder, candidate module location 'd:/DOPAMS/Toystack/dopams-backend-staging/src/pg', target file types: TypeScript, Declaration.
File 'd:/DOPAMS/Toystack/dopams-backend-staging/src/pg.ts' does not exist.
File 'd:/DOPAMS/Toystack/dopams-backend-staging/src/pg.tsx' does not exist.
File 'd:/DOPAMS/Toystack/dopams-backend-staging/src/pg.d.ts' does not exist.
Directory 'd:/DOPAMS/Toystack/dopams-backend-staging/src/pg' does not exist, skipping all lookups in it.
Loading module 'pg' from 'node_modules' folder, target file types: TypeScript, Declaration.
Searching all ancestor node_modules directories for preferred extensions: TypeScript, Declaration.
Directory 'd:/DOPAMS/Toystack/dopams-backend-staging/src/datasources/node_modules' does not exist, skipping all lookups in it.
Directory 'd:/DOPAMS/Toystack/dopams-backend-staging/src/node_modules' does not exist, skipping all lookups in it.
Found 'package.json' at 'd:/DOPAMS/Toystack/dopams-backend-staging/node_modules/pg/package.json'.
File 'd:/DOPAMS/Toystack/dopams-backend-staging/node_modules/pg.ts' does not exist.
File 'd:/DOPAMS/Toystack/dopams-backend-staging/node_modules/pg.tsx' does not exist.
File 'd:/DOPAMS/Toystack/dopams-backend-staging/node_modules/pg.d.ts' does not exist.
'package.json' does not have a 'typesVersions' field.
'package.json' does not have a 'typings' field.
'package.json' does not have a 'types' field.
'package.json' has 'main' field './lib' that references 'd:/DOPAMS/Toystack/dopams-backend-staging/node_modules/pg/lib'.
Loading module as file / folder, candidate module location 'd:/DOPAMS/Toystack/dopams-backend-staging/node_modules/pg/lib', target file types: TypeScript, Declaration.
File 'd:/DOPAMS/Toystack/dopams-backend-staging/node_modules/pg/lib.ts' does not exist.
File 'd:/DOPAMS/Toystack/dopams-backend-staging/node_modules/pg/lib.tsx' does not exist.
File 'd:/DOPAMS/Toystack/dopams-backend-staging/node_modules/pg/lib.d.ts' does not exist.
File 'd:/DOPAMS/Toystack/dopams-backend-staging/node_modules/pg/lib/index.ts' does not exist.
File 'd:/DOPAMS/Toystack/dopams-backend-staging/node_modules/pg/lib/index.tsx' does not exist.
File 'd:/DOPAMS/Toystack/dopams-backend-staging/node_modules/pg/lib/index.d.ts' does not exist.
File 'd:/DOPAMS/Toystack/dopams-backend-staging/node_modules/pg/index.ts' does not exist.
File 'd:/DOPAMS/Toystack/dopams-backend-staging/node_modules/pg/index.tsx' does not exist.
File 'd:/DOPAMS/Toystack/dopams-backend-staging/node_modules/pg/index.d.ts' does not exist.
File 'd:/DOPAMS/Toystack/dopams-backend-staging/node_modules/@types/pg.d.ts' does not exist.
Directory 'd:/DOPAMS/Toystack/node_modules' does not exist, skipping all lookups in it.
Directory 'd:/DOPAMS/node_modules' does not exist, skipping all lookups in it.
Directory 'd:/node_modules' does not exist, skipping all lookups in it.
'baseUrl' option is set to 'd:/DOPAMS/Toystack/dopams-backend-staging/src', using this value to resolve non-relative module name 'pg'.
'paths' option is specified, looking for a pattern to match module name 'pg'.
'baseUrl' option is set to 'd:/DOPAMS/Toystack/dopams-backend-staging/src', using this value to resolve non-relative module name 'pg'.
Resolving module name 'pg' relative to base url 'd:/DOPAMS/Toystack/dopams-backend-staging/src' - 'd:/DOPAMS/Toystack/dopams-backend-staging/src/pg'.
Loading module as file / folder, candidate module location 'd:/DOPAMS/Toystack/dopams-backend-staging/src/pg', target file types: JavaScript, JSON.
File 'd:/DOPAMS/Toystack/dopams-backend-staging/src/pg.js' does not exist.
File 'd:/DOPAMS/Toystack/dopams-backend-staging/src/pg.jsx' does not exist.
Directory 'd:/DOPAMS/Toystack/dopams-backend-staging/src/pg' does not exist, skipping all lookups in it.
Loading module 'pg' from 'node_modules' folder, target file types: JavaScript, JSON.
Searching all ancestor node_modules directories for fallback extensions: JavaScript, JSON.
Directory 'd:/DOPAMS/Toystack/dopams-backend-staging/src/datasources/node_modules' does not exist, skipping all lookups in it.
Directory 'd:/DOPAMS/Toystack/dopams-backend-staging/src/node_modules' does not exist, skipping all lookups in it.
File 'd:/DOPAMS/Toystack/dopams-backend-staging/node_modules/pg/package.json' exists according to earlier cached lookups.
File 'd:/DOPAMS/Toystack/dopams-backend-staging/node_modules/pg.js' does not exist.
File 'd:/DOPAMS/Toystack/dopams-backend-staging/node_modules/pg.jsx' does not exist.
'package.json' has 'main' field './lib' that references 'd:/DOPAMS/Toystack/dopams-backend-staging/node_modules/pg/lib'.
Loading module as file / folder, candidate module location 'd:/DOPAMS/Toystack/dopams-backend-staging/node_modules/pg/lib', target file types: JavaScript, JSON.
File 'd:/DOPAMS/Toystack/dopams-backend-staging/node_modules/pg/lib.js' does not exist.
File 'd:/DOPAMS/Toystack/dopams-backend-staging/node_modules/pg/lib.jsx' does not exist.
File 'd:/DOPAMS/Toystack/dopams-backend-staging/node_modules/pg/lib/index.js' exists - use it as a name resolution result.
'package.json' has a 'peerDependencies' field.
Resolving real path for 'd:/DOPAMS/Toystack/dopams-backend-staging/node_modules/pg', result 'D:/DOPAMS/Toystack/dopams-backend-staging/node_modules/pg'.
Failed to find peerDependency 'pg-native'.
Resolution of non-relative name failed; trying with '--moduleResolution bundler' to see if project may need configuration update.
'baseUrl' option is set to 'd:/DOPAMS/Toystack/dopams-backend-staging/src', using this value to resolve non-relative module name 'pg'.
'paths' option is specified, looking for a pattern to match module name 'pg'.
'baseUrl' option is set to 'd:/DOPAMS/Toystack/dopams-backend-staging/src', using this value to resolve non-relative module name 'pg'.
Resolving module name 'pg' relative to base url 'd:/DOPAMS/Toystack/dopams-backend-staging/src' - 'd:/DOPAMS/Toystack/dopams-backend-staging/src/pg'.
Loading module as file / folder, candidate module location 'd:/DOPAMS/Toystack/dopams-backend-staging/src/pg', target file types: TypeScript, Declaration.
File 'd:/DOPAMS/Toystack/dopams-backend-staging/src/pg.ts' does not exist.
File 'd:/DOPAMS/Toystack/dopams-backend-staging/src/pg.tsx' does not exist.
File 'd:/DOPAMS/Toystack/dopams-backend-staging/src/pg.d.ts' does not exist.
Directory 'd:/DOPAMS/Toystack/dopams-backend-staging/src/pg' does not exist, skipping all lookups in it.
Loading module 'pg' from 'node_modules' folder, target file types: TypeScript, Declaration.
Searching all ancestor node_modules directories for preferred extensions: TypeScript, Declaration.
Directory 'd:/DOPAMS/Toystack/dopams-backend-staging/src/datasources/node_modules' does not exist, skipping all lookups in it.
Directory 'd:/DOPAMS/Toystack/dopams-backend-staging/src/node_modules' does not exist, skipping all lookups in it.
File 'd:/DOPAMS/Toystack/dopams-backend-staging/node_modules/pg/package.json' exists according to earlier cached lookups.
Entering conditional exports.
Matched 'exports' condition 'import'.
Using 'exports' subpath '.' with target './esm/index.mjs'.
File name 'd:/DOPAMS/Toystack/dopams-backend-staging/node_modules/pg/esm/index.mjs' has a '.mjs' extension - stripping it.
File 'd:/DOPAMS/Toystack/dopams-backend-staging/node_modules/pg/esm/index.mts' does not exist.
File 'd:/DOPAMS/Toystack/dopams-backend-staging/node_modules/pg/esm/index.d.mts' does not exist.
Failed to resolve under condition 'import'.
Saw non-matching condition 'require'.
Matched 'exports' condition 'default'.
Using 'exports' subpath '.' with target './lib/index.js'.
File name 'd:/DOPAMS/Toystack/dopams-backend-staging/node_modules/pg/lib/index.js' has a '.js' extension - stripping it.
File 'd:/DOPAMS/Toystack/dopams-backend-staging/node_modules/pg/lib/index.ts' does not exist.
File 'd:/DOPAMS/Toystack/dopams-backend-staging/node_modules/pg/lib/index.tsx' does not exist.
File 'd:/DOPAMS/Toystack/dopams-backend-staging/node_modules/pg/lib/index.d.ts' does not exist.
Failed to resolve under condition 'default'.
Exiting conditional exports.
File 'd:/DOPAMS/Toystack/dopams-backend-staging/node_modules/@types/pg.d.ts' does not exist.
Directory 'd:/DOPAMS/Toystack/node_modules' does not exist, skipping all lookups in it.
Directory 'd:/DOPAMS/node_modules' does not exist, skipping all lookups in it.
Directory 'd:/node_modules' does not exist, skipping all lookups in it.
Resolving real path for 'd:/DOPAMS/Toystack/dopams-backend-staging/node_modules/pg/lib/index.js', result 'D:/DOPAMS/Toystack/dopams-backend-staging/node_modules/pg/lib/index.js'.
======== Module name 'pg' was successfully resolved to 'd:/DOPAMS/Toystack/dopams-backend-staging/node_modules/pg/lib/index.js' with Package ID 'pg/lib/index.js@8.18.0'. ========
======== Resolving module 'graphql' from 'd:/DOPAMS/Toystack/dopams-backend-staging/src/schema/permission.ts'. ========
Resolution for module 'graphql' was found in cache from location 'd:/DOPAMS/Toystack/dopams-backend-staging/src/schema'.
======== Module name 'graphql' was successfully resolved to 'd:/DOPAMS/Toystack/dopams-backend-staging/node_modules/graphql/index.d.ts' with Package ID 'graphql/index.d.ts@16.12.0'. ========
======== Resolving module 'datasources/prisma' from 'd:/DOPAMS/Toystack/dopams-backend-staging/src/schema/criminal-profile/services/criminal-network.ts'. ========
Resolution for module 'datasources/prisma' was found in cache from location 'd:/DOPAMS/Toystack/dopams-backend-staging/src/schema/criminal-profile/services'.
======== Module name 'datasources/prisma' was successfully resolved to 'd:/DOPAMS/Toystack/dopams-backend-staging/src/datasources/prisma.ts'. ========
======== Resolving module 'utils/errors/resource-not-found' from 'd:/DOPAMS/Toystack/dopams-backend-staging/src/schema/criminal-profile/services/criminal-network.ts'. ========
Resolution for module 'utils/errors/resource-not-found' was found in cache from location 'd:/DOPAMS/Toystack/dopams-backend-staging/src/schema/criminal-profile/services'.
======== Module name 'utils/errors/resource-not-found' was successfully resolved to 'd:/DOPAMS/Toystack/dopams-backend-staging/src/utils/errors/resource-not-found.ts'. ========
======== Resolving module 'graphql' from 'd:/DOPAMS/Toystack/dopams-backend-staging/src/schema/misc/file-upload.ts'. ========
Resolution for module 'graphql' was found in cache from location 'd:/DOPAMS/Toystack/dopams-backend-staging/src/schema/misc'.
======== Module name 'graphql' was successfully resolved to 'd:/DOPAMS/Toystack/dopams-backend-staging/node_modules/graphql/index.d.ts' with Package ID 'graphql/index.d.ts@16.12.0'. ========
======== Resolving module 'utils/misc' from 'd:/DOPAMS/Toystack/dopams-backend-staging/src/schema/misc/file-upload.ts'. ========
Explicitly specified module resolution kind: 'Node10'.
'baseUrl' option is set to 'd:/DOPAMS/Toystack/dopams-backend-staging/src', using this value to resolve non-relative module name 'utils/misc'.
'paths' option is specified, looking for a pattern to match module name 'utils/misc'.
Module name 'utils/misc', matched pattern 'utils/*'.
Trying substitution 'utils/*', candidate module location: 'utils/misc'.
Loading module as file / folder, candidate module location 'd:/DOPAMS/Toystack/dopams-backend-staging/src/utils/misc', target file types: TypeScript, Declaration.
File 'd:/DOPAMS/Toystack/dopams-backend-staging/src/utils/misc.ts' exists - use it as a name resolution result.
======== Module name 'utils/misc' was successfully resolved to 'd:/DOPAMS/Toystack/dopams-backend-staging/src/utils/misc.ts'. ========
======== Resolving module './enums/status' from 'd:/DOPAMS/Toystack/dopams-backend-staging/src/schema/misc/file-upload.ts'. ========
Explicitly specified module resolution kind: 'Node10'.
Loading module as file / folder, candidate module location 'd:/DOPAMS/Toystack/dopams-backend-staging/src/schema/misc/enums/status', target file types: TypeScript, Declaration.
File 'd:/DOPAMS/Toystack/dopams-backend-staging/src/schema/misc/enums/status.ts' exists - use it as a name resolution result.
======== Module name './enums/status' was successfully resolved to 'd:/DOPAMS/Toystack/dopams-backend-staging/src/schema/misc/enums/status.ts'. ========
======== Resolving module 'graphql' from 'd:/DOPAMS/Toystack/dopams-backend-staging/src/schema/misc/enums/status.ts'. ========
Resolution for module 'graphql' was found in cache from location 'd:/DOPAMS/Toystack/dopams-backend-staging/src/schema/misc/enums'.
======== Module name 'graphql' was successfully resolved to 'd:/DOPAMS/Toystack/dopams-backend-staging/node_modules/graphql/index.d.ts' with Package ID 'graphql/index.d.ts@16.12.0'. ========
======== Resolving module 'aws-sdk' from 'd:/DOPAMS/Toystack/dopams-backend-staging/src/schema/misc/services/index.ts'. ========
Explicitly specified module resolution kind: 'Node10'.
'baseUrl' option is set to 'd:/DOPAMS/Toystack/dopams-backend-staging/src', using this value to resolve non-relative module name 'aws-sdk'.
'paths' option is specified, looking for a pattern to match module name 'aws-sdk'.
'baseUrl' option is set to 'd:/DOPAMS/Toystack/dopams-backend-staging/src', using this value to resolve non-relative module name 'aws-sdk'.
Resolving module name 'aws-sdk' relative to base url 'd:/DOPAMS/Toystack/dopams-backend-staging/src' - 'd:/DOPAMS/Toystack/dopams-backend-staging/src/aws-sdk'.
Loading module as file / folder, candidate module location 'd:/DOPAMS/Toystack/dopams-backend-staging/src/aws-sdk', target file types: TypeScript, Declaration.
File 'd:/DOPAMS/Toystack/dopams-backend-staging/src/aws-sdk.ts' does not exist.
File 'd:/DOPAMS/Toystack/dopams-backend-staging/src/aws-sdk.tsx' does not exist.
File 'd:/DOPAMS/Toystack/dopams-backend-staging/src/aws-sdk.d.ts' does not exist.
Directory 'd:/DOPAMS/Toystack/dopams-backend-staging/src/aws-sdk' does not exist, skipping all lookups in it.
Loading module 'aws-sdk' from 'node_modules' folder, target file types: TypeScript, Declaration.
Searching all ancestor node_modules directories for preferred extensions: TypeScript, Declaration.
Directory 'd:/DOPAMS/Toystack/dopams-backend-staging/src/schema/misc/services/node_modules' does not exist, skipping all lookups in it.
Directory 'd:/DOPAMS/Toystack/dopams-backend-staging/src/schema/misc/node_modules' does not exist, skipping all lookups in it.
Directory 'd:/DOPAMS/Toystack/dopams-backend-staging/src/schema/node_modules' does not exist, skipping all lookups in it.
Directory 'd:/DOPAMS/Toystack/dopams-backend-staging/src/node_modules' does not exist, skipping all lookups in it.
Found 'package.json' at 'd:/DOPAMS/Toystack/dopams-backend-staging/node_modules/aws-sdk/package.json'.
File 'd:/DOPAMS/Toystack/dopams-backend-staging/node_modules/aws-sdk.ts' does not exist.
File 'd:/DOPAMS/Toystack/dopams-backend-staging/node_modules/aws-sdk.tsx' does not exist.
File 'd:/DOPAMS/Toystack/dopams-backend-staging/node_modules/aws-sdk.d.ts' does not exist.
'package.json' does not have a 'typesVersions' field.
'package.json' has 'typings' field 'index.d.ts' that references 'd:/DOPAMS/Toystack/dopams-backend-staging/node_modules/aws-sdk/index.d.ts'.
File 'd:/DOPAMS/Toystack/dopams-backend-staging/node_modules/aws-sdk/index.d.ts' exists - use it as a name resolution result.
'package.json' does not have a 'peerDependencies' field.
Resolving real path for 'd:/DOPAMS/Toystack/dopams-backend-staging/node_modules/aws-sdk/index.d.ts', result 'D:/DOPAMS/Toystack/dopams-backend-staging/node_modules/aws-sdk/index.d.ts'.
======== Module name 'aws-sdk' was successfully resolved to 'd:/DOPAMS/Toystack/dopams-backend-staging/node_modules/aws-sdk/index.d.ts' with Package ID 'aws-sdk/index.d.ts@2.1693.0'. ========
======== Resolving module 'dotenv' from 'd:/DOPAMS/Toystack/dopams-backend-staging/src/schema/misc/services/index.ts'. ========
Explicitly specified module resolution kind: 'Node10'.
'baseUrl' option is set to 'd:/DOPAMS/Toystack/dopams-backend-staging/src', using this value to resolve non-relative module name 'dotenv'.
'paths' option is specified, looking for a pattern to match module name 'dotenv'.
'baseUrl' option is set to 'd:/DOPAMS/Toystack/dopams-backend-staging/src', using this value to resolve non-relative module name 'dotenv'.
Resolving module name 'dotenv' relative to base url 'd:/DOPAMS/Toystack/dopams-backend-staging/src' - 'd:/DOPAMS/Toystack/dopams-backend-staging/src/dotenv'.
Loading module as file / folder, candidate module location 'd:/DOPAMS/Toystack/dopams-backend-staging/src/dotenv', target file types: TypeScript, Declaration.
File 'd:/DOPAMS/Toystack/dopams-backend-staging/src/dotenv.ts' does not exist.
File 'd:/DOPAMS/Toystack/dopams-backend-staging/src/dotenv.tsx' does not exist.
File 'd:/DOPAMS/Toystack/dopams-backend-staging/src/dotenv.d.ts' does not exist.
Directory 'd:/DOPAMS/Toystack/dopams-backend-staging/src/dotenv' does not exist, skipping all lookups in it.
Loading module 'dotenv' from 'node_modules' folder, target file types: TypeScript, Declaration.
Searching all ancestor node_modules directories for preferred extensions: TypeScript, Declaration.
Directory 'd:/DOPAMS/Toystack/dopams-backend-staging/src/schema/misc/services/node_modules' does not exist, skipping all lookups in it.
Directory 'd:/DOPAMS/Toystack/dopams-backend-staging/src/schema/misc/node_modules' does not exist, skipping all lookups in it.
Resolution for module 'dotenv' was found in cache from location 'd:/DOPAMS/Toystack/dopams-backend-staging/src/schema'.
======== Module name 'dotenv' was successfully resolved to 'd:/DOPAMS/Toystack/dopams-backend-staging/node_modules/dotenv/lib/main.d.ts' with Package ID 'dotenv/lib/main.d.ts@16.6.1'. ========
======== Resolving module 'utils/logger' from 'd:/DOPAMS/Toystack/dopams-backend-staging/src/schema/misc/services/index.ts'. ========
Explicitly specified module resolution kind: 'Node10'.
'baseUrl' option is set to 'd:/DOPAMS/Toystack/dopams-backend-staging/src', using this value to resolve non-relative module name 'utils/logger'.
'paths' option is specified, looking for a pattern to match module name 'utils/logger'.
Module name 'utils/logger', matched pattern 'utils/*'.
Trying substitution 'utils/*', candidate module location: 'utils/logger'.
Loading module as file / folder, candidate module location 'd:/DOPAMS/Toystack/dopams-backend-staging/src/utils/logger', target file types: TypeScript, Declaration.
File 'd:/DOPAMS/Toystack/dopams-backend-staging/src/utils/logger.ts' exists - use it as a name resolution result.
======== Module name 'utils/logger' was successfully resolved to 'd:/DOPAMS/Toystack/dopams-backend-staging/src/utils/logger.ts'. ========
======== Resolving module 'exceljs' from 'd:/DOPAMS/Toystack/dopams-backend-staging/src/schema/misc/services/index.ts'. ========
Explicitly specified module resolution kind: 'Node10'.
'baseUrl' option is set to 'd:/DOPAMS/Toystack/dopams-backend-staging/src', using this value to resolve non-relative module name 'exceljs'.
'paths' option is specified, looking for a pattern to match module name 'exceljs'.
'baseUrl' option is set to 'd:/DOPAMS/Toystack/dopams-backend-staging/src', using this value to resolve non-relative module name 'exceljs'.
Resolving module name 'exceljs' relative to base url 'd:/DOPAMS/Toystack/dopams-backend-staging/src' - 'd:/DOPAMS/Toystack/dopams-backend-staging/src/exceljs'.
Loading module as file / folder, candidate module location 'd:/DOPAMS/Toystack/dopams-backend-staging/src/exceljs', target file types: TypeScript, Declaration.
File 'd:/DOPAMS/Toystack/dopams-backend-staging/src/exceljs.ts' does not exist.
File 'd:/DOPAMS/Toystack/dopams-backend-staging/src/exceljs.tsx' does not exist.
File 'd:/DOPAMS/Toystack/dopams-backend-staging/src/exceljs.d.ts' does not exist.
Directory 'd:/DOPAMS/Toystack/dopams-backend-staging/src/exceljs' does not exist, skipping all lookups in it.
Loading module 'exceljs' from 'node_modules' folder, target file types: TypeScript, Declaration.
Searching all ancestor node_modules directories for preferred extensions: TypeScript, Declaration.
Directory 'd:/DOPAMS/Toystack/dopams-backend-staging/src/schema/misc/services/node_modules' does not exist, skipping all lookups in it.
Directory 'd:/DOPAMS/Toystack/dopams-backend-staging/src/schema/misc/node_modules' does not exist, skipping all lookups in it.
Directory 'd:/DOPAMS/Toystack/dopams-backend-staging/src/schema/node_modules' does not exist, skipping all lookups in it.
Directory 'd:/DOPAMS/Toystack/dopams-backend-staging/src/node_modules' does not exist, skipping all lookups in it.
Found 'package.json' at 'd:/DOPAMS/Toystack/dopams-backend-staging/node_modules/exceljs/package.json'.
File 'd:/DOPAMS/Toystack/dopams-backend-staging/node_modules/exceljs.ts' does not exist.
File 'd:/DOPAMS/Toystack/dopams-backend-staging/node_modules/exceljs.tsx' does not exist.
File 'd:/DOPAMS/Toystack/dopams-backend-staging/node_modules/exceljs.d.ts' does not exist.
'package.json' does not have a 'typesVersions' field.
'package.json' does not have a 'typings' field.
'package.json' has 'types' field './index.d.ts' that references 'd:/DOPAMS/Toystack/dopams-backend-staging/node_modules/exceljs/index.d.ts'.
File 'd:/DOPAMS/Toystack/dopams-backend-staging/node_modules/exceljs/index.d.ts' exists - use it as a name resolution result.
'package.json' does not have a 'peerDependencies' field.
Resolving real path for 'd:/DOPAMS/Toystack/dopams-backend-staging/node_modules/exceljs/index.d.ts', result 'D:/DOPAMS/Toystack/dopams-backend-staging/node_modules/exceljs/index.d.ts'.
======== Module name 'exceljs' was successfully resolved to 'd:/DOPAMS/Toystack/dopams-backend-staging/node_modules/exceljs/index.d.ts' with Package ID 'exceljs/index.d.ts@4.4.0'. ========
File 'd:/DOPAMS/Toystack/dopams-backend-staging/node_modules/aws-sdk/package.json' exists according to earlier cached lookups.
======== Resolving module './lib/config' from 'd:/DOPAMS/Toystack/dopams-backend-staging/node_modules/aws-sdk/index.d.ts'. ========
Explicitly specified module resolution kind: 'Node10'.
Loading module as file / folder, candidate module location 'd:/DOPAMS/Toystack/dopams-backend-staging/node_modules/aws-sdk/lib/config', target file types: TypeScript, Declaration.
File 'd:/DOPAMS/Toystack/dopams-backend-staging/node_modules/aws-sdk/lib/config.ts' does not exist.
File 'd:/DOPAMS/Toystack/dopams-backend-staging/node_modules/aws-sdk/lib/config.tsx' does not exist.
File 'd:/DOPAMS/Toystack/dopams-backend-staging/node_modules/aws-sdk/lib/config.d.ts' exists - use it as a name resolution result.
File 'd:/DOPAMS/Toystack/dopams-backend-staging/node_modules/aws-sdk/package.json' exists according to earlier cached lookups.
======== Module name './lib/config' was successfully resolved to 'd:/DOPAMS/Toystack/dopams-backend-staging/node_modules/aws-sdk/lib/config.d.ts' with Package ID 'aws-sdk/lib/config.d.ts@2.1693.0'. ========
======== Resolving module './lib/core' from 'd:/DOPAMS/Toystack/dopams-backend-staging/node_modules/aws-sdk/index.d.ts'. ========
Explicitly specified module resolution kind: 'Node10'.
Loading module as file / folder, candidate module location 'd:/DOPAMS/Toystack/dopams-backend-staging/node_modules/aws-sdk/lib/core', target file types: TypeScript, Declaration.
File 'd:/DOPAMS/Toystack/dopams-backend-staging/node_modules/aws-sdk/lib/core.ts' does not exist.
File 'd:/DOPAMS/Toystack/dopams-backend-staging/node_modules/aws-sdk/lib/core.tsx' does not exist.
File 'd:/DOPAMS/Toystack/dopams-backend-staging/node_modules/aws-sdk/lib/core.d.ts' exists - use it as a name resolution result.
File 'd:/DOPAMS/Toystack/dopams-backend-staging/node_modules/aws-sdk/package.json' exists according to earlier cached lookups.
======== Module name './lib/core' was successfully resolved to 'd:/DOPAMS/Toystack/dopams-backend-staging/node_modules/aws-sdk/lib/core.d.ts' with Package ID 'aws-sdk/lib/core.d.ts@2.1693.0'. ========
======== Resolving module './clients/all' from 'd:/DOPAMS/Toystack/dopams-backend-staging/node_modules/aws-sdk/index.d.ts'. ========
Explicitly specified module resolution kind: 'Node10'.
Loading module as file / folder, candidate module location 'd:/DOPAMS/Toystack/dopams-backend-staging/node_modules/aws-sdk/clients/all', target file types: TypeScript, Declaration.
File 'd:/DOPAMS/Toystack/dopams-backend-staging/node_modules/aws-sdk/clients/all.ts' does not exist.
File 'd:/DOPAMS/Toystack/dopams-backend-staging/node_modules/aws-sdk/clients/all.tsx' does not exist.
File 'd:/DOPAMS/Toystack/dopams-backend-staging/node_modules/aws-sdk/clients/all.d.ts' exists - use it as a name resolution result.
File 'd:/DOPAMS/Toystack/dopams-backend-staging/node_modules/aws-sdk/package.json' exists according to earlier cached lookups.
======== Module name './clients/all' was successfully resolved to 'd:/DOPAMS/Toystack/dopams-backend-staging/node_modules/aws-sdk/clients/all.d.ts' with Package ID 'aws-sdk/clients/all.d.ts@2.1693.0'. ========
File 'd:/DOPAMS/Toystack/dopams-backend-staging/node_modules/aws-sdk/lib/package.json' does not exist.
File 'd:/DOPAMS/Toystack/dopams-backend-staging/node_modules/aws-sdk/package.json' exists according to earlier cached lookups.
======== Resolving module './config_service_placeholders' from 'd:/DOPAMS/Toystack/dopams-backend-staging/node_modules/aws-sdk/lib/config.d.ts'. ========
Explicitly specified module resolution kind: 'Node10'.
Loading module as file / folder, candidate module location 'd:/DOPAMS/Toystack/dopams-backend-staging/node_modules/aws-sdk/lib/config_service_placeholders', target file types: TypeScript, Declaration.
File 'd:/DOPAMS/Toystack/dopams-backend-staging/node_modules/aws-sdk/lib/config_service_placeholders.ts' does not exist.
File 'd:/DOPAMS/Toystack/dopams-backend-staging/node_modules/aws-sdk/lib/config_service_placeholders.tsx' does not exist.
File 'd:/DOPAMS/Toystack/dopams-backend-staging/node_modules/aws-sdk/lib/config_service_placeholders.d.ts' exists - use it as a name resolution result.
File 'd:/DOPAMS/Toystack/dopams-backend-staging/node_modules/aws-sdk/package.json' exists according to earlier cached lookups.
======== Module name './config_service_placeholders' was successfully resolved to 'd:/DOPAMS/Toystack/dopams-backend-staging/node_modules/aws-sdk/lib/config_service_placeholders.d.ts' with Package ID 'aws-sdk/lib/config_service_placeholders.d.ts@2.1693.0'. ========
======== Resolving module './config-base' from 'd:/DOPAMS/Toystack/dopams-backend-staging/node_modules/aws-sdk/lib/config.d.ts'. ========
Explicitly specified module resolution kind: 'Node10'.
Loading module as file / folder, candidate module location 'd:/DOPAMS/Toystack/dopams-backend-staging/node_modules/aws-sdk/lib/config-base', target file types: TypeScript, Declaration.
File 'd:/DOPAMS/Toystack/dopams-backend-staging/node_modules/aws-sdk/lib/config-base.ts' does not exist.
File 'd:/DOPAMS/Toystack/dopams-backend-staging/node_modules/aws-sdk/lib/config-base.tsx' does not exist.
File 'd:/DOPAMS/Toystack/dopams-backend-staging/node_modules/aws-sdk/lib/config-base.d.ts' exists - use it as a name resolution result.
File 'd:/DOPAMS/Toystack/dopams-backend-staging/node_modules/aws-sdk/package.json' exists according to earlier cached lookups.
======== Module name './config-base' was successfully resolved to 'd:/DOPAMS/Toystack/dopams-backend-staging/node_modules/aws-sdk/lib/config-base.d.ts' with Package ID 'aws-sdk/lib/config-base.d.ts@2.1693.0'. ========
File 'd:/DOPAMS/Toystack/dopams-backend-staging/node_modules/aws-sdk/lib/package.json' does not exist according to earlier cached lookups.
File 'd:/DOPAMS/Toystack/dopams-backend-staging/node_modules/aws-sdk/package.json' exists according to earlier cached lookups.
======== Resolving module '../clients/all' from 'd:/DOPAMS/Toystack/dopams-backend-staging/node_modules/aws-sdk/lib/config_service_placeholders.d.ts'. ========
Explicitly specified module resolution kind: 'Node10'.
Loading module as file / folder, candidate module location 'd:/DOPAMS/Toystack/dopams-backend-staging/node_modules/aws-sdk/clients/all', target file types: TypeScript, Declaration.
File 'd:/DOPAMS/Toystack/dopams-backend-staging/node_modules/aws-sdk/clients/all.ts' does not exist.
File 'd:/DOPAMS/Toystack/dopams-backend-staging/node_modules/aws-sdk/clients/all.tsx' does not exist.
File 'd:/DOPAMS/Toystack/dopams-backend-staging/node_modules/aws-sdk/clients/all.d.ts' exists - use it as a name resolution result.
File 'd:/DOPAMS/Toystack/dopams-backend-staging/node_modules/aws-sdk/package.json' exists according to earlier cached lookups.
======== Module name '../clients/all' was successfully resolved to 'd:/DOPAMS/Toystack/dopams-backend-staging/node_modules/aws-sdk/clients/all.d.ts' with Package ID 'aws-sdk/clients/all.d.ts@2.1693.0'. ========
File 'd:/DOPAMS/Toystack/dopams-backend-staging/node_modules/aws-sdk/clients/package.json' does not exist.
File 'd:/DOPAMS/Toystack/dopams-backend-staging/node_modules/aws-sdk/package.json' exists according to earlier cached lookups.
======== Resolving module './acm' from 'd:/DOPAMS/Toystack/dopams-backend-staging/node_modules/aws-sdk/clients/all.d.ts'. ========
Explicitly specified module resolution kind: 'Node10'.
Loading module as file / folder, candidate module location 'd:/DOPAMS/Toystack/dopams-backend-staging/node_modules/aws-sdk/clients/acm', target file types: TypeScript, Declaration.
File 'd:/DOPAMS/Toystack/dopams-backend-staging/node_modules/aws-sdk/clients/acm.ts' does not exist.
File 'd:/DOPAMS/Toystack/dopams-backend-staging/node_modules/aws-sdk/clients/acm.tsx' does not exist.
File 'd:/DOPAMS/Toystack/dopams-backend-staging/node_modules/aws-sdk/clients/acm.d.ts' exists - use it as a name resolution result.
File 'd:/DOPAMS/Toystack/dopams-backend-staging/node_modules/aws-sdk/package.json' exists according to earlier cached lookups.
======== Module name './acm' was successfully resolved to 'd:/DOPAMS/Toystack/dopams-backend-staging/node_modules/aws-sdk/clients/acm.d.ts' with Package ID 'aws-sdk/clients/acm.d.ts@2.1693.0'. ========
======== Resolving module './apigateway' from 'd:/DOPAMS/Toystack/dopams-backend-staging/node_modules/aws-sdk/clients/all.d.ts'. ========
Explicitly specified module resolution kind: 'Node10'.
Loading module as file / folder, candidate module location 'd:/DOPAMS/Toystack/dopams-backend-staging/node_modules/aws-sdk/clients/apigateway', target file types: TypeScript, Declaration.
File 'd:/DOPAMS/Toystack/dopams-backend-staging/node_modules/aws-sdk/clients/apigateway.ts' does not exist.
File 'd:/DOPAMS/Toystack/dopams-backend-staging/node_modules/aws-sdk/clients/apigateway.tsx' does not exist.
File 'd:/DOPAMS/Toystack/dopams-backend-staging/node_modules/aws-sdk/clients/apigateway.d.ts' exists - use it as a name resolution result.
File 'd:/DOPAMS/Toystack/dopams-backend-staging/node_modules/aws-sdk/package.json' exists according to earlier cached lookups.
======== Module name './apigateway' was successfully resolved to 'd:/DOPAMS/Toystack/dopams-backend-staging/node_modules/aws-sdk/clients/apigateway.d.ts' with Package ID 'aws-sdk/clients/apigateway.d.ts@2.1693.0'. ========
======== Resolving module './applicationautoscaling' from 'd:/DOPAMS/Toystack/dopams-backend-staging/node_modules/aws-sdk/clients/all.d.ts'. ========
Explicitly specified module resolution kind: 'Node10'.
Loading module as file / folder, candidate module location 'd:/DOPAMS/Toystack/dopams-backend-staging/node_modules/aws-sdk/clients/applicationautoscaling', target file types: TypeScript, Declaration.
File 'd:/DOPAMS/Toystack/dopams-backend-staging/node_modules/aws-sdk/clients/applicationautoscaling.ts' does not exist.
File 'd:/DOPAMS/Toystack/dopams-backend-staging/node_modules/aws-sdk/clients/applicationautoscaling.tsx' does not exist.
File 'd:/DOPAMS/Toystack/dopams-backend-staging/node_modules/aws-sdk/clients/applicationautoscaling.d.ts' exists - use it as a name resolution result.
File 'd:/DOPAMS/Toystack/dopams-backend-staging/node_modules/aws-sdk/package.json' exists according to earlier cached lookups.
======== Module name './applicationautoscaling' was successfully resolved to 'd:/DOPAMS/Toystack/dopams-backend-staging/node_modules/aws-sdk/clients/applicationautoscaling.d.ts' with Package ID 'aws-sdk/clients/applicationautoscaling.d.ts@2.1693.0'. ========
======== Resolving module './appstream' from 'd:/DOPAMS/Toystack/dopams-backend-staging/node_modules/aws-sdk/clients/all.d.ts'. ========
Explicitly specified module resolution kind: 'Node10'.
Loading module as file / folder, candidate module location 'd:/DOPAMS/Toystack/dopams-backend-staging/node_modules/aws-sdk/clients/appstream', target file types: TypeScript, Declaration.
File 'd:/DOPAMS/Toystack/dopams-backend-staging/node_modules/aws-sdk/clients/appstream.ts' does not exist.
File 'd:/DOPAMS/Toystack/dopams-backend-staging/node_modules/aws-sdk/clients/appstream.tsx' does not exist.
File 'd:/DOPAMS/Toystack/dopams-backend-staging/node_modules/aws-sdk/clients/appstream.d.ts' exists - use it as a name resolution result.
File 'd:/DOPAMS/Toystack/dopams-backend-staging/node_modules/aws-sdk/package.json' exists according to earlier cached lookups.
======== Module name './appstream' was successfully resolved to 'd:/DOPAMS/Toystack/dopams-backend-staging/node_modules/aws-sdk/clients/appstream.d.ts' with Package ID 'aws-sdk/clients/appstream.d.ts@2.1693.0'. ========
======== Resolving module './autoscaling' from 'd:/DOPAMS/Toystack/dopams-backend-staging/node_modules/aws-sdk/clients/all.d.ts'. ========
Explicitly specified module resolution kind: 'Node10'.
Loading module as file / folder, candidate module location 'd:/DOPAMS/Toystack/dopams-backend-staging/node_modules/aws-sdk/clients/autoscaling', target file types: TypeScript, Declaration.
File 'd:/DOPAMS/Toystack/dopams-backend-staging/node_modules/aws-sdk/clients/autoscaling.ts' does not exist.
File 'd:/DOPAMS/Toystack/dopams-backend-staging/node_modules/aws-sdk/clients/autoscaling.tsx' does not exist.
File 'd:/DOPAMS/Toystack/dopams-backend-staging/node_modules/aws-sdk/clients/autoscaling.d.ts' exists - use it as a name resolution result.
File 'd:/DOPAMS/Toystack/dopams-backend-staging/node_modules/aws-sdk/package.json' exists according to earlier cached lookups.
======== Module name './autoscaling' was successfully resolved to 'd:/DOPAMS/Toystack/dopams-backend-staging/node_modules/aws-sdk/clients/autoscaling.d.ts' with Package ID 'aws-sdk/clients/autoscaling.d.ts@2.1693.0'. ========
======== Resolving module './batch' from 'd:/DOPAMS/Toystack/dopams-backend-staging/node_modules/aws-sdk/clients/all.d.ts'. ========
Explicitly specified module resolution kind: 'Node10'.
Loading module as file / folder, candidate module location 'd:/DOPAMS/Toystack/dopams-backend-staging/node_modules/aws-sdk/clients/batch', target file types: TypeScript, Declaration.
File 'd:/DOPAMS/Toystack/dopams-backend-staging/node_modules/aws-sdk/clients/batch.ts' does not exist.
File 'd:/DOPAMS/Toystack/dopams-backend-staging/node_modules/aws-sdk/clients/batch.tsx' does not exist.
File 'd:/DOPAMS/Toystack/dopams-backend-staging/node_modules/aws-sdk/clients/batch.d.ts' exists - use it as a name resolution result.
File 'd:/DOPAMS/Toystack/dopams-backend-staging/node_modules/aws-sdk/package.json' exists according to earlier cached lookups.
======== Module name './batch' was successfully resolved to 'd:/DOPAMS/Toystack/dopams-backend-staging/node_modules/aws-sdk/clients/batch.d.ts' with Package ID 'aws-sdk/clients/batch.d.ts@2.1693.0'. ========
======== Resolving module './budgets' from 'd:/DOPAMS/Toystack/dopams-backend-staging/node_modules/aws-sdk/clients/all.d.ts'. ========
Explicitly specified module resolution kind: 'Node10'.
Loading module as file / folder, candidate module location 'd:/DOPAMS/Toystack/dopams-backend-staging/node_modules/aws-sdk/clients/budgets', target file types: TypeScript, Declaration.
File 'd:/DOPAMS/Toystack/dopams-backend-staging/node_modules/aws-sdk/clients/budgets.ts' does not exist.
File 'd:/DOPAMS/Toystack/dopams-backend-staging/node_modules/aws-sdk/clients/budgets.tsx' does not exist.
File 'd:/DOPAMS/Toystack/dopams-backend-staging/node_modules/aws-sdk/clients/budgets.d.ts' exists - use it as a name resolution result.
File 'd:/DOPAMS/Toystack/dopams-backend-staging/node_modules/aws-sdk/package.json' exists according to earlier cached lookups.
======== Module name './budgets' was successfully resolved to 'd:/DOPAMS/Toystack/dopams-backend-staging/node_modules/aws-sdk/clients/budgets.d.ts' with Package ID 'aws-sdk/clients/budgets.d.ts@2.1693.0'. ========
======== Resolving module './clouddirectory' from 'd:/DOPAMS/Toystack/dopams-backend-staging/node_modules/aws-sdk/clients/all.d.ts'. ========
Explicitly specified module resolution kind: 'Node10'.
Loading module as file / folder, candidate module location 'd:/DOPAMS/Toystack/dopams-backend-staging/node_modules/aws-sdk/clients/clouddirectory', target file types: TypeScript, Declaration.
File 'd:/DOPAMS/Toystack/dopams-backend-staging/node_modules/aws-sdk/clients/clouddirectory.ts' does not exist.
File 'd:/DOPAMS/Toystack/dopams-backend-staging/node_modules/aws-sdk/clients/clouddirectory.tsx' does not exist.
File 'd:/DOPAMS/Toystack/dopams-backend-staging/node_modules/aws-sdk/clients/clouddirectory.d.ts' exists - use it as a name resolution result.
File 'd:/DOPAMS/Toystack/dopams-backend-staging/node_modules/aws-sdk/package.json' exists according to earlier cached lookups.
======== Module name './clouddirectory' was successfully resolved to 'd:/DOPAMS/Toystack/dopams-backend-staging/node_modules/aws-sdk/clients/clouddirectory.d.ts' with Package ID 'aws-sdk/clients/clouddirectory.d.ts@2.1693.0'. ========
======== Resolving module './cloudformation' from 'd:/DOPAMS/Toystack/dopams-backend-staging/node_modules/aws-sdk/clients/all.d.ts'. ========
Explicitly specified module resolution kind: 'Node10'.
Loading module as file / folder, candidate module location 'd:/DOPAMS/Toystack/dopams-backend-staging/node_modules/aws-sdk/clients/cloudformation', target file types: TypeScript, Declaration.
File 'd:/DOPAMS/Toystack/dopams-backend-staging/node_modules/aws-sdk/clients/cloudformation.ts' does not exist.
File 'd:/DOPAMS/Toystack/dopams-backend-staging/node_modules/aws-sdk/clients/cloudformation.tsx' does not exist.
File 'd:/DOPAMS/Toystack/dopams-backend-staging/node_modules/aws-sdk/clients/cloudformation.d.ts' exists - use it as a name resolution result.
File 'd:/DOPAMS/Toystack/dopams-backend-staging/node_modules/aws-sdk/package.json' exists according to earlier cached lookups.
======== Module name './cloudformation' was successfully resolved to 'd:/DOPAMS/Toystack/dopams-backend-staging/node_modules/aws-sdk/clients/cloudformation.d.ts' with Package ID 'aws-sdk/clients/cloudformation.d.ts@2.1693.0'. ========
======== Resolving module './cloudfront' from 'd:/DOPAMS/Toystack/dopams-backend-staging/node_modules/aws-sdk/clients/all.d.ts'. ========
Explicitly specified module resolution kind: 'Node10'.
Loading module as file / folder, candidate module location 'd:/DOPAMS/Toystack/dopams-backend-staging/node_modules/aws-sdk/clients/cloudfront', target file types: TypeScript, Declaration.
File 'd:/DOPAMS/Toystack/dopams-backend-staging/node_modules/aws-sdk/clients/cloudfront.ts' does not exist.
File 'd:/DOPAMS/Toystack/dopams-backend-staging/node_modules/aws-sdk/clients/cloudfront.tsx' does not exist.
File 'd:/DOPAMS/Toystack/dopams-backend-staging/node_modules/aws-sdk/clients/cloudfront.d.ts' exists - use it as a name resolution result.
File 'd:/DOPAMS/Toystack/dopams-backend-staging/node_modules/aws-sdk/package.json' exists according to earlier cached lookups.
======== Module name './cloudfront' was successfully resolved to 'd:/DOPAMS/Toystack/dopams-backend-staging/node_modules/aws-sdk/clients/cloudfront.d.ts' with Package ID 'aws-sdk/clients/cloudfront.d.ts@2.1693.0'. ========
======== Resolving module './cloudhsm' from 'd:/DOPAMS/Toystack/dopams-backend-staging/node_modules/aws-sdk/clients/all.d.ts'. ========
Explicitly specified module resolution kind: 'Node10'.
Loading module as file / folder, candidate module location 'd:/DOPAMS/Toystack/dopams-backend-staging/node_modules/aws-sdk/clients/cloudhsm', target file types: TypeScript, Declaration.
File 'd:/DOPAMS/Toystack/dopams-backend-staging/node_modules/aws-sdk/clients/cloudhsm.ts' does not exist.
File 'd:/DOPAMS/Toystack/dopams-backend-staging/node_modules/aws-sdk/clients/cloudhsm.tsx' does not exist.
File 'd:/DOPAMS/Toystack/dopams-backend-staging/node_modules/aws-sdk/clients/cloudhsm.d.ts' exists - use it as a name resolution result.
File 'd:/DOPAMS/Toystack/dopams-backend-staging/node_modules/aws-sdk/package.json' exists according to earlier cached lookups.
======== Module name './cloudhsm' was successfully resolved to 'd:/DOPAMS/Toystack/dopams-backend-staging/node_modules/aws-sdk/clients/cloudhsm.d.ts' with Package ID 'aws-sdk/clients/cloudhsm.d.ts@2.1693.0'. ========
======== Resolving module './cloudsearch' from 'd:/DOPAMS/Toystack/dopams-backend-staging/node_modules/aws-sdk/clients/all.d.ts'. ========
Explicitly specified module resolution kind: 'Node10'.
Loading module as file / folder, candidate module location 'd:/DOPAMS/Toystack/dopams-backend-staging/node_modules/aws-sdk/clients/cloudsearch', target file types: TypeScript, Declaration.
File 'd:/DOPAMS/Toystack/dopams-backend-staging/node_modules/aws-sdk/clients/cloudsearch.ts' does not exist.
File 'd:/DOPAMS/Toystack/dopams-backend-staging/node_modules/aws-sdk/clients/cloudsearch.tsx' does not exist.
File 'd:/DOPAMS/Toystack/dopams-backend-staging/node_modules/aws-sdk/clients/cloudsearch.d.ts' exists - use it as a name resolution result.
File 'd:/DOPAMS/Toystack/dopams-backend-staging/node_modules/aws-sdk/package.json' exists according to earlier cached lookups.
======== Module name './cloudsearch' was successfully resolved to 'd:/DOPAMS/Toystack/dopams-backend-staging/node_modules/aws-sdk/clients/cloudsearch.d.ts' with Package ID 'aws-sdk/clients/cloudsearch.d.ts@2.1693.0'. ========
======== Resolving module './cloudsearchdomain' from 'd:/DOPAMS/Toystack/dopams-backend-staging/node_modules/aws-sdk/clients/all.d.ts'. ========
Explicitly specified module resolution kind: 'Node10'.
Loading module as file / folder, candidate module location 'd:/DOPAMS/Toystack/dopams-backend-staging/node_modules/aws-sdk/clients/cloudsearchdomain', target file types: TypeScript, Declaration.
File 'd:/DOPAMS/Toystack/dopams-backend-staging/node_modules/aws-sdk/clients/cloudsearchdomain.ts' does not exist.
File 'd:/DOPAMS/Toystack/dopams-backend-staging/node_modules/aws-sdk/clients/cloudsearchdomain.tsx' does not exist.
File 'd:/DOPAMS/Toystack/dopams-backend-staging/node_modules/aws-sdk/clients/cloudsearchdomain.d.ts' exists - use it as a name resolution result.
File 'd:/DOPAMS/Toystack/dopams-backend-staging/node_modules/aws-sdk/package.json' exists according to earlier cached lookups.
======== Module name './cloudsearchdomain' was successfully resolved to 'd:/DOPAMS/Toystack/dopams-backend-staging/node_modules/aws-sdk/clients/cloudsearchdomain.d.ts' with Package ID 'aws-sdk/clients/cloudsearchdomain.d.ts@2.1693.0'. ========
======== Resolving module './cloudtrail' from 'd:/DOPAMS/Toystack/dopams-backend-staging/node_modules/aws-sdk/clients/all.d.ts'. ========
Explicitly specified module resolution kind: 'Node10'.
Loading module as file / folder, candidate module location 'd:/DOPAMS/Toystack/dopams-backend-staging/node_modules/aws-sdk/clients/cloudtrail', target file types: TypeScript, Declaration.
File 'd:/DOPAMS/Toystack/dopams-backend-staging/node_modules/aws-sdk/clients/cloudtrail.ts' does not exist.
File 'd:/DOPAMS/Toystack/dopams-backend-staging/node_modules/aws-sdk/clients/cloudtrail.tsx' does not exist.
File 'd:/DOPAMS/Toystack/dopams-backend-staging/node_modules/aws-sdk/clients/cloudtrail.d.ts' exists - use it as a name resolution result.
File 'd:/DOPAMS/Toystack/dopams-backend-staging/node_modules/aws-sdk/package.json' exists according to earlier cached lookups.
======== Module name './cloudtrail' was successfully resolved to 'd:/DOPAMS/Toystack/dopams-backend-staging/node_modules/aws-sdk/clients/cloudtrail.d.ts' with Package ID 'aws-sdk/clients/cloudtrail.d.ts@2.1693.0'. ========
======== Resolving module './cloudwatch' from 'd:/DOPAMS/Toystack/dopams-backend-staging/node_modules/aws-sdk/clients/all.d.ts'. ========
Explicitly specified module resolution kind: 'Node10'.
Loading module as file / folder, candidate module location 'd:/DOPAMS/Toystack/dopams-backend-staging/node_modules/aws-sdk/clients/cloudwatch', target file types: TypeScript, Declaration.
File 'd:/DOPAMS/Toystack/dopams-backend-staging/node_modules/aws-sdk/clients/cloudwatch.ts' does not exist.
File 'd:/DOPAMS/Toystack/dopams-backend-staging/node_modules/aws-sdk/clients/cloudwatch.tsx' does not exist.
File 'd:/DOPAMS/Toystack/dopams-backend-staging/node_modules/aws-sdk/clients/cloudwatch.d.ts' exists - use it as a name resolution result.
File 'd:/DOPAMS/Toystack/dopams-backend-staging/node_modules/aws-sdk/package.json' exists according to earlier cached lookups.
======== Module name './cloudwatch' was successfully resolved to 'd:/DOPAMS/Toystack/dopams-backend-staging/node_modules/aws-sdk/clients/cloudwatch.d.ts' with Package ID 'aws-sdk/clients/cloudwatch.d.ts@2.1693.0'. ========
======== Resolving module './cloudwatchevents' from 'd:/DOPAMS/Toystack/dopams-backend-staging/node_modules/aws-sdk/clients/all.d.ts'. ========
Explicitly specified module resolution kind: 'Node10'.
Loading module as file / folder, candidate module location 'd:/DOPAMS/Toystack/dopams-backend-staging/node_modules/aws-sdk/clients/cloudwatchevents', target file types: TypeScript, Declaration.
File 'd:/DOPAMS/Toystack/dopams-backend-staging/node_modules/aws-sdk/clients/cloudwatchevents.ts' does not exist.
File 'd:/DOPAMS/Toystack/dopams-backend-staging/node_modules/aws-sdk/clients/cloudwatchevents.tsx' does not exist.
File 'd:/DOPAMS/Toystack/dopams-backend-staging/node_modules/aws-sdk/clients/cloudwatchevents.d.ts' exists - use it as a name resolution result.
File 'd:/DOPAMS/Toystack/dopams-backend-staging/node_modules/aws-sdk/package.json' exists according to earlier cached lookups.
======== Module name './cloudwatchevents' was successfully resolved to 'd:/DOPAMS/Toystack/dopams-backend-staging/node_modules/aws-sdk/clients/cloudwatchevents.d.ts' with Package ID 'aws-sdk/clients/cloudwatchevents.d.ts@2.1693.0'. ========
======== Resolving module './cloudwatchlogs' from 'd:/DOPAMS/Toystack/dopams-backend-staging/node_modules/aws-sdk/clients/all.d.ts'. ========
Explicitly specified module resolution kind: 'Node10'.
Loading module as file / folder, candidate module location 'd:/DOPAMS/Toystack/dopams-backend-staging/node_modules/aws-sdk/clients/cloudwatchlogs', target file types: TypeScript, Declaration.
File 'd:/DOPAMS/Toystack/dopams-backend-staging/node_modules/aws-sdk/clients/cloudwatchlogs.ts' does not exist.
File 'd:/DOPAMS/Toystack/dopams-backend-staging/node_modules/aws-sdk/clients/cloudwatchlogs.tsx' does not exist.
File 'd:/DOPAMS/Toystack/dopams-backend-staging/node_modules/aws-sdk/clients/cloudwatchlogs.d.ts' exists - use it as a name resolution result.
File 'd:/DOPAMS/Toystack/dopams-backend-staging/node_modules/aws-sdk/package.json' exists according to earlier cached lookups.
======== Module name './cloudwatchlogs' was successfully resolved to 'd:/DOPAMS/Toystack/dopams-backend-staging/node_modules/aws-sdk/clients/cloudwatchlogs.d.ts' with Package ID 'aws-sdk/clients/cloudwatchlogs.d.ts@2.1693.0'. ========
======== Resolving module './codebuild' from 'd:/DOPAMS/Toystack/dopams-backend-staging/node_modules/aws-sdk/clients/all.d.ts'. ========
Explicitly specified module resolution kind: 'Node10'.
Loading module as file / folder, candidate module location 'd:/DOPAMS/Toystack/dopams-backend-staging/node_modules/aws-sdk/clients/codebuild', target file types: TypeScript, Declaration.
File 'd:/DOPAMS/Toystack/dopams-backend-staging/node_modules/aws-sdk/clients/codebuild.ts' does not exist.
File 'd:/DOPAMS/Toystack/dopams-backend-staging/node_modules/aws-sdk/clients/codebuild.tsx' does not exist.
File 'd:/DOPAMS/Toystack/dopams-backend-staging/node_modules/aws-sdk/clients/codebuild.d.ts' exists - use it as a name resolution result.
File 'd:/DOPAMS/Toystack/dopams-backend-staging/node_modules/aws-sdk/package.json' exists according to earlier cached lookups.
======== Module name './codebuild' was successfully resolved to 'd:/DOPAMS/Toystack/dopams-backend-staging/node_modules/aws-sdk/clients/codebuild.d.ts' with Package ID 'aws-sdk/clients/codebuild.d.ts@2.1693.0'. ========
======== Resolving module './codecommit' from 'd:/DOPAMS/Toystack/dopams-backend-staging/node_modules/aws-sdk/clients/all.d.ts'. ========
Explicitly specified module resolution kind: 'Node10'.
Loading module as file / folder, candidate module location 'd:/DOPAMS/Toystack/dopams-backend-staging/node_modules/aws-sdk/clients/codecommit', target file types: TypeScript, Declaration.
File 'd:/DOPAMS/Toystack/dopams-backend-staging/node_modules/aws-sdk/clients/codecommit.ts' does not exist.
File 'd:/DOPAMS/Toystack/dopams-backend-staging/node_modules/aws-sdk/clients/codecommit.tsx' does not exist.
File 'd:/DOPAMS/Toystack/dopams-backend-staging/node_modules/aws-sdk/clients/codecommit.d.ts' exists - use it as a name resolution result.
File 'd:/DOPAMS/Toystack/dopams-backend-staging/node_modules/aws-sdk/package.json' exists according to earlier cached lookups.
======== Module name './codecommit' was successfully resolved to 'd:/DOPAMS/Toystack/dopams-backend-staging/node_modules/aws-sdk/clients/codecommit.d.ts' with Package ID 'aws-sdk/clients/codecommit.d.ts@2.1693.0'. ========
======== Resolving module './codedeploy' from 'd:/DOPAMS/Toystack/dopams-backend-staging/node_modules/aws-sdk/clients/all.d.ts'. ========
Explicitly specified module resolution kind: 'Node10'.
Loading module as file / folder, candidate module location 'd:/DOPAMS/Toystack/dopams-backend-staging/node_modules/aws-sdk/clients/codedeploy', target file types: TypeScript, Declaration.
File 'd:/DOPAMS/Toystack/dopams-backend-staging/node_modules/aws-sdk/clients/codedeploy.ts' does not exist.
File 'd:/DOPAMS/Toystack/dopams-backend-staging/node_modules/aws-sdk/clients/codedeploy.tsx' does not exist.
File 'd:/DOPAMS/Toystack/dopams-backend-staging/node_modules/aws-sdk/clients/codedeploy.d.ts' exists - use it as a name resolution result.
File 'd:/DOPAMS/Toystack/dopams-backend-staging/node_modules/aws-sdk/package.json' exists according to earlier cached lookups.
======== Module name './codedeploy' was successfully resolved to 'd:/DOPAMS/Toystack/dopams-backend-staging/node_modules/aws-sdk/clients/codedeploy.d.ts' with Package ID 'aws-sdk/clients/codedeploy.d.ts@2.1693.0'. ========
======== Resolving module './codepipeline' from 'd:/DOPAMS/Toystack/dopams-backend-staging/node_modules/aws-sdk/clients/all.d.ts'. ========
Explicitly specified module resolution kind: 'Node10'.
Loading module as file / folder, candidate module location 'd:/DOPAMS/Toystack/dopams-backend-staging/node_modules/aws-sdk/clients/codepipeline', target file types: TypeScript, Declaration.
File 'd:/DOPAMS/Toystack/dopams-backend-staging/node_modules/aws-sdk/clients/codepipeline.ts' does not exist.
File 'd:/DOPAMS/Toystack/dopams-backend-staging/node_modules/aws-sdk/clients/codepipeline.tsx' does not exist.
File 'd:/DOPAMS/Toystack/dopams-backend-staging/node_modules/aws-sdk/clients/codepipeline.d.ts' exists - use it as a name resolution result.
File 'd:/DOPAMS/Toystack/dopams-backend-staging/node_modules/aws-sdk/package.json' exists according to earlier cached lookups.
======== Module name './codepipeline' was successfully resolved to 'd:/DOPAMS/Toystack/dopams-backend-staging/node_modules/aws-sdk/clients/codepipeline.d.ts' with Package ID 'aws-sdk/clients/codepipeline.d.ts@2.1693.0'. ========
======== Resolving module './cognitoidentity' from 'd:/DOPAMS/Toystack/dopams-backend-staging/node_modules/aws-sdk/clients/all.d.ts'. ========
Explicitly specified module resolution kind: 'Node10'.
Loading module as file / folder, candidate module location 'd:/DOPAMS/Toystack/dopams-backend-staging/node_modules/aws-sdk/clients/cognitoidentity', target file types: TypeScript, Declaration.
File 'd:/DOPAMS/Toystack/dopams-backend-staging/node_modules/aws-sdk/clients/cognitoidentity.ts' does not exist.
File 'd:/DOPAMS/Toystack/dopams-backend-staging/node_modules/aws-sdk/clients/cognitoidentity.tsx' does not exist.
File 'd:/DOPAMS/Toystack/dopams-backend-staging/node_modules/aws-sdk/clients/cognitoidentity.d.ts' exists - use it as a name resolution result.
File 'd:/DOPAMS/Toystack/dopams-backend-staging/node_modules/aws-sdk/package.json' exists according to earlier cached lookups.
======== Module name './cognitoidentity' was successfully resolved to 'd:/DOPAMS/Toystack/dopams-backend-staging/node_modules/aws-sdk/clients/cognitoidentity.d.ts' with Package ID 'aws-sdk/clients/cognitoidentity.d.ts@2.1693.0'. ========
======== Resolving module './cognitoidentityserviceprovider' from 'd:/DOPAMS/Toystack/dopams-backend-staging/node_modules/aws-sdk/clients/all.d.ts'. ========
Explicitly specified module resolution kind: 'Node10'.
Loading module as file / folder, candidate module location 'd:/DOPAMS/Toystack/dopams-backend-staging/node_modules/aws-sdk/clients/cognitoidentityserviceprovider', target file types: TypeScript, Declaration.
File 'd:/DOPAMS/Toystack/dopams-backend-staging/node_modules/aws-sdk/clients/cognitoidentityserviceprovider.ts' does not exist.
File 'd:/DOPAMS/Toystack/dopams-backend-staging/node_modules/aws-sdk/clients/cognitoidentityserviceprovider.tsx' does not exist.
File 'd:/DOPAMS/Toystack/dopams-backend-staging/node_modules/aws-sdk/clients/cognitoidentityserviceprovider.d.ts' exists - use it as a name resolution result.
File 'd:/DOPAMS/Toystack/dopams-backend-staging/node_modules/aws-sdk/package.json' exists according to earlier cached lookups.
======== Module name './cognitoidentityserviceprovider' was successfully resolved to 'd:/DOPAMS/Toystack/dopams-backend-staging/node_modules/aws-sdk/clients/cognitoidentityserviceprovider.d.ts' with Package ID 'aws-sdk/clients/cognitoidentityserviceprovider.d.ts@2.1693.0'. ========
======== Resolving module './cognitosync' from 'd:/DOPAMS/Toystack/dopams-backend-staging/node_modules/aws-sdk/clients/all.d.ts'. ========
Explicitly specified module resolution kind: 'Node10'.
Loading module as file / folder, candidate module location 'd:/DOPAMS/Toystack/dopams-backend-staging/node_modules/aws-sdk/clients/cognitosync', target file types: TypeScript, Declaration.
File 'd:/DOPAMS/Toystack/dopams-backend-staging/node_modules/aws-sdk/clients/cognitosync.ts' does not exist.
File 'd:/DOPAMS/Toystack/dopams-backend-staging/node_modules/aws-sdk/clients/cognitosync.tsx' does not exist.
File 'd:/DOPAMS/Toystack/dopams-backend-staging/node_modules/aws-sdk/clients/cognitosync.d.ts' exists - use it as a name resolution result.
File 'd:/DOPAMS/Toystack/dopams-backend-staging/node_modules/aws-sdk/package.json' exists according to earlier cached lookups.
======== Module name './cognitosync' was successfully resolved to 'd:/DOPAMS/Toystack/dopams-backend-staging/node_modules/aws-sdk/clients/cognitosync.d.ts' with Package ID 'aws-sdk/clients/cognitosync.d.ts@2.1693.0'. ========
======== Resolving module './configservice' from 'd:/DOPAMS/Toystack/dopams-backend-staging/node_modules/aws-sdk/clients/all.d.ts'. ========
Explicitly specified module resolution kind: 'Node10'.
Loading module as file / folder, candidate module location 'd:/DOPAMS/Toystack/dopams-backend-staging/node_modules/aws-sdk/clients/configservice', target file types: TypeScript, Declaration.
File 'd:/DOPAMS/Toystack/dopams-backend-staging/node_modules/aws-sdk/clients/configservice.ts' does not exist.
File 'd:/DOPAMS/Toystack/dopams-backend-staging/node_modules/aws-sdk/clients/configservice.tsx' does not exist.
File 'd:/DOPAMS/Toystack/dopams-backend-staging/node_modules/aws-sdk/clients/configservice.d.ts' exists - use it as a name resolution result.
File 'd:/DOPAMS/Toystack/dopams-backend-staging/node_modules/aws-sdk/package.json' exists according to earlier cached lookups.
======== Module name './configservice' was successfully resolved to 'd:/DOPAMS/Toystack/dopams-backend-staging/node_modules/aws-sdk/clients/configservice.d.ts' with Package ID 'aws-sdk/clients/configservice.d.ts@2.1693.0'. ========
======== Resolving module './cur' from 'd:/DOPAMS/Toystack/dopams-backend-staging/node_modules/aws-sdk/clients/all.d.ts'. ========
Explicitly specified module resolution kind: 'Node10'.
Loading module as file / folder, candidate module location 'd:/DOPAMS/Toystack/dopams-backend-staging/node_modules/aws-sdk/clients/cur', target file types: TypeScript, Declaration.
File 'd:/DOPAMS/Toystack/dopams-backend-staging/node_modules/aws-sdk/clients/cur.ts' does not exist.
File 'd:/DOPAMS/Toystack/dopams-backend-staging/node_modules/aws-sdk/clients/cur.tsx' does not exist.
File 'd:/DOPAMS/Toystack/dopams-backend-staging/node_modules/aws-sdk/clients/cur.d.ts' exists - use it as a name resolution result.
File 'd:/DOPAMS/Toystack/dopams-backend-staging/node_modules/aws-sdk/package.json' exists according to earlier cached lookups.
======== Module name './cur' was successfully resolved to 'd:/DOPAMS/Toystack/dopams-backend-staging/node_modules/aws-sdk/clients/cur.d.ts' with Package ID 'aws-sdk/clients/cur.d.ts@2.1693.0'. ========
======== Resolving module './datapipeline' from 'd:/DOPAMS/Toystack/dopams-backend-staging/node_modules/aws-sdk/clients/all.d.ts'. ========
Explicitly specified module resolution kind: 'Node10'.
Loading module as file / folder, candidate module location 'd:/DOPAMS/Toystack/dopams-backend-staging/node_modules/aws-sdk/clients/datapipeline', target file types: TypeScript, Declaration.
File 'd:/DOPAMS/Toystack/dopams-backend-staging/node_modules/aws-sdk/clients/datapipeline.ts' does not exist.
File 'd:/DOPAMS/Toystack/dopams-backend-staging/node_modules/aws-sdk/clients/datapipeline.tsx' does not exist.
File 'd:/DOPAMS/Toystack/dopams-backend-staging/node_modules/aws-sdk/clients/datapipeline.d.ts' exists - use it as a name resolution result.
File 'd:/DOPAMS/Toystack/dopams-backend-staging/node_modules/aws-sdk/package.json' exists according to earlier cached lookups.
======== Module name './datapipeline' was successfully resolved to 'd:/DOPAMS/Toystack/dopams-backend-staging/node_modules/aws-sdk/clients/datapipeline.d.ts' with Package ID 'aws-sdk/clients/datapipeline.d.ts@2.1693.0'. ========
======== Resolving module './devicefarm' from 'd:/DOPAMS/Toystack/dopams-backend-staging/node_modules/aws-sdk/clients/all.d.ts'. ========
Explicitly specified module resolution kind: 'Node10'.
Loading module as file / folder, candidate module location 'd:/DOPAMS/Toystack/dopams-backend-staging/node_modules/aws-sdk/clients/devicefarm', target file types: TypeScript, Declaration.
File 'd:/DOPAMS/Toystack/dopams-backend-staging/node_modules/aws-sdk/clients/devicefarm.ts' does not exist.
File 'd:/DOPAMS/Toystack/dopams-backend-staging/node_modules/aws-sdk/clients/devicefarm.tsx' does not exist.
File 'd:/DOPAMS/Toystack/dopams-backend-staging/node_modules/aws-sdk/clients/devicefarm.d.ts' exists - use it as a name resolution result.
File 'd:/DOPAMS/Toystack/dopams-backend-staging/node_modules/aws-sdk/package.json' exists according to earlier cached lookups.
======== Module name './devicefarm' was successfully resolved to 'd:/DOPAMS/Toystack/dopams-backend-staging/node_modules/aws-sdk/clients/devicefarm.d.ts' with Package ID 'aws-sdk/clients/devicefarm.d.ts@2.1693.0'. ========
======== Resolving module './directconnect' from 'd:/DOPAMS/Toystack/dopams-backend-staging/node_modules/aws-sdk/clients/all.d.ts'. ========
Explicitly specified module resolution kind: 'Node10'.
Loading module as file / folder, candidate module location 'd:/DOPAMS/Toystack/dopams-backend-staging/node_modules/aws-sdk/clients/directconnect', target file types: TypeScript, Declaration.
File 'd:/DOPAMS/Toystack/dopams-backend-staging/node_modules/aws-sdk/clients/directconnect.ts' does not exist.
File 'd:/DOPAMS/Toystack/dopams-backend-staging/node_modules/aws-sdk/clients/directconnect.tsx' does not exist.
File 'd:/DOPAMS/Toystack/dopams-backend-staging/node_modules/aws-sdk/clients/directconnect.d.ts' exists - use it as a name resolution result.
File 'd:/DOPAMS/Toystack/dopams-backend-staging/node_modules/aws-sdk/package.json' exists according to earlier cached lookups.
======== Module name './directconnect' was successfully resolved to 'd:/DOPAMS/Toystack/dopams-backend-staging/node_modules/aws-sdk/clients/directconnect.d.ts' with Package ID 'aws-sdk/clients/directconnect.d.ts@2.1693.0'. ========
======== Resolving module './directoryservice' from 'd:/DOPAMS/Toystack/dopams-backend-staging/node_modules/aws-sdk/clients/all.d.ts'. ========
Explicitly specified module resolution kind: 'Node10'.
Loading module as file / folder, candidate module location 'd:/DOPAMS/Toystack/dopams-backend-staging/node_modules/aws-sdk/clients/directoryservice', target file types: TypeScript, Declaration.
File 'd:/DOPAMS/Toystack/dopams-backend-staging/node_modules/aws-sdk/clients/directoryservice.ts' does not exist.
File 'd:/DOPAMS/Toystack/dopams-backend-staging/node_modules/aws-sdk/clients/directoryservice.tsx' does not exist.
File 'd:/DOPAMS/Toystack/dopams-backend-staging/node_modules/aws-sdk/clients/directoryservice.d.ts' exists - use it as a name resolution result.
File 'd:/DOPAMS/Toystack/dopams-backend-staging/node_modules/aws-sdk/package.json' exists according to earlier cached lookups.
======== Module name './directoryservice' was successfully resolved to 'd:/DOPAMS/Toystack/dopams-backend-staging/node_modules/aws-sdk/clients/directoryservice.d.ts' with Package ID 'aws-sdk/clients/directoryservice.d.ts@2.1693.0'. ========
======== Resolving module './discovery' from 'd:/DOPAMS/Toystack/dopams-backend-staging/node_modules/aws-sdk/clients/all.d.ts'. ========
Explicitly specified module resolution kind: 'Node10'.
Loading module as file / folder, candidate module location 'd:/DOPAMS/Toystack/dopams-backend-staging/node_modules/aws-sdk/clients/discovery', target file types: TypeScript, Declaration.
File 'd:/DOPAMS/Toystack/dopams-backend-staging/node_modules/aws-sdk/clients/discovery.ts' does not exist.
File 'd:/DOPAMS/Toystack/dopams-backend-staging/node_modules/aws-sdk/clients/discovery.tsx' does not exist.
File 'd:/DOPAMS/Toystack/dopams-backend-staging/node_modules/aws-sdk/clients/discovery.d.ts' exists - use it as a name resolution result.
File 'd:/DOPAMS/Toystack/dopams-backend-staging/node_modules/aws-sdk/package.json' exists according to earlier cached lookups.
======== Module name './discovery' was successfully resolved to 'd:/DOPAMS/Toystack/dopams-backend-staging/node_modules/aws-sdk/clients/discovery.d.ts' with Package ID 'aws-sdk/clients/discovery.d.ts@2.1693.0'. ========
======== Resolving module './dms' from 'd:/DOPAMS/Toystack/dopams-backend-staging/node_modules/aws-sdk/clients/all.d.ts'. ========
Explicitly specified module resolution kind: 'Node10'.
Loading module as file / folder, candidate module location 'd:/DOPAMS/Toystack/dopams-backend-staging/node_modules/aws-sdk/clients/dms', target file types: TypeScript, Declaration.
File 'd:/DOPAMS/Toystack/dopams-backend-staging/node_modules/aws-sdk/clients/dms.ts' does not exist.
File 'd:/DOPAMS/Toystack/dopams-backend-staging/node_modules/aws-sdk/clients/dms.tsx' does not exist.
File 'd:/DOPAMS/Toystack/dopams-backend-staging/node_modules/aws-sdk/clients/dms.d.ts' exists - use it as a name resolution result.
File 'd:/DOPAMS/Toystack/dopams-backend-staging/node_modules/aws-sdk/package.json' exists according to earlier cached lookups.
======== Module name './dms' was successfully resolved to 'd:/DOPAMS/Toystack/dopams-backend-staging/node_modules/aws-sdk/clients/dms.d.ts' with Package ID 'aws-sdk/clients/dms.d.ts@2.1693.0'. ========
======== Resolving module './dynamodb' from 'd:/DOPAMS/Toystack/dopams-backend-staging/node_modules/aws-sdk/clients/all.d.ts'. ========
Explicitly specified module resolution kind: 'Node10'.
Loading module as file / folder, candidate module location 'd:/DOPAMS/Toystack/dopams-backend-staging/node_modules/aws-sdk/clients/dynamodb', target file types: TypeScript, Declaration.
File 'd:/DOPAMS/Toystack/dopams-backend-staging/node_modules/aws-sdk/clients/dynamodb.ts' does not exist.
File 'd:/DOPAMS/Toystack/dopams-backend-staging/node_modules/aws-sdk/clients/dynamodb.tsx' does not exist.
File 'd:/DOPAMS/Toystack/dopams-backend-staging/node_modules/aws-sdk/clients/dynamodb.d.ts' exists - use it as a name resolution result.
File 'd:/DOPAMS/Toystack/dopams-backend-staging/node_modules/aws-sdk/package.json' exists according to earlier cached lookups.
======== Module name './dynamodb' was successfully resolved to 'd:/DOPAMS/Toystack/dopams-backend-staging/node_modules/aws-sdk/clients/dynamodb.d.ts' with Package ID 'aws-sdk/clients/dynamodb.d.ts@2.1693.0'. ========
======== Resolving module './dynamodbstreams' from 'd:/DOPAMS/Toystack/dopams-backend-staging/node_modules/aws-sdk/clients/all.d.ts'. ========
Explicitly specified module resolution kind: 'Node10'.
Loading module as file / folder, candidate module location 'd:/DOPAMS/Toystack/dopams-backend-staging/node_modules/aws-sdk/clients/dynamodbstreams', target file types: TypeScript, Declaration.
File 'd:/DOPAMS/Toystack/dopams-backend-staging/node_modules/aws-sdk/clients/dynamodbstreams.ts' does not exist.
File 'd:/DOPAMS/Toystack/dopams-backend-staging/node_modules/aws-sdk/clients/dynamodbstreams.tsx' does not exist.
File 'd:/DOPAMS/Toystack/dopams-backend-staging/node_modules/aws-sdk/clients/dynamodbstreams.d.ts' exists - use it as a name resolution result.
File 'd:/DOPAMS/Toystack/dopams-backend-staging/node_modules/aws-sdk/package.json' exists according to earlier cached lookups.
======== Module name './dynamodbstreams' was successfully resolved to 'd:/DOPAMS/Toystack/dopams-backend-staging/node_modules/aws-sdk/clients/dynamodbstreams.d.ts' with Package ID 'aws-sdk/clients/dynamodbstreams.d.ts@2.1693.0'. ========
======== Resolving module './ec2' from 'd:/DOPAMS/Toystack/dopams-backend-staging/node_modules/aws-sdk/clients/all.d.ts'. ========
Explicitly specified module resolution kind: 'Node10'.
Loading module as file / folder, candidate module location 'd:/DOPAMS/Toystack/dopams-backend-staging/node_modules/aws-sdk/clients/ec2', target file types: TypeScript, Declaration.
File 'd:/DOPAMS/Toystack/dopams-backend-staging/node_modules/aws-sdk/clients/ec2.ts' does not exist.
File 'd:/DOPAMS/Toystack/dopams-backend-staging/node_modules/aws-sdk/clients/ec2.tsx' does not exist.
File 'd:/DOPAMS/Toystack/dopams-backend-staging/node_modules/aws-sdk/clients/ec2.d.ts' exists - use it as a name resolution result.
File 'd:/DOPAMS/Toystack/dopams-backend-staging/node_modules/aws-sdk/package.json' exists according to earlier cached lookups.
======== Module name './ec2' was successfully resolved to 'd:/DOPAMS/Toystack/dopams-backend-staging/node_modules/aws-sdk/clients/ec2.d.ts' with Package ID 'aws-sdk/clients/ec2.d.ts@2.1693.0'. ========
======== Resolving module './ecr' from 'd:/DOPAMS/Toystack/dopams-backend-staging/node_modules/aws-sdk/clients/all.d.ts'. ========
Explicitly specified module resolution kind: 'Node10'.
Loading module as file / folder, candidate module location 'd:/DOPAMS/Toystack/dopams-backend-staging/node_modules/aws-sdk/clients/ecr', target file types: TypeScript, Declaration.
File 'd:/DOPAMS/Toystack/dopams-backend-staging/node_modules/aws-sdk/clients/ecr.ts' does not exist.
File 'd:/DOPAMS/Toystack/dopams-backend-staging/node_modules/aws-sdk/clients/ecr.tsx' does not exist.
File 'd:/DOPAMS/Toystack/dopams-backend-staging/node_modules/aws-sdk/clients/ecr.d.ts' exists - use it as a name resolution result.
File 'd:/DOPAMS/Toystack/dopams-backend-staging/node_modules/aws-sdk/package.json' exists according to earlier cached lookups.
======== Module name './ecr' was successfully resolved to 'd:/DOPAMS/Toystack/dopams-backend-staging/node_modules/aws-sdk/clients/ecr.d.ts' with Package ID 'aws-sdk/clients/ecr.d.ts@2.1693.0'. ========
======== Resolving module './ecs' from 'd:/DOPAMS/Toystack/dopams-backend-staging/node_modules/aws-sdk/clients/all.d.ts'. ========
Explicitly specified module resolution kind: 'Node10'.
Loading module as file / folder, candidate module location 'd:/DOPAMS/Toystack/dopams-backend-staging/node_modules/aws-sdk/clients/ecs', target file types: TypeScript, Declaration.
File 'd:/DOPAMS/Toystack/dopams-backend-staging/node_modules/aws-sdk/clients/ecs.ts' does not exist.
File 'd:/DOPAMS/Toystack/dopams-backend-staging/node_modules/aws-sdk/clients/ecs.tsx' does not exist.
File 'd:/DOPAMS/Toystack/dopams-backend-staging/node_modules/aws-sdk/clients/ecs.d.ts' exists - use it as a name resolution result.
File 'd:/DOPAMS/Toystack/dopams-backend-staging/node_modules/aws-sdk/package.json' exists according to earlier cached lookups.
======== Module name './ecs' was successfully resolved to 'd:/DOPAMS/Toystack/dopams-backend-staging/node_modules/aws-sdk/clients/ecs.d.ts' with Package ID 'aws-sdk/clients/ecs.d.ts@2.1693.0'. ========
======== Resolving module './efs' from 'd:/DOPAMS/Toystack/dopams-backend-staging/node_modules/aws-sdk/clients/all.d.ts'. ========
Explicitly specified module resolution kind: 'Node10'.
Loading module as file / folder, candidate module location 'd:/DOPAMS/Toystack/dopams-backend-staging/node_modules/aws-sdk/clients/efs', target file types: TypeScript, Declaration.
File 'd:/DOPAMS/Toystack/dopams-backend-staging/node_modules/aws-sdk/clients/efs.ts' does not exist.
File 'd:/DOPAMS/Toystack/dopams-backend-staging/node_modules/aws-sdk/clients/efs.tsx' does not exist.
File 'd:/DOPAMS/Toystack/dopams-backend-staging/node_modules/aws-sdk/clients/efs.d.ts' exists - use it as a name resolution result.
File 'd:/DOPAMS/Toystack/dopams-backend-staging/node_modules/aws-sdk/package.json' exists according to earlier cached lookups.
======== Module name './efs' was successfully resolved to 'd:/DOPAMS/Toystack/dopams-backend-staging/node_modules/aws-sdk/clients/efs.d.ts' with Package ID 'aws-sdk/clients/efs.d.ts@2.1693.0'. ========
======== Resolving module './elasticache' from 'd:/DOPAMS/Toystack/dopams-backend-staging/node_modules/aws-sdk/clients/all.d.ts'. ========
Explicitly specified module resolution kind: 'Node10'.
Loading module as file / folder, candidate module location 'd:/DOPAMS/Toystack/dopams-backend-staging/node_modules/aws-sdk/clients/elasticache', target file types: TypeScript, Declaration.
File 'd:/DOPAMS/Toystack/dopams-backend-staging/node_modules/aws-sdk/clients/elasticache.ts' does not exist.
File 'd:/DOPAMS/Toystack/dopams-backend-staging/node_modules/aws-sdk/clients/elasticache.tsx' does not exist.
File 'd:/DOPAMS/Toystack/dopams-backend-staging/node_modules/aws-sdk/clients/elasticache.d.ts' exists - use it as a name resolution result.
File 'd:/DOPAMS/Toystack/dopams-backend-staging/node_modules/aws-sdk/package.json' exists according to earlier cached lookups.
======== Module name './elasticache' was successfully resolved to 'd:/DOPAMS/Toystack/dopams-backend-staging/node_modules/aws-sdk/clients/elasticache.d.ts' with Package ID 'aws-sdk/clients/elasticache.d.ts@2.1693.0'. ========
======== Resolving module './elasticbeanstalk' from 'd:/DOPAMS/Toystack/dopams-backend-staging/node_modules/aws-sdk/clients/all.d.ts'. ========
Explicitly specified module resolution kind: 'Node10'.
Loading module as file / folder, candidate module location 'd:/DOPAMS/Toystack/dopams-backend-staging/node_modules/aws-sdk/clients/elasticbeanstalk', target file types: TypeScript, Declaration.
File 'd:/DOPAMS/Toystack/dopams-backend-staging/node_modules/aws-sdk/clients/elasticbeanstalk.ts' does not exist.
File 'd:/DOPAMS/Toystack/dopams-backend-staging/node_modules/aws-sdk/clients/elasticbeanstalk.tsx' does not exist.
File 'd:/DOPAMS/Toystack/dopams-backend-staging/node_modules/aws-sdk/clients/elasticbeanstalk.d.ts' exists - use it as a name resolution result.
File 'd:/DOPAMS/Toystack/dopams-backend-staging/node_modules/aws-sdk/package.json' exists according to earlier cached lookups.
======== Module name './elasticbeanstalk' was successfully resolved to 'd:/DOPAMS/Toystack/dopams-backend-staging/node_modules/aws-sdk/clients/elasticbeanstalk.d.ts' with Package ID 'aws-sdk/clients/elasticbeanstalk.d.ts@2.1693.0'. ========
======== Resolving module './elb' from 'd:/DOPAMS/Toystack/dopams-backend-staging/node_modules/aws-sdk/clients/all.d.ts'. ========
Explicitly specified module resolution kind: 'Node10'.
Loading module as file / folder, candidate module location 'd:/DOPAMS/Toystack/dopams-backend-staging/node_modules/aws-sdk/clients/elb', target file types: TypeScript, Declaration.
File 'd:/DOPAMS/Toystack/dopams-backend-staging/node_modules/aws-sdk/clients/elb.ts' does not exist.
File 'd:/DOPAMS/Toystack/dopams-backend-staging/node_modules/aws-sdk/clients/elb.tsx' does not exist.
File 'd:/DOPAMS/Toystack/dopams-backend-staging/node_modules/aws-sdk/clients/elb.d.ts' exists - use it as a name resolution result.
File 'd:/DOPAMS/Toystack/dopams-backend-staging/node_modules/aws-sdk/package.json' exists according to earlier cached lookups.
======== Module name './elb' was successfully resolved to 'd:/DOPAMS/Toystack/dopams-backend-staging/node_modules/aws-sdk/clients/elb.d.ts' with Package ID 'aws-sdk/clients/elb.d.ts@2.1693.0'. ========
======== Resolving module './elbv2' from 'd:/DOPAMS/Toystack/dopams-backend-staging/node_modules/aws-sdk/clients/all.d.ts'. ========
Explicitly specified module resolution kind: 'Node10'.
Loading module as file / folder, candidate module location 'd:/DOPAMS/Toystack/dopams-backend-staging/node_modules/aws-sdk/clients/elbv2', target file types: TypeScript, Declaration.
File 'd:/DOPAMS/Toystack/dopams-backend-staging/node_modules/aws-sdk/clients/elbv2.ts' does not exist.
File 'd:/DOPAMS/Toystack/dopams-backend-staging/node_modules/aws-sdk/clients/elbv2.tsx' does not exist.
File 'd:/DOPAMS/Toystack/dopams-backend-staging/node_modules/aws-sdk/clients/elbv2.d.ts' exists - use it as a name resolution result.
File 'd:/DOPAMS/Toystack/dopams-backend-staging/node_modules/aws-sdk/package.json' exists according to earlier cached lookups.
======== Module name './elbv2' was successfully resolved to 'd:/DOPAMS/Toystack/dopams-backend-staging/node_modules/aws-sdk/clients/elbv2.d.ts' with Package ID 'aws-sdk/clients/elbv2.d.ts@2.1693.0'. ========
======== Resolving module './emr' from 'd:/DOPAMS/Toystack/dopams-backend-staging/node_modules/aws-sdk/clients/all.d.ts'. ========
Explicitly specified module resolution kind: 'Node10'.
Loading module as file / folder, candidate module location 'd:/DOPAMS/Toystack/dopams-backend-staging/node_modules/aws-sdk/clients/emr', target file types: TypeScript, Declaration.
File 'd:/DOPAMS/Toystack/dopams-backend-staging/node_modules/aws-sdk/clients/emr.ts' does not exist.
File 'd:/DOPAMS/Toystack/dopams-backend-staging/node_modules/aws-sdk/clients/emr.tsx' does not exist.
File 'd:/DOPAMS/Toystack/dopams-backend-staging/node_modules/aws-sdk/clients/emr.d.ts' exists - use it as a name resolution result.
File 'd:/DOPAMS/Toystack/dopams-backend-staging/node_modules/aws-sdk/package.json' exists according to earlier cached lookups.
======== Module name './emr' was successfully resolved to 'd:/DOPAMS/Toystack/dopams-backend-staging/node_modules/aws-sdk/clients/emr.d.ts' with Package ID 'aws-sdk/clients/emr.d.ts@2.1693.0'. ========
======== Resolving module './es' from 'd:/DOPAMS/Toystack/dopams-backend-staging/node_modules/aws-sdk/clients/all.d.ts'. ========
Explicitly specified module resolution kind: 'Node10'.
Loading module as file / folder, candidate module location 'd:/DOPAMS/Toystack/dopams-backend-staging/node_modules/aws-sdk/clients/es', target file types: TypeScript, Declaration.
File 'd:/DOPAMS/Toystack/dopams-backend-staging/node_modules/aws-sdk/clients/es.ts' does not exist.
File 'd:/DOPAMS/Toystack/dopams-backend-staging/node_modules/aws-sdk/clients/es.tsx' does not exist.
File 'd:/DOPAMS/Toystack/dopams-backend-staging/node_modules/aws-sdk/clients/es.d.ts' exists - use it as a name resolution result.
File 'd:/DOPAMS/Toystack/dopams-backend-staging/node_modules/aws-sdk/package.json' exists according to earlier cached lookups.
======== Module name './es' was successfully resolved to 'd:/DOPAMS/Toystack/dopams-backend-staging/node_modules/aws-sdk/clients/es.d.ts' with Package ID 'aws-sdk/clients/es.d.ts@2.1693.0'. ========
======== Resolving module './elastictranscoder' from 'd:/DOPAMS/Toystack/dopams-backend-staging/node_modules/aws-sdk/clients/all.d.ts'. ========
Explicitly specified module resolution kind: 'Node10'.
Loading module as file / folder, candidate module location 'd:/DOPAMS/Toystack/dopams-backend-staging/node_modules/aws-sdk/clients/elastictranscoder', target file types: TypeScript, Declaration.
File 'd:/DOPAMS/Toystack/dopams-backend-staging/node_modules/aws-sdk/clients/elastictranscoder.ts' does not exist.
File 'd:/DOPAMS/Toystack/dopams-backend-staging/node_modules/aws-sdk/clients/elastictranscoder.tsx' does not exist.
File 'd:/DOPAMS/Toystack/dopams-backend-staging/node_modules/aws-sdk/clients/elastictranscoder.d.ts' exists - use it as a name resolution result.
File 'd:/DOPAMS/Toystack/dopams-backend-staging/node_modules/aws-sdk/package.json' exists according to earlier cached lookups.
======== Module name './elastictranscoder' was successfully resolved to 'd:/DOPAMS/Toystack/dopams-backend-staging/node_modules/aws-sdk/clients/elastictranscoder.d.ts' with Package ID 'aws-sdk/clients/elastictranscoder.d.ts@2.1693.0'. ========
======== Resolving module './firehose' from 'd:/DOPAMS/Toystack/dopams-backend-staging/node_modules/aws-sdk/clients/all.d.ts'. ========
Explicitly specified module resolution kind: 'Node10'.
Loading module as file / folder, candidate module location 'd:/DOPAMS/Toystack/dopams-backend-staging/node_modules/aws-sdk/clients/firehose', target file types: TypeScript, Declaration.
File 'd:/DOPAMS/Toystack/dopams-backend-staging/node_modules/aws-sdk/clients/firehose.ts' does not exist.
File 'd:/DOPAMS/Toystack/dopams-backend-staging/node_modules/aws-sdk/clients/firehose.tsx' does not exist.
File 'd:/DOPAMS/Toystack/dopams-backend-staging/node_modules/aws-sdk/clients/firehose.d.ts' exists - use it as a name resolution result.
File 'd:/DOPAMS/Toystack/dopams-backend-staging/node_modules/aws-sdk/package.json' exists according to earlier cached lookups.
======== Module name './firehose' was successfully resolved to 'd:/DOPAMS/Toystack/dopams-backend-staging/node_modules/aws-sdk/clients/firehose.d.ts' with Package ID 'aws-sdk/clients/firehose.d.ts@2.1693.0'. ========
======== Resolving module './gamelift' from 'd:/DOPAMS/Toystack/dopams-backend-staging/node_modules/aws-sdk/clients/all.d.ts'. ========
Explicitly specified module resolution kind: 'Node10'.
Loading module as file / folder, candidate module location 'd:/DOPAMS/Toystack/dopams-backend-staging/node_modules/aws-sdk/clients/gamelift', target file types: TypeScript, Declaration.
File 'd:/DOPAMS/Toystack/dopams-backend-staging/node_modules/aws-sdk/clients/gamelift.ts' does not exist.
File 'd:/DOPAMS/Toystack/dopams-backend-staging/node_modules/aws-sdk/clients/gamelift.tsx' does not exist.
File 'd:/DOPAMS/Toystack/dopams-backend-staging/node_modules/aws-sdk/clients/gamelift.d.ts' exists - use it as a name resolution result.
File 'd:/DOPAMS/Toystack/dopams-backend-staging/node_modules/aws-sdk/package.json' exists according to earlier cached lookups.
======== Module name './gamelift' was successfully resolved to 'd:/DOPAMS/Toystack/dopams-backend-staging/node_modules/aws-sdk/clients/gamelift.d.ts' with Package ID 'aws-sdk/clients/gamelift.d.ts@2.1693.0'. ========
======== Resolving module './glacier' from 'd:/DOPAMS/Toystack/dopams-backend-staging/node_modules/aws-sdk/clients/all.d.ts'. ========
Explicitly specified module resolution kind: 'Node10'.
Loading module as file / folder, candidate module location 'd:/DOPAMS/Toystack/dopams-backend-staging/node_modules/aws-sdk/clients/glacier', target file types: TypeScript, Declaration.
File 'd:/DOPAMS/Toystack/dopams-backend-staging/node_modules/aws-sdk/clients/glacier.ts' does not exist.
File 'd:/DOPAMS/Toystack/dopams-backend-staging/node_modules/aws-sdk/clients/glacier.tsx' does not exist.
File 'd:/DOPAMS/Toystack/dopams-backend-staging/node_modules/aws-sdk/clients/glacier.d.ts' exists - use it as a name resolution result.
File 'd:/DOPAMS/Toystack/dopams-backend-staging/node_modules/aws-sdk/package.json' exists according to earlier cached lookups.
======== Module name './glacier' was successfully resolved to 'd:/DOPAMS/Toystack/dopams-backend-staging/node_modules/aws-sdk/clients/glacier.d.ts' with Package ID 'aws-sdk/clients/glacier.d.ts@2.1693.0'. ========
======== Resolving module './health' from 'd:/DOPAMS/Toystack/dopams-backend-staging/node_modules/aws-sdk/clients/all.d.ts'. ========
Explicitly specified module resolution kind: 'Node10'.
Loading module as file / folder, candidate module location 'd:/DOPAMS/Toystack/dopams-backend-staging/node_modules/aws-sdk/clients/health', target file types: TypeScript, Declaration.
File 'd:/DOPAMS/Toystack/dopams-backend-staging/node_modules/aws-sdk/clients/health.ts' does not exist.
File 'd:/DOPAMS/Toystack/dopams-backend-staging/node_modules/aws-sdk/clients/health.tsx' does not exist.
File 'd:/DOPAMS/Toystack/dopams-backend-staging/node_modules/aws-sdk/clients/health.d.ts' exists - use it as a name resolution result.
File 'd:/DOPAMS/Toystack/dopams-backend-staging/node_modules/aws-sdk/package.json' exists according to earlier cached lookups.
======== Module name './health' was successfully resolved to 'd:/DOPAMS/Toystack/dopams-backend-staging/node_modules/aws-sdk/clients/health.d.ts' with Package ID 'aws-sdk/clients/health.d.ts@2.1693.0'. ========
======== Resolving module './iam' from 'd:/DOPAMS/Toystack/dopams-backend-staging/node_modules/aws-sdk/clients/all.d.ts'. ========
Explicitly specified module resolution kind: 'Node10'.
Loading module as file / folder, candidate module location 'd:/DOPAMS/Toystack/dopams-backend-staging/node_modules/aws-sdk/clients/iam', target file types: TypeScript, Declaration.
File 'd:/DOPAMS/Toystack/dopams-backend-staging/node_modules/aws-sdk/clients/iam.ts' does not exist.
File 'd:/DOPAMS/Toystack/dopams-backend-staging/node_modules/aws-sdk/clients/iam.tsx' does not exist.
File 'd:/DOPAMS/Toystack/dopams-backend-staging/node_modules/aws-sdk/clients/iam.d.ts' exists - use it as a name resolution result.
File 'd:/DOPAMS/Toystack/dopams-backend-staging/node_modules/aws-sdk/package.json' exists according to earlier cached lookups.
======== Module name './iam' was successfully resolved to 'd:/DOPAMS/Toystack/dopams-backend-staging/node_modules/aws-sdk/clients/iam.d.ts' with Package ID 'aws-sdk/clients/iam.d.ts@2.1693.0'. ========
======== Resolving module './importexport' from 'd:/DOPAMS/Toystack/dopams-backend-staging/node_modules/aws-sdk/clients/all.d.ts'. ========
Explicitly specified module resolution kind: 'Node10'.
Loading module as file / folder, candidate module location 'd:/DOPAMS/Toystack/dopams-backend-staging/node_modules/aws-sdk/clients/importexport', target file types: TypeScript, Declaration.
File 'd:/DOPAMS/Toystack/dopams-backend-staging/node_modules/aws-sdk/clients/importexport.ts' does not exist.
File 'd:/DOPAMS/Toystack/dopams-backend-staging/node_modules/aws-sdk/clients/importexport.tsx' does not exist.
File 'd:/DOPAMS/Toystack/dopams-backend-staging/node_modules/aws-sdk/clients/importexport.d.ts' exists - use it as a name resolution result.
File 'd:/DOPAMS/Toystack/dopams-backend-staging/node_modules/aws-sdk/package.json' exists according to earlier cached lookups.
======== Module name './importexport' was successfully resolved to 'd:/DOPAMS/Toystack/dopams-backend-staging/node_modules/aws-sdk/clients/importexport.d.ts' with Package ID 'aws-sdk/clients/importexport.d.ts@2.1693.0'. ========
======== Resolving module './inspector' from 'd:/DOPAMS/Toystack/dopams-backend-staging/node_modules/aws-sdk/clients/all.d.ts'. ========
Explicitly specified module resolution kind: 'Node10'.
Loading module as file / folder, candidate module location 'd:/DOPAMS/Toystack/dopams-backend-staging/node_modules/aws-sdk/clients/inspector', target file types: TypeScript, Declaration.
File 'd:/DOPAMS/Toystack/dopams-backend-staging/node_modules/aws-sdk/clients/inspector.ts' does not exist.
File 'd:/DOPAMS/Toystack/dopams-backend-staging/node_modules/aws-sdk/clients/inspector.tsx' does not exist.
File 'd:/DOPAMS/Toystack/dopams-backend-staging/node_modules/aws-sdk/clients/inspector.d.ts' exists - use it as a name resolution result.
File 'd:/DOPAMS/Toystack/dopams-backend-staging/node_modules/aws-sdk/package.json' exists according to earlier cached lookups.
======== Module name './inspector' was successfully resolved to 'd:/DOPAMS/Toystack/dopams-backend-staging/node_modules/aws-sdk/clients/inspector.d.ts' with Package ID 'aws-sdk/clients/inspector.d.ts@2.1693.0'. ========
======== Resolving module './iot' from 'd:/DOPAMS/Toystack/dopams-backend-staging/node_modules/aws-sdk/clients/all.d.ts'. ========
Explicitly specified module resolution kind: 'Node10'.
Loading module as file / folder, candidate module location 'd:/DOPAMS/Toystack/dopams-backend-staging/node_modules/aws-sdk/clients/iot', target file types: TypeScript, Declaration.
File 'd:/DOPAMS/Toystack/dopams-backend-staging/node_modules/aws-sdk/clients/iot.ts' does not exist.
File 'd:/DOPAMS/Toystack/dopams-backend-staging/node_modules/aws-sdk/clients/iot.tsx' does not exist.
File 'd:/DOPAMS/Toystack/dopams-backend-staging/node_modules/aws-sdk/clients/iot.d.ts' exists - use it as a name resolution result.
File 'd:/DOPAMS/Toystack/dopams-backend-staging/node_modules/aws-sdk/package.json' exists according to earlier cached lookups.
======== Module name './iot' was successfully resolved to 'd:/DOPAMS/Toystack/dopams-backend-staging/node_modules/aws-sdk/clients/iot.d.ts' with Package ID 'aws-sdk/clients/iot.d.ts@2.1693.0'. ========
======== Resolving module './iotdata' from 'd:/DOPAMS/Toystack/dopams-backend-staging/node_modules/aws-sdk/clients/all.d.ts'. ========
Explicitly specified module resolution kind: 'Node10'.
Loading module as file / folder, candidate module location 'd:/DOPAMS/Toystack/dopams-backend-staging/node_modules/aws-sdk/clients/iotdata', target file types: TypeScript, Declaration.
File 'd:/DOPAMS/Toystack/dopams-backend-staging/node_modules/aws-sdk/clients/iotdata.ts' does not exist.
File 'd:/DOPAMS/Toystack/dopams-backend-staging/node_modules/aws-sdk/clients/iotdata.tsx' does not exist.
File 'd:/DOPAMS/Toystack/dopams-backend-staging/node_modules/aws-sdk/clients/iotdata.d.ts' exists - use it as a name resolution result.
File 'd:/DOPAMS/Toystack/dopams-backend-staging/node_modules/aws-sdk/package.json' exists according to earlier cached lookups.
======== Module name './iotdata' was successfully resolved to 'd:/DOPAMS/Toystack/dopams-backend-staging/node_modules/aws-sdk/clients/iotdata.d.ts' with Package ID 'aws-sdk/clients/iotdata.d.ts@2.1693.0'. ========
======== Resolving module './kinesis' from 'd:/DOPAMS/Toystack/dopams-backend-staging/node_modules/aws-sdk/clients/all.d.ts'. ========
Explicitly specified module resolution kind: 'Node10'.
Loading module as file / folder, candidate module location 'd:/DOPAMS/Toystack/dopams-backend-staging/node_modules/aws-sdk/clients/kinesis', target file types: TypeScript, Declaration.
File 'd:/DOPAMS/Toystack/dopams-backend-staging/node_modules/aws-sdk/clients/kinesis.ts' does not exist.
File 'd:/DOPAMS/Toystack/dopams-backend-staging/node_modules/aws-sdk/clients/kinesis.tsx' does not exist.
File 'd:/DOPAMS/Toystack/dopams-backend-staging/node_modules/aws-sdk/clients/kinesis.d.ts' exists - use it as a name resolution result.
File 'd:/DOPAMS/Toystack/dopams-backend-staging/node_modules/aws-sdk/package.json' exists according to earlier cached lookups.
======== Module name './kinesis' was successfully resolved to 'd:/DOPAMS/Toystack/dopams-backend-staging/node_modules/aws-sdk/clients/kinesis.d.ts' with Package ID 'aws-sdk/clients/kinesis.d.ts@2.1693.0'. ========
======== Resolving module './kinesisanalytics' from 'd:/DOPAMS/Toystack/dopams-backend-staging/node_modules/aws-sdk/clients/all.d.ts'. ========
Explicitly specified module resolution kind: 'Node10'.
Loading module as file / folder, candidate module location 'd:/DOPAMS/Toystack/dopams-backend-staging/node_modules/aws-sdk/clients/kinesisanalytics', target file types: TypeScript, Declaration.
File 'd:/DOPAMS/Toystack/dopams-backend-staging/node_modules/aws-sdk/clients/kinesisanalytics.ts' does not exist.
File 'd:/DOPAMS/Toystack/dopams-backend-staging/node_modules/aws-sdk/clients/kinesisanalytics.tsx' does not exist.
File 'd:/DOPAMS/Toystack/dopams-backend-staging/node_modules/aws-sdk/clients/kinesisanalytics.d.ts' exists - use it as a name resolution result.
File 'd:/DOPAMS/Toystack/dopams-backend-staging/node_modules/aws-sdk/package.json' exists according to earlier cached lookups.
======== Module name './kinesisanalytics' was successfully resolved to 'd:/DOPAMS/Toystack/dopams-backend-staging/node_modules/aws-sdk/clients/kinesisanalytics.d.ts' with Package ID 'aws-sdk/clients/kinesisanalytics.d.ts@2.1693.0'. ========
======== Resolving module './kms' from 'd:/DOPAMS/Toystack/dopams-backend-staging/node_modules/aws-sdk/clients/all.d.ts'. ========
Explicitly specified module resolution kind: 'Node10'.
Loading module as file / folder, candidate module location 'd:/DOPAMS/Toystack/dopams-backend-staging/node_modules/aws-sdk/clients/kms', target file types: TypeScript, Declaration.
File 'd:/DOPAMS/Toystack/dopams-backend-staging/node_modules/aws-sdk/clients/kms.ts' does not exist.
File 'd:/DOPAMS/Toystack/dopams-backend-staging/node_modules/aws-sdk/clients/kms.tsx' does not exist.
File 'd:/DOPAMS/Toystack/dopams-backend-staging/node_modules/aws-sdk/clients/kms.d.ts' exists - use it as a name resolution result.
File 'd:/DOPAMS/Toystack/dopams-backend-staging/node_modules/aws-sdk/package.json' exists according to earlier cached lookups.
======== Module name './kms' was successfully resolved to 'd:/DOPAMS/Toystack/dopams-backend-staging/node_modules/aws-sdk/clients/kms.d.ts' with Package ID 'aws-sdk/clients/kms.d.ts@2.1693.0'. ========
======== Resolving module './lambda' from 'd:/DOPAMS/Toystack/dopams-backend-staging/node_modules/aws-sdk/clients/all.d.ts'. ========
Explicitly specified module resolution kind: 'Node10'.
Loading module as file / folder, candidate module location 'd:/DOPAMS/Toystack/dopams-backend-staging/node_modules/aws-sdk/clients/lambda', target file types: TypeScript, Declaration.
File 'd:/DOPAMS/Toystack/dopams-backend-staging/node_modules/aws-sdk/clients/lambda.ts' does not exist.
File 'd:/DOPAMS/Toystack/dopams-backend-staging/node_modules/aws-sdk/clients/lambda.tsx' does not exist.
File 'd:/DOPAMS/Toystack/dopams-backend-staging/node_modules/aws-sdk/clients/lambda.d.ts' exists - use it as a name resolution result.
File 'd:/DOPAMS/Toystack/dopams-backend-staging/node_modules/aws-sdk/package.json' exists according to earlier cached lookups.
======== Module name './lambda' was successfully resolved to 'd:/DOPAMS/Toystack/dopams-backend-staging/node_modules/aws-sdk/clients/lambda.d.ts' with Package ID 'aws-sdk/clients/lambda.d.ts@2.1693.0'. ========
======== Resolving module './lexruntime' from 'd:/DOPAMS/Toystack/dopams-backend-staging/node_modules/aws-sdk/clients/all.d.ts'. ========
Explicitly specified module resolution kind: 'Node10'.
Loading module as file / folder, candidate module location 'd:/DOPAMS/Toystack/dopams-backend-staging/node_modules/aws-sdk/clients/lexruntime', target file types: TypeScript, Declaration.
File 'd:/DOPAMS/Toystack/dopams-backend-staging/node_modules/aws-sdk/clients/lexruntime.ts' does not exist.
File 'd:/DOPAMS/Toystack/dopams-backend-staging/node_modules/aws-sdk/clients/lexruntime.tsx' does not exist.
File 'd:/DOPAMS/Toystack/dopams-backend-staging/node_modules/aws-sdk/clients/lexruntime.d.ts' exists - use it as a name resolution result.
File 'd:/DOPAMS/Toystack/dopams-backend-staging/node_modules/aws-sdk/package.json' exists according to earlier cached lookups.
======== Module name './lexruntime' was successfully resolved to 'd:/DOPAMS/Toystack/dopams-backend-staging/node_modules/aws-sdk/clients/lexruntime.d.ts' with Package ID 'aws-sdk/clients/lexruntime.d.ts@2.1693.0'. ========
======== Resolving module './lightsail' from 'd:/DOPAMS/Toystack/dopams-backend-staging/node_modules/aws-sdk/clients/all.d.ts'. ========
Explicitly specified module resolution kind: 'Node10'.
Loading module as file / folder, candidate module location 'd:/DOPAMS/Toystack/dopams-backend-staging/node_modules/aws-sdk/clients/lightsail', target file types: TypeScript, Declaration.
File 'd:/DOPAMS/Toystack/dopams-backend-staging/node_modules/aws-sdk/clients/lightsail.ts' does not exist.
File 'd:/DOPAMS/Toystack/dopams-backend-staging/node_modules/aws-sdk/clients/lightsail.tsx' does not exist.
File 'd:/DOPAMS/Toystack/dopams-backend-staging/node_modules/aws-sdk/clients/lightsail.d.ts' exists - use it as a name resolution result.
File 'd:/DOPAMS/Toystack/dopams-backend-staging/node_modules/aws-sdk/package.json' exists according to earlier cached lookups.
======== Module name './lightsail' was successfully resolved to 'd:/DOPAMS/Toystack/dopams-backend-staging/node_modules/aws-sdk/clients/lightsail.d.ts' with Package ID 'aws-sdk/clients/lightsail.d.ts@2.1693.0'. ========
======== Resolving module './machinelearning' from 'd:/DOPAMS/Toystack/dopams-backend-staging/node_modules/aws-sdk/clients/all.d.ts'. ========
Explicitly specified module resolution kind: 'Node10'.
Loading module as file / folder, candidate module location 'd:/DOPAMS/Toystack/dopams-backend-staging/node_modules/aws-sdk/clients/machinelearning', target file types: TypeScript, Declaration.
File 'd:/DOPAMS/Toystack/dopams-backend-staging/node_modules/aws-sdk/clients/machinelearning.ts' does not exist.
File 'd:/DOPAMS/Toystack/dopams-backend-staging/node_modules/aws-sdk/clients/machinelearning.tsx' does not exist.
File 'd:/DOPAMS/Toystack/dopams-backend-staging/node_modules/aws-sdk/clients/machinelearning.d.ts' exists - use it as a name resolution result.
File 'd:/DOPAMS/Toystack/dopams-backend-staging/node_modules/aws-sdk/package.json' exists according to earlier cached lookups.
======== Module name './machinelearning' was successfully resolved to 'd:/DOPAMS/Toystack/dopams-backend-staging/node_modules/aws-sdk/clients/machinelearning.d.ts' with Package ID 'aws-sdk/clients/machinelearning.d.ts@2.1693.0'. ========
======== Resolving module './marketplacecommerceanalytics' from 'd:/DOPAMS/Toystack/dopams-backend-staging/node_modules/aws-sdk/clients/all.d.ts'. ========
Explicitly specified module resolution kind: 'Node10'.
Loading module as file / folder, candidate module location 'd:/DOPAMS/Toystack/dopams-backend-staging/node_modules/aws-sdk/clients/marketplacecommerceanalytics', target file types: TypeScript, Declaration.
File 'd:/DOPAMS/Toystack/dopams-backend-staging/node_modules/aws-sdk/clients/marketplacecommerceanalytics.ts' does not exist.
File 'd:/DOPAMS/Toystack/dopams-backend-staging/node_modules/aws-sdk/clients/marketplacecommerceanalytics.tsx' does not exist.
File 'd:/DOPAMS/Toystack/dopams-backend-staging/node_modules/aws-sdk/clients/marketplacecommerceanalytics.d.ts' exists - use it as a name resolution result.
File 'd:/DOPAMS/Toystack/dopams-backend-staging/node_modules/aws-sdk/package.json' exists according to earlier cached lookups.
======== Module name './marketplacecommerceanalytics' was successfully resolved to 'd:/DOPAMS/Toystack/dopams-backend-staging/node_modules/aws-sdk/clients/marketplacecommerceanalytics.d.ts' with Package ID 'aws-sdk/clients/marketplacecommerceanalytics.d.ts@2.1693.0'. ========
======== Resolving module './marketplacemetering' from 'd:/DOPAMS/Toystack/dopams-backend-staging/node_modules/aws-sdk/clients/all.d.ts'. ========
Explicitly specified module resolution kind: 'Node10'.
Loading module as file / folder, candidate module location 'd:/DOPAMS/Toystack/dopams-backend-staging/node_modules/aws-sdk/clients/marketplacemetering', target file types: TypeScript, Declaration.
File 'd:/DOPAMS/Toystack/dopams-backend-staging/node_modules/aws-sdk/clients/marketplacemetering.ts' does not exist.
File 'd:/DOPAMS/Toystack/dopams-backend-staging/node_modules/aws-sdk/clients/marketplacemetering.tsx' does not exist.
File 'd:/DOPAMS/Toystack/dopams-backend-staging/node_modules/aws-sdk/clients/marketplacemetering.d.ts' exists - use it as a name resolution result.
File 'd:/DOPAMS/Toystack/dopams-backend-staging/node_modules/aws-sdk/package.json' exists according to earlier cached lookups.
======== Module name './marketplacemetering' was successfully resolved to 'd:/DOPAMS/Toystack/dopams-backend-staging/node_modules/aws-sdk/clients/marketplacemetering.d.ts' with Package ID 'aws-sdk/clients/marketplacemetering.d.ts@2.1693.0'. ========
======== Resolving module './mturk' from 'd:/DOPAMS/Toystack/dopams-backend-staging/node_modules/aws-sdk/clients/all.d.ts'. ========
Explicitly specified module resolution kind: 'Node10'.
Loading module as file / folder, candidate module location 'd:/DOPAMS/Toystack/dopams-backend-staging/node_modules/aws-sdk/clients/mturk', target file types: TypeScript, Declaration.
File 'd:/DOPAMS/Toystack/dopams-backend-staging/node_modules/aws-sdk/clients/mturk.ts' does not exist.
File 'd:/DOPAMS/Toystack/dopams-backend-staging/node_modules/aws-sdk/clients/mturk.tsx' does not exist.
File 'd:/DOPAMS/Toystack/dopams-backend-staging/node_modules/aws-sdk/clients/mturk.d.ts' exists - use it as a name resolution result.
File 'd:/DOPAMS/Toystack/dopams-backend-staging/node_modules/aws-sdk/package.json' exists according to earlier cached lookups.
======== Module name './mturk' was successfully resolved to 'd:/DOPAMS/Toystack/dopams-backend-staging/node_modules/aws-sdk/clients/mturk.d.ts' with Package ID 'aws-sdk/clients/mturk.d.ts@2.1693.0'. ========
======== Resolving module './mobileanalytics' from 'd:/DOPAMS/Toystack/dopams-backend-staging/node_modules/aws-sdk/clients/all.d.ts'. ========
Explicitly specified module resolution kind: 'Node10'.
Loading module as file / folder, candidate module location 'd:/DOPAMS/Toystack/dopams-backend-staging/node_modules/aws-sdk/clients/mobileanalytics', target file types: TypeScript, Declaration.
File 'd:/DOPAMS/Toystack/dopams-backend-staging/node_modules/aws-sdk/clients/mobileanalytics.ts' does not exist.
File 'd:/DOPAMS/Toystack/dopams-backend-staging/node_modules/aws-sdk/clients/mobileanalytics.tsx' does not exist.
File 'd:/DOPAMS/Toystack/dopams-backend-staging/node_modules/aws-sdk/clients/mobileanalytics.d.ts' exists - use it as a name resolution result.
File 'd:/DOPAMS/Toystack/dopams-backend-staging/node_modules/aws-sdk/package.json' exists according to earlier cached lookups.
======== Module name './mobileanalytics' was successfully resolved to 'd:/DOPAMS/Toystack/dopams-backend-staging/node_modules/aws-sdk/clients/mobileanalytics.d.ts' with Package ID 'aws-sdk/clients/mobileanalytics.d.ts@2.1693.0'. ========
======== Resolving module './opsworks' from 'd:/DOPAMS/Toystack/dopams-backend-staging/node_modules/aws-sdk/clients/all.d.ts'. ========
Explicitly specified module resolution kind: 'Node10'.
Loading module as file / folder, candidate module location 'd:/DOPAMS/Toystack/dopams-backend-staging/node_modules/aws-sdk/clients/opsworks', target file types: TypeScript, Declaration.
File 'd:/DOPAMS/Toystack/dopams-backend-staging/node_modules/aws-sdk/clients/opsworks.ts' does not exist.
File 'd:/DOPAMS/Toystack/dopams-backend-staging/node_modules/aws-sdk/clients/opsworks.tsx' does not exist.
File 'd:/DOPAMS/Toystack/dopams-backend-staging/node_modules/aws-sdk/clients/opsworks.d.ts' exists - use it as a name resolution result.
File 'd:/DOPAMS/Toystack/dopams-backend-staging/node_modules/aws-sdk/package.json' exists according to earlier cached lookups.
======== Module name './opsworks' was successfully resolved to 'd:/DOPAMS/Toystack/dopams-backend-staging/node_modules/aws-sdk/clients/opsworks.d.ts' with Package ID 'aws-sdk/clients/opsworks.d.ts@2.1693.0'. ========
======== Resolving module './opsworkscm' from 'd:/DOPAMS/Toystack/dopams-backend-staging/node_modules/aws-sdk/clients/all.d.ts'. ========
Explicitly specified module resolution kind: 'Node10'.
Loading module as file / folder, candidate module location 'd:/DOPAMS/Toystack/dopams-backend-staging/node_modules/aws-sdk/clients/opsworkscm', target file types: TypeScript, Declaration.
File 'd:/DOPAMS/Toystack/dopams-backend-staging/node_modules/aws-sdk/clients/opsworkscm.ts' does not exist.
File 'd:/DOPAMS/Toystack/dopams-backend-staging/node_modules/aws-sdk/clients/opsworkscm.tsx' does not exist.
File 'd:/DOPAMS/Toystack/dopams-backend-staging/node_modules/aws-sdk/clients/opsworkscm.d.ts' exists - use it as a name resolution result.
File 'd:/DOPAMS/Toystack/dopams-backend-staging/node_modules/aws-sdk/package.json' exists according to earlier cached lookups.
======== Module name './opsworkscm' was successfully resolved to 'd:/DOPAMS/Toystack/dopams-backend-staging/node_modules/aws-sdk/clients/opsworkscm.d.ts' with Package ID 'aws-sdk/clients/opsworkscm.d.ts@2.1693.0'. ========
======== Resolving module './organizations' from 'd:/DOPAMS/Toystack/dopams-backend-staging/node_modules/aws-sdk/clients/all.d.ts'. ========
Explicitly specified module resolution kind: 'Node10'.
Loading module as file / folder, candidate module location 'd:/DOPAMS/Toystack/dopams-backend-staging/node_modules/aws-sdk/clients/organizations', target file types: TypeScript, Declaration.
File 'd:/DOPAMS/Toystack/dopams-backend-staging/node_modules/aws-sdk/clients/organizations.ts' does not exist.
File 'd:/DOPAMS/Toystack/dopams-backend-staging/node_modules/aws-sdk/clients/organizations.tsx' does not exist.
File 'd:/DOPAMS/Toystack/dopams-backend-staging/node_modules/aws-sdk/clients/organizations.d.ts' exists - use it as a name resolution result.
File 'd:/DOPAMS/Toystack/dopams-backend-staging/node_modules/aws-sdk/package.json' exists according to earlier cached lookups.
======== Module name './organizations' was successfully resolved to 'd:/DOPAMS/Toystack/dopams-backend-staging/node_modules/aws-sdk/clients/organizations.d.ts' with Package ID 'aws-sdk/clients/organizations.d.ts@2.1693.0'. ========
======== Resolving module './pinpoint' from 'd:/DOPAMS/Toystack/dopams-backend-staging/node_modules/aws-sdk/clients/all.d.ts'. ========
Explicitly specified module resolution kind: 'Node10'.
Loading module as file / folder, candidate module location 'd:/DOPAMS/Toystack/dopams-backend-staging/node_modules/aws-sdk/clients/pinpoint', target file types: TypeScript, Declaration.
File 'd:/DOPAMS/Toystack/dopams-backend-staging/node_modules/aws-sdk/clients/pinpoint.ts' does not exist.
File 'd:/DOPAMS/Toystack/dopams-backend-staging/node_modules/aws-sdk/clients/pinpoint.tsx' does not exist.
File 'd:/DOPAMS/Toystack/dopams-backend-staging/node_modules/aws-sdk/clients/pinpoint.d.ts' exists - use it as a name resolution result.
File 'd:/DOPAMS/Toystack/dopams-backend-staging/node_modules/aws-sdk/package.json' exists according to earlier cached lookups.
======== Module name './pinpoint' was successfully resolved to 'd:/DOPAMS/Toystack/dopams-backend-staging/node_modules/aws-sdk/clients/pinpoint.d.ts' with Package ID 'aws-sdk/clients/pinpoint.d.ts@2.1693.0'. ========
======== Resolving module './polly' from 'd:/DOPAMS/Toystack/dopams-backend-staging/node_modules/aws-sdk/clients/all.d.ts'. ========
Explicitly specified module resolution kind: 'Node10'.
Loading module as file / folder, candidate module location 'd:/DOPAMS/Toystack/dopams-backend-staging/node_modules/aws-sdk/clients/polly', target file types: TypeScript, Declaration.
File 'd:/DOPAMS/Toystack/dopams-backend-staging/node_modules/aws-sdk/clients/polly.ts' does not exist.
File 'd:/DOPAMS/Toystack/dopams-backend-staging/node_modules/aws-sdk/clients/polly.tsx' does not exist.
File 'd:/DOPAMS/Toystack/dopams-backend-staging/node_modules/aws-sdk/clients/polly.d.ts' exists - use it as a name resolution result.
File 'd:/DOPAMS/Toystack/dopams-backend-staging/node_modules/aws-sdk/package.json' exists according to earlier cached lookups.
======== Module name './polly' was successfully resolved to 'd:/DOPAMS/Toystack/dopams-backend-staging/node_modules/aws-sdk/clients/polly.d.ts' with Package ID 'aws-sdk/clients/polly.d.ts@2.1693.0'. ========
======== Resolving module './rds' from 'd:/DOPAMS/Toystack/dopams-backend-staging/node_modules/aws-sdk/clients/all.d.ts'. ========
Explicitly specified module resolution kind: 'Node10'.
Loading module as file / folder, candidate module location 'd:/DOPAMS/Toystack/dopams-backend-staging/node_modules/aws-sdk/clients/rds', target file types: TypeScript, Declaration.
File 'd:/DOPAMS/Toystack/dopams-backend-staging/node_modules/aws-sdk/clients/rds.ts' does not exist.
File 'd:/DOPAMS/Toystack/dopams-backend-staging/node_modules/aws-sdk/clients/rds.tsx' does not exist.
File 'd:/DOPAMS/Toystack/dopams-backend-staging/node_modules/aws-sdk/clients/rds.d.ts' exists - use it as a name resolution result.
File 'd:/DOPAMS/Toystack/dopams-backend-staging/node_modules/aws-sdk/package.json' exists according to earlier cached lookups.
======== Module name './rds' was successfully resolved to 'd:/DOPAMS/Toystack/dopams-backend-staging/node_modules/aws-sdk/clients/rds.d.ts' with Package ID 'aws-sdk/clients/rds.d.ts@2.1693.0'. ========
======== Resolving module './redshift' from 'd:/DOPAMS/Toystack/dopams-backend-staging/node_modules/aws-sdk/clients/all.d.ts'. ========
Explicitly specified module resolution kind: 'Node10'.
Loading module as file / folder, candidate module location 'd:/DOPAMS/Toystack/dopams-backend-staging/node_modules/aws-sdk/clients/redshift', target file types: TypeScript, Declaration.
File 'd:/DOPAMS/Toystack/dopams-backend-staging/node_modules/aws-sdk/clients/redshift.ts' does not exist.
File 'd:/DOPAMS/Toystack/dopams-backend-staging/node_modules/aws-sdk/clients/redshift.tsx' does not exist.
File 'd:/DOPAMS/Toystack/dopams-backend-staging/node_modules/aws-sdk/clients/redshift.d.ts' exists - use it as a name resolution result.
File 'd:/DOPAMS/Toystack/dopams-backend-staging/node_modules/aws-sdk/package.json' exists according to earlier cached lookups.
======== Module name './redshift' was successfully resolved to 'd:/DOPAMS/Toystack/dopams-backend-staging/node_modules/aws-sdk/clients/redshift.d.ts' with Package ID 'aws-sdk/clients/redshift.d.ts@2.1693.0'. ========
======== Resolving module './rekognition' from 'd:/DOPAMS/Toystack/dopams-backend-staging/node_modules/aws-sdk/clients/all.d.ts'. ========
Explicitly specified module resolution kind: 'Node10'.
Loading module as file / folder, candidate module location 'd:/DOPAMS/Toystack/dopams-backend-staging/node_modules/aws-sdk/clients/rekognition', target file types: TypeScript, Declaration.
File 'd:/DOPAMS/Toystack/dopams-backend-staging/node_modules/aws-sdk/clients/rekognition.ts' does not exist.
File 'd:/DOPAMS/Toystack/dopams-backend-staging/node_modules/aws-sdk/clients/rekognition.tsx' does not exist.
File 'd:/DOPAMS/Toystack/dopams-backend-staging/node_modules/aws-sdk/clients/rekognition.d.ts' exists - use it as a name resolution result.
File 'd:/DOPAMS/Toystack/dopams-backend-staging/node_modules/aws-sdk/package.json' exists according to earlier cached lookups.
======== Module name './rekognition' was successfully resolved to 'd:/DOPAMS/Toystack/dopams-backend-staging/node_modules/aws-sdk/clients/rekognition.d.ts' with Package ID 'aws-sdk/clients/rekognition.d.ts@2.1693.0'. ========
======== Resolving module './resourcegroupstaggingapi' from 'd:/DOPAMS/Toystack/dopams-backend-staging/node_modules/aws-sdk/clients/all.d.ts'. ========
Explicitly specified module resolution kind: 'Node10'.
Loading module as file / folder, candidate module location 'd:/DOPAMS/Toystack/dopams-backend-staging/node_modules/aws-sdk/clients/resourcegroupstaggingapi', target file types: TypeScript, Declaration.
File 'd:/DOPAMS/Toystack/dopams-backend-staging/node_modules/aws-sdk/clients/resourcegroupstaggingapi.ts' does not exist.
File 'd:/DOPAMS/Toystack/dopams-backend-staging/node_modules/aws-sdk/clients/resourcegroupstaggingapi.tsx' does not exist.
File 'd:/DOPAMS/Toystack/dopams-backend-staging/node_modules/aws-sdk/clients/resourcegroupstaggingapi.d.ts' exists - use it as a name resolution result.
File 'd:/DOPAMS/Toystack/dopams-backend-staging/node_modules/aws-sdk/package.json' exists according to earlier cached lookups.
======== Module name './resourcegroupstaggingapi' was successfully resolved to 'd:/DOPAMS/Toystack/dopams-backend-staging/node_modules/aws-sdk/clients/resourcegroupstaggingapi.d.ts' with Package ID 'aws-sdk/clients/resourcegroupstaggingapi.d.ts@2.1693.0'. ========
======== Resolving module './route53' from 'd:/DOPAMS/Toystack/dopams-backend-staging/node_modules/aws-sdk/clients/all.d.ts'. ========
Explicitly specified module resolution kind: 'Node10'.
Loading module as file / folder, candidate module location 'd:/DOPAMS/Toystack/dopams-backend-staging/node_modules/aws-sdk/clients/route53', target file types: TypeScript, Declaration.
File 'd:/DOPAMS/Toystack/dopams-backend-staging/node_modules/aws-sdk/clients/route53.ts' does not exist.
File 'd:/DOPAMS/Toystack/dopams-backend-staging/node_modules/aws-sdk/clients/route53.tsx' does not exist.
File 'd:/DOPAMS/Toystack/dopams-backend-staging/node_modules/aws-sdk/clients/route53.d.ts' exists - use it as a name resolution result.
File 'd:/DOPAMS/Toystack/dopams-backend-staging/node_modules/aws-sdk/package.json' exists according to earlier cached lookups.
======== Module name './route53' was successfully resolved to 'd:/DOPAMS/Toystack/dopams-backend-staging/node_modules/aws-sdk/clients/route53.d.ts' with Package ID 'aws-sdk/clients/route53.d.ts@2.1693.0'. ========
======== Resolving module './route53domains' from 'd:/DOPAMS/Toystack/dopams-backend-staging/node_modules/aws-sdk/clients/all.d.ts'. ========
Explicitly specified module resolution kind: 'Node10'.
Loading module as file / folder, candidate module location 'd:/DOPAMS/Toystack/dopams-backend-staging/node_modules/aws-sdk/clients/route53domains', target file types: TypeScript, Declaration.
File 'd:/DOPAMS/Toystack/dopams-backend-staging/node_modules/aws-sdk/clients/route53domains.ts' does not exist.
File 'd:/DOPAMS/Toystack/dopams-backend-staging/node_modules/aws-sdk/clients/route53domains.tsx' does not exist.
File 'd:/DOPAMS/Toystack/dopams-backend-staging/node_modules/aws-sdk/clients/route53domains.d.ts' exists - use it as a name resolution result.
File 'd:/DOPAMS/Toystack/dopams-backend-staging/node_modules/aws-sdk/package.json' exists according to earlier cached lookups.
======== Module name './route53domains' was successfully resolved to 'd:/DOPAMS/Toystack/dopams-backend-staging/node_modules/aws-sdk/clients/route53domains.d.ts' with Package ID 'aws-sdk/clients/route53domains.d.ts@2.1693.0'. ========
======== Resolving module './s3' from 'd:/DOPAMS/Toystack/dopams-backend-staging/node_modules/aws-sdk/clients/all.d.ts'. ========
Explicitly specified module resolution kind: 'Node10'.
Loading module as file / folder, candidate module location 'd:/DOPAMS/Toystack/dopams-backend-staging/node_modules/aws-sdk/clients/s3', target file types: TypeScript, Declaration.
File 'd:/DOPAMS/Toystack/dopams-backend-staging/node_modules/aws-sdk/clients/s3.ts' does not exist.
File 'd:/DOPAMS/Toystack/dopams-backend-staging/node_modules/aws-sdk/clients/s3.tsx' does not exist.
File 'd:/DOPAMS/Toystack/dopams-backend-staging/node_modules/aws-sdk/clients/s3.d.ts' exists - use it as a name resolution result.
File 'd:/DOPAMS/Toystack/dopams-backend-staging/node_modules/aws-sdk/package.json' exists according to earlier cached lookups.
======== Module name './s3' was successfully resolved to 'd:/DOPAMS/Toystack/dopams-backend-staging/node_modules/aws-sdk/clients/s3.d.ts' with Package ID 'aws-sdk/clients/s3.d.ts@2.1693.0'. ========
======== Resolving module './s3control' from 'd:/DOPAMS/Toystack/dopams-backend-staging/node_modules/aws-sdk/clients/all.d.ts'. ========
Explicitly specified module resolution kind: 'Node10'.
Loading module as file / folder, candidate module location 'd:/DOPAMS/Toystack/dopams-backend-staging/node_modules/aws-sdk/clients/s3control', target file types: TypeScript, Declaration.
File 'd:/DOPAMS/Toystack/dopams-backend-staging/node_modules/aws-sdk/clients/s3control.ts' does not exist.
File 'd:/DOPAMS/Toystack/dopams-backend-staging/node_modules/aws-sdk/clients/s3control.tsx' does not exist.
File 'd:/DOPAMS/Toystack/dopams-backend-staging/node_modules/aws-sdk/clients/s3control.d.ts' exists - use it as a name resolution result.
File 'd:/DOPAMS/Toystack/dopams-backend-staging/node_modules/aws-sdk/package.json' exists according to earlier cached lookups.
======== Module name './s3control' was successfully resolved to 'd:/DOPAMS/Toystack/dopams-backend-staging/node_modules/aws-sdk/clients/s3control.d.ts' with Package ID 'aws-sdk/clients/s3control.d.ts@2.1693.0'. ========
======== Resolving module './servicecatalog' from 'd:/DOPAMS/Toystack/dopams-backend-staging/node_modules/aws-sdk/clients/all.d.ts'. ========
Explicitly specified module resolution kind: 'Node10'.
Loading module as file / folder, candidate module location 'd:/DOPAMS/Toystack/dopams-backend-staging/node_modules/aws-sdk/clients/servicecatalog', target file types: TypeScript, Declaration.
File 'd:/DOPAMS/Toystack/dopams-backend-staging/node_modules/aws-sdk/clients/servicecatalog.ts' does not exist.
File 'd:/DOPAMS/Toystack/dopams-backend-staging/node_modules/aws-sdk/clients/servicecatalog.tsx' does not exist.
File 'd:/DOPAMS/Toystack/dopams-backend-staging/node_modules/aws-sdk/clients/servicecatalog.d.ts' exists - use it as a name resolution result.
File 'd:/DOPAMS/Toystack/dopams-backend-staging/node_modules/aws-sdk/package.json' exists according to earlier cached lookups.
======== Module name './servicecatalog' was successfully resolved to 'd:/DOPAMS/Toystack/dopams-backend-staging/node_modules/aws-sdk/clients/servicecatalog.d.ts' with Package ID 'aws-sdk/clients/servicecatalog.d.ts@2.1693.0'. ========
======== Resolving module './ses' from 'd:/DOPAMS/Toystack/dopams-backend-staging/node_modules/aws-sdk/clients/all.d.ts'. ========
Explicitly specified module resolution kind: 'Node10'.
Loading module as file / folder, candidate module location 'd:/DOPAMS/Toystack/dopams-backend-staging/node_modules/aws-sdk/clients/ses', target file types: TypeScript, Declaration.
File 'd:/DOPAMS/Toystack/dopams-backend-staging/node_modules/aws-sdk/clients/ses.ts' does not exist.
File 'd:/DOPAMS/Toystack/dopams-backend-staging/node_modules/aws-sdk/clients/ses.tsx' does not exist.
File 'd:/DOPAMS/Toystack/dopams-backend-staging/node_modules/aws-sdk/clients/ses.d.ts' exists - use it as a name resolution result.
File 'd:/DOPAMS/Toystack/dopams-backend-staging/node_modules/aws-sdk/package.json' exists according to earlier cached lookups.
======== Module name './ses' was successfully resolved to 'd:/DOPAMS/Toystack/dopams-backend-staging/node_modules/aws-sdk/clients/ses.d.ts' with Package ID 'aws-sdk/clients/ses.d.ts@2.1693.0'. ========
======== Resolving module './shield' from 'd:/DOPAMS/Toystack/dopams-backend-staging/node_modules/aws-sdk/clients/all.d.ts'. ========
Explicitly specified module resolution kind: 'Node10'.
Loading module as file / folder, candidate module location 'd:/DOPAMS/Toystack/dopams-backend-staging/node_modules/aws-sdk/clients/shield', target file types: TypeScript, Declaration.
File 'd:/DOPAMS/Toystack/dopams-backend-staging/node_modules/aws-sdk/clients/shield.ts' does not exist.
File 'd:/DOPAMS/Toystack/dopams-backend-staging/node_modules/aws-sdk/clients/shield.tsx' does not exist.
File 'd:/DOPAMS/Toystack/dopams-backend-staging/node_modules/aws-sdk/clients/shield.d.ts' exists - use it as a name resolution result.
File 'd:/DOPAMS/Toystack/dopams-backend-staging/node_modules/aws-sdk/package.json' exists according to earlier cached lookups.
======== Module name './shield' was successfully resolved to 'd:/DOPAMS/Toystack/dopams-backend-staging/node_modules/aws-sdk/clients/shield.d.ts' with Package ID 'aws-sdk/clients/shield.d.ts@2.1693.0'. ========
======== Resolving module './simpledb' from 'd:/DOPAMS/Toystack/dopams-backend-staging/node_modules/aws-sdk/clients/all.d.ts'. ========
Explicitly specified module resolution kind: 'Node10'.
Loading module as file / folder, candidate module location 'd:/DOPAMS/Toystack/dopams-backend-staging/node_modules/aws-sdk/clients/simpledb', target file types: TypeScript, Declaration.
File 'd:/DOPAMS/Toystack/dopams-backend-staging/node_modules/aws-sdk/clients/simpledb.ts' does not exist.
File 'd:/DOPAMS/Toystack/dopams-backend-staging/node_modules/aws-sdk/clients/simpledb.tsx' does not exist.
File 'd:/DOPAMS/Toystack/dopams-backend-staging/node_modules/aws-sdk/clients/simpledb.d.ts' exists - use it as a name resolution result.
File 'd:/DOPAMS/Toystack/dopams-backend-staging/node_modules/aws-sdk/package.json' exists according to earlier cached lookups.
======== Module name './simpledb' was successfully resolved to 'd:/DOPAMS/Toystack/dopams-backend-staging/node_modules/aws-sdk/clients/simpledb.d.ts' with Package ID 'aws-sdk/clients/simpledb.d.ts@2.1693.0'. ========
======== Resolving module './sms' from 'd:/DOPAMS/Toystack/dopams-backend-staging/node_modules/aws-sdk/clients/all.d.ts'. ========
Explicitly specified module resolution kind: 'Node10'.
Loading module as file / folder, candidate module location 'd:/DOPAMS/Toystack/dopams-backend-staging/node_modules/aws-sdk/clients/sms', target file types: TypeScript, Declaration.
File 'd:/DOPAMS/Toystack/dopams-backend-staging/node_modules/aws-sdk/clients/sms.ts' does not exist.
File 'd:/DOPAMS/Toystack/dopams-backend-staging/node_modules/aws-sdk/clients/sms.tsx' does not exist.
File 'd:/DOPAMS/Toystack/dopams-backend-staging/node_modules/aws-sdk/clients/sms.d.ts' exists - use it as a name resolution result.
File 'd:/DOPAMS/Toystack/dopams-backend-staging/node_modules/aws-sdk/package.json' exists according to earlier cached lookups.
======== Module name './sms' was successfully resolved to 'd:/DOPAMS/Toystack/dopams-backend-staging/node_modules/aws-sdk/clients/sms.d.ts' with Package ID 'aws-sdk/clients/sms.d.ts@2.1693.0'. ========
======== Resolving module './snowball' from 'd:/DOPAMS/Toystack/dopams-backend-staging/node_modules/aws-sdk/clients/all.d.ts'. ========
Explicitly specified module resolution kind: 'Node10'.
Loading module as file / folder, candidate module location 'd:/DOPAMS/Toystack/dopams-backend-staging/node_modules/aws-sdk/clients/snowball', target file types: TypeScript, Declaration.
File 'd:/DOPAMS/Toystack/dopams-backend-staging/node_modules/aws-sdk/clients/snowball.ts' does not exist.
File 'd:/DOPAMS/Toystack/dopams-backend-staging/node_modules/aws-sdk/clients/snowball.tsx' does not exist.
File 'd:/DOPAMS/Toystack/dopams-backend-staging/node_modules/aws-sdk/clients/snowball.d.ts' exists - use it as a name resolution result.
File 'd:/DOPAMS/Toystack/dopams-backend-staging/node_modules/aws-sdk/package.json' exists according to earlier cached lookups.
======== Module name './snowball' was successfully resolved to 'd:/DOPAMS/Toystack/dopams-backend-staging/node_modules/aws-sdk/clients/snowball.d.ts' with Package ID 'aws-sdk/clients/snowball.d.ts@2.1693.0'. ========
======== Resolving module './sns' from 'd:/DOPAMS/Toystack/dopams-backend-staging/node_modules/aws-sdk/clients/all.d.ts'. ========
Explicitly specified module resolution kind: 'Node10'.
Loading module as file / folder, candidate module location 'd:/DOPAMS/Toystack/dopams-backend-staging/node_modules/aws-sdk/clients/sns', target file types: TypeScript, Declaration.
File 'd:/DOPAMS/Toystack/dopams-backend-staging/node_modules/aws-sdk/clients/sns.ts' does not exist.
File 'd:/DOPAMS/Toystack/dopams-backend-staging/node_modules/aws-sdk/clients/sns.tsx' does not exist.
File 'd:/DOPAMS/Toystack/dopams-backend-staging/node_modules/aws-sdk/clients/sns.d.ts' exists - use it as a name resolution result.
File 'd:/DOPAMS/Toystack/dopams-backend-staging/node_modules/aws-sdk/package.json' exists according to earlier cached lookups.
======== Module name './sns' was successfully resolved to 'd:/DOPAMS/Toystack/dopams-backend-staging/node_modules/aws-sdk/clients/sns.d.ts' with Package ID 'aws-sdk/clients/sns.d.ts@2.1693.0'. ========
======== Resolving module './sqs' from 'd:/DOPAMS/Toystack/dopams-backend-staging/node_modules/aws-sdk/clients/all.d.ts'. ========
Explicitly specified module resolution kind: 'Node10'.
Loading module as file / folder, candidate module location 'd:/DOPAMS/Toystack/dopams-backend-staging/node_modules/aws-sdk/clients/sqs', target file types: TypeScript, Declaration.
File 'd:/DOPAMS/Toystack/dopams-backend-staging/node_modules/aws-sdk/clients/sqs.ts' does not exist.
File 'd:/DOPAMS/Toystack/dopams-backend-staging/node_modules/aws-sdk/clients/sqs.tsx' does not exist.
File 'd:/DOPAMS/Toystack/dopams-backend-staging/node_modules/aws-sdk/clients/sqs.d.ts' exists - use it as a name resolution result.
File 'd:/DOPAMS/Toystack/dopams-backend-staging/node_modules/aws-sdk/package.json' exists according to earlier cached lookups.
======== Module name './sqs' was successfully resolved to 'd:/DOPAMS/Toystack/dopams-backend-staging/node_modules/aws-sdk/clients/sqs.d.ts' with Package ID 'aws-sdk/clients/sqs.d.ts@2.1693.0'. ========
======== Resolving module './ssm' from 'd:/DOPAMS/Toystack/dopams-backend-staging/node_modules/aws-sdk/clients/all.d.ts'. ========
Explicitly specified module resolution kind: 'Node10'.
Loading module as file / folder, candidate module location 'd:/DOPAMS/Toystack/dopams-backend-staging/node_modules/aws-sdk/clients/ssm', target file types: TypeScript, Declaration.
File 'd:/DOPAMS/Toystack/dopams-backend-staging/node_modules/aws-sdk/clients/ssm.ts' does not exist.
File 'd:/DOPAMS/Toystack/dopams-backend-staging/node_modules/aws-sdk/clients/ssm.tsx' does not exist.
File 'd:/DOPAMS/Toystack/dopams-backend-staging/node_modules/aws-sdk/clients/ssm.d.ts' exists - use it as a name resolution result.
File 'd:/DOPAMS/Toystack/dopams-backend-staging/node_modules/aws-sdk/package.json' exists according to earlier cached lookups.
======== Module name './ssm' was successfully resolved to 'd:/DOPAMS/Toystack/dopams-backend-staging/node_modules/aws-sdk/clients/ssm.d.ts' with Package ID 'aws-sdk/clients/ssm.d.ts@2.1693.0'. ========
======== Resolving module './storagegateway' from 'd:/DOPAMS/Toystack/dopams-backend-staging/node_modules/aws-sdk/clients/all.d.ts'. ========
Explicitly specified module resolution kind: 'Node10'.
Loading module as file / folder, candidate module location 'd:/DOPAMS/Toystack/dopams-backend-staging/node_modules/aws-sdk/clients/storagegateway', target file types: TypeScript, Declaration.
File 'd:/DOPAMS/Toystack/dopams-backend-staging/node_modules/aws-sdk/clients/storagegateway.ts' does not exist.
File 'd:/DOPAMS/Toystack/dopams-backend-staging/node_modules/aws-sdk/clients/storagegateway.tsx' does not exist.
File 'd:/DOPAMS/Toystack/dopams-backend-staging/node_modules/aws-sdk/clients/storagegateway.d.ts' exists - use it as a name resolution result.
File 'd:/DOPAMS/Toystack/dopams-backend-staging/node_modules/aws-sdk/package.json' exists according to earlier cached lookups.
======== Module name './storagegateway' was successfully resolved to 'd:/DOPAMS/Toystack/dopams-backend-staging/node_modules/aws-sdk/clients/storagegateway.d.ts' with Package ID 'aws-sdk/clients/storagegateway.d.ts@2.1693.0'. ========
======== Resolving module './stepfunctions' from 'd:/DOPAMS/Toystack/dopams-backend-staging/node_modules/aws-sdk/clients/all.d.ts'. ========
Explicitly specified module resolution kind: 'Node10'.
Loading module as file / folder, candidate module location 'd:/DOPAMS/Toystack/dopams-backend-staging/node_modules/aws-sdk/clients/stepfunctions', target file types: TypeScript, Declaration.
File 'd:/DOPAMS/Toystack/dopams-backend-staging/node_modules/aws-sdk/clients/stepfunctions.ts' does not exist.
File 'd:/DOPAMS/Toystack/dopams-backend-staging/node_modules/aws-sdk/clients/stepfunctions.tsx' does not exist.
File 'd:/DOPAMS/Toystack/dopams-backend-staging/node_modules/aws-sdk/clients/stepfunctions.d.ts' exists - use it as a name resolution result.
File 'd:/DOPAMS/Toystack/dopams-backend-staging/node_modules/aws-sdk/package.json' exists according to earlier cached lookups.
======== Module name './stepfunctions' was successfully resolved to 'd:/DOPAMS/Toystack/dopams-backend-staging/node_modules/aws-sdk/clients/stepfunctions.d.ts' with Package ID 'aws-sdk/clients/stepfunctions.d.ts@2.1693.0'. ========
======== Resolving module './sts' from 'd:/DOPAMS/Toystack/dopams-backend-staging/node_modules/aws-sdk/clients/all.d.ts'. ========
Explicitly specified module resolution kind: 'Node10'.
Loading module as file / folder, candidate module location 'd:/DOPAMS/Toystack/dopams-backend-staging/node_modules/aws-sdk/clients/sts', target file types: TypeScript, Declaration.
File 'd:/DOPAMS/Toystack/dopams-backend-staging/node_modules/aws-sdk/clients/sts.ts' does not exist.
File 'd:/DOPAMS/Toystack/dopams-backend-staging/node_modules/aws-sdk/clients/sts.tsx' does not exist.
File 'd:/DOPAMS/Toystack/dopams-backend-staging/node_modules/aws-sdk/clients/sts.d.ts' exists - use it as a name resolution result.
File 'd:/DOPAMS/Toystack/dopams-backend-staging/node_modules/aws-sdk/package.json' exists according to earlier cached lookups.
======== Module name './sts' was successfully resolved to 'd:/DOPAMS/Toystack/dopams-backend-staging/node_modules/aws-sdk/clients/sts.d.ts' with Package ID 'aws-sdk/clients/sts.d.ts@2.1693.0'. ========
======== Resolving module './support' from 'd:/DOPAMS/Toystack/dopams-backend-staging/node_modules/aws-sdk/clients/all.d.ts'. ========
Explicitly specified module resolution kind: 'Node10'.
Loading module as file / folder, candidate module location 'd:/DOPAMS/Toystack/dopams-backend-staging/node_modules/aws-sdk/clients/support', target file types: TypeScript, Declaration.
File 'd:/DOPAMS/Toystack/dopams-backend-staging/node_modules/aws-sdk/clients/support.ts' does not exist.
File 'd:/DOPAMS/Toystack/dopams-backend-staging/node_modules/aws-sdk/clients/support.tsx' does not exist.
File 'd:/DOPAMS/Toystack/dopams-backend-staging/node_modules/aws-sdk/clients/support.d.ts' exists - use it as a name resolution result.
File 'd:/DOPAMS/Toystack/dopams-backend-staging/node_modules/aws-sdk/package.json' exists according to earlier cached lookups.
======== Module name './support' was successfully resolved to 'd:/DOPAMS/Toystack/dopams-backend-staging/node_modules/aws-sdk/clients/support.d.ts' with Package ID 'aws-sdk/clients/support.d.ts@2.1693.0'. ========
======== Resolving module './swf' from 'd:/DOPAMS/Toystack/dopams-backend-staging/node_modules/aws-sdk/clients/all.d.ts'. ========
Explicitly specified module resolution kind: 'Node10'.
Loading module as file / folder, candidate module location 'd:/DOPAMS/Toystack/dopams-backend-staging/node_modules/aws-sdk/clients/swf', target file types: TypeScript, Declaration.
File 'd:/DOPAMS/Toystack/dopams-backend-staging/node_modules/aws-sdk/clients/swf.ts' does not exist.
File 'd:/DOPAMS/Toystack/dopams-backend-staging/node_modules/aws-sdk/clients/swf.tsx' does not exist.
File 'd:/DOPAMS/Toystack/dopams-backend-staging/node_modules/aws-sdk/clients/swf.d.ts' exists - use it as a name resolution result.
File 'd:/DOPAMS/Toystack/dopams-backend-staging/node_modules/aws-sdk/package.json' exists according to earlier cached lookups.
======== Module name './swf' was successfully resolved to 'd:/DOPAMS/Toystack/dopams-backend-staging/node_modules/aws-sdk/clients/swf.d.ts' with Package ID 'aws-sdk/clients/swf.d.ts@2.1693.0'. ========
======== Resolving module './xray' from 'd:/DOPAMS/Toystack/dopams-backend-staging/node_modules/aws-sdk/clients/all.d.ts'. ========
Explicitly specified module resolution kind: 'Node10'.
Loading module as file / folder, candidate module location 'd:/DOPAMS/Toystack/dopams-backend-staging/node_modules/aws-sdk/clients/xray', target file types: TypeScript, Declaration.
File 'd:/DOPAMS/Toystack/dopams-backend-staging/node_modules/aws-sdk/clients/xray.ts' does not exist.
File 'd:/DOPAMS/Toystack/dopams-backend-staging/node_modules/aws-sdk/clients/xray.tsx' does not exist.
File 'd:/DOPAMS/Toystack/dopams-backend-staging/node_modules/aws-sdk/clients/xray.d.ts' exists - use it as a name resolution result.
File 'd:/DOPAMS/Toystack/dopams-backend-staging/node_modules/aws-sdk/package.json' exists according to earlier cached lookups.
======== Module name './xray' was successfully resolved to 'd:/DOPAMS/Toystack/dopams-backend-staging/node_modules/aws-sdk/clients/xray.d.ts' with Package ID 'aws-sdk/clients/xray.d.ts@2.1693.0'. ========
======== Resolving module './waf' from 'd:/DOPAMS/Toystack/dopams-backend-staging/node_modules/aws-sdk/clients/all.d.ts'. ========
Explicitly specified module resolution kind: 'Node10'.
Loading module as file / folder, candidate module location 'd:/DOPAMS/Toystack/dopams-backend-staging/node_modules/aws-sdk/clients/waf', target file types: TypeScript, Declaration.
File 'd:/DOPAMS/Toystack/dopams-backend-staging/node_modules/aws-sdk/clients/waf.ts' does not exist.
File 'd:/DOPAMS/Toystack/dopams-backend-staging/node_modules/aws-sdk/clients/waf.tsx' does not exist.
File 'd:/DOPAMS/Toystack/dopams-backend-staging/node_modules/aws-sdk/clients/waf.d.ts' exists - use it as a name resolution result.
File 'd:/DOPAMS/Toystack/dopams-backend-staging/node_modules/aws-sdk/package.json' exists according to earlier cached lookups.
======== Module name './waf' was successfully resolved to 'd:/DOPAMS/Toystack/dopams-backend-staging/node_modules/aws-sdk/clients/waf.d.ts' with Package ID 'aws-sdk/clients/waf.d.ts@2.1693.0'. ========
======== Resolving module './wafregional' from 'd:/DOPAMS/Toystack/dopams-backend-staging/node_modules/aws-sdk/clients/all.d.ts'. ========
Explicitly specified module resolution kind: 'Node10'.
Loading module as file / folder, candidate module location 'd:/DOPAMS/Toystack/dopams-backend-staging/node_modules/aws-sdk/clients/wafregional', target file types: TypeScript, Declaration.
File 'd:/DOPAMS/Toystack/dopams-backend-staging/node_modules/aws-sdk/clients/wafregional.ts' does not exist.
File 'd:/DOPAMS/Toystack/dopams-backend-staging/node_modules/aws-sdk/clients/wafregional.tsx' does not exist.
File 'd:/DOPAMS/Toystack/dopams-backend-staging/node_modules/aws-sdk/clients/wafregional.d.ts' exists - use it as a name resolution result.
File 'd:/DOPAMS/Toystack/dopams-backend-staging/node_modules/aws-sdk/package.json' exists according to earlier cached lookups.
======== Module name './wafregional' was successfully resolved to 'd:/DOPAMS/Toystack/dopams-backend-staging/node_modules/aws-sdk/clients/wafregional.d.ts' with Package ID 'aws-sdk/clients/wafregional.d.ts@2.1693.0'. ========
======== Resolving module './workdocs' from 'd:/DOPAMS/Toystack/dopams-backend-staging/node_modules/aws-sdk/clients/all.d.ts'. ========
Explicitly specified module resolution kind: 'Node10'.
Loading module as file / folder, candidate module location 'd:/DOPAMS/Toystack/dopams-backend-staging/node_modules/aws-sdk/clients/workdocs', target file types: TypeScript, Declaration.
File 'd:/DOPAMS/Toystack/dopams-backend-staging/node_modules/aws-sdk/clients/workdocs.ts' does not exist.
File 'd:/DOPAMS/Toystack/dopams-backend-staging/node_modules/aws-sdk/clients/workdocs.tsx' does not exist.
File 'd:/DOPAMS/Toystack/dopams-backend-staging/node_modules/aws-sdk/clients/workdocs.d.ts' exists - use it as a name resolution result.
File 'd:/DOPAMS/Toystack/dopams-backend-staging/node_modules/aws-sdk/package.json' exists according to earlier cached lookups.
======== Module name './workdocs' was successfully resolved to 'd:/DOPAMS/Toystack/dopams-backend-staging/node_modules/aws-sdk/clients/workdocs.d.ts' with Package ID 'aws-sdk/clients/workdocs.d.ts@2.1693.0'. ========
======== Resolving module './workspaces' from 'd:/DOPAMS/Toystack/dopams-backend-staging/node_modules/aws-sdk/clients/all.d.ts'. ========
Explicitly specified module resolution kind: 'Node10'.
Loading module as file / folder, candidate module location 'd:/DOPAMS/Toystack/dopams-backend-staging/node_modules/aws-sdk/clients/workspaces', target file types: TypeScript, Declaration.
File 'd:/DOPAMS/Toystack/dopams-backend-staging/node_modules/aws-sdk/clients/workspaces.ts' does not exist.
File 'd:/DOPAMS/Toystack/dopams-backend-staging/node_modules/aws-sdk/clients/workspaces.tsx' does not exist.
File 'd:/DOPAMS/Toystack/dopams-backend-staging/node_modules/aws-sdk/clients/workspaces.d.ts' exists - use it as a name resolution result.
File 'd:/DOPAMS/Toystack/dopams-backend-staging/node_modules/aws-sdk/package.json' exists according to earlier cached lookups.
======== Module name './workspaces' was successfully resolved to 'd:/DOPAMS/Toystack/dopams-backend-staging/node_modules/aws-sdk/clients/workspaces.d.ts' with Package ID 'aws-sdk/clients/workspaces.d.ts@2.1693.0'. ========
======== Resolving module './lexmodelbuildingservice' from 'd:/DOPAMS/Toystack/dopams-backend-staging/node_modules/aws-sdk/clients/all.d.ts'. ========
Explicitly specified module resolution kind: 'Node10'.
Loading module as file / folder, candidate module location 'd:/DOPAMS/Toystack/dopams-backend-staging/node_modules/aws-sdk/clients/lexmodelbuildingservice', target file types: TypeScript, Declaration.
File 'd:/DOPAMS/Toystack/dopams-backend-staging/node_modules/aws-sdk/clients/lexmodelbuildingservice.ts' does not exist.
File 'd:/DOPAMS/Toystack/dopams-backend-staging/node_modules/aws-sdk/clients/lexmodelbuildingservice.tsx' does not exist.
File 'd:/DOPAMS/Toystack/dopams-backend-staging/node_modules/aws-sdk/clients/lexmodelbuildingservice.d.ts' exists - use it as a name resolution result.
File 'd:/DOPAMS/Toystack/dopams-backend-staging/node_modules/aws-sdk/package.json' exists according to earlier cached lookups.
======== Module name './lexmodelbuildingservice' was successfully resolved to 'd:/DOPAMS/Toystack/dopams-backend-staging/node_modules/aws-sdk/clients/lexmodelbuildingservice.d.ts' with Package ID 'aws-sdk/clients/lexmodelbuildingservice.d.ts@2.1693.0'. ========
======== Resolving module './marketplaceentitlementservice' from 'd:/DOPAMS/Toystack/dopams-backend-staging/node_modules/aws-sdk/clients/all.d.ts'. ========
Explicitly specified module resolution kind: 'Node10'.
Loading module as file / folder, candidate module location 'd:/DOPAMS/Toystack/dopams-backend-staging/node_modules/aws-sdk/clients/marketplaceentitlementservice', target file types: TypeScript, Declaration.
File 'd:/DOPAMS/Toystack/dopams-backend-staging/node_modules/aws-sdk/clients/marketplaceentitlementservice.ts' does not exist.
File 'd:/DOPAMS/Toystack/dopams-backend-staging/node_modules/aws-sdk/clients/marketplaceentitlementservice.tsx' does not exist.
File 'd:/DOPAMS/Toystack/dopams-backend-staging/node_modules/aws-sdk/clients/marketplaceentitlementservice.d.ts' exists - use it as a name resolution result.
File 'd:/DOPAMS/Toystack/dopams-backend-staging/node_modules/aws-sdk/package.json' exists according to earlier cached lookups.
======== Module name './marketplaceentitlementservice' was successfully resolved to 'd:/DOPAMS/Toystack/dopams-backend-staging/node_modules/aws-sdk/clients/marketplaceentitlementservice.d.ts' with Package ID 'aws-sdk/clients/marketplaceentitlementservice.d.ts@2.1693.0'. ========
======== Resolving module './athena' from 'd:/DOPAMS/Toystack/dopams-backend-staging/node_modules/aws-sdk/clients/all.d.ts'. ========
Explicitly specified module resolution kind: 'Node10'.
Loading module as file / folder, candidate module location 'd:/DOPAMS/Toystack/dopams-backend-staging/node_modules/aws-sdk/clients/athena', target file types: TypeScript, Declaration.
File 'd:/DOPAMS/Toystack/dopams-backend-staging/node_modules/aws-sdk/clients/athena.ts' does not exist.
File 'd:/DOPAMS/Toystack/dopams-backend-staging/node_modules/aws-sdk/clients/athena.tsx' does not exist.
File 'd:/DOPAMS/Toystack/dopams-backend-staging/node_modules/aws-sdk/clients/athena.d.ts' exists - use it as a name resolution result.
File 'd:/DOPAMS/Toystack/dopams-backend-staging/node_modules/aws-sdk/package.json' exists according to earlier cached lookups.
======== Module name './athena' was successfully resolved to 'd:/DOPAMS/Toystack/dopams-backend-staging/node_modules/aws-sdk/clients/athena.d.ts' with Package ID 'aws-sdk/clients/athena.d.ts@2.1693.0'. ========
======== Resolving module './greengrass' from 'd:/DOPAMS/Toystack/dopams-backend-staging/node_modules/aws-sdk/clients/all.d.ts'. ========
Explicitly specified module resolution kind: 'Node10'.
Loading module as file / folder, candidate module location 'd:/DOPAMS/Toystack/dopams-backend-staging/node_modules/aws-sdk/clients/greengrass', target file types: TypeScript, Declaration.
File 'd:/DOPAMS/Toystack/dopams-backend-staging/node_modules/aws-sdk/clients/greengrass.ts' does not exist.
File 'd:/DOPAMS/Toystack/dopams-backend-staging/node_modules/aws-sdk/clients/greengrass.tsx' does not exist.
File 'd:/DOPAMS/Toystack/dopams-backend-staging/node_modules/aws-sdk/clients/greengrass.d.ts' exists - use it as a name resolution result.
File 'd:/DOPAMS/Toystack/dopams-backend-staging/node_modules/aws-sdk/package.json' exists according to earlier cached lookups.
======== Module name './greengrass' was successfully resolved to 'd:/DOPAMS/Toystack/dopams-backend-staging/node_modules/aws-sdk/clients/greengrass.d.ts' with Package ID 'aws-sdk/clients/greengrass.d.ts@2.1693.0'. ========
======== Resolving module './dax' from 'd:/DOPAMS/Toystack/dopams-backend-staging/node_modules/aws-sdk/clients/all.d.ts'. ========
Explicitly specified module resolution kind: 'Node10'.
Loading module as file / folder, candidate module location 'd:/DOPAMS/Toystack/dopams-backend-staging/node_modules/aws-sdk/clients/dax', target file types: TypeScript, Declaration.
File 'd:/DOPAMS/Toystack/dopams-backend-staging/node_modules/aws-sdk/clients/dax.ts' does not exist.
File 'd:/DOPAMS/Toystack/dopams-backend-staging/node_modules/aws-sdk/clients/dax.tsx' does not exist.
File 'd:/DOPAMS/Toystack/dopams-backend-staging/node_modules/aws-sdk/clients/dax.d.ts' exists - use it as a name resolution result.
File 'd:/DOPAMS/Toystack/dopams-backend-staging/node_modules/aws-sdk/package.json' exists according to earlier cached lookups.
======== Module name './dax' was successfully resolved to 'd:/DOPAMS/Toystack/dopams-backend-staging/node_modules/aws-sdk/clients/dax.d.ts' with Package ID 'aws-sdk/clients/dax.d.ts@2.1693.0'. ========
======== Resolving module './migrationhub' from 'd:/DOPAMS/Toystack/dopams-backend-staging/node_modules/aws-sdk/clients/all.d.ts'. ========
Explicitly specified module resolution kind: 'Node10'.
Loading module as file / folder, candidate module location 'd:/DOPAMS/Toystack/dopams-backend-staging/node_modules/aws-sdk/clients/migrationhub', target file types: TypeScript, Declaration.
File 'd:/DOPAMS/Toystack/dopams-backend-staging/node_modules/aws-sdk/clients/migrationhub.ts' does not exist.
File 'd:/DOPAMS/Toystack/dopams-backend-staging/node_modules/aws-sdk/clients/migrationhub.tsx' does not exist.
File 'd:/DOPAMS/Toystack/dopams-backend-staging/node_modules/aws-sdk/clients/migrationhub.d.ts' exists - use it as a name resolution result.
File 'd:/DOPAMS/Toystack/dopams-backend-staging/node_modules/aws-sdk/package.json' exists according to earlier cached lookups.
======== Module name './migrationhub' was successfully resolved to 'd:/DOPAMS/Toystack/dopams-backend-staging/node_modules/aws-sdk/clients/migrationhub.d.ts' with Package ID 'aws-sdk/clients/migrationhub.d.ts@2.1693.0'. ========
======== Resolving module './cloudhsmv2' from 'd:/DOPAMS/Toystack/dopams-backend-staging/node_modules/aws-sdk/clients/all.d.ts'. ========
Explicitly specified module resolution kind: 'Node10'.
Loading module as file / folder, candidate module location 'd:/DOPAMS/Toystack/dopams-backend-staging/node_modules/aws-sdk/clients/cloudhsmv2', target file types: TypeScript, Declaration.
File 'd:/DOPAMS/Toystack/dopams-backend-staging/node_modules/aws-sdk/clients/cloudhsmv2.ts' does not exist.
File 'd:/DOPAMS/Toystack/dopams-backend-staging/node_modules/aws-sdk/clients/cloudhsmv2.tsx' does not exist.
File 'd:/DOPAMS/Toystack/dopams-backend-staging/node_modules/aws-sdk/clients/cloudhsmv2.d.ts' exists - use it as a name resolution result.
File 'd:/DOPAMS/Toystack/dopams-backend-staging/node_modules/aws-sdk/package.json' exists according to earlier cached lookups.
======== Module name './cloudhsmv2' was successfully resolved to 'd:/DOPAMS/Toystack/dopams-backend-staging/node_modules/aws-sdk/clients/cloudhsmv2.d.ts' with Package ID 'aws-sdk/clients/cloudhsmv2.d.ts@2.1693.0'. ========
======== Resolving module './glue' from 'd:/DOPAMS/Toystack/dopams-backend-staging/node_modules/aws-sdk/clients/all.d.ts'. ========
Explicitly specified module resolution kind: 'Node10'.
Loading module as file / folder, candidate module location 'd:/DOPAMS/Toystack/dopams-backend-staging/node_modules/aws-sdk/clients/glue', target file types: TypeScript, Declaration.
File 'd:/DOPAMS/Toystack/dopams-backend-staging/node_modules/aws-sdk/clients/glue.ts' does not exist.
File 'd:/DOPAMS/Toystack/dopams-backend-staging/node_modules/aws-sdk/clients/glue.tsx' does not exist.
File 'd:/DOPAMS/Toystack/dopams-backend-staging/node_modules/aws-sdk/clients/glue.d.ts' exists - use it as a name resolution result.
File 'd:/DOPAMS/Toystack/dopams-backend-staging/node_modules/aws-sdk/package.json' exists according to earlier cached lookups.
======== Module name './glue' was successfully resolved to 'd:/DOPAMS/Toystack/dopams-backend-staging/node_modules/aws-sdk/clients/glue.d.ts' with Package ID 'aws-sdk/clients/glue.d.ts@2.1693.0'. ========
======== Resolving module './pricing' from 'd:/DOPAMS/Toystack/dopams-backend-staging/node_modules/aws-sdk/clients/all.d.ts'. ========
Explicitly specified module resolution kind: 'Node10'.
Loading module as file / folder, candidate module location 'd:/DOPAMS/Toystack/dopams-backend-staging/node_modules/aws-sdk/clients/pricing', target file types: TypeScript, Declaration.
File 'd:/DOPAMS/Toystack/dopams-backend-staging/node_modules/aws-sdk/clients/pricing.ts' does not exist.
File 'd:/DOPAMS/Toystack/dopams-backend-staging/node_modules/aws-sdk/clients/pricing.tsx' does not exist.
File 'd:/DOPAMS/Toystack/dopams-backend-staging/node_modules/aws-sdk/clients/pricing.d.ts' exists - use it as a name resolution result.
File 'd:/DOPAMS/Toystack/dopams-backend-staging/node_modules/aws-sdk/package.json' exists according to earlier cached lookups.
======== Module name './pricing' was successfully resolved to 'd:/DOPAMS/Toystack/dopams-backend-staging/node_modules/aws-sdk/clients/pricing.d.ts' with Package ID 'aws-sdk/clients/pricing.d.ts@2.1693.0'. ========
======== Resolving module './costexplorer' from 'd:/DOPAMS/Toystack/dopams-backend-staging/node_modules/aws-sdk/clients/all.d.ts'. ========
Explicitly specified module resolution kind: 'Node10'.
Loading module as file / folder, candidate module location 'd:/DOPAMS/Toystack/dopams-backend-staging/node_modules/aws-sdk/clients/costexplorer', target file types: TypeScript, Declaration.
File 'd:/DOPAMS/Toystack/dopams-backend-staging/node_modules/aws-sdk/clients/costexplorer.ts' does not exist.
File 'd:/DOPAMS/Toystack/dopams-backend-staging/node_modules/aws-sdk/clients/costexplorer.tsx' does not exist.
File 'd:/DOPAMS/Toystack/dopams-backend-staging/node_modules/aws-sdk/clients/costexplorer.d.ts' exists - use it as a name resolution result.
File 'd:/DOPAMS/Toystack/dopams-backend-staging/node_modules/aws-sdk/package.json' exists according to earlier cached lookups.
======== Module name './costexplorer' was successfully resolved to 'd:/DOPAMS/Toystack/dopams-backend-staging/node_modules/aws-sdk/clients/costexplorer.d.ts' with Package ID 'aws-sdk/clients/costexplorer.d.ts@2.1693.0'. ========
======== Resolving module './mediaconvert' from 'd:/DOPAMS/Toystack/dopams-backend-staging/node_modules/aws-sdk/clients/all.d.ts'. ========
Explicitly specified module resolution kind: 'Node10'.
Loading module as file / folder, candidate module location 'd:/DOPAMS/Toystack/dopams-backend-staging/node_modules/aws-sdk/clients/mediaconvert', target file types: TypeScript, Declaration.
File 'd:/DOPAMS/Toystack/dopams-backend-staging/node_modules/aws-sdk/clients/mediaconvert.ts' does not exist.
File 'd:/DOPAMS/Toystack/dopams-backend-staging/node_modules/aws-sdk/clients/mediaconvert.tsx' does not exist.
File 'd:/DOPAMS/Toystack/dopams-backend-staging/node_modules/aws-sdk/clients/mediaconvert.d.ts' exists - use it as a name resolution result.
File 'd:/DOPAMS/Toystack/dopams-backend-staging/node_modules/aws-sdk/package.json' exists according to earlier cached lookups.
======== Module name './mediaconvert' was successfully resolved to 'd:/DOPAMS/Toystack/dopams-backend-staging/node_modules/aws-sdk/clients/mediaconvert.d.ts' with Package ID 'aws-sdk/clients/mediaconvert.d.ts@2.1693.0'. ========
======== Resolving module './medialive' from 'd:/DOPAMS/Toystack/dopams-backend-staging/node_modules/aws-sdk/clients/all.d.ts'. ========
Explicitly specified module resolution kind: 'Node10'.
Loading module as file / folder, candidate module location 'd:/DOPAMS/Toystack/dopams-backend-staging/node_modules/aws-sdk/clients/medialive', target file types: TypeScript, Declaration.
File 'd:/DOPAMS/Toystack/dopams-backend-staging/node_modules/aws-sdk/clients/medialive.ts' does not exist.
File 'd:/DOPAMS/Toystack/dopams-backend-staging/node_modules/aws-sdk/clients/medialive.tsx' does not exist.
File 'd:/DOPAMS/Toystack/dopams-backend-staging/node_modules/aws-sdk/clients/medialive.d.ts' exists - use it as a name resolution result.
File 'd:/DOPAMS/Toystack/dopams-backend-staging/node_modules/aws-sdk/package.json' exists according to earlier cached lookups.
======== Module name './medialive' was successfully resolved to 'd:/DOPAMS/Toystack/dopams-backend-staging/node_modules/aws-sdk/clients/medialive.d.ts' with Package ID 'aws-sdk/clients/medialive.d.ts@2.1693.0'. ========
======== Resolving module './mediapackage' from 'd:/DOPAMS/Toystack/dopams-backend-staging/node_modules/aws-sdk/clients/all.d.ts'. ========
Explicitly specified module resolution kind: 'Node10'.
Loading module as file / folder, candidate module location 'd:/DOPAMS/Toystack/dopams-backend-staging/node_modules/aws-sdk/clients/mediapackage', target file types: TypeScript, Declaration.
File 'd:/DOPAMS/Toystack/dopams-backend-staging/node_modules/aws-sdk/clients/mediapackage.ts' does not exist.
File 'd:/DOPAMS/Toystack/dopams-backend-staging/node_modules/aws-sdk/clients/mediapackage.tsx' does not exist.
File 'd:/DOPAMS/Toystack/dopams-backend-staging/node_modules/aws-sdk/clients/mediapackage.d.ts' exists - use it as a name resolution result.
File 'd:/DOPAMS/Toystack/dopams-backend-staging/node_modules/aws-sdk/package.json' exists according to earlier cached lookups.
======== Module name './mediapackage' was successfully resolved to 'd:/DOPAMS/Toystack/dopams-backend-staging/node_modules/aws-sdk/clients/mediapackage.d.ts' with Package ID 'aws-sdk/clients/mediapackage.d.ts@2.1693.0'. ========
======== Resolving module './mediastore' from 'd:/DOPAMS/Toystack/dopams-backend-staging/node_modules/aws-sdk/clients/all.d.ts'. ========
Explicitly specified module resolution kind: 'Node10'.
Loading module as file / folder, candidate module location 'd:/DOPAMS/Toystack/dopams-backend-staging/node_modules/aws-sdk/clients/mediastore', target file types: TypeScript, Declaration.
File 'd:/DOPAMS/Toystack/dopams-backend-staging/node_modules/aws-sdk/clients/mediastore.ts' does not exist.
File 'd:/DOPAMS/Toystack/dopams-backend-staging/node_modules/aws-sdk/clients/mediastore.tsx' does not exist.
File 'd:/DOPAMS/Toystack/dopams-backend-staging/node_modules/aws-sdk/clients/mediastore.d.ts' exists - use it as a name resolution result.
File 'd:/DOPAMS/Toystack/dopams-backend-staging/node_modules/aws-sdk/package.json' exists according to earlier cached lookups.
======== Module name './mediastore' was successfully resolved to 'd:/DOPAMS/Toystack/dopams-backend-staging/node_modules/aws-sdk/clients/mediastore.d.ts' with Package ID 'aws-sdk/clients/mediastore.d.ts@2.1693.0'. ========
======== Resolving module './mediastoredata' from 'd:/DOPAMS/Toystack/dopams-backend-staging/node_modules/aws-sdk/clients/all.d.ts'. ========
Explicitly specified module resolution kind: 'Node10'.
Loading module as file / folder, candidate module location 'd:/DOPAMS/Toystack/dopams-backend-staging/node_modules/aws-sdk/clients/mediastoredata', target file types: TypeScript, Declaration.
File 'd:/DOPAMS/Toystack/dopams-backend-staging/node_modules/aws-sdk/clients/mediastoredata.ts' does not exist.
File 'd:/DOPAMS/Toystack/dopams-backend-staging/node_modules/aws-sdk/clients/mediastoredata.tsx' does not exist.
File 'd:/DOPAMS/Toystack/dopams-backend-staging/node_modules/aws-sdk/clients/mediastoredata.d.ts' exists - use it as a name resolution result.
File 'd:/DOPAMS/Toystack/dopams-backend-staging/node_modules/aws-sdk/package.json' exists according to earlier cached lookups.
======== Module name './mediastoredata' was successfully resolved to 'd:/DOPAMS/Toystack/dopams-backend-staging/node_modules/aws-sdk/clients/mediastoredata.d.ts' with Package ID 'aws-sdk/clients/mediastoredata.d.ts@2.1693.0'. ========
======== Resolving module './appsync' from 'd:/DOPAMS/Toystack/dopams-backend-staging/node_modules/aws-sdk/clients/all.d.ts'. ========
Explicitly specified module resolution kind: 'Node10'.
Loading module as file / folder, candidate module location 'd:/DOPAMS/Toystack/dopams-backend-staging/node_modules/aws-sdk/clients/appsync', target file types: TypeScript, Declaration.
File 'd:/DOPAMS/Toystack/dopams-backend-staging/node_modules/aws-sdk/clients/appsync.ts' does not exist.
File 'd:/DOPAMS/Toystack/dopams-backend-staging/node_modules/aws-sdk/clients/appsync.tsx' does not exist.
File 'd:/DOPAMS/Toystack/dopams-backend-staging/node_modules/aws-sdk/clients/appsync.d.ts' exists - use it as a name resolution result.
File 'd:/DOPAMS/Toystack/dopams-backend-staging/node_modules/aws-sdk/package.json' exists according to earlier cached lookups.
======== Module name './appsync' was successfully resolved to 'd:/DOPAMS/Toystack/dopams-backend-staging/node_modules/aws-sdk/clients/appsync.d.ts' with Package ID 'aws-sdk/clients/appsync.d.ts@2.1693.0'. ========
======== Resolving module './guardduty' from 'd:/DOPAMS/Toystack/dopams-backend-staging/node_modules/aws-sdk/clients/all.d.ts'. ========
Explicitly specified module resolution kind: 'Node10'.
Loading module as file / folder, candidate module location 'd:/DOPAMS/Toystack/dopams-backend-staging/node_modules/aws-sdk/clients/guardduty', target file types: TypeScript, Declaration.
File 'd:/DOPAMS/Toystack/dopams-backend-staging/node_modules/aws-sdk/clients/guardduty.ts' does not exist.
File 'd:/DOPAMS/Toystack/dopams-backend-staging/node_modules/aws-sdk/clients/guardduty.tsx' does not exist.
File 'd:/DOPAMS/Toystack/dopams-backend-staging/node_modules/aws-sdk/clients/guardduty.d.ts' exists - use it as a name resolution result.
File 'd:/DOPAMS/Toystack/dopams-backend-staging/node_modules/aws-sdk/package.json' exists according to earlier cached lookups.
======== Module name './guardduty' was successfully resolved to 'd:/DOPAMS/Toystack/dopams-backend-staging/node_modules/aws-sdk/clients/guardduty.d.ts' with Package ID 'aws-sdk/clients/guardduty.d.ts@2.1693.0'. ========
======== Resolving module './mq' from 'd:/DOPAMS/Toystack/dopams-backend-staging/node_modules/aws-sdk/clients/all.d.ts'. ========
Explicitly specified module resolution kind: 'Node10'.
Loading module as file / folder, candidate module location 'd:/DOPAMS/Toystack/dopams-backend-staging/node_modules/aws-sdk/clients/mq', target file types: TypeScript, Declaration.
File 'd:/DOPAMS/Toystack/dopams-backend-staging/node_modules/aws-sdk/clients/mq.ts' does not exist.
File 'd:/DOPAMS/Toystack/dopams-backend-staging/node_modules/aws-sdk/clients/mq.tsx' does not exist.
File 'd:/DOPAMS/Toystack/dopams-backend-staging/node_modules/aws-sdk/clients/mq.d.ts' exists - use it as a name resolution result.
File 'd:/DOPAMS/Toystack/dopams-backend-staging/node_modules/aws-sdk/package.json' exists according to earlier cached lookups.
======== Module name './mq' was successfully resolved to 'd:/DOPAMS/Toystack/dopams-backend-staging/node_modules/aws-sdk/clients/mq.d.ts' with Package ID 'aws-sdk/clients/mq.d.ts@2.1693.0'. ========
======== Resolving module './comprehend' from 'd:/DOPAMS/Toystack/dopams-backend-staging/node_modules/aws-sdk/clients/all.d.ts'. ========
Explicitly specified module resolution kind: 'Node10'.
Loading module as file / folder, candidate module location 'd:/DOPAMS/Toystack/dopams-backend-staging/node_modules/aws-sdk/clients/comprehend', target file types: TypeScript, Declaration.
File 'd:/DOPAMS/Toystack/dopams-backend-staging/node_modules/aws-sdk/clients/comprehend.ts' does not exist.
File 'd:/DOPAMS/Toystack/dopams-backend-staging/node_modules/aws-sdk/clients/comprehend.tsx' does not exist.
File 'd:/DOPAMS/Toystack/dopams-backend-staging/node_modules/aws-sdk/clients/comprehend.d.ts' exists - use it as a name resolution result.
File 'd:/DOPAMS/Toystack/dopams-backend-staging/node_modules/aws-sdk/package.json' exists according to earlier cached lookups.
======== Module name './comprehend' was successfully resolved to 'd:/DOPAMS/Toystack/dopams-backend-staging/node_modules/aws-sdk/clients/comprehend.d.ts' with Package ID 'aws-sdk/clients/comprehend.d.ts@2.1693.0'. ========
======== Resolving module './iotjobsdataplane' from 'd:/DOPAMS/Toystack/dopams-backend-staging/node_modules/aws-sdk/clients/all.d.ts'. ========
Explicitly specified module resolution kind: 'Node10'.
Loading module as file / folder, candidate module location 'd:/DOPAMS/Toystack/dopams-backend-staging/node_modules/aws-sdk/clients/iotjobsdataplane', target file types: TypeScript, Declaration.
File 'd:/DOPAMS/Toystack/dopams-backend-staging/node_modules/aws-sdk/clients/iotjobsdataplane.ts' does not exist.
File 'd:/DOPAMS/Toystack/dopams-backend-staging/node_modules/aws-sdk/clients/iotjobsdataplane.tsx' does not exist.
File 'd:/DOPAMS/Toystack/dopams-backend-staging/node_modules/aws-sdk/clients/iotjobsdataplane.d.ts' exists - use it as a name resolution result.
File 'd:/DOPAMS/Toystack/dopams-backend-staging/node_modules/aws-sdk/package.json' exists according to earlier cached lookups.
======== Module name './iotjobsdataplane' was successfully resolved to 'd:/DOPAMS/Toystack/dopams-backend-staging/node_modules/aws-sdk/clients/iotjobsdataplane.d.ts' with Package ID 'aws-sdk/clients/iotjobsdataplane.d.ts@2.1693.0'. ========
======== Resolving module './kinesisvideoarchivedmedia' from 'd:/DOPAMS/Toystack/dopams-backend-staging/node_modules/aws-sdk/clients/all.d.ts'. ========
Explicitly specified module resolution kind: 'Node10'.
Loading module as file / folder, candidate module location 'd:/DOPAMS/Toystack/dopams-backend-staging/node_modules/aws-sdk/clients/kinesisvideoarchivedmedia', target file types: TypeScript, Declaration.
File 'd:/DOPAMS/Toystack/dopams-backend-staging/node_modules/aws-sdk/clients/kinesisvideoarchivedmedia.ts' does not exist.
File 'd:/DOPAMS/Toystack/dopams-backend-staging/node_modules/aws-sdk/clients/kinesisvideoarchivedmedia.tsx' does not exist.
File 'd:/DOPAMS/Toystack/dopams-backend-staging/node_modules/aws-sdk/clients/kinesisvideoarchivedmedia.d.ts' exists - use it as a name resolution result.
File 'd:/DOPAMS/Toystack/dopams-backend-staging/node_modules/aws-sdk/package.json' exists according to earlier cached lookups.
======== Module name './kinesisvideoarchivedmedia' was successfully resolved to 'd:/DOPAMS/Toystack/dopams-backend-staging/node_modules/aws-sdk/clients/kinesisvideoarchivedmedia.d.ts' with Package ID 'aws-sdk/clients/kinesisvideoarchivedmedia.d.ts@2.1693.0'. ========
======== Resolving module './kinesisvideomedia' from 'd:/DOPAMS/Toystack/dopams-backend-staging/node_modules/aws-sdk/clients/all.d.ts'. ========
Explicitly specified module resolution kind: 'Node10'.
Loading module as file / folder, candidate module location 'd:/DOPAMS/Toystack/dopams-backend-staging/node_modules/aws-sdk/clients/kinesisvideomedia', target file types: TypeScript, Declaration.
File 'd:/DOPAMS/Toystack/dopams-backend-staging/node_modules/aws-sdk/clients/kinesisvideomedia.ts' does not exist.
File 'd:/DOPAMS/Toystack/dopams-backend-staging/node_modules/aws-sdk/clients/kinesisvideomedia.tsx' does not exist.
File 'd:/DOPAMS/Toystack/dopams-backend-staging/node_modules/aws-sdk/clients/kinesisvideomedia.d.ts' exists - use it as a name resolution result.
File 'd:/DOPAMS/Toystack/dopams-backend-staging/node_modules/aws-sdk/package.json' exists according to earlier cached lookups.
======== Module name './kinesisvideomedia' was successfully resolved to 'd:/DOPAMS/Toystack/dopams-backend-staging/node_modules/aws-sdk/clients/kinesisvideomedia.d.ts' with Package ID 'aws-sdk/clients/kinesisvideomedia.d.ts@2.1693.0'. ========
======== Resolving module './kinesisvideo' from 'd:/DOPAMS/Toystack/dopams-backend-staging/node_modules/aws-sdk/clients/all.d.ts'. ========
Explicitly specified module resolution kind: 'Node10'.
Loading module as file / folder, candidate module location 'd:/DOPAMS/Toystack/dopams-backend-staging/node_modules/aws-sdk/clients/kinesisvideo', target file types: TypeScript, Declaration.
File 'd:/DOPAMS/Toystack/dopams-backend-staging/node_modules/aws-sdk/clients/kinesisvideo.ts' does not exist.
File 'd:/DOPAMS/Toystack/dopams-backend-staging/node_modules/aws-sdk/clients/kinesisvideo.tsx' does not exist.
File 'd:/DOPAMS/Toystack/dopams-backend-staging/node_modules/aws-sdk/clients/kinesisvideo.d.ts' exists - use it as a name resolution result.
File 'd:/DOPAMS/Toystack/dopams-backend-staging/node_modules/aws-sdk/package.json' exists according to earlier cached lookups.
======== Module name './kinesisvideo' was successfully resolved to 'd:/DOPAMS/Toystack/dopams-backend-staging/node_modules/aws-sdk/clients/kinesisvideo.d.ts' with Package ID 'aws-sdk/clients/kinesisvideo.d.ts@2.1693.0'. ========
======== Resolving module './sagemakerruntime' from 'd:/DOPAMS/Toystack/dopams-backend-staging/node_modules/aws-sdk/clients/all.d.ts'. ========
Explicitly specified module resolution kind: 'Node10'.
Loading module as file / folder, candidate module location 'd:/DOPAMS/Toystack/dopams-backend-staging/node_modules/aws-sdk/clients/sagemakerruntime', target file types: TypeScript, Declaration.
File 'd:/DOPAMS/Toystack/dopams-backend-staging/node_modules/aws-sdk/clients/sagemakerruntime.ts' does not exist.
File 'd:/DOPAMS/Toystack/dopams-backend-staging/node_modules/aws-sdk/clients/sagemakerruntime.tsx' does not exist.
File 'd:/DOPAMS/Toystack/dopams-backend-staging/node_modules/aws-sdk/clients/sagemakerruntime.d.ts' exists - use it as a name resolution result.
File 'd:/DOPAMS/Toystack/dopams-backend-staging/node_modules/aws-sdk/package.json' exists according to earlier cached lookups.
======== Module name './sagemakerruntime' was successfully resolved to 'd:/DOPAMS/Toystack/dopams-backend-staging/node_modules/aws-sdk/clients/sagemakerruntime.d.ts' with Package ID 'aws-sdk/clients/sagemakerruntime.d.ts@2.1693.0'. ========
======== Resolving module './sagemaker' from 'd:/DOPAMS/Toystack/dopams-backend-staging/node_modules/aws-sdk/clients/all.d.ts'. ========
Explicitly specified module resolution kind: 'Node10'.
Loading module as file / folder, candidate module location 'd:/DOPAMS/Toystack/dopams-backend-staging/node_modules/aws-sdk/clients/sagemaker', target file types: TypeScript, Declaration.
File 'd:/DOPAMS/Toystack/dopams-backend-staging/node_modules/aws-sdk/clients/sagemaker.ts' does not exist.
File 'd:/DOPAMS/Toystack/dopams-backend-staging/node_modules/aws-sdk/clients/sagemaker.tsx' does not exist.
File 'd:/DOPAMS/Toystack/dopams-backend-staging/node_modules/aws-sdk/clients/sagemaker.d.ts' exists - use it as a name resolution result.
File 'd:/DOPAMS/Toystack/dopams-backend-staging/node_modules/aws-sdk/package.json' exists according to earlier cached lookups.
======== Module name './sagemaker' was successfully resolved to 'd:/DOPAMS/Toystack/dopams-backend-staging/node_modules/aws-sdk/clients/sagemaker.d.ts' with Package ID 'aws-sdk/clients/sagemaker.d.ts@2.1693.0'. ========
======== Resolving module './translate' from 'd:/DOPAMS/Toystack/dopams-backend-staging/node_modules/aws-sdk/clients/all.d.ts'. ========
Explicitly specified module resolution kind: 'Node10'.
Loading module as file / folder, candidate module location 'd:/DOPAMS/Toystack/dopams-backend-staging/node_modules/aws-sdk/clients/translate', target file types: TypeScript, Declaration.
File 'd:/DOPAMS/Toystack/dopams-backend-staging/node_modules/aws-sdk/clients/translate.ts' does not exist.
File 'd:/DOPAMS/Toystack/dopams-backend-staging/node_modules/aws-sdk/clients/translate.tsx' does not exist.
File 'd:/DOPAMS/Toystack/dopams-backend-staging/node_modules/aws-sdk/clients/translate.d.ts' exists - use it as a name resolution result.
File 'd:/DOPAMS/Toystack/dopams-backend-staging/node_modules/aws-sdk/package.json' exists according to earlier cached lookups.
======== Module name './translate' was successfully resolved to 'd:/DOPAMS/Toystack/dopams-backend-staging/node_modules/aws-sdk/clients/translate.d.ts' with Package ID 'aws-sdk/clients/translate.d.ts@2.1693.0'. ========
======== Resolving module './resourcegroups' from 'd:/DOPAMS/Toystack/dopams-backend-staging/node_modules/aws-sdk/clients/all.d.ts'. ========
Explicitly specified module resolution kind: 'Node10'.
Loading module as file / folder, candidate module location 'd:/DOPAMS/Toystack/dopams-backend-staging/node_modules/aws-sdk/clients/resourcegroups', target file types: TypeScript, Declaration.
File 'd:/DOPAMS/Toystack/dopams-backend-staging/node_modules/aws-sdk/clients/resourcegroups.ts' does not exist.
File 'd:/DOPAMS/Toystack/dopams-backend-staging/node_modules/aws-sdk/clients/resourcegroups.tsx' does not exist.
File 'd:/DOPAMS/Toystack/dopams-backend-staging/node_modules/aws-sdk/clients/resourcegroups.d.ts' exists - use it as a name resolution result.
File 'd:/DOPAMS/Toystack/dopams-backend-staging/node_modules/aws-sdk/package.json' exists according to earlier cached lookups.
======== Module name './resourcegroups' was successfully resolved to 'd:/DOPAMS/Toystack/dopams-backend-staging/node_modules/aws-sdk/clients/resourcegroups.d.ts' with Package ID 'aws-sdk/clients/resourcegroups.d.ts@2.1693.0'. ========
======== Resolving module './cloud9' from 'd:/DOPAMS/Toystack/dopams-backend-staging/node_modules/aws-sdk/clients/all.d.ts'. ========
Explicitly specified module resolution kind: 'Node10'.
Loading module as file / folder, candidate module location 'd:/DOPAMS/Toystack/dopams-backend-staging/node_modules/aws-sdk/clients/cloud9', target file types: TypeScript, Declaration.
File 'd:/DOPAMS/Toystack/dopams-backend-staging/node_modules/aws-sdk/clients/cloud9.ts' does not exist.
File 'd:/DOPAMS/Toystack/dopams-backend-staging/node_modules/aws-sdk/clients/cloud9.tsx' does not exist.
File 'd:/DOPAMS/Toystack/dopams-backend-staging/node_modules/aws-sdk/clients/cloud9.d.ts' exists - use it as a name resolution result.
File 'd:/DOPAMS/Toystack/dopams-backend-staging/node_modules/aws-sdk/package.json' exists according to earlier cached lookups.
======== Module name './cloud9' was successfully resolved to 'd:/DOPAMS/Toystack/dopams-backend-staging/node_modules/aws-sdk/clients/cloud9.d.ts' with Package ID 'aws-sdk/clients/cloud9.d.ts@2.1693.0'. ========
======== Resolving module './serverlessapplicationrepository' from 'd:/DOPAMS/Toystack/dopams-backend-staging/node_modules/aws-sdk/clients/all.d.ts'. ========
Explicitly specified module resolution kind: 'Node10'.
Loading module as file / folder, candidate module location 'd:/DOPAMS/Toystack/dopams-backend-staging/node_modules/aws-sdk/clients/serverlessapplicationrepository', target file types: TypeScript, Declaration.
File 'd:/DOPAMS/Toystack/dopams-backend-staging/node_modules/aws-sdk/clients/serverlessapplicationrepository.ts' does not exist.
File 'd:/DOPAMS/Toystack/dopams-backend-staging/node_modules/aws-sdk/clients/serverlessapplicationrepository.tsx' does not exist.
File 'd:/DOPAMS/Toystack/dopams-backend-staging/node_modules/aws-sdk/clients/serverlessapplicationrepository.d.ts' exists - use it as a name resolution result.
File 'd:/DOPAMS/Toystack/dopams-backend-staging/node_modules/aws-sdk/package.json' exists according to earlier cached lookups.
======== Module name './serverlessapplicationrepository' was successfully resolved to 'd:/DOPAMS/Toystack/dopams-backend-staging/node_modules/aws-sdk/clients/serverlessapplicationrepository.d.ts' with Package ID 'aws-sdk/clients/serverlessapplicationrepository.d.ts@2.1693.0'. ========
======== Resolving module './servicediscovery' from 'd:/DOPAMS/Toystack/dopams-backend-staging/node_modules/aws-sdk/clients/all.d.ts'. ========
Explicitly specified module resolution kind: 'Node10'.
Loading module as file / folder, candidate module location 'd:/DOPAMS/Toystack/dopams-backend-staging/node_modules/aws-sdk/clients/servicediscovery', target file types: TypeScript, Declaration.
File 'd:/DOPAMS/Toystack/dopams-backend-staging/node_modules/aws-sdk/clients/servicediscovery.ts' does not exist.
File 'd:/DOPAMS/Toystack/dopams-backend-staging/node_modules/aws-sdk/clients/servicediscovery.tsx' does not exist.
File 'd:/DOPAMS/Toystack/dopams-backend-staging/node_modules/aws-sdk/clients/servicediscovery.d.ts' exists - use it as a name resolution result.
File 'd:/DOPAMS/Toystack/dopams-backend-staging/node_modules/aws-sdk/package.json' exists according to earlier cached lookups.
======== Module name './servicediscovery' was successfully resolved to 'd:/DOPAMS/Toystack/dopams-backend-staging/node_modules/aws-sdk/clients/servicediscovery.d.ts' with Package ID 'aws-sdk/clients/servicediscovery.d.ts@2.1693.0'. ========
======== Resolving module './workmail' from 'd:/DOPAMS/Toystack/dopams-backend-staging/node_modules/aws-sdk/clients/all.d.ts'. ========
Explicitly specified module resolution kind: 'Node10'.
Loading module as file / folder, candidate module location 'd:/DOPAMS/Toystack/dopams-backend-staging/node_modules/aws-sdk/clients/workmail', target file types: TypeScript, Declaration.
File 'd:/DOPAMS/Toystack/dopams-backend-staging/node_modules/aws-sdk/clients/workmail.ts' does not exist.
File 'd:/DOPAMS/Toystack/dopams-backend-staging/node_modules/aws-sdk/clients/workmail.tsx' does not exist.
File 'd:/DOPAMS/Toystack/dopams-backend-staging/node_modules/aws-sdk/clients/workmail.d.ts' exists - use it as a name resolution result.
File 'd:/DOPAMS/Toystack/dopams-backend-staging/node_modules/aws-sdk/package.json' exists according to earlier cached lookups.
======== Module name './workmail' was successfully resolved to 'd:/DOPAMS/Toystack/dopams-backend-staging/node_modules/aws-sdk/clients/workmail.d.ts' with Package ID 'aws-sdk/clients/workmail.d.ts@2.1693.0'. ========
======== Resolving module './autoscalingplans' from 'd:/DOPAMS/Toystack/dopams-backend-staging/node_modules/aws-sdk/clients/all.d.ts'. ========
Explicitly specified module resolution kind: 'Node10'.
Loading module as file / folder, candidate module location 'd:/DOPAMS/Toystack/dopams-backend-staging/node_modules/aws-sdk/clients/autoscalingplans', target file types: TypeScript, Declaration.
File 'd:/DOPAMS/Toystack/dopams-backend-staging/node_modules/aws-sdk/clients/autoscalingplans.ts' does not exist.
File 'd:/DOPAMS/Toystack/dopams-backend-staging/node_modules/aws-sdk/clients/autoscalingplans.tsx' does not exist.
File 'd:/DOPAMS/Toystack/dopams-backend-staging/node_modules/aws-sdk/clients/autoscalingplans.d.ts' exists - use it as a name resolution result.
File 'd:/DOPAMS/Toystack/dopams-backend-staging/node_modules/aws-sdk/package.json' exists according to earlier cached lookups.
======== Module name './autoscalingplans' was successfully resolved to 'd:/DOPAMS/Toystack/dopams-backend-staging/node_modules/aws-sdk/clients/autoscalingplans.d.ts' with Package ID 'aws-sdk/clients/autoscalingplans.d.ts@2.1693.0'. ========
======== Resolving module './transcribeservice' from 'd:/DOPAMS/Toystack/dopams-backend-staging/node_modules/aws-sdk/clients/all.d.ts'. ========
Explicitly specified module resolution kind: 'Node10'.
Loading module as file / folder, candidate module location 'd:/DOPAMS/Toystack/dopams-backend-staging/node_modules/aws-sdk/clients/transcribeservice', target file types: TypeScript, Declaration.
File 'd:/DOPAMS/Toystack/dopams-backend-staging/node_modules/aws-sdk/clients/transcribeservice.ts' does not exist.
File 'd:/DOPAMS/Toystack/dopams-backend-staging/node_modules/aws-sdk/clients/transcribeservice.tsx' does not exist.
File 'd:/DOPAMS/Toystack/dopams-backend-staging/node_modules/aws-sdk/clients/transcribeservice.d.ts' exists - use it as a name resolution result.
File 'd:/DOPAMS/Toystack/dopams-backend-staging/node_modules/aws-sdk/package.json' exists according to earlier cached lookups.
======== Module name './transcribeservice' was successfully resolved to 'd:/DOPAMS/Toystack/dopams-backend-staging/node_modules/aws-sdk/clients/transcribeservice.d.ts' with Package ID 'aws-sdk/clients/transcribeservice.d.ts@2.1693.0'. ========
======== Resolving module './connect' from 'd:/DOPAMS/Toystack/dopams-backend-staging/node_modules/aws-sdk/clients/all.d.ts'. ========
Explicitly specified module resolution kind: 'Node10'.
Loading module as file / folder, candidate module location 'd:/DOPAMS/Toystack/dopams-backend-staging/node_modules/aws-sdk/clients/connect', target file types: TypeScript, Declaration.
File 'd:/DOPAMS/Toystack/dopams-backend-staging/node_modules/aws-sdk/clients/connect.ts' does not exist.
File 'd:/DOPAMS/Toystack/dopams-backend-staging/node_modules/aws-sdk/clients/connect.tsx' does not exist.
File 'd:/DOPAMS/Toystack/dopams-backend-staging/node_modules/aws-sdk/clients/connect.d.ts' exists - use it as a name resolution result.
File 'd:/DOPAMS/Toystack/dopams-backend-staging/node_modules/aws-sdk/package.json' exists according to earlier cached lookups.
======== Module name './connect' was successfully resolved to 'd:/DOPAMS/Toystack/dopams-backend-staging/node_modules/aws-sdk/clients/connect.d.ts' with Package ID 'aws-sdk/clients/connect.d.ts@2.1693.0'. ========
======== Resolving module './acmpca' from 'd:/DOPAMS/Toystack/dopams-backend-staging/node_modules/aws-sdk/clients/all.d.ts'. ========
Explicitly specified module resolution kind: 'Node10'.
Loading module as file / folder, candidate module location 'd:/DOPAMS/Toystack/dopams-backend-staging/node_modules/aws-sdk/clients/acmpca', target file types: TypeScript, Declaration.
File 'd:/DOPAMS/Toystack/dopams-backend-staging/node_modules/aws-sdk/clients/acmpca.ts' does not exist.
File 'd:/DOPAMS/Toystack/dopams-backend-staging/node_modules/aws-sdk/clients/acmpca.tsx' does not exist.
File 'd:/DOPAMS/Toystack/dopams-backend-staging/node_modules/aws-sdk/clients/acmpca.d.ts' exists - use it as a name resolution result.
File 'd:/DOPAMS/Toystack/dopams-backend-staging/node_modules/aws-sdk/package.json' exists according to earlier cached lookups.
======== Module name './acmpca' was successfully resolved to 'd:/DOPAMS/Toystack/dopams-backend-staging/node_modules/aws-sdk/clients/acmpca.d.ts' with Package ID 'aws-sdk/clients/acmpca.d.ts@2.1693.0'. ========
======== Resolving module './fms' from 'd:/DOPAMS/Toystack/dopams-backend-staging/node_modules/aws-sdk/clients/all.d.ts'. ========
Explicitly specified module resolution kind: 'Node10'.
Loading module as file / folder, candidate module location 'd:/DOPAMS/Toystack/dopams-backend-staging/node_modules/aws-sdk/clients/fms', target file types: TypeScript, Declaration.
File 'd:/DOPAMS/Toystack/dopams-backend-staging/node_modules/aws-sdk/clients/fms.ts' does not exist.
File 'd:/DOPAMS/Toystack/dopams-backend-staging/node_modules/aws-sdk/clients/fms.tsx' does not exist.
File 'd:/DOPAMS/Toystack/dopams-backend-staging/node_modules/aws-sdk/clients/fms.d.ts' exists - use it as a name resolution result.
File 'd:/DOPAMS/Toystack/dopams-backend-staging/node_modules/aws-sdk/package.json' exists according to earlier cached lookups.
======== Module name './fms' was successfully resolved to 'd:/DOPAMS/Toystack/dopams-backend-staging/node_modules/aws-sdk/clients/fms.d.ts' with Package ID 'aws-sdk/clients/fms.d.ts@2.1693.0'. ========
======== Resolving module './secretsmanager' from 'd:/DOPAMS/Toystack/dopams-backend-staging/node_modules/aws-sdk/clients/all.d.ts'. ========
Explicitly specified module resolution kind: 'Node10'.
Loading module as file / folder, candidate module location 'd:/DOPAMS/Toystack/dopams-backend-staging/node_modules/aws-sdk/clients/secretsmanager', target file types: TypeScript, Declaration.
File 'd:/DOPAMS/Toystack/dopams-backend-staging/node_modules/aws-sdk/clients/secretsmanager.ts' does not exist.
File 'd:/DOPAMS/Toystack/dopams-backend-staging/node_modules/aws-sdk/clients/secretsmanager.tsx' does not exist.
File 'd:/DOPAMS/Toystack/dopams-backend-staging/node_modules/aws-sdk/clients/secretsmanager.d.ts' exists - use it as a name resolution result.
File 'd:/DOPAMS/Toystack/dopams-backend-staging/node_modules/aws-sdk/package.json' exists according to earlier cached lookups.
======== Module name './secretsmanager' was successfully resolved to 'd:/DOPAMS/Toystack/dopams-backend-staging/node_modules/aws-sdk/clients/secretsmanager.d.ts' with Package ID 'aws-sdk/clients/secretsmanager.d.ts@2.1693.0'. ========
======== Resolving module './iotanalytics' from 'd:/DOPAMS/Toystack/dopams-backend-staging/node_modules/aws-sdk/clients/all.d.ts'. ========
Explicitly specified module resolution kind: 'Node10'.
Loading module as file / folder, candidate module location 'd:/DOPAMS/Toystack/dopams-backend-staging/node_modules/aws-sdk/clients/iotanalytics', target file types: TypeScript, Declaration.
File 'd:/DOPAMS/Toystack/dopams-backend-staging/node_modules/aws-sdk/clients/iotanalytics.ts' does not exist.
File 'd:/DOPAMS/Toystack/dopams-backend-staging/node_modules/aws-sdk/clients/iotanalytics.tsx' does not exist.
File 'd:/DOPAMS/Toystack/dopams-backend-staging/node_modules/aws-sdk/clients/iotanalytics.d.ts' exists - use it as a name resolution result.
File 'd:/DOPAMS/Toystack/dopams-backend-staging/node_modules/aws-sdk/package.json' exists according to earlier cached lookups.
======== Module name './iotanalytics' was successfully resolved to 'd:/DOPAMS/Toystack/dopams-backend-staging/node_modules/aws-sdk/clients/iotanalytics.d.ts' with Package ID 'aws-sdk/clients/iotanalytics.d.ts@2.1693.0'. ========
======== Resolving module './iot1clickdevicesservice' from 'd:/DOPAMS/Toystack/dopams-backend-staging/node_modules/aws-sdk/clients/all.d.ts'. ========
Explicitly specified module resolution kind: 'Node10'.
Loading module as file / folder, candidate module location 'd:/DOPAMS/Toystack/dopams-backend-staging/node_modules/aws-sdk/clients/iot1clickdevicesservice', target file types: TypeScript, Declaration.
File 'd:/DOPAMS/Toystack/dopams-backend-staging/node_modules/aws-sdk/clients/iot1clickdevicesservice.ts' does not exist.
File 'd:/DOPAMS/Toystack/dopams-backend-staging/node_modules/aws-sdk/clients/iot1clickdevicesservice.tsx' does not exist.
File 'd:/DOPAMS/Toystack/dopams-backend-staging/node_modules/aws-sdk/clients/iot1clickdevicesservice.d.ts' exists - use it as a name resolution result.
File 'd:/DOPAMS/Toystack/dopams-backend-staging/node_modules/aws-sdk/package.json' exists according to earlier cached lookups.
======== Module name './iot1clickdevicesservice' was successfully resolved to 'd:/DOPAMS/Toystack/dopams-backend-staging/node_modules/aws-sdk/clients/iot1clickdevicesservice.d.ts' with Package ID 'aws-sdk/clients/iot1clickdevicesservice.d.ts@2.1693.0'. ========
======== Resolving module './iot1clickprojects' from 'd:/DOPAMS/Toystack/dopams-backend-staging/node_modules/aws-sdk/clients/all.d.ts'. ========
Explicitly specified module resolution kind: 'Node10'.
Loading module as file / folder, candidate module location 'd:/DOPAMS/Toystack/dopams-backend-staging/node_modules/aws-sdk/clients/iot1clickprojects', target file types: TypeScript, Declaration.
File 'd:/DOPAMS/Toystack/dopams-backend-staging/node_modules/aws-sdk/clients/iot1clickprojects.ts' does not exist.
File 'd:/DOPAMS/Toystack/dopams-backend-staging/node_modules/aws-sdk/clients/iot1clickprojects.tsx' does not exist.
File 'd:/DOPAMS/Toystack/dopams-backend-staging/node_modules/aws-sdk/clients/iot1clickprojects.d.ts' exists - use it as a name resolution result.
File 'd:/DOPAMS/Toystack/dopams-backend-staging/node_modules/aws-sdk/package.json' exists according to earlier cached lookups.
======== Module name './iot1clickprojects' was successfully resolved to 'd:/DOPAMS/Toystack/dopams-backend-staging/node_modules/aws-sdk/clients/iot1clickprojects.d.ts' with Package ID 'aws-sdk/clients/iot1clickprojects.d.ts@2.1693.0'. ========
======== Resolving module './pi' from 'd:/DOPAMS/Toystack/dopams-backend-staging/node_modules/aws-sdk/clients/all.d.ts'. ========
Explicitly specified module resolution kind: 'Node10'.
Loading module as file / folder, candidate module location 'd:/DOPAMS/Toystack/dopams-backend-staging/node_modules/aws-sdk/clients/pi', target file types: TypeScript, Declaration.
File 'd:/DOPAMS/Toystack/dopams-backend-staging/node_modules/aws-sdk/clients/pi.ts' does not exist.
File 'd:/DOPAMS/Toystack/dopams-backend-staging/node_modules/aws-sdk/clients/pi.tsx' does not exist.
File 'd:/DOPAMS/Toystack/dopams-backend-staging/node_modules/aws-sdk/clients/pi.d.ts' exists - use it as a name resolution result.
File 'd:/DOPAMS/Toystack/dopams-backend-staging/node_modules/aws-sdk/package.json' exists according to earlier cached lookups.
======== Module name './pi' was successfully resolved to 'd:/DOPAMS/Toystack/dopams-backend-staging/node_modules/aws-sdk/clients/pi.d.ts' with Package ID 'aws-sdk/clients/pi.d.ts@2.1693.0'. ========
======== Resolving module './neptune' from 'd:/DOPAMS/Toystack/dopams-backend-staging/node_modules/aws-sdk/clients/all.d.ts'. ========
Explicitly specified module resolution kind: 'Node10'.
Loading module as file / folder, candidate module location 'd:/DOPAMS/Toystack/dopams-backend-staging/node_modules/aws-sdk/clients/neptune', target file types: TypeScript, Declaration.
File 'd:/DOPAMS/Toystack/dopams-backend-staging/node_modules/aws-sdk/clients/neptune.ts' does not exist.
File 'd:/DOPAMS/Toystack/dopams-backend-staging/node_modules/aws-sdk/clients/neptune.tsx' does not exist.
File 'd:/DOPAMS/Toystack/dopams-backend-staging/node_modules/aws-sdk/clients/neptune.d.ts' exists - use it as a name resolution result.
File 'd:/DOPAMS/Toystack/dopams-backend-staging/node_modules/aws-sdk/package.json' exists according to earlier cached lookups.
======== Module name './neptune' was successfully resolved to 'd:/DOPAMS/Toystack/dopams-backend-staging/node_modules/aws-sdk/clients/neptune.d.ts' with Package ID 'aws-sdk/clients/neptune.d.ts@2.1693.0'. ========
======== Resolving module './mediatailor' from 'd:/DOPAMS/Toystack/dopams-backend-staging/node_modules/aws-sdk/clients/all.d.ts'. ========
Explicitly specified module resolution kind: 'Node10'.
Loading module as file / folder, candidate module location 'd:/DOPAMS/Toystack/dopams-backend-staging/node_modules/aws-sdk/clients/mediatailor', target file types: TypeScript, Declaration.
File 'd:/DOPAMS/Toystack/dopams-backend-staging/node_modules/aws-sdk/clients/mediatailor.ts' does not exist.
File 'd:/DOPAMS/Toystack/dopams-backend-staging/node_modules/aws-sdk/clients/mediatailor.tsx' does not exist.
File 'd:/DOPAMS/Toystack/dopams-backend-staging/node_modules/aws-sdk/clients/mediatailor.d.ts' exists - use it as a name resolution result.
File 'd:/DOPAMS/Toystack/dopams-backend-staging/node_modules/aws-sdk/package.json' exists according to earlier cached lookups.
======== Module name './mediatailor' was successfully resolved to 'd:/DOPAMS/Toystack/dopams-backend-staging/node_modules/aws-sdk/clients/mediatailor.d.ts' with Package ID 'aws-sdk/clients/mediatailor.d.ts@2.1693.0'. ========
======== Resolving module './eks' from 'd:/DOPAMS/Toystack/dopams-backend-staging/node_modules/aws-sdk/clients/all.d.ts'. ========
Explicitly specified module resolution kind: 'Node10'.
Loading module as file / folder, candidate module location 'd:/DOPAMS/Toystack/dopams-backend-staging/node_modules/aws-sdk/clients/eks', target file types: TypeScript, Declaration.
File 'd:/DOPAMS/Toystack/dopams-backend-staging/node_modules/aws-sdk/clients/eks.ts' does not exist.
File 'd:/DOPAMS/Toystack/dopams-backend-staging/node_modules/aws-sdk/clients/eks.tsx' does not exist.
File 'd:/DOPAMS/Toystack/dopams-backend-staging/node_modules/aws-sdk/clients/eks.d.ts' exists - use it as a name resolution result.
File 'd:/DOPAMS/Toystack/dopams-backend-staging/node_modules/aws-sdk/package.json' exists according to earlier cached lookups.
======== Module name './eks' was successfully resolved to 'd:/DOPAMS/Toystack/dopams-backend-staging/node_modules/aws-sdk/clients/eks.d.ts' with Package ID 'aws-sdk/clients/eks.d.ts@2.1693.0'. ========
======== Resolving module './dlm' from 'd:/DOPAMS/Toystack/dopams-backend-staging/node_modules/aws-sdk/clients/all.d.ts'. ========
Explicitly specified module resolution kind: 'Node10'.
Loading module as file / folder, candidate module location 'd:/DOPAMS/Toystack/dopams-backend-staging/node_modules/aws-sdk/clients/dlm', target file types: TypeScript, Declaration.
File 'd:/DOPAMS/Toystack/dopams-backend-staging/node_modules/aws-sdk/clients/dlm.ts' does not exist.
File 'd:/DOPAMS/Toystack/dopams-backend-staging/node_modules/aws-sdk/clients/dlm.tsx' does not exist.
File 'd:/DOPAMS/Toystack/dopams-backend-staging/node_modules/aws-sdk/clients/dlm.d.ts' exists - use it as a name resolution result.
File 'd:/DOPAMS/Toystack/dopams-backend-staging/node_modules/aws-sdk/package.json' exists according to earlier cached lookups.
======== Module name './dlm' was successfully resolved to 'd:/DOPAMS/Toystack/dopams-backend-staging/node_modules/aws-sdk/clients/dlm.d.ts' with Package ID 'aws-sdk/clients/dlm.d.ts@2.1693.0'. ========
======== Resolving module './signer' from 'd:/DOPAMS/Toystack/dopams-backend-staging/node_modules/aws-sdk/clients/all.d.ts'. ========
Explicitly specified module resolution kind: 'Node10'.
Loading module as file / folder, candidate module location 'd:/DOPAMS/Toystack/dopams-backend-staging/node_modules/aws-sdk/clients/signer', target file types: TypeScript, Declaration.
File 'd:/DOPAMS/Toystack/dopams-backend-staging/node_modules/aws-sdk/clients/signer.ts' does not exist.
File 'd:/DOPAMS/Toystack/dopams-backend-staging/node_modules/aws-sdk/clients/signer.tsx' does not exist.
File 'd:/DOPAMS/Toystack/dopams-backend-staging/node_modules/aws-sdk/clients/signer.d.ts' exists - use it as a name resolution result.
File 'd:/DOPAMS/Toystack/dopams-backend-staging/node_modules/aws-sdk/package.json' exists according to earlier cached lookups.
======== Module name './signer' was successfully resolved to 'd:/DOPAMS/Toystack/dopams-backend-staging/node_modules/aws-sdk/clients/signer.d.ts' with Package ID 'aws-sdk/clients/signer.d.ts@2.1693.0'. ========
======== Resolving module './chime' from 'd:/DOPAMS/Toystack/dopams-backend-staging/node_modules/aws-sdk/clients/all.d.ts'. ========
Explicitly specified module resolution kind: 'Node10'.
Loading module as file / folder, candidate module location 'd:/DOPAMS/Toystack/dopams-backend-staging/node_modules/aws-sdk/clients/chime', target file types: TypeScript, Declaration.
File 'd:/DOPAMS/Toystack/dopams-backend-staging/node_modules/aws-sdk/clients/chime.ts' does not exist.
File 'd:/DOPAMS/Toystack/dopams-backend-staging/node_modules/aws-sdk/clients/chime.tsx' does not exist.
File 'd:/DOPAMS/Toystack/dopams-backend-staging/node_modules/aws-sdk/clients/chime.d.ts' exists - use it as a name resolution result.
File 'd:/DOPAMS/Toystack/dopams-backend-staging/node_modules/aws-sdk/package.json' exists according to earlier cached lookups.
======== Module name './chime' was successfully resolved to 'd:/DOPAMS/Toystack/dopams-backend-staging/node_modules/aws-sdk/clients/chime.d.ts' with Package ID 'aws-sdk/clients/chime.d.ts@2.1693.0'. ========
======== Resolving module './pinpointemail' from 'd:/DOPAMS/Toystack/dopams-backend-staging/node_modules/aws-sdk/clients/all.d.ts'. ========
Explicitly specified module resolution kind: 'Node10'.
Loading module as file / folder, candidate module location 'd:/DOPAMS/Toystack/dopams-backend-staging/node_modules/aws-sdk/clients/pinpointemail', target file types: TypeScript, Declaration.
File 'd:/DOPAMS/Toystack/dopams-backend-staging/node_modules/aws-sdk/clients/pinpointemail.ts' does not exist.
File 'd:/DOPAMS/Toystack/dopams-backend-staging/node_modules/aws-sdk/clients/pinpointemail.tsx' does not exist.
File 'd:/DOPAMS/Toystack/dopams-backend-staging/node_modules/aws-sdk/clients/pinpointemail.d.ts' exists - use it as a name resolution result.
File 'd:/DOPAMS/Toystack/dopams-backend-staging/node_modules/aws-sdk/package.json' exists according to earlier cached lookups.
======== Module name './pinpointemail' was successfully resolved to 'd:/DOPAMS/Toystack/dopams-backend-staging/node_modules/aws-sdk/clients/pinpointemail.d.ts' with Package ID 'aws-sdk/clients/pinpointemail.d.ts@2.1693.0'. ========
======== Resolving module './ram' from 'd:/DOPAMS/Toystack/dopams-backend-staging/node_modules/aws-sdk/clients/all.d.ts'. ========
Explicitly specified module resolution kind: 'Node10'.
Loading module as file / folder, candidate module location 'd:/DOPAMS/Toystack/dopams-backend-staging/node_modules/aws-sdk/clients/ram', target file types: TypeScript, Declaration.
File 'd:/DOPAMS/Toystack/dopams-backend-staging/node_modules/aws-sdk/clients/ram.ts' does not exist.
File 'd:/DOPAMS/Toystack/dopams-backend-staging/node_modules/aws-sdk/clients/ram.tsx' does not exist.
File 'd:/DOPAMS/Toystack/dopams-backend-staging/node_modules/aws-sdk/clients/ram.d.ts' exists - use it as a name resolution result.
File 'd:/DOPAMS/Toystack/dopams-backend-staging/node_modules/aws-sdk/package.json' exists according to earlier cached lookups.
======== Module name './ram' was successfully resolved to 'd:/DOPAMS/Toystack/dopams-backend-staging/node_modules/aws-sdk/clients/ram.d.ts' with Package ID 'aws-sdk/clients/ram.d.ts@2.1693.0'. ========
======== Resolving module './route53resolver' from 'd:/DOPAMS/Toystack/dopams-backend-staging/node_modules/aws-sdk/clients/all.d.ts'. ========
Explicitly specified module resolution kind: 'Node10'.
Loading module as file / folder, candidate module location 'd:/DOPAMS/Toystack/dopams-backend-staging/node_modules/aws-sdk/clients/route53resolver', target file types: TypeScript, Declaration.
File 'd:/DOPAMS/Toystack/dopams-backend-staging/node_modules/aws-sdk/clients/route53resolver.ts' does not exist.
File 'd:/DOPAMS/Toystack/dopams-backend-staging/node_modules/aws-sdk/clients/route53resolver.tsx' does not exist.
File 'd:/DOPAMS/Toystack/dopams-backend-staging/node_modules/aws-sdk/clients/route53resolver.d.ts' exists - use it as a name resolution result.
File 'd:/DOPAMS/Toystack/dopams-backend-staging/node_modules/aws-sdk/package.json' exists according to earlier cached lookups.
======== Module name './route53resolver' was successfully resolved to 'd:/DOPAMS/Toystack/dopams-backend-staging/node_modules/aws-sdk/clients/route53resolver.d.ts' with Package ID 'aws-sdk/clients/route53resolver.d.ts@2.1693.0'. ========
======== Resolving module './pinpointsmsvoice' from 'd:/DOPAMS/Toystack/dopams-backend-staging/node_modules/aws-sdk/clients/all.d.ts'. ========
Explicitly specified module resolution kind: 'Node10'.
Loading module as file / folder, candidate module location 'd:/DOPAMS/Toystack/dopams-backend-staging/node_modules/aws-sdk/clients/pinpointsmsvoice', target file types: TypeScript, Declaration.
File 'd:/DOPAMS/Toystack/dopams-backend-staging/node_modules/aws-sdk/clients/pinpointsmsvoice.ts' does not exist.
File 'd:/DOPAMS/Toystack/dopams-backend-staging/node_modules/aws-sdk/clients/pinpointsmsvoice.tsx' does not exist.
File 'd:/DOPAMS/Toystack/dopams-backend-staging/node_modules/aws-sdk/clients/pinpointsmsvoice.d.ts' exists - use it as a name resolution result.
File 'd:/DOPAMS/Toystack/dopams-backend-staging/node_modules/aws-sdk/package.json' exists according to earlier cached lookups.
======== Module name './pinpointsmsvoice' was successfully resolved to 'd:/DOPAMS/Toystack/dopams-backend-staging/node_modules/aws-sdk/clients/pinpointsmsvoice.d.ts' with Package ID 'aws-sdk/clients/pinpointsmsvoice.d.ts@2.1693.0'. ========
======== Resolving module './quicksight' from 'd:/DOPAMS/Toystack/dopams-backend-staging/node_modules/aws-sdk/clients/all.d.ts'. ========
Explicitly specified module resolution kind: 'Node10'.
Loading module as file / folder, candidate module location 'd:/DOPAMS/Toystack/dopams-backend-staging/node_modules/aws-sdk/clients/quicksight', target file types: TypeScript, Declaration.
File 'd:/DOPAMS/Toystack/dopams-backend-staging/node_modules/aws-sdk/clients/quicksight.ts' does not exist.
File 'd:/DOPAMS/Toystack/dopams-backend-staging/node_modules/aws-sdk/clients/quicksight.tsx' does not exist.
File 'd:/DOPAMS/Toystack/dopams-backend-staging/node_modules/aws-sdk/clients/quicksight.d.ts' exists - use it as a name resolution result.
File 'd:/DOPAMS/Toystack/dopams-backend-staging/node_modules/aws-sdk/package.json' exists according to earlier cached lookups.
======== Module name './quicksight' was successfully resolved to 'd:/DOPAMS/Toystack/dopams-backend-staging/node_modules/aws-sdk/clients/quicksight.d.ts' with Package ID 'aws-sdk/clients/quicksight.d.ts@2.1693.0'. ========
======== Resolving module './rdsdataservice' from 'd:/DOPAMS/Toystack/dopams-backend-staging/node_modules/aws-sdk/clients/all.d.ts'. ========
Explicitly specified module resolution kind: 'Node10'.
Loading module as file / folder, candidate module location 'd:/DOPAMS/Toystack/dopams-backend-staging/node_modules/aws-sdk/clients/rdsdataservice', target file types: TypeScript, Declaration.
File 'd:/DOPAMS/Toystack/dopams-backend-staging/node_modules/aws-sdk/clients/rdsdataservice.ts' does not exist.
File 'd:/DOPAMS/Toystack/dopams-backend-staging/node_modules/aws-sdk/clients/rdsdataservice.tsx' does not exist.
File 'd:/DOPAMS/Toystack/dopams-backend-staging/node_modules/aws-sdk/clients/rdsdataservice.d.ts' exists - use it as a name resolution result.
File 'd:/DOPAMS/Toystack/dopams-backend-staging/node_modules/aws-sdk/package.json' exists according to earlier cached lookups.
======== Module name './rdsdataservice' was successfully resolved to 'd:/DOPAMS/Toystack/dopams-backend-staging/node_modules/aws-sdk/clients/rdsdataservice.d.ts' with Package ID 'aws-sdk/clients/rdsdataservice.d.ts@2.1693.0'. ========
======== Resolving module './amplify' from 'd:/DOPAMS/Toystack/dopams-backend-staging/node_modules/aws-sdk/clients/all.d.ts'. ========
Explicitly specified module resolution kind: 'Node10'.
Loading module as file / folder, candidate module location 'd:/DOPAMS/Toystack/dopams-backend-staging/node_modules/aws-sdk/clients/amplify', target file types: TypeScript, Declaration.
File 'd:/DOPAMS/Toystack/dopams-backend-staging/node_modules/aws-sdk/clients/amplify.ts' does not exist.
File 'd:/DOPAMS/Toystack/dopams-backend-staging/node_modules/aws-sdk/clients/amplify.tsx' does not exist.
File 'd:/DOPAMS/Toystack/dopams-backend-staging/node_modules/aws-sdk/clients/amplify.d.ts' exists - use it as a name resolution result.
File 'd:/DOPAMS/Toystack/dopams-backend-staging/node_modules/aws-sdk/package.json' exists according to earlier cached lookups.
======== Module name './amplify' was successfully resolved to 'd:/DOPAMS/Toystack/dopams-backend-staging/node_modules/aws-sdk/clients/amplify.d.ts' with Package ID 'aws-sdk/clients/amplify.d.ts@2.1693.0'. ========
======== Resolving module './datasync' from 'd:/DOPAMS/Toystack/dopams-backend-staging/node_modules/aws-sdk/clients/all.d.ts'. ========
Explicitly specified module resolution kind: 'Node10'.
Loading module as file / folder, candidate module location 'd:/DOPAMS/Toystack/dopams-backend-staging/node_modules/aws-sdk/clients/datasync', target file types: TypeScript, Declaration.
File 'd:/DOPAMS/Toystack/dopams-backend-staging/node_modules/aws-sdk/clients/datasync.ts' does not exist.
File 'd:/DOPAMS/Toystack/dopams-backend-staging/node_modules/aws-sdk/clients/datasync.tsx' does not exist.
File 'd:/DOPAMS/Toystack/dopams-backend-staging/node_modules/aws-sdk/clients/datasync.d.ts' exists - use it as a name resolution result.
File 'd:/DOPAMS/Toystack/dopams-backend-staging/node_modules/aws-sdk/package.json' exists according to earlier cached lookups.
======== Module name './datasync' was successfully resolved to 'd:/DOPAMS/Toystack/dopams-backend-staging/node_modules/aws-sdk/clients/datasync.d.ts' with Package ID 'aws-sdk/clients/datasync.d.ts@2.1693.0'. ========
======== Resolving module './robomaker' from 'd:/DOPAMS/Toystack/dopams-backend-staging/node_modules/aws-sdk/clients/all.d.ts'. ========
Explicitly specified module resolution kind: 'Node10'.
Loading module as file / folder, candidate module location 'd:/DOPAMS/Toystack/dopams-backend-staging/node_modules/aws-sdk/clients/robomaker', target file types: TypeScript, Declaration.
File 'd:/DOPAMS/Toystack/dopams-backend-staging/node_modules/aws-sdk/clients/robomaker.ts' does not exist.
File 'd:/DOPAMS/Toystack/dopams-backend-staging/node_modules/aws-sdk/clients/robomaker.tsx' does not exist.
File 'd:/DOPAMS/Toystack/dopams-backend-staging/node_modules/aws-sdk/clients/robomaker.d.ts' exists - use it as a name resolution result.
File 'd:/DOPAMS/Toystack/dopams-backend-staging/node_modules/aws-sdk/package.json' exists according to earlier cached lookups.
======== Module name './robomaker' was successfully resolved to 'd:/DOPAMS/Toystack/dopams-backend-staging/node_modules/aws-sdk/clients/robomaker.d.ts' with Package ID 'aws-sdk/clients/robomaker.d.ts@2.1693.0'. ========
======== Resolving module './transfer' from 'd:/DOPAMS/Toystack/dopams-backend-staging/node_modules/aws-sdk/clients/all.d.ts'. ========
Explicitly specified module resolution kind: 'Node10'.
Loading module as file / folder, candidate module location 'd:/DOPAMS/Toystack/dopams-backend-staging/node_modules/aws-sdk/clients/transfer', target file types: TypeScript, Declaration.
File 'd:/DOPAMS/Toystack/dopams-backend-staging/node_modules/aws-sdk/clients/transfer.ts' does not exist.
File 'd:/DOPAMS/Toystack/dopams-backend-staging/node_modules/aws-sdk/clients/transfer.tsx' does not exist.
File 'd:/DOPAMS/Toystack/dopams-backend-staging/node_modules/aws-sdk/clients/transfer.d.ts' exists - use it as a name resolution result.
File 'd:/DOPAMS/Toystack/dopams-backend-staging/node_modules/aws-sdk/package.json' exists according to earlier cached lookups.
======== Module name './transfer' was successfully resolved to 'd:/DOPAMS/Toystack/dopams-backend-staging/node_modules/aws-sdk/clients/transfer.d.ts' with Package ID 'aws-sdk/clients/transfer.d.ts@2.1693.0'. ========
======== Resolving module './globalaccelerator' from 'd:/DOPAMS/Toystack/dopams-backend-staging/node_modules/aws-sdk/clients/all.d.ts'. ========
Explicitly specified module resolution kind: 'Node10'.
Loading module as file / folder, candidate module location 'd:/DOPAMS/Toystack/dopams-backend-staging/node_modules/aws-sdk/clients/globalaccelerator', target file types: TypeScript, Declaration.
File 'd:/DOPAMS/Toystack/dopams-backend-staging/node_modules/aws-sdk/clients/globalaccelerator.ts' does not exist.
File 'd:/DOPAMS/Toystack/dopams-backend-staging/node_modules/aws-sdk/clients/globalaccelerator.tsx' does not exist.
File 'd:/DOPAMS/Toystack/dopams-backend-staging/node_modules/aws-sdk/clients/globalaccelerator.d.ts' exists - use it as a name resolution result.
File 'd:/DOPAMS/Toystack/dopams-backend-staging/node_modules/aws-sdk/package.json' exists according to earlier cached lookups.
======== Module name './globalaccelerator' was successfully resolved to 'd:/DOPAMS/Toystack/dopams-backend-staging/node_modules/aws-sdk/clients/globalaccelerator.d.ts' with Package ID 'aws-sdk/clients/globalaccelerator.d.ts@2.1693.0'. ========
======== Resolving module './comprehendmedical' from 'd:/DOPAMS/Toystack/dopams-backend-staging/node_modules/aws-sdk/clients/all.d.ts'. ========
Explicitly specified module resolution kind: 'Node10'.
Loading module as file / folder, candidate module location 'd:/DOPAMS/Toystack/dopams-backend-staging/node_modules/aws-sdk/clients/comprehendmedical', target file types: TypeScript, Declaration.
File 'd:/DOPAMS/Toystack/dopams-backend-staging/node_modules/aws-sdk/clients/comprehendmedical.ts' does not exist.
File 'd:/DOPAMS/Toystack/dopams-backend-staging/node_modules/aws-sdk/clients/comprehendmedical.tsx' does not exist.
File 'd:/DOPAMS/Toystack/dopams-backend-staging/node_modules/aws-sdk/clients/comprehendmedical.d.ts' exists - use it as a name resolution result.
File 'd:/DOPAMS/Toystack/dopams-backend-staging/node_modules/aws-sdk/package.json' exists according to earlier cached lookups.
======== Module name './comprehendmedical' was successfully resolved to 'd:/DOPAMS/Toystack/dopams-backend-staging/node_modules/aws-sdk/clients/comprehendmedical.d.ts' with Package ID 'aws-sdk/clients/comprehendmedical.d.ts@2.1693.0'. ========
======== Resolving module './kinesisanalyticsv2' from 'd:/DOPAMS/Toystack/dopams-backend-staging/node_modules/aws-sdk/clients/all.d.ts'. ========
Explicitly specified module resolution kind: 'Node10'.
Loading module as file / folder, candidate module location 'd:/DOPAMS/Toystack/dopams-backend-staging/node_modules/aws-sdk/clients/kinesisanalyticsv2', target file types: TypeScript, Declaration.
File 'd:/DOPAMS/Toystack/dopams-backend-staging/node_modules/aws-sdk/clients/kinesisanalyticsv2.ts' does not exist.
File 'd:/DOPAMS/Toystack/dopams-backend-staging/node_modules/aws-sdk/clients/kinesisanalyticsv2.tsx' does not exist.
File 'd:/DOPAMS/Toystack/dopams-backend-staging/node_modules/aws-sdk/clients/kinesisanalyticsv2.d.ts' exists - use it as a name resolution result.
File 'd:/DOPAMS/Toystack/dopams-backend-staging/node_modules/aws-sdk/package.json' exists according to earlier cached lookups.
======== Module name './kinesisanalyticsv2' was successfully resolved to 'd:/DOPAMS/Toystack/dopams-backend-staging/node_modules/aws-sdk/clients/kinesisanalyticsv2.d.ts' with Package ID 'aws-sdk/clients/kinesisanalyticsv2.d.ts@2.1693.0'. ========
======== Resolving module './mediaconnect' from 'd:/DOPAMS/Toystack/dopams-backend-staging/node_modules/aws-sdk/clients/all.d.ts'. ========
Explicitly specified module resolution kind: 'Node10'.
Loading module as file / folder, candidate module location 'd:/DOPAMS/Toystack/dopams-backend-staging/node_modules/aws-sdk/clients/mediaconnect', target file types: TypeScript, Declaration.
File 'd:/DOPAMS/Toystack/dopams-backend-staging/node_modules/aws-sdk/clients/mediaconnect.ts' does not exist.
File 'd:/DOPAMS/Toystack/dopams-backend-staging/node_modules/aws-sdk/clients/mediaconnect.tsx' does not exist.
File 'd:/DOPAMS/Toystack/dopams-backend-staging/node_modules/aws-sdk/clients/mediaconnect.d.ts' exists - use it as a name resolution result.
File 'd:/DOPAMS/Toystack/dopams-backend-staging/node_modules/aws-sdk/package.json' exists according to earlier cached lookups.
======== Module name './mediaconnect' was successfully resolved to 'd:/DOPAMS/Toystack/dopams-backend-staging/node_modules/aws-sdk/clients/mediaconnect.d.ts' with Package ID 'aws-sdk/clients/mediaconnect.d.ts@2.1693.0'. ========
======== Resolving module './fsx' from 'd:/DOPAMS/Toystack/dopams-backend-staging/node_modules/aws-sdk/clients/all.d.ts'. ========
Explicitly specified module resolution kind: 'Node10'.
Loading module as file / folder, candidate module location 'd:/DOPAMS/Toystack/dopams-backend-staging/node_modules/aws-sdk/clients/fsx', target file types: TypeScript, Declaration.
File 'd:/DOPAMS/Toystack/dopams-backend-staging/node_modules/aws-sdk/clients/fsx.ts' does not exist.
File 'd:/DOPAMS/Toystack/dopams-backend-staging/node_modules/aws-sdk/clients/fsx.tsx' does not exist.
File 'd:/DOPAMS/Toystack/dopams-backend-staging/node_modules/aws-sdk/clients/fsx.d.ts' exists - use it as a name resolution result.
File 'd:/DOPAMS/Toystack/dopams-backend-staging/node_modules/aws-sdk/package.json' exists according to earlier cached lookups.
======== Module name './fsx' was successfully resolved to 'd:/DOPAMS/Toystack/dopams-backend-staging/node_modules/aws-sdk/clients/fsx.d.ts' with Package ID 'aws-sdk/clients/fsx.d.ts@2.1693.0'. ========
======== Resolving module './securityhub' from 'd:/DOPAMS/Toystack/dopams-backend-staging/node_modules/aws-sdk/clients/all.d.ts'. ========
Explicitly specified module resolution kind: 'Node10'.
Loading module as file / folder, candidate module location 'd:/DOPAMS/Toystack/dopams-backend-staging/node_modules/aws-sdk/clients/securityhub', target file types: TypeScript, Declaration.
File 'd:/DOPAMS/Toystack/dopams-backend-staging/node_modules/aws-sdk/clients/securityhub.ts' does not exist.
File 'd:/DOPAMS/Toystack/dopams-backend-staging/node_modules/aws-sdk/clients/securityhub.tsx' does not exist.
File 'd:/DOPAMS/Toystack/dopams-backend-staging/node_modules/aws-sdk/clients/securityhub.d.ts' exists - use it as a name resolution result.
File 'd:/DOPAMS/Toystack/dopams-backend-staging/node_modules/aws-sdk/package.json' exists according to earlier cached lookups.
======== Module name './securityhub' was successfully resolved to 'd:/DOPAMS/Toystack/dopams-backend-staging/node_modules/aws-sdk/clients/securityhub.d.ts' with Package ID 'aws-sdk/clients/securityhub.d.ts@2.1693.0'. ========
======== Resolving module './appmesh' from 'd:/DOPAMS/Toystack/dopams-backend-staging/node_modules/aws-sdk/clients/all.d.ts'. ========
Explicitly specified module resolution kind: 'Node10'.
Loading module as file / folder, candidate module location 'd:/DOPAMS/Toystack/dopams-backend-staging/node_modules/aws-sdk/clients/appmesh', target file types: TypeScript, Declaration.
File 'd:/DOPAMS/Toystack/dopams-backend-staging/node_modules/aws-sdk/clients/appmesh.ts' does not exist.
File 'd:/DOPAMS/Toystack/dopams-backend-staging/node_modules/aws-sdk/clients/appmesh.tsx' does not exist.
File 'd:/DOPAMS/Toystack/dopams-backend-staging/node_modules/aws-sdk/clients/appmesh.d.ts' exists - use it as a name resolution result.
File 'd:/DOPAMS/Toystack/dopams-backend-staging/node_modules/aws-sdk/package.json' exists according to earlier cached lookups.
======== Module name './appmesh' was successfully resolved to 'd:/DOPAMS/Toystack/dopams-backend-staging/node_modules/aws-sdk/clients/appmesh.d.ts' with Package ID 'aws-sdk/clients/appmesh.d.ts@2.1693.0'. ========
======== Resolving module './licensemanager' from 'd:/DOPAMS/Toystack/dopams-backend-staging/node_modules/aws-sdk/clients/all.d.ts'. ========
Explicitly specified module resolution kind: 'Node10'.
Loading module as file / folder, candidate module location 'd:/DOPAMS/Toystack/dopams-backend-staging/node_modules/aws-sdk/clients/licensemanager', target file types: TypeScript, Declaration.
File 'd:/DOPAMS/Toystack/dopams-backend-staging/node_modules/aws-sdk/clients/licensemanager.ts' does not exist.
File 'd:/DOPAMS/Toystack/dopams-backend-staging/node_modules/aws-sdk/clients/licensemanager.tsx' does not exist.
File 'd:/DOPAMS/Toystack/dopams-backend-staging/node_modules/aws-sdk/clients/licensemanager.d.ts' exists - use it as a name resolution result.
File 'd:/DOPAMS/Toystack/dopams-backend-staging/node_modules/aws-sdk/package.json' exists according to earlier cached lookups.
======== Module name './licensemanager' was successfully resolved to 'd:/DOPAMS/Toystack/dopams-backend-staging/node_modules/aws-sdk/clients/licensemanager.d.ts' with Package ID 'aws-sdk/clients/licensemanager.d.ts@2.1693.0'. ========
======== Resolving module './kafka' from 'd:/DOPAMS/Toystack/dopams-backend-staging/node_modules/aws-sdk/clients/all.d.ts'. ========
Explicitly specified module resolution kind: 'Node10'.
Loading module as file / folder, candidate module location 'd:/DOPAMS/Toystack/dopams-backend-staging/node_modules/aws-sdk/clients/kafka', target file types: TypeScript, Declaration.
File 'd:/DOPAMS/Toystack/dopams-backend-staging/node_modules/aws-sdk/clients/kafka.ts' does not exist.
File 'd:/DOPAMS/Toystack/dopams-backend-staging/node_modules/aws-sdk/clients/kafka.tsx' does not exist.
File 'd:/DOPAMS/Toystack/dopams-backend-staging/node_modules/aws-sdk/clients/kafka.d.ts' exists - use it as a name resolution result.
File 'd:/DOPAMS/Toystack/dopams-backend-staging/node_modules/aws-sdk/package.json' exists according to earlier cached lookups.
======== Module name './kafka' was successfully resolved to 'd:/DOPAMS/Toystack/dopams-backend-staging/node_modules/aws-sdk/clients/kafka.d.ts' with Package ID 'aws-sdk/clients/kafka.d.ts@2.1693.0'. ========
======== Resolving module './apigatewaymanagementapi' from 'd:/DOPAMS/Toystack/dopams-backend-staging/node_modules/aws-sdk/clients/all.d.ts'. ========
Explicitly specified module resolution kind: 'Node10'.
Loading module as file / folder, candidate module location 'd:/DOPAMS/Toystack/dopams-backend-staging/node_modules/aws-sdk/clients/apigatewaymanagementapi', target file types: TypeScript, Declaration.
File 'd:/DOPAMS/Toystack/dopams-backend-staging/node_modules/aws-sdk/clients/apigatewaymanagementapi.ts' does not exist.
File 'd:/DOPAMS/Toystack/dopams-backend-staging/node_modules/aws-sdk/clients/apigatewaymanagementapi.tsx' does not exist.
File 'd:/DOPAMS/Toystack/dopams-backend-staging/node_modules/aws-sdk/clients/apigatewaymanagementapi.d.ts' exists - use it as a name resolution result.
File 'd:/DOPAMS/Toystack/dopams-backend-staging/node_modules/aws-sdk/package.json' exists according to earlier cached lookups.
======== Module name './apigatewaymanagementapi' was successfully resolved to 'd:/DOPAMS/Toystack/dopams-backend-staging/node_modules/aws-sdk/clients/apigatewaymanagementapi.d.ts' with Package ID 'aws-sdk/clients/apigatewaymanagementapi.d.ts@2.1693.0'. ========
======== Resolving module './apigatewayv2' from 'd:/DOPAMS/Toystack/dopams-backend-staging/node_modules/aws-sdk/clients/all.d.ts'. ========
Explicitly specified module resolution kind: 'Node10'.
Loading module as file / folder, candidate module location 'd:/DOPAMS/Toystack/dopams-backend-staging/node_modules/aws-sdk/clients/apigatewayv2', target file types: TypeScript, Declaration.
File 'd:/DOPAMS/Toystack/dopams-backend-staging/node_modules/aws-sdk/clients/apigatewayv2.ts' does not exist.
File 'd:/DOPAMS/Toystack/dopams-backend-staging/node_modules/aws-sdk/clients/apigatewayv2.tsx' does not exist.
File 'd:/DOPAMS/Toystack/dopams-backend-staging/node_modules/aws-sdk/clients/apigatewayv2.d.ts' exists - use it as a name resolution result.
File 'd:/DOPAMS/Toystack/dopams-backend-staging/node_modules/aws-sdk/package.json' exists according to earlier cached lookups.
======== Module name './apigatewayv2' was successfully resolved to 'd:/DOPAMS/Toystack/dopams-backend-staging/node_modules/aws-sdk/clients/apigatewayv2.d.ts' with Package ID 'aws-sdk/clients/apigatewayv2.d.ts@2.1693.0'. ========
======== Resolving module './docdb' from 'd:/DOPAMS/Toystack/dopams-backend-staging/node_modules/aws-sdk/clients/all.d.ts'. ========
Explicitly specified module resolution kind: 'Node10'.
Loading module as file / folder, candidate module location 'd:/DOPAMS/Toystack/dopams-backend-staging/node_modules/aws-sdk/clients/docdb', target file types: TypeScript, Declaration.
File 'd:/DOPAMS/Toystack/dopams-backend-staging/node_modules/aws-sdk/clients/docdb.ts' does not exist.
File 'd:/DOPAMS/Toystack/dopams-backend-staging/node_modules/aws-sdk/clients/docdb.tsx' does not exist.
File 'd:/DOPAMS/Toystack/dopams-backend-staging/node_modules/aws-sdk/clients/docdb.d.ts' exists - use it as a name resolution result.
File 'd:/DOPAMS/Toystack/dopams-backend-staging/node_modules/aws-sdk/package.json' exists according to earlier cached lookups.
======== Module name './docdb' was successfully resolved to 'd:/DOPAMS/Toystack/dopams-backend-staging/node_modules/aws-sdk/clients/docdb.d.ts' with Package ID 'aws-sdk/clients/docdb.d.ts@2.1693.0'. ========
======== Resolving module './backup' from 'd:/DOPAMS/Toystack/dopams-backend-staging/node_modules/aws-sdk/clients/all.d.ts'. ========
Explicitly specified module resolution kind: 'Node10'.
Loading module as file / folder, candidate module location 'd:/DOPAMS/Toystack/dopams-backend-staging/node_modules/aws-sdk/clients/backup', target file types: TypeScript, Declaration.
File 'd:/DOPAMS/Toystack/dopams-backend-staging/node_modules/aws-sdk/clients/backup.ts' does not exist.
File 'd:/DOPAMS/Toystack/dopams-backend-staging/node_modules/aws-sdk/clients/backup.tsx' does not exist.
File 'd:/DOPAMS/Toystack/dopams-backend-staging/node_modules/aws-sdk/clients/backup.d.ts' exists - use it as a name resolution result.
File 'd:/DOPAMS/Toystack/dopams-backend-staging/node_modules/aws-sdk/package.json' exists according to earlier cached lookups.
======== Module name './backup' was successfully resolved to 'd:/DOPAMS/Toystack/dopams-backend-staging/node_modules/aws-sdk/clients/backup.d.ts' with Package ID 'aws-sdk/clients/backup.d.ts@2.1693.0'. ========
======== Resolving module './worklink' from 'd:/DOPAMS/Toystack/dopams-backend-staging/node_modules/aws-sdk/clients/all.d.ts'. ========
Explicitly specified module resolution kind: 'Node10'.
Loading module as file / folder, candidate module location 'd:/DOPAMS/Toystack/dopams-backend-staging/node_modules/aws-sdk/clients/worklink', target file types: TypeScript, Declaration.
File 'd:/DOPAMS/Toystack/dopams-backend-staging/node_modules/aws-sdk/clients/worklink.ts' does not exist.
File 'd:/DOPAMS/Toystack/dopams-backend-staging/node_modules/aws-sdk/clients/worklink.tsx' does not exist.
File 'd:/DOPAMS/Toystack/dopams-backend-staging/node_modules/aws-sdk/clients/worklink.d.ts' exists - use it as a name resolution result.
File 'd:/DOPAMS/Toystack/dopams-backend-staging/node_modules/aws-sdk/package.json' exists according to earlier cached lookups.
======== Module name './worklink' was successfully resolved to 'd:/DOPAMS/Toystack/dopams-backend-staging/node_modules/aws-sdk/clients/worklink.d.ts' with Package ID 'aws-sdk/clients/worklink.d.ts@2.1693.0'. ========
======== Resolving module './textract' from 'd:/DOPAMS/Toystack/dopams-backend-staging/node_modules/aws-sdk/clients/all.d.ts'. ========
Explicitly specified module resolution kind: 'Node10'.
Loading module as file / folder, candidate module location 'd:/DOPAMS/Toystack/dopams-backend-staging/node_modules/aws-sdk/clients/textract', target file types: TypeScript, Declaration.
File 'd:/DOPAMS/Toystack/dopams-backend-staging/node_modules/aws-sdk/clients/textract.ts' does not exist.
File 'd:/DOPAMS/Toystack/dopams-backend-staging/node_modules/aws-sdk/clients/textract.tsx' does not exist.
File 'd:/DOPAMS/Toystack/dopams-backend-staging/node_modules/aws-sdk/clients/textract.d.ts' exists - use it as a name resolution result.
File 'd:/DOPAMS/Toystack/dopams-backend-staging/node_modules/aws-sdk/package.json' exists according to earlier cached lookups.
======== Module name './textract' was successfully resolved to 'd:/DOPAMS/Toystack/dopams-backend-staging/node_modules/aws-sdk/clients/textract.d.ts' with Package ID 'aws-sdk/clients/textract.d.ts@2.1693.0'. ========
======== Resolving module './managedblockchain' from 'd:/DOPAMS/Toystack/dopams-backend-staging/node_modules/aws-sdk/clients/all.d.ts'. ========
Explicitly specified module resolution kind: 'Node10'.
Loading module as file / folder, candidate module location 'd:/DOPAMS/Toystack/dopams-backend-staging/node_modules/aws-sdk/clients/managedblockchain', target file types: TypeScript, Declaration.
File 'd:/DOPAMS/Toystack/dopams-backend-staging/node_modules/aws-sdk/clients/managedblockchain.ts' does not exist.
File 'd:/DOPAMS/Toystack/dopams-backend-staging/node_modules/aws-sdk/clients/managedblockchain.tsx' does not exist.
File 'd:/DOPAMS/Toystack/dopams-backend-staging/node_modules/aws-sdk/clients/managedblockchain.d.ts' exists - use it as a name resolution result.
File 'd:/DOPAMS/Toystack/dopams-backend-staging/node_modules/aws-sdk/package.json' exists according to earlier cached lookups.
======== Module name './managedblockchain' was successfully resolved to 'd:/DOPAMS/Toystack/dopams-backend-staging/node_modules/aws-sdk/clients/managedblockchain.d.ts' with Package ID 'aws-sdk/clients/managedblockchain.d.ts@2.1693.0'. ========
======== Resolving module './mediapackagevod' from 'd:/DOPAMS/Toystack/dopams-backend-staging/node_modules/aws-sdk/clients/all.d.ts'. ========
Explicitly specified module resolution kind: 'Node10'.
Loading module as file / folder, candidate module location 'd:/DOPAMS/Toystack/dopams-backend-staging/node_modules/aws-sdk/clients/mediapackagevod', target file types: TypeScript, Declaration.
File 'd:/DOPAMS/Toystack/dopams-backend-staging/node_modules/aws-sdk/clients/mediapackagevod.ts' does not exist.
File 'd:/DOPAMS/Toystack/dopams-backend-staging/node_modules/aws-sdk/clients/mediapackagevod.tsx' does not exist.
File 'd:/DOPAMS/Toystack/dopams-backend-staging/node_modules/aws-sdk/clients/mediapackagevod.d.ts' exists - use it as a name resolution result.
File 'd:/DOPAMS/Toystack/dopams-backend-staging/node_modules/aws-sdk/package.json' exists according to earlier cached lookups.
======== Module name './mediapackagevod' was successfully resolved to 'd:/DOPAMS/Toystack/dopams-backend-staging/node_modules/aws-sdk/clients/mediapackagevod.d.ts' with Package ID 'aws-sdk/clients/mediapackagevod.d.ts@2.1693.0'. ========
======== Resolving module './groundstation' from 'd:/DOPAMS/Toystack/dopams-backend-staging/node_modules/aws-sdk/clients/all.d.ts'. ========
Explicitly specified module resolution kind: 'Node10'.
Loading module as file / folder, candidate module location 'd:/DOPAMS/Toystack/dopams-backend-staging/node_modules/aws-sdk/clients/groundstation', target file types: TypeScript, Declaration.
File 'd:/DOPAMS/Toystack/dopams-backend-staging/node_modules/aws-sdk/clients/groundstation.ts' does not exist.
File 'd:/DOPAMS/Toystack/dopams-backend-staging/node_modules/aws-sdk/clients/groundstation.tsx' does not exist.
File 'd:/DOPAMS/Toystack/dopams-backend-staging/node_modules/aws-sdk/clients/groundstation.d.ts' exists - use it as a name resolution result.
File 'd:/DOPAMS/Toystack/dopams-backend-staging/node_modules/aws-sdk/package.json' exists according to earlier cached lookups.
======== Module name './groundstation' was successfully resolved to 'd:/DOPAMS/Toystack/dopams-backend-staging/node_modules/aws-sdk/clients/groundstation.d.ts' with Package ID 'aws-sdk/clients/groundstation.d.ts@2.1693.0'. ========
======== Resolving module './iotthingsgraph' from 'd:/DOPAMS/Toystack/dopams-backend-staging/node_modules/aws-sdk/clients/all.d.ts'. ========
Explicitly specified module resolution kind: 'Node10'.
Loading module as file / folder, candidate module location 'd:/DOPAMS/Toystack/dopams-backend-staging/node_modules/aws-sdk/clients/iotthingsgraph', target file types: TypeScript, Declaration.
File 'd:/DOPAMS/Toystack/dopams-backend-staging/node_modules/aws-sdk/clients/iotthingsgraph.ts' does not exist.
File 'd:/DOPAMS/Toystack/dopams-backend-staging/node_modules/aws-sdk/clients/iotthingsgraph.tsx' does not exist.
File 'd:/DOPAMS/Toystack/dopams-backend-staging/node_modules/aws-sdk/clients/iotthingsgraph.d.ts' exists - use it as a name resolution result.
File 'd:/DOPAMS/Toystack/dopams-backend-staging/node_modules/aws-sdk/package.json' exists according to earlier cached lookups.
======== Module name './iotthingsgraph' was successfully resolved to 'd:/DOPAMS/Toystack/dopams-backend-staging/node_modules/aws-sdk/clients/iotthingsgraph.d.ts' with Package ID 'aws-sdk/clients/iotthingsgraph.d.ts@2.1693.0'. ========
======== Resolving module './iotevents' from 'd:/DOPAMS/Toystack/dopams-backend-staging/node_modules/aws-sdk/clients/all.d.ts'. ========
Explicitly specified module resolution kind: 'Node10'.
Loading module as file / folder, candidate module location 'd:/DOPAMS/Toystack/dopams-backend-staging/node_modules/aws-sdk/clients/iotevents', target file types: TypeScript, Declaration.
File 'd:/DOPAMS/Toystack/dopams-backend-staging/node_modules/aws-sdk/clients/iotevents.ts' does not exist.
File 'd:/DOPAMS/Toystack/dopams-backend-staging/node_modules/aws-sdk/clients/iotevents.tsx' does not exist.
File 'd:/DOPAMS/Toystack/dopams-backend-staging/node_modules/aws-sdk/clients/iotevents.d.ts' exists - use it as a name resolution result.
File 'd:/DOPAMS/Toystack/dopams-backend-staging/node_modules/aws-sdk/package.json' exists according to earlier cached lookups.
======== Module name './iotevents' was successfully resolved to 'd:/DOPAMS/Toystack/dopams-backend-staging/node_modules/aws-sdk/clients/iotevents.d.ts' with Package ID 'aws-sdk/clients/iotevents.d.ts@2.1693.0'. ========
======== Resolving module './ioteventsdata' from 'd:/DOPAMS/Toystack/dopams-backend-staging/node_modules/aws-sdk/clients/all.d.ts'. ========
Explicitly specified module resolution kind: 'Node10'.
Loading module as file / folder, candidate module location 'd:/DOPAMS/Toystack/dopams-backend-staging/node_modules/aws-sdk/clients/ioteventsdata', target file types: TypeScript, Declaration.
File 'd:/DOPAMS/Toystack/dopams-backend-staging/node_modules/aws-sdk/clients/ioteventsdata.ts' does not exist.
File 'd:/DOPAMS/Toystack/dopams-backend-staging/node_modules/aws-sdk/clients/ioteventsdata.tsx' does not exist.
File 'd:/DOPAMS/Toystack/dopams-backend-staging/node_modules/aws-sdk/clients/ioteventsdata.d.ts' exists - use it as a name resolution result.
File 'd:/DOPAMS/Toystack/dopams-backend-staging/node_modules/aws-sdk/package.json' exists according to earlier cached lookups.
======== Module name './ioteventsdata' was successfully resolved to 'd:/DOPAMS/Toystack/dopams-backend-staging/node_modules/aws-sdk/clients/ioteventsdata.d.ts' with Package ID 'aws-sdk/clients/ioteventsdata.d.ts@2.1693.0'. ========
======== Resolving module './personalize' from 'd:/DOPAMS/Toystack/dopams-backend-staging/node_modules/aws-sdk/clients/all.d.ts'. ========
Explicitly specified module resolution kind: 'Node10'.
Loading module as file / folder, candidate module location 'd:/DOPAMS/Toystack/dopams-backend-staging/node_modules/aws-sdk/clients/personalize', target file types: TypeScript, Declaration.
File 'd:/DOPAMS/Toystack/dopams-backend-staging/node_modules/aws-sdk/clients/personalize.ts' does not exist.
File 'd:/DOPAMS/Toystack/dopams-backend-staging/node_modules/aws-sdk/clients/personalize.tsx' does not exist.
File 'd:/DOPAMS/Toystack/dopams-backend-staging/node_modules/aws-sdk/clients/personalize.d.ts' exists - use it as a name resolution result.
File 'd:/DOPAMS/Toystack/dopams-backend-staging/node_modules/aws-sdk/package.json' exists according to earlier cached lookups.
======== Module name './personalize' was successfully resolved to 'd:/DOPAMS/Toystack/dopams-backend-staging/node_modules/aws-sdk/clients/personalize.d.ts' with Package ID 'aws-sdk/clients/personalize.d.ts@2.1693.0'. ========
======== Resolving module './personalizeevents' from 'd:/DOPAMS/Toystack/dopams-backend-staging/node_modules/aws-sdk/clients/all.d.ts'. ========
Explicitly specified module resolution kind: 'Node10'.
Loading module as file / folder, candidate module location 'd:/DOPAMS/Toystack/dopams-backend-staging/node_modules/aws-sdk/clients/personalizeevents', target file types: TypeScript, Declaration.
File 'd:/DOPAMS/Toystack/dopams-backend-staging/node_modules/aws-sdk/clients/personalizeevents.ts' does not exist.
File 'd:/DOPAMS/Toystack/dopams-backend-staging/node_modules/aws-sdk/clients/personalizeevents.tsx' does not exist.
File 'd:/DOPAMS/Toystack/dopams-backend-staging/node_modules/aws-sdk/clients/personalizeevents.d.ts' exists - use it as a name resolution result.
File 'd:/DOPAMS/Toystack/dopams-backend-staging/node_modules/aws-sdk/package.json' exists according to earlier cached lookups.
======== Module name './personalizeevents' was successfully resolved to 'd:/DOPAMS/Toystack/dopams-backend-staging/node_modules/aws-sdk/clients/personalizeevents.d.ts' with Package ID 'aws-sdk/clients/personalizeevents.d.ts@2.1693.0'. ========
======== Resolving module './personalizeruntime' from 'd:/DOPAMS/Toystack/dopams-backend-staging/node_modules/aws-sdk/clients/all.d.ts'. ========
Explicitly specified module resolution kind: 'Node10'.
Loading module as file / folder, candidate module location 'd:/DOPAMS/Toystack/dopams-backend-staging/node_modules/aws-sdk/clients/personalizeruntime', target file types: TypeScript, Declaration.
File 'd:/DOPAMS/Toystack/dopams-backend-staging/node_modules/aws-sdk/clients/personalizeruntime.ts' does not exist.
File 'd:/DOPAMS/Toystack/dopams-backend-staging/node_modules/aws-sdk/clients/personalizeruntime.tsx' does not exist.
File 'd:/DOPAMS/Toystack/dopams-backend-staging/node_modules/aws-sdk/clients/personalizeruntime.d.ts' exists - use it as a name resolution result.
File 'd:/DOPAMS/Toystack/dopams-backend-staging/node_modules/aws-sdk/package.json' exists according to earlier cached lookups.
======== Module name './personalizeruntime' was successfully resolved to 'd:/DOPAMS/Toystack/dopams-backend-staging/node_modules/aws-sdk/clients/personalizeruntime.d.ts' with Package ID 'aws-sdk/clients/personalizeruntime.d.ts@2.1693.0'. ========
======== Resolving module './applicationinsights' from 'd:/DOPAMS/Toystack/dopams-backend-staging/node_modules/aws-sdk/clients/all.d.ts'. ========
Explicitly specified module resolution kind: 'Node10'.
Loading module as file / folder, candidate module location 'd:/DOPAMS/Toystack/dopams-backend-staging/node_modules/aws-sdk/clients/applicationinsights', target file types: TypeScript, Declaration.
File 'd:/DOPAMS/Toystack/dopams-backend-staging/node_modules/aws-sdk/clients/applicationinsights.ts' does not exist.
File 'd:/DOPAMS/Toystack/dopams-backend-staging/node_modules/aws-sdk/clients/applicationinsights.tsx' does not exist.
File 'd:/DOPAMS/Toystack/dopams-backend-staging/node_modules/aws-sdk/clients/applicationinsights.d.ts' exists - use it as a name resolution result.
File 'd:/DOPAMS/Toystack/dopams-backend-staging/node_modules/aws-sdk/package.json' exists according to earlier cached lookups.
======== Module name './applicationinsights' was successfully resolved to 'd:/DOPAMS/Toystack/dopams-backend-staging/node_modules/aws-sdk/clients/applicationinsights.d.ts' with Package ID 'aws-sdk/clients/applicationinsights.d.ts@2.1693.0'. ========
======== Resolving module './servicequotas' from 'd:/DOPAMS/Toystack/dopams-backend-staging/node_modules/aws-sdk/clients/all.d.ts'. ========
Explicitly specified module resolution kind: 'Node10'.
Loading module as file / folder, candidate module location 'd:/DOPAMS/Toystack/dopams-backend-staging/node_modules/aws-sdk/clients/servicequotas', target file types: TypeScript, Declaration.
File 'd:/DOPAMS/Toystack/dopams-backend-staging/node_modules/aws-sdk/clients/servicequotas.ts' does not exist.
File 'd:/DOPAMS/Toystack/dopams-backend-staging/node_modules/aws-sdk/clients/servicequotas.tsx' does not exist.
File 'd:/DOPAMS/Toystack/dopams-backend-staging/node_modules/aws-sdk/clients/servicequotas.d.ts' exists - use it as a name resolution result.
File 'd:/DOPAMS/Toystack/dopams-backend-staging/node_modules/aws-sdk/package.json' exists according to earlier cached lookups.
======== Module name './servicequotas' was successfully resolved to 'd:/DOPAMS/Toystack/dopams-backend-staging/node_modules/aws-sdk/clients/servicequotas.d.ts' with Package ID 'aws-sdk/clients/servicequotas.d.ts@2.1693.0'. ========
======== Resolving module './ec2instanceconnect' from 'd:/DOPAMS/Toystack/dopams-backend-staging/node_modules/aws-sdk/clients/all.d.ts'. ========
Explicitly specified module resolution kind: 'Node10'.
Loading module as file / folder, candidate module location 'd:/DOPAMS/Toystack/dopams-backend-staging/node_modules/aws-sdk/clients/ec2instanceconnect', target file types: TypeScript, Declaration.
File 'd:/DOPAMS/Toystack/dopams-backend-staging/node_modules/aws-sdk/clients/ec2instanceconnect.ts' does not exist.
File 'd:/DOPAMS/Toystack/dopams-backend-staging/node_modules/aws-sdk/clients/ec2instanceconnect.tsx' does not exist.
File 'd:/DOPAMS/Toystack/dopams-backend-staging/node_modules/aws-sdk/clients/ec2instanceconnect.d.ts' exists - use it as a name resolution result.
File 'd:/DOPAMS/Toystack/dopams-backend-staging/node_modules/aws-sdk/package.json' exists according to earlier cached lookups.
======== Module name './ec2instanceconnect' was successfully resolved to 'd:/DOPAMS/Toystack/dopams-backend-staging/node_modules/aws-sdk/clients/ec2instanceconnect.d.ts' with Package ID 'aws-sdk/clients/ec2instanceconnect.d.ts@2.1693.0'. ========
======== Resolving module './eventbridge' from 'd:/DOPAMS/Toystack/dopams-backend-staging/node_modules/aws-sdk/clients/all.d.ts'. ========
Explicitly specified module resolution kind: 'Node10'.
Loading module as file / folder, candidate module location 'd:/DOPAMS/Toystack/dopams-backend-staging/node_modules/aws-sdk/clients/eventbridge', target file types: TypeScript, Declaration.
File 'd:/DOPAMS/Toystack/dopams-backend-staging/node_modules/aws-sdk/clients/eventbridge.ts' does not exist.
File 'd:/DOPAMS/Toystack/dopams-backend-staging/node_modules/aws-sdk/clients/eventbridge.tsx' does not exist.
File 'd:/DOPAMS/Toystack/dopams-backend-staging/node_modules/aws-sdk/clients/eventbridge.d.ts' exists - use it as a name resolution result.
File 'd:/DOPAMS/Toystack/dopams-backend-staging/node_modules/aws-sdk/package.json' exists according to earlier cached lookups.
======== Module name './eventbridge' was successfully resolved to 'd:/DOPAMS/Toystack/dopams-backend-staging/node_modules/aws-sdk/clients/eventbridge.d.ts' with Package ID 'aws-sdk/clients/eventbridge.d.ts@2.1693.0'. ========
======== Resolving module './lakeformation' from 'd:/DOPAMS/Toystack/dopams-backend-staging/node_modules/aws-sdk/clients/all.d.ts'. ========
Explicitly specified module resolution kind: 'Node10'.
Loading module as file / folder, candidate module location 'd:/DOPAMS/Toystack/dopams-backend-staging/node_modules/aws-sdk/clients/lakeformation', target file types: TypeScript, Declaration.
File 'd:/DOPAMS/Toystack/dopams-backend-staging/node_modules/aws-sdk/clients/lakeformation.ts' does not exist.
File 'd:/DOPAMS/Toystack/dopams-backend-staging/node_modules/aws-sdk/clients/lakeformation.tsx' does not exist.
File 'd:/DOPAMS/Toystack/dopams-backend-staging/node_modules/aws-sdk/clients/lakeformation.d.ts' exists - use it as a name resolution result.
File 'd:/DOPAMS/Toystack/dopams-backend-staging/node_modules/aws-sdk/package.json' exists according to earlier cached lookups.
======== Module name './lakeformation' was successfully resolved to 'd:/DOPAMS/Toystack/dopams-backend-staging/node_modules/aws-sdk/clients/lakeformation.d.ts' with Package ID 'aws-sdk/clients/lakeformation.d.ts@2.1693.0'. ========
======== Resolving module './forecastservice' from 'd:/DOPAMS/Toystack/dopams-backend-staging/node_modules/aws-sdk/clients/all.d.ts'. ========
Explicitly specified module resolution kind: 'Node10'.
Loading module as file / folder, candidate module location 'd:/DOPAMS/Toystack/dopams-backend-staging/node_modules/aws-sdk/clients/forecastservice', target file types: TypeScript, Declaration.
File 'd:/DOPAMS/Toystack/dopams-backend-staging/node_modules/aws-sdk/clients/forecastservice.ts' does not exist.
File 'd:/DOPAMS/Toystack/dopams-backend-staging/node_modules/aws-sdk/clients/forecastservice.tsx' does not exist.
File 'd:/DOPAMS/Toystack/dopams-backend-staging/node_modules/aws-sdk/clients/forecastservice.d.ts' exists - use it as a name resolution result.
File 'd:/DOPAMS/Toystack/dopams-backend-staging/node_modules/aws-sdk/package.json' exists according to earlier cached lookups.
======== Module name './forecastservice' was successfully resolved to 'd:/DOPAMS/Toystack/dopams-backend-staging/node_modules/aws-sdk/clients/forecastservice.d.ts' with Package ID 'aws-sdk/clients/forecastservice.d.ts@2.1693.0'. ========
======== Resolving module './forecastqueryservice' from 'd:/DOPAMS/Toystack/dopams-backend-staging/node_modules/aws-sdk/clients/all.d.ts'. ========
Explicitly specified module resolution kind: 'Node10'.
Loading module as file / folder, candidate module location 'd:/DOPAMS/Toystack/dopams-backend-staging/node_modules/aws-sdk/clients/forecastqueryservice', target file types: TypeScript, Declaration.
File 'd:/DOPAMS/Toystack/dopams-backend-staging/node_modules/aws-sdk/clients/forecastqueryservice.ts' does not exist.
File 'd:/DOPAMS/Toystack/dopams-backend-staging/node_modules/aws-sdk/clients/forecastqueryservice.tsx' does not exist.
File 'd:/DOPAMS/Toystack/dopams-backend-staging/node_modules/aws-sdk/clients/forecastqueryservice.d.ts' exists - use it as a name resolution result.
File 'd:/DOPAMS/Toystack/dopams-backend-staging/node_modules/aws-sdk/package.json' exists according to earlier cached lookups.
======== Module name './forecastqueryservice' was successfully resolved to 'd:/DOPAMS/Toystack/dopams-backend-staging/node_modules/aws-sdk/clients/forecastqueryservice.d.ts' with Package ID 'aws-sdk/clients/forecastqueryservice.d.ts@2.1693.0'. ========
======== Resolving module './qldb' from 'd:/DOPAMS/Toystack/dopams-backend-staging/node_modules/aws-sdk/clients/all.d.ts'. ========
Explicitly specified module resolution kind: 'Node10'.
Loading module as file / folder, candidate module location 'd:/DOPAMS/Toystack/dopams-backend-staging/node_modules/aws-sdk/clients/qldb', target file types: TypeScript, Declaration.
File 'd:/DOPAMS/Toystack/dopams-backend-staging/node_modules/aws-sdk/clients/qldb.ts' does not exist.
File 'd:/DOPAMS/Toystack/dopams-backend-staging/node_modules/aws-sdk/clients/qldb.tsx' does not exist.
File 'd:/DOPAMS/Toystack/dopams-backend-staging/node_modules/aws-sdk/clients/qldb.d.ts' exists - use it as a name resolution result.
File 'd:/DOPAMS/Toystack/dopams-backend-staging/node_modules/aws-sdk/package.json' exists according to earlier cached lookups.
======== Module name './qldb' was successfully resolved to 'd:/DOPAMS/Toystack/dopams-backend-staging/node_modules/aws-sdk/clients/qldb.d.ts' with Package ID 'aws-sdk/clients/qldb.d.ts@2.1693.0'. ========
======== Resolving module './qldbsession' from 'd:/DOPAMS/Toystack/dopams-backend-staging/node_modules/aws-sdk/clients/all.d.ts'. ========
Explicitly specified module resolution kind: 'Node10'.
Loading module as file / folder, candidate module location 'd:/DOPAMS/Toystack/dopams-backend-staging/node_modules/aws-sdk/clients/qldbsession', target file types: TypeScript, Declaration.
File 'd:/DOPAMS/Toystack/dopams-backend-staging/node_modules/aws-sdk/clients/qldbsession.ts' does not exist.
File 'd:/DOPAMS/Toystack/dopams-backend-staging/node_modules/aws-sdk/clients/qldbsession.tsx' does not exist.
File 'd:/DOPAMS/Toystack/dopams-backend-staging/node_modules/aws-sdk/clients/qldbsession.d.ts' exists - use it as a name resolution result.
File 'd:/DOPAMS/Toystack/dopams-backend-staging/node_modules/aws-sdk/package.json' exists according to earlier cached lookups.
======== Module name './qldbsession' was successfully resolved to 'd:/DOPAMS/Toystack/dopams-backend-staging/node_modules/aws-sdk/clients/qldbsession.d.ts' with Package ID 'aws-sdk/clients/qldbsession.d.ts@2.1693.0'. ========
======== Resolving module './workmailmessageflow' from 'd:/DOPAMS/Toystack/dopams-backend-staging/node_modules/aws-sdk/clients/all.d.ts'. ========
Explicitly specified module resolution kind: 'Node10'.
Loading module as file / folder, candidate module location 'd:/DOPAMS/Toystack/dopams-backend-staging/node_modules/aws-sdk/clients/workmailmessageflow', target file types: TypeScript, Declaration.
File 'd:/DOPAMS/Toystack/dopams-backend-staging/node_modules/aws-sdk/clients/workmailmessageflow.ts' does not exist.
File 'd:/DOPAMS/Toystack/dopams-backend-staging/node_modules/aws-sdk/clients/workmailmessageflow.tsx' does not exist.
File 'd:/DOPAMS/Toystack/dopams-backend-staging/node_modules/aws-sdk/clients/workmailmessageflow.d.ts' exists - use it as a name resolution result.
File 'd:/DOPAMS/Toystack/dopams-backend-staging/node_modules/aws-sdk/package.json' exists according to earlier cached lookups.
======== Module name './workmailmessageflow' was successfully resolved to 'd:/DOPAMS/Toystack/dopams-backend-staging/node_modules/aws-sdk/clients/workmailmessageflow.d.ts' with Package ID 'aws-sdk/clients/workmailmessageflow.d.ts@2.1693.0'. ========
======== Resolving module './codestarnotifications' from 'd:/DOPAMS/Toystack/dopams-backend-staging/node_modules/aws-sdk/clients/all.d.ts'. ========
Explicitly specified module resolution kind: 'Node10'.
Loading module as file / folder, candidate module location 'd:/DOPAMS/Toystack/dopams-backend-staging/node_modules/aws-sdk/clients/codestarnotifications', target file types: TypeScript, Declaration.
File 'd:/DOPAMS/Toystack/dopams-backend-staging/node_modules/aws-sdk/clients/codestarnotifications.ts' does not exist.
File 'd:/DOPAMS/Toystack/dopams-backend-staging/node_modules/aws-sdk/clients/codestarnotifications.tsx' does not exist.
File 'd:/DOPAMS/Toystack/dopams-backend-staging/node_modules/aws-sdk/clients/codestarnotifications.d.ts' exists - use it as a name resolution result.
File 'd:/DOPAMS/Toystack/dopams-backend-staging/node_modules/aws-sdk/package.json' exists according to earlier cached lookups.
======== Module name './codestarnotifications' was successfully resolved to 'd:/DOPAMS/Toystack/dopams-backend-staging/node_modules/aws-sdk/clients/codestarnotifications.d.ts' with Package ID 'aws-sdk/clients/codestarnotifications.d.ts@2.1693.0'. ========
======== Resolving module './savingsplans' from 'd:/DOPAMS/Toystack/dopams-backend-staging/node_modules/aws-sdk/clients/all.d.ts'. ========
Explicitly specified module resolution kind: 'Node10'.
Loading module as file / folder, candidate module location 'd:/DOPAMS/Toystack/dopams-backend-staging/node_modules/aws-sdk/clients/savingsplans', target file types: TypeScript, Declaration.
File 'd:/DOPAMS/Toystack/dopams-backend-staging/node_modules/aws-sdk/clients/savingsplans.ts' does not exist.
File 'd:/DOPAMS/Toystack/dopams-backend-staging/node_modules/aws-sdk/clients/savingsplans.tsx' does not exist.
File 'd:/DOPAMS/Toystack/dopams-backend-staging/node_modules/aws-sdk/clients/savingsplans.d.ts' exists - use it as a name resolution result.
File 'd:/DOPAMS/Toystack/dopams-backend-staging/node_modules/aws-sdk/package.json' exists according to earlier cached lookups.
======== Module name './savingsplans' was successfully resolved to 'd:/DOPAMS/Toystack/dopams-backend-staging/node_modules/aws-sdk/clients/savingsplans.d.ts' with Package ID 'aws-sdk/clients/savingsplans.d.ts@2.1693.0'. ========
======== Resolving module './sso' from 'd:/DOPAMS/Toystack/dopams-backend-staging/node_modules/aws-sdk/clients/all.d.ts'. ========
Explicitly specified module resolution kind: 'Node10'.
Loading module as file / folder, candidate module location 'd:/DOPAMS/Toystack/dopams-backend-staging/node_modules/aws-sdk/clients/sso', target file types: TypeScript, Declaration.
File 'd:/DOPAMS/Toystack/dopams-backend-staging/node_modules/aws-sdk/clients/sso.ts' does not exist.
File 'd:/DOPAMS/Toystack/dopams-backend-staging/node_modules/aws-sdk/clients/sso.tsx' does not exist.
File 'd:/DOPAMS/Toystack/dopams-backend-staging/node_modules/aws-sdk/clients/sso.d.ts' exists - use it as a name resolution result.
File 'd:/DOPAMS/Toystack/dopams-backend-staging/node_modules/aws-sdk/package.json' exists according to earlier cached lookups.
======== Module name './sso' was successfully resolved to 'd:/DOPAMS/Toystack/dopams-backend-staging/node_modules/aws-sdk/clients/sso.d.ts' with Package ID 'aws-sdk/clients/sso.d.ts@2.1693.0'. ========
======== Resolving module './ssooidc' from 'd:/DOPAMS/Toystack/dopams-backend-staging/node_modules/aws-sdk/clients/all.d.ts'. ========
Explicitly specified module resolution kind: 'Node10'.
Loading module as file / folder, candidate module location 'd:/DOPAMS/Toystack/dopams-backend-staging/node_modules/aws-sdk/clients/ssooidc', target file types: TypeScript, Declaration.
File 'd:/DOPAMS/Toystack/dopams-backend-staging/node_modules/aws-sdk/clients/ssooidc.ts' does not exist.
File 'd:/DOPAMS/Toystack/dopams-backend-staging/node_modules/aws-sdk/clients/ssooidc.tsx' does not exist.
File 'd:/DOPAMS/Toystack/dopams-backend-staging/node_modules/aws-sdk/clients/ssooidc.d.ts' exists - use it as a name resolution result.
File 'd:/DOPAMS/Toystack/dopams-backend-staging/node_modules/aws-sdk/package.json' exists according to earlier cached lookups.
======== Module name './ssooidc' was successfully resolved to 'd:/DOPAMS/Toystack/dopams-backend-staging/node_modules/aws-sdk/clients/ssooidc.d.ts' with Package ID 'aws-sdk/clients/ssooidc.d.ts@2.1693.0'. ========
======== Resolving module './marketplacecatalog' from 'd:/DOPAMS/Toystack/dopams-backend-staging/node_modules/aws-sdk/clients/all.d.ts'. ========
Explicitly specified module resolution kind: 'Node10'.
Loading module as file / folder, candidate module location 'd:/DOPAMS/Toystack/dopams-backend-staging/node_modules/aws-sdk/clients/marketplacecatalog', target file types: TypeScript, Declaration.
File 'd:/DOPAMS/Toystack/dopams-backend-staging/node_modules/aws-sdk/clients/marketplacecatalog.ts' does not exist.
File 'd:/DOPAMS/Toystack/dopams-backend-staging/node_modules/aws-sdk/clients/marketplacecatalog.tsx' does not exist.
File 'd:/DOPAMS/Toystack/dopams-backend-staging/node_modules/aws-sdk/clients/marketplacecatalog.d.ts' exists - use it as a name resolution result.
File 'd:/DOPAMS/Toystack/dopams-backend-staging/node_modules/aws-sdk/package.json' exists according to earlier cached lookups.
======== Module name './marketplacecatalog' was successfully resolved to 'd:/DOPAMS/Toystack/dopams-backend-staging/node_modules/aws-sdk/clients/marketplacecatalog.d.ts' with Package ID 'aws-sdk/clients/marketplacecatalog.d.ts@2.1693.0'. ========
======== Resolving module './dataexchange' from 'd:/DOPAMS/Toystack/dopams-backend-staging/node_modules/aws-sdk/clients/all.d.ts'. ========
Explicitly specified module resolution kind: 'Node10'.
Loading module as file / folder, candidate module location 'd:/DOPAMS/Toystack/dopams-backend-staging/node_modules/aws-sdk/clients/dataexchange', target file types: TypeScript, Declaration.
File 'd:/DOPAMS/Toystack/dopams-backend-staging/node_modules/aws-sdk/clients/dataexchange.ts' does not exist.
File 'd:/DOPAMS/Toystack/dopams-backend-staging/node_modules/aws-sdk/clients/dataexchange.tsx' does not exist.
File 'd:/DOPAMS/Toystack/dopams-backend-staging/node_modules/aws-sdk/clients/dataexchange.d.ts' exists - use it as a name resolution result.
File 'd:/DOPAMS/Toystack/dopams-backend-staging/node_modules/aws-sdk/package.json' exists according to earlier cached lookups.
======== Module name './dataexchange' was successfully resolved to 'd:/DOPAMS/Toystack/dopams-backend-staging/node_modules/aws-sdk/clients/dataexchange.d.ts' with Package ID 'aws-sdk/clients/dataexchange.d.ts@2.1693.0'. ========
======== Resolving module './sesv2' from 'd:/DOPAMS/Toystack/dopams-backend-staging/node_modules/aws-sdk/clients/all.d.ts'. ========
Explicitly specified module resolution kind: 'Node10'.
Loading module as file / folder, candidate module location 'd:/DOPAMS/Toystack/dopams-backend-staging/node_modules/aws-sdk/clients/sesv2', target file types: TypeScript, Declaration.
File 'd:/DOPAMS/Toystack/dopams-backend-staging/node_modules/aws-sdk/clients/sesv2.ts' does not exist.
File 'd:/DOPAMS/Toystack/dopams-backend-staging/node_modules/aws-sdk/clients/sesv2.tsx' does not exist.
File 'd:/DOPAMS/Toystack/dopams-backend-staging/node_modules/aws-sdk/clients/sesv2.d.ts' exists - use it as a name resolution result.
File 'd:/DOPAMS/Toystack/dopams-backend-staging/node_modules/aws-sdk/package.json' exists according to earlier cached lookups.
======== Module name './sesv2' was successfully resolved to 'd:/DOPAMS/Toystack/dopams-backend-staging/node_modules/aws-sdk/clients/sesv2.d.ts' with Package ID 'aws-sdk/clients/sesv2.d.ts@2.1693.0'. ========
======== Resolving module './migrationhubconfig' from 'd:/DOPAMS/Toystack/dopams-backend-staging/node_modules/aws-sdk/clients/all.d.ts'. ========
Explicitly specified module resolution kind: 'Node10'.
Loading module as file / folder, candidate module location 'd:/DOPAMS/Toystack/dopams-backend-staging/node_modules/aws-sdk/clients/migrationhubconfig', target file types: TypeScript, Declaration.
File 'd:/DOPAMS/Toystack/dopams-backend-staging/node_modules/aws-sdk/clients/migrationhubconfig.ts' does not exist.
File 'd:/DOPAMS/Toystack/dopams-backend-staging/node_modules/aws-sdk/clients/migrationhubconfig.tsx' does not exist.
File 'd:/DOPAMS/Toystack/dopams-backend-staging/node_modules/aws-sdk/clients/migrationhubconfig.d.ts' exists - use it as a name resolution result.
File 'd:/DOPAMS/Toystack/dopams-backend-staging/node_modules/aws-sdk/package.json' exists according to earlier cached lookups.
======== Module name './migrationhubconfig' was successfully resolved to 'd:/DOPAMS/Toystack/dopams-backend-staging/node_modules/aws-sdk/clients/migrationhubconfig.d.ts' with Package ID 'aws-sdk/clients/migrationhubconfig.d.ts@2.1693.0'. ========
======== Resolving module './connectparticipant' from 'd:/DOPAMS/Toystack/dopams-backend-staging/node_modules/aws-sdk/clients/all.d.ts'. ========
Explicitly specified module resolution kind: 'Node10'.
Loading module as file / folder, candidate module location 'd:/DOPAMS/Toystack/dopams-backend-staging/node_modules/aws-sdk/clients/connectparticipant', target file types: TypeScript, Declaration.
File 'd:/DOPAMS/Toystack/dopams-backend-staging/node_modules/aws-sdk/clients/connectparticipant.ts' does not exist.
File 'd:/DOPAMS/Toystack/dopams-backend-staging/node_modules/aws-sdk/clients/connectparticipant.tsx' does not exist.
File 'd:/DOPAMS/Toystack/dopams-backend-staging/node_modules/aws-sdk/clients/connectparticipant.d.ts' exists - use it as a name resolution result.
File 'd:/DOPAMS/Toystack/dopams-backend-staging/node_modules/aws-sdk/package.json' exists according to earlier cached lookups.
======== Module name './connectparticipant' was successfully resolved to 'd:/DOPAMS/Toystack/dopams-backend-staging/node_modules/aws-sdk/clients/connectparticipant.d.ts' with Package ID 'aws-sdk/clients/connectparticipant.d.ts@2.1693.0'. ========
======== Resolving module './appconfig' from 'd:/DOPAMS/Toystack/dopams-backend-staging/node_modules/aws-sdk/clients/all.d.ts'. ========
Explicitly specified module resolution kind: 'Node10'.
Loading module as file / folder, candidate module location 'd:/DOPAMS/Toystack/dopams-backend-staging/node_modules/aws-sdk/clients/appconfig', target file types: TypeScript, Declaration.
File 'd:/DOPAMS/Toystack/dopams-backend-staging/node_modules/aws-sdk/clients/appconfig.ts' does not exist.
File 'd:/DOPAMS/Toystack/dopams-backend-staging/node_modules/aws-sdk/clients/appconfig.tsx' does not exist.
File 'd:/DOPAMS/Toystack/dopams-backend-staging/node_modules/aws-sdk/clients/appconfig.d.ts' exists - use it as a name resolution result.
File 'd:/DOPAMS/Toystack/dopams-backend-staging/node_modules/aws-sdk/package.json' exists according to earlier cached lookups.
======== Module name './appconfig' was successfully resolved to 'd:/DOPAMS/Toystack/dopams-backend-staging/node_modules/aws-sdk/clients/appconfig.d.ts' with Package ID 'aws-sdk/clients/appconfig.d.ts@2.1693.0'. ========
======== Resolving module './iotsecuretunneling' from 'd:/DOPAMS/Toystack/dopams-backend-staging/node_modules/aws-sdk/clients/all.d.ts'. ========
Explicitly specified module resolution kind: 'Node10'.
Loading module as file / folder, candidate module location 'd:/DOPAMS/Toystack/dopams-backend-staging/node_modules/aws-sdk/clients/iotsecuretunneling', target file types: TypeScript, Declaration.
File 'd:/DOPAMS/Toystack/dopams-backend-staging/node_modules/aws-sdk/clients/iotsecuretunneling.ts' does not exist.
File 'd:/DOPAMS/Toystack/dopams-backend-staging/node_modules/aws-sdk/clients/iotsecuretunneling.tsx' does not exist.
File 'd:/DOPAMS/Toystack/dopams-backend-staging/node_modules/aws-sdk/clients/iotsecuretunneling.d.ts' exists - use it as a name resolution result.
File 'd:/DOPAMS/Toystack/dopams-backend-staging/node_modules/aws-sdk/package.json' exists according to earlier cached lookups.
======== Module name './iotsecuretunneling' was successfully resolved to 'd:/DOPAMS/Toystack/dopams-backend-staging/node_modules/aws-sdk/clients/iotsecuretunneling.d.ts' with Package ID 'aws-sdk/clients/iotsecuretunneling.d.ts@2.1693.0'. ========
======== Resolving module './wafv2' from 'd:/DOPAMS/Toystack/dopams-backend-staging/node_modules/aws-sdk/clients/all.d.ts'. ========
Explicitly specified module resolution kind: 'Node10'.
Loading module as file / folder, candidate module location 'd:/DOPAMS/Toystack/dopams-backend-staging/node_modules/aws-sdk/clients/wafv2', target file types: TypeScript, Declaration.
File 'd:/DOPAMS/Toystack/dopams-backend-staging/node_modules/aws-sdk/clients/wafv2.ts' does not exist.
File 'd:/DOPAMS/Toystack/dopams-backend-staging/node_modules/aws-sdk/clients/wafv2.tsx' does not exist.
File 'd:/DOPAMS/Toystack/dopams-backend-staging/node_modules/aws-sdk/clients/wafv2.d.ts' exists - use it as a name resolution result.
File 'd:/DOPAMS/Toystack/dopams-backend-staging/node_modules/aws-sdk/package.json' exists according to earlier cached lookups.
======== Module name './wafv2' was successfully resolved to 'd:/DOPAMS/Toystack/dopams-backend-staging/node_modules/aws-sdk/clients/wafv2.d.ts' with Package ID 'aws-sdk/clients/wafv2.d.ts@2.1693.0'. ========
======== Resolving module './elasticinference' from 'd:/DOPAMS/Toystack/dopams-backend-staging/node_modules/aws-sdk/clients/all.d.ts'. ========
Explicitly specified module resolution kind: 'Node10'.
Loading module as file / folder, candidate module location 'd:/DOPAMS/Toystack/dopams-backend-staging/node_modules/aws-sdk/clients/elasticinference', target file types: TypeScript, Declaration.
File 'd:/DOPAMS/Toystack/dopams-backend-staging/node_modules/aws-sdk/clients/elasticinference.ts' does not exist.
File 'd:/DOPAMS/Toystack/dopams-backend-staging/node_modules/aws-sdk/clients/elasticinference.tsx' does not exist.
File 'd:/DOPAMS/Toystack/dopams-backend-staging/node_modules/aws-sdk/clients/elasticinference.d.ts' exists - use it as a name resolution result.
File 'd:/DOPAMS/Toystack/dopams-backend-staging/node_modules/aws-sdk/package.json' exists according to earlier cached lookups.
======== Module name './elasticinference' was successfully resolved to 'd:/DOPAMS/Toystack/dopams-backend-staging/node_modules/aws-sdk/clients/elasticinference.d.ts' with Package ID 'aws-sdk/clients/elasticinference.d.ts@2.1693.0'. ========
======== Resolving module './imagebuilder' from 'd:/DOPAMS/Toystack/dopams-backend-staging/node_modules/aws-sdk/clients/all.d.ts'. ========
Explicitly specified module resolution kind: 'Node10'.
Loading module as file / folder, candidate module location 'd:/DOPAMS/Toystack/dopams-backend-staging/node_modules/aws-sdk/clients/imagebuilder', target file types: TypeScript, Declaration.
File 'd:/DOPAMS/Toystack/dopams-backend-staging/node_modules/aws-sdk/clients/imagebuilder.ts' does not exist.
File 'd:/DOPAMS/Toystack/dopams-backend-staging/node_modules/aws-sdk/clients/imagebuilder.tsx' does not exist.
File 'd:/DOPAMS/Toystack/dopams-backend-staging/node_modules/aws-sdk/clients/imagebuilder.d.ts' exists - use it as a name resolution result.
File 'd:/DOPAMS/Toystack/dopams-backend-staging/node_modules/aws-sdk/package.json' exists according to earlier cached lookups.
======== Module name './imagebuilder' was successfully resolved to 'd:/DOPAMS/Toystack/dopams-backend-staging/node_modules/aws-sdk/clients/imagebuilder.d.ts' with Package ID 'aws-sdk/clients/imagebuilder.d.ts@2.1693.0'. ========
======== Resolving module './schemas' from 'd:/DOPAMS/Toystack/dopams-backend-staging/node_modules/aws-sdk/clients/all.d.ts'. ========
Explicitly specified module resolution kind: 'Node10'.
Loading module as file / folder, candidate module location 'd:/DOPAMS/Toystack/dopams-backend-staging/node_modules/aws-sdk/clients/schemas', target file types: TypeScript, Declaration.
File 'd:/DOPAMS/Toystack/dopams-backend-staging/node_modules/aws-sdk/clients/schemas.ts' does not exist.
File 'd:/DOPAMS/Toystack/dopams-backend-staging/node_modules/aws-sdk/clients/schemas.tsx' does not exist.
File 'd:/DOPAMS/Toystack/dopams-backend-staging/node_modules/aws-sdk/clients/schemas.d.ts' exists - use it as a name resolution result.
File 'd:/DOPAMS/Toystack/dopams-backend-staging/node_modules/aws-sdk/package.json' exists according to earlier cached lookups.
======== Module name './schemas' was successfully resolved to 'd:/DOPAMS/Toystack/dopams-backend-staging/node_modules/aws-sdk/clients/schemas.d.ts' with Package ID 'aws-sdk/clients/schemas.d.ts@2.1693.0'. ========
======== Resolving module './accessanalyzer' from 'd:/DOPAMS/Toystack/dopams-backend-staging/node_modules/aws-sdk/clients/all.d.ts'. ========
Explicitly specified module resolution kind: 'Node10'.
Loading module as file / folder, candidate module location 'd:/DOPAMS/Toystack/dopams-backend-staging/node_modules/aws-sdk/clients/accessanalyzer', target file types: TypeScript, Declaration.
File 'd:/DOPAMS/Toystack/dopams-backend-staging/node_modules/aws-sdk/clients/accessanalyzer.ts' does not exist.
File 'd:/DOPAMS/Toystack/dopams-backend-staging/node_modules/aws-sdk/clients/accessanalyzer.tsx' does not exist.
File 'd:/DOPAMS/Toystack/dopams-backend-staging/node_modules/aws-sdk/clients/accessanalyzer.d.ts' exists - use it as a name resolution result.
File 'd:/DOPAMS/Toystack/dopams-backend-staging/node_modules/aws-sdk/package.json' exists according to earlier cached lookups.
======== Module name './accessanalyzer' was successfully resolved to 'd:/DOPAMS/Toystack/dopams-backend-staging/node_modules/aws-sdk/clients/accessanalyzer.d.ts' with Package ID 'aws-sdk/clients/accessanalyzer.d.ts@2.1693.0'. ========
======== Resolving module './codegurureviewer' from 'd:/DOPAMS/Toystack/dopams-backend-staging/node_modules/aws-sdk/clients/all.d.ts'. ========
Explicitly specified module resolution kind: 'Node10'.
Loading module as file / folder, candidate module location 'd:/DOPAMS/Toystack/dopams-backend-staging/node_modules/aws-sdk/clients/codegurureviewer', target file types: TypeScript, Declaration.
File 'd:/DOPAMS/Toystack/dopams-backend-staging/node_modules/aws-sdk/clients/codegurureviewer.ts' does not exist.
File 'd:/DOPAMS/Toystack/dopams-backend-staging/node_modules/aws-sdk/clients/codegurureviewer.tsx' does not exist.
File 'd:/DOPAMS/Toystack/dopams-backend-staging/node_modules/aws-sdk/clients/codegurureviewer.d.ts' exists - use it as a name resolution result.
File 'd:/DOPAMS/Toystack/dopams-backend-staging/node_modules/aws-sdk/package.json' exists according to earlier cached lookups.
======== Module name './codegurureviewer' was successfully resolved to 'd:/DOPAMS/Toystack/dopams-backend-staging/node_modules/aws-sdk/clients/codegurureviewer.d.ts' with Package ID 'aws-sdk/clients/codegurureviewer.d.ts@2.1693.0'. ========
======== Resolving module './codeguruprofiler' from 'd:/DOPAMS/Toystack/dopams-backend-staging/node_modules/aws-sdk/clients/all.d.ts'. ========
Explicitly specified module resolution kind: 'Node10'.
Loading module as file / folder, candidate module location 'd:/DOPAMS/Toystack/dopams-backend-staging/node_modules/aws-sdk/clients/codeguruprofiler', target file types: TypeScript, Declaration.
File 'd:/DOPAMS/Toystack/dopams-backend-staging/node_modules/aws-sdk/clients/codeguruprofiler.ts' does not exist.
File 'd:/DOPAMS/Toystack/dopams-backend-staging/node_modules/aws-sdk/clients/codeguruprofiler.tsx' does not exist.
File 'd:/DOPAMS/Toystack/dopams-backend-staging/node_modules/aws-sdk/clients/codeguruprofiler.d.ts' exists - use it as a name resolution result.
File 'd:/DOPAMS/Toystack/dopams-backend-staging/node_modules/aws-sdk/package.json' exists according to earlier cached lookups.
======== Module name './codeguruprofiler' was successfully resolved to 'd:/DOPAMS/Toystack/dopams-backend-staging/node_modules/aws-sdk/clients/codeguruprofiler.d.ts' with Package ID 'aws-sdk/clients/codeguruprofiler.d.ts@2.1693.0'. ========
======== Resolving module './computeoptimizer' from 'd:/DOPAMS/Toystack/dopams-backend-staging/node_modules/aws-sdk/clients/all.d.ts'. ========
Explicitly specified module resolution kind: 'Node10'.
Loading module as file / folder, candidate module location 'd:/DOPAMS/Toystack/dopams-backend-staging/node_modules/aws-sdk/clients/computeoptimizer', target file types: TypeScript, Declaration.
File 'd:/DOPAMS/Toystack/dopams-backend-staging/node_modules/aws-sdk/clients/computeoptimizer.ts' does not exist.
File 'd:/DOPAMS/Toystack/dopams-backend-staging/node_modules/aws-sdk/clients/computeoptimizer.tsx' does not exist.
File 'd:/DOPAMS/Toystack/dopams-backend-staging/node_modules/aws-sdk/clients/computeoptimizer.d.ts' exists - use it as a name resolution result.
File 'd:/DOPAMS/Toystack/dopams-backend-staging/node_modules/aws-sdk/package.json' exists according to earlier cached lookups.
======== Module name './computeoptimizer' was successfully resolved to 'd:/DOPAMS/Toystack/dopams-backend-staging/node_modules/aws-sdk/clients/computeoptimizer.d.ts' with Package ID 'aws-sdk/clients/computeoptimizer.d.ts@2.1693.0'. ========
======== Resolving module './frauddetector' from 'd:/DOPAMS/Toystack/dopams-backend-staging/node_modules/aws-sdk/clients/all.d.ts'. ========
Explicitly specified module resolution kind: 'Node10'.
Loading module as file / folder, candidate module location 'd:/DOPAMS/Toystack/dopams-backend-staging/node_modules/aws-sdk/clients/frauddetector', target file types: TypeScript, Declaration.
File 'd:/DOPAMS/Toystack/dopams-backend-staging/node_modules/aws-sdk/clients/frauddetector.ts' does not exist.
File 'd:/DOPAMS/Toystack/dopams-backend-staging/node_modules/aws-sdk/clients/frauddetector.tsx' does not exist.
File 'd:/DOPAMS/Toystack/dopams-backend-staging/node_modules/aws-sdk/clients/frauddetector.d.ts' exists - use it as a name resolution result.
File 'd:/DOPAMS/Toystack/dopams-backend-staging/node_modules/aws-sdk/package.json' exists according to earlier cached lookups.
======== Module name './frauddetector' was successfully resolved to 'd:/DOPAMS/Toystack/dopams-backend-staging/node_modules/aws-sdk/clients/frauddetector.d.ts' with Package ID 'aws-sdk/clients/frauddetector.d.ts@2.1693.0'. ========
======== Resolving module './kendra' from 'd:/DOPAMS/Toystack/dopams-backend-staging/node_modules/aws-sdk/clients/all.d.ts'. ========
Explicitly specified module resolution kind: 'Node10'.
Loading module as file / folder, candidate module location 'd:/DOPAMS/Toystack/dopams-backend-staging/node_modules/aws-sdk/clients/kendra', target file types: TypeScript, Declaration.
File 'd:/DOPAMS/Toystack/dopams-backend-staging/node_modules/aws-sdk/clients/kendra.ts' does not exist.
File 'd:/DOPAMS/Toystack/dopams-backend-staging/node_modules/aws-sdk/clients/kendra.tsx' does not exist.
File 'd:/DOPAMS/Toystack/dopams-backend-staging/node_modules/aws-sdk/clients/kendra.d.ts' exists - use it as a name resolution result.
File 'd:/DOPAMS/Toystack/dopams-backend-staging/node_modules/aws-sdk/package.json' exists according to earlier cached lookups.
======== Module name './kendra' was successfully resolved to 'd:/DOPAMS/Toystack/dopams-backend-staging/node_modules/aws-sdk/clients/kendra.d.ts' with Package ID 'aws-sdk/clients/kendra.d.ts@2.1693.0'. ========
======== Resolving module './networkmanager' from 'd:/DOPAMS/Toystack/dopams-backend-staging/node_modules/aws-sdk/clients/all.d.ts'. ========
Explicitly specified module resolution kind: 'Node10'.
Loading module as file / folder, candidate module location 'd:/DOPAMS/Toystack/dopams-backend-staging/node_modules/aws-sdk/clients/networkmanager', target file types: TypeScript, Declaration.
File 'd:/DOPAMS/Toystack/dopams-backend-staging/node_modules/aws-sdk/clients/networkmanager.ts' does not exist.
File 'd:/DOPAMS/Toystack/dopams-backend-staging/node_modules/aws-sdk/clients/networkmanager.tsx' does not exist.
File 'd:/DOPAMS/Toystack/dopams-backend-staging/node_modules/aws-sdk/clients/networkmanager.d.ts' exists - use it as a name resolution result.
File 'd:/DOPAMS/Toystack/dopams-backend-staging/node_modules/aws-sdk/package.json' exists according to earlier cached lookups.
======== Module name './networkmanager' was successfully resolved to 'd:/DOPAMS/Toystack/dopams-backend-staging/node_modules/aws-sdk/clients/networkmanager.d.ts' with Package ID 'aws-sdk/clients/networkmanager.d.ts@2.1693.0'. ========
======== Resolving module './outposts' from 'd:/DOPAMS/Toystack/dopams-backend-staging/node_modules/aws-sdk/clients/all.d.ts'. ========
Explicitly specified module resolution kind: 'Node10'.
Loading module as file / folder, candidate module location 'd:/DOPAMS/Toystack/dopams-backend-staging/node_modules/aws-sdk/clients/outposts', target file types: TypeScript, Declaration.
File 'd:/DOPAMS/Toystack/dopams-backend-staging/node_modules/aws-sdk/clients/outposts.ts' does not exist.
File 'd:/DOPAMS/Toystack/dopams-backend-staging/node_modules/aws-sdk/clients/outposts.tsx' does not exist.
File 'd:/DOPAMS/Toystack/dopams-backend-staging/node_modules/aws-sdk/clients/outposts.d.ts' exists - use it as a name resolution result.
File 'd:/DOPAMS/Toystack/dopams-backend-staging/node_modules/aws-sdk/package.json' exists according to earlier cached lookups.
======== Module name './outposts' was successfully resolved to 'd:/DOPAMS/Toystack/dopams-backend-staging/node_modules/aws-sdk/clients/outposts.d.ts' with Package ID 'aws-sdk/clients/outposts.d.ts@2.1693.0'. ========
======== Resolving module './augmentedairuntime' from 'd:/DOPAMS/Toystack/dopams-backend-staging/node_modules/aws-sdk/clients/all.d.ts'. ========
Explicitly specified module resolution kind: 'Node10'.
Loading module as file / folder, candidate module location 'd:/DOPAMS/Toystack/dopams-backend-staging/node_modules/aws-sdk/clients/augmentedairuntime', target file types: TypeScript, Declaration.
File 'd:/DOPAMS/Toystack/dopams-backend-staging/node_modules/aws-sdk/clients/augmentedairuntime.ts' does not exist.
File 'd:/DOPAMS/Toystack/dopams-backend-staging/node_modules/aws-sdk/clients/augmentedairuntime.tsx' does not exist.
File 'd:/DOPAMS/Toystack/dopams-backend-staging/node_modules/aws-sdk/clients/augmentedairuntime.d.ts' exists - use it as a name resolution result.
File 'd:/DOPAMS/Toystack/dopams-backend-staging/node_modules/aws-sdk/package.json' exists according to earlier cached lookups.
======== Module name './augmentedairuntime' was successfully resolved to 'd:/DOPAMS/Toystack/dopams-backend-staging/node_modules/aws-sdk/clients/augmentedairuntime.d.ts' with Package ID 'aws-sdk/clients/augmentedairuntime.d.ts@2.1693.0'. ========
======== Resolving module './ebs' from 'd:/DOPAMS/Toystack/dopams-backend-staging/node_modules/aws-sdk/clients/all.d.ts'. ========
Explicitly specified module resolution kind: 'Node10'.
Loading module as file / folder, candidate module location 'd:/DOPAMS/Toystack/dopams-backend-staging/node_modules/aws-sdk/clients/ebs', target file types: TypeScript, Declaration.
File 'd:/DOPAMS/Toystack/dopams-backend-staging/node_modules/aws-sdk/clients/ebs.ts' does not exist.
File 'd:/DOPAMS/Toystack/dopams-backend-staging/node_modules/aws-sdk/clients/ebs.tsx' does not exist.
File 'd:/DOPAMS/Toystack/dopams-backend-staging/node_modules/aws-sdk/clients/ebs.d.ts' exists - use it as a name resolution result.
File 'd:/DOPAMS/Toystack/dopams-backend-staging/node_modules/aws-sdk/package.json' exists according to earlier cached lookups.
======== Module name './ebs' was successfully resolved to 'd:/DOPAMS/Toystack/dopams-backend-staging/node_modules/aws-sdk/clients/ebs.d.ts' with Package ID 'aws-sdk/clients/ebs.d.ts@2.1693.0'. ========
======== Resolving module './kinesisvideosignalingchannels' from 'd:/DOPAMS/Toystack/dopams-backend-staging/node_modules/aws-sdk/clients/all.d.ts'. ========
Explicitly specified module resolution kind: 'Node10'.
Loading module as file / folder, candidate module location 'd:/DOPAMS/Toystack/dopams-backend-staging/node_modules/aws-sdk/clients/kinesisvideosignalingchannels', target file types: TypeScript, Declaration.
File 'd:/DOPAMS/Toystack/dopams-backend-staging/node_modules/aws-sdk/clients/kinesisvideosignalingchannels.ts' does not exist.
File 'd:/DOPAMS/Toystack/dopams-backend-staging/node_modules/aws-sdk/clients/kinesisvideosignalingchannels.tsx' does not exist.
File 'd:/DOPAMS/Toystack/dopams-backend-staging/node_modules/aws-sdk/clients/kinesisvideosignalingchannels.d.ts' exists - use it as a name resolution result.
File 'd:/DOPAMS/Toystack/dopams-backend-staging/node_modules/aws-sdk/package.json' exists according to earlier cached lookups.
======== Module name './kinesisvideosignalingchannels' was successfully resolved to 'd:/DOPAMS/Toystack/dopams-backend-staging/node_modules/aws-sdk/clients/kinesisvideosignalingchannels.d.ts' with Package ID 'aws-sdk/clients/kinesisvideosignalingchannels.d.ts@2.1693.0'. ========
======== Resolving module './detective' from 'd:/DOPAMS/Toystack/dopams-backend-staging/node_modules/aws-sdk/clients/all.d.ts'. ========
Explicitly specified module resolution kind: 'Node10'.
Loading module as file / folder, candidate module location 'd:/DOPAMS/Toystack/dopams-backend-staging/node_modules/aws-sdk/clients/detective', target file types: TypeScript, Declaration.
File 'd:/DOPAMS/Toystack/dopams-backend-staging/node_modules/aws-sdk/clients/detective.ts' does not exist.
File 'd:/DOPAMS/Toystack/dopams-backend-staging/node_modules/aws-sdk/clients/detective.tsx' does not exist.
File 'd:/DOPAMS/Toystack/dopams-backend-staging/node_modules/aws-sdk/clients/detective.d.ts' exists - use it as a name resolution result.
File 'd:/DOPAMS/Toystack/dopams-backend-staging/node_modules/aws-sdk/package.json' exists according to earlier cached lookups.
======== Module name './detective' was successfully resolved to 'd:/DOPAMS/Toystack/dopams-backend-staging/node_modules/aws-sdk/clients/detective.d.ts' with Package ID 'aws-sdk/clients/detective.d.ts@2.1693.0'. ========
======== Resolving module './codestarconnections' from 'd:/DOPAMS/Toystack/dopams-backend-staging/node_modules/aws-sdk/clients/all.d.ts'. ========
Explicitly specified module resolution kind: 'Node10'.
Loading module as file / folder, candidate module location 'd:/DOPAMS/Toystack/dopams-backend-staging/node_modules/aws-sdk/clients/codestarconnections', target file types: TypeScript, Declaration.
File 'd:/DOPAMS/Toystack/dopams-backend-staging/node_modules/aws-sdk/clients/codestarconnections.ts' does not exist.
File 'd:/DOPAMS/Toystack/dopams-backend-staging/node_modules/aws-sdk/clients/codestarconnections.tsx' does not exist.
File 'd:/DOPAMS/Toystack/dopams-backend-staging/node_modules/aws-sdk/clients/codestarconnections.d.ts' exists - use it as a name resolution result.
File 'd:/DOPAMS/Toystack/dopams-backend-staging/node_modules/aws-sdk/package.json' exists according to earlier cached lookups.
======== Module name './codestarconnections' was successfully resolved to 'd:/DOPAMS/Toystack/dopams-backend-staging/node_modules/aws-sdk/clients/codestarconnections.d.ts' with Package ID 'aws-sdk/clients/codestarconnections.d.ts@2.1693.0'. ========
======== Resolving module './synthetics' from 'd:/DOPAMS/Toystack/dopams-backend-staging/node_modules/aws-sdk/clients/all.d.ts'. ========
Explicitly specified module resolution kind: 'Node10'.
Loading module as file / folder, candidate module location 'd:/DOPAMS/Toystack/dopams-backend-staging/node_modules/aws-sdk/clients/synthetics', target file types: TypeScript, Declaration.
File 'd:/DOPAMS/Toystack/dopams-backend-staging/node_modules/aws-sdk/clients/synthetics.ts' does not exist.
File 'd:/DOPAMS/Toystack/dopams-backend-staging/node_modules/aws-sdk/clients/synthetics.tsx' does not exist.
File 'd:/DOPAMS/Toystack/dopams-backend-staging/node_modules/aws-sdk/clients/synthetics.d.ts' exists - use it as a name resolution result.
File 'd:/DOPAMS/Toystack/dopams-backend-staging/node_modules/aws-sdk/package.json' exists according to earlier cached lookups.
======== Module name './synthetics' was successfully resolved to 'd:/DOPAMS/Toystack/dopams-backend-staging/node_modules/aws-sdk/clients/synthetics.d.ts' with Package ID 'aws-sdk/clients/synthetics.d.ts@2.1693.0'. ========
======== Resolving module './iotsitewise' from 'd:/DOPAMS/Toystack/dopams-backend-staging/node_modules/aws-sdk/clients/all.d.ts'. ========
Explicitly specified module resolution kind: 'Node10'.
Loading module as file / folder, candidate module location 'd:/DOPAMS/Toystack/dopams-backend-staging/node_modules/aws-sdk/clients/iotsitewise', target file types: TypeScript, Declaration.
File 'd:/DOPAMS/Toystack/dopams-backend-staging/node_modules/aws-sdk/clients/iotsitewise.ts' does not exist.
File 'd:/DOPAMS/Toystack/dopams-backend-staging/node_modules/aws-sdk/clients/iotsitewise.tsx' does not exist.
File 'd:/DOPAMS/Toystack/dopams-backend-staging/node_modules/aws-sdk/clients/iotsitewise.d.ts' exists - use it as a name resolution result.
File 'd:/DOPAMS/Toystack/dopams-backend-staging/node_modules/aws-sdk/package.json' exists according to earlier cached lookups.
======== Module name './iotsitewise' was successfully resolved to 'd:/DOPAMS/Toystack/dopams-backend-staging/node_modules/aws-sdk/clients/iotsitewise.d.ts' with Package ID 'aws-sdk/clients/iotsitewise.d.ts@2.1693.0'. ========
======== Resolving module './macie2' from 'd:/DOPAMS/Toystack/dopams-backend-staging/node_modules/aws-sdk/clients/all.d.ts'. ========
Explicitly specified module resolution kind: 'Node10'.
Loading module as file / folder, candidate module location 'd:/DOPAMS/Toystack/dopams-backend-staging/node_modules/aws-sdk/clients/macie2', target file types: TypeScript, Declaration.
File 'd:/DOPAMS/Toystack/dopams-backend-staging/node_modules/aws-sdk/clients/macie2.ts' does not exist.
File 'd:/DOPAMS/Toystack/dopams-backend-staging/node_modules/aws-sdk/clients/macie2.tsx' does not exist.
File 'd:/DOPAMS/Toystack/dopams-backend-staging/node_modules/aws-sdk/clients/macie2.d.ts' exists - use it as a name resolution result.
File 'd:/DOPAMS/Toystack/dopams-backend-staging/node_modules/aws-sdk/package.json' exists according to earlier cached lookups.
======== Module name './macie2' was successfully resolved to 'd:/DOPAMS/Toystack/dopams-backend-staging/node_modules/aws-sdk/clients/macie2.d.ts' with Package ID 'aws-sdk/clients/macie2.d.ts@2.1693.0'. ========
======== Resolving module './codeartifact' from 'd:/DOPAMS/Toystack/dopams-backend-staging/node_modules/aws-sdk/clients/all.d.ts'. ========
Explicitly specified module resolution kind: 'Node10'.
Loading module as file / folder, candidate module location 'd:/DOPAMS/Toystack/dopams-backend-staging/node_modules/aws-sdk/clients/codeartifact', target file types: TypeScript, Declaration.
File 'd:/DOPAMS/Toystack/dopams-backend-staging/node_modules/aws-sdk/clients/codeartifact.ts' does not exist.
File 'd:/DOPAMS/Toystack/dopams-backend-staging/node_modules/aws-sdk/clients/codeartifact.tsx' does not exist.
File 'd:/DOPAMS/Toystack/dopams-backend-staging/node_modules/aws-sdk/clients/codeartifact.d.ts' exists - use it as a name resolution result.
File 'd:/DOPAMS/Toystack/dopams-backend-staging/node_modules/aws-sdk/package.json' exists according to earlier cached lookups.
======== Module name './codeartifact' was successfully resolved to 'd:/DOPAMS/Toystack/dopams-backend-staging/node_modules/aws-sdk/clients/codeartifact.d.ts' with Package ID 'aws-sdk/clients/codeartifact.d.ts@2.1693.0'. ========
======== Resolving module './ivs' from 'd:/DOPAMS/Toystack/dopams-backend-staging/node_modules/aws-sdk/clients/all.d.ts'. ========
Explicitly specified module resolution kind: 'Node10'.
Loading module as file / folder, candidate module location 'd:/DOPAMS/Toystack/dopams-backend-staging/node_modules/aws-sdk/clients/ivs', target file types: TypeScript, Declaration.
File 'd:/DOPAMS/Toystack/dopams-backend-staging/node_modules/aws-sdk/clients/ivs.ts' does not exist.
File 'd:/DOPAMS/Toystack/dopams-backend-staging/node_modules/aws-sdk/clients/ivs.tsx' does not exist.
File 'd:/DOPAMS/Toystack/dopams-backend-staging/node_modules/aws-sdk/clients/ivs.d.ts' exists - use it as a name resolution result.
File 'd:/DOPAMS/Toystack/dopams-backend-staging/node_modules/aws-sdk/package.json' exists according to earlier cached lookups.
======== Module name './ivs' was successfully resolved to 'd:/DOPAMS/Toystack/dopams-backend-staging/node_modules/aws-sdk/clients/ivs.d.ts' with Package ID 'aws-sdk/clients/ivs.d.ts@2.1693.0'. ========
======== Resolving module './braket' from 'd:/DOPAMS/Toystack/dopams-backend-staging/node_modules/aws-sdk/clients/all.d.ts'. ========
Explicitly specified module resolution kind: 'Node10'.
Loading module as file / folder, candidate module location 'd:/DOPAMS/Toystack/dopams-backend-staging/node_modules/aws-sdk/clients/braket', target file types: TypeScript, Declaration.
File 'd:/DOPAMS/Toystack/dopams-backend-staging/node_modules/aws-sdk/clients/braket.ts' does not exist.
File 'd:/DOPAMS/Toystack/dopams-backend-staging/node_modules/aws-sdk/clients/braket.tsx' does not exist.
File 'd:/DOPAMS/Toystack/dopams-backend-staging/node_modules/aws-sdk/clients/braket.d.ts' exists - use it as a name resolution result.
File 'd:/DOPAMS/Toystack/dopams-backend-staging/node_modules/aws-sdk/package.json' exists according to earlier cached lookups.
======== Module name './braket' was successfully resolved to 'd:/DOPAMS/Toystack/dopams-backend-staging/node_modules/aws-sdk/clients/braket.d.ts' with Package ID 'aws-sdk/clients/braket.d.ts@2.1693.0'. ========
======== Resolving module './identitystore' from 'd:/DOPAMS/Toystack/dopams-backend-staging/node_modules/aws-sdk/clients/all.d.ts'. ========
Explicitly specified module resolution kind: 'Node10'.
Loading module as file / folder, candidate module location 'd:/DOPAMS/Toystack/dopams-backend-staging/node_modules/aws-sdk/clients/identitystore', target file types: TypeScript, Declaration.
File 'd:/DOPAMS/Toystack/dopams-backend-staging/node_modules/aws-sdk/clients/identitystore.ts' does not exist.
File 'd:/DOPAMS/Toystack/dopams-backend-staging/node_modules/aws-sdk/clients/identitystore.tsx' does not exist.
File 'd:/DOPAMS/Toystack/dopams-backend-staging/node_modules/aws-sdk/clients/identitystore.d.ts' exists - use it as a name resolution result.
File 'd:/DOPAMS/Toystack/dopams-backend-staging/node_modules/aws-sdk/package.json' exists according to earlier cached lookups.
======== Module name './identitystore' was successfully resolved to 'd:/DOPAMS/Toystack/dopams-backend-staging/node_modules/aws-sdk/clients/identitystore.d.ts' with Package ID 'aws-sdk/clients/identitystore.d.ts@2.1693.0'. ========
======== Resolving module './appflow' from 'd:/DOPAMS/Toystack/dopams-backend-staging/node_modules/aws-sdk/clients/all.d.ts'. ========
Explicitly specified module resolution kind: 'Node10'.
Loading module as file / folder, candidate module location 'd:/DOPAMS/Toystack/dopams-backend-staging/node_modules/aws-sdk/clients/appflow', target file types: TypeScript, Declaration.
File 'd:/DOPAMS/Toystack/dopams-backend-staging/node_modules/aws-sdk/clients/appflow.ts' does not exist.
File 'd:/DOPAMS/Toystack/dopams-backend-staging/node_modules/aws-sdk/clients/appflow.tsx' does not exist.
File 'd:/DOPAMS/Toystack/dopams-backend-staging/node_modules/aws-sdk/clients/appflow.d.ts' exists - use it as a name resolution result.
File 'd:/DOPAMS/Toystack/dopams-backend-staging/node_modules/aws-sdk/package.json' exists according to earlier cached lookups.
======== Module name './appflow' was successfully resolved to 'd:/DOPAMS/Toystack/dopams-backend-staging/node_modules/aws-sdk/clients/appflow.d.ts' with Package ID 'aws-sdk/clients/appflow.d.ts@2.1693.0'. ========
======== Resolving module './redshiftdata' from 'd:/DOPAMS/Toystack/dopams-backend-staging/node_modules/aws-sdk/clients/all.d.ts'. ========
Explicitly specified module resolution kind: 'Node10'.
Loading module as file / folder, candidate module location 'd:/DOPAMS/Toystack/dopams-backend-staging/node_modules/aws-sdk/clients/redshiftdata', target file types: TypeScript, Declaration.
File 'd:/DOPAMS/Toystack/dopams-backend-staging/node_modules/aws-sdk/clients/redshiftdata.ts' does not exist.
File 'd:/DOPAMS/Toystack/dopams-backend-staging/node_modules/aws-sdk/clients/redshiftdata.tsx' does not exist.
File 'd:/DOPAMS/Toystack/dopams-backend-staging/node_modules/aws-sdk/clients/redshiftdata.d.ts' exists - use it as a name resolution result.
File 'd:/DOPAMS/Toystack/dopams-backend-staging/node_modules/aws-sdk/package.json' exists according to earlier cached lookups.
======== Module name './redshiftdata' was successfully resolved to 'd:/DOPAMS/Toystack/dopams-backend-staging/node_modules/aws-sdk/clients/redshiftdata.d.ts' with Package ID 'aws-sdk/clients/redshiftdata.d.ts@2.1693.0'. ========
======== Resolving module './ssoadmin' from 'd:/DOPAMS/Toystack/dopams-backend-staging/node_modules/aws-sdk/clients/all.d.ts'. ========
Explicitly specified module resolution kind: 'Node10'.
Loading module as file / folder, candidate module location 'd:/DOPAMS/Toystack/dopams-backend-staging/node_modules/aws-sdk/clients/ssoadmin', target file types: TypeScript, Declaration.
File 'd:/DOPAMS/Toystack/dopams-backend-staging/node_modules/aws-sdk/clients/ssoadmin.ts' does not exist.
File 'd:/DOPAMS/Toystack/dopams-backend-staging/node_modules/aws-sdk/clients/ssoadmin.tsx' does not exist.
File 'd:/DOPAMS/Toystack/dopams-backend-staging/node_modules/aws-sdk/clients/ssoadmin.d.ts' exists - use it as a name resolution result.
File 'd:/DOPAMS/Toystack/dopams-backend-staging/node_modules/aws-sdk/package.json' exists according to earlier cached lookups.
======== Module name './ssoadmin' was successfully resolved to 'd:/DOPAMS/Toystack/dopams-backend-staging/node_modules/aws-sdk/clients/ssoadmin.d.ts' with Package ID 'aws-sdk/clients/ssoadmin.d.ts@2.1693.0'. ========
======== Resolving module './timestreamquery' from 'd:/DOPAMS/Toystack/dopams-backend-staging/node_modules/aws-sdk/clients/all.d.ts'. ========
Explicitly specified module resolution kind: 'Node10'.
Loading module as file / folder, candidate module location 'd:/DOPAMS/Toystack/dopams-backend-staging/node_modules/aws-sdk/clients/timestreamquery', target file types: TypeScript, Declaration.
File 'd:/DOPAMS/Toystack/dopams-backend-staging/node_modules/aws-sdk/clients/timestreamquery.ts' does not exist.
File 'd:/DOPAMS/Toystack/dopams-backend-staging/node_modules/aws-sdk/clients/timestreamquery.tsx' does not exist.
File 'd:/DOPAMS/Toystack/dopams-backend-staging/node_modules/aws-sdk/clients/timestreamquery.d.ts' exists - use it as a name resolution result.
File 'd:/DOPAMS/Toystack/dopams-backend-staging/node_modules/aws-sdk/package.json' exists according to earlier cached lookups.
======== Module name './timestreamquery' was successfully resolved to 'd:/DOPAMS/Toystack/dopams-backend-staging/node_modules/aws-sdk/clients/timestreamquery.d.ts' with Package ID 'aws-sdk/clients/timestreamquery.d.ts@2.1693.0'. ========
======== Resolving module './timestreamwrite' from 'd:/DOPAMS/Toystack/dopams-backend-staging/node_modules/aws-sdk/clients/all.d.ts'. ========
Explicitly specified module resolution kind: 'Node10'.
Loading module as file / folder, candidate module location 'd:/DOPAMS/Toystack/dopams-backend-staging/node_modules/aws-sdk/clients/timestreamwrite', target file types: TypeScript, Declaration.
File 'd:/DOPAMS/Toystack/dopams-backend-staging/node_modules/aws-sdk/clients/timestreamwrite.ts' does not exist.
File 'd:/DOPAMS/Toystack/dopams-backend-staging/node_modules/aws-sdk/clients/timestreamwrite.tsx' does not exist.
File 'd:/DOPAMS/Toystack/dopams-backend-staging/node_modules/aws-sdk/clients/timestreamwrite.d.ts' exists - use it as a name resolution result.
File 'd:/DOPAMS/Toystack/dopams-backend-staging/node_modules/aws-sdk/package.json' exists according to earlier cached lookups.
======== Module name './timestreamwrite' was successfully resolved to 'd:/DOPAMS/Toystack/dopams-backend-staging/node_modules/aws-sdk/clients/timestreamwrite.d.ts' with Package ID 'aws-sdk/clients/timestreamwrite.d.ts@2.1693.0'. ========
======== Resolving module './s3outposts' from 'd:/DOPAMS/Toystack/dopams-backend-staging/node_modules/aws-sdk/clients/all.d.ts'. ========
Explicitly specified module resolution kind: 'Node10'.
Loading module as file / folder, candidate module location 'd:/DOPAMS/Toystack/dopams-backend-staging/node_modules/aws-sdk/clients/s3outposts', target file types: TypeScript, Declaration.
File 'd:/DOPAMS/Toystack/dopams-backend-staging/node_modules/aws-sdk/clients/s3outposts.ts' does not exist.
File 'd:/DOPAMS/Toystack/dopams-backend-staging/node_modules/aws-sdk/clients/s3outposts.tsx' does not exist.
File 'd:/DOPAMS/Toystack/dopams-backend-staging/node_modules/aws-sdk/clients/s3outposts.d.ts' exists - use it as a name resolution result.
File 'd:/DOPAMS/Toystack/dopams-backend-staging/node_modules/aws-sdk/package.json' exists according to earlier cached lookups.
======== Module name './s3outposts' was successfully resolved to 'd:/DOPAMS/Toystack/dopams-backend-staging/node_modules/aws-sdk/clients/s3outposts.d.ts' with Package ID 'aws-sdk/clients/s3outposts.d.ts@2.1693.0'. ========
======== Resolving module './databrew' from 'd:/DOPAMS/Toystack/dopams-backend-staging/node_modules/aws-sdk/clients/all.d.ts'. ========
Explicitly specified module resolution kind: 'Node10'.
Loading module as file / folder, candidate module location 'd:/DOPAMS/Toystack/dopams-backend-staging/node_modules/aws-sdk/clients/databrew', target file types: TypeScript, Declaration.
File 'd:/DOPAMS/Toystack/dopams-backend-staging/node_modules/aws-sdk/clients/databrew.ts' does not exist.
File 'd:/DOPAMS/Toystack/dopams-backend-staging/node_modules/aws-sdk/clients/databrew.tsx' does not exist.
File 'd:/DOPAMS/Toystack/dopams-backend-staging/node_modules/aws-sdk/clients/databrew.d.ts' exists - use it as a name resolution result.
File 'd:/DOPAMS/Toystack/dopams-backend-staging/node_modules/aws-sdk/package.json' exists according to earlier cached lookups.
======== Module name './databrew' was successfully resolved to 'd:/DOPAMS/Toystack/dopams-backend-staging/node_modules/aws-sdk/clients/databrew.d.ts' with Package ID 'aws-sdk/clients/databrew.d.ts@2.1693.0'. ========
======== Resolving module './servicecatalogappregistry' from 'd:/DOPAMS/Toystack/dopams-backend-staging/node_modules/aws-sdk/clients/all.d.ts'. ========
Explicitly specified module resolution kind: 'Node10'.
Loading module as file / folder, candidate module location 'd:/DOPAMS/Toystack/dopams-backend-staging/node_modules/aws-sdk/clients/servicecatalogappregistry', target file types: TypeScript, Declaration.
File 'd:/DOPAMS/Toystack/dopams-backend-staging/node_modules/aws-sdk/clients/servicecatalogappregistry.ts' does not exist.
File 'd:/DOPAMS/Toystack/dopams-backend-staging/node_modules/aws-sdk/clients/servicecatalogappregistry.tsx' does not exist.
File 'd:/DOPAMS/Toystack/dopams-backend-staging/node_modules/aws-sdk/clients/servicecatalogappregistry.d.ts' exists - use it as a name resolution result.
File 'd:/DOPAMS/Toystack/dopams-backend-staging/node_modules/aws-sdk/package.json' exists according to earlier cached lookups.
======== Module name './servicecatalogappregistry' was successfully resolved to 'd:/DOPAMS/Toystack/dopams-backend-staging/node_modules/aws-sdk/clients/servicecatalogappregistry.d.ts' with Package ID 'aws-sdk/clients/servicecatalogappregistry.d.ts@2.1693.0'. ========
======== Resolving module './networkfirewall' from 'd:/DOPAMS/Toystack/dopams-backend-staging/node_modules/aws-sdk/clients/all.d.ts'. ========
Explicitly specified module resolution kind: 'Node10'.
Loading module as file / folder, candidate module location 'd:/DOPAMS/Toystack/dopams-backend-staging/node_modules/aws-sdk/clients/networkfirewall', target file types: TypeScript, Declaration.
File 'd:/DOPAMS/Toystack/dopams-backend-staging/node_modules/aws-sdk/clients/networkfirewall.ts' does not exist.
File 'd:/DOPAMS/Toystack/dopams-backend-staging/node_modules/aws-sdk/clients/networkfirewall.tsx' does not exist.
File 'd:/DOPAMS/Toystack/dopams-backend-staging/node_modules/aws-sdk/clients/networkfirewall.d.ts' exists - use it as a name resolution result.
File 'd:/DOPAMS/Toystack/dopams-backend-staging/node_modules/aws-sdk/package.json' exists according to earlier cached lookups.
======== Module name './networkfirewall' was successfully resolved to 'd:/DOPAMS/Toystack/dopams-backend-staging/node_modules/aws-sdk/clients/networkfirewall.d.ts' with Package ID 'aws-sdk/clients/networkfirewall.d.ts@2.1693.0'. ========
======== Resolving module './mwaa' from 'd:/DOPAMS/Toystack/dopams-backend-staging/node_modules/aws-sdk/clients/all.d.ts'. ========
Explicitly specified module resolution kind: 'Node10'.
Loading module as file / folder, candidate module location 'd:/DOPAMS/Toystack/dopams-backend-staging/node_modules/aws-sdk/clients/mwaa', target file types: TypeScript, Declaration.
File 'd:/DOPAMS/Toystack/dopams-backend-staging/node_modules/aws-sdk/clients/mwaa.ts' does not exist.
File 'd:/DOPAMS/Toystack/dopams-backend-staging/node_modules/aws-sdk/clients/mwaa.tsx' does not exist.
File 'd:/DOPAMS/Toystack/dopams-backend-staging/node_modules/aws-sdk/clients/mwaa.d.ts' exists - use it as a name resolution result.
File 'd:/DOPAMS/Toystack/dopams-backend-staging/node_modules/aws-sdk/package.json' exists according to earlier cached lookups.
======== Module name './mwaa' was successfully resolved to 'd:/DOPAMS/Toystack/dopams-backend-staging/node_modules/aws-sdk/clients/mwaa.d.ts' with Package ID 'aws-sdk/clients/mwaa.d.ts@2.1693.0'. ========
======== Resolving module './amplifybackend' from 'd:/DOPAMS/Toystack/dopams-backend-staging/node_modules/aws-sdk/clients/all.d.ts'. ========
Explicitly specified module resolution kind: 'Node10'.
Loading module as file / folder, candidate module location 'd:/DOPAMS/Toystack/dopams-backend-staging/node_modules/aws-sdk/clients/amplifybackend', target file types: TypeScript, Declaration.
File 'd:/DOPAMS/Toystack/dopams-backend-staging/node_modules/aws-sdk/clients/amplifybackend.ts' does not exist.
File 'd:/DOPAMS/Toystack/dopams-backend-staging/node_modules/aws-sdk/clients/amplifybackend.tsx' does not exist.
File 'd:/DOPAMS/Toystack/dopams-backend-staging/node_modules/aws-sdk/clients/amplifybackend.d.ts' exists - use it as a name resolution result.
File 'd:/DOPAMS/Toystack/dopams-backend-staging/node_modules/aws-sdk/package.json' exists according to earlier cached lookups.
======== Module name './amplifybackend' was successfully resolved to 'd:/DOPAMS/Toystack/dopams-backend-staging/node_modules/aws-sdk/clients/amplifybackend.d.ts' with Package ID 'aws-sdk/clients/amplifybackend.d.ts@2.1693.0'. ========
======== Resolving module './appintegrations' from 'd:/DOPAMS/Toystack/dopams-backend-staging/node_modules/aws-sdk/clients/all.d.ts'. ========
Explicitly specified module resolution kind: 'Node10'.
Loading module as file / folder, candidate module location 'd:/DOPAMS/Toystack/dopams-backend-staging/node_modules/aws-sdk/clients/appintegrations', target file types: TypeScript, Declaration.
File 'd:/DOPAMS/Toystack/dopams-backend-staging/node_modules/aws-sdk/clients/appintegrations.ts' does not exist.
File 'd:/DOPAMS/Toystack/dopams-backend-staging/node_modules/aws-sdk/clients/appintegrations.tsx' does not exist.
File 'd:/DOPAMS/Toystack/dopams-backend-staging/node_modules/aws-sdk/clients/appintegrations.d.ts' exists - use it as a name resolution result.
File 'd:/DOPAMS/Toystack/dopams-backend-staging/node_modules/aws-sdk/package.json' exists according to earlier cached lookups.
======== Module name './appintegrations' was successfully resolved to 'd:/DOPAMS/Toystack/dopams-backend-staging/node_modules/aws-sdk/clients/appintegrations.d.ts' with Package ID 'aws-sdk/clients/appintegrations.d.ts@2.1693.0'. ========
======== Resolving module './connectcontactlens' from 'd:/DOPAMS/Toystack/dopams-backend-staging/node_modules/aws-sdk/clients/all.d.ts'. ========
Explicitly specified module resolution kind: 'Node10'.
Loading module as file / folder, candidate module location 'd:/DOPAMS/Toystack/dopams-backend-staging/node_modules/aws-sdk/clients/connectcontactlens', target file types: TypeScript, Declaration.
File 'd:/DOPAMS/Toystack/dopams-backend-staging/node_modules/aws-sdk/clients/connectcontactlens.ts' does not exist.
File 'd:/DOPAMS/Toystack/dopams-backend-staging/node_modules/aws-sdk/clients/connectcontactlens.tsx' does not exist.
File 'd:/DOPAMS/Toystack/dopams-backend-staging/node_modules/aws-sdk/clients/connectcontactlens.d.ts' exists - use it as a name resolution result.
File 'd:/DOPAMS/Toystack/dopams-backend-staging/node_modules/aws-sdk/package.json' exists according to earlier cached lookups.
======== Module name './connectcontactlens' was successfully resolved to 'd:/DOPAMS/Toystack/dopams-backend-staging/node_modules/aws-sdk/clients/connectcontactlens.d.ts' with Package ID 'aws-sdk/clients/connectcontactlens.d.ts@2.1693.0'. ========
======== Resolving module './devopsguru' from 'd:/DOPAMS/Toystack/dopams-backend-staging/node_modules/aws-sdk/clients/all.d.ts'. ========
Explicitly specified module resolution kind: 'Node10'.
Loading module as file / folder, candidate module location 'd:/DOPAMS/Toystack/dopams-backend-staging/node_modules/aws-sdk/clients/devopsguru', target file types: TypeScript, Declaration.
File 'd:/DOPAMS/Toystack/dopams-backend-staging/node_modules/aws-sdk/clients/devopsguru.ts' does not exist.
File 'd:/DOPAMS/Toystack/dopams-backend-staging/node_modules/aws-sdk/clients/devopsguru.tsx' does not exist.
File 'd:/DOPAMS/Toystack/dopams-backend-staging/node_modules/aws-sdk/clients/devopsguru.d.ts' exists - use it as a name resolution result.
File 'd:/DOPAMS/Toystack/dopams-backend-staging/node_modules/aws-sdk/package.json' exists according to earlier cached lookups.
======== Module name './devopsguru' was successfully resolved to 'd:/DOPAMS/Toystack/dopams-backend-staging/node_modules/aws-sdk/clients/devopsguru.d.ts' with Package ID 'aws-sdk/clients/devopsguru.d.ts@2.1693.0'. ========
======== Resolving module './ecrpublic' from 'd:/DOPAMS/Toystack/dopams-backend-staging/node_modules/aws-sdk/clients/all.d.ts'. ========
Explicitly specified module resolution kind: 'Node10'.
Loading module as file / folder, candidate module location 'd:/DOPAMS/Toystack/dopams-backend-staging/node_modules/aws-sdk/clients/ecrpublic', target file types: TypeScript, Declaration.
File 'd:/DOPAMS/Toystack/dopams-backend-staging/node_modules/aws-sdk/clients/ecrpublic.ts' does not exist.
File 'd:/DOPAMS/Toystack/dopams-backend-staging/node_modules/aws-sdk/clients/ecrpublic.tsx' does not exist.
File 'd:/DOPAMS/Toystack/dopams-backend-staging/node_modules/aws-sdk/clients/ecrpublic.d.ts' exists - use it as a name resolution result.
File 'd:/DOPAMS/Toystack/dopams-backend-staging/node_modules/aws-sdk/package.json' exists according to earlier cached lookups.
======== Module name './ecrpublic' was successfully resolved to 'd:/DOPAMS/Toystack/dopams-backend-staging/node_modules/aws-sdk/clients/ecrpublic.d.ts' with Package ID 'aws-sdk/clients/ecrpublic.d.ts@2.1693.0'. ========
======== Resolving module './lookoutvision' from 'd:/DOPAMS/Toystack/dopams-backend-staging/node_modules/aws-sdk/clients/all.d.ts'. ========
Explicitly specified module resolution kind: 'Node10'.
Loading module as file / folder, candidate module location 'd:/DOPAMS/Toystack/dopams-backend-staging/node_modules/aws-sdk/clients/lookoutvision', target file types: TypeScript, Declaration.
File 'd:/DOPAMS/Toystack/dopams-backend-staging/node_modules/aws-sdk/clients/lookoutvision.ts' does not exist.
File 'd:/DOPAMS/Toystack/dopams-backend-staging/node_modules/aws-sdk/clients/lookoutvision.tsx' does not exist.
File 'd:/DOPAMS/Toystack/dopams-backend-staging/node_modules/aws-sdk/clients/lookoutvision.d.ts' exists - use it as a name resolution result.
File 'd:/DOPAMS/Toystack/dopams-backend-staging/node_modules/aws-sdk/package.json' exists according to earlier cached lookups.
======== Module name './lookoutvision' was successfully resolved to 'd:/DOPAMS/Toystack/dopams-backend-staging/node_modules/aws-sdk/clients/lookoutvision.d.ts' with Package ID 'aws-sdk/clients/lookoutvision.d.ts@2.1693.0'. ========
======== Resolving module './sagemakerfeaturestoreruntime' from 'd:/DOPAMS/Toystack/dopams-backend-staging/node_modules/aws-sdk/clients/all.d.ts'. ========
Explicitly specified module resolution kind: 'Node10'.
Loading module as file / folder, candidate module location 'd:/DOPAMS/Toystack/dopams-backend-staging/node_modules/aws-sdk/clients/sagemakerfeaturestoreruntime', target file types: TypeScript, Declaration.
File 'd:/DOPAMS/Toystack/dopams-backend-staging/node_modules/aws-sdk/clients/sagemakerfeaturestoreruntime.ts' does not exist.
File 'd:/DOPAMS/Toystack/dopams-backend-staging/node_modules/aws-sdk/clients/sagemakerfeaturestoreruntime.tsx' does not exist.
File 'd:/DOPAMS/Toystack/dopams-backend-staging/node_modules/aws-sdk/clients/sagemakerfeaturestoreruntime.d.ts' exists - use it as a name resolution result.
File 'd:/DOPAMS/Toystack/dopams-backend-staging/node_modules/aws-sdk/package.json' exists according to earlier cached lookups.
======== Module name './sagemakerfeaturestoreruntime' was successfully resolved to 'd:/DOPAMS/Toystack/dopams-backend-staging/node_modules/aws-sdk/clients/sagemakerfeaturestoreruntime.d.ts' with Package ID 'aws-sdk/clients/sagemakerfeaturestoreruntime.d.ts@2.1693.0'. ========
======== Resolving module './customerprofiles' from 'd:/DOPAMS/Toystack/dopams-backend-staging/node_modules/aws-sdk/clients/all.d.ts'. ========
Explicitly specified module resolution kind: 'Node10'.
Loading module as file / folder, candidate module location 'd:/DOPAMS/Toystack/dopams-backend-staging/node_modules/aws-sdk/clients/customerprofiles', target file types: TypeScript, Declaration.
File 'd:/DOPAMS/Toystack/dopams-backend-staging/node_modules/aws-sdk/clients/customerprofiles.ts' does not exist.
File 'd:/DOPAMS/Toystack/dopams-backend-staging/node_modules/aws-sdk/clients/customerprofiles.tsx' does not exist.
File 'd:/DOPAMS/Toystack/dopams-backend-staging/node_modules/aws-sdk/clients/customerprofiles.d.ts' exists - use it as a name resolution result.
File 'd:/DOPAMS/Toystack/dopams-backend-staging/node_modules/aws-sdk/package.json' exists according to earlier cached lookups.
======== Module name './customerprofiles' was successfully resolved to 'd:/DOPAMS/Toystack/dopams-backend-staging/node_modules/aws-sdk/clients/customerprofiles.d.ts' with Package ID 'aws-sdk/clients/customerprofiles.d.ts@2.1693.0'. ========
======== Resolving module './auditmanager' from 'd:/DOPAMS/Toystack/dopams-backend-staging/node_modules/aws-sdk/clients/all.d.ts'. ========
Explicitly specified module resolution kind: 'Node10'.
Loading module as file / folder, candidate module location 'd:/DOPAMS/Toystack/dopams-backend-staging/node_modules/aws-sdk/clients/auditmanager', target file types: TypeScript, Declaration.
File 'd:/DOPAMS/Toystack/dopams-backend-staging/node_modules/aws-sdk/clients/auditmanager.ts' does not exist.
File 'd:/DOPAMS/Toystack/dopams-backend-staging/node_modules/aws-sdk/clients/auditmanager.tsx' does not exist.
File 'd:/DOPAMS/Toystack/dopams-backend-staging/node_modules/aws-sdk/clients/auditmanager.d.ts' exists - use it as a name resolution result.
File 'd:/DOPAMS/Toystack/dopams-backend-staging/node_modules/aws-sdk/package.json' exists according to earlier cached lookups.
======== Module name './auditmanager' was successfully resolved to 'd:/DOPAMS/Toystack/dopams-backend-staging/node_modules/aws-sdk/clients/auditmanager.d.ts' with Package ID 'aws-sdk/clients/auditmanager.d.ts@2.1693.0'. ========
======== Resolving module './emrcontainers' from 'd:/DOPAMS/Toystack/dopams-backend-staging/node_modules/aws-sdk/clients/all.d.ts'. ========
Explicitly specified module resolution kind: 'Node10'.
Loading module as file / folder, candidate module location 'd:/DOPAMS/Toystack/dopams-backend-staging/node_modules/aws-sdk/clients/emrcontainers', target file types: TypeScript, Declaration.
File 'd:/DOPAMS/Toystack/dopams-backend-staging/node_modules/aws-sdk/clients/emrcontainers.ts' does not exist.
File 'd:/DOPAMS/Toystack/dopams-backend-staging/node_modules/aws-sdk/clients/emrcontainers.tsx' does not exist.
File 'd:/DOPAMS/Toystack/dopams-backend-staging/node_modules/aws-sdk/clients/emrcontainers.d.ts' exists - use it as a name resolution result.
File 'd:/DOPAMS/Toystack/dopams-backend-staging/node_modules/aws-sdk/package.json' exists according to earlier cached lookups.
======== Module name './emrcontainers' was successfully resolved to 'd:/DOPAMS/Toystack/dopams-backend-staging/node_modules/aws-sdk/clients/emrcontainers.d.ts' with Package ID 'aws-sdk/clients/emrcontainers.d.ts@2.1693.0'. ========
======== Resolving module './healthlake' from 'd:/DOPAMS/Toystack/dopams-backend-staging/node_modules/aws-sdk/clients/all.d.ts'. ========
Explicitly specified module resolution kind: 'Node10'.
Loading module as file / folder, candidate module location 'd:/DOPAMS/Toystack/dopams-backend-staging/node_modules/aws-sdk/clients/healthlake', target file types: TypeScript, Declaration.
File 'd:/DOPAMS/Toystack/dopams-backend-staging/node_modules/aws-sdk/clients/healthlake.ts' does not exist.
File 'd:/DOPAMS/Toystack/dopams-backend-staging/node_modules/aws-sdk/clients/healthlake.tsx' does not exist.
File 'd:/DOPAMS/Toystack/dopams-backend-staging/node_modules/aws-sdk/clients/healthlake.d.ts' exists - use it as a name resolution result.
File 'd:/DOPAMS/Toystack/dopams-backend-staging/node_modules/aws-sdk/package.json' exists according to earlier cached lookups.
======== Module name './healthlake' was successfully resolved to 'd:/DOPAMS/Toystack/dopams-backend-staging/node_modules/aws-sdk/clients/healthlake.d.ts' with Package ID 'aws-sdk/clients/healthlake.d.ts@2.1693.0'. ========
======== Resolving module './sagemakeredge' from 'd:/DOPAMS/Toystack/dopams-backend-staging/node_modules/aws-sdk/clients/all.d.ts'. ========
Explicitly specified module resolution kind: 'Node10'.
Loading module as file / folder, candidate module location 'd:/DOPAMS/Toystack/dopams-backend-staging/node_modules/aws-sdk/clients/sagemakeredge', target file types: TypeScript, Declaration.
File 'd:/DOPAMS/Toystack/dopams-backend-staging/node_modules/aws-sdk/clients/sagemakeredge.ts' does not exist.
File 'd:/DOPAMS/Toystack/dopams-backend-staging/node_modules/aws-sdk/clients/sagemakeredge.tsx' does not exist.
File 'd:/DOPAMS/Toystack/dopams-backend-staging/node_modules/aws-sdk/clients/sagemakeredge.d.ts' exists - use it as a name resolution result.
File 'd:/DOPAMS/Toystack/dopams-backend-staging/node_modules/aws-sdk/package.json' exists according to earlier cached lookups.
======== Module name './sagemakeredge' was successfully resolved to 'd:/DOPAMS/Toystack/dopams-backend-staging/node_modules/aws-sdk/clients/sagemakeredge.d.ts' with Package ID 'aws-sdk/clients/sagemakeredge.d.ts@2.1693.0'. ========
======== Resolving module './amp' from 'd:/DOPAMS/Toystack/dopams-backend-staging/node_modules/aws-sdk/clients/all.d.ts'. ========
Explicitly specified module resolution kind: 'Node10'.
Loading module as file / folder, candidate module location 'd:/DOPAMS/Toystack/dopams-backend-staging/node_modules/aws-sdk/clients/amp', target file types: TypeScript, Declaration.
File 'd:/DOPAMS/Toystack/dopams-backend-staging/node_modules/aws-sdk/clients/amp.ts' does not exist.
File 'd:/DOPAMS/Toystack/dopams-backend-staging/node_modules/aws-sdk/clients/amp.tsx' does not exist.
File 'd:/DOPAMS/Toystack/dopams-backend-staging/node_modules/aws-sdk/clients/amp.d.ts' exists - use it as a name resolution result.
File 'd:/DOPAMS/Toystack/dopams-backend-staging/node_modules/aws-sdk/package.json' exists according to earlier cached lookups.
======== Module name './amp' was successfully resolved to 'd:/DOPAMS/Toystack/dopams-backend-staging/node_modules/aws-sdk/clients/amp.d.ts' with Package ID 'aws-sdk/clients/amp.d.ts@2.1693.0'. ========
======== Resolving module './greengrassv2' from 'd:/DOPAMS/Toystack/dopams-backend-staging/node_modules/aws-sdk/clients/all.d.ts'. ========
Explicitly specified module resolution kind: 'Node10'.
Loading module as file / folder, candidate module location 'd:/DOPAMS/Toystack/dopams-backend-staging/node_modules/aws-sdk/clients/greengrassv2', target file types: TypeScript, Declaration.
File 'd:/DOPAMS/Toystack/dopams-backend-staging/node_modules/aws-sdk/clients/greengrassv2.ts' does not exist.
File 'd:/DOPAMS/Toystack/dopams-backend-staging/node_modules/aws-sdk/clients/greengrassv2.tsx' does not exist.
File 'd:/DOPAMS/Toystack/dopams-backend-staging/node_modules/aws-sdk/clients/greengrassv2.d.ts' exists - use it as a name resolution result.
File 'd:/DOPAMS/Toystack/dopams-backend-staging/node_modules/aws-sdk/package.json' exists according to earlier cached lookups.
======== Module name './greengrassv2' was successfully resolved to 'd:/DOPAMS/Toystack/dopams-backend-staging/node_modules/aws-sdk/clients/greengrassv2.d.ts' with Package ID 'aws-sdk/clients/greengrassv2.d.ts@2.1693.0'. ========
======== Resolving module './iotdeviceadvisor' from 'd:/DOPAMS/Toystack/dopams-backend-staging/node_modules/aws-sdk/clients/all.d.ts'. ========
Explicitly specified module resolution kind: 'Node10'.
Loading module as file / folder, candidate module location 'd:/DOPAMS/Toystack/dopams-backend-staging/node_modules/aws-sdk/clients/iotdeviceadvisor', target file types: TypeScript, Declaration.
File 'd:/DOPAMS/Toystack/dopams-backend-staging/node_modules/aws-sdk/clients/iotdeviceadvisor.ts' does not exist.
File 'd:/DOPAMS/Toystack/dopams-backend-staging/node_modules/aws-sdk/clients/iotdeviceadvisor.tsx' does not exist.
File 'd:/DOPAMS/Toystack/dopams-backend-staging/node_modules/aws-sdk/clients/iotdeviceadvisor.d.ts' exists - use it as a name resolution result.
File 'd:/DOPAMS/Toystack/dopams-backend-staging/node_modules/aws-sdk/package.json' exists according to earlier cached lookups.
======== Module name './iotdeviceadvisor' was successfully resolved to 'd:/DOPAMS/Toystack/dopams-backend-staging/node_modules/aws-sdk/clients/iotdeviceadvisor.d.ts' with Package ID 'aws-sdk/clients/iotdeviceadvisor.d.ts@2.1693.0'. ========
======== Resolving module './iotfleethub' from 'd:/DOPAMS/Toystack/dopams-backend-staging/node_modules/aws-sdk/clients/all.d.ts'. ========
Explicitly specified module resolution kind: 'Node10'.
Loading module as file / folder, candidate module location 'd:/DOPAMS/Toystack/dopams-backend-staging/node_modules/aws-sdk/clients/iotfleethub', target file types: TypeScript, Declaration.
File 'd:/DOPAMS/Toystack/dopams-backend-staging/node_modules/aws-sdk/clients/iotfleethub.ts' does not exist.
File 'd:/DOPAMS/Toystack/dopams-backend-staging/node_modules/aws-sdk/clients/iotfleethub.tsx' does not exist.
File 'd:/DOPAMS/Toystack/dopams-backend-staging/node_modules/aws-sdk/clients/iotfleethub.d.ts' exists - use it as a name resolution result.
File 'd:/DOPAMS/Toystack/dopams-backend-staging/node_modules/aws-sdk/package.json' exists according to earlier cached lookups.
======== Module name './iotfleethub' was successfully resolved to 'd:/DOPAMS/Toystack/dopams-backend-staging/node_modules/aws-sdk/clients/iotfleethub.d.ts' with Package ID 'aws-sdk/clients/iotfleethub.d.ts@2.1693.0'. ========
======== Resolving module './iotwireless' from 'd:/DOPAMS/Toystack/dopams-backend-staging/node_modules/aws-sdk/clients/all.d.ts'. ========
Explicitly specified module resolution kind: 'Node10'.
Loading module as file / folder, candidate module location 'd:/DOPAMS/Toystack/dopams-backend-staging/node_modules/aws-sdk/clients/iotwireless', target file types: TypeScript, Declaration.
File 'd:/DOPAMS/Toystack/dopams-backend-staging/node_modules/aws-sdk/clients/iotwireless.ts' does not exist.
File 'd:/DOPAMS/Toystack/dopams-backend-staging/node_modules/aws-sdk/clients/iotwireless.tsx' does not exist.
File 'd:/DOPAMS/Toystack/dopams-backend-staging/node_modules/aws-sdk/clients/iotwireless.d.ts' exists - use it as a name resolution result.
File 'd:/DOPAMS/Toystack/dopams-backend-staging/node_modules/aws-sdk/package.json' exists according to earlier cached lookups.
======== Module name './iotwireless' was successfully resolved to 'd:/DOPAMS/Toystack/dopams-backend-staging/node_modules/aws-sdk/clients/iotwireless.d.ts' with Package ID 'aws-sdk/clients/iotwireless.d.ts@2.1693.0'. ========
======== Resolving module './location' from 'd:/DOPAMS/Toystack/dopams-backend-staging/node_modules/aws-sdk/clients/all.d.ts'. ========
Explicitly specified module resolution kind: 'Node10'.
Loading module as file / folder, candidate module location 'd:/DOPAMS/Toystack/dopams-backend-staging/node_modules/aws-sdk/clients/location', target file types: TypeScript, Declaration.
File 'd:/DOPAMS/Toystack/dopams-backend-staging/node_modules/aws-sdk/clients/location.ts' does not exist.
File 'd:/DOPAMS/Toystack/dopams-backend-staging/node_modules/aws-sdk/clients/location.tsx' does not exist.
File 'd:/DOPAMS/Toystack/dopams-backend-staging/node_modules/aws-sdk/clients/location.d.ts' exists - use it as a name resolution result.
File 'd:/DOPAMS/Toystack/dopams-backend-staging/node_modules/aws-sdk/package.json' exists according to earlier cached lookups.
======== Module name './location' was successfully resolved to 'd:/DOPAMS/Toystack/dopams-backend-staging/node_modules/aws-sdk/clients/location.d.ts' with Package ID 'aws-sdk/clients/location.d.ts@2.1693.0'. ========
======== Resolving module './wellarchitected' from 'd:/DOPAMS/Toystack/dopams-backend-staging/node_modules/aws-sdk/clients/all.d.ts'. ========
Explicitly specified module resolution kind: 'Node10'.
Loading module as file / folder, candidate module location 'd:/DOPAMS/Toystack/dopams-backend-staging/node_modules/aws-sdk/clients/wellarchitected', target file types: TypeScript, Declaration.
File 'd:/DOPAMS/Toystack/dopams-backend-staging/node_modules/aws-sdk/clients/wellarchitected.ts' does not exist.
File 'd:/DOPAMS/Toystack/dopams-backend-staging/node_modules/aws-sdk/clients/wellarchitected.tsx' does not exist.
File 'd:/DOPAMS/Toystack/dopams-backend-staging/node_modules/aws-sdk/clients/wellarchitected.d.ts' exists - use it as a name resolution result.
File 'd:/DOPAMS/Toystack/dopams-backend-staging/node_modules/aws-sdk/package.json' exists according to earlier cached lookups.
======== Module name './wellarchitected' was successfully resolved to 'd:/DOPAMS/Toystack/dopams-backend-staging/node_modules/aws-sdk/clients/wellarchitected.d.ts' with Package ID 'aws-sdk/clients/wellarchitected.d.ts@2.1693.0'. ========
======== Resolving module './lexmodelsv2' from 'd:/DOPAMS/Toystack/dopams-backend-staging/node_modules/aws-sdk/clients/all.d.ts'. ========
Explicitly specified module resolution kind: 'Node10'.
Loading module as file / folder, candidate module location 'd:/DOPAMS/Toystack/dopams-backend-staging/node_modules/aws-sdk/clients/lexmodelsv2', target file types: TypeScript, Declaration.
File 'd:/DOPAMS/Toystack/dopams-backend-staging/node_modules/aws-sdk/clients/lexmodelsv2.ts' does not exist.
File 'd:/DOPAMS/Toystack/dopams-backend-staging/node_modules/aws-sdk/clients/lexmodelsv2.tsx' does not exist.
File 'd:/DOPAMS/Toystack/dopams-backend-staging/node_modules/aws-sdk/clients/lexmodelsv2.d.ts' exists - use it as a name resolution result.
File 'd:/DOPAMS/Toystack/dopams-backend-staging/node_modules/aws-sdk/package.json' exists according to earlier cached lookups.
======== Module name './lexmodelsv2' was successfully resolved to 'd:/DOPAMS/Toystack/dopams-backend-staging/node_modules/aws-sdk/clients/lexmodelsv2.d.ts' with Package ID 'aws-sdk/clients/lexmodelsv2.d.ts@2.1693.0'. ========
======== Resolving module './lexruntimev2' from 'd:/DOPAMS/Toystack/dopams-backend-staging/node_modules/aws-sdk/clients/all.d.ts'. ========
Explicitly specified module resolution kind: 'Node10'.
Loading module as file / folder, candidate module location 'd:/DOPAMS/Toystack/dopams-backend-staging/node_modules/aws-sdk/clients/lexruntimev2', target file types: TypeScript, Declaration.
File 'd:/DOPAMS/Toystack/dopams-backend-staging/node_modules/aws-sdk/clients/lexruntimev2.ts' does not exist.
File 'd:/DOPAMS/Toystack/dopams-backend-staging/node_modules/aws-sdk/clients/lexruntimev2.tsx' does not exist.
File 'd:/DOPAMS/Toystack/dopams-backend-staging/node_modules/aws-sdk/clients/lexruntimev2.d.ts' exists - use it as a name resolution result.
File 'd:/DOPAMS/Toystack/dopams-backend-staging/node_modules/aws-sdk/package.json' exists according to earlier cached lookups.
======== Module name './lexruntimev2' was successfully resolved to 'd:/DOPAMS/Toystack/dopams-backend-staging/node_modules/aws-sdk/clients/lexruntimev2.d.ts' with Package ID 'aws-sdk/clients/lexruntimev2.d.ts@2.1693.0'. ========
======== Resolving module './fis' from 'd:/DOPAMS/Toystack/dopams-backend-staging/node_modules/aws-sdk/clients/all.d.ts'. ========
Explicitly specified module resolution kind: 'Node10'.
Loading module as file / folder, candidate module location 'd:/DOPAMS/Toystack/dopams-backend-staging/node_modules/aws-sdk/clients/fis', target file types: TypeScript, Declaration.
File 'd:/DOPAMS/Toystack/dopams-backend-staging/node_modules/aws-sdk/clients/fis.ts' does not exist.
File 'd:/DOPAMS/Toystack/dopams-backend-staging/node_modules/aws-sdk/clients/fis.tsx' does not exist.
File 'd:/DOPAMS/Toystack/dopams-backend-staging/node_modules/aws-sdk/clients/fis.d.ts' exists - use it as a name resolution result.
File 'd:/DOPAMS/Toystack/dopams-backend-staging/node_modules/aws-sdk/package.json' exists according to earlier cached lookups.
======== Module name './fis' was successfully resolved to 'd:/DOPAMS/Toystack/dopams-backend-staging/node_modules/aws-sdk/clients/fis.d.ts' with Package ID 'aws-sdk/clients/fis.d.ts@2.1693.0'. ========
======== Resolving module './lookoutmetrics' from 'd:/DOPAMS/Toystack/dopams-backend-staging/node_modules/aws-sdk/clients/all.d.ts'. ========
Explicitly specified module resolution kind: 'Node10'.
Loading module as file / folder, candidate module location 'd:/DOPAMS/Toystack/dopams-backend-staging/node_modules/aws-sdk/clients/lookoutmetrics', target file types: TypeScript, Declaration.
File 'd:/DOPAMS/Toystack/dopams-backend-staging/node_modules/aws-sdk/clients/lookoutmetrics.ts' does not exist.
File 'd:/DOPAMS/Toystack/dopams-backend-staging/node_modules/aws-sdk/clients/lookoutmetrics.tsx' does not exist.
File 'd:/DOPAMS/Toystack/dopams-backend-staging/node_modules/aws-sdk/clients/lookoutmetrics.d.ts' exists - use it as a name resolution result.
File 'd:/DOPAMS/Toystack/dopams-backend-staging/node_modules/aws-sdk/package.json' exists according to earlier cached lookups.
======== Module name './lookoutmetrics' was successfully resolved to 'd:/DOPAMS/Toystack/dopams-backend-staging/node_modules/aws-sdk/clients/lookoutmetrics.d.ts' with Package ID 'aws-sdk/clients/lookoutmetrics.d.ts@2.1693.0'. ========
======== Resolving module './mgn' from 'd:/DOPAMS/Toystack/dopams-backend-staging/node_modules/aws-sdk/clients/all.d.ts'. ========
Explicitly specified module resolution kind: 'Node10'.
Loading module as file / folder, candidate module location 'd:/DOPAMS/Toystack/dopams-backend-staging/node_modules/aws-sdk/clients/mgn', target file types: TypeScript, Declaration.
File 'd:/DOPAMS/Toystack/dopams-backend-staging/node_modules/aws-sdk/clients/mgn.ts' does not exist.
File 'd:/DOPAMS/Toystack/dopams-backend-staging/node_modules/aws-sdk/clients/mgn.tsx' does not exist.
File 'd:/DOPAMS/Toystack/dopams-backend-staging/node_modules/aws-sdk/clients/mgn.d.ts' exists - use it as a name resolution result.
File 'd:/DOPAMS/Toystack/dopams-backend-staging/node_modules/aws-sdk/package.json' exists according to earlier cached lookups.
======== Module name './mgn' was successfully resolved to 'd:/DOPAMS/Toystack/dopams-backend-staging/node_modules/aws-sdk/clients/mgn.d.ts' with Package ID 'aws-sdk/clients/mgn.d.ts@2.1693.0'. ========
======== Resolving module './lookoutequipment' from 'd:/DOPAMS/Toystack/dopams-backend-staging/node_modules/aws-sdk/clients/all.d.ts'. ========
Explicitly specified module resolution kind: 'Node10'.
Loading module as file / folder, candidate module location 'd:/DOPAMS/Toystack/dopams-backend-staging/node_modules/aws-sdk/clients/lookoutequipment', target file types: TypeScript, Declaration.
File 'd:/DOPAMS/Toystack/dopams-backend-staging/node_modules/aws-sdk/clients/lookoutequipment.ts' does not exist.
File 'd:/DOPAMS/Toystack/dopams-backend-staging/node_modules/aws-sdk/clients/lookoutequipment.tsx' does not exist.
File 'd:/DOPAMS/Toystack/dopams-backend-staging/node_modules/aws-sdk/clients/lookoutequipment.d.ts' exists - use it as a name resolution result.
File 'd:/DOPAMS/Toystack/dopams-backend-staging/node_modules/aws-sdk/package.json' exists according to earlier cached lookups.
======== Module name './lookoutequipment' was successfully resolved to 'd:/DOPAMS/Toystack/dopams-backend-staging/node_modules/aws-sdk/clients/lookoutequipment.d.ts' with Package ID 'aws-sdk/clients/lookoutequipment.d.ts@2.1693.0'. ========
======== Resolving module './nimble' from 'd:/DOPAMS/Toystack/dopams-backend-staging/node_modules/aws-sdk/clients/all.d.ts'. ========
Explicitly specified module resolution kind: 'Node10'.
Loading module as file / folder, candidate module location 'd:/DOPAMS/Toystack/dopams-backend-staging/node_modules/aws-sdk/clients/nimble', target file types: TypeScript, Declaration.
File 'd:/DOPAMS/Toystack/dopams-backend-staging/node_modules/aws-sdk/clients/nimble.ts' does not exist.
File 'd:/DOPAMS/Toystack/dopams-backend-staging/node_modules/aws-sdk/clients/nimble.tsx' does not exist.
File 'd:/DOPAMS/Toystack/dopams-backend-staging/node_modules/aws-sdk/clients/nimble.d.ts' exists - use it as a name resolution result.
File 'd:/DOPAMS/Toystack/dopams-backend-staging/node_modules/aws-sdk/package.json' exists according to earlier cached lookups.
======== Module name './nimble' was successfully resolved to 'd:/DOPAMS/Toystack/dopams-backend-staging/node_modules/aws-sdk/clients/nimble.d.ts' with Package ID 'aws-sdk/clients/nimble.d.ts@2.1693.0'. ========
======== Resolving module './finspace' from 'd:/DOPAMS/Toystack/dopams-backend-staging/node_modules/aws-sdk/clients/all.d.ts'. ========
Explicitly specified module resolution kind: 'Node10'.
Loading module as file / folder, candidate module location 'd:/DOPAMS/Toystack/dopams-backend-staging/node_modules/aws-sdk/clients/finspace', target file types: TypeScript, Declaration.
File 'd:/DOPAMS/Toystack/dopams-backend-staging/node_modules/aws-sdk/clients/finspace.ts' does not exist.
File 'd:/DOPAMS/Toystack/dopams-backend-staging/node_modules/aws-sdk/clients/finspace.tsx' does not exist.
File 'd:/DOPAMS/Toystack/dopams-backend-staging/node_modules/aws-sdk/clients/finspace.d.ts' exists - use it as a name resolution result.
File 'd:/DOPAMS/Toystack/dopams-backend-staging/node_modules/aws-sdk/package.json' exists according to earlier cached lookups.
======== Module name './finspace' was successfully resolved to 'd:/DOPAMS/Toystack/dopams-backend-staging/node_modules/aws-sdk/clients/finspace.d.ts' with Package ID 'aws-sdk/clients/finspace.d.ts@2.1693.0'. ========
======== Resolving module './finspacedata' from 'd:/DOPAMS/Toystack/dopams-backend-staging/node_modules/aws-sdk/clients/all.d.ts'. ========
Explicitly specified module resolution kind: 'Node10'.
Loading module as file / folder, candidate module location 'd:/DOPAMS/Toystack/dopams-backend-staging/node_modules/aws-sdk/clients/finspacedata', target file types: TypeScript, Declaration.
File 'd:/DOPAMS/Toystack/dopams-backend-staging/node_modules/aws-sdk/clients/finspacedata.ts' does not exist.
File 'd:/DOPAMS/Toystack/dopams-backend-staging/node_modules/aws-sdk/clients/finspacedata.tsx' does not exist.
File 'd:/DOPAMS/Toystack/dopams-backend-staging/node_modules/aws-sdk/clients/finspacedata.d.ts' exists - use it as a name resolution result.
File 'd:/DOPAMS/Toystack/dopams-backend-staging/node_modules/aws-sdk/package.json' exists according to earlier cached lookups.
======== Module name './finspacedata' was successfully resolved to 'd:/DOPAMS/Toystack/dopams-backend-staging/node_modules/aws-sdk/clients/finspacedata.d.ts' with Package ID 'aws-sdk/clients/finspacedata.d.ts@2.1693.0'. ========
======== Resolving module './ssmcontacts' from 'd:/DOPAMS/Toystack/dopams-backend-staging/node_modules/aws-sdk/clients/all.d.ts'. ========
Explicitly specified module resolution kind: 'Node10'.
Loading module as file / folder, candidate module location 'd:/DOPAMS/Toystack/dopams-backend-staging/node_modules/aws-sdk/clients/ssmcontacts', target file types: TypeScript, Declaration.
File 'd:/DOPAMS/Toystack/dopams-backend-staging/node_modules/aws-sdk/clients/ssmcontacts.ts' does not exist.
File 'd:/DOPAMS/Toystack/dopams-backend-staging/node_modules/aws-sdk/clients/ssmcontacts.tsx' does not exist.
File 'd:/DOPAMS/Toystack/dopams-backend-staging/node_modules/aws-sdk/clients/ssmcontacts.d.ts' exists - use it as a name resolution result.
File 'd:/DOPAMS/Toystack/dopams-backend-staging/node_modules/aws-sdk/package.json' exists according to earlier cached lookups.
======== Module name './ssmcontacts' was successfully resolved to 'd:/DOPAMS/Toystack/dopams-backend-staging/node_modules/aws-sdk/clients/ssmcontacts.d.ts' with Package ID 'aws-sdk/clients/ssmcontacts.d.ts@2.1693.0'. ========
======== Resolving module './ssmincidents' from 'd:/DOPAMS/Toystack/dopams-backend-staging/node_modules/aws-sdk/clients/all.d.ts'. ========
Explicitly specified module resolution kind: 'Node10'.
Loading module as file / folder, candidate module location 'd:/DOPAMS/Toystack/dopams-backend-staging/node_modules/aws-sdk/clients/ssmincidents', target file types: TypeScript, Declaration.
File 'd:/DOPAMS/Toystack/dopams-backend-staging/node_modules/aws-sdk/clients/ssmincidents.ts' does not exist.
File 'd:/DOPAMS/Toystack/dopams-backend-staging/node_modules/aws-sdk/clients/ssmincidents.tsx' does not exist.
File 'd:/DOPAMS/Toystack/dopams-backend-staging/node_modules/aws-sdk/clients/ssmincidents.d.ts' exists - use it as a name resolution result.
File 'd:/DOPAMS/Toystack/dopams-backend-staging/node_modules/aws-sdk/package.json' exists according to earlier cached lookups.
======== Module name './ssmincidents' was successfully resolved to 'd:/DOPAMS/Toystack/dopams-backend-staging/node_modules/aws-sdk/clients/ssmincidents.d.ts' with Package ID 'aws-sdk/clients/ssmincidents.d.ts@2.1693.0'. ========
======== Resolving module './applicationcostprofiler' from 'd:/DOPAMS/Toystack/dopams-backend-staging/node_modules/aws-sdk/clients/all.d.ts'. ========
Explicitly specified module resolution kind: 'Node10'.
Loading module as file / folder, candidate module location 'd:/DOPAMS/Toystack/dopams-backend-staging/node_modules/aws-sdk/clients/applicationcostprofiler', target file types: TypeScript, Declaration.
File 'd:/DOPAMS/Toystack/dopams-backend-staging/node_modules/aws-sdk/clients/applicationcostprofiler.ts' does not exist.
File 'd:/DOPAMS/Toystack/dopams-backend-staging/node_modules/aws-sdk/clients/applicationcostprofiler.tsx' does not exist.
File 'd:/DOPAMS/Toystack/dopams-backend-staging/node_modules/aws-sdk/clients/applicationcostprofiler.d.ts' exists - use it as a name resolution result.
File 'd:/DOPAMS/Toystack/dopams-backend-staging/node_modules/aws-sdk/package.json' exists according to earlier cached lookups.
======== Module name './applicationcostprofiler' was successfully resolved to 'd:/DOPAMS/Toystack/dopams-backend-staging/node_modules/aws-sdk/clients/applicationcostprofiler.d.ts' with Package ID 'aws-sdk/clients/applicationcostprofiler.d.ts@2.1693.0'. ========
======== Resolving module './apprunner' from 'd:/DOPAMS/Toystack/dopams-backend-staging/node_modules/aws-sdk/clients/all.d.ts'. ========
Explicitly specified module resolution kind: 'Node10'.
Loading module as file / folder, candidate module location 'd:/DOPAMS/Toystack/dopams-backend-staging/node_modules/aws-sdk/clients/apprunner', target file types: TypeScript, Declaration.
File 'd:/DOPAMS/Toystack/dopams-backend-staging/node_modules/aws-sdk/clients/apprunner.ts' does not exist.
File 'd:/DOPAMS/Toystack/dopams-backend-staging/node_modules/aws-sdk/clients/apprunner.tsx' does not exist.
File 'd:/DOPAMS/Toystack/dopams-backend-staging/node_modules/aws-sdk/clients/apprunner.d.ts' exists - use it as a name resolution result.
File 'd:/DOPAMS/Toystack/dopams-backend-staging/node_modules/aws-sdk/package.json' exists according to earlier cached lookups.
======== Module name './apprunner' was successfully resolved to 'd:/DOPAMS/Toystack/dopams-backend-staging/node_modules/aws-sdk/clients/apprunner.d.ts' with Package ID 'aws-sdk/clients/apprunner.d.ts@2.1693.0'. ========
======== Resolving module './proton' from 'd:/DOPAMS/Toystack/dopams-backend-staging/node_modules/aws-sdk/clients/all.d.ts'. ========
Explicitly specified module resolution kind: 'Node10'.
Loading module as file / folder, candidate module location 'd:/DOPAMS/Toystack/dopams-backend-staging/node_modules/aws-sdk/clients/proton', target file types: TypeScript, Declaration.
File 'd:/DOPAMS/Toystack/dopams-backend-staging/node_modules/aws-sdk/clients/proton.ts' does not exist.
File 'd:/DOPAMS/Toystack/dopams-backend-staging/node_modules/aws-sdk/clients/proton.tsx' does not exist.
File 'd:/DOPAMS/Toystack/dopams-backend-staging/node_modules/aws-sdk/clients/proton.d.ts' exists - use it as a name resolution result.
File 'd:/DOPAMS/Toystack/dopams-backend-staging/node_modules/aws-sdk/package.json' exists according to earlier cached lookups.
======== Module name './proton' was successfully resolved to 'd:/DOPAMS/Toystack/dopams-backend-staging/node_modules/aws-sdk/clients/proton.d.ts' with Package ID 'aws-sdk/clients/proton.d.ts@2.1693.0'. ========
======== Resolving module './route53recoverycluster' from 'd:/DOPAMS/Toystack/dopams-backend-staging/node_modules/aws-sdk/clients/all.d.ts'. ========
Explicitly specified module resolution kind: 'Node10'.
Loading module as file / folder, candidate module location 'd:/DOPAMS/Toystack/dopams-backend-staging/node_modules/aws-sdk/clients/route53recoverycluster', target file types: TypeScript, Declaration.
File 'd:/DOPAMS/Toystack/dopams-backend-staging/node_modules/aws-sdk/clients/route53recoverycluster.ts' does not exist.
File 'd:/DOPAMS/Toystack/dopams-backend-staging/node_modules/aws-sdk/clients/route53recoverycluster.tsx' does not exist.
File 'd:/DOPAMS/Toystack/dopams-backend-staging/node_modules/aws-sdk/clients/route53recoverycluster.d.ts' exists - use it as a name resolution result.
File 'd:/DOPAMS/Toystack/dopams-backend-staging/node_modules/aws-sdk/package.json' exists according to earlier cached lookups.
======== Module name './route53recoverycluster' was successfully resolved to 'd:/DOPAMS/Toystack/dopams-backend-staging/node_modules/aws-sdk/clients/route53recoverycluster.d.ts' with Package ID 'aws-sdk/clients/route53recoverycluster.d.ts@2.1693.0'. ========
======== Resolving module './route53recoverycontrolconfig' from 'd:/DOPAMS/Toystack/dopams-backend-staging/node_modules/aws-sdk/clients/all.d.ts'. ========
Explicitly specified module resolution kind: 'Node10'.
Loading module as file / folder, candidate module location 'd:/DOPAMS/Toystack/dopams-backend-staging/node_modules/aws-sdk/clients/route53recoverycontrolconfig', target file types: TypeScript, Declaration.
File 'd:/DOPAMS/Toystack/dopams-backend-staging/node_modules/aws-sdk/clients/route53recoverycontrolconfig.ts' does not exist.
File 'd:/DOPAMS/Toystack/dopams-backend-staging/node_modules/aws-sdk/clients/route53recoverycontrolconfig.tsx' does not exist.
File 'd:/DOPAMS/Toystack/dopams-backend-staging/node_modules/aws-sdk/clients/route53recoverycontrolconfig.d.ts' exists - use it as a name resolution result.
File 'd:/DOPAMS/Toystack/dopams-backend-staging/node_modules/aws-sdk/package.json' exists according to earlier cached lookups.
======== Module name './route53recoverycontrolconfig' was successfully resolved to 'd:/DOPAMS/Toystack/dopams-backend-staging/node_modules/aws-sdk/clients/route53recoverycontrolconfig.d.ts' with Package ID 'aws-sdk/clients/route53recoverycontrolconfig.d.ts@2.1693.0'. ========
======== Resolving module './route53recoveryreadiness' from 'd:/DOPAMS/Toystack/dopams-backend-staging/node_modules/aws-sdk/clients/all.d.ts'. ========
Explicitly specified module resolution kind: 'Node10'.
Loading module as file / folder, candidate module location 'd:/DOPAMS/Toystack/dopams-backend-staging/node_modules/aws-sdk/clients/route53recoveryreadiness', target file types: TypeScript, Declaration.
File 'd:/DOPAMS/Toystack/dopams-backend-staging/node_modules/aws-sdk/clients/route53recoveryreadiness.ts' does not exist.
File 'd:/DOPAMS/Toystack/dopams-backend-staging/node_modules/aws-sdk/clients/route53recoveryreadiness.tsx' does not exist.
File 'd:/DOPAMS/Toystack/dopams-backend-staging/node_modules/aws-sdk/clients/route53recoveryreadiness.d.ts' exists - use it as a name resolution result.
File 'd:/DOPAMS/Toystack/dopams-backend-staging/node_modules/aws-sdk/package.json' exists according to earlier cached lookups.
======== Module name './route53recoveryreadiness' was successfully resolved to 'd:/DOPAMS/Toystack/dopams-backend-staging/node_modules/aws-sdk/clients/route53recoveryreadiness.d.ts' with Package ID 'aws-sdk/clients/route53recoveryreadiness.d.ts@2.1693.0'. ========
======== Resolving module './chimesdkidentity' from 'd:/DOPAMS/Toystack/dopams-backend-staging/node_modules/aws-sdk/clients/all.d.ts'. ========
Explicitly specified module resolution kind: 'Node10'.
Loading module as file / folder, candidate module location 'd:/DOPAMS/Toystack/dopams-backend-staging/node_modules/aws-sdk/clients/chimesdkidentity', target file types: TypeScript, Declaration.
File 'd:/DOPAMS/Toystack/dopams-backend-staging/node_modules/aws-sdk/clients/chimesdkidentity.ts' does not exist.
File 'd:/DOPAMS/Toystack/dopams-backend-staging/node_modules/aws-sdk/clients/chimesdkidentity.tsx' does not exist.
File 'd:/DOPAMS/Toystack/dopams-backend-staging/node_modules/aws-sdk/clients/chimesdkidentity.d.ts' exists - use it as a name resolution result.
File 'd:/DOPAMS/Toystack/dopams-backend-staging/node_modules/aws-sdk/package.json' exists according to earlier cached lookups.
======== Module name './chimesdkidentity' was successfully resolved to 'd:/DOPAMS/Toystack/dopams-backend-staging/node_modules/aws-sdk/clients/chimesdkidentity.d.ts' with Package ID 'aws-sdk/clients/chimesdkidentity.d.ts@2.1693.0'. ========
======== Resolving module './chimesdkmessaging' from 'd:/DOPAMS/Toystack/dopams-backend-staging/node_modules/aws-sdk/clients/all.d.ts'. ========
Explicitly specified module resolution kind: 'Node10'.
Loading module as file / folder, candidate module location 'd:/DOPAMS/Toystack/dopams-backend-staging/node_modules/aws-sdk/clients/chimesdkmessaging', target file types: TypeScript, Declaration.
File 'd:/DOPAMS/Toystack/dopams-backend-staging/node_modules/aws-sdk/clients/chimesdkmessaging.ts' does not exist.
File 'd:/DOPAMS/Toystack/dopams-backend-staging/node_modules/aws-sdk/clients/chimesdkmessaging.tsx' does not exist.
File 'd:/DOPAMS/Toystack/dopams-backend-staging/node_modules/aws-sdk/clients/chimesdkmessaging.d.ts' exists - use it as a name resolution result.
File 'd:/DOPAMS/Toystack/dopams-backend-staging/node_modules/aws-sdk/package.json' exists according to earlier cached lookups.
======== Module name './chimesdkmessaging' was successfully resolved to 'd:/DOPAMS/Toystack/dopams-backend-staging/node_modules/aws-sdk/clients/chimesdkmessaging.d.ts' with Package ID 'aws-sdk/clients/chimesdkmessaging.d.ts@2.1693.0'. ========
======== Resolving module './snowdevicemanagement' from 'd:/DOPAMS/Toystack/dopams-backend-staging/node_modules/aws-sdk/clients/all.d.ts'. ========
Explicitly specified module resolution kind: 'Node10'.
Loading module as file / folder, candidate module location 'd:/DOPAMS/Toystack/dopams-backend-staging/node_modules/aws-sdk/clients/snowdevicemanagement', target file types: TypeScript, Declaration.
File 'd:/DOPAMS/Toystack/dopams-backend-staging/node_modules/aws-sdk/clients/snowdevicemanagement.ts' does not exist.
File 'd:/DOPAMS/Toystack/dopams-backend-staging/node_modules/aws-sdk/clients/snowdevicemanagement.tsx' does not exist.
File 'd:/DOPAMS/Toystack/dopams-backend-staging/node_modules/aws-sdk/clients/snowdevicemanagement.d.ts' exists - use it as a name resolution result.
File 'd:/DOPAMS/Toystack/dopams-backend-staging/node_modules/aws-sdk/package.json' exists according to earlier cached lookups.
======== Module name './snowdevicemanagement' was successfully resolved to 'd:/DOPAMS/Toystack/dopams-backend-staging/node_modules/aws-sdk/clients/snowdevicemanagement.d.ts' with Package ID 'aws-sdk/clients/snowdevicemanagement.d.ts@2.1693.0'. ========
======== Resolving module './memorydb' from 'd:/DOPAMS/Toystack/dopams-backend-staging/node_modules/aws-sdk/clients/all.d.ts'. ========
Explicitly specified module resolution kind: 'Node10'.
Loading module as file / folder, candidate module location 'd:/DOPAMS/Toystack/dopams-backend-staging/node_modules/aws-sdk/clients/memorydb', target file types: TypeScript, Declaration.
File 'd:/DOPAMS/Toystack/dopams-backend-staging/node_modules/aws-sdk/clients/memorydb.ts' does not exist.
File 'd:/DOPAMS/Toystack/dopams-backend-staging/node_modules/aws-sdk/clients/memorydb.tsx' does not exist.
File 'd:/DOPAMS/Toystack/dopams-backend-staging/node_modules/aws-sdk/clients/memorydb.d.ts' exists - use it as a name resolution result.
File 'd:/DOPAMS/Toystack/dopams-backend-staging/node_modules/aws-sdk/package.json' exists according to earlier cached lookups.
======== Module name './memorydb' was successfully resolved to 'd:/DOPAMS/Toystack/dopams-backend-staging/node_modules/aws-sdk/clients/memorydb.d.ts' with Package ID 'aws-sdk/clients/memorydb.d.ts@2.1693.0'. ========
======== Resolving module './opensearch' from 'd:/DOPAMS/Toystack/dopams-backend-staging/node_modules/aws-sdk/clients/all.d.ts'. ========
Explicitly specified module resolution kind: 'Node10'.
Loading module as file / folder, candidate module location 'd:/DOPAMS/Toystack/dopams-backend-staging/node_modules/aws-sdk/clients/opensearch', target file types: TypeScript, Declaration.
File 'd:/DOPAMS/Toystack/dopams-backend-staging/node_modules/aws-sdk/clients/opensearch.ts' does not exist.
File 'd:/DOPAMS/Toystack/dopams-backend-staging/node_modules/aws-sdk/clients/opensearch.tsx' does not exist.
File 'd:/DOPAMS/Toystack/dopams-backend-staging/node_modules/aws-sdk/clients/opensearch.d.ts' exists - use it as a name resolution result.
File 'd:/DOPAMS/Toystack/dopams-backend-staging/node_modules/aws-sdk/package.json' exists according to earlier cached lookups.
======== Module name './opensearch' was successfully resolved to 'd:/DOPAMS/Toystack/dopams-backend-staging/node_modules/aws-sdk/clients/opensearch.d.ts' with Package ID 'aws-sdk/clients/opensearch.d.ts@2.1693.0'. ========
======== Resolving module './kafkaconnect' from 'd:/DOPAMS/Toystack/dopams-backend-staging/node_modules/aws-sdk/clients/all.d.ts'. ========
Explicitly specified module resolution kind: 'Node10'.
Loading module as file / folder, candidate module location 'd:/DOPAMS/Toystack/dopams-backend-staging/node_modules/aws-sdk/clients/kafkaconnect', target file types: TypeScript, Declaration.
File 'd:/DOPAMS/Toystack/dopams-backend-staging/node_modules/aws-sdk/clients/kafkaconnect.ts' does not exist.
File 'd:/DOPAMS/Toystack/dopams-backend-staging/node_modules/aws-sdk/clients/kafkaconnect.tsx' does not exist.
File 'd:/DOPAMS/Toystack/dopams-backend-staging/node_modules/aws-sdk/clients/kafkaconnect.d.ts' exists - use it as a name resolution result.
File 'd:/DOPAMS/Toystack/dopams-backend-staging/node_modules/aws-sdk/package.json' exists according to earlier cached lookups.
======== Module name './kafkaconnect' was successfully resolved to 'd:/DOPAMS/Toystack/dopams-backend-staging/node_modules/aws-sdk/clients/kafkaconnect.d.ts' with Package ID 'aws-sdk/clients/kafkaconnect.d.ts@2.1693.0'. ========
======== Resolving module './voiceid' from 'd:/DOPAMS/Toystack/dopams-backend-staging/node_modules/aws-sdk/clients/all.d.ts'. ========
Explicitly specified module resolution kind: 'Node10'.
Loading module as file / folder, candidate module location 'd:/DOPAMS/Toystack/dopams-backend-staging/node_modules/aws-sdk/clients/voiceid', target file types: TypeScript, Declaration.
File 'd:/DOPAMS/Toystack/dopams-backend-staging/node_modules/aws-sdk/clients/voiceid.ts' does not exist.
File 'd:/DOPAMS/Toystack/dopams-backend-staging/node_modules/aws-sdk/clients/voiceid.tsx' does not exist.
File 'd:/DOPAMS/Toystack/dopams-backend-staging/node_modules/aws-sdk/clients/voiceid.d.ts' exists - use it as a name resolution result.
File 'd:/DOPAMS/Toystack/dopams-backend-staging/node_modules/aws-sdk/package.json' exists according to earlier cached lookups.
======== Module name './voiceid' was successfully resolved to 'd:/DOPAMS/Toystack/dopams-backend-staging/node_modules/aws-sdk/clients/voiceid.d.ts' with Package ID 'aws-sdk/clients/voiceid.d.ts@2.1693.0'. ========
======== Resolving module './wisdom' from 'd:/DOPAMS/Toystack/dopams-backend-staging/node_modules/aws-sdk/clients/all.d.ts'. ========
Explicitly specified module resolution kind: 'Node10'.
Loading module as file / folder, candidate module location 'd:/DOPAMS/Toystack/dopams-backend-staging/node_modules/aws-sdk/clients/wisdom', target file types: TypeScript, Declaration.
File 'd:/DOPAMS/Toystack/dopams-backend-staging/node_modules/aws-sdk/clients/wisdom.ts' does not exist.
File 'd:/DOPAMS/Toystack/dopams-backend-staging/node_modules/aws-sdk/clients/wisdom.tsx' does not exist.
File 'd:/DOPAMS/Toystack/dopams-backend-staging/node_modules/aws-sdk/clients/wisdom.d.ts' exists - use it as a name resolution result.
File 'd:/DOPAMS/Toystack/dopams-backend-staging/node_modules/aws-sdk/package.json' exists according to earlier cached lookups.
======== Module name './wisdom' was successfully resolved to 'd:/DOPAMS/Toystack/dopams-backend-staging/node_modules/aws-sdk/clients/wisdom.d.ts' with Package ID 'aws-sdk/clients/wisdom.d.ts@2.1693.0'. ========
======== Resolving module './account' from 'd:/DOPAMS/Toystack/dopams-backend-staging/node_modules/aws-sdk/clients/all.d.ts'. ========
Explicitly specified module resolution kind: 'Node10'.
Loading module as file / folder, candidate module location 'd:/DOPAMS/Toystack/dopams-backend-staging/node_modules/aws-sdk/clients/account', target file types: TypeScript, Declaration.
File 'd:/DOPAMS/Toystack/dopams-backend-staging/node_modules/aws-sdk/clients/account.ts' does not exist.
File 'd:/DOPAMS/Toystack/dopams-backend-staging/node_modules/aws-sdk/clients/account.tsx' does not exist.
File 'd:/DOPAMS/Toystack/dopams-backend-staging/node_modules/aws-sdk/clients/account.d.ts' exists - use it as a name resolution result.
File 'd:/DOPAMS/Toystack/dopams-backend-staging/node_modules/aws-sdk/package.json' exists according to earlier cached lookups.
======== Module name './account' was successfully resolved to 'd:/DOPAMS/Toystack/dopams-backend-staging/node_modules/aws-sdk/clients/account.d.ts' with Package ID 'aws-sdk/clients/account.d.ts@2.1693.0'. ========
======== Resolving module './cloudcontrol' from 'd:/DOPAMS/Toystack/dopams-backend-staging/node_modules/aws-sdk/clients/all.d.ts'. ========
Explicitly specified module resolution kind: 'Node10'.
Loading module as file / folder, candidate module location 'd:/DOPAMS/Toystack/dopams-backend-staging/node_modules/aws-sdk/clients/cloudcontrol', target file types: TypeScript, Declaration.
File 'd:/DOPAMS/Toystack/dopams-backend-staging/node_modules/aws-sdk/clients/cloudcontrol.ts' does not exist.
File 'd:/DOPAMS/Toystack/dopams-backend-staging/node_modules/aws-sdk/clients/cloudcontrol.tsx' does not exist.
File 'd:/DOPAMS/Toystack/dopams-backend-staging/node_modules/aws-sdk/clients/cloudcontrol.d.ts' exists - use it as a name resolution result.
File 'd:/DOPAMS/Toystack/dopams-backend-staging/node_modules/aws-sdk/package.json' exists according to earlier cached lookups.
======== Module name './cloudcontrol' was successfully resolved to 'd:/DOPAMS/Toystack/dopams-backend-staging/node_modules/aws-sdk/clients/cloudcontrol.d.ts' with Package ID 'aws-sdk/clients/cloudcontrol.d.ts@2.1693.0'. ========
======== Resolving module './grafana' from 'd:/DOPAMS/Toystack/dopams-backend-staging/node_modules/aws-sdk/clients/all.d.ts'. ========
Explicitly specified module resolution kind: 'Node10'.
Loading module as file / folder, candidate module location 'd:/DOPAMS/Toystack/dopams-backend-staging/node_modules/aws-sdk/clients/grafana', target file types: TypeScript, Declaration.
File 'd:/DOPAMS/Toystack/dopams-backend-staging/node_modules/aws-sdk/clients/grafana.ts' does not exist.
File 'd:/DOPAMS/Toystack/dopams-backend-staging/node_modules/aws-sdk/clients/grafana.tsx' does not exist.
File 'd:/DOPAMS/Toystack/dopams-backend-staging/node_modules/aws-sdk/clients/grafana.d.ts' exists - use it as a name resolution result.
File 'd:/DOPAMS/Toystack/dopams-backend-staging/node_modules/aws-sdk/package.json' exists according to earlier cached lookups.
======== Module name './grafana' was successfully resolved to 'd:/DOPAMS/Toystack/dopams-backend-staging/node_modules/aws-sdk/clients/grafana.d.ts' with Package ID 'aws-sdk/clients/grafana.d.ts@2.1693.0'. ========
======== Resolving module './panorama' from 'd:/DOPAMS/Toystack/dopams-backend-staging/node_modules/aws-sdk/clients/all.d.ts'. ========
Explicitly specified module resolution kind: 'Node10'.
Loading module as file / folder, candidate module location 'd:/DOPAMS/Toystack/dopams-backend-staging/node_modules/aws-sdk/clients/panorama', target file types: TypeScript, Declaration.
File 'd:/DOPAMS/Toystack/dopams-backend-staging/node_modules/aws-sdk/clients/panorama.ts' does not exist.
File 'd:/DOPAMS/Toystack/dopams-backend-staging/node_modules/aws-sdk/clients/panorama.tsx' does not exist.
File 'd:/DOPAMS/Toystack/dopams-backend-staging/node_modules/aws-sdk/clients/panorama.d.ts' exists - use it as a name resolution result.
File 'd:/DOPAMS/Toystack/dopams-backend-staging/node_modules/aws-sdk/package.json' exists according to earlier cached lookups.
======== Module name './panorama' was successfully resolved to 'd:/DOPAMS/Toystack/dopams-backend-staging/node_modules/aws-sdk/clients/panorama.d.ts' with Package ID 'aws-sdk/clients/panorama.d.ts@2.1693.0'. ========
======== Resolving module './chimesdkmeetings' from 'd:/DOPAMS/Toystack/dopams-backend-staging/node_modules/aws-sdk/clients/all.d.ts'. ========
Explicitly specified module resolution kind: 'Node10'.
Loading module as file / folder, candidate module location 'd:/DOPAMS/Toystack/dopams-backend-staging/node_modules/aws-sdk/clients/chimesdkmeetings', target file types: TypeScript, Declaration.
File 'd:/DOPAMS/Toystack/dopams-backend-staging/node_modules/aws-sdk/clients/chimesdkmeetings.ts' does not exist.
File 'd:/DOPAMS/Toystack/dopams-backend-staging/node_modules/aws-sdk/clients/chimesdkmeetings.tsx' does not exist.
File 'd:/DOPAMS/Toystack/dopams-backend-staging/node_modules/aws-sdk/clients/chimesdkmeetings.d.ts' exists - use it as a name resolution result.
File 'd:/DOPAMS/Toystack/dopams-backend-staging/node_modules/aws-sdk/package.json' exists according to earlier cached lookups.
======== Module name './chimesdkmeetings' was successfully resolved to 'd:/DOPAMS/Toystack/dopams-backend-staging/node_modules/aws-sdk/clients/chimesdkmeetings.d.ts' with Package ID 'aws-sdk/clients/chimesdkmeetings.d.ts@2.1693.0'. ========
======== Resolving module './resiliencehub' from 'd:/DOPAMS/Toystack/dopams-backend-staging/node_modules/aws-sdk/clients/all.d.ts'. ========
Explicitly specified module resolution kind: 'Node10'.
Loading module as file / folder, candidate module location 'd:/DOPAMS/Toystack/dopams-backend-staging/node_modules/aws-sdk/clients/resiliencehub', target file types: TypeScript, Declaration.
File 'd:/DOPAMS/Toystack/dopams-backend-staging/node_modules/aws-sdk/clients/resiliencehub.ts' does not exist.
File 'd:/DOPAMS/Toystack/dopams-backend-staging/node_modules/aws-sdk/clients/resiliencehub.tsx' does not exist.
File 'd:/DOPAMS/Toystack/dopams-backend-staging/node_modules/aws-sdk/clients/resiliencehub.d.ts' exists - use it as a name resolution result.
File 'd:/DOPAMS/Toystack/dopams-backend-staging/node_modules/aws-sdk/package.json' exists according to earlier cached lookups.
======== Module name './resiliencehub' was successfully resolved to 'd:/DOPAMS/Toystack/dopams-backend-staging/node_modules/aws-sdk/clients/resiliencehub.d.ts' with Package ID 'aws-sdk/clients/resiliencehub.d.ts@2.1693.0'. ========
======== Resolving module './migrationhubstrategy' from 'd:/DOPAMS/Toystack/dopams-backend-staging/node_modules/aws-sdk/clients/all.d.ts'. ========
Explicitly specified module resolution kind: 'Node10'.
Loading module as file / folder, candidate module location 'd:/DOPAMS/Toystack/dopams-backend-staging/node_modules/aws-sdk/clients/migrationhubstrategy', target file types: TypeScript, Declaration.
File 'd:/DOPAMS/Toystack/dopams-backend-staging/node_modules/aws-sdk/clients/migrationhubstrategy.ts' does not exist.
File 'd:/DOPAMS/Toystack/dopams-backend-staging/node_modules/aws-sdk/clients/migrationhubstrategy.tsx' does not exist.
File 'd:/DOPAMS/Toystack/dopams-backend-staging/node_modules/aws-sdk/clients/migrationhubstrategy.d.ts' exists - use it as a name resolution result.
File 'd:/DOPAMS/Toystack/dopams-backend-staging/node_modules/aws-sdk/package.json' exists according to earlier cached lookups.
======== Module name './migrationhubstrategy' was successfully resolved to 'd:/DOPAMS/Toystack/dopams-backend-staging/node_modules/aws-sdk/clients/migrationhubstrategy.d.ts' with Package ID 'aws-sdk/clients/migrationhubstrategy.d.ts@2.1693.0'. ========
======== Resolving module './appconfigdata' from 'd:/DOPAMS/Toystack/dopams-backend-staging/node_modules/aws-sdk/clients/all.d.ts'. ========
Explicitly specified module resolution kind: 'Node10'.
Loading module as file / folder, candidate module location 'd:/DOPAMS/Toystack/dopams-backend-staging/node_modules/aws-sdk/clients/appconfigdata', target file types: TypeScript, Declaration.
File 'd:/DOPAMS/Toystack/dopams-backend-staging/node_modules/aws-sdk/clients/appconfigdata.ts' does not exist.
File 'd:/DOPAMS/Toystack/dopams-backend-staging/node_modules/aws-sdk/clients/appconfigdata.tsx' does not exist.
File 'd:/DOPAMS/Toystack/dopams-backend-staging/node_modules/aws-sdk/clients/appconfigdata.d.ts' exists - use it as a name resolution result.
File 'd:/DOPAMS/Toystack/dopams-backend-staging/node_modules/aws-sdk/package.json' exists according to earlier cached lookups.
======== Module name './appconfigdata' was successfully resolved to 'd:/DOPAMS/Toystack/dopams-backend-staging/node_modules/aws-sdk/clients/appconfigdata.d.ts' with Package ID 'aws-sdk/clients/appconfigdata.d.ts@2.1693.0'. ========
======== Resolving module './drs' from 'd:/DOPAMS/Toystack/dopams-backend-staging/node_modules/aws-sdk/clients/all.d.ts'. ========
Explicitly specified module resolution kind: 'Node10'.
Loading module as file / folder, candidate module location 'd:/DOPAMS/Toystack/dopams-backend-staging/node_modules/aws-sdk/clients/drs', target file types: TypeScript, Declaration.
File 'd:/DOPAMS/Toystack/dopams-backend-staging/node_modules/aws-sdk/clients/drs.ts' does not exist.
File 'd:/DOPAMS/Toystack/dopams-backend-staging/node_modules/aws-sdk/clients/drs.tsx' does not exist.
File 'd:/DOPAMS/Toystack/dopams-backend-staging/node_modules/aws-sdk/clients/drs.d.ts' exists - use it as a name resolution result.
File 'd:/DOPAMS/Toystack/dopams-backend-staging/node_modules/aws-sdk/package.json' exists according to earlier cached lookups.
======== Module name './drs' was successfully resolved to 'd:/DOPAMS/Toystack/dopams-backend-staging/node_modules/aws-sdk/clients/drs.d.ts' with Package ID 'aws-sdk/clients/drs.d.ts@2.1693.0'. ========
======== Resolving module './migrationhubrefactorspaces' from 'd:/DOPAMS/Toystack/dopams-backend-staging/node_modules/aws-sdk/clients/all.d.ts'. ========
Explicitly specified module resolution kind: 'Node10'.
Loading module as file / folder, candidate module location 'd:/DOPAMS/Toystack/dopams-backend-staging/node_modules/aws-sdk/clients/migrationhubrefactorspaces', target file types: TypeScript, Declaration.
File 'd:/DOPAMS/Toystack/dopams-backend-staging/node_modules/aws-sdk/clients/migrationhubrefactorspaces.ts' does not exist.
File 'd:/DOPAMS/Toystack/dopams-backend-staging/node_modules/aws-sdk/clients/migrationhubrefactorspaces.tsx' does not exist.
File 'd:/DOPAMS/Toystack/dopams-backend-staging/node_modules/aws-sdk/clients/migrationhubrefactorspaces.d.ts' exists - use it as a name resolution result.
File 'd:/DOPAMS/Toystack/dopams-backend-staging/node_modules/aws-sdk/package.json' exists according to earlier cached lookups.
======== Module name './migrationhubrefactorspaces' was successfully resolved to 'd:/DOPAMS/Toystack/dopams-backend-staging/node_modules/aws-sdk/clients/migrationhubrefactorspaces.d.ts' with Package ID 'aws-sdk/clients/migrationhubrefactorspaces.d.ts@2.1693.0'. ========
======== Resolving module './evidently' from 'd:/DOPAMS/Toystack/dopams-backend-staging/node_modules/aws-sdk/clients/all.d.ts'. ========
Explicitly specified module resolution kind: 'Node10'.
Loading module as file / folder, candidate module location 'd:/DOPAMS/Toystack/dopams-backend-staging/node_modules/aws-sdk/clients/evidently', target file types: TypeScript, Declaration.
File 'd:/DOPAMS/Toystack/dopams-backend-staging/node_modules/aws-sdk/clients/evidently.ts' does not exist.
File 'd:/DOPAMS/Toystack/dopams-backend-staging/node_modules/aws-sdk/clients/evidently.tsx' does not exist.
File 'd:/DOPAMS/Toystack/dopams-backend-staging/node_modules/aws-sdk/clients/evidently.d.ts' exists - use it as a name resolution result.
File 'd:/DOPAMS/Toystack/dopams-backend-staging/node_modules/aws-sdk/package.json' exists according to earlier cached lookups.
======== Module name './evidently' was successfully resolved to 'd:/DOPAMS/Toystack/dopams-backend-staging/node_modules/aws-sdk/clients/evidently.d.ts' with Package ID 'aws-sdk/clients/evidently.d.ts@2.1693.0'. ========
======== Resolving module './inspector2' from 'd:/DOPAMS/Toystack/dopams-backend-staging/node_modules/aws-sdk/clients/all.d.ts'. ========
Explicitly specified module resolution kind: 'Node10'.
Loading module as file / folder, candidate module location 'd:/DOPAMS/Toystack/dopams-backend-staging/node_modules/aws-sdk/clients/inspector2', target file types: TypeScript, Declaration.
File 'd:/DOPAMS/Toystack/dopams-backend-staging/node_modules/aws-sdk/clients/inspector2.ts' does not exist.
File 'd:/DOPAMS/Toystack/dopams-backend-staging/node_modules/aws-sdk/clients/inspector2.tsx' does not exist.
File 'd:/DOPAMS/Toystack/dopams-backend-staging/node_modules/aws-sdk/clients/inspector2.d.ts' exists - use it as a name resolution result.
File 'd:/DOPAMS/Toystack/dopams-backend-staging/node_modules/aws-sdk/package.json' exists according to earlier cached lookups.
======== Module name './inspector2' was successfully resolved to 'd:/DOPAMS/Toystack/dopams-backend-staging/node_modules/aws-sdk/clients/inspector2.d.ts' with Package ID 'aws-sdk/clients/inspector2.d.ts@2.1693.0'. ========
======== Resolving module './rbin' from 'd:/DOPAMS/Toystack/dopams-backend-staging/node_modules/aws-sdk/clients/all.d.ts'. ========
Explicitly specified module resolution kind: 'Node10'.
Loading module as file / folder, candidate module location 'd:/DOPAMS/Toystack/dopams-backend-staging/node_modules/aws-sdk/clients/rbin', target file types: TypeScript, Declaration.
File 'd:/DOPAMS/Toystack/dopams-backend-staging/node_modules/aws-sdk/clients/rbin.ts' does not exist.
File 'd:/DOPAMS/Toystack/dopams-backend-staging/node_modules/aws-sdk/clients/rbin.tsx' does not exist.
File 'd:/DOPAMS/Toystack/dopams-backend-staging/node_modules/aws-sdk/clients/rbin.d.ts' exists - use it as a name resolution result.
File 'd:/DOPAMS/Toystack/dopams-backend-staging/node_modules/aws-sdk/package.json' exists according to earlier cached lookups.
======== Module name './rbin' was successfully resolved to 'd:/DOPAMS/Toystack/dopams-backend-staging/node_modules/aws-sdk/clients/rbin.d.ts' with Package ID 'aws-sdk/clients/rbin.d.ts@2.1693.0'. ========
======== Resolving module './rum' from 'd:/DOPAMS/Toystack/dopams-backend-staging/node_modules/aws-sdk/clients/all.d.ts'. ========
Explicitly specified module resolution kind: 'Node10'.
Loading module as file / folder, candidate module location 'd:/DOPAMS/Toystack/dopams-backend-staging/node_modules/aws-sdk/clients/rum', target file types: TypeScript, Declaration.
File 'd:/DOPAMS/Toystack/dopams-backend-staging/node_modules/aws-sdk/clients/rum.ts' does not exist.
File 'd:/DOPAMS/Toystack/dopams-backend-staging/node_modules/aws-sdk/clients/rum.tsx' does not exist.
File 'd:/DOPAMS/Toystack/dopams-backend-staging/node_modules/aws-sdk/clients/rum.d.ts' exists - use it as a name resolution result.
File 'd:/DOPAMS/Toystack/dopams-backend-staging/node_modules/aws-sdk/package.json' exists according to earlier cached lookups.
======== Module name './rum' was successfully resolved to 'd:/DOPAMS/Toystack/dopams-backend-staging/node_modules/aws-sdk/clients/rum.d.ts' with Package ID 'aws-sdk/clients/rum.d.ts@2.1693.0'. ========
======== Resolving module './backupgateway' from 'd:/DOPAMS/Toystack/dopams-backend-staging/node_modules/aws-sdk/clients/all.d.ts'. ========
Explicitly specified module resolution kind: 'Node10'.
Loading module as file / folder, candidate module location 'd:/DOPAMS/Toystack/dopams-backend-staging/node_modules/aws-sdk/clients/backupgateway', target file types: TypeScript, Declaration.
File 'd:/DOPAMS/Toystack/dopams-backend-staging/node_modules/aws-sdk/clients/backupgateway.ts' does not exist.
File 'd:/DOPAMS/Toystack/dopams-backend-staging/node_modules/aws-sdk/clients/backupgateway.tsx' does not exist.
File 'd:/DOPAMS/Toystack/dopams-backend-staging/node_modules/aws-sdk/clients/backupgateway.d.ts' exists - use it as a name resolution result.
File 'd:/DOPAMS/Toystack/dopams-backend-staging/node_modules/aws-sdk/package.json' exists according to earlier cached lookups.
======== Module name './backupgateway' was successfully resolved to 'd:/DOPAMS/Toystack/dopams-backend-staging/node_modules/aws-sdk/clients/backupgateway.d.ts' with Package ID 'aws-sdk/clients/backupgateway.d.ts@2.1693.0'. ========
======== Resolving module './iottwinmaker' from 'd:/DOPAMS/Toystack/dopams-backend-staging/node_modules/aws-sdk/clients/all.d.ts'. ========
Explicitly specified module resolution kind: 'Node10'.
Loading module as file / folder, candidate module location 'd:/DOPAMS/Toystack/dopams-backend-staging/node_modules/aws-sdk/clients/iottwinmaker', target file types: TypeScript, Declaration.
File 'd:/DOPAMS/Toystack/dopams-backend-staging/node_modules/aws-sdk/clients/iottwinmaker.ts' does not exist.
File 'd:/DOPAMS/Toystack/dopams-backend-staging/node_modules/aws-sdk/clients/iottwinmaker.tsx' does not exist.
File 'd:/DOPAMS/Toystack/dopams-backend-staging/node_modules/aws-sdk/clients/iottwinmaker.d.ts' exists - use it as a name resolution result.
File 'd:/DOPAMS/Toystack/dopams-backend-staging/node_modules/aws-sdk/package.json' exists according to earlier cached lookups.
======== Module name './iottwinmaker' was successfully resolved to 'd:/DOPAMS/Toystack/dopams-backend-staging/node_modules/aws-sdk/clients/iottwinmaker.d.ts' with Package ID 'aws-sdk/clients/iottwinmaker.d.ts@2.1693.0'. ========
======== Resolving module './workspacesweb' from 'd:/DOPAMS/Toystack/dopams-backend-staging/node_modules/aws-sdk/clients/all.d.ts'. ========
Explicitly specified module resolution kind: 'Node10'.
Loading module as file / folder, candidate module location 'd:/DOPAMS/Toystack/dopams-backend-staging/node_modules/aws-sdk/clients/workspacesweb', target file types: TypeScript, Declaration.
File 'd:/DOPAMS/Toystack/dopams-backend-staging/node_modules/aws-sdk/clients/workspacesweb.ts' does not exist.
File 'd:/DOPAMS/Toystack/dopams-backend-staging/node_modules/aws-sdk/clients/workspacesweb.tsx' does not exist.
File 'd:/DOPAMS/Toystack/dopams-backend-staging/node_modules/aws-sdk/clients/workspacesweb.d.ts' exists - use it as a name resolution result.
File 'd:/DOPAMS/Toystack/dopams-backend-staging/node_modules/aws-sdk/package.json' exists according to earlier cached lookups.
======== Module name './workspacesweb' was successfully resolved to 'd:/DOPAMS/Toystack/dopams-backend-staging/node_modules/aws-sdk/clients/workspacesweb.d.ts' with Package ID 'aws-sdk/clients/workspacesweb.d.ts@2.1693.0'. ========
======== Resolving module './amplifyuibuilder' from 'd:/DOPAMS/Toystack/dopams-backend-staging/node_modules/aws-sdk/clients/all.d.ts'. ========
Explicitly specified module resolution kind: 'Node10'.
Loading module as file / folder, candidate module location 'd:/DOPAMS/Toystack/dopams-backend-staging/node_modules/aws-sdk/clients/amplifyuibuilder', target file types: TypeScript, Declaration.
File 'd:/DOPAMS/Toystack/dopams-backend-staging/node_modules/aws-sdk/clients/amplifyuibuilder.ts' does not exist.
File 'd:/DOPAMS/Toystack/dopams-backend-staging/node_modules/aws-sdk/clients/amplifyuibuilder.tsx' does not exist.
File 'd:/DOPAMS/Toystack/dopams-backend-staging/node_modules/aws-sdk/clients/amplifyuibuilder.d.ts' exists - use it as a name resolution result.
File 'd:/DOPAMS/Toystack/dopams-backend-staging/node_modules/aws-sdk/package.json' exists according to earlier cached lookups.
======== Module name './amplifyuibuilder' was successfully resolved to 'd:/DOPAMS/Toystack/dopams-backend-staging/node_modules/aws-sdk/clients/amplifyuibuilder.d.ts' with Package ID 'aws-sdk/clients/amplifyuibuilder.d.ts@2.1693.0'. ========
======== Resolving module './keyspaces' from 'd:/DOPAMS/Toystack/dopams-backend-staging/node_modules/aws-sdk/clients/all.d.ts'. ========
Explicitly specified module resolution kind: 'Node10'.
Loading module as file / folder, candidate module location 'd:/DOPAMS/Toystack/dopams-backend-staging/node_modules/aws-sdk/clients/keyspaces', target file types: TypeScript, Declaration.
File 'd:/DOPAMS/Toystack/dopams-backend-staging/node_modules/aws-sdk/clients/keyspaces.ts' does not exist.
File 'd:/DOPAMS/Toystack/dopams-backend-staging/node_modules/aws-sdk/clients/keyspaces.tsx' does not exist.
File 'd:/DOPAMS/Toystack/dopams-backend-staging/node_modules/aws-sdk/clients/keyspaces.d.ts' exists - use it as a name resolution result.
File 'd:/DOPAMS/Toystack/dopams-backend-staging/node_modules/aws-sdk/package.json' exists according to earlier cached lookups.
======== Module name './keyspaces' was successfully resolved to 'd:/DOPAMS/Toystack/dopams-backend-staging/node_modules/aws-sdk/clients/keyspaces.d.ts' with Package ID 'aws-sdk/clients/keyspaces.d.ts@2.1693.0'. ========
======== Resolving module './billingconductor' from 'd:/DOPAMS/Toystack/dopams-backend-staging/node_modules/aws-sdk/clients/all.d.ts'. ========
Explicitly specified module resolution kind: 'Node10'.
Loading module as file / folder, candidate module location 'd:/DOPAMS/Toystack/dopams-backend-staging/node_modules/aws-sdk/clients/billingconductor', target file types: TypeScript, Declaration.
File 'd:/DOPAMS/Toystack/dopams-backend-staging/node_modules/aws-sdk/clients/billingconductor.ts' does not exist.
File 'd:/DOPAMS/Toystack/dopams-backend-staging/node_modules/aws-sdk/clients/billingconductor.tsx' does not exist.
File 'd:/DOPAMS/Toystack/dopams-backend-staging/node_modules/aws-sdk/clients/billingconductor.d.ts' exists - use it as a name resolution result.
File 'd:/DOPAMS/Toystack/dopams-backend-staging/node_modules/aws-sdk/package.json' exists according to earlier cached lookups.
======== Module name './billingconductor' was successfully resolved to 'd:/DOPAMS/Toystack/dopams-backend-staging/node_modules/aws-sdk/clients/billingconductor.d.ts' with Package ID 'aws-sdk/clients/billingconductor.d.ts@2.1693.0'. ========
======== Resolving module './pinpointsmsvoicev2' from 'd:/DOPAMS/Toystack/dopams-backend-staging/node_modules/aws-sdk/clients/all.d.ts'. ========
Explicitly specified module resolution kind: 'Node10'.
Loading module as file / folder, candidate module location 'd:/DOPAMS/Toystack/dopams-backend-staging/node_modules/aws-sdk/clients/pinpointsmsvoicev2', target file types: TypeScript, Declaration.
File 'd:/DOPAMS/Toystack/dopams-backend-staging/node_modules/aws-sdk/clients/pinpointsmsvoicev2.ts' does not exist.
File 'd:/DOPAMS/Toystack/dopams-backend-staging/node_modules/aws-sdk/clients/pinpointsmsvoicev2.tsx' does not exist.
File 'd:/DOPAMS/Toystack/dopams-backend-staging/node_modules/aws-sdk/clients/pinpointsmsvoicev2.d.ts' exists - use it as a name resolution result.
File 'd:/DOPAMS/Toystack/dopams-backend-staging/node_modules/aws-sdk/package.json' exists according to earlier cached lookups.
======== Module name './pinpointsmsvoicev2' was successfully resolved to 'd:/DOPAMS/Toystack/dopams-backend-staging/node_modules/aws-sdk/clients/pinpointsmsvoicev2.d.ts' with Package ID 'aws-sdk/clients/pinpointsmsvoicev2.d.ts@2.1693.0'. ========
======== Resolving module './ivschat' from 'd:/DOPAMS/Toystack/dopams-backend-staging/node_modules/aws-sdk/clients/all.d.ts'. ========
Explicitly specified module resolution kind: 'Node10'.
Loading module as file / folder, candidate module location 'd:/DOPAMS/Toystack/dopams-backend-staging/node_modules/aws-sdk/clients/ivschat', target file types: TypeScript, Declaration.
File 'd:/DOPAMS/Toystack/dopams-backend-staging/node_modules/aws-sdk/clients/ivschat.ts' does not exist.
File 'd:/DOPAMS/Toystack/dopams-backend-staging/node_modules/aws-sdk/clients/ivschat.tsx' does not exist.
File 'd:/DOPAMS/Toystack/dopams-backend-staging/node_modules/aws-sdk/clients/ivschat.d.ts' exists - use it as a name resolution result.
File 'd:/DOPAMS/Toystack/dopams-backend-staging/node_modules/aws-sdk/package.json' exists according to earlier cached lookups.
======== Module name './ivschat' was successfully resolved to 'd:/DOPAMS/Toystack/dopams-backend-staging/node_modules/aws-sdk/clients/ivschat.d.ts' with Package ID 'aws-sdk/clients/ivschat.d.ts@2.1693.0'. ========
======== Resolving module './chimesdkmediapipelines' from 'd:/DOPAMS/Toystack/dopams-backend-staging/node_modules/aws-sdk/clients/all.d.ts'. ========
Explicitly specified module resolution kind: 'Node10'.
Loading module as file / folder, candidate module location 'd:/DOPAMS/Toystack/dopams-backend-staging/node_modules/aws-sdk/clients/chimesdkmediapipelines', target file types: TypeScript, Declaration.
File 'd:/DOPAMS/Toystack/dopams-backend-staging/node_modules/aws-sdk/clients/chimesdkmediapipelines.ts' does not exist.
File 'd:/DOPAMS/Toystack/dopams-backend-staging/node_modules/aws-sdk/clients/chimesdkmediapipelines.tsx' does not exist.
File 'd:/DOPAMS/Toystack/dopams-backend-staging/node_modules/aws-sdk/clients/chimesdkmediapipelines.d.ts' exists - use it as a name resolution result.
File 'd:/DOPAMS/Toystack/dopams-backend-staging/node_modules/aws-sdk/package.json' exists according to earlier cached lookups.
======== Module name './chimesdkmediapipelines' was successfully resolved to 'd:/DOPAMS/Toystack/dopams-backend-staging/node_modules/aws-sdk/clients/chimesdkmediapipelines.d.ts' with Package ID 'aws-sdk/clients/chimesdkmediapipelines.d.ts@2.1693.0'. ========
======== Resolving module './emrserverless' from 'd:/DOPAMS/Toystack/dopams-backend-staging/node_modules/aws-sdk/clients/all.d.ts'. ========
Explicitly specified module resolution kind: 'Node10'.
Loading module as file / folder, candidate module location 'd:/DOPAMS/Toystack/dopams-backend-staging/node_modules/aws-sdk/clients/emrserverless', target file types: TypeScript, Declaration.
File 'd:/DOPAMS/Toystack/dopams-backend-staging/node_modules/aws-sdk/clients/emrserverless.ts' does not exist.
File 'd:/DOPAMS/Toystack/dopams-backend-staging/node_modules/aws-sdk/clients/emrserverless.tsx' does not exist.
File 'd:/DOPAMS/Toystack/dopams-backend-staging/node_modules/aws-sdk/clients/emrserverless.d.ts' exists - use it as a name resolution result.
File 'd:/DOPAMS/Toystack/dopams-backend-staging/node_modules/aws-sdk/package.json' exists according to earlier cached lookups.
======== Module name './emrserverless' was successfully resolved to 'd:/DOPAMS/Toystack/dopams-backend-staging/node_modules/aws-sdk/clients/emrserverless.d.ts' with Package ID 'aws-sdk/clients/emrserverless.d.ts@2.1693.0'. ========
======== Resolving module './m2' from 'd:/DOPAMS/Toystack/dopams-backend-staging/node_modules/aws-sdk/clients/all.d.ts'. ========
Explicitly specified module resolution kind: 'Node10'.
Loading module as file / folder, candidate module location 'd:/DOPAMS/Toystack/dopams-backend-staging/node_modules/aws-sdk/clients/m2', target file types: TypeScript, Declaration.
File 'd:/DOPAMS/Toystack/dopams-backend-staging/node_modules/aws-sdk/clients/m2.ts' does not exist.
File 'd:/DOPAMS/Toystack/dopams-backend-staging/node_modules/aws-sdk/clients/m2.tsx' does not exist.
File 'd:/DOPAMS/Toystack/dopams-backend-staging/node_modules/aws-sdk/clients/m2.d.ts' exists - use it as a name resolution result.
File 'd:/DOPAMS/Toystack/dopams-backend-staging/node_modules/aws-sdk/package.json' exists according to earlier cached lookups.
======== Module name './m2' was successfully resolved to 'd:/DOPAMS/Toystack/dopams-backend-staging/node_modules/aws-sdk/clients/m2.d.ts' with Package ID 'aws-sdk/clients/m2.d.ts@2.1693.0'. ========
======== Resolving module './connectcampaigns' from 'd:/DOPAMS/Toystack/dopams-backend-staging/node_modules/aws-sdk/clients/all.d.ts'. ========
Explicitly specified module resolution kind: 'Node10'.
Loading module as file / folder, candidate module location 'd:/DOPAMS/Toystack/dopams-backend-staging/node_modules/aws-sdk/clients/connectcampaigns', target file types: TypeScript, Declaration.
File 'd:/DOPAMS/Toystack/dopams-backend-staging/node_modules/aws-sdk/clients/connectcampaigns.ts' does not exist.
File 'd:/DOPAMS/Toystack/dopams-backend-staging/node_modules/aws-sdk/clients/connectcampaigns.tsx' does not exist.
File 'd:/DOPAMS/Toystack/dopams-backend-staging/node_modules/aws-sdk/clients/connectcampaigns.d.ts' exists - use it as a name resolution result.
File 'd:/DOPAMS/Toystack/dopams-backend-staging/node_modules/aws-sdk/package.json' exists according to earlier cached lookups.
======== Module name './connectcampaigns' was successfully resolved to 'd:/DOPAMS/Toystack/dopams-backend-staging/node_modules/aws-sdk/clients/connectcampaigns.d.ts' with Package ID 'aws-sdk/clients/connectcampaigns.d.ts@2.1693.0'. ========
======== Resolving module './redshiftserverless' from 'd:/DOPAMS/Toystack/dopams-backend-staging/node_modules/aws-sdk/clients/all.d.ts'. ========
Explicitly specified module resolution kind: 'Node10'.
Loading module as file / folder, candidate module location 'd:/DOPAMS/Toystack/dopams-backend-staging/node_modules/aws-sdk/clients/redshiftserverless', target file types: TypeScript, Declaration.
File 'd:/DOPAMS/Toystack/dopams-backend-staging/node_modules/aws-sdk/clients/redshiftserverless.ts' does not exist.
File 'd:/DOPAMS/Toystack/dopams-backend-staging/node_modules/aws-sdk/clients/redshiftserverless.tsx' does not exist.
File 'd:/DOPAMS/Toystack/dopams-backend-staging/node_modules/aws-sdk/clients/redshiftserverless.d.ts' exists - use it as a name resolution result.
File 'd:/DOPAMS/Toystack/dopams-backend-staging/node_modules/aws-sdk/package.json' exists according to earlier cached lookups.
======== Module name './redshiftserverless' was successfully resolved to 'd:/DOPAMS/Toystack/dopams-backend-staging/node_modules/aws-sdk/clients/redshiftserverless.d.ts' with Package ID 'aws-sdk/clients/redshiftserverless.d.ts@2.1693.0'. ========
======== Resolving module './rolesanywhere' from 'd:/DOPAMS/Toystack/dopams-backend-staging/node_modules/aws-sdk/clients/all.d.ts'. ========
Explicitly specified module resolution kind: 'Node10'.
Loading module as file / folder, candidate module location 'd:/DOPAMS/Toystack/dopams-backend-staging/node_modules/aws-sdk/clients/rolesanywhere', target file types: TypeScript, Declaration.
File 'd:/DOPAMS/Toystack/dopams-backend-staging/node_modules/aws-sdk/clients/rolesanywhere.ts' does not exist.
File 'd:/DOPAMS/Toystack/dopams-backend-staging/node_modules/aws-sdk/clients/rolesanywhere.tsx' does not exist.
File 'd:/DOPAMS/Toystack/dopams-backend-staging/node_modules/aws-sdk/clients/rolesanywhere.d.ts' exists - use it as a name resolution result.
File 'd:/DOPAMS/Toystack/dopams-backend-staging/node_modules/aws-sdk/package.json' exists according to earlier cached lookups.
======== Module name './rolesanywhere' was successfully resolved to 'd:/DOPAMS/Toystack/dopams-backend-staging/node_modules/aws-sdk/clients/rolesanywhere.d.ts' with Package ID 'aws-sdk/clients/rolesanywhere.d.ts@2.1693.0'. ========
======== Resolving module './licensemanagerusersubscriptions' from 'd:/DOPAMS/Toystack/dopams-backend-staging/node_modules/aws-sdk/clients/all.d.ts'. ========
Explicitly specified module resolution kind: 'Node10'.
Loading module as file / folder, candidate module location 'd:/DOPAMS/Toystack/dopams-backend-staging/node_modules/aws-sdk/clients/licensemanagerusersubscriptions', target file types: TypeScript, Declaration.
File 'd:/DOPAMS/Toystack/dopams-backend-staging/node_modules/aws-sdk/clients/licensemanagerusersubscriptions.ts' does not exist.
File 'd:/DOPAMS/Toystack/dopams-backend-staging/node_modules/aws-sdk/clients/licensemanagerusersubscriptions.tsx' does not exist.
File 'd:/DOPAMS/Toystack/dopams-backend-staging/node_modules/aws-sdk/clients/licensemanagerusersubscriptions.d.ts' exists - use it as a name resolution result.
File 'd:/DOPAMS/Toystack/dopams-backend-staging/node_modules/aws-sdk/package.json' exists according to earlier cached lookups.
======== Module name './licensemanagerusersubscriptions' was successfully resolved to 'd:/DOPAMS/Toystack/dopams-backend-staging/node_modules/aws-sdk/clients/licensemanagerusersubscriptions.d.ts' with Package ID 'aws-sdk/clients/licensemanagerusersubscriptions.d.ts@2.1693.0'. ========
======== Resolving module './privatenetworks' from 'd:/DOPAMS/Toystack/dopams-backend-staging/node_modules/aws-sdk/clients/all.d.ts'. ========
Explicitly specified module resolution kind: 'Node10'.
Loading module as file / folder, candidate module location 'd:/DOPAMS/Toystack/dopams-backend-staging/node_modules/aws-sdk/clients/privatenetworks', target file types: TypeScript, Declaration.
File 'd:/DOPAMS/Toystack/dopams-backend-staging/node_modules/aws-sdk/clients/privatenetworks.ts' does not exist.
File 'd:/DOPAMS/Toystack/dopams-backend-staging/node_modules/aws-sdk/clients/privatenetworks.tsx' does not exist.
File 'd:/DOPAMS/Toystack/dopams-backend-staging/node_modules/aws-sdk/clients/privatenetworks.d.ts' exists - use it as a name resolution result.
File 'd:/DOPAMS/Toystack/dopams-backend-staging/node_modules/aws-sdk/package.json' exists according to earlier cached lookups.
======== Module name './privatenetworks' was successfully resolved to 'd:/DOPAMS/Toystack/dopams-backend-staging/node_modules/aws-sdk/clients/privatenetworks.d.ts' with Package ID 'aws-sdk/clients/privatenetworks.d.ts@2.1693.0'. ========
======== Resolving module './supportapp' from 'd:/DOPAMS/Toystack/dopams-backend-staging/node_modules/aws-sdk/clients/all.d.ts'. ========
Explicitly specified module resolution kind: 'Node10'.
Loading module as file / folder, candidate module location 'd:/DOPAMS/Toystack/dopams-backend-staging/node_modules/aws-sdk/clients/supportapp', target file types: TypeScript, Declaration.
File 'd:/DOPAMS/Toystack/dopams-backend-staging/node_modules/aws-sdk/clients/supportapp.ts' does not exist.
File 'd:/DOPAMS/Toystack/dopams-backend-staging/node_modules/aws-sdk/clients/supportapp.tsx' does not exist.
File 'd:/DOPAMS/Toystack/dopams-backend-staging/node_modules/aws-sdk/clients/supportapp.d.ts' exists - use it as a name resolution result.
File 'd:/DOPAMS/Toystack/dopams-backend-staging/node_modules/aws-sdk/package.json' exists according to earlier cached lookups.
======== Module name './supportapp' was successfully resolved to 'd:/DOPAMS/Toystack/dopams-backend-staging/node_modules/aws-sdk/clients/supportapp.d.ts' with Package ID 'aws-sdk/clients/supportapp.d.ts@2.1693.0'. ========
======== Resolving module './controltower' from 'd:/DOPAMS/Toystack/dopams-backend-staging/node_modules/aws-sdk/clients/all.d.ts'. ========
Explicitly specified module resolution kind: 'Node10'.
Loading module as file / folder, candidate module location 'd:/DOPAMS/Toystack/dopams-backend-staging/node_modules/aws-sdk/clients/controltower', target file types: TypeScript, Declaration.
File 'd:/DOPAMS/Toystack/dopams-backend-staging/node_modules/aws-sdk/clients/controltower.ts' does not exist.
File 'd:/DOPAMS/Toystack/dopams-backend-staging/node_modules/aws-sdk/clients/controltower.tsx' does not exist.
File 'd:/DOPAMS/Toystack/dopams-backend-staging/node_modules/aws-sdk/clients/controltower.d.ts' exists - use it as a name resolution result.
File 'd:/DOPAMS/Toystack/dopams-backend-staging/node_modules/aws-sdk/package.json' exists according to earlier cached lookups.
======== Module name './controltower' was successfully resolved to 'd:/DOPAMS/Toystack/dopams-backend-staging/node_modules/aws-sdk/clients/controltower.d.ts' with Package ID 'aws-sdk/clients/controltower.d.ts@2.1693.0'. ========
======== Resolving module './iotfleetwise' from 'd:/DOPAMS/Toystack/dopams-backend-staging/node_modules/aws-sdk/clients/all.d.ts'. ========
Explicitly specified module resolution kind: 'Node10'.
Loading module as file / folder, candidate module location 'd:/DOPAMS/Toystack/dopams-backend-staging/node_modules/aws-sdk/clients/iotfleetwise', target file types: TypeScript, Declaration.
File 'd:/DOPAMS/Toystack/dopams-backend-staging/node_modules/aws-sdk/clients/iotfleetwise.ts' does not exist.
File 'd:/DOPAMS/Toystack/dopams-backend-staging/node_modules/aws-sdk/clients/iotfleetwise.tsx' does not exist.
File 'd:/DOPAMS/Toystack/dopams-backend-staging/node_modules/aws-sdk/clients/iotfleetwise.d.ts' exists - use it as a name resolution result.
File 'd:/DOPAMS/Toystack/dopams-backend-staging/node_modules/aws-sdk/package.json' exists according to earlier cached lookups.
======== Module name './iotfleetwise' was successfully resolved to 'd:/DOPAMS/Toystack/dopams-backend-staging/node_modules/aws-sdk/clients/iotfleetwise.d.ts' with Package ID 'aws-sdk/clients/iotfleetwise.d.ts@2.1693.0'. ========
======== Resolving module './migrationhuborchestrator' from 'd:/DOPAMS/Toystack/dopams-backend-staging/node_modules/aws-sdk/clients/all.d.ts'. ========
Explicitly specified module resolution kind: 'Node10'.
Loading module as file / folder, candidate module location 'd:/DOPAMS/Toystack/dopams-backend-staging/node_modules/aws-sdk/clients/migrationhuborchestrator', target file types: TypeScript, Declaration.
File 'd:/DOPAMS/Toystack/dopams-backend-staging/node_modules/aws-sdk/clients/migrationhuborchestrator.ts' does not exist.
File 'd:/DOPAMS/Toystack/dopams-backend-staging/node_modules/aws-sdk/clients/migrationhuborchestrator.tsx' does not exist.
File 'd:/DOPAMS/Toystack/dopams-backend-staging/node_modules/aws-sdk/clients/migrationhuborchestrator.d.ts' exists - use it as a name resolution result.
File 'd:/DOPAMS/Toystack/dopams-backend-staging/node_modules/aws-sdk/package.json' exists according to earlier cached lookups.
======== Module name './migrationhuborchestrator' was successfully resolved to 'd:/DOPAMS/Toystack/dopams-backend-staging/node_modules/aws-sdk/clients/migrationhuborchestrator.d.ts' with Package ID 'aws-sdk/clients/migrationhuborchestrator.d.ts@2.1693.0'. ========
======== Resolving module './connectcases' from 'd:/DOPAMS/Toystack/dopams-backend-staging/node_modules/aws-sdk/clients/all.d.ts'. ========
Explicitly specified module resolution kind: 'Node10'.
Loading module as file / folder, candidate module location 'd:/DOPAMS/Toystack/dopams-backend-staging/node_modules/aws-sdk/clients/connectcases', target file types: TypeScript, Declaration.
File 'd:/DOPAMS/Toystack/dopams-backend-staging/node_modules/aws-sdk/clients/connectcases.ts' does not exist.
File 'd:/DOPAMS/Toystack/dopams-backend-staging/node_modules/aws-sdk/clients/connectcases.tsx' does not exist.
File 'd:/DOPAMS/Toystack/dopams-backend-staging/node_modules/aws-sdk/clients/connectcases.d.ts' exists - use it as a name resolution result.
File 'd:/DOPAMS/Toystack/dopams-backend-staging/node_modules/aws-sdk/package.json' exists according to earlier cached lookups.
======== Module name './connectcases' was successfully resolved to 'd:/DOPAMS/Toystack/dopams-backend-staging/node_modules/aws-sdk/clients/connectcases.d.ts' with Package ID 'aws-sdk/clients/connectcases.d.ts@2.1693.0'. ========
======== Resolving module './resourceexplorer2' from 'd:/DOPAMS/Toystack/dopams-backend-staging/node_modules/aws-sdk/clients/all.d.ts'. ========
Explicitly specified module resolution kind: 'Node10'.
Loading module as file / folder, candidate module location 'd:/DOPAMS/Toystack/dopams-backend-staging/node_modules/aws-sdk/clients/resourceexplorer2', target file types: TypeScript, Declaration.
File 'd:/DOPAMS/Toystack/dopams-backend-staging/node_modules/aws-sdk/clients/resourceexplorer2.ts' does not exist.
File 'd:/DOPAMS/Toystack/dopams-backend-staging/node_modules/aws-sdk/clients/resourceexplorer2.tsx' does not exist.
File 'd:/DOPAMS/Toystack/dopams-backend-staging/node_modules/aws-sdk/clients/resourceexplorer2.d.ts' exists - use it as a name resolution result.
File 'd:/DOPAMS/Toystack/dopams-backend-staging/node_modules/aws-sdk/package.json' exists according to earlier cached lookups.
======== Module name './resourceexplorer2' was successfully resolved to 'd:/DOPAMS/Toystack/dopams-backend-staging/node_modules/aws-sdk/clients/resourceexplorer2.d.ts' with Package ID 'aws-sdk/clients/resourceexplorer2.d.ts@2.1693.0'. ========
======== Resolving module './scheduler' from 'd:/DOPAMS/Toystack/dopams-backend-staging/node_modules/aws-sdk/clients/all.d.ts'. ========
Explicitly specified module resolution kind: 'Node10'.
Loading module as file / folder, candidate module location 'd:/DOPAMS/Toystack/dopams-backend-staging/node_modules/aws-sdk/clients/scheduler', target file types: TypeScript, Declaration.
File 'd:/DOPAMS/Toystack/dopams-backend-staging/node_modules/aws-sdk/clients/scheduler.ts' does not exist.
File 'd:/DOPAMS/Toystack/dopams-backend-staging/node_modules/aws-sdk/clients/scheduler.tsx' does not exist.
File 'd:/DOPAMS/Toystack/dopams-backend-staging/node_modules/aws-sdk/clients/scheduler.d.ts' exists - use it as a name resolution result.
File 'd:/DOPAMS/Toystack/dopams-backend-staging/node_modules/aws-sdk/package.json' exists according to earlier cached lookups.
======== Module name './scheduler' was successfully resolved to 'd:/DOPAMS/Toystack/dopams-backend-staging/node_modules/aws-sdk/clients/scheduler.d.ts' with Package ID 'aws-sdk/clients/scheduler.d.ts@2.1693.0'. ========
======== Resolving module './chimesdkvoice' from 'd:/DOPAMS/Toystack/dopams-backend-staging/node_modules/aws-sdk/clients/all.d.ts'. ========
Explicitly specified module resolution kind: 'Node10'.
Loading module as file / folder, candidate module location 'd:/DOPAMS/Toystack/dopams-backend-staging/node_modules/aws-sdk/clients/chimesdkvoice', target file types: TypeScript, Declaration.
File 'd:/DOPAMS/Toystack/dopams-backend-staging/node_modules/aws-sdk/clients/chimesdkvoice.ts' does not exist.
File 'd:/DOPAMS/Toystack/dopams-backend-staging/node_modules/aws-sdk/clients/chimesdkvoice.tsx' does not exist.
File 'd:/DOPAMS/Toystack/dopams-backend-staging/node_modules/aws-sdk/clients/chimesdkvoice.d.ts' exists - use it as a name resolution result.
File 'd:/DOPAMS/Toystack/dopams-backend-staging/node_modules/aws-sdk/package.json' exists according to earlier cached lookups.
======== Module name './chimesdkvoice' was successfully resolved to 'd:/DOPAMS/Toystack/dopams-backend-staging/node_modules/aws-sdk/clients/chimesdkvoice.d.ts' with Package ID 'aws-sdk/clients/chimesdkvoice.d.ts@2.1693.0'. ========
======== Resolving module './ssmsap' from 'd:/DOPAMS/Toystack/dopams-backend-staging/node_modules/aws-sdk/clients/all.d.ts'. ========
Explicitly specified module resolution kind: 'Node10'.
Loading module as file / folder, candidate module location 'd:/DOPAMS/Toystack/dopams-backend-staging/node_modules/aws-sdk/clients/ssmsap', target file types: TypeScript, Declaration.
File 'd:/DOPAMS/Toystack/dopams-backend-staging/node_modules/aws-sdk/clients/ssmsap.ts' does not exist.
File 'd:/DOPAMS/Toystack/dopams-backend-staging/node_modules/aws-sdk/clients/ssmsap.tsx' does not exist.
File 'd:/DOPAMS/Toystack/dopams-backend-staging/node_modules/aws-sdk/clients/ssmsap.d.ts' exists - use it as a name resolution result.
File 'd:/DOPAMS/Toystack/dopams-backend-staging/node_modules/aws-sdk/package.json' exists according to earlier cached lookups.
======== Module name './ssmsap' was successfully resolved to 'd:/DOPAMS/Toystack/dopams-backend-staging/node_modules/aws-sdk/clients/ssmsap.d.ts' with Package ID 'aws-sdk/clients/ssmsap.d.ts@2.1693.0'. ========
======== Resolving module './oam' from 'd:/DOPAMS/Toystack/dopams-backend-staging/node_modules/aws-sdk/clients/all.d.ts'. ========
Explicitly specified module resolution kind: 'Node10'.
Loading module as file / folder, candidate module location 'd:/DOPAMS/Toystack/dopams-backend-staging/node_modules/aws-sdk/clients/oam', target file types: TypeScript, Declaration.
File 'd:/DOPAMS/Toystack/dopams-backend-staging/node_modules/aws-sdk/clients/oam.ts' does not exist.
File 'd:/DOPAMS/Toystack/dopams-backend-staging/node_modules/aws-sdk/clients/oam.tsx' does not exist.
File 'd:/DOPAMS/Toystack/dopams-backend-staging/node_modules/aws-sdk/clients/oam.d.ts' exists - use it as a name resolution result.
File 'd:/DOPAMS/Toystack/dopams-backend-staging/node_modules/aws-sdk/package.json' exists according to earlier cached lookups.
======== Module name './oam' was successfully resolved to 'd:/DOPAMS/Toystack/dopams-backend-staging/node_modules/aws-sdk/clients/oam.d.ts' with Package ID 'aws-sdk/clients/oam.d.ts@2.1693.0'. ========
======== Resolving module './arczonalshift' from 'd:/DOPAMS/Toystack/dopams-backend-staging/node_modules/aws-sdk/clients/all.d.ts'. ========
Explicitly specified module resolution kind: 'Node10'.
Loading module as file / folder, candidate module location 'd:/DOPAMS/Toystack/dopams-backend-staging/node_modules/aws-sdk/clients/arczonalshift', target file types: TypeScript, Declaration.
File 'd:/DOPAMS/Toystack/dopams-backend-staging/node_modules/aws-sdk/clients/arczonalshift.ts' does not exist.
File 'd:/DOPAMS/Toystack/dopams-backend-staging/node_modules/aws-sdk/clients/arczonalshift.tsx' does not exist.
File 'd:/DOPAMS/Toystack/dopams-backend-staging/node_modules/aws-sdk/clients/arczonalshift.d.ts' exists - use it as a name resolution result.
File 'd:/DOPAMS/Toystack/dopams-backend-staging/node_modules/aws-sdk/package.json' exists according to earlier cached lookups.
======== Module name './arczonalshift' was successfully resolved to 'd:/DOPAMS/Toystack/dopams-backend-staging/node_modules/aws-sdk/clients/arczonalshift.d.ts' with Package ID 'aws-sdk/clients/arczonalshift.d.ts@2.1693.0'. ========
======== Resolving module './omics' from 'd:/DOPAMS/Toystack/dopams-backend-staging/node_modules/aws-sdk/clients/all.d.ts'. ========
Explicitly specified module resolution kind: 'Node10'.
Loading module as file / folder, candidate module location 'd:/DOPAMS/Toystack/dopams-backend-staging/node_modules/aws-sdk/clients/omics', target file types: TypeScript, Declaration.
File 'd:/DOPAMS/Toystack/dopams-backend-staging/node_modules/aws-sdk/clients/omics.ts' does not exist.
File 'd:/DOPAMS/Toystack/dopams-backend-staging/node_modules/aws-sdk/clients/omics.tsx' does not exist.
File 'd:/DOPAMS/Toystack/dopams-backend-staging/node_modules/aws-sdk/clients/omics.d.ts' exists - use it as a name resolution result.
File 'd:/DOPAMS/Toystack/dopams-backend-staging/node_modules/aws-sdk/package.json' exists according to earlier cached lookups.
======== Module name './omics' was successfully resolved to 'd:/DOPAMS/Toystack/dopams-backend-staging/node_modules/aws-sdk/clients/omics.d.ts' with Package ID 'aws-sdk/clients/omics.d.ts@2.1693.0'. ========
======== Resolving module './opensearchserverless' from 'd:/DOPAMS/Toystack/dopams-backend-staging/node_modules/aws-sdk/clients/all.d.ts'. ========
Explicitly specified module resolution kind: 'Node10'.
Loading module as file / folder, candidate module location 'd:/DOPAMS/Toystack/dopams-backend-staging/node_modules/aws-sdk/clients/opensearchserverless', target file types: TypeScript, Declaration.
File 'd:/DOPAMS/Toystack/dopams-backend-staging/node_modules/aws-sdk/clients/opensearchserverless.ts' does not exist.
File 'd:/DOPAMS/Toystack/dopams-backend-staging/node_modules/aws-sdk/clients/opensearchserverless.tsx' does not exist.
File 'd:/DOPAMS/Toystack/dopams-backend-staging/node_modules/aws-sdk/clients/opensearchserverless.d.ts' exists - use it as a name resolution result.
File 'd:/DOPAMS/Toystack/dopams-backend-staging/node_modules/aws-sdk/package.json' exists according to earlier cached lookups.
======== Module name './opensearchserverless' was successfully resolved to 'd:/DOPAMS/Toystack/dopams-backend-staging/node_modules/aws-sdk/clients/opensearchserverless.d.ts' with Package ID 'aws-sdk/clients/opensearchserverless.d.ts@2.1693.0'. ========
======== Resolving module './securitylake' from 'd:/DOPAMS/Toystack/dopams-backend-staging/node_modules/aws-sdk/clients/all.d.ts'. ========
Explicitly specified module resolution kind: 'Node10'.
Loading module as file / folder, candidate module location 'd:/DOPAMS/Toystack/dopams-backend-staging/node_modules/aws-sdk/clients/securitylake', target file types: TypeScript, Declaration.
File 'd:/DOPAMS/Toystack/dopams-backend-staging/node_modules/aws-sdk/clients/securitylake.ts' does not exist.
File 'd:/DOPAMS/Toystack/dopams-backend-staging/node_modules/aws-sdk/clients/securitylake.tsx' does not exist.
File 'd:/DOPAMS/Toystack/dopams-backend-staging/node_modules/aws-sdk/clients/securitylake.d.ts' exists - use it as a name resolution result.
File 'd:/DOPAMS/Toystack/dopams-backend-staging/node_modules/aws-sdk/package.json' exists according to earlier cached lookups.
======== Module name './securitylake' was successfully resolved to 'd:/DOPAMS/Toystack/dopams-backend-staging/node_modules/aws-sdk/clients/securitylake.d.ts' with Package ID 'aws-sdk/clients/securitylake.d.ts@2.1693.0'. ========
======== Resolving module './simspaceweaver' from 'd:/DOPAMS/Toystack/dopams-backend-staging/node_modules/aws-sdk/clients/all.d.ts'. ========
Explicitly specified module resolution kind: 'Node10'.
Loading module as file / folder, candidate module location 'd:/DOPAMS/Toystack/dopams-backend-staging/node_modules/aws-sdk/clients/simspaceweaver', target file types: TypeScript, Declaration.
File 'd:/DOPAMS/Toystack/dopams-backend-staging/node_modules/aws-sdk/clients/simspaceweaver.ts' does not exist.
File 'd:/DOPAMS/Toystack/dopams-backend-staging/node_modules/aws-sdk/clients/simspaceweaver.tsx' does not exist.
File 'd:/DOPAMS/Toystack/dopams-backend-staging/node_modules/aws-sdk/clients/simspaceweaver.d.ts' exists - use it as a name resolution result.
File 'd:/DOPAMS/Toystack/dopams-backend-staging/node_modules/aws-sdk/package.json' exists according to earlier cached lookups.
======== Module name './simspaceweaver' was successfully resolved to 'd:/DOPAMS/Toystack/dopams-backend-staging/node_modules/aws-sdk/clients/simspaceweaver.d.ts' with Package ID 'aws-sdk/clients/simspaceweaver.d.ts@2.1693.0'. ========
======== Resolving module './docdbelastic' from 'd:/DOPAMS/Toystack/dopams-backend-staging/node_modules/aws-sdk/clients/all.d.ts'. ========
Explicitly specified module resolution kind: 'Node10'.
Loading module as file / folder, candidate module location 'd:/DOPAMS/Toystack/dopams-backend-staging/node_modules/aws-sdk/clients/docdbelastic', target file types: TypeScript, Declaration.
File 'd:/DOPAMS/Toystack/dopams-backend-staging/node_modules/aws-sdk/clients/docdbelastic.ts' does not exist.
File 'd:/DOPAMS/Toystack/dopams-backend-staging/node_modules/aws-sdk/clients/docdbelastic.tsx' does not exist.
File 'd:/DOPAMS/Toystack/dopams-backend-staging/node_modules/aws-sdk/clients/docdbelastic.d.ts' exists - use it as a name resolution result.
File 'd:/DOPAMS/Toystack/dopams-backend-staging/node_modules/aws-sdk/package.json' exists according to earlier cached lookups.
======== Module name './docdbelastic' was successfully resolved to 'd:/DOPAMS/Toystack/dopams-backend-staging/node_modules/aws-sdk/clients/docdbelastic.d.ts' with Package ID 'aws-sdk/clients/docdbelastic.d.ts@2.1693.0'. ========
======== Resolving module './sagemakergeospatial' from 'd:/DOPAMS/Toystack/dopams-backend-staging/node_modules/aws-sdk/clients/all.d.ts'. ========
Explicitly specified module resolution kind: 'Node10'.
Loading module as file / folder, candidate module location 'd:/DOPAMS/Toystack/dopams-backend-staging/node_modules/aws-sdk/clients/sagemakergeospatial', target file types: TypeScript, Declaration.
File 'd:/DOPAMS/Toystack/dopams-backend-staging/node_modules/aws-sdk/clients/sagemakergeospatial.ts' does not exist.
File 'd:/DOPAMS/Toystack/dopams-backend-staging/node_modules/aws-sdk/clients/sagemakergeospatial.tsx' does not exist.
File 'd:/DOPAMS/Toystack/dopams-backend-staging/node_modules/aws-sdk/clients/sagemakergeospatial.d.ts' exists - use it as a name resolution result.
File 'd:/DOPAMS/Toystack/dopams-backend-staging/node_modules/aws-sdk/package.json' exists according to earlier cached lookups.
======== Module name './sagemakergeospatial' was successfully resolved to 'd:/DOPAMS/Toystack/dopams-backend-staging/node_modules/aws-sdk/clients/sagemakergeospatial.d.ts' with Package ID 'aws-sdk/clients/sagemakergeospatial.d.ts@2.1693.0'. ========
======== Resolving module './codecatalyst' from 'd:/DOPAMS/Toystack/dopams-backend-staging/node_modules/aws-sdk/clients/all.d.ts'. ========
Explicitly specified module resolution kind: 'Node10'.
Loading module as file / folder, candidate module location 'd:/DOPAMS/Toystack/dopams-backend-staging/node_modules/aws-sdk/clients/codecatalyst', target file types: TypeScript, Declaration.
File 'd:/DOPAMS/Toystack/dopams-backend-staging/node_modules/aws-sdk/clients/codecatalyst.ts' does not exist.
File 'd:/DOPAMS/Toystack/dopams-backend-staging/node_modules/aws-sdk/clients/codecatalyst.tsx' does not exist.
File 'd:/DOPAMS/Toystack/dopams-backend-staging/node_modules/aws-sdk/clients/codecatalyst.d.ts' exists - use it as a name resolution result.
File 'd:/DOPAMS/Toystack/dopams-backend-staging/node_modules/aws-sdk/package.json' exists according to earlier cached lookups.
======== Module name './codecatalyst' was successfully resolved to 'd:/DOPAMS/Toystack/dopams-backend-staging/node_modules/aws-sdk/clients/codecatalyst.d.ts' with Package ID 'aws-sdk/clients/codecatalyst.d.ts@2.1693.0'. ========
======== Resolving module './pipes' from 'd:/DOPAMS/Toystack/dopams-backend-staging/node_modules/aws-sdk/clients/all.d.ts'. ========
Explicitly specified module resolution kind: 'Node10'.
Loading module as file / folder, candidate module location 'd:/DOPAMS/Toystack/dopams-backend-staging/node_modules/aws-sdk/clients/pipes', target file types: TypeScript, Declaration.
File 'd:/DOPAMS/Toystack/dopams-backend-staging/node_modules/aws-sdk/clients/pipes.ts' does not exist.
File 'd:/DOPAMS/Toystack/dopams-backend-staging/node_modules/aws-sdk/clients/pipes.tsx' does not exist.
File 'd:/DOPAMS/Toystack/dopams-backend-staging/node_modules/aws-sdk/clients/pipes.d.ts' exists - use it as a name resolution result.
File 'd:/DOPAMS/Toystack/dopams-backend-staging/node_modules/aws-sdk/package.json' exists according to earlier cached lookups.
======== Module name './pipes' was successfully resolved to 'd:/DOPAMS/Toystack/dopams-backend-staging/node_modules/aws-sdk/clients/pipes.d.ts' with Package ID 'aws-sdk/clients/pipes.d.ts@2.1693.0'. ========
======== Resolving module './sagemakermetrics' from 'd:/DOPAMS/Toystack/dopams-backend-staging/node_modules/aws-sdk/clients/all.d.ts'. ========
Explicitly specified module resolution kind: 'Node10'.
Loading module as file / folder, candidate module location 'd:/DOPAMS/Toystack/dopams-backend-staging/node_modules/aws-sdk/clients/sagemakermetrics', target file types: TypeScript, Declaration.
File 'd:/DOPAMS/Toystack/dopams-backend-staging/node_modules/aws-sdk/clients/sagemakermetrics.ts' does not exist.
File 'd:/DOPAMS/Toystack/dopams-backend-staging/node_modules/aws-sdk/clients/sagemakermetrics.tsx' does not exist.
File 'd:/DOPAMS/Toystack/dopams-backend-staging/node_modules/aws-sdk/clients/sagemakermetrics.d.ts' exists - use it as a name resolution result.
File 'd:/DOPAMS/Toystack/dopams-backend-staging/node_modules/aws-sdk/package.json' exists according to earlier cached lookups.
======== Module name './sagemakermetrics' was successfully resolved to 'd:/DOPAMS/Toystack/dopams-backend-staging/node_modules/aws-sdk/clients/sagemakermetrics.d.ts' with Package ID 'aws-sdk/clients/sagemakermetrics.d.ts@2.1693.0'. ========
======== Resolving module './kinesisvideowebrtcstorage' from 'd:/DOPAMS/Toystack/dopams-backend-staging/node_modules/aws-sdk/clients/all.d.ts'. ========
Explicitly specified module resolution kind: 'Node10'.
Loading module as file / folder, candidate module location 'd:/DOPAMS/Toystack/dopams-backend-staging/node_modules/aws-sdk/clients/kinesisvideowebrtcstorage', target file types: TypeScript, Declaration.
File 'd:/DOPAMS/Toystack/dopams-backend-staging/node_modules/aws-sdk/clients/kinesisvideowebrtcstorage.ts' does not exist.
File 'd:/DOPAMS/Toystack/dopams-backend-staging/node_modules/aws-sdk/clients/kinesisvideowebrtcstorage.tsx' does not exist.
File 'd:/DOPAMS/Toystack/dopams-backend-staging/node_modules/aws-sdk/clients/kinesisvideowebrtcstorage.d.ts' exists - use it as a name resolution result.
File 'd:/DOPAMS/Toystack/dopams-backend-staging/node_modules/aws-sdk/package.json' exists according to earlier cached lookups.
======== Module name './kinesisvideowebrtcstorage' was successfully resolved to 'd:/DOPAMS/Toystack/dopams-backend-staging/node_modules/aws-sdk/clients/kinesisvideowebrtcstorage.d.ts' with Package ID 'aws-sdk/clients/kinesisvideowebrtcstorage.d.ts@2.1693.0'. ========
======== Resolving module './licensemanagerlinuxsubscriptions' from 'd:/DOPAMS/Toystack/dopams-backend-staging/node_modules/aws-sdk/clients/all.d.ts'. ========
Explicitly specified module resolution kind: 'Node10'.
Loading module as file / folder, candidate module location 'd:/DOPAMS/Toystack/dopams-backend-staging/node_modules/aws-sdk/clients/licensemanagerlinuxsubscriptions', target file types: TypeScript, Declaration.
File 'd:/DOPAMS/Toystack/dopams-backend-staging/node_modules/aws-sdk/clients/licensemanagerlinuxsubscriptions.ts' does not exist.
File 'd:/DOPAMS/Toystack/dopams-backend-staging/node_modules/aws-sdk/clients/licensemanagerlinuxsubscriptions.tsx' does not exist.
File 'd:/DOPAMS/Toystack/dopams-backend-staging/node_modules/aws-sdk/clients/licensemanagerlinuxsubscriptions.d.ts' exists - use it as a name resolution result.
File 'd:/DOPAMS/Toystack/dopams-backend-staging/node_modules/aws-sdk/package.json' exists according to earlier cached lookups.
======== Module name './licensemanagerlinuxsubscriptions' was successfully resolved to 'd:/DOPAMS/Toystack/dopams-backend-staging/node_modules/aws-sdk/clients/licensemanagerlinuxsubscriptions.d.ts' with Package ID 'aws-sdk/clients/licensemanagerlinuxsubscriptions.d.ts@2.1693.0'. ========
======== Resolving module './kendraranking' from 'd:/DOPAMS/Toystack/dopams-backend-staging/node_modules/aws-sdk/clients/all.d.ts'. ========
Explicitly specified module resolution kind: 'Node10'.
Loading module as file / folder, candidate module location 'd:/DOPAMS/Toystack/dopams-backend-staging/node_modules/aws-sdk/clients/kendraranking', target file types: TypeScript, Declaration.
File 'd:/DOPAMS/Toystack/dopams-backend-staging/node_modules/aws-sdk/clients/kendraranking.ts' does not exist.
File 'd:/DOPAMS/Toystack/dopams-backend-staging/node_modules/aws-sdk/clients/kendraranking.tsx' does not exist.
File 'd:/DOPAMS/Toystack/dopams-backend-staging/node_modules/aws-sdk/clients/kendraranking.d.ts' exists - use it as a name resolution result.
File 'd:/DOPAMS/Toystack/dopams-backend-staging/node_modules/aws-sdk/package.json' exists according to earlier cached lookups.
======== Module name './kendraranking' was successfully resolved to 'd:/DOPAMS/Toystack/dopams-backend-staging/node_modules/aws-sdk/clients/kendraranking.d.ts' with Package ID 'aws-sdk/clients/kendraranking.d.ts@2.1693.0'. ========
======== Resolving module './cleanrooms' from 'd:/DOPAMS/Toystack/dopams-backend-staging/node_modules/aws-sdk/clients/all.d.ts'. ========
Explicitly specified module resolution kind: 'Node10'.
Loading module as file / folder, candidate module location 'd:/DOPAMS/Toystack/dopams-backend-staging/node_modules/aws-sdk/clients/cleanrooms', target file types: TypeScript, Declaration.
File 'd:/DOPAMS/Toystack/dopams-backend-staging/node_modules/aws-sdk/clients/cleanrooms.ts' does not exist.
File 'd:/DOPAMS/Toystack/dopams-backend-staging/node_modules/aws-sdk/clients/cleanrooms.tsx' does not exist.
File 'd:/DOPAMS/Toystack/dopams-backend-staging/node_modules/aws-sdk/clients/cleanrooms.d.ts' exists - use it as a name resolution result.
File 'd:/DOPAMS/Toystack/dopams-backend-staging/node_modules/aws-sdk/package.json' exists according to earlier cached lookups.
======== Module name './cleanrooms' was successfully resolved to 'd:/DOPAMS/Toystack/dopams-backend-staging/node_modules/aws-sdk/clients/cleanrooms.d.ts' with Package ID 'aws-sdk/clients/cleanrooms.d.ts@2.1693.0'. ========
======== Resolving module './cloudtraildata' from 'd:/DOPAMS/Toystack/dopams-backend-staging/node_modules/aws-sdk/clients/all.d.ts'. ========
Explicitly specified module resolution kind: 'Node10'.
Loading module as file / folder, candidate module location 'd:/DOPAMS/Toystack/dopams-backend-staging/node_modules/aws-sdk/clients/cloudtraildata', target file types: TypeScript, Declaration.
File 'd:/DOPAMS/Toystack/dopams-backend-staging/node_modules/aws-sdk/clients/cloudtraildata.ts' does not exist.
File 'd:/DOPAMS/Toystack/dopams-backend-staging/node_modules/aws-sdk/clients/cloudtraildata.tsx' does not exist.
File 'd:/DOPAMS/Toystack/dopams-backend-staging/node_modules/aws-sdk/clients/cloudtraildata.d.ts' exists - use it as a name resolution result.
File 'd:/DOPAMS/Toystack/dopams-backend-staging/node_modules/aws-sdk/package.json' exists according to earlier cached lookups.
======== Module name './cloudtraildata' was successfully resolved to 'd:/DOPAMS/Toystack/dopams-backend-staging/node_modules/aws-sdk/clients/cloudtraildata.d.ts' with Package ID 'aws-sdk/clients/cloudtraildata.d.ts@2.1693.0'. ========
======== Resolving module './tnb' from 'd:/DOPAMS/Toystack/dopams-backend-staging/node_modules/aws-sdk/clients/all.d.ts'. ========
Explicitly specified module resolution kind: 'Node10'.
Loading module as file / folder, candidate module location 'd:/DOPAMS/Toystack/dopams-backend-staging/node_modules/aws-sdk/clients/tnb', target file types: TypeScript, Declaration.
File 'd:/DOPAMS/Toystack/dopams-backend-staging/node_modules/aws-sdk/clients/tnb.ts' does not exist.
File 'd:/DOPAMS/Toystack/dopams-backend-staging/node_modules/aws-sdk/clients/tnb.tsx' does not exist.
File 'd:/DOPAMS/Toystack/dopams-backend-staging/node_modules/aws-sdk/clients/tnb.d.ts' exists - use it as a name resolution result.
File 'd:/DOPAMS/Toystack/dopams-backend-staging/node_modules/aws-sdk/package.json' exists according to earlier cached lookups.
======== Module name './tnb' was successfully resolved to 'd:/DOPAMS/Toystack/dopams-backend-staging/node_modules/aws-sdk/clients/tnb.d.ts' with Package ID 'aws-sdk/clients/tnb.d.ts@2.1693.0'. ========
======== Resolving module './internetmonitor' from 'd:/DOPAMS/Toystack/dopams-backend-staging/node_modules/aws-sdk/clients/all.d.ts'. ========
Explicitly specified module resolution kind: 'Node10'.
Loading module as file / folder, candidate module location 'd:/DOPAMS/Toystack/dopams-backend-staging/node_modules/aws-sdk/clients/internetmonitor', target file types: TypeScript, Declaration.
File 'd:/DOPAMS/Toystack/dopams-backend-staging/node_modules/aws-sdk/clients/internetmonitor.ts' does not exist.
File 'd:/DOPAMS/Toystack/dopams-backend-staging/node_modules/aws-sdk/clients/internetmonitor.tsx' does not exist.
File 'd:/DOPAMS/Toystack/dopams-backend-staging/node_modules/aws-sdk/clients/internetmonitor.d.ts' exists - use it as a name resolution result.
File 'd:/DOPAMS/Toystack/dopams-backend-staging/node_modules/aws-sdk/package.json' exists according to earlier cached lookups.
======== Module name './internetmonitor' was successfully resolved to 'd:/DOPAMS/Toystack/dopams-backend-staging/node_modules/aws-sdk/clients/internetmonitor.d.ts' with Package ID 'aws-sdk/clients/internetmonitor.d.ts@2.1693.0'. ========
======== Resolving module './ivsrealtime' from 'd:/DOPAMS/Toystack/dopams-backend-staging/node_modules/aws-sdk/clients/all.d.ts'. ========
Explicitly specified module resolution kind: 'Node10'.
Loading module as file / folder, candidate module location 'd:/DOPAMS/Toystack/dopams-backend-staging/node_modules/aws-sdk/clients/ivsrealtime', target file types: TypeScript, Declaration.
File 'd:/DOPAMS/Toystack/dopams-backend-staging/node_modules/aws-sdk/clients/ivsrealtime.ts' does not exist.
File 'd:/DOPAMS/Toystack/dopams-backend-staging/node_modules/aws-sdk/clients/ivsrealtime.tsx' does not exist.
File 'd:/DOPAMS/Toystack/dopams-backend-staging/node_modules/aws-sdk/clients/ivsrealtime.d.ts' exists - use it as a name resolution result.
File 'd:/DOPAMS/Toystack/dopams-backend-staging/node_modules/aws-sdk/package.json' exists according to earlier cached lookups.
======== Module name './ivsrealtime' was successfully resolved to 'd:/DOPAMS/Toystack/dopams-backend-staging/node_modules/aws-sdk/clients/ivsrealtime.d.ts' with Package ID 'aws-sdk/clients/ivsrealtime.d.ts@2.1693.0'. ========
======== Resolving module './vpclattice' from 'd:/DOPAMS/Toystack/dopams-backend-staging/node_modules/aws-sdk/clients/all.d.ts'. ========
Explicitly specified module resolution kind: 'Node10'.
Loading module as file / folder, candidate module location 'd:/DOPAMS/Toystack/dopams-backend-staging/node_modules/aws-sdk/clients/vpclattice', target file types: TypeScript, Declaration.
File 'd:/DOPAMS/Toystack/dopams-backend-staging/node_modules/aws-sdk/clients/vpclattice.ts' does not exist.
File 'd:/DOPAMS/Toystack/dopams-backend-staging/node_modules/aws-sdk/clients/vpclattice.tsx' does not exist.
File 'd:/DOPAMS/Toystack/dopams-backend-staging/node_modules/aws-sdk/clients/vpclattice.d.ts' exists - use it as a name resolution result.
File 'd:/DOPAMS/Toystack/dopams-backend-staging/node_modules/aws-sdk/package.json' exists according to earlier cached lookups.
======== Module name './vpclattice' was successfully resolved to 'd:/DOPAMS/Toystack/dopams-backend-staging/node_modules/aws-sdk/clients/vpclattice.d.ts' with Package ID 'aws-sdk/clients/vpclattice.d.ts@2.1693.0'. ========
======== Resolving module './osis' from 'd:/DOPAMS/Toystack/dopams-backend-staging/node_modules/aws-sdk/clients/all.d.ts'. ========
Explicitly specified module resolution kind: 'Node10'.
Loading module as file / folder, candidate module location 'd:/DOPAMS/Toystack/dopams-backend-staging/node_modules/aws-sdk/clients/osis', target file types: TypeScript, Declaration.
File 'd:/DOPAMS/Toystack/dopams-backend-staging/node_modules/aws-sdk/clients/osis.ts' does not exist.
File 'd:/DOPAMS/Toystack/dopams-backend-staging/node_modules/aws-sdk/clients/osis.tsx' does not exist.
File 'd:/DOPAMS/Toystack/dopams-backend-staging/node_modules/aws-sdk/clients/osis.d.ts' exists - use it as a name resolution result.
File 'd:/DOPAMS/Toystack/dopams-backend-staging/node_modules/aws-sdk/package.json' exists according to earlier cached lookups.
======== Module name './osis' was successfully resolved to 'd:/DOPAMS/Toystack/dopams-backend-staging/node_modules/aws-sdk/clients/osis.d.ts' with Package ID 'aws-sdk/clients/osis.d.ts@2.1693.0'. ========
======== Resolving module './mediapackagev2' from 'd:/DOPAMS/Toystack/dopams-backend-staging/node_modules/aws-sdk/clients/all.d.ts'. ========
Explicitly specified module resolution kind: 'Node10'.
Loading module as file / folder, candidate module location 'd:/DOPAMS/Toystack/dopams-backend-staging/node_modules/aws-sdk/clients/mediapackagev2', target file types: TypeScript, Declaration.
File 'd:/DOPAMS/Toystack/dopams-backend-staging/node_modules/aws-sdk/clients/mediapackagev2.ts' does not exist.
File 'd:/DOPAMS/Toystack/dopams-backend-staging/node_modules/aws-sdk/clients/mediapackagev2.tsx' does not exist.
File 'd:/DOPAMS/Toystack/dopams-backend-staging/node_modules/aws-sdk/clients/mediapackagev2.d.ts' exists - use it as a name resolution result.
File 'd:/DOPAMS/Toystack/dopams-backend-staging/node_modules/aws-sdk/package.json' exists according to earlier cached lookups.
======== Module name './mediapackagev2' was successfully resolved to 'd:/DOPAMS/Toystack/dopams-backend-staging/node_modules/aws-sdk/clients/mediapackagev2.d.ts' with Package ID 'aws-sdk/clients/mediapackagev2.d.ts@2.1693.0'. ========
======== Resolving module './paymentcryptography' from 'd:/DOPAMS/Toystack/dopams-backend-staging/node_modules/aws-sdk/clients/all.d.ts'. ========
Explicitly specified module resolution kind: 'Node10'.
Loading module as file / folder, candidate module location 'd:/DOPAMS/Toystack/dopams-backend-staging/node_modules/aws-sdk/clients/paymentcryptography', target file types: TypeScript, Declaration.
File 'd:/DOPAMS/Toystack/dopams-backend-staging/node_modules/aws-sdk/clients/paymentcryptography.ts' does not exist.
File 'd:/DOPAMS/Toystack/dopams-backend-staging/node_modules/aws-sdk/clients/paymentcryptography.tsx' does not exist.
File 'd:/DOPAMS/Toystack/dopams-backend-staging/node_modules/aws-sdk/clients/paymentcryptography.d.ts' exists - use it as a name resolution result.
File 'd:/DOPAMS/Toystack/dopams-backend-staging/node_modules/aws-sdk/package.json' exists according to earlier cached lookups.
======== Module name './paymentcryptography' was successfully resolved to 'd:/DOPAMS/Toystack/dopams-backend-staging/node_modules/aws-sdk/clients/paymentcryptography.d.ts' with Package ID 'aws-sdk/clients/paymentcryptography.d.ts@2.1693.0'. ========
======== Resolving module './paymentcryptographydata' from 'd:/DOPAMS/Toystack/dopams-backend-staging/node_modules/aws-sdk/clients/all.d.ts'. ========
Explicitly specified module resolution kind: 'Node10'.
Loading module as file / folder, candidate module location 'd:/DOPAMS/Toystack/dopams-backend-staging/node_modules/aws-sdk/clients/paymentcryptographydata', target file types: TypeScript, Declaration.
File 'd:/DOPAMS/Toystack/dopams-backend-staging/node_modules/aws-sdk/clients/paymentcryptographydata.ts' does not exist.
File 'd:/DOPAMS/Toystack/dopams-backend-staging/node_modules/aws-sdk/clients/paymentcryptographydata.tsx' does not exist.
File 'd:/DOPAMS/Toystack/dopams-backend-staging/node_modules/aws-sdk/clients/paymentcryptographydata.d.ts' exists - use it as a name resolution result.
File 'd:/DOPAMS/Toystack/dopams-backend-staging/node_modules/aws-sdk/package.json' exists according to earlier cached lookups.
======== Module name './paymentcryptographydata' was successfully resolved to 'd:/DOPAMS/Toystack/dopams-backend-staging/node_modules/aws-sdk/clients/paymentcryptographydata.d.ts' with Package ID 'aws-sdk/clients/paymentcryptographydata.d.ts@2.1693.0'. ========
======== Resolving module './codegurusecurity' from 'd:/DOPAMS/Toystack/dopams-backend-staging/node_modules/aws-sdk/clients/all.d.ts'. ========
Explicitly specified module resolution kind: 'Node10'.
Loading module as file / folder, candidate module location 'd:/DOPAMS/Toystack/dopams-backend-staging/node_modules/aws-sdk/clients/codegurusecurity', target file types: TypeScript, Declaration.
File 'd:/DOPAMS/Toystack/dopams-backend-staging/node_modules/aws-sdk/clients/codegurusecurity.ts' does not exist.
File 'd:/DOPAMS/Toystack/dopams-backend-staging/node_modules/aws-sdk/clients/codegurusecurity.tsx' does not exist.
File 'd:/DOPAMS/Toystack/dopams-backend-staging/node_modules/aws-sdk/clients/codegurusecurity.d.ts' exists - use it as a name resolution result.
File 'd:/DOPAMS/Toystack/dopams-backend-staging/node_modules/aws-sdk/package.json' exists according to earlier cached lookups.
======== Module name './codegurusecurity' was successfully resolved to 'd:/DOPAMS/Toystack/dopams-backend-staging/node_modules/aws-sdk/clients/codegurusecurity.d.ts' with Package ID 'aws-sdk/clients/codegurusecurity.d.ts@2.1693.0'. ========
======== Resolving module './verifiedpermissions' from 'd:/DOPAMS/Toystack/dopams-backend-staging/node_modules/aws-sdk/clients/all.d.ts'. ========
Explicitly specified module resolution kind: 'Node10'.
Loading module as file / folder, candidate module location 'd:/DOPAMS/Toystack/dopams-backend-staging/node_modules/aws-sdk/clients/verifiedpermissions', target file types: TypeScript, Declaration.
File 'd:/DOPAMS/Toystack/dopams-backend-staging/node_modules/aws-sdk/clients/verifiedpermissions.ts' does not exist.
File 'd:/DOPAMS/Toystack/dopams-backend-staging/node_modules/aws-sdk/clients/verifiedpermissions.tsx' does not exist.
File 'd:/DOPAMS/Toystack/dopams-backend-staging/node_modules/aws-sdk/clients/verifiedpermissions.d.ts' exists - use it as a name resolution result.
File 'd:/DOPAMS/Toystack/dopams-backend-staging/node_modules/aws-sdk/package.json' exists according to earlier cached lookups.
======== Module name './verifiedpermissions' was successfully resolved to 'd:/DOPAMS/Toystack/dopams-backend-staging/node_modules/aws-sdk/clients/verifiedpermissions.d.ts' with Package ID 'aws-sdk/clients/verifiedpermissions.d.ts@2.1693.0'. ========
======== Resolving module './appfabric' from 'd:/DOPAMS/Toystack/dopams-backend-staging/node_modules/aws-sdk/clients/all.d.ts'. ========
Explicitly specified module resolution kind: 'Node10'.
Loading module as file / folder, candidate module location 'd:/DOPAMS/Toystack/dopams-backend-staging/node_modules/aws-sdk/clients/appfabric', target file types: TypeScript, Declaration.
File 'd:/DOPAMS/Toystack/dopams-backend-staging/node_modules/aws-sdk/clients/appfabric.ts' does not exist.
File 'd:/DOPAMS/Toystack/dopams-backend-staging/node_modules/aws-sdk/clients/appfabric.tsx' does not exist.
File 'd:/DOPAMS/Toystack/dopams-backend-staging/node_modules/aws-sdk/clients/appfabric.d.ts' exists - use it as a name resolution result.
File 'd:/DOPAMS/Toystack/dopams-backend-staging/node_modules/aws-sdk/package.json' exists according to earlier cached lookups.
======== Module name './appfabric' was successfully resolved to 'd:/DOPAMS/Toystack/dopams-backend-staging/node_modules/aws-sdk/clients/appfabric.d.ts' with Package ID 'aws-sdk/clients/appfabric.d.ts@2.1693.0'. ========
======== Resolving module './medicalimaging' from 'd:/DOPAMS/Toystack/dopams-backend-staging/node_modules/aws-sdk/clients/all.d.ts'. ========
Explicitly specified module resolution kind: 'Node10'.
Loading module as file / folder, candidate module location 'd:/DOPAMS/Toystack/dopams-backend-staging/node_modules/aws-sdk/clients/medicalimaging', target file types: TypeScript, Declaration.
File 'd:/DOPAMS/Toystack/dopams-backend-staging/node_modules/aws-sdk/clients/medicalimaging.ts' does not exist.
File 'd:/DOPAMS/Toystack/dopams-backend-staging/node_modules/aws-sdk/clients/medicalimaging.tsx' does not exist.
File 'd:/DOPAMS/Toystack/dopams-backend-staging/node_modules/aws-sdk/clients/medicalimaging.d.ts' exists - use it as a name resolution result.
File 'd:/DOPAMS/Toystack/dopams-backend-staging/node_modules/aws-sdk/package.json' exists according to earlier cached lookups.
======== Module name './medicalimaging' was successfully resolved to 'd:/DOPAMS/Toystack/dopams-backend-staging/node_modules/aws-sdk/clients/medicalimaging.d.ts' with Package ID 'aws-sdk/clients/medicalimaging.d.ts@2.1693.0'. ========
======== Resolving module './entityresolution' from 'd:/DOPAMS/Toystack/dopams-backend-staging/node_modules/aws-sdk/clients/all.d.ts'. ========
Explicitly specified module resolution kind: 'Node10'.
Loading module as file / folder, candidate module location 'd:/DOPAMS/Toystack/dopams-backend-staging/node_modules/aws-sdk/clients/entityresolution', target file types: TypeScript, Declaration.
File 'd:/DOPAMS/Toystack/dopams-backend-staging/node_modules/aws-sdk/clients/entityresolution.ts' does not exist.
File 'd:/DOPAMS/Toystack/dopams-backend-staging/node_modules/aws-sdk/clients/entityresolution.tsx' does not exist.
File 'd:/DOPAMS/Toystack/dopams-backend-staging/node_modules/aws-sdk/clients/entityresolution.d.ts' exists - use it as a name resolution result.
File 'd:/DOPAMS/Toystack/dopams-backend-staging/node_modules/aws-sdk/package.json' exists according to earlier cached lookups.
======== Module name './entityresolution' was successfully resolved to 'd:/DOPAMS/Toystack/dopams-backend-staging/node_modules/aws-sdk/clients/entityresolution.d.ts' with Package ID 'aws-sdk/clients/entityresolution.d.ts@2.1693.0'. ========
======== Resolving module './managedblockchainquery' from 'd:/DOPAMS/Toystack/dopams-backend-staging/node_modules/aws-sdk/clients/all.d.ts'. ========
Explicitly specified module resolution kind: 'Node10'.
Loading module as file / folder, candidate module location 'd:/DOPAMS/Toystack/dopams-backend-staging/node_modules/aws-sdk/clients/managedblockchainquery', target file types: TypeScript, Declaration.
File 'd:/DOPAMS/Toystack/dopams-backend-staging/node_modules/aws-sdk/clients/managedblockchainquery.ts' does not exist.
File 'd:/DOPAMS/Toystack/dopams-backend-staging/node_modules/aws-sdk/clients/managedblockchainquery.tsx' does not exist.
File 'd:/DOPAMS/Toystack/dopams-backend-staging/node_modules/aws-sdk/clients/managedblockchainquery.d.ts' exists - use it as a name resolution result.
File 'd:/DOPAMS/Toystack/dopams-backend-staging/node_modules/aws-sdk/package.json' exists according to earlier cached lookups.
======== Module name './managedblockchainquery' was successfully resolved to 'd:/DOPAMS/Toystack/dopams-backend-staging/node_modules/aws-sdk/clients/managedblockchainquery.d.ts' with Package ID 'aws-sdk/clients/managedblockchainquery.d.ts@2.1693.0'. ========
======== Resolving module './neptunedata' from 'd:/DOPAMS/Toystack/dopams-backend-staging/node_modules/aws-sdk/clients/all.d.ts'. ========
Explicitly specified module resolution kind: 'Node10'.
Loading module as file / folder, candidate module location 'd:/DOPAMS/Toystack/dopams-backend-staging/node_modules/aws-sdk/clients/neptunedata', target file types: TypeScript, Declaration.
File 'd:/DOPAMS/Toystack/dopams-backend-staging/node_modules/aws-sdk/clients/neptunedata.ts' does not exist.
File 'd:/DOPAMS/Toystack/dopams-backend-staging/node_modules/aws-sdk/clients/neptunedata.tsx' does not exist.
File 'd:/DOPAMS/Toystack/dopams-backend-staging/node_modules/aws-sdk/clients/neptunedata.d.ts' exists - use it as a name resolution result.
File 'd:/DOPAMS/Toystack/dopams-backend-staging/node_modules/aws-sdk/package.json' exists according to earlier cached lookups.
======== Module name './neptunedata' was successfully resolved to 'd:/DOPAMS/Toystack/dopams-backend-staging/node_modules/aws-sdk/clients/neptunedata.d.ts' with Package ID 'aws-sdk/clients/neptunedata.d.ts@2.1693.0'. ========
======== Resolving module './pcaconnectorad' from 'd:/DOPAMS/Toystack/dopams-backend-staging/node_modules/aws-sdk/clients/all.d.ts'. ========
Explicitly specified module resolution kind: 'Node10'.
Loading module as file / folder, candidate module location 'd:/DOPAMS/Toystack/dopams-backend-staging/node_modules/aws-sdk/clients/pcaconnectorad', target file types: TypeScript, Declaration.
File 'd:/DOPAMS/Toystack/dopams-backend-staging/node_modules/aws-sdk/clients/pcaconnectorad.ts' does not exist.
File 'd:/DOPAMS/Toystack/dopams-backend-staging/node_modules/aws-sdk/clients/pcaconnectorad.tsx' does not exist.
File 'd:/DOPAMS/Toystack/dopams-backend-staging/node_modules/aws-sdk/clients/pcaconnectorad.d.ts' exists - use it as a name resolution result.
File 'd:/DOPAMS/Toystack/dopams-backend-staging/node_modules/aws-sdk/package.json' exists according to earlier cached lookups.
======== Module name './pcaconnectorad' was successfully resolved to 'd:/DOPAMS/Toystack/dopams-backend-staging/node_modules/aws-sdk/clients/pcaconnectorad.d.ts' with Package ID 'aws-sdk/clients/pcaconnectorad.d.ts@2.1693.0'. ========
======== Resolving module './bedrock' from 'd:/DOPAMS/Toystack/dopams-backend-staging/node_modules/aws-sdk/clients/all.d.ts'. ========
Explicitly specified module resolution kind: 'Node10'.
Loading module as file / folder, candidate module location 'd:/DOPAMS/Toystack/dopams-backend-staging/node_modules/aws-sdk/clients/bedrock', target file types: TypeScript, Declaration.
File 'd:/DOPAMS/Toystack/dopams-backend-staging/node_modules/aws-sdk/clients/bedrock.ts' does not exist.
File 'd:/DOPAMS/Toystack/dopams-backend-staging/node_modules/aws-sdk/clients/bedrock.tsx' does not exist.
File 'd:/DOPAMS/Toystack/dopams-backend-staging/node_modules/aws-sdk/clients/bedrock.d.ts' exists - use it as a name resolution result.
File 'd:/DOPAMS/Toystack/dopams-backend-staging/node_modules/aws-sdk/package.json' exists according to earlier cached lookups.
======== Module name './bedrock' was successfully resolved to 'd:/DOPAMS/Toystack/dopams-backend-staging/node_modules/aws-sdk/clients/bedrock.d.ts' with Package ID 'aws-sdk/clients/bedrock.d.ts@2.1693.0'. ========
======== Resolving module './bedrockruntime' from 'd:/DOPAMS/Toystack/dopams-backend-staging/node_modules/aws-sdk/clients/all.d.ts'. ========
Explicitly specified module resolution kind: 'Node10'.
Loading module as file / folder, candidate module location 'd:/DOPAMS/Toystack/dopams-backend-staging/node_modules/aws-sdk/clients/bedrockruntime', target file types: TypeScript, Declaration.
File 'd:/DOPAMS/Toystack/dopams-backend-staging/node_modules/aws-sdk/clients/bedrockruntime.ts' does not exist.
File 'd:/DOPAMS/Toystack/dopams-backend-staging/node_modules/aws-sdk/clients/bedrockruntime.tsx' does not exist.
File 'd:/DOPAMS/Toystack/dopams-backend-staging/node_modules/aws-sdk/clients/bedrockruntime.d.ts' exists - use it as a name resolution result.
File 'd:/DOPAMS/Toystack/dopams-backend-staging/node_modules/aws-sdk/package.json' exists according to earlier cached lookups.
======== Module name './bedrockruntime' was successfully resolved to 'd:/DOPAMS/Toystack/dopams-backend-staging/node_modules/aws-sdk/clients/bedrockruntime.d.ts' with Package ID 'aws-sdk/clients/bedrockruntime.d.ts@2.1693.0'. ========
======== Resolving module './datazone' from 'd:/DOPAMS/Toystack/dopams-backend-staging/node_modules/aws-sdk/clients/all.d.ts'. ========
Explicitly specified module resolution kind: 'Node10'.
Loading module as file / folder, candidate module location 'd:/DOPAMS/Toystack/dopams-backend-staging/node_modules/aws-sdk/clients/datazone', target file types: TypeScript, Declaration.
File 'd:/DOPAMS/Toystack/dopams-backend-staging/node_modules/aws-sdk/clients/datazone.ts' does not exist.
File 'd:/DOPAMS/Toystack/dopams-backend-staging/node_modules/aws-sdk/clients/datazone.tsx' does not exist.
File 'd:/DOPAMS/Toystack/dopams-backend-staging/node_modules/aws-sdk/clients/datazone.d.ts' exists - use it as a name resolution result.
File 'd:/DOPAMS/Toystack/dopams-backend-staging/node_modules/aws-sdk/package.json' exists according to earlier cached lookups.
======== Module name './datazone' was successfully resolved to 'd:/DOPAMS/Toystack/dopams-backend-staging/node_modules/aws-sdk/clients/datazone.d.ts' with Package ID 'aws-sdk/clients/datazone.d.ts@2.1693.0'. ========
======== Resolving module './launchwizard' from 'd:/DOPAMS/Toystack/dopams-backend-staging/node_modules/aws-sdk/clients/all.d.ts'. ========
Explicitly specified module resolution kind: 'Node10'.
Loading module as file / folder, candidate module location 'd:/DOPAMS/Toystack/dopams-backend-staging/node_modules/aws-sdk/clients/launchwizard', target file types: TypeScript, Declaration.
File 'd:/DOPAMS/Toystack/dopams-backend-staging/node_modules/aws-sdk/clients/launchwizard.ts' does not exist.
File 'd:/DOPAMS/Toystack/dopams-backend-staging/node_modules/aws-sdk/clients/launchwizard.tsx' does not exist.
File 'd:/DOPAMS/Toystack/dopams-backend-staging/node_modules/aws-sdk/clients/launchwizard.d.ts' exists - use it as a name resolution result.
File 'd:/DOPAMS/Toystack/dopams-backend-staging/node_modules/aws-sdk/package.json' exists according to earlier cached lookups.
======== Module name './launchwizard' was successfully resolved to 'd:/DOPAMS/Toystack/dopams-backend-staging/node_modules/aws-sdk/clients/launchwizard.d.ts' with Package ID 'aws-sdk/clients/launchwizard.d.ts@2.1693.0'. ========
======== Resolving module './trustedadvisor' from 'd:/DOPAMS/Toystack/dopams-backend-staging/node_modules/aws-sdk/clients/all.d.ts'. ========
Explicitly specified module resolution kind: 'Node10'.
Loading module as file / folder, candidate module location 'd:/DOPAMS/Toystack/dopams-backend-staging/node_modules/aws-sdk/clients/trustedadvisor', target file types: TypeScript, Declaration.
File 'd:/DOPAMS/Toystack/dopams-backend-staging/node_modules/aws-sdk/clients/trustedadvisor.ts' does not exist.
File 'd:/DOPAMS/Toystack/dopams-backend-staging/node_modules/aws-sdk/clients/trustedadvisor.tsx' does not exist.
File 'd:/DOPAMS/Toystack/dopams-backend-staging/node_modules/aws-sdk/clients/trustedadvisor.d.ts' exists - use it as a name resolution result.
File 'd:/DOPAMS/Toystack/dopams-backend-staging/node_modules/aws-sdk/package.json' exists according to earlier cached lookups.
======== Module name './trustedadvisor' was successfully resolved to 'd:/DOPAMS/Toystack/dopams-backend-staging/node_modules/aws-sdk/clients/trustedadvisor.d.ts' with Package ID 'aws-sdk/clients/trustedadvisor.d.ts@2.1693.0'. ========
======== Resolving module './inspectorscan' from 'd:/DOPAMS/Toystack/dopams-backend-staging/node_modules/aws-sdk/clients/all.d.ts'. ========
Explicitly specified module resolution kind: 'Node10'.
Loading module as file / folder, candidate module location 'd:/DOPAMS/Toystack/dopams-backend-staging/node_modules/aws-sdk/clients/inspectorscan', target file types: TypeScript, Declaration.
File 'd:/DOPAMS/Toystack/dopams-backend-staging/node_modules/aws-sdk/clients/inspectorscan.ts' does not exist.
File 'd:/DOPAMS/Toystack/dopams-backend-staging/node_modules/aws-sdk/clients/inspectorscan.tsx' does not exist.
File 'd:/DOPAMS/Toystack/dopams-backend-staging/node_modules/aws-sdk/clients/inspectorscan.d.ts' exists - use it as a name resolution result.
File 'd:/DOPAMS/Toystack/dopams-backend-staging/node_modules/aws-sdk/package.json' exists according to earlier cached lookups.
======== Module name './inspectorscan' was successfully resolved to 'd:/DOPAMS/Toystack/dopams-backend-staging/node_modules/aws-sdk/clients/inspectorscan.d.ts' with Package ID 'aws-sdk/clients/inspectorscan.d.ts@2.1693.0'. ========
======== Resolving module './bcmdataexports' from 'd:/DOPAMS/Toystack/dopams-backend-staging/node_modules/aws-sdk/clients/all.d.ts'. ========
Explicitly specified module resolution kind: 'Node10'.
Loading module as file / folder, candidate module location 'd:/DOPAMS/Toystack/dopams-backend-staging/node_modules/aws-sdk/clients/bcmdataexports', target file types: TypeScript, Declaration.
File 'd:/DOPAMS/Toystack/dopams-backend-staging/node_modules/aws-sdk/clients/bcmdataexports.ts' does not exist.
File 'd:/DOPAMS/Toystack/dopams-backend-staging/node_modules/aws-sdk/clients/bcmdataexports.tsx' does not exist.
File 'd:/DOPAMS/Toystack/dopams-backend-staging/node_modules/aws-sdk/clients/bcmdataexports.d.ts' exists - use it as a name resolution result.
File 'd:/DOPAMS/Toystack/dopams-backend-staging/node_modules/aws-sdk/package.json' exists according to earlier cached lookups.
======== Module name './bcmdataexports' was successfully resolved to 'd:/DOPAMS/Toystack/dopams-backend-staging/node_modules/aws-sdk/clients/bcmdataexports.d.ts' with Package ID 'aws-sdk/clients/bcmdataexports.d.ts@2.1693.0'. ========
======== Resolving module './costoptimizationhub' from 'd:/DOPAMS/Toystack/dopams-backend-staging/node_modules/aws-sdk/clients/all.d.ts'. ========
Explicitly specified module resolution kind: 'Node10'.
Loading module as file / folder, candidate module location 'd:/DOPAMS/Toystack/dopams-backend-staging/node_modules/aws-sdk/clients/costoptimizationhub', target file types: TypeScript, Declaration.
File 'd:/DOPAMS/Toystack/dopams-backend-staging/node_modules/aws-sdk/clients/costoptimizationhub.ts' does not exist.
File 'd:/DOPAMS/Toystack/dopams-backend-staging/node_modules/aws-sdk/clients/costoptimizationhub.tsx' does not exist.
File 'd:/DOPAMS/Toystack/dopams-backend-staging/node_modules/aws-sdk/clients/costoptimizationhub.d.ts' exists - use it as a name resolution result.
File 'd:/DOPAMS/Toystack/dopams-backend-staging/node_modules/aws-sdk/package.json' exists according to earlier cached lookups.
======== Module name './costoptimizationhub' was successfully resolved to 'd:/DOPAMS/Toystack/dopams-backend-staging/node_modules/aws-sdk/clients/costoptimizationhub.d.ts' with Package ID 'aws-sdk/clients/costoptimizationhub.d.ts@2.1693.0'. ========
======== Resolving module './eksauth' from 'd:/DOPAMS/Toystack/dopams-backend-staging/node_modules/aws-sdk/clients/all.d.ts'. ========
Explicitly specified module resolution kind: 'Node10'.
Loading module as file / folder, candidate module location 'd:/DOPAMS/Toystack/dopams-backend-staging/node_modules/aws-sdk/clients/eksauth', target file types: TypeScript, Declaration.
File 'd:/DOPAMS/Toystack/dopams-backend-staging/node_modules/aws-sdk/clients/eksauth.ts' does not exist.
File 'd:/DOPAMS/Toystack/dopams-backend-staging/node_modules/aws-sdk/clients/eksauth.tsx' does not exist.
File 'd:/DOPAMS/Toystack/dopams-backend-staging/node_modules/aws-sdk/clients/eksauth.d.ts' exists - use it as a name resolution result.
File 'd:/DOPAMS/Toystack/dopams-backend-staging/node_modules/aws-sdk/package.json' exists according to earlier cached lookups.
======== Module name './eksauth' was successfully resolved to 'd:/DOPAMS/Toystack/dopams-backend-staging/node_modules/aws-sdk/clients/eksauth.d.ts' with Package ID 'aws-sdk/clients/eksauth.d.ts@2.1693.0'. ========
======== Resolving module './freetier' from 'd:/DOPAMS/Toystack/dopams-backend-staging/node_modules/aws-sdk/clients/all.d.ts'. ========
Explicitly specified module resolution kind: 'Node10'.
Loading module as file / folder, candidate module location 'd:/DOPAMS/Toystack/dopams-backend-staging/node_modules/aws-sdk/clients/freetier', target file types: TypeScript, Declaration.
File 'd:/DOPAMS/Toystack/dopams-backend-staging/node_modules/aws-sdk/clients/freetier.ts' does not exist.
File 'd:/DOPAMS/Toystack/dopams-backend-staging/node_modules/aws-sdk/clients/freetier.tsx' does not exist.
File 'd:/DOPAMS/Toystack/dopams-backend-staging/node_modules/aws-sdk/clients/freetier.d.ts' exists - use it as a name resolution result.
File 'd:/DOPAMS/Toystack/dopams-backend-staging/node_modules/aws-sdk/package.json' exists according to earlier cached lookups.
======== Module name './freetier' was successfully resolved to 'd:/DOPAMS/Toystack/dopams-backend-staging/node_modules/aws-sdk/clients/freetier.d.ts' with Package ID 'aws-sdk/clients/freetier.d.ts@2.1693.0'. ========
======== Resolving module './repostspace' from 'd:/DOPAMS/Toystack/dopams-backend-staging/node_modules/aws-sdk/clients/all.d.ts'. ========
Explicitly specified module resolution kind: 'Node10'.
Loading module as file / folder, candidate module location 'd:/DOPAMS/Toystack/dopams-backend-staging/node_modules/aws-sdk/clients/repostspace', target file types: TypeScript, Declaration.
File 'd:/DOPAMS/Toystack/dopams-backend-staging/node_modules/aws-sdk/clients/repostspace.ts' does not exist.
File 'd:/DOPAMS/Toystack/dopams-backend-staging/node_modules/aws-sdk/clients/repostspace.tsx' does not exist.
File 'd:/DOPAMS/Toystack/dopams-backend-staging/node_modules/aws-sdk/clients/repostspace.d.ts' exists - use it as a name resolution result.
File 'd:/DOPAMS/Toystack/dopams-backend-staging/node_modules/aws-sdk/package.json' exists according to earlier cached lookups.
======== Module name './repostspace' was successfully resolved to 'd:/DOPAMS/Toystack/dopams-backend-staging/node_modules/aws-sdk/clients/repostspace.d.ts' with Package ID 'aws-sdk/clients/repostspace.d.ts@2.1693.0'. ========
======== Resolving module './workspacesthinclient' from 'd:/DOPAMS/Toystack/dopams-backend-staging/node_modules/aws-sdk/clients/all.d.ts'. ========
Explicitly specified module resolution kind: 'Node10'.
Loading module as file / folder, candidate module location 'd:/DOPAMS/Toystack/dopams-backend-staging/node_modules/aws-sdk/clients/workspacesthinclient', target file types: TypeScript, Declaration.
File 'd:/DOPAMS/Toystack/dopams-backend-staging/node_modules/aws-sdk/clients/workspacesthinclient.ts' does not exist.
File 'd:/DOPAMS/Toystack/dopams-backend-staging/node_modules/aws-sdk/clients/workspacesthinclient.tsx' does not exist.
File 'd:/DOPAMS/Toystack/dopams-backend-staging/node_modules/aws-sdk/clients/workspacesthinclient.d.ts' exists - use it as a name resolution result.
File 'd:/DOPAMS/Toystack/dopams-backend-staging/node_modules/aws-sdk/package.json' exists according to earlier cached lookups.
======== Module name './workspacesthinclient' was successfully resolved to 'd:/DOPAMS/Toystack/dopams-backend-staging/node_modules/aws-sdk/clients/workspacesthinclient.d.ts' with Package ID 'aws-sdk/clients/workspacesthinclient.d.ts@2.1693.0'. ========
======== Resolving module './b2bi' from 'd:/DOPAMS/Toystack/dopams-backend-staging/node_modules/aws-sdk/clients/all.d.ts'. ========
Explicitly specified module resolution kind: 'Node10'.
Loading module as file / folder, candidate module location 'd:/DOPAMS/Toystack/dopams-backend-staging/node_modules/aws-sdk/clients/b2bi', target file types: TypeScript, Declaration.
File 'd:/DOPAMS/Toystack/dopams-backend-staging/node_modules/aws-sdk/clients/b2bi.ts' does not exist.
File 'd:/DOPAMS/Toystack/dopams-backend-staging/node_modules/aws-sdk/clients/b2bi.tsx' does not exist.
File 'd:/DOPAMS/Toystack/dopams-backend-staging/node_modules/aws-sdk/clients/b2bi.d.ts' exists - use it as a name resolution result.
File 'd:/DOPAMS/Toystack/dopams-backend-staging/node_modules/aws-sdk/package.json' exists according to earlier cached lookups.
======== Module name './b2bi' was successfully resolved to 'd:/DOPAMS/Toystack/dopams-backend-staging/node_modules/aws-sdk/clients/b2bi.d.ts' with Package ID 'aws-sdk/clients/b2bi.d.ts@2.1693.0'. ========
======== Resolving module './bedrockagent' from 'd:/DOPAMS/Toystack/dopams-backend-staging/node_modules/aws-sdk/clients/all.d.ts'. ========
Explicitly specified module resolution kind: 'Node10'.
Loading module as file / folder, candidate module location 'd:/DOPAMS/Toystack/dopams-backend-staging/node_modules/aws-sdk/clients/bedrockagent', target file types: TypeScript, Declaration.
File 'd:/DOPAMS/Toystack/dopams-backend-staging/node_modules/aws-sdk/clients/bedrockagent.ts' does not exist.
File 'd:/DOPAMS/Toystack/dopams-backend-staging/node_modules/aws-sdk/clients/bedrockagent.tsx' does not exist.
File 'd:/DOPAMS/Toystack/dopams-backend-staging/node_modules/aws-sdk/clients/bedrockagent.d.ts' exists - use it as a name resolution result.
File 'd:/DOPAMS/Toystack/dopams-backend-staging/node_modules/aws-sdk/package.json' exists according to earlier cached lookups.
======== Module name './bedrockagent' was successfully resolved to 'd:/DOPAMS/Toystack/dopams-backend-staging/node_modules/aws-sdk/clients/bedrockagent.d.ts' with Package ID 'aws-sdk/clients/bedrockagent.d.ts@2.1693.0'. ========
======== Resolving module './bedrockagentruntime' from 'd:/DOPAMS/Toystack/dopams-backend-staging/node_modules/aws-sdk/clients/all.d.ts'. ========
Explicitly specified module resolution kind: 'Node10'.
Loading module as file / folder, candidate module location 'd:/DOPAMS/Toystack/dopams-backend-staging/node_modules/aws-sdk/clients/bedrockagentruntime', target file types: TypeScript, Declaration.
File 'd:/DOPAMS/Toystack/dopams-backend-staging/node_modules/aws-sdk/clients/bedrockagentruntime.ts' does not exist.
File 'd:/DOPAMS/Toystack/dopams-backend-staging/node_modules/aws-sdk/clients/bedrockagentruntime.tsx' does not exist.
File 'd:/DOPAMS/Toystack/dopams-backend-staging/node_modules/aws-sdk/clients/bedrockagentruntime.d.ts' exists - use it as a name resolution result.
File 'd:/DOPAMS/Toystack/dopams-backend-staging/node_modules/aws-sdk/package.json' exists according to earlier cached lookups.
======== Module name './bedrockagentruntime' was successfully resolved to 'd:/DOPAMS/Toystack/dopams-backend-staging/node_modules/aws-sdk/clients/bedrockagentruntime.d.ts' with Package ID 'aws-sdk/clients/bedrockagentruntime.d.ts@2.1693.0'. ========
======== Resolving module './qbusiness' from 'd:/DOPAMS/Toystack/dopams-backend-staging/node_modules/aws-sdk/clients/all.d.ts'. ========
Explicitly specified module resolution kind: 'Node10'.
Loading module as file / folder, candidate module location 'd:/DOPAMS/Toystack/dopams-backend-staging/node_modules/aws-sdk/clients/qbusiness', target file types: TypeScript, Declaration.
File 'd:/DOPAMS/Toystack/dopams-backend-staging/node_modules/aws-sdk/clients/qbusiness.ts' does not exist.
File 'd:/DOPAMS/Toystack/dopams-backend-staging/node_modules/aws-sdk/clients/qbusiness.tsx' does not exist.
File 'd:/DOPAMS/Toystack/dopams-backend-staging/node_modules/aws-sdk/clients/qbusiness.d.ts' exists - use it as a name resolution result.
File 'd:/DOPAMS/Toystack/dopams-backend-staging/node_modules/aws-sdk/package.json' exists according to earlier cached lookups.
======== Module name './qbusiness' was successfully resolved to 'd:/DOPAMS/Toystack/dopams-backend-staging/node_modules/aws-sdk/clients/qbusiness.d.ts' with Package ID 'aws-sdk/clients/qbusiness.d.ts@2.1693.0'. ========
======== Resolving module './qconnect' from 'd:/DOPAMS/Toystack/dopams-backend-staging/node_modules/aws-sdk/clients/all.d.ts'. ========
Explicitly specified module resolution kind: 'Node10'.
Loading module as file / folder, candidate module location 'd:/DOPAMS/Toystack/dopams-backend-staging/node_modules/aws-sdk/clients/qconnect', target file types: TypeScript, Declaration.
File 'd:/DOPAMS/Toystack/dopams-backend-staging/node_modules/aws-sdk/clients/qconnect.ts' does not exist.
File 'd:/DOPAMS/Toystack/dopams-backend-staging/node_modules/aws-sdk/clients/qconnect.tsx' does not exist.
File 'd:/DOPAMS/Toystack/dopams-backend-staging/node_modules/aws-sdk/clients/qconnect.d.ts' exists - use it as a name resolution result.
File 'd:/DOPAMS/Toystack/dopams-backend-staging/node_modules/aws-sdk/package.json' exists according to earlier cached lookups.
======== Module name './qconnect' was successfully resolved to 'd:/DOPAMS/Toystack/dopams-backend-staging/node_modules/aws-sdk/clients/qconnect.d.ts' with Package ID 'aws-sdk/clients/qconnect.d.ts@2.1693.0'. ========
======== Resolving module './cleanroomsml' from 'd:/DOPAMS/Toystack/dopams-backend-staging/node_modules/aws-sdk/clients/all.d.ts'. ========
Explicitly specified module resolution kind: 'Node10'.
Loading module as file / folder, candidate module location 'd:/DOPAMS/Toystack/dopams-backend-staging/node_modules/aws-sdk/clients/cleanroomsml', target file types: TypeScript, Declaration.
File 'd:/DOPAMS/Toystack/dopams-backend-staging/node_modules/aws-sdk/clients/cleanroomsml.ts' does not exist.
File 'd:/DOPAMS/Toystack/dopams-backend-staging/node_modules/aws-sdk/clients/cleanroomsml.tsx' does not exist.
File 'd:/DOPAMS/Toystack/dopams-backend-staging/node_modules/aws-sdk/clients/cleanroomsml.d.ts' exists - use it as a name resolution result.
File 'd:/DOPAMS/Toystack/dopams-backend-staging/node_modules/aws-sdk/package.json' exists according to earlier cached lookups.
======== Module name './cleanroomsml' was successfully resolved to 'd:/DOPAMS/Toystack/dopams-backend-staging/node_modules/aws-sdk/clients/cleanroomsml.d.ts' with Package ID 'aws-sdk/clients/cleanroomsml.d.ts@2.1693.0'. ========
======== Resolving module './marketplaceagreement' from 'd:/DOPAMS/Toystack/dopams-backend-staging/node_modules/aws-sdk/clients/all.d.ts'. ========
Explicitly specified module resolution kind: 'Node10'.
Loading module as file / folder, candidate module location 'd:/DOPAMS/Toystack/dopams-backend-staging/node_modules/aws-sdk/clients/marketplaceagreement', target file types: TypeScript, Declaration.
File 'd:/DOPAMS/Toystack/dopams-backend-staging/node_modules/aws-sdk/clients/marketplaceagreement.ts' does not exist.
File 'd:/DOPAMS/Toystack/dopams-backend-staging/node_modules/aws-sdk/clients/marketplaceagreement.tsx' does not exist.
File 'd:/DOPAMS/Toystack/dopams-backend-staging/node_modules/aws-sdk/clients/marketplaceagreement.d.ts' exists - use it as a name resolution result.
File 'd:/DOPAMS/Toystack/dopams-backend-staging/node_modules/aws-sdk/package.json' exists according to earlier cached lookups.
======== Module name './marketplaceagreement' was successfully resolved to 'd:/DOPAMS/Toystack/dopams-backend-staging/node_modules/aws-sdk/clients/marketplaceagreement.d.ts' with Package ID 'aws-sdk/clients/marketplaceagreement.d.ts@2.1693.0'. ========
======== Resolving module './marketplacedeployment' from 'd:/DOPAMS/Toystack/dopams-backend-staging/node_modules/aws-sdk/clients/all.d.ts'. ========
Explicitly specified module resolution kind: 'Node10'.
Loading module as file / folder, candidate module location 'd:/DOPAMS/Toystack/dopams-backend-staging/node_modules/aws-sdk/clients/marketplacedeployment', target file types: TypeScript, Declaration.
File 'd:/DOPAMS/Toystack/dopams-backend-staging/node_modules/aws-sdk/clients/marketplacedeployment.ts' does not exist.
File 'd:/DOPAMS/Toystack/dopams-backend-staging/node_modules/aws-sdk/clients/marketplacedeployment.tsx' does not exist.
File 'd:/DOPAMS/Toystack/dopams-backend-staging/node_modules/aws-sdk/clients/marketplacedeployment.d.ts' exists - use it as a name resolution result.
File 'd:/DOPAMS/Toystack/dopams-backend-staging/node_modules/aws-sdk/package.json' exists according to earlier cached lookups.
======== Module name './marketplacedeployment' was successfully resolved to 'd:/DOPAMS/Toystack/dopams-backend-staging/node_modules/aws-sdk/clients/marketplacedeployment.d.ts' with Package ID 'aws-sdk/clients/marketplacedeployment.d.ts@2.1693.0'. ========
======== Resolving module './networkmonitor' from 'd:/DOPAMS/Toystack/dopams-backend-staging/node_modules/aws-sdk/clients/all.d.ts'. ========
Explicitly specified module resolution kind: 'Node10'.
Loading module as file / folder, candidate module location 'd:/DOPAMS/Toystack/dopams-backend-staging/node_modules/aws-sdk/clients/networkmonitor', target file types: TypeScript, Declaration.
File 'd:/DOPAMS/Toystack/dopams-backend-staging/node_modules/aws-sdk/clients/networkmonitor.ts' does not exist.
File 'd:/DOPAMS/Toystack/dopams-backend-staging/node_modules/aws-sdk/clients/networkmonitor.tsx' does not exist.
File 'd:/DOPAMS/Toystack/dopams-backend-staging/node_modules/aws-sdk/clients/networkmonitor.d.ts' exists - use it as a name resolution result.
File 'd:/DOPAMS/Toystack/dopams-backend-staging/node_modules/aws-sdk/package.json' exists according to earlier cached lookups.
======== Module name './networkmonitor' was successfully resolved to 'd:/DOPAMS/Toystack/dopams-backend-staging/node_modules/aws-sdk/clients/networkmonitor.d.ts' with Package ID 'aws-sdk/clients/networkmonitor.d.ts@2.1693.0'. ========
======== Resolving module './supplychain' from 'd:/DOPAMS/Toystack/dopams-backend-staging/node_modules/aws-sdk/clients/all.d.ts'. ========
Explicitly specified module resolution kind: 'Node10'.
Loading module as file / folder, candidate module location 'd:/DOPAMS/Toystack/dopams-backend-staging/node_modules/aws-sdk/clients/supplychain', target file types: TypeScript, Declaration.
File 'd:/DOPAMS/Toystack/dopams-backend-staging/node_modules/aws-sdk/clients/supplychain.ts' does not exist.
File 'd:/DOPAMS/Toystack/dopams-backend-staging/node_modules/aws-sdk/clients/supplychain.tsx' does not exist.
File 'd:/DOPAMS/Toystack/dopams-backend-staging/node_modules/aws-sdk/clients/supplychain.d.ts' exists - use it as a name resolution result.
File 'd:/DOPAMS/Toystack/dopams-backend-staging/node_modules/aws-sdk/package.json' exists according to earlier cached lookups.
======== Module name './supplychain' was successfully resolved to 'd:/DOPAMS/Toystack/dopams-backend-staging/node_modules/aws-sdk/clients/supplychain.d.ts' with Package ID 'aws-sdk/clients/supplychain.d.ts@2.1693.0'. ========
======== Resolving module './artifact' from 'd:/DOPAMS/Toystack/dopams-backend-staging/node_modules/aws-sdk/clients/all.d.ts'. ========
Explicitly specified module resolution kind: 'Node10'.
Loading module as file / folder, candidate module location 'd:/DOPAMS/Toystack/dopams-backend-staging/node_modules/aws-sdk/clients/artifact', target file types: TypeScript, Declaration.
File 'd:/DOPAMS/Toystack/dopams-backend-staging/node_modules/aws-sdk/clients/artifact.ts' does not exist.
File 'd:/DOPAMS/Toystack/dopams-backend-staging/node_modules/aws-sdk/clients/artifact.tsx' does not exist.
File 'd:/DOPAMS/Toystack/dopams-backend-staging/node_modules/aws-sdk/clients/artifact.d.ts' exists - use it as a name resolution result.
File 'd:/DOPAMS/Toystack/dopams-backend-staging/node_modules/aws-sdk/package.json' exists according to earlier cached lookups.
======== Module name './artifact' was successfully resolved to 'd:/DOPAMS/Toystack/dopams-backend-staging/node_modules/aws-sdk/clients/artifact.d.ts' with Package ID 'aws-sdk/clients/artifact.d.ts@2.1693.0'. ========
======== Resolving module './chatbot' from 'd:/DOPAMS/Toystack/dopams-backend-staging/node_modules/aws-sdk/clients/all.d.ts'. ========
Explicitly specified module resolution kind: 'Node10'.
Loading module as file / folder, candidate module location 'd:/DOPAMS/Toystack/dopams-backend-staging/node_modules/aws-sdk/clients/chatbot', target file types: TypeScript, Declaration.
File 'd:/DOPAMS/Toystack/dopams-backend-staging/node_modules/aws-sdk/clients/chatbot.ts' does not exist.
File 'd:/DOPAMS/Toystack/dopams-backend-staging/node_modules/aws-sdk/clients/chatbot.tsx' does not exist.
File 'd:/DOPAMS/Toystack/dopams-backend-staging/node_modules/aws-sdk/clients/chatbot.d.ts' exists - use it as a name resolution result.
File 'd:/DOPAMS/Toystack/dopams-backend-staging/node_modules/aws-sdk/package.json' exists according to earlier cached lookups.
======== Module name './chatbot' was successfully resolved to 'd:/DOPAMS/Toystack/dopams-backend-staging/node_modules/aws-sdk/clients/chatbot.d.ts' with Package ID 'aws-sdk/clients/chatbot.d.ts@2.1693.0'. ========
======== Resolving module './timestreaminfluxdb' from 'd:/DOPAMS/Toystack/dopams-backend-staging/node_modules/aws-sdk/clients/all.d.ts'. ========
Explicitly specified module resolution kind: 'Node10'.
Loading module as file / folder, candidate module location 'd:/DOPAMS/Toystack/dopams-backend-staging/node_modules/aws-sdk/clients/timestreaminfluxdb', target file types: TypeScript, Declaration.
File 'd:/DOPAMS/Toystack/dopams-backend-staging/node_modules/aws-sdk/clients/timestreaminfluxdb.ts' does not exist.
File 'd:/DOPAMS/Toystack/dopams-backend-staging/node_modules/aws-sdk/clients/timestreaminfluxdb.tsx' does not exist.
File 'd:/DOPAMS/Toystack/dopams-backend-staging/node_modules/aws-sdk/clients/timestreaminfluxdb.d.ts' exists - use it as a name resolution result.
File 'd:/DOPAMS/Toystack/dopams-backend-staging/node_modules/aws-sdk/package.json' exists according to earlier cached lookups.
======== Module name './timestreaminfluxdb' was successfully resolved to 'd:/DOPAMS/Toystack/dopams-backend-staging/node_modules/aws-sdk/clients/timestreaminfluxdb.d.ts' with Package ID 'aws-sdk/clients/timestreaminfluxdb.d.ts@2.1693.0'. ========
======== Resolving module './codeconnections' from 'd:/DOPAMS/Toystack/dopams-backend-staging/node_modules/aws-sdk/clients/all.d.ts'. ========
Explicitly specified module resolution kind: 'Node10'.
Loading module as file / folder, candidate module location 'd:/DOPAMS/Toystack/dopams-backend-staging/node_modules/aws-sdk/clients/codeconnections', target file types: TypeScript, Declaration.
File 'd:/DOPAMS/Toystack/dopams-backend-staging/node_modules/aws-sdk/clients/codeconnections.ts' does not exist.
File 'd:/DOPAMS/Toystack/dopams-backend-staging/node_modules/aws-sdk/clients/codeconnections.tsx' does not exist.
File 'd:/DOPAMS/Toystack/dopams-backend-staging/node_modules/aws-sdk/clients/codeconnections.d.ts' exists - use it as a name resolution result.
File 'd:/DOPAMS/Toystack/dopams-backend-staging/node_modules/aws-sdk/package.json' exists according to earlier cached lookups.
======== Module name './codeconnections' was successfully resolved to 'd:/DOPAMS/Toystack/dopams-backend-staging/node_modules/aws-sdk/clients/codeconnections.d.ts' with Package ID 'aws-sdk/clients/codeconnections.d.ts@2.1693.0'. ========
======== Resolving module './deadline' from 'd:/DOPAMS/Toystack/dopams-backend-staging/node_modules/aws-sdk/clients/all.d.ts'. ========
Explicitly specified module resolution kind: 'Node10'.
Loading module as file / folder, candidate module location 'd:/DOPAMS/Toystack/dopams-backend-staging/node_modules/aws-sdk/clients/deadline', target file types: TypeScript, Declaration.
File 'd:/DOPAMS/Toystack/dopams-backend-staging/node_modules/aws-sdk/clients/deadline.ts' does not exist.
File 'd:/DOPAMS/Toystack/dopams-backend-staging/node_modules/aws-sdk/clients/deadline.tsx' does not exist.
File 'd:/DOPAMS/Toystack/dopams-backend-staging/node_modules/aws-sdk/clients/deadline.d.ts' exists - use it as a name resolution result.
File 'd:/DOPAMS/Toystack/dopams-backend-staging/node_modules/aws-sdk/package.json' exists according to earlier cached lookups.
======== Module name './deadline' was successfully resolved to 'd:/DOPAMS/Toystack/dopams-backend-staging/node_modules/aws-sdk/clients/deadline.d.ts' with Package ID 'aws-sdk/clients/deadline.d.ts@2.1693.0'. ========
======== Resolving module './controlcatalog' from 'd:/DOPAMS/Toystack/dopams-backend-staging/node_modules/aws-sdk/clients/all.d.ts'. ========
Explicitly specified module resolution kind: 'Node10'.
Loading module as file / folder, candidate module location 'd:/DOPAMS/Toystack/dopams-backend-staging/node_modules/aws-sdk/clients/controlcatalog', target file types: TypeScript, Declaration.
File 'd:/DOPAMS/Toystack/dopams-backend-staging/node_modules/aws-sdk/clients/controlcatalog.ts' does not exist.
File 'd:/DOPAMS/Toystack/dopams-backend-staging/node_modules/aws-sdk/clients/controlcatalog.tsx' does not exist.
File 'd:/DOPAMS/Toystack/dopams-backend-staging/node_modules/aws-sdk/clients/controlcatalog.d.ts' exists - use it as a name resolution result.
File 'd:/DOPAMS/Toystack/dopams-backend-staging/node_modules/aws-sdk/package.json' exists according to earlier cached lookups.
======== Module name './controlcatalog' was successfully resolved to 'd:/DOPAMS/Toystack/dopams-backend-staging/node_modules/aws-sdk/clients/controlcatalog.d.ts' with Package ID 'aws-sdk/clients/controlcatalog.d.ts@2.1693.0'. ========
======== Resolving module './route53profiles' from 'd:/DOPAMS/Toystack/dopams-backend-staging/node_modules/aws-sdk/clients/all.d.ts'. ========
Explicitly specified module resolution kind: 'Node10'.
Loading module as file / folder, candidate module location 'd:/DOPAMS/Toystack/dopams-backend-staging/node_modules/aws-sdk/clients/route53profiles', target file types: TypeScript, Declaration.
File 'd:/DOPAMS/Toystack/dopams-backend-staging/node_modules/aws-sdk/clients/route53profiles.ts' does not exist.
File 'd:/DOPAMS/Toystack/dopams-backend-staging/node_modules/aws-sdk/clients/route53profiles.tsx' does not exist.
File 'd:/DOPAMS/Toystack/dopams-backend-staging/node_modules/aws-sdk/clients/route53profiles.d.ts' exists - use it as a name resolution result.
File 'd:/DOPAMS/Toystack/dopams-backend-staging/node_modules/aws-sdk/package.json' exists according to earlier cached lookups.
======== Module name './route53profiles' was successfully resolved to 'd:/DOPAMS/Toystack/dopams-backend-staging/node_modules/aws-sdk/clients/route53profiles.d.ts' with Package ID 'aws-sdk/clients/route53profiles.d.ts@2.1693.0'. ========
======== Resolving module './mailmanager' from 'd:/DOPAMS/Toystack/dopams-backend-staging/node_modules/aws-sdk/clients/all.d.ts'. ========
Explicitly specified module resolution kind: 'Node10'.
Loading module as file / folder, candidate module location 'd:/DOPAMS/Toystack/dopams-backend-staging/node_modules/aws-sdk/clients/mailmanager', target file types: TypeScript, Declaration.
File 'd:/DOPAMS/Toystack/dopams-backend-staging/node_modules/aws-sdk/clients/mailmanager.ts' does not exist.
File 'd:/DOPAMS/Toystack/dopams-backend-staging/node_modules/aws-sdk/clients/mailmanager.tsx' does not exist.
File 'd:/DOPAMS/Toystack/dopams-backend-staging/node_modules/aws-sdk/clients/mailmanager.d.ts' exists - use it as a name resolution result.
File 'd:/DOPAMS/Toystack/dopams-backend-staging/node_modules/aws-sdk/package.json' exists according to earlier cached lookups.
======== Module name './mailmanager' was successfully resolved to 'd:/DOPAMS/Toystack/dopams-backend-staging/node_modules/aws-sdk/clients/mailmanager.d.ts' with Package ID 'aws-sdk/clients/mailmanager.d.ts@2.1693.0'. ========
======== Resolving module './taxsettings' from 'd:/DOPAMS/Toystack/dopams-backend-staging/node_modules/aws-sdk/clients/all.d.ts'. ========
Explicitly specified module resolution kind: 'Node10'.
Loading module as file / folder, candidate module location 'd:/DOPAMS/Toystack/dopams-backend-staging/node_modules/aws-sdk/clients/taxsettings', target file types: TypeScript, Declaration.
File 'd:/DOPAMS/Toystack/dopams-backend-staging/node_modules/aws-sdk/clients/taxsettings.ts' does not exist.
File 'd:/DOPAMS/Toystack/dopams-backend-staging/node_modules/aws-sdk/clients/taxsettings.tsx' does not exist.
File 'd:/DOPAMS/Toystack/dopams-backend-staging/node_modules/aws-sdk/clients/taxsettings.d.ts' exists - use it as a name resolution result.
File 'd:/DOPAMS/Toystack/dopams-backend-staging/node_modules/aws-sdk/package.json' exists according to earlier cached lookups.
======== Module name './taxsettings' was successfully resolved to 'd:/DOPAMS/Toystack/dopams-backend-staging/node_modules/aws-sdk/clients/taxsettings.d.ts' with Package ID 'aws-sdk/clients/taxsettings.d.ts@2.1693.0'. ========
======== Resolving module './applicationsignals' from 'd:/DOPAMS/Toystack/dopams-backend-staging/node_modules/aws-sdk/clients/all.d.ts'. ========
Explicitly specified module resolution kind: 'Node10'.
Loading module as file / folder, candidate module location 'd:/DOPAMS/Toystack/dopams-backend-staging/node_modules/aws-sdk/clients/applicationsignals', target file types: TypeScript, Declaration.
File 'd:/DOPAMS/Toystack/dopams-backend-staging/node_modules/aws-sdk/clients/applicationsignals.ts' does not exist.
File 'd:/DOPAMS/Toystack/dopams-backend-staging/node_modules/aws-sdk/clients/applicationsignals.tsx' does not exist.
File 'd:/DOPAMS/Toystack/dopams-backend-staging/node_modules/aws-sdk/clients/applicationsignals.d.ts' exists - use it as a name resolution result.
File 'd:/DOPAMS/Toystack/dopams-backend-staging/node_modules/aws-sdk/package.json' exists according to earlier cached lookups.
======== Module name './applicationsignals' was successfully resolved to 'd:/DOPAMS/Toystack/dopams-backend-staging/node_modules/aws-sdk/clients/applicationsignals.d.ts' with Package ID 'aws-sdk/clients/applicationsignals.d.ts@2.1693.0'. ========
======== Resolving module './pcaconnectorscep' from 'd:/DOPAMS/Toystack/dopams-backend-staging/node_modules/aws-sdk/clients/all.d.ts'. ========
Explicitly specified module resolution kind: 'Node10'.
Loading module as file / folder, candidate module location 'd:/DOPAMS/Toystack/dopams-backend-staging/node_modules/aws-sdk/clients/pcaconnectorscep', target file types: TypeScript, Declaration.
File 'd:/DOPAMS/Toystack/dopams-backend-staging/node_modules/aws-sdk/clients/pcaconnectorscep.ts' does not exist.
File 'd:/DOPAMS/Toystack/dopams-backend-staging/node_modules/aws-sdk/clients/pcaconnectorscep.tsx' does not exist.
File 'd:/DOPAMS/Toystack/dopams-backend-staging/node_modules/aws-sdk/clients/pcaconnectorscep.d.ts' exists - use it as a name resolution result.
File 'd:/DOPAMS/Toystack/dopams-backend-staging/node_modules/aws-sdk/package.json' exists according to earlier cached lookups.
======== Module name './pcaconnectorscep' was successfully resolved to 'd:/DOPAMS/Toystack/dopams-backend-staging/node_modules/aws-sdk/clients/pcaconnectorscep.d.ts' with Package ID 'aws-sdk/clients/pcaconnectorscep.d.ts@2.1693.0'. ========
======== Resolving module './apptest' from 'd:/DOPAMS/Toystack/dopams-backend-staging/node_modules/aws-sdk/clients/all.d.ts'. ========
Explicitly specified module resolution kind: 'Node10'.
Loading module as file / folder, candidate module location 'd:/DOPAMS/Toystack/dopams-backend-staging/node_modules/aws-sdk/clients/apptest', target file types: TypeScript, Declaration.
File 'd:/DOPAMS/Toystack/dopams-backend-staging/node_modules/aws-sdk/clients/apptest.ts' does not exist.
File 'd:/DOPAMS/Toystack/dopams-backend-staging/node_modules/aws-sdk/clients/apptest.tsx' does not exist.
File 'd:/DOPAMS/Toystack/dopams-backend-staging/node_modules/aws-sdk/clients/apptest.d.ts' exists - use it as a name resolution result.
File 'd:/DOPAMS/Toystack/dopams-backend-staging/node_modules/aws-sdk/package.json' exists according to earlier cached lookups.
======== Module name './apptest' was successfully resolved to 'd:/DOPAMS/Toystack/dopams-backend-staging/node_modules/aws-sdk/clients/apptest.d.ts' with Package ID 'aws-sdk/clients/apptest.d.ts@2.1693.0'. ========
======== Resolving module './qapps' from 'd:/DOPAMS/Toystack/dopams-backend-staging/node_modules/aws-sdk/clients/all.d.ts'. ========
Explicitly specified module resolution kind: 'Node10'.
Loading module as file / folder, candidate module location 'd:/DOPAMS/Toystack/dopams-backend-staging/node_modules/aws-sdk/clients/qapps', target file types: TypeScript, Declaration.
File 'd:/DOPAMS/Toystack/dopams-backend-staging/node_modules/aws-sdk/clients/qapps.ts' does not exist.
File 'd:/DOPAMS/Toystack/dopams-backend-staging/node_modules/aws-sdk/clients/qapps.tsx' does not exist.
File 'd:/DOPAMS/Toystack/dopams-backend-staging/node_modules/aws-sdk/clients/qapps.d.ts' exists - use it as a name resolution result.
File 'd:/DOPAMS/Toystack/dopams-backend-staging/node_modules/aws-sdk/package.json' exists according to earlier cached lookups.
======== Module name './qapps' was successfully resolved to 'd:/DOPAMS/Toystack/dopams-backend-staging/node_modules/aws-sdk/clients/qapps.d.ts' with Package ID 'aws-sdk/clients/qapps.d.ts@2.1693.0'. ========
======== Resolving module './ssmquicksetup' from 'd:/DOPAMS/Toystack/dopams-backend-staging/node_modules/aws-sdk/clients/all.d.ts'. ========
Explicitly specified module resolution kind: 'Node10'.
Loading module as file / folder, candidate module location 'd:/DOPAMS/Toystack/dopams-backend-staging/node_modules/aws-sdk/clients/ssmquicksetup', target file types: TypeScript, Declaration.
File 'd:/DOPAMS/Toystack/dopams-backend-staging/node_modules/aws-sdk/clients/ssmquicksetup.ts' does not exist.
File 'd:/DOPAMS/Toystack/dopams-backend-staging/node_modules/aws-sdk/clients/ssmquicksetup.tsx' does not exist.
File 'd:/DOPAMS/Toystack/dopams-backend-staging/node_modules/aws-sdk/clients/ssmquicksetup.d.ts' exists - use it as a name resolution result.
File 'd:/DOPAMS/Toystack/dopams-backend-staging/node_modules/aws-sdk/package.json' exists according to earlier cached lookups.
======== Module name './ssmquicksetup' was successfully resolved to 'd:/DOPAMS/Toystack/dopams-backend-staging/node_modules/aws-sdk/clients/ssmquicksetup.d.ts' with Package ID 'aws-sdk/clients/ssmquicksetup.d.ts@2.1693.0'. ========
======== Resolving module './pcs' from 'd:/DOPAMS/Toystack/dopams-backend-staging/node_modules/aws-sdk/clients/all.d.ts'. ========
Explicitly specified module resolution kind: 'Node10'.
Loading module as file / folder, candidate module location 'd:/DOPAMS/Toystack/dopams-backend-staging/node_modules/aws-sdk/clients/pcs', target file types: TypeScript, Declaration.
File 'd:/DOPAMS/Toystack/dopams-backend-staging/node_modules/aws-sdk/clients/pcs.ts' does not exist.
File 'd:/DOPAMS/Toystack/dopams-backend-staging/node_modules/aws-sdk/clients/pcs.tsx' does not exist.
File 'd:/DOPAMS/Toystack/dopams-backend-staging/node_modules/aws-sdk/clients/pcs.d.ts' exists - use it as a name resolution result.
File 'd:/DOPAMS/Toystack/dopams-backend-staging/node_modules/aws-sdk/package.json' exists according to earlier cached lookups.
======== Module name './pcs' was successfully resolved to 'd:/DOPAMS/Toystack/dopams-backend-staging/node_modules/aws-sdk/clients/pcs.d.ts' with Package ID 'aws-sdk/clients/pcs.d.ts@2.1693.0'. ========
File 'd:/DOPAMS/Toystack/dopams-backend-staging/node_modules/aws-sdk/clients/package.json' does not exist according to earlier cached lookups.
File 'd:/DOPAMS/Toystack/dopams-backend-staging/node_modules/aws-sdk/package.json' exists according to earlier cached lookups.
======== Resolving module '../lib/request' from 'd:/DOPAMS/Toystack/dopams-backend-staging/node_modules/aws-sdk/clients/acm.d.ts'. ========
Explicitly specified module resolution kind: 'Node10'.
Loading module as file / folder, candidate module location 'd:/DOPAMS/Toystack/dopams-backend-staging/node_modules/aws-sdk/lib/request', target file types: TypeScript, Declaration.
File 'd:/DOPAMS/Toystack/dopams-backend-staging/node_modules/aws-sdk/lib/request.ts' does not exist.
File 'd:/DOPAMS/Toystack/dopams-backend-staging/node_modules/aws-sdk/lib/request.tsx' does not exist.
File 'd:/DOPAMS/Toystack/dopams-backend-staging/node_modules/aws-sdk/lib/request.d.ts' exists - use it as a name resolution result.
File 'd:/DOPAMS/Toystack/dopams-backend-staging/node_modules/aws-sdk/package.json' exists according to earlier cached lookups.
======== Module name '../lib/request' was successfully resolved to 'd:/DOPAMS/Toystack/dopams-backend-staging/node_modules/aws-sdk/lib/request.d.ts' with Package ID 'aws-sdk/lib/request.d.ts@2.1693.0'. ========
======== Resolving module '../lib/response' from 'd:/DOPAMS/Toystack/dopams-backend-staging/node_modules/aws-sdk/clients/acm.d.ts'. ========
Explicitly specified module resolution kind: 'Node10'.
Loading module as file / folder, candidate module location 'd:/DOPAMS/Toystack/dopams-backend-staging/node_modules/aws-sdk/lib/response', target file types: TypeScript, Declaration.
File 'd:/DOPAMS/Toystack/dopams-backend-staging/node_modules/aws-sdk/lib/response.ts' does not exist.
File 'd:/DOPAMS/Toystack/dopams-backend-staging/node_modules/aws-sdk/lib/response.tsx' does not exist.
File 'd:/DOPAMS/Toystack/dopams-backend-staging/node_modules/aws-sdk/lib/response.d.ts' exists - use it as a name resolution result.
File 'd:/DOPAMS/Toystack/dopams-backend-staging/node_modules/aws-sdk/package.json' exists according to earlier cached lookups.
======== Module name '../lib/response' was successfully resolved to 'd:/DOPAMS/Toystack/dopams-backend-staging/node_modules/aws-sdk/lib/response.d.ts' with Package ID 'aws-sdk/lib/response.d.ts@2.1693.0'. ========
======== Resolving module '../lib/error' from 'd:/DOPAMS/Toystack/dopams-backend-staging/node_modules/aws-sdk/clients/acm.d.ts'. ========
Explicitly specified module resolution kind: 'Node10'.
Loading module as file / folder, candidate module location 'd:/DOPAMS/Toystack/dopams-backend-staging/node_modules/aws-sdk/lib/error', target file types: TypeScript, Declaration.
File 'd:/DOPAMS/Toystack/dopams-backend-staging/node_modules/aws-sdk/lib/error.ts' does not exist.
File 'd:/DOPAMS/Toystack/dopams-backend-staging/node_modules/aws-sdk/lib/error.tsx' does not exist.
File 'd:/DOPAMS/Toystack/dopams-backend-staging/node_modules/aws-sdk/lib/error.d.ts' exists - use it as a name resolution result.
File 'd:/DOPAMS/Toystack/dopams-backend-staging/node_modules/aws-sdk/package.json' exists according to earlier cached lookups.
======== Module name '../lib/error' was successfully resolved to 'd:/DOPAMS/Toystack/dopams-backend-staging/node_modules/aws-sdk/lib/error.d.ts' with Package ID 'aws-sdk/lib/error.d.ts@2.1693.0'. ========
======== Resolving module '../lib/service' from 'd:/DOPAMS/Toystack/dopams-backend-staging/node_modules/aws-sdk/clients/acm.d.ts'. ========
Explicitly specified module resolution kind: 'Node10'.
Loading module as file / folder, candidate module location 'd:/DOPAMS/Toystack/dopams-backend-staging/node_modules/aws-sdk/lib/service', target file types: TypeScript, Declaration.
File 'd:/DOPAMS/Toystack/dopams-backend-staging/node_modules/aws-sdk/lib/service.ts' does not exist.
File 'd:/DOPAMS/Toystack/dopams-backend-staging/node_modules/aws-sdk/lib/service.tsx' does not exist.
File 'd:/DOPAMS/Toystack/dopams-backend-staging/node_modules/aws-sdk/lib/service.d.ts' exists - use it as a name resolution result.
File 'd:/DOPAMS/Toystack/dopams-backend-staging/node_modules/aws-sdk/package.json' exists according to earlier cached lookups.
======== Module name '../lib/service' was successfully resolved to 'd:/DOPAMS/Toystack/dopams-backend-staging/node_modules/aws-sdk/lib/service.d.ts' with Package ID 'aws-sdk/lib/service.d.ts@2.1693.0'. ========
======== Resolving module '../lib/config-base' from 'd:/DOPAMS/Toystack/dopams-backend-staging/node_modules/aws-sdk/clients/acm.d.ts'. ========
Explicitly specified module resolution kind: 'Node10'.
Loading module as file / folder, candidate module location 'd:/DOPAMS/Toystack/dopams-backend-staging/node_modules/aws-sdk/lib/config-base', target file types: TypeScript, Declaration.
File 'd:/DOPAMS/Toystack/dopams-backend-staging/node_modules/aws-sdk/lib/config-base.ts' does not exist.
File 'd:/DOPAMS/Toystack/dopams-backend-staging/node_modules/aws-sdk/lib/config-base.tsx' does not exist.
File 'd:/DOPAMS/Toystack/dopams-backend-staging/node_modules/aws-sdk/lib/config-base.d.ts' exists - use it as a name resolution result.
File 'd:/DOPAMS/Toystack/dopams-backend-staging/node_modules/aws-sdk/package.json' exists according to earlier cached lookups.
======== Module name '../lib/config-base' was successfully resolved to 'd:/DOPAMS/Toystack/dopams-backend-staging/node_modules/aws-sdk/lib/config-base.d.ts' with Package ID 'aws-sdk/lib/config-base.d.ts@2.1693.0'. ========
File 'd:/DOPAMS/Toystack/dopams-backend-staging/node_modules/aws-sdk/lib/package.json' does not exist according to earlier cached lookups.
File 'd:/DOPAMS/Toystack/dopams-backend-staging/node_modules/aws-sdk/package.json' exists according to earlier cached lookups.
======== Resolving module 'stream' from 'd:/DOPAMS/Toystack/dopams-backend-staging/node_modules/aws-sdk/lib/request.d.ts'. ========
Explicitly specified module resolution kind: 'Node10'.
'baseUrl' option is set to 'd:/DOPAMS/Toystack/dopams-backend-staging/src', using this value to resolve non-relative module name 'stream'.
'paths' option is specified, looking for a pattern to match module name 'stream'.
'baseUrl' option is set to 'd:/DOPAMS/Toystack/dopams-backend-staging/src', using this value to resolve non-relative module name 'stream'.
Resolving module name 'stream' relative to base url 'd:/DOPAMS/Toystack/dopams-backend-staging/src' - 'd:/DOPAMS/Toystack/dopams-backend-staging/src/stream'.
Loading module as file / folder, candidate module location 'd:/DOPAMS/Toystack/dopams-backend-staging/src/stream', target file types: TypeScript, Declaration.
File 'd:/DOPAMS/Toystack/dopams-backend-staging/src/stream.ts' does not exist.
File 'd:/DOPAMS/Toystack/dopams-backend-staging/src/stream.tsx' does not exist.
File 'd:/DOPAMS/Toystack/dopams-backend-staging/src/stream.d.ts' does not exist.
Directory 'd:/DOPAMS/Toystack/dopams-backend-staging/src/stream' does not exist, skipping all lookups in it.
Loading module 'stream' from 'node_modules' folder, target file types: TypeScript, Declaration.
Searching all ancestor node_modules directories for preferred extensions: TypeScript, Declaration.
Directory 'd:/DOPAMS/Toystack/dopams-backend-staging/node_modules/aws-sdk/lib/node_modules' does not exist, skipping all lookups in it.
File 'd:/DOPAMS/Toystack/dopams-backend-staging/node_modules/aws-sdk/node_modules/stream.ts' does not exist.
File 'd:/DOPAMS/Toystack/dopams-backend-staging/node_modules/aws-sdk/node_modules/stream.tsx' does not exist.
File 'd:/DOPAMS/Toystack/dopams-backend-staging/node_modules/aws-sdk/node_modules/stream.d.ts' does not exist.
Directory 'd:/DOPAMS/Toystack/dopams-backend-staging/node_modules/aws-sdk/node_modules/@types' does not exist, skipping all lookups in it.
Resolution for module 'stream' was found in cache from location 'd:/DOPAMS/Toystack/dopams-backend-staging'.
======== Module name 'stream' was not resolved. ========
======== Resolving module './service' from 'd:/DOPAMS/Toystack/dopams-backend-staging/node_modules/aws-sdk/lib/request.d.ts'. ========
Explicitly specified module resolution kind: 'Node10'.
Loading module as file / folder, candidate module location 'd:/DOPAMS/Toystack/dopams-backend-staging/node_modules/aws-sdk/lib/service', target file types: TypeScript, Declaration.
File 'd:/DOPAMS/Toystack/dopams-backend-staging/node_modules/aws-sdk/lib/service.ts' does not exist.
File 'd:/DOPAMS/Toystack/dopams-backend-staging/node_modules/aws-sdk/lib/service.tsx' does not exist.
File 'd:/DOPAMS/Toystack/dopams-backend-staging/node_modules/aws-sdk/lib/service.d.ts' exists - use it as a name resolution result.
File 'd:/DOPAMS/Toystack/dopams-backend-staging/node_modules/aws-sdk/package.json' exists according to earlier cached lookups.
======== Module name './service' was successfully resolved to 'd:/DOPAMS/Toystack/dopams-backend-staging/node_modules/aws-sdk/lib/service.d.ts' with Package ID 'aws-sdk/lib/service.d.ts@2.1693.0'. ========
======== Resolving module './response' from 'd:/DOPAMS/Toystack/dopams-backend-staging/node_modules/aws-sdk/lib/request.d.ts'. ========
Explicitly specified module resolution kind: 'Node10'.
Loading module as file / folder, candidate module location 'd:/DOPAMS/Toystack/dopams-backend-staging/node_modules/aws-sdk/lib/response', target file types: TypeScript, Declaration.
File 'd:/DOPAMS/Toystack/dopams-backend-staging/node_modules/aws-sdk/lib/response.ts' does not exist.
File 'd:/DOPAMS/Toystack/dopams-backend-staging/node_modules/aws-sdk/lib/response.tsx' does not exist.
File 'd:/DOPAMS/Toystack/dopams-backend-staging/node_modules/aws-sdk/lib/response.d.ts' exists - use it as a name resolution result.
File 'd:/DOPAMS/Toystack/dopams-backend-staging/node_modules/aws-sdk/package.json' exists according to earlier cached lookups.
======== Module name './response' was successfully resolved to 'd:/DOPAMS/Toystack/dopams-backend-staging/node_modules/aws-sdk/lib/response.d.ts' with Package ID 'aws-sdk/lib/response.d.ts@2.1693.0'. ========
======== Resolving module './http_request' from 'd:/DOPAMS/Toystack/dopams-backend-staging/node_modules/aws-sdk/lib/request.d.ts'. ========
Explicitly specified module resolution kind: 'Node10'.
Loading module as file / folder, candidate module location 'd:/DOPAMS/Toystack/dopams-backend-staging/node_modules/aws-sdk/lib/http_request', target file types: TypeScript, Declaration.
File 'd:/DOPAMS/Toystack/dopams-backend-staging/node_modules/aws-sdk/lib/http_request.ts' does not exist.
File 'd:/DOPAMS/Toystack/dopams-backend-staging/node_modules/aws-sdk/lib/http_request.tsx' does not exist.
File 'd:/DOPAMS/Toystack/dopams-backend-staging/node_modules/aws-sdk/lib/http_request.d.ts' exists - use it as a name resolution result.
File 'd:/DOPAMS/Toystack/dopams-backend-staging/node_modules/aws-sdk/package.json' exists according to earlier cached lookups.
======== Module name './http_request' was successfully resolved to 'd:/DOPAMS/Toystack/dopams-backend-staging/node_modules/aws-sdk/lib/http_request.d.ts' with Package ID 'aws-sdk/lib/http_request.d.ts@2.1693.0'. ========
======== Resolving module './error' from 'd:/DOPAMS/Toystack/dopams-backend-staging/node_modules/aws-sdk/lib/request.d.ts'. ========
Explicitly specified module resolution kind: 'Node10'.
Loading module as file / folder, candidate module location 'd:/DOPAMS/Toystack/dopams-backend-staging/node_modules/aws-sdk/lib/error', target file types: TypeScript, Declaration.
File 'd:/DOPAMS/Toystack/dopams-backend-staging/node_modules/aws-sdk/lib/error.ts' does not exist.
File 'd:/DOPAMS/Toystack/dopams-backend-staging/node_modules/aws-sdk/lib/error.tsx' does not exist.
File 'd:/DOPAMS/Toystack/dopams-backend-staging/node_modules/aws-sdk/lib/error.d.ts' exists - use it as a name resolution result.
File 'd:/DOPAMS/Toystack/dopams-backend-staging/node_modules/aws-sdk/package.json' exists according to earlier cached lookups.
======== Module name './error' was successfully resolved to 'd:/DOPAMS/Toystack/dopams-backend-staging/node_modules/aws-sdk/lib/error.d.ts' with Package ID 'aws-sdk/lib/error.d.ts@2.1693.0'. ========
File 'd:/DOPAMS/Toystack/dopams-backend-staging/node_modules/aws-sdk/lib/package.json' does not exist according to earlier cached lookups.
File 'd:/DOPAMS/Toystack/dopams-backend-staging/node_modules/aws-sdk/package.json' exists according to earlier cached lookups.
======== Resolving module './request' from 'd:/DOPAMS/Toystack/dopams-backend-staging/node_modules/aws-sdk/lib/service.d.ts'. ========
Explicitly specified module resolution kind: 'Node10'.
Loading module as file / folder, candidate module location 'd:/DOPAMS/Toystack/dopams-backend-staging/node_modules/aws-sdk/lib/request', target file types: TypeScript, Declaration.
File 'd:/DOPAMS/Toystack/dopams-backend-staging/node_modules/aws-sdk/lib/request.ts' does not exist.
File 'd:/DOPAMS/Toystack/dopams-backend-staging/node_modules/aws-sdk/lib/request.tsx' does not exist.
File 'd:/DOPAMS/Toystack/dopams-backend-staging/node_modules/aws-sdk/lib/request.d.ts' exists - use it as a name resolution result.
File 'd:/DOPAMS/Toystack/dopams-backend-staging/node_modules/aws-sdk/package.json' exists according to earlier cached lookups.
======== Module name './request' was successfully resolved to 'd:/DOPAMS/Toystack/dopams-backend-staging/node_modules/aws-sdk/lib/request.d.ts' with Package ID 'aws-sdk/lib/request.d.ts@2.1693.0'. ========
======== Resolving module './error' from 'd:/DOPAMS/Toystack/dopams-backend-staging/node_modules/aws-sdk/lib/service.d.ts'. ========
Resolution for module './error' was found in cache from location 'd:/DOPAMS/Toystack/dopams-backend-staging/node_modules/aws-sdk/lib'.
======== Module name './error' was successfully resolved to 'd:/DOPAMS/Toystack/dopams-backend-staging/node_modules/aws-sdk/lib/error.d.ts' with Package ID 'aws-sdk/lib/error.d.ts@2.1693.0'. ========
======== Resolving module './config-base' from 'd:/DOPAMS/Toystack/dopams-backend-staging/node_modules/aws-sdk/lib/service.d.ts'. ========
Resolution for module './config-base' was found in cache from location 'd:/DOPAMS/Toystack/dopams-backend-staging/node_modules/aws-sdk/lib'.
======== Module name './config-base' was successfully resolved to 'd:/DOPAMS/Toystack/dopams-backend-staging/node_modules/aws-sdk/lib/config-base.d.ts' with Package ID 'aws-sdk/lib/config-base.d.ts@2.1693.0'. ========
======== Resolving module './endpoint' from 'd:/DOPAMS/Toystack/dopams-backend-staging/node_modules/aws-sdk/lib/service.d.ts'. ========
Explicitly specified module resolution kind: 'Node10'.
Loading module as file / folder, candidate module location 'd:/DOPAMS/Toystack/dopams-backend-staging/node_modules/aws-sdk/lib/endpoint', target file types: TypeScript, Declaration.
File 'd:/DOPAMS/Toystack/dopams-backend-staging/node_modules/aws-sdk/lib/endpoint.ts' does not exist.
File 'd:/DOPAMS/Toystack/dopams-backend-staging/node_modules/aws-sdk/lib/endpoint.tsx' does not exist.
File 'd:/DOPAMS/Toystack/dopams-backend-staging/node_modules/aws-sdk/lib/endpoint.d.ts' exists - use it as a name resolution result.
File 'd:/DOPAMS/Toystack/dopams-backend-staging/node_modules/aws-sdk/package.json' exists according to earlier cached lookups.
======== Module name './endpoint' was successfully resolved to 'd:/DOPAMS/Toystack/dopams-backend-staging/node_modules/aws-sdk/lib/endpoint.d.ts' with Package ID 'aws-sdk/lib/endpoint.d.ts@2.1693.0'. ========
File 'd:/DOPAMS/Toystack/dopams-backend-staging/node_modules/aws-sdk/lib/package.json' does not exist according to earlier cached lookups.
File 'd:/DOPAMS/Toystack/dopams-backend-staging/node_modules/aws-sdk/package.json' exists according to earlier cached lookups.
File 'd:/DOPAMS/Toystack/dopams-backend-staging/node_modules/aws-sdk/lib/package.json' does not exist according to earlier cached lookups.
File 'd:/DOPAMS/Toystack/dopams-backend-staging/node_modules/aws-sdk/package.json' exists according to earlier cached lookups.
======== Resolving module 'http' from 'd:/DOPAMS/Toystack/dopams-backend-staging/node_modules/aws-sdk/lib/config-base.d.ts'. ========
Explicitly specified module resolution kind: 'Node10'.
'baseUrl' option is set to 'd:/DOPAMS/Toystack/dopams-backend-staging/src', using this value to resolve non-relative module name 'http'.
'paths' option is specified, looking for a pattern to match module name 'http'.
'baseUrl' option is set to 'd:/DOPAMS/Toystack/dopams-backend-staging/src', using this value to resolve non-relative module name 'http'.
Resolving module name 'http' relative to base url 'd:/DOPAMS/Toystack/dopams-backend-staging/src' - 'd:/DOPAMS/Toystack/dopams-backend-staging/src/http'.
Loading module as file / folder, candidate module location 'd:/DOPAMS/Toystack/dopams-backend-staging/src/http', target file types: TypeScript, Declaration.
File 'd:/DOPAMS/Toystack/dopams-backend-staging/src/http.ts' does not exist.
File 'd:/DOPAMS/Toystack/dopams-backend-staging/src/http.tsx' does not exist.
File 'd:/DOPAMS/Toystack/dopams-backend-staging/src/http.d.ts' does not exist.
Directory 'd:/DOPAMS/Toystack/dopams-backend-staging/src/http' does not exist, skipping all lookups in it.
Loading module 'http' from 'node_modules' folder, target file types: TypeScript, Declaration.
Searching all ancestor node_modules directories for preferred extensions: TypeScript, Declaration.
Directory 'd:/DOPAMS/Toystack/dopams-backend-staging/node_modules/aws-sdk/lib/node_modules' does not exist, skipping all lookups in it.
File 'd:/DOPAMS/Toystack/dopams-backend-staging/node_modules/aws-sdk/node_modules/http.ts' does not exist.
File 'd:/DOPAMS/Toystack/dopams-backend-staging/node_modules/aws-sdk/node_modules/http.tsx' does not exist.
File 'd:/DOPAMS/Toystack/dopams-backend-staging/node_modules/aws-sdk/node_modules/http.d.ts' does not exist.
Directory 'd:/DOPAMS/Toystack/dopams-backend-staging/node_modules/aws-sdk/node_modules/@types' does not exist, skipping all lookups in it.
Resolution for module 'http' was found in cache from location 'd:/DOPAMS/Toystack/dopams-backend-staging'.
======== Module name 'http' was not resolved. ========
======== Resolving module 'https' from 'd:/DOPAMS/Toystack/dopams-backend-staging/node_modules/aws-sdk/lib/config-base.d.ts'. ========
Explicitly specified module resolution kind: 'Node10'.
'baseUrl' option is set to 'd:/DOPAMS/Toystack/dopams-backend-staging/src', using this value to resolve non-relative module name 'https'.
'paths' option is specified, looking for a pattern to match module name 'https'.
'baseUrl' option is set to 'd:/DOPAMS/Toystack/dopams-backend-staging/src', using this value to resolve non-relative module name 'https'.
Resolving module name 'https' relative to base url 'd:/DOPAMS/Toystack/dopams-backend-staging/src' - 'd:/DOPAMS/Toystack/dopams-backend-staging/src/https'.
Loading module as file / folder, candidate module location 'd:/DOPAMS/Toystack/dopams-backend-staging/src/https', target file types: TypeScript, Declaration.
File 'd:/DOPAMS/Toystack/dopams-backend-staging/src/https.ts' does not exist.
File 'd:/DOPAMS/Toystack/dopams-backend-staging/src/https.tsx' does not exist.
File 'd:/DOPAMS/Toystack/dopams-backend-staging/src/https.d.ts' does not exist.
Directory 'd:/DOPAMS/Toystack/dopams-backend-staging/src/https' does not exist, skipping all lookups in it.
Loading module 'https' from 'node_modules' folder, target file types: TypeScript, Declaration.
Searching all ancestor node_modules directories for preferred extensions: TypeScript, Declaration.
Directory 'd:/DOPAMS/Toystack/dopams-backend-staging/node_modules/aws-sdk/lib/node_modules' does not exist, skipping all lookups in it.
File 'd:/DOPAMS/Toystack/dopams-backend-staging/node_modules/aws-sdk/node_modules/https.ts' does not exist.
File 'd:/DOPAMS/Toystack/dopams-backend-staging/node_modules/aws-sdk/node_modules/https.tsx' does not exist.
File 'd:/DOPAMS/Toystack/dopams-backend-staging/node_modules/aws-sdk/node_modules/https.d.ts' does not exist.
Directory 'd:/DOPAMS/Toystack/dopams-backend-staging/node_modules/aws-sdk/node_modules/@types' does not exist, skipping all lookups in it.
Resolution for module 'https' was found in cache from location 'd:/DOPAMS/Toystack/dopams-backend-staging'.
======== Module name 'https' was not resolved. ========
======== Resolving module './error' from 'd:/DOPAMS/Toystack/dopams-backend-staging/node_modules/aws-sdk/lib/config-base.d.ts'. ========
Resolution for module './error' was found in cache from location 'd:/DOPAMS/Toystack/dopams-backend-staging/node_modules/aws-sdk/lib'.
======== Module name './error' was successfully resolved to 'd:/DOPAMS/Toystack/dopams-backend-staging/node_modules/aws-sdk/lib/error.d.ts' with Package ID 'aws-sdk/lib/error.d.ts@2.1693.0'. ========
======== Resolving module './credentials' from 'd:/DOPAMS/Toystack/dopams-backend-staging/node_modules/aws-sdk/lib/config-base.d.ts'. ========
Explicitly specified module resolution kind: 'Node10'.
Loading module as file / folder, candidate module location 'd:/DOPAMS/Toystack/dopams-backend-staging/node_modules/aws-sdk/lib/credentials', target file types: TypeScript, Declaration.
File 'd:/DOPAMS/Toystack/dopams-backend-staging/node_modules/aws-sdk/lib/credentials.ts' does not exist.
File 'd:/DOPAMS/Toystack/dopams-backend-staging/node_modules/aws-sdk/lib/credentials.tsx' does not exist.
File 'd:/DOPAMS/Toystack/dopams-backend-staging/node_modules/aws-sdk/lib/credentials.d.ts' exists - use it as a name resolution result.
File 'd:/DOPAMS/Toystack/dopams-backend-staging/node_modules/aws-sdk/package.json' exists according to earlier cached lookups.
======== Module name './credentials' was successfully resolved to 'd:/DOPAMS/Toystack/dopams-backend-staging/node_modules/aws-sdk/lib/credentials.d.ts' with Package ID 'aws-sdk/lib/credentials.d.ts@2.1693.0'. ========
======== Resolving module './credentials/credential_provider_chain' from 'd:/DOPAMS/Toystack/dopams-backend-staging/node_modules/aws-sdk/lib/config-base.d.ts'. ========
Explicitly specified module resolution kind: 'Node10'.
Loading module as file / folder, candidate module location 'd:/DOPAMS/Toystack/dopams-backend-staging/node_modules/aws-sdk/lib/credentials/credential_provider_chain', target file types: TypeScript, Declaration.
File 'd:/DOPAMS/Toystack/dopams-backend-staging/node_modules/aws-sdk/lib/credentials/credential_provider_chain.ts' does not exist.
File 'd:/DOPAMS/Toystack/dopams-backend-staging/node_modules/aws-sdk/lib/credentials/credential_provider_chain.tsx' does not exist.
File 'd:/DOPAMS/Toystack/dopams-backend-staging/node_modules/aws-sdk/lib/credentials/credential_provider_chain.d.ts' exists - use it as a name resolution result.
File 'd:/DOPAMS/Toystack/dopams-backend-staging/node_modules/aws-sdk/package.json' exists according to earlier cached lookups.
======== Module name './credentials/credential_provider_chain' was successfully resolved to 'd:/DOPAMS/Toystack/dopams-backend-staging/node_modules/aws-sdk/lib/credentials/credential_provider_chain.d.ts' with Package ID 'aws-sdk/lib/credentials/credential_provider_chain.d.ts@2.1693.0'. ========
======== Resolving module './token' from 'd:/DOPAMS/Toystack/dopams-backend-staging/node_modules/aws-sdk/lib/config-base.d.ts'. ========
Explicitly specified module resolution kind: 'Node10'.
Loading module as file / folder, candidate module location 'd:/DOPAMS/Toystack/dopams-backend-staging/node_modules/aws-sdk/lib/token', target file types: TypeScript, Declaration.
File 'd:/DOPAMS/Toystack/dopams-backend-staging/node_modules/aws-sdk/lib/token.ts' does not exist.
File 'd:/DOPAMS/Toystack/dopams-backend-staging/node_modules/aws-sdk/lib/token.tsx' does not exist.
File 'd:/DOPAMS/Toystack/dopams-backend-staging/node_modules/aws-sdk/lib/token.d.ts' exists - use it as a name resolution result.
File 'd:/DOPAMS/Toystack/dopams-backend-staging/node_modules/aws-sdk/package.json' exists according to earlier cached lookups.
======== Module name './token' was successfully resolved to 'd:/DOPAMS/Toystack/dopams-backend-staging/node_modules/aws-sdk/lib/token.d.ts' with Package ID 'aws-sdk/lib/token.d.ts@2.1693.0'. ========
======== Resolving module './token/token_provider_chain' from 'd:/DOPAMS/Toystack/dopams-backend-staging/node_modules/aws-sdk/lib/config-base.d.ts'. ========
Explicitly specified module resolution kind: 'Node10'.
Loading module as file / folder, candidate module location 'd:/DOPAMS/Toystack/dopams-backend-staging/node_modules/aws-sdk/lib/token/token_provider_chain', target file types: TypeScript, Declaration.
File 'd:/DOPAMS/Toystack/dopams-backend-staging/node_modules/aws-sdk/lib/token/token_provider_chain.ts' does not exist.
File 'd:/DOPAMS/Toystack/dopams-backend-staging/node_modules/aws-sdk/lib/token/token_provider_chain.tsx' does not exist.
File 'd:/DOPAMS/Toystack/dopams-backend-staging/node_modules/aws-sdk/lib/token/token_provider_chain.d.ts' exists - use it as a name resolution result.
File 'd:/DOPAMS/Toystack/dopams-backend-staging/node_modules/aws-sdk/package.json' exists according to earlier cached lookups.
======== Module name './token/token_provider_chain' was successfully resolved to 'd:/DOPAMS/Toystack/dopams-backend-staging/node_modules/aws-sdk/lib/token/token_provider_chain.d.ts' with Package ID 'aws-sdk/lib/token/token_provider_chain.d.ts@2.1693.0'. ========
File 'd:/DOPAMS/Toystack/dopams-backend-staging/node_modules/aws-sdk/lib/package.json' does not exist according to earlier cached lookups.
File 'd:/DOPAMS/Toystack/dopams-backend-staging/node_modules/aws-sdk/package.json' exists according to earlier cached lookups.
======== Resolving module './error' from 'd:/DOPAMS/Toystack/dopams-backend-staging/node_modules/aws-sdk/lib/credentials.d.ts'. ========
Resolution for module './error' was found in cache from location 'd:/DOPAMS/Toystack/dopams-backend-staging/node_modules/aws-sdk/lib'.
======== Module name './error' was successfully resolved to 'd:/DOPAMS/Toystack/dopams-backend-staging/node_modules/aws-sdk/lib/error.d.ts' with Package ID 'aws-sdk/lib/error.d.ts@2.1693.0'. ========
File 'd:/DOPAMS/Toystack/dopams-backend-staging/node_modules/aws-sdk/lib/credentials/package.json' does not exist.
File 'd:/DOPAMS/Toystack/dopams-backend-staging/node_modules/aws-sdk/lib/package.json' does not exist according to earlier cached lookups.
File 'd:/DOPAMS/Toystack/dopams-backend-staging/node_modules/aws-sdk/package.json' exists according to earlier cached lookups.
======== Resolving module '../credentials' from 'd:/DOPAMS/Toystack/dopams-backend-staging/node_modules/aws-sdk/lib/credentials/credential_provider_chain.d.ts'. ========
Explicitly specified module resolution kind: 'Node10'.
Loading module as file / folder, candidate module location 'd:/DOPAMS/Toystack/dopams-backend-staging/node_modules/aws-sdk/lib/credentials', target file types: TypeScript, Declaration.
File 'd:/DOPAMS/Toystack/dopams-backend-staging/node_modules/aws-sdk/lib/credentials.ts' does not exist.
File 'd:/DOPAMS/Toystack/dopams-backend-staging/node_modules/aws-sdk/lib/credentials.tsx' does not exist.
File 'd:/DOPAMS/Toystack/dopams-backend-staging/node_modules/aws-sdk/lib/credentials.d.ts' exists - use it as a name resolution result.
File 'd:/DOPAMS/Toystack/dopams-backend-staging/node_modules/aws-sdk/package.json' exists according to earlier cached lookups.
======== Module name '../credentials' was successfully resolved to 'd:/DOPAMS/Toystack/dopams-backend-staging/node_modules/aws-sdk/lib/credentials.d.ts' with Package ID 'aws-sdk/lib/credentials.d.ts@2.1693.0'. ========
======== Resolving module '../error' from 'd:/DOPAMS/Toystack/dopams-backend-staging/node_modules/aws-sdk/lib/credentials/credential_provider_chain.d.ts'. ========
Explicitly specified module resolution kind: 'Node10'.
Loading module as file / folder, candidate module location 'd:/DOPAMS/Toystack/dopams-backend-staging/node_modules/aws-sdk/lib/error', target file types: TypeScript, Declaration.
File 'd:/DOPAMS/Toystack/dopams-backend-staging/node_modules/aws-sdk/lib/error.ts' does not exist.
File 'd:/DOPAMS/Toystack/dopams-backend-staging/node_modules/aws-sdk/lib/error.tsx' does not exist.
File 'd:/DOPAMS/Toystack/dopams-backend-staging/node_modules/aws-sdk/lib/error.d.ts' exists - use it as a name resolution result.
File 'd:/DOPAMS/Toystack/dopams-backend-staging/node_modules/aws-sdk/package.json' exists according to earlier cached lookups.
======== Module name '../error' was successfully resolved to 'd:/DOPAMS/Toystack/dopams-backend-staging/node_modules/aws-sdk/lib/error.d.ts' with Package ID 'aws-sdk/lib/error.d.ts@2.1693.0'. ========
File 'd:/DOPAMS/Toystack/dopams-backend-staging/node_modules/aws-sdk/lib/package.json' does not exist according to earlier cached lookups.
File 'd:/DOPAMS/Toystack/dopams-backend-staging/node_modules/aws-sdk/package.json' exists according to earlier cached lookups.
======== Resolving module './error' from 'd:/DOPAMS/Toystack/dopams-backend-staging/node_modules/aws-sdk/lib/token.d.ts'. ========
Resolution for module './error' was found in cache from location 'd:/DOPAMS/Toystack/dopams-backend-staging/node_modules/aws-sdk/lib'.
======== Module name './error' was successfully resolved to 'd:/DOPAMS/Toystack/dopams-backend-staging/node_modules/aws-sdk/lib/error.d.ts' with Package ID 'aws-sdk/lib/error.d.ts@2.1693.0'. ========
File 'd:/DOPAMS/Toystack/dopams-backend-staging/node_modules/aws-sdk/lib/token/package.json' does not exist.
File 'd:/DOPAMS/Toystack/dopams-backend-staging/node_modules/aws-sdk/lib/package.json' does not exist according to earlier cached lookups.
File 'd:/DOPAMS/Toystack/dopams-backend-staging/node_modules/aws-sdk/package.json' exists according to earlier cached lookups.
======== Resolving module '../token' from 'd:/DOPAMS/Toystack/dopams-backend-staging/node_modules/aws-sdk/lib/token/token_provider_chain.d.ts'. ========
Explicitly specified module resolution kind: 'Node10'.
Loading module as file / folder, candidate module location 'd:/DOPAMS/Toystack/dopams-backend-staging/node_modules/aws-sdk/lib/token', target file types: TypeScript, Declaration.
File 'd:/DOPAMS/Toystack/dopams-backend-staging/node_modules/aws-sdk/lib/token.ts' does not exist.
File 'd:/DOPAMS/Toystack/dopams-backend-staging/node_modules/aws-sdk/lib/token.tsx' does not exist.
File 'd:/DOPAMS/Toystack/dopams-backend-staging/node_modules/aws-sdk/lib/token.d.ts' exists - use it as a name resolution result.
File 'd:/DOPAMS/Toystack/dopams-backend-staging/node_modules/aws-sdk/package.json' exists according to earlier cached lookups.
======== Module name '../token' was successfully resolved to 'd:/DOPAMS/Toystack/dopams-backend-staging/node_modules/aws-sdk/lib/token.d.ts' with Package ID 'aws-sdk/lib/token.d.ts@2.1693.0'. ========
======== Resolving module '../error' from 'd:/DOPAMS/Toystack/dopams-backend-staging/node_modules/aws-sdk/lib/token/token_provider_chain.d.ts'. ========
Explicitly specified module resolution kind: 'Node10'.
Loading module as file / folder, candidate module location 'd:/DOPAMS/Toystack/dopams-backend-staging/node_modules/aws-sdk/lib/error', target file types: TypeScript, Declaration.
File 'd:/DOPAMS/Toystack/dopams-backend-staging/node_modules/aws-sdk/lib/error.ts' does not exist.
File 'd:/DOPAMS/Toystack/dopams-backend-staging/node_modules/aws-sdk/lib/error.tsx' does not exist.
File 'd:/DOPAMS/Toystack/dopams-backend-staging/node_modules/aws-sdk/lib/error.d.ts' exists - use it as a name resolution result.
File 'd:/DOPAMS/Toystack/dopams-backend-staging/node_modules/aws-sdk/package.json' exists according to earlier cached lookups.
======== Module name '../error' was successfully resolved to 'd:/DOPAMS/Toystack/dopams-backend-staging/node_modules/aws-sdk/lib/error.d.ts' with Package ID 'aws-sdk/lib/error.d.ts@2.1693.0'. ========
File 'd:/DOPAMS/Toystack/dopams-backend-staging/node_modules/aws-sdk/lib/package.json' does not exist according to earlier cached lookups.
File 'd:/DOPAMS/Toystack/dopams-backend-staging/node_modules/aws-sdk/package.json' exists according to earlier cached lookups.
File 'd:/DOPAMS/Toystack/dopams-backend-staging/node_modules/aws-sdk/lib/package.json' does not exist according to earlier cached lookups.
File 'd:/DOPAMS/Toystack/dopams-backend-staging/node_modules/aws-sdk/package.json' exists according to earlier cached lookups.
======== Resolving module './http_response' from 'd:/DOPAMS/Toystack/dopams-backend-staging/node_modules/aws-sdk/lib/response.d.ts'. ========
Explicitly specified module resolution kind: 'Node10'.
Loading module as file / folder, candidate module location 'd:/DOPAMS/Toystack/dopams-backend-staging/node_modules/aws-sdk/lib/http_response', target file types: TypeScript, Declaration.
File 'd:/DOPAMS/Toystack/dopams-backend-staging/node_modules/aws-sdk/lib/http_response.ts' does not exist.
File 'd:/DOPAMS/Toystack/dopams-backend-staging/node_modules/aws-sdk/lib/http_response.tsx' does not exist.
File 'd:/DOPAMS/Toystack/dopams-backend-staging/node_modules/aws-sdk/lib/http_response.d.ts' exists - use it as a name resolution result.
File 'd:/DOPAMS/Toystack/dopams-backend-staging/node_modules/aws-sdk/package.json' exists according to earlier cached lookups.
======== Module name './http_response' was successfully resolved to 'd:/DOPAMS/Toystack/dopams-backend-staging/node_modules/aws-sdk/lib/http_response.d.ts' with Package ID 'aws-sdk/lib/http_response.d.ts@2.1693.0'. ========
======== Resolving module './request' from 'd:/DOPAMS/Toystack/dopams-backend-staging/node_modules/aws-sdk/lib/response.d.ts'. ========
Resolution for module './request' was found in cache from location 'd:/DOPAMS/Toystack/dopams-backend-staging/node_modules/aws-sdk/lib'.
======== Module name './request' was successfully resolved to 'd:/DOPAMS/Toystack/dopams-backend-staging/node_modules/aws-sdk/lib/request.d.ts' with Package ID 'aws-sdk/lib/request.d.ts@2.1693.0'. ========
File 'd:/DOPAMS/Toystack/dopams-backend-staging/node_modules/aws-sdk/lib/package.json' does not exist according to earlier cached lookups.
File 'd:/DOPAMS/Toystack/dopams-backend-staging/node_modules/aws-sdk/package.json' exists according to earlier cached lookups.
======== Resolving module 'stream' from 'd:/DOPAMS/Toystack/dopams-backend-staging/node_modules/aws-sdk/lib/http_response.d.ts'. ========
Resolution for module 'stream' was found in cache from location 'd:/DOPAMS/Toystack/dopams-backend-staging/node_modules/aws-sdk/lib'.
======== Module name 'stream' was not resolved. ========
File 'd:/DOPAMS/Toystack/dopams-backend-staging/node_modules/aws-sdk/lib/package.json' does not exist according to earlier cached lookups.
File 'd:/DOPAMS/Toystack/dopams-backend-staging/node_modules/aws-sdk/package.json' exists according to earlier cached lookups.
======== Resolving module './endpoint' from 'd:/DOPAMS/Toystack/dopams-backend-staging/node_modules/aws-sdk/lib/http_request.d.ts'. ========
Resolution for module './endpoint' was found in cache from location 'd:/DOPAMS/Toystack/dopams-backend-staging/node_modules/aws-sdk/lib'.
======== Module name './endpoint' was successfully resolved to 'd:/DOPAMS/Toystack/dopams-backend-staging/node_modules/aws-sdk/lib/endpoint.d.ts' with Package ID 'aws-sdk/lib/endpoint.d.ts@2.1693.0'. ========
File 'd:/DOPAMS/Toystack/dopams-backend-staging/node_modules/aws-sdk/clients/package.json' does not exist according to earlier cached lookups.
File 'd:/DOPAMS/Toystack/dopams-backend-staging/node_modules/aws-sdk/package.json' exists according to earlier cached lookups.
======== Resolving module '../lib/request' from 'd:/DOPAMS/Toystack/dopams-backend-staging/node_modules/aws-sdk/clients/apigateway.d.ts'. ========
Resolution for module '../lib/request' was found in cache from location 'd:/DOPAMS/Toystack/dopams-backend-staging/node_modules/aws-sdk/clients'.
======== Module name '../lib/request' was successfully resolved to 'd:/DOPAMS/Toystack/dopams-backend-staging/node_modules/aws-sdk/lib/request.d.ts' with Package ID 'aws-sdk/lib/request.d.ts@2.1693.0'. ========
======== Resolving module '../lib/response' from 'd:/DOPAMS/Toystack/dopams-backend-staging/node_modules/aws-sdk/clients/apigateway.d.ts'. ========
Resolution for module '../lib/response' was found in cache from location 'd:/DOPAMS/Toystack/dopams-backend-staging/node_modules/aws-sdk/clients'.
======== Module name '../lib/response' was successfully resolved to 'd:/DOPAMS/Toystack/dopams-backend-staging/node_modules/aws-sdk/lib/response.d.ts' with Package ID 'aws-sdk/lib/response.d.ts@2.1693.0'. ========
======== Resolving module '../lib/error' from 'd:/DOPAMS/Toystack/dopams-backend-staging/node_modules/aws-sdk/clients/apigateway.d.ts'. ========
Resolution for module '../lib/error' was found in cache from location 'd:/DOPAMS/Toystack/dopams-backend-staging/node_modules/aws-sdk/clients'.
======== Module name '../lib/error' was successfully resolved to 'd:/DOPAMS/Toystack/dopams-backend-staging/node_modules/aws-sdk/lib/error.d.ts' with Package ID 'aws-sdk/lib/error.d.ts@2.1693.0'. ========
======== Resolving module '../lib/service' from 'd:/DOPAMS/Toystack/dopams-backend-staging/node_modules/aws-sdk/clients/apigateway.d.ts'. ========
Resolution for module '../lib/service' was found in cache from location 'd:/DOPAMS/Toystack/dopams-backend-staging/node_modules/aws-sdk/clients'.
======== Module name '../lib/service' was successfully resolved to 'd:/DOPAMS/Toystack/dopams-backend-staging/node_modules/aws-sdk/lib/service.d.ts' with Package ID 'aws-sdk/lib/service.d.ts@2.1693.0'. ========
======== Resolving module '../lib/config-base' from 'd:/DOPAMS/Toystack/dopams-backend-staging/node_modules/aws-sdk/clients/apigateway.d.ts'. ========
Resolution for module '../lib/config-base' was found in cache from location 'd:/DOPAMS/Toystack/dopams-backend-staging/node_modules/aws-sdk/clients'.
======== Module name '../lib/config-base' was successfully resolved to 'd:/DOPAMS/Toystack/dopams-backend-staging/node_modules/aws-sdk/lib/config-base.d.ts' with Package ID 'aws-sdk/lib/config-base.d.ts@2.1693.0'. ========
File 'd:/DOPAMS/Toystack/dopams-backend-staging/node_modules/aws-sdk/clients/package.json' does not exist according to earlier cached lookups.
File 'd:/DOPAMS/Toystack/dopams-backend-staging/node_modules/aws-sdk/package.json' exists according to earlier cached lookups.
======== Resolving module '../lib/request' from 'd:/DOPAMS/Toystack/dopams-backend-staging/node_modules/aws-sdk/clients/applicationautoscaling.d.ts'. ========
Resolution for module '../lib/request' was found in cache from location 'd:/DOPAMS/Toystack/dopams-backend-staging/node_modules/aws-sdk/clients'.
======== Module name '../lib/request' was successfully resolved to 'd:/DOPAMS/Toystack/dopams-backend-staging/node_modules/aws-sdk/lib/request.d.ts' with Package ID 'aws-sdk/lib/request.d.ts@2.1693.0'. ========
======== Resolving module '../lib/response' from 'd:/DOPAMS/Toystack/dopams-backend-staging/node_modules/aws-sdk/clients/applicationautoscaling.d.ts'. ========
Resolution for module '../lib/response' was found in cache from location 'd:/DOPAMS/Toystack/dopams-backend-staging/node_modules/aws-sdk/clients'.
======== Module name '../lib/response' was successfully resolved to 'd:/DOPAMS/Toystack/dopams-backend-staging/node_modules/aws-sdk/lib/response.d.ts' with Package ID 'aws-sdk/lib/response.d.ts@2.1693.0'. ========
======== Resolving module '../lib/error' from 'd:/DOPAMS/Toystack/dopams-backend-staging/node_modules/aws-sdk/clients/applicationautoscaling.d.ts'. ========
Resolution for module '../lib/error' was found in cache from location 'd:/DOPAMS/Toystack/dopams-backend-staging/node_modules/aws-sdk/clients'.
======== Module name '../lib/error' was successfully resolved to 'd:/DOPAMS/Toystack/dopams-backend-staging/node_modules/aws-sdk/lib/error.d.ts' with Package ID 'aws-sdk/lib/error.d.ts@2.1693.0'. ========
======== Resolving module '../lib/service' from 'd:/DOPAMS/Toystack/dopams-backend-staging/node_modules/aws-sdk/clients/applicationautoscaling.d.ts'. ========
Resolution for module '../lib/service' was found in cache from location 'd:/DOPAMS/Toystack/dopams-backend-staging/node_modules/aws-sdk/clients'.
======== Module name '../lib/service' was successfully resolved to 'd:/DOPAMS/Toystack/dopams-backend-staging/node_modules/aws-sdk/lib/service.d.ts' with Package ID 'aws-sdk/lib/service.d.ts@2.1693.0'. ========
======== Resolving module '../lib/config-base' from 'd:/DOPAMS/Toystack/dopams-backend-staging/node_modules/aws-sdk/clients/applicationautoscaling.d.ts'. ========
Resolution for module '../lib/config-base' was found in cache from location 'd:/DOPAMS/Toystack/dopams-backend-staging/node_modules/aws-sdk/clients'.
======== Module name '../lib/config-base' was successfully resolved to 'd:/DOPAMS/Toystack/dopams-backend-staging/node_modules/aws-sdk/lib/config-base.d.ts' with Package ID 'aws-sdk/lib/config-base.d.ts@2.1693.0'. ========
File 'd:/DOPAMS/Toystack/dopams-backend-staging/node_modules/aws-sdk/clients/package.json' does not exist according to earlier cached lookups.
File 'd:/DOPAMS/Toystack/dopams-backend-staging/node_modules/aws-sdk/package.json' exists according to earlier cached lookups.
======== Resolving module '../lib/request' from 'd:/DOPAMS/Toystack/dopams-backend-staging/node_modules/aws-sdk/clients/appstream.d.ts'. ========
Resolution for module '../lib/request' was found in cache from location 'd:/DOPAMS/Toystack/dopams-backend-staging/node_modules/aws-sdk/clients'.
======== Module name '../lib/request' was successfully resolved to 'd:/DOPAMS/Toystack/dopams-backend-staging/node_modules/aws-sdk/lib/request.d.ts' with Package ID 'aws-sdk/lib/request.d.ts@2.1693.0'. ========
======== Resolving module '../lib/response' from 'd:/DOPAMS/Toystack/dopams-backend-staging/node_modules/aws-sdk/clients/appstream.d.ts'. ========
Resolution for module '../lib/response' was found in cache from location 'd:/DOPAMS/Toystack/dopams-backend-staging/node_modules/aws-sdk/clients'.
======== Module name '../lib/response' was successfully resolved to 'd:/DOPAMS/Toystack/dopams-backend-staging/node_modules/aws-sdk/lib/response.d.ts' with Package ID 'aws-sdk/lib/response.d.ts@2.1693.0'. ========
======== Resolving module '../lib/error' from 'd:/DOPAMS/Toystack/dopams-backend-staging/node_modules/aws-sdk/clients/appstream.d.ts'. ========
Resolution for module '../lib/error' was found in cache from location 'd:/DOPAMS/Toystack/dopams-backend-staging/node_modules/aws-sdk/clients'.
======== Module name '../lib/error' was successfully resolved to 'd:/DOPAMS/Toystack/dopams-backend-staging/node_modules/aws-sdk/lib/error.d.ts' with Package ID 'aws-sdk/lib/error.d.ts@2.1693.0'. ========
======== Resolving module '../lib/service' from 'd:/DOPAMS/Toystack/dopams-backend-staging/node_modules/aws-sdk/clients/appstream.d.ts'. ========
Resolution for module '../lib/service' was found in cache from location 'd:/DOPAMS/Toystack/dopams-backend-staging/node_modules/aws-sdk/clients'.
======== Module name '../lib/service' was successfully resolved to 'd:/DOPAMS/Toystack/dopams-backend-staging/node_modules/aws-sdk/lib/service.d.ts' with Package ID 'aws-sdk/lib/service.d.ts@2.1693.0'. ========
======== Resolving module '../lib/config-base' from 'd:/DOPAMS/Toystack/dopams-backend-staging/node_modules/aws-sdk/clients/appstream.d.ts'. ========
Resolution for module '../lib/config-base' was found in cache from location 'd:/DOPAMS/Toystack/dopams-backend-staging/node_modules/aws-sdk/clients'.
======== Module name '../lib/config-base' was successfully resolved to 'd:/DOPAMS/Toystack/dopams-backend-staging/node_modules/aws-sdk/lib/config-base.d.ts' with Package ID 'aws-sdk/lib/config-base.d.ts@2.1693.0'. ========
File 'd:/DOPAMS/Toystack/dopams-backend-staging/node_modules/aws-sdk/clients/package.json' does not exist according to earlier cached lookups.
File 'd:/DOPAMS/Toystack/dopams-backend-staging/node_modules/aws-sdk/package.json' exists according to earlier cached lookups.
======== Resolving module '../lib/request' from 'd:/DOPAMS/Toystack/dopams-backend-staging/node_modules/aws-sdk/clients/autoscaling.d.ts'. ========
Resolution for module '../lib/request' was found in cache from location 'd:/DOPAMS/Toystack/dopams-backend-staging/node_modules/aws-sdk/clients'.
======== Module name '../lib/request' was successfully resolved to 'd:/DOPAMS/Toystack/dopams-backend-staging/node_modules/aws-sdk/lib/request.d.ts' with Package ID 'aws-sdk/lib/request.d.ts@2.1693.0'. ========
======== Resolving module '../lib/response' from 'd:/DOPAMS/Toystack/dopams-backend-staging/node_modules/aws-sdk/clients/autoscaling.d.ts'. ========
Resolution for module '../lib/response' was found in cache from location 'd:/DOPAMS/Toystack/dopams-backend-staging/node_modules/aws-sdk/clients'.
======== Module name '../lib/response' was successfully resolved to 'd:/DOPAMS/Toystack/dopams-backend-staging/node_modules/aws-sdk/lib/response.d.ts' with Package ID 'aws-sdk/lib/response.d.ts@2.1693.0'. ========
======== Resolving module '../lib/error' from 'd:/DOPAMS/Toystack/dopams-backend-staging/node_modules/aws-sdk/clients/autoscaling.d.ts'. ========
Resolution for module '../lib/error' was found in cache from location 'd:/DOPAMS/Toystack/dopams-backend-staging/node_modules/aws-sdk/clients'.
======== Module name '../lib/error' was successfully resolved to 'd:/DOPAMS/Toystack/dopams-backend-staging/node_modules/aws-sdk/lib/error.d.ts' with Package ID 'aws-sdk/lib/error.d.ts@2.1693.0'. ========
======== Resolving module '../lib/service' from 'd:/DOPAMS/Toystack/dopams-backend-staging/node_modules/aws-sdk/clients/autoscaling.d.ts'. ========
Resolution for module '../lib/service' was found in cache from location 'd:/DOPAMS/Toystack/dopams-backend-staging/node_modules/aws-sdk/clients'.
======== Module name '../lib/service' was successfully resolved to 'd:/DOPAMS/Toystack/dopams-backend-staging/node_modules/aws-sdk/lib/service.d.ts' with Package ID 'aws-sdk/lib/service.d.ts@2.1693.0'. ========
======== Resolving module '../lib/config-base' from 'd:/DOPAMS/Toystack/dopams-backend-staging/node_modules/aws-sdk/clients/autoscaling.d.ts'. ========
Resolution for module '../lib/config-base' was found in cache from location 'd:/DOPAMS/Toystack/dopams-backend-staging/node_modules/aws-sdk/clients'.
======== Module name '../lib/config-base' was successfully resolved to 'd:/DOPAMS/Toystack/dopams-backend-staging/node_modules/aws-sdk/lib/config-base.d.ts' with Package ID 'aws-sdk/lib/config-base.d.ts@2.1693.0'. ========
File 'd:/DOPAMS/Toystack/dopams-backend-staging/node_modules/aws-sdk/clients/package.json' does not exist according to earlier cached lookups.
File 'd:/DOPAMS/Toystack/dopams-backend-staging/node_modules/aws-sdk/package.json' exists according to earlier cached lookups.
======== Resolving module '../lib/request' from 'd:/DOPAMS/Toystack/dopams-backend-staging/node_modules/aws-sdk/clients/batch.d.ts'. ========
Resolution for module '../lib/request' was found in cache from location 'd:/DOPAMS/Toystack/dopams-backend-staging/node_modules/aws-sdk/clients'.
======== Module name '../lib/request' was successfully resolved to 'd:/DOPAMS/Toystack/dopams-backend-staging/node_modules/aws-sdk/lib/request.d.ts' with Package ID 'aws-sdk/lib/request.d.ts@2.1693.0'. ========
======== Resolving module '../lib/response' from 'd:/DOPAMS/Toystack/dopams-backend-staging/node_modules/aws-sdk/clients/batch.d.ts'. ========
Resolution for module '../lib/response' was found in cache from location 'd:/DOPAMS/Toystack/dopams-backend-staging/node_modules/aws-sdk/clients'.
======== Module name '../lib/response' was successfully resolved to 'd:/DOPAMS/Toystack/dopams-backend-staging/node_modules/aws-sdk/lib/response.d.ts' with Package ID 'aws-sdk/lib/response.d.ts@2.1693.0'. ========
======== Resolving module '../lib/error' from 'd:/DOPAMS/Toystack/dopams-backend-staging/node_modules/aws-sdk/clients/batch.d.ts'. ========
Resolution for module '../lib/error' was found in cache from location 'd:/DOPAMS/Toystack/dopams-backend-staging/node_modules/aws-sdk/clients'.
======== Module name '../lib/error' was successfully resolved to 'd:/DOPAMS/Toystack/dopams-backend-staging/node_modules/aws-sdk/lib/error.d.ts' with Package ID 'aws-sdk/lib/error.d.ts@2.1693.0'. ========
======== Resolving module '../lib/service' from 'd:/DOPAMS/Toystack/dopams-backend-staging/node_modules/aws-sdk/clients/batch.d.ts'. ========
Resolution for module '../lib/service' was found in cache from location 'd:/DOPAMS/Toystack/dopams-backend-staging/node_modules/aws-sdk/clients'.
======== Module name '../lib/service' was successfully resolved to 'd:/DOPAMS/Toystack/dopams-backend-staging/node_modules/aws-sdk/lib/service.d.ts' with Package ID 'aws-sdk/lib/service.d.ts@2.1693.0'. ========
======== Resolving module '../lib/config-base' from 'd:/DOPAMS/Toystack/dopams-backend-staging/node_modules/aws-sdk/clients/batch.d.ts'. ========
Resolution for module '../lib/config-base' was found in cache from location 'd:/DOPAMS/Toystack/dopams-backend-staging/node_modules/aws-sdk/clients'.
======== Module name '../lib/config-base' was successfully resolved to 'd:/DOPAMS/Toystack/dopams-backend-staging/node_modules/aws-sdk/lib/config-base.d.ts' with Package ID 'aws-sdk/lib/config-base.d.ts@2.1693.0'. ========
File 'd:/DOPAMS/Toystack/dopams-backend-staging/node_modules/aws-sdk/clients/package.json' does not exist according to earlier cached lookups.
File 'd:/DOPAMS/Toystack/dopams-backend-staging/node_modules/aws-sdk/package.json' exists according to earlier cached lookups.
======== Resolving module '../lib/request' from 'd:/DOPAMS/Toystack/dopams-backend-staging/node_modules/aws-sdk/clients/budgets.d.ts'. ========
Resolution for module '../lib/request' was found in cache from location 'd:/DOPAMS/Toystack/dopams-backend-staging/node_modules/aws-sdk/clients'.
======== Module name '../lib/request' was successfully resolved to 'd:/DOPAMS/Toystack/dopams-backend-staging/node_modules/aws-sdk/lib/request.d.ts' with Package ID 'aws-sdk/lib/request.d.ts@2.1693.0'. ========
======== Resolving module '../lib/response' from 'd:/DOPAMS/Toystack/dopams-backend-staging/node_modules/aws-sdk/clients/budgets.d.ts'. ========
Resolution for module '../lib/response' was found in cache from location 'd:/DOPAMS/Toystack/dopams-backend-staging/node_modules/aws-sdk/clients'.
======== Module name '../lib/response' was successfully resolved to 'd:/DOPAMS/Toystack/dopams-backend-staging/node_modules/aws-sdk/lib/response.d.ts' with Package ID 'aws-sdk/lib/response.d.ts@2.1693.0'. ========
======== Resolving module '../lib/error' from 'd:/DOPAMS/Toystack/dopams-backend-staging/node_modules/aws-sdk/clients/budgets.d.ts'. ========
Resolution for module '../lib/error' was found in cache from location 'd:/DOPAMS/Toystack/dopams-backend-staging/node_modules/aws-sdk/clients'.
======== Module name '../lib/error' was successfully resolved to 'd:/DOPAMS/Toystack/dopams-backend-staging/node_modules/aws-sdk/lib/error.d.ts' with Package ID 'aws-sdk/lib/error.d.ts@2.1693.0'. ========
======== Resolving module '../lib/service' from 'd:/DOPAMS/Toystack/dopams-backend-staging/node_modules/aws-sdk/clients/budgets.d.ts'. ========
Resolution for module '../lib/service' was found in cache from location 'd:/DOPAMS/Toystack/dopams-backend-staging/node_modules/aws-sdk/clients'.
======== Module name '../lib/service' was successfully resolved to 'd:/DOPAMS/Toystack/dopams-backend-staging/node_modules/aws-sdk/lib/service.d.ts' with Package ID 'aws-sdk/lib/service.d.ts@2.1693.0'. ========
======== Resolving module '../lib/config-base' from 'd:/DOPAMS/Toystack/dopams-backend-staging/node_modules/aws-sdk/clients/budgets.d.ts'. ========
Resolution for module '../lib/config-base' was found in cache from location 'd:/DOPAMS/Toystack/dopams-backend-staging/node_modules/aws-sdk/clients'.
======== Module name '../lib/config-base' was successfully resolved to 'd:/DOPAMS/Toystack/dopams-backend-staging/node_modules/aws-sdk/lib/config-base.d.ts' with Package ID 'aws-sdk/lib/config-base.d.ts@2.1693.0'. ========
File 'd:/DOPAMS/Toystack/dopams-backend-staging/node_modules/aws-sdk/clients/package.json' does not exist according to earlier cached lookups.
File 'd:/DOPAMS/Toystack/dopams-backend-staging/node_modules/aws-sdk/package.json' exists according to earlier cached lookups.
======== Resolving module '../lib/request' from 'd:/DOPAMS/Toystack/dopams-backend-staging/node_modules/aws-sdk/clients/clouddirectory.d.ts'. ========
Resolution for module '../lib/request' was found in cache from location 'd:/DOPAMS/Toystack/dopams-backend-staging/node_modules/aws-sdk/clients'.
======== Module name '../lib/request' was successfully resolved to 'd:/DOPAMS/Toystack/dopams-backend-staging/node_modules/aws-sdk/lib/request.d.ts' with Package ID 'aws-sdk/lib/request.d.ts@2.1693.0'. ========
======== Resolving module '../lib/response' from 'd:/DOPAMS/Toystack/dopams-backend-staging/node_modules/aws-sdk/clients/clouddirectory.d.ts'. ========
Resolution for module '../lib/response' was found in cache from location 'd:/DOPAMS/Toystack/dopams-backend-staging/node_modules/aws-sdk/clients'.
======== Module name '../lib/response' was successfully resolved to 'd:/DOPAMS/Toystack/dopams-backend-staging/node_modules/aws-sdk/lib/response.d.ts' with Package ID 'aws-sdk/lib/response.d.ts@2.1693.0'. ========
======== Resolving module '../lib/error' from 'd:/DOPAMS/Toystack/dopams-backend-staging/node_modules/aws-sdk/clients/clouddirectory.d.ts'. ========
Resolution for module '../lib/error' was found in cache from location 'd:/DOPAMS/Toystack/dopams-backend-staging/node_modules/aws-sdk/clients'.
======== Module name '../lib/error' was successfully resolved to 'd:/DOPAMS/Toystack/dopams-backend-staging/node_modules/aws-sdk/lib/error.d.ts' with Package ID 'aws-sdk/lib/error.d.ts@2.1693.0'. ========
======== Resolving module '../lib/service' from 'd:/DOPAMS/Toystack/dopams-backend-staging/node_modules/aws-sdk/clients/clouddirectory.d.ts'. ========
Resolution for module '../lib/service' was found in cache from location 'd:/DOPAMS/Toystack/dopams-backend-staging/node_modules/aws-sdk/clients'.
======== Module name '../lib/service' was successfully resolved to 'd:/DOPAMS/Toystack/dopams-backend-staging/node_modules/aws-sdk/lib/service.d.ts' with Package ID 'aws-sdk/lib/service.d.ts@2.1693.0'. ========
======== Resolving module '../lib/config-base' from 'd:/DOPAMS/Toystack/dopams-backend-staging/node_modules/aws-sdk/clients/clouddirectory.d.ts'. ========
Resolution for module '../lib/config-base' was found in cache from location 'd:/DOPAMS/Toystack/dopams-backend-staging/node_modules/aws-sdk/clients'.
======== Module name '../lib/config-base' was successfully resolved to 'd:/DOPAMS/Toystack/dopams-backend-staging/node_modules/aws-sdk/lib/config-base.d.ts' with Package ID 'aws-sdk/lib/config-base.d.ts@2.1693.0'. ========
File 'd:/DOPAMS/Toystack/dopams-backend-staging/node_modules/aws-sdk/clients/package.json' does not exist according to earlier cached lookups.
File 'd:/DOPAMS/Toystack/dopams-backend-staging/node_modules/aws-sdk/package.json' exists according to earlier cached lookups.
======== Resolving module '../lib/request' from 'd:/DOPAMS/Toystack/dopams-backend-staging/node_modules/aws-sdk/clients/cloudformation.d.ts'. ========
Resolution for module '../lib/request' was found in cache from location 'd:/DOPAMS/Toystack/dopams-backend-staging/node_modules/aws-sdk/clients'.
======== Module name '../lib/request' was successfully resolved to 'd:/DOPAMS/Toystack/dopams-backend-staging/node_modules/aws-sdk/lib/request.d.ts' with Package ID 'aws-sdk/lib/request.d.ts@2.1693.0'. ========
======== Resolving module '../lib/response' from 'd:/DOPAMS/Toystack/dopams-backend-staging/node_modules/aws-sdk/clients/cloudformation.d.ts'. ========
Resolution for module '../lib/response' was found in cache from location 'd:/DOPAMS/Toystack/dopams-backend-staging/node_modules/aws-sdk/clients'.
======== Module name '../lib/response' was successfully resolved to 'd:/DOPAMS/Toystack/dopams-backend-staging/node_modules/aws-sdk/lib/response.d.ts' with Package ID 'aws-sdk/lib/response.d.ts@2.1693.0'. ========
======== Resolving module '../lib/error' from 'd:/DOPAMS/Toystack/dopams-backend-staging/node_modules/aws-sdk/clients/cloudformation.d.ts'. ========
Resolution for module '../lib/error' was found in cache from location 'd:/DOPAMS/Toystack/dopams-backend-staging/node_modules/aws-sdk/clients'.
======== Module name '../lib/error' was successfully resolved to 'd:/DOPAMS/Toystack/dopams-backend-staging/node_modules/aws-sdk/lib/error.d.ts' with Package ID 'aws-sdk/lib/error.d.ts@2.1693.0'. ========
======== Resolving module '../lib/service' from 'd:/DOPAMS/Toystack/dopams-backend-staging/node_modules/aws-sdk/clients/cloudformation.d.ts'. ========
Resolution for module '../lib/service' was found in cache from location 'd:/DOPAMS/Toystack/dopams-backend-staging/node_modules/aws-sdk/clients'.
======== Module name '../lib/service' was successfully resolved to 'd:/DOPAMS/Toystack/dopams-backend-staging/node_modules/aws-sdk/lib/service.d.ts' with Package ID 'aws-sdk/lib/service.d.ts@2.1693.0'. ========
======== Resolving module '../lib/config-base' from 'd:/DOPAMS/Toystack/dopams-backend-staging/node_modules/aws-sdk/clients/cloudformation.d.ts'. ========
Resolution for module '../lib/config-base' was found in cache from location 'd:/DOPAMS/Toystack/dopams-backend-staging/node_modules/aws-sdk/clients'.
======== Module name '../lib/config-base' was successfully resolved to 'd:/DOPAMS/Toystack/dopams-backend-staging/node_modules/aws-sdk/lib/config-base.d.ts' with Package ID 'aws-sdk/lib/config-base.d.ts@2.1693.0'. ========
File 'd:/DOPAMS/Toystack/dopams-backend-staging/node_modules/aws-sdk/clients/package.json' does not exist according to earlier cached lookups.
File 'd:/DOPAMS/Toystack/dopams-backend-staging/node_modules/aws-sdk/package.json' exists according to earlier cached lookups.
======== Resolving module '../lib/request' from 'd:/DOPAMS/Toystack/dopams-backend-staging/node_modules/aws-sdk/clients/cloudfront.d.ts'. ========
Resolution for module '../lib/request' was found in cache from location 'd:/DOPAMS/Toystack/dopams-backend-staging/node_modules/aws-sdk/clients'.
======== Module name '../lib/request' was successfully resolved to 'd:/DOPAMS/Toystack/dopams-backend-staging/node_modules/aws-sdk/lib/request.d.ts' with Package ID 'aws-sdk/lib/request.d.ts@2.1693.0'. ========
======== Resolving module '../lib/response' from 'd:/DOPAMS/Toystack/dopams-backend-staging/node_modules/aws-sdk/clients/cloudfront.d.ts'. ========
Resolution for module '../lib/response' was found in cache from location 'd:/DOPAMS/Toystack/dopams-backend-staging/node_modules/aws-sdk/clients'.
======== Module name '../lib/response' was successfully resolved to 'd:/DOPAMS/Toystack/dopams-backend-staging/node_modules/aws-sdk/lib/response.d.ts' with Package ID 'aws-sdk/lib/response.d.ts@2.1693.0'. ========
======== Resolving module '../lib/error' from 'd:/DOPAMS/Toystack/dopams-backend-staging/node_modules/aws-sdk/clients/cloudfront.d.ts'. ========
Resolution for module '../lib/error' was found in cache from location 'd:/DOPAMS/Toystack/dopams-backend-staging/node_modules/aws-sdk/clients'.
======== Module name '../lib/error' was successfully resolved to 'd:/DOPAMS/Toystack/dopams-backend-staging/node_modules/aws-sdk/lib/error.d.ts' with Package ID 'aws-sdk/lib/error.d.ts@2.1693.0'. ========
======== Resolving module '../lib/services/cloudfront' from 'd:/DOPAMS/Toystack/dopams-backend-staging/node_modules/aws-sdk/clients/cloudfront.d.ts'. ========
Explicitly specified module resolution kind: 'Node10'.
Loading module as file / folder, candidate module location 'd:/DOPAMS/Toystack/dopams-backend-staging/node_modules/aws-sdk/lib/services/cloudfront', target file types: TypeScript, Declaration.
File 'd:/DOPAMS/Toystack/dopams-backend-staging/node_modules/aws-sdk/lib/services/cloudfront.ts' does not exist.
File 'd:/DOPAMS/Toystack/dopams-backend-staging/node_modules/aws-sdk/lib/services/cloudfront.tsx' does not exist.
File 'd:/DOPAMS/Toystack/dopams-backend-staging/node_modules/aws-sdk/lib/services/cloudfront.d.ts' exists - use it as a name resolution result.
File 'd:/DOPAMS/Toystack/dopams-backend-staging/node_modules/aws-sdk/package.json' exists according to earlier cached lookups.
======== Module name '../lib/services/cloudfront' was successfully resolved to 'd:/DOPAMS/Toystack/dopams-backend-staging/node_modules/aws-sdk/lib/services/cloudfront.d.ts' with Package ID 'aws-sdk/lib/services/cloudfront.d.ts@2.1693.0'. ========
======== Resolving module '../lib/service' from 'd:/DOPAMS/Toystack/dopams-backend-staging/node_modules/aws-sdk/clients/cloudfront.d.ts'. ========
Resolution for module '../lib/service' was found in cache from location 'd:/DOPAMS/Toystack/dopams-backend-staging/node_modules/aws-sdk/clients'.
======== Module name '../lib/service' was successfully resolved to 'd:/DOPAMS/Toystack/dopams-backend-staging/node_modules/aws-sdk/lib/service.d.ts' with Package ID 'aws-sdk/lib/service.d.ts@2.1693.0'. ========
======== Resolving module '../lib/config-base' from 'd:/DOPAMS/Toystack/dopams-backend-staging/node_modules/aws-sdk/clients/cloudfront.d.ts'. ========
Resolution for module '../lib/config-base' was found in cache from location 'd:/DOPAMS/Toystack/dopams-backend-staging/node_modules/aws-sdk/clients'.
======== Module name '../lib/config-base' was successfully resolved to 'd:/DOPAMS/Toystack/dopams-backend-staging/node_modules/aws-sdk/lib/config-base.d.ts' with Package ID 'aws-sdk/lib/config-base.d.ts@2.1693.0'. ========
======== Resolving module '../lib/cloudfront/signer' from 'd:/DOPAMS/Toystack/dopams-backend-staging/node_modules/aws-sdk/clients/cloudfront.d.ts'. ========
Explicitly specified module resolution kind: 'Node10'.
Loading module as file / folder, candidate module location 'd:/DOPAMS/Toystack/dopams-backend-staging/node_modules/aws-sdk/lib/cloudfront/signer', target file types: TypeScript, Declaration.
File 'd:/DOPAMS/Toystack/dopams-backend-staging/node_modules/aws-sdk/lib/cloudfront/signer.ts' does not exist.
File 'd:/DOPAMS/Toystack/dopams-backend-staging/node_modules/aws-sdk/lib/cloudfront/signer.tsx' does not exist.
File 'd:/DOPAMS/Toystack/dopams-backend-staging/node_modules/aws-sdk/lib/cloudfront/signer.d.ts' exists - use it as a name resolution result.
File 'd:/DOPAMS/Toystack/dopams-backend-staging/node_modules/aws-sdk/package.json' exists according to earlier cached lookups.
======== Module name '../lib/cloudfront/signer' was successfully resolved to 'd:/DOPAMS/Toystack/dopams-backend-staging/node_modules/aws-sdk/lib/cloudfront/signer.d.ts' with Package ID 'aws-sdk/lib/cloudfront/signer.d.ts@2.1693.0'. ========
File 'd:/DOPAMS/Toystack/dopams-backend-staging/node_modules/aws-sdk/lib/services/package.json' does not exist.
File 'd:/DOPAMS/Toystack/dopams-backend-staging/node_modules/aws-sdk/lib/package.json' does not exist according to earlier cached lookups.
File 'd:/DOPAMS/Toystack/dopams-backend-staging/node_modules/aws-sdk/package.json' exists according to earlier cached lookups.
======== Resolving module '../service' from 'd:/DOPAMS/Toystack/dopams-backend-staging/node_modules/aws-sdk/lib/services/cloudfront.d.ts'. ========
Explicitly specified module resolution kind: 'Node10'.
Loading module as file / folder, candidate module location 'd:/DOPAMS/Toystack/dopams-backend-staging/node_modules/aws-sdk/lib/service', target file types: TypeScript, Declaration.
File 'd:/DOPAMS/Toystack/dopams-backend-staging/node_modules/aws-sdk/lib/service.ts' does not exist.
File 'd:/DOPAMS/Toystack/dopams-backend-staging/node_modules/aws-sdk/lib/service.tsx' does not exist.
File 'd:/DOPAMS/Toystack/dopams-backend-staging/node_modules/aws-sdk/lib/service.d.ts' exists - use it as a name resolution result.
File 'd:/DOPAMS/Toystack/dopams-backend-staging/node_modules/aws-sdk/package.json' exists according to earlier cached lookups.
======== Module name '../service' was successfully resolved to 'd:/DOPAMS/Toystack/dopams-backend-staging/node_modules/aws-sdk/lib/service.d.ts' with Package ID 'aws-sdk/lib/service.d.ts@2.1693.0'. ========
======== Resolving module '../cloudfront/signer' from 'd:/DOPAMS/Toystack/dopams-backend-staging/node_modules/aws-sdk/lib/services/cloudfront.d.ts'. ========
Explicitly specified module resolution kind: 'Node10'.
Loading module as file / folder, candidate module location 'd:/DOPAMS/Toystack/dopams-backend-staging/node_modules/aws-sdk/lib/cloudfront/signer', target file types: TypeScript, Declaration.
File 'd:/DOPAMS/Toystack/dopams-backend-staging/node_modules/aws-sdk/lib/cloudfront/signer.ts' does not exist.
File 'd:/DOPAMS/Toystack/dopams-backend-staging/node_modules/aws-sdk/lib/cloudfront/signer.tsx' does not exist.
File 'd:/DOPAMS/Toystack/dopams-backend-staging/node_modules/aws-sdk/lib/cloudfront/signer.d.ts' exists - use it as a name resolution result.
File 'd:/DOPAMS/Toystack/dopams-backend-staging/node_modules/aws-sdk/package.json' exists according to earlier cached lookups.
======== Module name '../cloudfront/signer' was successfully resolved to 'd:/DOPAMS/Toystack/dopams-backend-staging/node_modules/aws-sdk/lib/cloudfront/signer.d.ts' with Package ID 'aws-sdk/lib/cloudfront/signer.d.ts@2.1693.0'. ========
File 'd:/DOPAMS/Toystack/dopams-backend-staging/node_modules/aws-sdk/lib/cloudfront/package.json' does not exist.
File 'd:/DOPAMS/Toystack/dopams-backend-staging/node_modules/aws-sdk/lib/package.json' does not exist according to earlier cached lookups.
File 'd:/DOPAMS/Toystack/dopams-backend-staging/node_modules/aws-sdk/package.json' exists according to earlier cached lookups.
File 'd:/DOPAMS/Toystack/dopams-backend-staging/node_modules/aws-sdk/clients/package.json' does not exist according to earlier cached lookups.
File 'd:/DOPAMS/Toystack/dopams-backend-staging/node_modules/aws-sdk/package.json' exists according to earlier cached lookups.
======== Resolving module '../lib/request' from 'd:/DOPAMS/Toystack/dopams-backend-staging/node_modules/aws-sdk/clients/cloudhsm.d.ts'. ========
Resolution for module '../lib/request' was found in cache from location 'd:/DOPAMS/Toystack/dopams-backend-staging/node_modules/aws-sdk/clients'.
======== Module name '../lib/request' was successfully resolved to 'd:/DOPAMS/Toystack/dopams-backend-staging/node_modules/aws-sdk/lib/request.d.ts' with Package ID 'aws-sdk/lib/request.d.ts@2.1693.0'. ========
======== Resolving module '../lib/response' from 'd:/DOPAMS/Toystack/dopams-backend-staging/node_modules/aws-sdk/clients/cloudhsm.d.ts'. ========
Resolution for module '../lib/response' was found in cache from location 'd:/DOPAMS/Toystack/dopams-backend-staging/node_modules/aws-sdk/clients'.
======== Module name '../lib/response' was successfully resolved to 'd:/DOPAMS/Toystack/dopams-backend-staging/node_modules/aws-sdk/lib/response.d.ts' with Package ID 'aws-sdk/lib/response.d.ts@2.1693.0'. ========
======== Resolving module '../lib/error' from 'd:/DOPAMS/Toystack/dopams-backend-staging/node_modules/aws-sdk/clients/cloudhsm.d.ts'. ========
Resolution for module '../lib/error' was found in cache from location 'd:/DOPAMS/Toystack/dopams-backend-staging/node_modules/aws-sdk/clients'.
======== Module name '../lib/error' was successfully resolved to 'd:/DOPAMS/Toystack/dopams-backend-staging/node_modules/aws-sdk/lib/error.d.ts' with Package ID 'aws-sdk/lib/error.d.ts@2.1693.0'. ========
======== Resolving module '../lib/service' from 'd:/DOPAMS/Toystack/dopams-backend-staging/node_modules/aws-sdk/clients/cloudhsm.d.ts'. ========
Resolution for module '../lib/service' was found in cache from location 'd:/DOPAMS/Toystack/dopams-backend-staging/node_modules/aws-sdk/clients'.
======== Module name '../lib/service' was successfully resolved to 'd:/DOPAMS/Toystack/dopams-backend-staging/node_modules/aws-sdk/lib/service.d.ts' with Package ID 'aws-sdk/lib/service.d.ts@2.1693.0'. ========
======== Resolving module '../lib/config-base' from 'd:/DOPAMS/Toystack/dopams-backend-staging/node_modules/aws-sdk/clients/cloudhsm.d.ts'. ========
Resolution for module '../lib/config-base' was found in cache from location 'd:/DOPAMS/Toystack/dopams-backend-staging/node_modules/aws-sdk/clients'.
======== Module name '../lib/config-base' was successfully resolved to 'd:/DOPAMS/Toystack/dopams-backend-staging/node_modules/aws-sdk/lib/config-base.d.ts' with Package ID 'aws-sdk/lib/config-base.d.ts@2.1693.0'. ========
File 'd:/DOPAMS/Toystack/dopams-backend-staging/node_modules/aws-sdk/clients/package.json' does not exist according to earlier cached lookups.
File 'd:/DOPAMS/Toystack/dopams-backend-staging/node_modules/aws-sdk/package.json' exists according to earlier cached lookups.
======== Resolving module '../lib/request' from 'd:/DOPAMS/Toystack/dopams-backend-staging/node_modules/aws-sdk/clients/cloudsearch.d.ts'. ========
Resolution for module '../lib/request' was found in cache from location 'd:/DOPAMS/Toystack/dopams-backend-staging/node_modules/aws-sdk/clients'.
======== Module name '../lib/request' was successfully resolved to 'd:/DOPAMS/Toystack/dopams-backend-staging/node_modules/aws-sdk/lib/request.d.ts' with Package ID 'aws-sdk/lib/request.d.ts@2.1693.0'. ========
======== Resolving module '../lib/response' from 'd:/DOPAMS/Toystack/dopams-backend-staging/node_modules/aws-sdk/clients/cloudsearch.d.ts'. ========
Resolution for module '../lib/response' was found in cache from location 'd:/DOPAMS/Toystack/dopams-backend-staging/node_modules/aws-sdk/clients'.
======== Module name '../lib/response' was successfully resolved to 'd:/DOPAMS/Toystack/dopams-backend-staging/node_modules/aws-sdk/lib/response.d.ts' with Package ID 'aws-sdk/lib/response.d.ts@2.1693.0'. ========
======== Resolving module '../lib/error' from 'd:/DOPAMS/Toystack/dopams-backend-staging/node_modules/aws-sdk/clients/cloudsearch.d.ts'. ========
Resolution for module '../lib/error' was found in cache from location 'd:/DOPAMS/Toystack/dopams-backend-staging/node_modules/aws-sdk/clients'.
======== Module name '../lib/error' was successfully resolved to 'd:/DOPAMS/Toystack/dopams-backend-staging/node_modules/aws-sdk/lib/error.d.ts' with Package ID 'aws-sdk/lib/error.d.ts@2.1693.0'. ========
======== Resolving module '../lib/service' from 'd:/DOPAMS/Toystack/dopams-backend-staging/node_modules/aws-sdk/clients/cloudsearch.d.ts'. ========
Resolution for module '../lib/service' was found in cache from location 'd:/DOPAMS/Toystack/dopams-backend-staging/node_modules/aws-sdk/clients'.
======== Module name '../lib/service' was successfully resolved to 'd:/DOPAMS/Toystack/dopams-backend-staging/node_modules/aws-sdk/lib/service.d.ts' with Package ID 'aws-sdk/lib/service.d.ts@2.1693.0'. ========
======== Resolving module '../lib/config-base' from 'd:/DOPAMS/Toystack/dopams-backend-staging/node_modules/aws-sdk/clients/cloudsearch.d.ts'. ========
Resolution for module '../lib/config-base' was found in cache from location 'd:/DOPAMS/Toystack/dopams-backend-staging/node_modules/aws-sdk/clients'.
======== Module name '../lib/config-base' was successfully resolved to 'd:/DOPAMS/Toystack/dopams-backend-staging/node_modules/aws-sdk/lib/config-base.d.ts' with Package ID 'aws-sdk/lib/config-base.d.ts@2.1693.0'. ========
File 'd:/DOPAMS/Toystack/dopams-backend-staging/node_modules/aws-sdk/clients/package.json' does not exist according to earlier cached lookups.
File 'd:/DOPAMS/Toystack/dopams-backend-staging/node_modules/aws-sdk/package.json' exists according to earlier cached lookups.
======== Resolving module '../lib/request' from 'd:/DOPAMS/Toystack/dopams-backend-staging/node_modules/aws-sdk/clients/cloudsearchdomain.d.ts'. ========
Resolution for module '../lib/request' was found in cache from location 'd:/DOPAMS/Toystack/dopams-backend-staging/node_modules/aws-sdk/clients'.
======== Module name '../lib/request' was successfully resolved to 'd:/DOPAMS/Toystack/dopams-backend-staging/node_modules/aws-sdk/lib/request.d.ts' with Package ID 'aws-sdk/lib/request.d.ts@2.1693.0'. ========
======== Resolving module '../lib/response' from 'd:/DOPAMS/Toystack/dopams-backend-staging/node_modules/aws-sdk/clients/cloudsearchdomain.d.ts'. ========
Resolution for module '../lib/response' was found in cache from location 'd:/DOPAMS/Toystack/dopams-backend-staging/node_modules/aws-sdk/clients'.
======== Module name '../lib/response' was successfully resolved to 'd:/DOPAMS/Toystack/dopams-backend-staging/node_modules/aws-sdk/lib/response.d.ts' with Package ID 'aws-sdk/lib/response.d.ts@2.1693.0'. ========
======== Resolving module '../lib/error' from 'd:/DOPAMS/Toystack/dopams-backend-staging/node_modules/aws-sdk/clients/cloudsearchdomain.d.ts'. ========
Resolution for module '../lib/error' was found in cache from location 'd:/DOPAMS/Toystack/dopams-backend-staging/node_modules/aws-sdk/clients'.
======== Module name '../lib/error' was successfully resolved to 'd:/DOPAMS/Toystack/dopams-backend-staging/node_modules/aws-sdk/lib/error.d.ts' with Package ID 'aws-sdk/lib/error.d.ts@2.1693.0'. ========
======== Resolving module '../lib/service' from 'd:/DOPAMS/Toystack/dopams-backend-staging/node_modules/aws-sdk/clients/cloudsearchdomain.d.ts'. ========
Resolution for module '../lib/service' was found in cache from location 'd:/DOPAMS/Toystack/dopams-backend-staging/node_modules/aws-sdk/clients'.
======== Module name '../lib/service' was successfully resolved to 'd:/DOPAMS/Toystack/dopams-backend-staging/node_modules/aws-sdk/lib/service.d.ts' with Package ID 'aws-sdk/lib/service.d.ts@2.1693.0'. ========
======== Resolving module '../lib/config-base' from 'd:/DOPAMS/Toystack/dopams-backend-staging/node_modules/aws-sdk/clients/cloudsearchdomain.d.ts'. ========
Resolution for module '../lib/config-base' was found in cache from location 'd:/DOPAMS/Toystack/dopams-backend-staging/node_modules/aws-sdk/clients'.
======== Module name '../lib/config-base' was successfully resolved to 'd:/DOPAMS/Toystack/dopams-backend-staging/node_modules/aws-sdk/lib/config-base.d.ts' with Package ID 'aws-sdk/lib/config-base.d.ts@2.1693.0'. ========
======== Resolving module 'stream' from 'd:/DOPAMS/Toystack/dopams-backend-staging/node_modules/aws-sdk/clients/cloudsearchdomain.d.ts'. ========
Explicitly specified module resolution kind: 'Node10'.
'baseUrl' option is set to 'd:/DOPAMS/Toystack/dopams-backend-staging/src', using this value to resolve non-relative module name 'stream'.
'paths' option is specified, looking for a pattern to match module name 'stream'.
'baseUrl' option is set to 'd:/DOPAMS/Toystack/dopams-backend-staging/src', using this value to resolve non-relative module name 'stream'.
Resolving module name 'stream' relative to base url 'd:/DOPAMS/Toystack/dopams-backend-staging/src' - 'd:/DOPAMS/Toystack/dopams-backend-staging/src/stream'.
Loading module as file / folder, candidate module location 'd:/DOPAMS/Toystack/dopams-backend-staging/src/stream', target file types: TypeScript, Declaration.
File 'd:/DOPAMS/Toystack/dopams-backend-staging/src/stream.ts' does not exist.
File 'd:/DOPAMS/Toystack/dopams-backend-staging/src/stream.tsx' does not exist.
File 'd:/DOPAMS/Toystack/dopams-backend-staging/src/stream.d.ts' does not exist.
Directory 'd:/DOPAMS/Toystack/dopams-backend-staging/src/stream' does not exist, skipping all lookups in it.
Loading module 'stream' from 'node_modules' folder, target file types: TypeScript, Declaration.
Searching all ancestor node_modules directories for preferred extensions: TypeScript, Declaration.
Directory 'd:/DOPAMS/Toystack/dopams-backend-staging/node_modules/aws-sdk/clients/node_modules' does not exist, skipping all lookups in it.
Resolution for module 'stream' was found in cache from location 'd:/DOPAMS/Toystack/dopams-backend-staging/node_modules/aws-sdk'.
======== Module name 'stream' was not resolved. ========
File 'd:/DOPAMS/Toystack/dopams-backend-staging/node_modules/aws-sdk/clients/package.json' does not exist according to earlier cached lookups.
File 'd:/DOPAMS/Toystack/dopams-backend-staging/node_modules/aws-sdk/package.json' exists according to earlier cached lookups.
======== Resolving module '../lib/request' from 'd:/DOPAMS/Toystack/dopams-backend-staging/node_modules/aws-sdk/clients/cloudtrail.d.ts'. ========
Resolution for module '../lib/request' was found in cache from location 'd:/DOPAMS/Toystack/dopams-backend-staging/node_modules/aws-sdk/clients'.
======== Module name '../lib/request' was successfully resolved to 'd:/DOPAMS/Toystack/dopams-backend-staging/node_modules/aws-sdk/lib/request.d.ts' with Package ID 'aws-sdk/lib/request.d.ts@2.1693.0'. ========
======== Resolving module '../lib/response' from 'd:/DOPAMS/Toystack/dopams-backend-staging/node_modules/aws-sdk/clients/cloudtrail.d.ts'. ========
Resolution for module '../lib/response' was found in cache from location 'd:/DOPAMS/Toystack/dopams-backend-staging/node_modules/aws-sdk/clients'.
======== Module name '../lib/response' was successfully resolved to 'd:/DOPAMS/Toystack/dopams-backend-staging/node_modules/aws-sdk/lib/response.d.ts' with Package ID 'aws-sdk/lib/response.d.ts@2.1693.0'. ========
======== Resolving module '../lib/error' from 'd:/DOPAMS/Toystack/dopams-backend-staging/node_modules/aws-sdk/clients/cloudtrail.d.ts'. ========
Resolution for module '../lib/error' was found in cache from location 'd:/DOPAMS/Toystack/dopams-backend-staging/node_modules/aws-sdk/clients'.
======== Module name '../lib/error' was successfully resolved to 'd:/DOPAMS/Toystack/dopams-backend-staging/node_modules/aws-sdk/lib/error.d.ts' with Package ID 'aws-sdk/lib/error.d.ts@2.1693.0'. ========
======== Resolving module '../lib/service' from 'd:/DOPAMS/Toystack/dopams-backend-staging/node_modules/aws-sdk/clients/cloudtrail.d.ts'. ========
Resolution for module '../lib/service' was found in cache from location 'd:/DOPAMS/Toystack/dopams-backend-staging/node_modules/aws-sdk/clients'.
======== Module name '../lib/service' was successfully resolved to 'd:/DOPAMS/Toystack/dopams-backend-staging/node_modules/aws-sdk/lib/service.d.ts' with Package ID 'aws-sdk/lib/service.d.ts@2.1693.0'. ========
======== Resolving module '../lib/config-base' from 'd:/DOPAMS/Toystack/dopams-backend-staging/node_modules/aws-sdk/clients/cloudtrail.d.ts'. ========
Resolution for module '../lib/config-base' was found in cache from location 'd:/DOPAMS/Toystack/dopams-backend-staging/node_modules/aws-sdk/clients'.
======== Module name '../lib/config-base' was successfully resolved to 'd:/DOPAMS/Toystack/dopams-backend-staging/node_modules/aws-sdk/lib/config-base.d.ts' with Package ID 'aws-sdk/lib/config-base.d.ts@2.1693.0'. ========
File 'd:/DOPAMS/Toystack/dopams-backend-staging/node_modules/aws-sdk/clients/package.json' does not exist according to earlier cached lookups.
File 'd:/DOPAMS/Toystack/dopams-backend-staging/node_modules/aws-sdk/package.json' exists according to earlier cached lookups.
======== Resolving module '../lib/request' from 'd:/DOPAMS/Toystack/dopams-backend-staging/node_modules/aws-sdk/clients/cloudwatch.d.ts'. ========
Resolution for module '../lib/request' was found in cache from location 'd:/DOPAMS/Toystack/dopams-backend-staging/node_modules/aws-sdk/clients'.
======== Module name '../lib/request' was successfully resolved to 'd:/DOPAMS/Toystack/dopams-backend-staging/node_modules/aws-sdk/lib/request.d.ts' with Package ID 'aws-sdk/lib/request.d.ts@2.1693.0'. ========
======== Resolving module '../lib/response' from 'd:/DOPAMS/Toystack/dopams-backend-staging/node_modules/aws-sdk/clients/cloudwatch.d.ts'. ========
Resolution for module '../lib/response' was found in cache from location 'd:/DOPAMS/Toystack/dopams-backend-staging/node_modules/aws-sdk/clients'.
======== Module name '../lib/response' was successfully resolved to 'd:/DOPAMS/Toystack/dopams-backend-staging/node_modules/aws-sdk/lib/response.d.ts' with Package ID 'aws-sdk/lib/response.d.ts@2.1693.0'. ========
======== Resolving module '../lib/error' from 'd:/DOPAMS/Toystack/dopams-backend-staging/node_modules/aws-sdk/clients/cloudwatch.d.ts'. ========
Resolution for module '../lib/error' was found in cache from location 'd:/DOPAMS/Toystack/dopams-backend-staging/node_modules/aws-sdk/clients'.
======== Module name '../lib/error' was successfully resolved to 'd:/DOPAMS/Toystack/dopams-backend-staging/node_modules/aws-sdk/lib/error.d.ts' with Package ID 'aws-sdk/lib/error.d.ts@2.1693.0'. ========
======== Resolving module '../lib/service' from 'd:/DOPAMS/Toystack/dopams-backend-staging/node_modules/aws-sdk/clients/cloudwatch.d.ts'. ========
Resolution for module '../lib/service' was found in cache from location 'd:/DOPAMS/Toystack/dopams-backend-staging/node_modules/aws-sdk/clients'.
======== Module name '../lib/service' was successfully resolved to 'd:/DOPAMS/Toystack/dopams-backend-staging/node_modules/aws-sdk/lib/service.d.ts' with Package ID 'aws-sdk/lib/service.d.ts@2.1693.0'. ========
======== Resolving module '../lib/config-base' from 'd:/DOPAMS/Toystack/dopams-backend-staging/node_modules/aws-sdk/clients/cloudwatch.d.ts'. ========
Resolution for module '../lib/config-base' was found in cache from location 'd:/DOPAMS/Toystack/dopams-backend-staging/node_modules/aws-sdk/clients'.
======== Module name '../lib/config-base' was successfully resolved to 'd:/DOPAMS/Toystack/dopams-backend-staging/node_modules/aws-sdk/lib/config-base.d.ts' with Package ID 'aws-sdk/lib/config-base.d.ts@2.1693.0'. ========
File 'd:/DOPAMS/Toystack/dopams-backend-staging/node_modules/aws-sdk/clients/package.json' does not exist according to earlier cached lookups.
File 'd:/DOPAMS/Toystack/dopams-backend-staging/node_modules/aws-sdk/package.json' exists according to earlier cached lookups.
======== Resolving module '../lib/request' from 'd:/DOPAMS/Toystack/dopams-backend-staging/node_modules/aws-sdk/clients/cloudwatchevents.d.ts'. ========
Resolution for module '../lib/request' was found in cache from location 'd:/DOPAMS/Toystack/dopams-backend-staging/node_modules/aws-sdk/clients'.
======== Module name '../lib/request' was successfully resolved to 'd:/DOPAMS/Toystack/dopams-backend-staging/node_modules/aws-sdk/lib/request.d.ts' with Package ID 'aws-sdk/lib/request.d.ts@2.1693.0'. ========
======== Resolving module '../lib/response' from 'd:/DOPAMS/Toystack/dopams-backend-staging/node_modules/aws-sdk/clients/cloudwatchevents.d.ts'. ========
Resolution for module '../lib/response' was found in cache from location 'd:/DOPAMS/Toystack/dopams-backend-staging/node_modules/aws-sdk/clients'.
======== Module name '../lib/response' was successfully resolved to 'd:/DOPAMS/Toystack/dopams-backend-staging/node_modules/aws-sdk/lib/response.d.ts' with Package ID 'aws-sdk/lib/response.d.ts@2.1693.0'. ========
======== Resolving module '../lib/error' from 'd:/DOPAMS/Toystack/dopams-backend-staging/node_modules/aws-sdk/clients/cloudwatchevents.d.ts'. ========
Resolution for module '../lib/error' was found in cache from location 'd:/DOPAMS/Toystack/dopams-backend-staging/node_modules/aws-sdk/clients'.
======== Module name '../lib/error' was successfully resolved to 'd:/DOPAMS/Toystack/dopams-backend-staging/node_modules/aws-sdk/lib/error.d.ts' with Package ID 'aws-sdk/lib/error.d.ts@2.1693.0'. ========
======== Resolving module '../lib/service' from 'd:/DOPAMS/Toystack/dopams-backend-staging/node_modules/aws-sdk/clients/cloudwatchevents.d.ts'. ========
Resolution for module '../lib/service' was found in cache from location 'd:/DOPAMS/Toystack/dopams-backend-staging/node_modules/aws-sdk/clients'.
======== Module name '../lib/service' was successfully resolved to 'd:/DOPAMS/Toystack/dopams-backend-staging/node_modules/aws-sdk/lib/service.d.ts' with Package ID 'aws-sdk/lib/service.d.ts@2.1693.0'. ========
======== Resolving module '../lib/config-base' from 'd:/DOPAMS/Toystack/dopams-backend-staging/node_modules/aws-sdk/clients/cloudwatchevents.d.ts'. ========
Resolution for module '../lib/config-base' was found in cache from location 'd:/DOPAMS/Toystack/dopams-backend-staging/node_modules/aws-sdk/clients'.
======== Module name '../lib/config-base' was successfully resolved to 'd:/DOPAMS/Toystack/dopams-backend-staging/node_modules/aws-sdk/lib/config-base.d.ts' with Package ID 'aws-sdk/lib/config-base.d.ts@2.1693.0'. ========
File 'd:/DOPAMS/Toystack/dopams-backend-staging/node_modules/aws-sdk/clients/package.json' does not exist according to earlier cached lookups.
File 'd:/DOPAMS/Toystack/dopams-backend-staging/node_modules/aws-sdk/package.json' exists according to earlier cached lookups.
======== Resolving module '../lib/request' from 'd:/DOPAMS/Toystack/dopams-backend-staging/node_modules/aws-sdk/clients/cloudwatchlogs.d.ts'. ========
Resolution for module '../lib/request' was found in cache from location 'd:/DOPAMS/Toystack/dopams-backend-staging/node_modules/aws-sdk/clients'.
======== Module name '../lib/request' was successfully resolved to 'd:/DOPAMS/Toystack/dopams-backend-staging/node_modules/aws-sdk/lib/request.d.ts' with Package ID 'aws-sdk/lib/request.d.ts@2.1693.0'. ========
======== Resolving module '../lib/response' from 'd:/DOPAMS/Toystack/dopams-backend-staging/node_modules/aws-sdk/clients/cloudwatchlogs.d.ts'. ========
Resolution for module '../lib/response' was found in cache from location 'd:/DOPAMS/Toystack/dopams-backend-staging/node_modules/aws-sdk/clients'.
======== Module name '../lib/response' was successfully resolved to 'd:/DOPAMS/Toystack/dopams-backend-staging/node_modules/aws-sdk/lib/response.d.ts' with Package ID 'aws-sdk/lib/response.d.ts@2.1693.0'. ========
======== Resolving module '../lib/error' from 'd:/DOPAMS/Toystack/dopams-backend-staging/node_modules/aws-sdk/clients/cloudwatchlogs.d.ts'. ========
Resolution for module '../lib/error' was found in cache from location 'd:/DOPAMS/Toystack/dopams-backend-staging/node_modules/aws-sdk/clients'.
======== Module name '../lib/error' was successfully resolved to 'd:/DOPAMS/Toystack/dopams-backend-staging/node_modules/aws-sdk/lib/error.d.ts' with Package ID 'aws-sdk/lib/error.d.ts@2.1693.0'. ========
======== Resolving module '../lib/service' from 'd:/DOPAMS/Toystack/dopams-backend-staging/node_modules/aws-sdk/clients/cloudwatchlogs.d.ts'. ========
Resolution for module '../lib/service' was found in cache from location 'd:/DOPAMS/Toystack/dopams-backend-staging/node_modules/aws-sdk/clients'.
======== Module name '../lib/service' was successfully resolved to 'd:/DOPAMS/Toystack/dopams-backend-staging/node_modules/aws-sdk/lib/service.d.ts' with Package ID 'aws-sdk/lib/service.d.ts@2.1693.0'. ========
======== Resolving module '../lib/config-base' from 'd:/DOPAMS/Toystack/dopams-backend-staging/node_modules/aws-sdk/clients/cloudwatchlogs.d.ts'. ========
Resolution for module '../lib/config-base' was found in cache from location 'd:/DOPAMS/Toystack/dopams-backend-staging/node_modules/aws-sdk/clients'.
======== Module name '../lib/config-base' was successfully resolved to 'd:/DOPAMS/Toystack/dopams-backend-staging/node_modules/aws-sdk/lib/config-base.d.ts' with Package ID 'aws-sdk/lib/config-base.d.ts@2.1693.0'. ========
======== Resolving module '../lib/event-stream/event-stream' from 'd:/DOPAMS/Toystack/dopams-backend-staging/node_modules/aws-sdk/clients/cloudwatchlogs.d.ts'. ========
Explicitly specified module resolution kind: 'Node10'.
Loading module as file / folder, candidate module location 'd:/DOPAMS/Toystack/dopams-backend-staging/node_modules/aws-sdk/lib/event-stream/event-stream', target file types: TypeScript, Declaration.
File 'd:/DOPAMS/Toystack/dopams-backend-staging/node_modules/aws-sdk/lib/event-stream/event-stream.ts' does not exist.
File 'd:/DOPAMS/Toystack/dopams-backend-staging/node_modules/aws-sdk/lib/event-stream/event-stream.tsx' does not exist.
File 'd:/DOPAMS/Toystack/dopams-backend-staging/node_modules/aws-sdk/lib/event-stream/event-stream.d.ts' exists - use it as a name resolution result.
File 'd:/DOPAMS/Toystack/dopams-backend-staging/node_modules/aws-sdk/package.json' exists according to earlier cached lookups.
======== Module name '../lib/event-stream/event-stream' was successfully resolved to 'd:/DOPAMS/Toystack/dopams-backend-staging/node_modules/aws-sdk/lib/event-stream/event-stream.d.ts' with Package ID 'aws-sdk/lib/event-stream/event-stream.d.ts@2.1693.0'. ========
File 'd:/DOPAMS/Toystack/dopams-backend-staging/node_modules/aws-sdk/lib/event-stream/package.json' does not exist.
File 'd:/DOPAMS/Toystack/dopams-backend-staging/node_modules/aws-sdk/lib/package.json' does not exist according to earlier cached lookups.
File 'd:/DOPAMS/Toystack/dopams-backend-staging/node_modules/aws-sdk/package.json' exists according to earlier cached lookups.
File 'd:/DOPAMS/Toystack/dopams-backend-staging/node_modules/aws-sdk/clients/package.json' does not exist according to earlier cached lookups.
File 'd:/DOPAMS/Toystack/dopams-backend-staging/node_modules/aws-sdk/package.json' exists according to earlier cached lookups.
======== Resolving module '../lib/request' from 'd:/DOPAMS/Toystack/dopams-backend-staging/node_modules/aws-sdk/clients/codebuild.d.ts'. ========
Resolution for module '../lib/request' was found in cache from location 'd:/DOPAMS/Toystack/dopams-backend-staging/node_modules/aws-sdk/clients'.
======== Module name '../lib/request' was successfully resolved to 'd:/DOPAMS/Toystack/dopams-backend-staging/node_modules/aws-sdk/lib/request.d.ts' with Package ID 'aws-sdk/lib/request.d.ts@2.1693.0'. ========
======== Resolving module '../lib/response' from 'd:/DOPAMS/Toystack/dopams-backend-staging/node_modules/aws-sdk/clients/codebuild.d.ts'. ========
Resolution for module '../lib/response' was found in cache from location 'd:/DOPAMS/Toystack/dopams-backend-staging/node_modules/aws-sdk/clients'.
======== Module name '../lib/response' was successfully resolved to 'd:/DOPAMS/Toystack/dopams-backend-staging/node_modules/aws-sdk/lib/response.d.ts' with Package ID 'aws-sdk/lib/response.d.ts@2.1693.0'. ========
======== Resolving module '../lib/error' from 'd:/DOPAMS/Toystack/dopams-backend-staging/node_modules/aws-sdk/clients/codebuild.d.ts'. ========
Resolution for module '../lib/error' was found in cache from location 'd:/DOPAMS/Toystack/dopams-backend-staging/node_modules/aws-sdk/clients'.
======== Module name '../lib/error' was successfully resolved to 'd:/DOPAMS/Toystack/dopams-backend-staging/node_modules/aws-sdk/lib/error.d.ts' with Package ID 'aws-sdk/lib/error.d.ts@2.1693.0'. ========
======== Resolving module '../lib/service' from 'd:/DOPAMS/Toystack/dopams-backend-staging/node_modules/aws-sdk/clients/codebuild.d.ts'. ========
Resolution for module '../lib/service' was found in cache from location 'd:/DOPAMS/Toystack/dopams-backend-staging/node_modules/aws-sdk/clients'.
======== Module name '../lib/service' was successfully resolved to 'd:/DOPAMS/Toystack/dopams-backend-staging/node_modules/aws-sdk/lib/service.d.ts' with Package ID 'aws-sdk/lib/service.d.ts@2.1693.0'. ========
======== Resolving module '../lib/config-base' from 'd:/DOPAMS/Toystack/dopams-backend-staging/node_modules/aws-sdk/clients/codebuild.d.ts'. ========
Resolution for module '../lib/config-base' was found in cache from location 'd:/DOPAMS/Toystack/dopams-backend-staging/node_modules/aws-sdk/clients'.
======== Module name '../lib/config-base' was successfully resolved to 'd:/DOPAMS/Toystack/dopams-backend-staging/node_modules/aws-sdk/lib/config-base.d.ts' with Package ID 'aws-sdk/lib/config-base.d.ts@2.1693.0'. ========
File 'd:/DOPAMS/Toystack/dopams-backend-staging/node_modules/aws-sdk/clients/package.json' does not exist according to earlier cached lookups.
File 'd:/DOPAMS/Toystack/dopams-backend-staging/node_modules/aws-sdk/package.json' exists according to earlier cached lookups.
======== Resolving module '../lib/request' from 'd:/DOPAMS/Toystack/dopams-backend-staging/node_modules/aws-sdk/clients/codecommit.d.ts'. ========
Resolution for module '../lib/request' was found in cache from location 'd:/DOPAMS/Toystack/dopams-backend-staging/node_modules/aws-sdk/clients'.
======== Module name '../lib/request' was successfully resolved to 'd:/DOPAMS/Toystack/dopams-backend-staging/node_modules/aws-sdk/lib/request.d.ts' with Package ID 'aws-sdk/lib/request.d.ts@2.1693.0'. ========
======== Resolving module '../lib/response' from 'd:/DOPAMS/Toystack/dopams-backend-staging/node_modules/aws-sdk/clients/codecommit.d.ts'. ========
Resolution for module '../lib/response' was found in cache from location 'd:/DOPAMS/Toystack/dopams-backend-staging/node_modules/aws-sdk/clients'.
======== Module name '../lib/response' was successfully resolved to 'd:/DOPAMS/Toystack/dopams-backend-staging/node_modules/aws-sdk/lib/response.d.ts' with Package ID 'aws-sdk/lib/response.d.ts@2.1693.0'. ========
======== Resolving module '../lib/error' from 'd:/DOPAMS/Toystack/dopams-backend-staging/node_modules/aws-sdk/clients/codecommit.d.ts'. ========
Resolution for module '../lib/error' was found in cache from location 'd:/DOPAMS/Toystack/dopams-backend-staging/node_modules/aws-sdk/clients'.
======== Module name '../lib/error' was successfully resolved to 'd:/DOPAMS/Toystack/dopams-backend-staging/node_modules/aws-sdk/lib/error.d.ts' with Package ID 'aws-sdk/lib/error.d.ts@2.1693.0'. ========
======== Resolving module '../lib/service' from 'd:/DOPAMS/Toystack/dopams-backend-staging/node_modules/aws-sdk/clients/codecommit.d.ts'. ========
Resolution for module '../lib/service' was found in cache from location 'd:/DOPAMS/Toystack/dopams-backend-staging/node_modules/aws-sdk/clients'.
======== Module name '../lib/service' was successfully resolved to 'd:/DOPAMS/Toystack/dopams-backend-staging/node_modules/aws-sdk/lib/service.d.ts' with Package ID 'aws-sdk/lib/service.d.ts@2.1693.0'. ========
======== Resolving module '../lib/config-base' from 'd:/DOPAMS/Toystack/dopams-backend-staging/node_modules/aws-sdk/clients/codecommit.d.ts'. ========
Resolution for module '../lib/config-base' was found in cache from location 'd:/DOPAMS/Toystack/dopams-backend-staging/node_modules/aws-sdk/clients'.
======== Module name '../lib/config-base' was successfully resolved to 'd:/DOPAMS/Toystack/dopams-backend-staging/node_modules/aws-sdk/lib/config-base.d.ts' with Package ID 'aws-sdk/lib/config-base.d.ts@2.1693.0'. ========
File 'd:/DOPAMS/Toystack/dopams-backend-staging/node_modules/aws-sdk/clients/package.json' does not exist according to earlier cached lookups.
File 'd:/DOPAMS/Toystack/dopams-backend-staging/node_modules/aws-sdk/package.json' exists according to earlier cached lookups.
======== Resolving module '../lib/request' from 'd:/DOPAMS/Toystack/dopams-backend-staging/node_modules/aws-sdk/clients/codedeploy.d.ts'. ========
Resolution for module '../lib/request' was found in cache from location 'd:/DOPAMS/Toystack/dopams-backend-staging/node_modules/aws-sdk/clients'.
======== Module name '../lib/request' was successfully resolved to 'd:/DOPAMS/Toystack/dopams-backend-staging/node_modules/aws-sdk/lib/request.d.ts' with Package ID 'aws-sdk/lib/request.d.ts@2.1693.0'. ========
======== Resolving module '../lib/response' from 'd:/DOPAMS/Toystack/dopams-backend-staging/node_modules/aws-sdk/clients/codedeploy.d.ts'. ========
Resolution for module '../lib/response' was found in cache from location 'd:/DOPAMS/Toystack/dopams-backend-staging/node_modules/aws-sdk/clients'.
======== Module name '../lib/response' was successfully resolved to 'd:/DOPAMS/Toystack/dopams-backend-staging/node_modules/aws-sdk/lib/response.d.ts' with Package ID 'aws-sdk/lib/response.d.ts@2.1693.0'. ========
======== Resolving module '../lib/error' from 'd:/DOPAMS/Toystack/dopams-backend-staging/node_modules/aws-sdk/clients/codedeploy.d.ts'. ========
Resolution for module '../lib/error' was found in cache from location 'd:/DOPAMS/Toystack/dopams-backend-staging/node_modules/aws-sdk/clients'.
======== Module name '../lib/error' was successfully resolved to 'd:/DOPAMS/Toystack/dopams-backend-staging/node_modules/aws-sdk/lib/error.d.ts' with Package ID 'aws-sdk/lib/error.d.ts@2.1693.0'. ========
======== Resolving module '../lib/service' from 'd:/DOPAMS/Toystack/dopams-backend-staging/node_modules/aws-sdk/clients/codedeploy.d.ts'. ========
Resolution for module '../lib/service' was found in cache from location 'd:/DOPAMS/Toystack/dopams-backend-staging/node_modules/aws-sdk/clients'.
======== Module name '../lib/service' was successfully resolved to 'd:/DOPAMS/Toystack/dopams-backend-staging/node_modules/aws-sdk/lib/service.d.ts' with Package ID 'aws-sdk/lib/service.d.ts@2.1693.0'. ========
======== Resolving module '../lib/config-base' from 'd:/DOPAMS/Toystack/dopams-backend-staging/node_modules/aws-sdk/clients/codedeploy.d.ts'. ========
Resolution for module '../lib/config-base' was found in cache from location 'd:/DOPAMS/Toystack/dopams-backend-staging/node_modules/aws-sdk/clients'.
======== Module name '../lib/config-base' was successfully resolved to 'd:/DOPAMS/Toystack/dopams-backend-staging/node_modules/aws-sdk/lib/config-base.d.ts' with Package ID 'aws-sdk/lib/config-base.d.ts@2.1693.0'. ========
File 'd:/DOPAMS/Toystack/dopams-backend-staging/node_modules/aws-sdk/clients/package.json' does not exist according to earlier cached lookups.
File 'd:/DOPAMS/Toystack/dopams-backend-staging/node_modules/aws-sdk/package.json' exists according to earlier cached lookups.
======== Resolving module '../lib/request' from 'd:/DOPAMS/Toystack/dopams-backend-staging/node_modules/aws-sdk/clients/codepipeline.d.ts'. ========
Resolution for module '../lib/request' was found in cache from location 'd:/DOPAMS/Toystack/dopams-backend-staging/node_modules/aws-sdk/clients'.
======== Module name '../lib/request' was successfully resolved to 'd:/DOPAMS/Toystack/dopams-backend-staging/node_modules/aws-sdk/lib/request.d.ts' with Package ID 'aws-sdk/lib/request.d.ts@2.1693.0'. ========
======== Resolving module '../lib/response' from 'd:/DOPAMS/Toystack/dopams-backend-staging/node_modules/aws-sdk/clients/codepipeline.d.ts'. ========
Resolution for module '../lib/response' was found in cache from location 'd:/DOPAMS/Toystack/dopams-backend-staging/node_modules/aws-sdk/clients'.
======== Module name '../lib/response' was successfully resolved to 'd:/DOPAMS/Toystack/dopams-backend-staging/node_modules/aws-sdk/lib/response.d.ts' with Package ID 'aws-sdk/lib/response.d.ts@2.1693.0'. ========
======== Resolving module '../lib/error' from 'd:/DOPAMS/Toystack/dopams-backend-staging/node_modules/aws-sdk/clients/codepipeline.d.ts'. ========
Resolution for module '../lib/error' was found in cache from location 'd:/DOPAMS/Toystack/dopams-backend-staging/node_modules/aws-sdk/clients'.
======== Module name '../lib/error' was successfully resolved to 'd:/DOPAMS/Toystack/dopams-backend-staging/node_modules/aws-sdk/lib/error.d.ts' with Package ID 'aws-sdk/lib/error.d.ts@2.1693.0'. ========
======== Resolving module '../lib/service' from 'd:/DOPAMS/Toystack/dopams-backend-staging/node_modules/aws-sdk/clients/codepipeline.d.ts'. ========
Resolution for module '../lib/service' was found in cache from location 'd:/DOPAMS/Toystack/dopams-backend-staging/node_modules/aws-sdk/clients'.
======== Module name '../lib/service' was successfully resolved to 'd:/DOPAMS/Toystack/dopams-backend-staging/node_modules/aws-sdk/lib/service.d.ts' with Package ID 'aws-sdk/lib/service.d.ts@2.1693.0'. ========
======== Resolving module '../lib/config-base' from 'd:/DOPAMS/Toystack/dopams-backend-staging/node_modules/aws-sdk/clients/codepipeline.d.ts'. ========
Resolution for module '../lib/config-base' was found in cache from location 'd:/DOPAMS/Toystack/dopams-backend-staging/node_modules/aws-sdk/clients'.
======== Module name '../lib/config-base' was successfully resolved to 'd:/DOPAMS/Toystack/dopams-backend-staging/node_modules/aws-sdk/lib/config-base.d.ts' with Package ID 'aws-sdk/lib/config-base.d.ts@2.1693.0'. ========
File 'd:/DOPAMS/Toystack/dopams-backend-staging/node_modules/aws-sdk/clients/package.json' does not exist according to earlier cached lookups.
File 'd:/DOPAMS/Toystack/dopams-backend-staging/node_modules/aws-sdk/package.json' exists according to earlier cached lookups.
======== Resolving module '../lib/request' from 'd:/DOPAMS/Toystack/dopams-backend-staging/node_modules/aws-sdk/clients/cognitoidentity.d.ts'. ========
Resolution for module '../lib/request' was found in cache from location 'd:/DOPAMS/Toystack/dopams-backend-staging/node_modules/aws-sdk/clients'.
======== Module name '../lib/request' was successfully resolved to 'd:/DOPAMS/Toystack/dopams-backend-staging/node_modules/aws-sdk/lib/request.d.ts' with Package ID 'aws-sdk/lib/request.d.ts@2.1693.0'. ========
======== Resolving module '../lib/response' from 'd:/DOPAMS/Toystack/dopams-backend-staging/node_modules/aws-sdk/clients/cognitoidentity.d.ts'. ========
Resolution for module '../lib/response' was found in cache from location 'd:/DOPAMS/Toystack/dopams-backend-staging/node_modules/aws-sdk/clients'.
======== Module name '../lib/response' was successfully resolved to 'd:/DOPAMS/Toystack/dopams-backend-staging/node_modules/aws-sdk/lib/response.d.ts' with Package ID 'aws-sdk/lib/response.d.ts@2.1693.0'. ========
======== Resolving module '../lib/error' from 'd:/DOPAMS/Toystack/dopams-backend-staging/node_modules/aws-sdk/clients/cognitoidentity.d.ts'. ========
Resolution for module '../lib/error' was found in cache from location 'd:/DOPAMS/Toystack/dopams-backend-staging/node_modules/aws-sdk/clients'.
======== Module name '../lib/error' was successfully resolved to 'd:/DOPAMS/Toystack/dopams-backend-staging/node_modules/aws-sdk/lib/error.d.ts' with Package ID 'aws-sdk/lib/error.d.ts@2.1693.0'. ========
======== Resolving module '../lib/service' from 'd:/DOPAMS/Toystack/dopams-backend-staging/node_modules/aws-sdk/clients/cognitoidentity.d.ts'. ========
Resolution for module '../lib/service' was found in cache from location 'd:/DOPAMS/Toystack/dopams-backend-staging/node_modules/aws-sdk/clients'.
======== Module name '../lib/service' was successfully resolved to 'd:/DOPAMS/Toystack/dopams-backend-staging/node_modules/aws-sdk/lib/service.d.ts' with Package ID 'aws-sdk/lib/service.d.ts@2.1693.0'. ========
======== Resolving module '../lib/config-base' from 'd:/DOPAMS/Toystack/dopams-backend-staging/node_modules/aws-sdk/clients/cognitoidentity.d.ts'. ========
Resolution for module '../lib/config-base' was found in cache from location 'd:/DOPAMS/Toystack/dopams-backend-staging/node_modules/aws-sdk/clients'.
======== Module name '../lib/config-base' was successfully resolved to 'd:/DOPAMS/Toystack/dopams-backend-staging/node_modules/aws-sdk/lib/config-base.d.ts' with Package ID 'aws-sdk/lib/config-base.d.ts@2.1693.0'. ========
File 'd:/DOPAMS/Toystack/dopams-backend-staging/node_modules/aws-sdk/clients/package.json' does not exist according to earlier cached lookups.
File 'd:/DOPAMS/Toystack/dopams-backend-staging/node_modules/aws-sdk/package.json' exists according to earlier cached lookups.
======== Resolving module '../lib/request' from 'd:/DOPAMS/Toystack/dopams-backend-staging/node_modules/aws-sdk/clients/cognitoidentityserviceprovider.d.ts'. ========
Resolution for module '../lib/request' was found in cache from location 'd:/DOPAMS/Toystack/dopams-backend-staging/node_modules/aws-sdk/clients'.
======== Module name '../lib/request' was successfully resolved to 'd:/DOPAMS/Toystack/dopams-backend-staging/node_modules/aws-sdk/lib/request.d.ts' with Package ID 'aws-sdk/lib/request.d.ts@2.1693.0'. ========
======== Resolving module '../lib/response' from 'd:/DOPAMS/Toystack/dopams-backend-staging/node_modules/aws-sdk/clients/cognitoidentityserviceprovider.d.ts'. ========
Resolution for module '../lib/response' was found in cache from location 'd:/DOPAMS/Toystack/dopams-backend-staging/node_modules/aws-sdk/clients'.
======== Module name '../lib/response' was successfully resolved to 'd:/DOPAMS/Toystack/dopams-backend-staging/node_modules/aws-sdk/lib/response.d.ts' with Package ID 'aws-sdk/lib/response.d.ts@2.1693.0'. ========
======== Resolving module '../lib/error' from 'd:/DOPAMS/Toystack/dopams-backend-staging/node_modules/aws-sdk/clients/cognitoidentityserviceprovider.d.ts'. ========
Resolution for module '../lib/error' was found in cache from location 'd:/DOPAMS/Toystack/dopams-backend-staging/node_modules/aws-sdk/clients'.
======== Module name '../lib/error' was successfully resolved to 'd:/DOPAMS/Toystack/dopams-backend-staging/node_modules/aws-sdk/lib/error.d.ts' with Package ID 'aws-sdk/lib/error.d.ts@2.1693.0'. ========
======== Resolving module '../lib/service' from 'd:/DOPAMS/Toystack/dopams-backend-staging/node_modules/aws-sdk/clients/cognitoidentityserviceprovider.d.ts'. ========
Resolution for module '../lib/service' was found in cache from location 'd:/DOPAMS/Toystack/dopams-backend-staging/node_modules/aws-sdk/clients'.
======== Module name '../lib/service' was successfully resolved to 'd:/DOPAMS/Toystack/dopams-backend-staging/node_modules/aws-sdk/lib/service.d.ts' with Package ID 'aws-sdk/lib/service.d.ts@2.1693.0'. ========
======== Resolving module '../lib/config-base' from 'd:/DOPAMS/Toystack/dopams-backend-staging/node_modules/aws-sdk/clients/cognitoidentityserviceprovider.d.ts'. ========
Resolution for module '../lib/config-base' was found in cache from location 'd:/DOPAMS/Toystack/dopams-backend-staging/node_modules/aws-sdk/clients'.
======== Module name '../lib/config-base' was successfully resolved to 'd:/DOPAMS/Toystack/dopams-backend-staging/node_modules/aws-sdk/lib/config-base.d.ts' with Package ID 'aws-sdk/lib/config-base.d.ts@2.1693.0'. ========
File 'd:/DOPAMS/Toystack/dopams-backend-staging/node_modules/aws-sdk/clients/package.json' does not exist according to earlier cached lookups.
File 'd:/DOPAMS/Toystack/dopams-backend-staging/node_modules/aws-sdk/package.json' exists according to earlier cached lookups.
======== Resolving module '../lib/request' from 'd:/DOPAMS/Toystack/dopams-backend-staging/node_modules/aws-sdk/clients/cognitosync.d.ts'. ========
Resolution for module '../lib/request' was found in cache from location 'd:/DOPAMS/Toystack/dopams-backend-staging/node_modules/aws-sdk/clients'.
======== Module name '../lib/request' was successfully resolved to 'd:/DOPAMS/Toystack/dopams-backend-staging/node_modules/aws-sdk/lib/request.d.ts' with Package ID 'aws-sdk/lib/request.d.ts@2.1693.0'. ========
======== Resolving module '../lib/response' from 'd:/DOPAMS/Toystack/dopams-backend-staging/node_modules/aws-sdk/clients/cognitosync.d.ts'. ========
Resolution for module '../lib/response' was found in cache from location 'd:/DOPAMS/Toystack/dopams-backend-staging/node_modules/aws-sdk/clients'.
======== Module name '../lib/response' was successfully resolved to 'd:/DOPAMS/Toystack/dopams-backend-staging/node_modules/aws-sdk/lib/response.d.ts' with Package ID 'aws-sdk/lib/response.d.ts@2.1693.0'. ========
======== Resolving module '../lib/error' from 'd:/DOPAMS/Toystack/dopams-backend-staging/node_modules/aws-sdk/clients/cognitosync.d.ts'. ========
Resolution for module '../lib/error' was found in cache from location 'd:/DOPAMS/Toystack/dopams-backend-staging/node_modules/aws-sdk/clients'.
======== Module name '../lib/error' was successfully resolved to 'd:/DOPAMS/Toystack/dopams-backend-staging/node_modules/aws-sdk/lib/error.d.ts' with Package ID 'aws-sdk/lib/error.d.ts@2.1693.0'. ========
======== Resolving module '../lib/service' from 'd:/DOPAMS/Toystack/dopams-backend-staging/node_modules/aws-sdk/clients/cognitosync.d.ts'. ========
Resolution for module '../lib/service' was found in cache from location 'd:/DOPAMS/Toystack/dopams-backend-staging/node_modules/aws-sdk/clients'.
======== Module name '../lib/service' was successfully resolved to 'd:/DOPAMS/Toystack/dopams-backend-staging/node_modules/aws-sdk/lib/service.d.ts' with Package ID 'aws-sdk/lib/service.d.ts@2.1693.0'. ========
======== Resolving module '../lib/config-base' from 'd:/DOPAMS/Toystack/dopams-backend-staging/node_modules/aws-sdk/clients/cognitosync.d.ts'. ========
Resolution for module '../lib/config-base' was found in cache from location 'd:/DOPAMS/Toystack/dopams-backend-staging/node_modules/aws-sdk/clients'.
======== Module name '../lib/config-base' was successfully resolved to 'd:/DOPAMS/Toystack/dopams-backend-staging/node_modules/aws-sdk/lib/config-base.d.ts' with Package ID 'aws-sdk/lib/config-base.d.ts@2.1693.0'. ========
File 'd:/DOPAMS/Toystack/dopams-backend-staging/node_modules/aws-sdk/clients/package.json' does not exist according to earlier cached lookups.
File 'd:/DOPAMS/Toystack/dopams-backend-staging/node_modules/aws-sdk/package.json' exists according to earlier cached lookups.
======== Resolving module '../lib/request' from 'd:/DOPAMS/Toystack/dopams-backend-staging/node_modules/aws-sdk/clients/configservice.d.ts'. ========
Resolution for module '../lib/request' was found in cache from location 'd:/DOPAMS/Toystack/dopams-backend-staging/node_modules/aws-sdk/clients'.
======== Module name '../lib/request' was successfully resolved to 'd:/DOPAMS/Toystack/dopams-backend-staging/node_modules/aws-sdk/lib/request.d.ts' with Package ID 'aws-sdk/lib/request.d.ts@2.1693.0'. ========
======== Resolving module '../lib/response' from 'd:/DOPAMS/Toystack/dopams-backend-staging/node_modules/aws-sdk/clients/configservice.d.ts'. ========
Resolution for module '../lib/response' was found in cache from location 'd:/DOPAMS/Toystack/dopams-backend-staging/node_modules/aws-sdk/clients'.
======== Module name '../lib/response' was successfully resolved to 'd:/DOPAMS/Toystack/dopams-backend-staging/node_modules/aws-sdk/lib/response.d.ts' with Package ID 'aws-sdk/lib/response.d.ts@2.1693.0'. ========
======== Resolving module '../lib/error' from 'd:/DOPAMS/Toystack/dopams-backend-staging/node_modules/aws-sdk/clients/configservice.d.ts'. ========
Resolution for module '../lib/error' was found in cache from location 'd:/DOPAMS/Toystack/dopams-backend-staging/node_modules/aws-sdk/clients'.
======== Module name '../lib/error' was successfully resolved to 'd:/DOPAMS/Toystack/dopams-backend-staging/node_modules/aws-sdk/lib/error.d.ts' with Package ID 'aws-sdk/lib/error.d.ts@2.1693.0'. ========
======== Resolving module '../lib/service' from 'd:/DOPAMS/Toystack/dopams-backend-staging/node_modules/aws-sdk/clients/configservice.d.ts'. ========
Resolution for module '../lib/service' was found in cache from location 'd:/DOPAMS/Toystack/dopams-backend-staging/node_modules/aws-sdk/clients'.
======== Module name '../lib/service' was successfully resolved to 'd:/DOPAMS/Toystack/dopams-backend-staging/node_modules/aws-sdk/lib/service.d.ts' with Package ID 'aws-sdk/lib/service.d.ts@2.1693.0'. ========
======== Resolving module '../lib/config-base' from 'd:/DOPAMS/Toystack/dopams-backend-staging/node_modules/aws-sdk/clients/configservice.d.ts'. ========
Resolution for module '../lib/config-base' was found in cache from location 'd:/DOPAMS/Toystack/dopams-backend-staging/node_modules/aws-sdk/clients'.
======== Module name '../lib/config-base' was successfully resolved to 'd:/DOPAMS/Toystack/dopams-backend-staging/node_modules/aws-sdk/lib/config-base.d.ts' with Package ID 'aws-sdk/lib/config-base.d.ts@2.1693.0'. ========
File 'd:/DOPAMS/Toystack/dopams-backend-staging/node_modules/aws-sdk/clients/package.json' does not exist according to earlier cached lookups.
File 'd:/DOPAMS/Toystack/dopams-backend-staging/node_modules/aws-sdk/package.json' exists according to earlier cached lookups.
======== Resolving module '../lib/request' from 'd:/DOPAMS/Toystack/dopams-backend-staging/node_modules/aws-sdk/clients/cur.d.ts'. ========
Resolution for module '../lib/request' was found in cache from location 'd:/DOPAMS/Toystack/dopams-backend-staging/node_modules/aws-sdk/clients'.
======== Module name '../lib/request' was successfully resolved to 'd:/DOPAMS/Toystack/dopams-backend-staging/node_modules/aws-sdk/lib/request.d.ts' with Package ID 'aws-sdk/lib/request.d.ts@2.1693.0'. ========
======== Resolving module '../lib/response' from 'd:/DOPAMS/Toystack/dopams-backend-staging/node_modules/aws-sdk/clients/cur.d.ts'. ========
Resolution for module '../lib/response' was found in cache from location 'd:/DOPAMS/Toystack/dopams-backend-staging/node_modules/aws-sdk/clients'.
======== Module name '../lib/response' was successfully resolved to 'd:/DOPAMS/Toystack/dopams-backend-staging/node_modules/aws-sdk/lib/response.d.ts' with Package ID 'aws-sdk/lib/response.d.ts@2.1693.0'. ========
======== Resolving module '../lib/error' from 'd:/DOPAMS/Toystack/dopams-backend-staging/node_modules/aws-sdk/clients/cur.d.ts'. ========
Resolution for module '../lib/error' was found in cache from location 'd:/DOPAMS/Toystack/dopams-backend-staging/node_modules/aws-sdk/clients'.
======== Module name '../lib/error' was successfully resolved to 'd:/DOPAMS/Toystack/dopams-backend-staging/node_modules/aws-sdk/lib/error.d.ts' with Package ID 'aws-sdk/lib/error.d.ts@2.1693.0'. ========
======== Resolving module '../lib/service' from 'd:/DOPAMS/Toystack/dopams-backend-staging/node_modules/aws-sdk/clients/cur.d.ts'. ========
Resolution for module '../lib/service' was found in cache from location 'd:/DOPAMS/Toystack/dopams-backend-staging/node_modules/aws-sdk/clients'.
======== Module name '../lib/service' was successfully resolved to 'd:/DOPAMS/Toystack/dopams-backend-staging/node_modules/aws-sdk/lib/service.d.ts' with Package ID 'aws-sdk/lib/service.d.ts@2.1693.0'. ========
======== Resolving module '../lib/config-base' from 'd:/DOPAMS/Toystack/dopams-backend-staging/node_modules/aws-sdk/clients/cur.d.ts'. ========
Resolution for module '../lib/config-base' was found in cache from location 'd:/DOPAMS/Toystack/dopams-backend-staging/node_modules/aws-sdk/clients'.
======== Module name '../lib/config-base' was successfully resolved to 'd:/DOPAMS/Toystack/dopams-backend-staging/node_modules/aws-sdk/lib/config-base.d.ts' with Package ID 'aws-sdk/lib/config-base.d.ts@2.1693.0'. ========
File 'd:/DOPAMS/Toystack/dopams-backend-staging/node_modules/aws-sdk/clients/package.json' does not exist according to earlier cached lookups.
File 'd:/DOPAMS/Toystack/dopams-backend-staging/node_modules/aws-sdk/package.json' exists according to earlier cached lookups.
======== Resolving module '../lib/request' from 'd:/DOPAMS/Toystack/dopams-backend-staging/node_modules/aws-sdk/clients/datapipeline.d.ts'. ========
Resolution for module '../lib/request' was found in cache from location 'd:/DOPAMS/Toystack/dopams-backend-staging/node_modules/aws-sdk/clients'.
======== Module name '../lib/request' was successfully resolved to 'd:/DOPAMS/Toystack/dopams-backend-staging/node_modules/aws-sdk/lib/request.d.ts' with Package ID 'aws-sdk/lib/request.d.ts@2.1693.0'. ========
======== Resolving module '../lib/response' from 'd:/DOPAMS/Toystack/dopams-backend-staging/node_modules/aws-sdk/clients/datapipeline.d.ts'. ========
Resolution for module '../lib/response' was found in cache from location 'd:/DOPAMS/Toystack/dopams-backend-staging/node_modules/aws-sdk/clients'.
======== Module name '../lib/response' was successfully resolved to 'd:/DOPAMS/Toystack/dopams-backend-staging/node_modules/aws-sdk/lib/response.d.ts' with Package ID 'aws-sdk/lib/response.d.ts@2.1693.0'. ========
======== Resolving module '../lib/error' from 'd:/DOPAMS/Toystack/dopams-backend-staging/node_modules/aws-sdk/clients/datapipeline.d.ts'. ========
Resolution for module '../lib/error' was found in cache from location 'd:/DOPAMS/Toystack/dopams-backend-staging/node_modules/aws-sdk/clients'.
======== Module name '../lib/error' was successfully resolved to 'd:/DOPAMS/Toystack/dopams-backend-staging/node_modules/aws-sdk/lib/error.d.ts' with Package ID 'aws-sdk/lib/error.d.ts@2.1693.0'. ========
======== Resolving module '../lib/service' from 'd:/DOPAMS/Toystack/dopams-backend-staging/node_modules/aws-sdk/clients/datapipeline.d.ts'. ========
Resolution for module '../lib/service' was found in cache from location 'd:/DOPAMS/Toystack/dopams-backend-staging/node_modules/aws-sdk/clients'.
======== Module name '../lib/service' was successfully resolved to 'd:/DOPAMS/Toystack/dopams-backend-staging/node_modules/aws-sdk/lib/service.d.ts' with Package ID 'aws-sdk/lib/service.d.ts@2.1693.0'. ========
======== Resolving module '../lib/config-base' from 'd:/DOPAMS/Toystack/dopams-backend-staging/node_modules/aws-sdk/clients/datapipeline.d.ts'. ========
Resolution for module '../lib/config-base' was found in cache from location 'd:/DOPAMS/Toystack/dopams-backend-staging/node_modules/aws-sdk/clients'.
======== Module name '../lib/config-base' was successfully resolved to 'd:/DOPAMS/Toystack/dopams-backend-staging/node_modules/aws-sdk/lib/config-base.d.ts' with Package ID 'aws-sdk/lib/config-base.d.ts@2.1693.0'. ========
File 'd:/DOPAMS/Toystack/dopams-backend-staging/node_modules/aws-sdk/clients/package.json' does not exist according to earlier cached lookups.
File 'd:/DOPAMS/Toystack/dopams-backend-staging/node_modules/aws-sdk/package.json' exists according to earlier cached lookups.
======== Resolving module '../lib/request' from 'd:/DOPAMS/Toystack/dopams-backend-staging/node_modules/aws-sdk/clients/devicefarm.d.ts'. ========
Resolution for module '../lib/request' was found in cache from location 'd:/DOPAMS/Toystack/dopams-backend-staging/node_modules/aws-sdk/clients'.
======== Module name '../lib/request' was successfully resolved to 'd:/DOPAMS/Toystack/dopams-backend-staging/node_modules/aws-sdk/lib/request.d.ts' with Package ID 'aws-sdk/lib/request.d.ts@2.1693.0'. ========
======== Resolving module '../lib/response' from 'd:/DOPAMS/Toystack/dopams-backend-staging/node_modules/aws-sdk/clients/devicefarm.d.ts'. ========
Resolution for module '../lib/response' was found in cache from location 'd:/DOPAMS/Toystack/dopams-backend-staging/node_modules/aws-sdk/clients'.
======== Module name '../lib/response' was successfully resolved to 'd:/DOPAMS/Toystack/dopams-backend-staging/node_modules/aws-sdk/lib/response.d.ts' with Package ID 'aws-sdk/lib/response.d.ts@2.1693.0'. ========
======== Resolving module '../lib/error' from 'd:/DOPAMS/Toystack/dopams-backend-staging/node_modules/aws-sdk/clients/devicefarm.d.ts'. ========
Resolution for module '../lib/error' was found in cache from location 'd:/DOPAMS/Toystack/dopams-backend-staging/node_modules/aws-sdk/clients'.
======== Module name '../lib/error' was successfully resolved to 'd:/DOPAMS/Toystack/dopams-backend-staging/node_modules/aws-sdk/lib/error.d.ts' with Package ID 'aws-sdk/lib/error.d.ts@2.1693.0'. ========
======== Resolving module '../lib/service' from 'd:/DOPAMS/Toystack/dopams-backend-staging/node_modules/aws-sdk/clients/devicefarm.d.ts'. ========
Resolution for module '../lib/service' was found in cache from location 'd:/DOPAMS/Toystack/dopams-backend-staging/node_modules/aws-sdk/clients'.
======== Module name '../lib/service' was successfully resolved to 'd:/DOPAMS/Toystack/dopams-backend-staging/node_modules/aws-sdk/lib/service.d.ts' with Package ID 'aws-sdk/lib/service.d.ts@2.1693.0'. ========
======== Resolving module '../lib/config-base' from 'd:/DOPAMS/Toystack/dopams-backend-staging/node_modules/aws-sdk/clients/devicefarm.d.ts'. ========
Resolution for module '../lib/config-base' was found in cache from location 'd:/DOPAMS/Toystack/dopams-backend-staging/node_modules/aws-sdk/clients'.
======== Module name '../lib/config-base' was successfully resolved to 'd:/DOPAMS/Toystack/dopams-backend-staging/node_modules/aws-sdk/lib/config-base.d.ts' with Package ID 'aws-sdk/lib/config-base.d.ts@2.1693.0'. ========
File 'd:/DOPAMS/Toystack/dopams-backend-staging/node_modules/aws-sdk/clients/package.json' does not exist according to earlier cached lookups.
File 'd:/DOPAMS/Toystack/dopams-backend-staging/node_modules/aws-sdk/package.json' exists according to earlier cached lookups.
======== Resolving module '../lib/request' from 'd:/DOPAMS/Toystack/dopams-backend-staging/node_modules/aws-sdk/clients/directconnect.d.ts'. ========
Resolution for module '../lib/request' was found in cache from location 'd:/DOPAMS/Toystack/dopams-backend-staging/node_modules/aws-sdk/clients'.
======== Module name '../lib/request' was successfully resolved to 'd:/DOPAMS/Toystack/dopams-backend-staging/node_modules/aws-sdk/lib/request.d.ts' with Package ID 'aws-sdk/lib/request.d.ts@2.1693.0'. ========
======== Resolving module '../lib/response' from 'd:/DOPAMS/Toystack/dopams-backend-staging/node_modules/aws-sdk/clients/directconnect.d.ts'. ========
Resolution for module '../lib/response' was found in cache from location 'd:/DOPAMS/Toystack/dopams-backend-staging/node_modules/aws-sdk/clients'.
======== Module name '../lib/response' was successfully resolved to 'd:/DOPAMS/Toystack/dopams-backend-staging/node_modules/aws-sdk/lib/response.d.ts' with Package ID 'aws-sdk/lib/response.d.ts@2.1693.0'. ========
======== Resolving module '../lib/error' from 'd:/DOPAMS/Toystack/dopams-backend-staging/node_modules/aws-sdk/clients/directconnect.d.ts'. ========
Resolution for module '../lib/error' was found in cache from location 'd:/DOPAMS/Toystack/dopams-backend-staging/node_modules/aws-sdk/clients'.
======== Module name '../lib/error' was successfully resolved to 'd:/DOPAMS/Toystack/dopams-backend-staging/node_modules/aws-sdk/lib/error.d.ts' with Package ID 'aws-sdk/lib/error.d.ts@2.1693.0'. ========
======== Resolving module '../lib/service' from 'd:/DOPAMS/Toystack/dopams-backend-staging/node_modules/aws-sdk/clients/directconnect.d.ts'. ========
Resolution for module '../lib/service' was found in cache from location 'd:/DOPAMS/Toystack/dopams-backend-staging/node_modules/aws-sdk/clients'.
======== Module name '../lib/service' was successfully resolved to 'd:/DOPAMS/Toystack/dopams-backend-staging/node_modules/aws-sdk/lib/service.d.ts' with Package ID 'aws-sdk/lib/service.d.ts@2.1693.0'. ========
======== Resolving module '../lib/config-base' from 'd:/DOPAMS/Toystack/dopams-backend-staging/node_modules/aws-sdk/clients/directconnect.d.ts'. ========
Resolution for module '../lib/config-base' was found in cache from location 'd:/DOPAMS/Toystack/dopams-backend-staging/node_modules/aws-sdk/clients'.
======== Module name '../lib/config-base' was successfully resolved to 'd:/DOPAMS/Toystack/dopams-backend-staging/node_modules/aws-sdk/lib/config-base.d.ts' with Package ID 'aws-sdk/lib/config-base.d.ts@2.1693.0'. ========
File 'd:/DOPAMS/Toystack/dopams-backend-staging/node_modules/aws-sdk/clients/package.json' does not exist according to earlier cached lookups.
File 'd:/DOPAMS/Toystack/dopams-backend-staging/node_modules/aws-sdk/package.json' exists according to earlier cached lookups.
======== Resolving module '../lib/request' from 'd:/DOPAMS/Toystack/dopams-backend-staging/node_modules/aws-sdk/clients/directoryservice.d.ts'. ========
Resolution for module '../lib/request' was found in cache from location 'd:/DOPAMS/Toystack/dopams-backend-staging/node_modules/aws-sdk/clients'.
======== Module name '../lib/request' was successfully resolved to 'd:/DOPAMS/Toystack/dopams-backend-staging/node_modules/aws-sdk/lib/request.d.ts' with Package ID 'aws-sdk/lib/request.d.ts@2.1693.0'. ========
======== Resolving module '../lib/response' from 'd:/DOPAMS/Toystack/dopams-backend-staging/node_modules/aws-sdk/clients/directoryservice.d.ts'. ========
Resolution for module '../lib/response' was found in cache from location 'd:/DOPAMS/Toystack/dopams-backend-staging/node_modules/aws-sdk/clients'.
======== Module name '../lib/response' was successfully resolved to 'd:/DOPAMS/Toystack/dopams-backend-staging/node_modules/aws-sdk/lib/response.d.ts' with Package ID 'aws-sdk/lib/response.d.ts@2.1693.0'. ========
======== Resolving module '../lib/error' from 'd:/DOPAMS/Toystack/dopams-backend-staging/node_modules/aws-sdk/clients/directoryservice.d.ts'. ========
Resolution for module '../lib/error' was found in cache from location 'd:/DOPAMS/Toystack/dopams-backend-staging/node_modules/aws-sdk/clients'.
======== Module name '../lib/error' was successfully resolved to 'd:/DOPAMS/Toystack/dopams-backend-staging/node_modules/aws-sdk/lib/error.d.ts' with Package ID 'aws-sdk/lib/error.d.ts@2.1693.0'. ========
======== Resolving module '../lib/service' from 'd:/DOPAMS/Toystack/dopams-backend-staging/node_modules/aws-sdk/clients/directoryservice.d.ts'. ========
Resolution for module '../lib/service' was found in cache from location 'd:/DOPAMS/Toystack/dopams-backend-staging/node_modules/aws-sdk/clients'.
======== Module name '../lib/service' was successfully resolved to 'd:/DOPAMS/Toystack/dopams-backend-staging/node_modules/aws-sdk/lib/service.d.ts' with Package ID 'aws-sdk/lib/service.d.ts@2.1693.0'. ========
======== Resolving module '../lib/config-base' from 'd:/DOPAMS/Toystack/dopams-backend-staging/node_modules/aws-sdk/clients/directoryservice.d.ts'. ========
Resolution for module '../lib/config-base' was found in cache from location 'd:/DOPAMS/Toystack/dopams-backend-staging/node_modules/aws-sdk/clients'.
======== Module name '../lib/config-base' was successfully resolved to 'd:/DOPAMS/Toystack/dopams-backend-staging/node_modules/aws-sdk/lib/config-base.d.ts' with Package ID 'aws-sdk/lib/config-base.d.ts@2.1693.0'. ========
File 'd:/DOPAMS/Toystack/dopams-backend-staging/node_modules/aws-sdk/clients/package.json' does not exist according to earlier cached lookups.
File 'd:/DOPAMS/Toystack/dopams-backend-staging/node_modules/aws-sdk/package.json' exists according to earlier cached lookups.
======== Resolving module '../lib/request' from 'd:/DOPAMS/Toystack/dopams-backend-staging/node_modules/aws-sdk/clients/discovery.d.ts'. ========
Resolution for module '../lib/request' was found in cache from location 'd:/DOPAMS/Toystack/dopams-backend-staging/node_modules/aws-sdk/clients'.
======== Module name '../lib/request' was successfully resolved to 'd:/DOPAMS/Toystack/dopams-backend-staging/node_modules/aws-sdk/lib/request.d.ts' with Package ID 'aws-sdk/lib/request.d.ts@2.1693.0'. ========
======== Resolving module '../lib/response' from 'd:/DOPAMS/Toystack/dopams-backend-staging/node_modules/aws-sdk/clients/discovery.d.ts'. ========
Resolution for module '../lib/response' was found in cache from location 'd:/DOPAMS/Toystack/dopams-backend-staging/node_modules/aws-sdk/clients'.
======== Module name '../lib/response' was successfully resolved to 'd:/DOPAMS/Toystack/dopams-backend-staging/node_modules/aws-sdk/lib/response.d.ts' with Package ID 'aws-sdk/lib/response.d.ts@2.1693.0'. ========
======== Resolving module '../lib/error' from 'd:/DOPAMS/Toystack/dopams-backend-staging/node_modules/aws-sdk/clients/discovery.d.ts'. ========
Resolution for module '../lib/error' was found in cache from location 'd:/DOPAMS/Toystack/dopams-backend-staging/node_modules/aws-sdk/clients'.
======== Module name '../lib/error' was successfully resolved to 'd:/DOPAMS/Toystack/dopams-backend-staging/node_modules/aws-sdk/lib/error.d.ts' with Package ID 'aws-sdk/lib/error.d.ts@2.1693.0'. ========
======== Resolving module '../lib/service' from 'd:/DOPAMS/Toystack/dopams-backend-staging/node_modules/aws-sdk/clients/discovery.d.ts'. ========
Resolution for module '../lib/service' was found in cache from location 'd:/DOPAMS/Toystack/dopams-backend-staging/node_modules/aws-sdk/clients'.
======== Module name '../lib/service' was successfully resolved to 'd:/DOPAMS/Toystack/dopams-backend-staging/node_modules/aws-sdk/lib/service.d.ts' with Package ID 'aws-sdk/lib/service.d.ts@2.1693.0'. ========
======== Resolving module '../lib/config-base' from 'd:/DOPAMS/Toystack/dopams-backend-staging/node_modules/aws-sdk/clients/discovery.d.ts'. ========
Resolution for module '../lib/config-base' was found in cache from location 'd:/DOPAMS/Toystack/dopams-backend-staging/node_modules/aws-sdk/clients'.
======== Module name '../lib/config-base' was successfully resolved to 'd:/DOPAMS/Toystack/dopams-backend-staging/node_modules/aws-sdk/lib/config-base.d.ts' with Package ID 'aws-sdk/lib/config-base.d.ts@2.1693.0'. ========
File 'd:/DOPAMS/Toystack/dopams-backend-staging/node_modules/aws-sdk/clients/package.json' does not exist according to earlier cached lookups.
File 'd:/DOPAMS/Toystack/dopams-backend-staging/node_modules/aws-sdk/package.json' exists according to earlier cached lookups.
======== Resolving module '../lib/request' from 'd:/DOPAMS/Toystack/dopams-backend-staging/node_modules/aws-sdk/clients/dms.d.ts'. ========
Resolution for module '../lib/request' was found in cache from location 'd:/DOPAMS/Toystack/dopams-backend-staging/node_modules/aws-sdk/clients'.
======== Module name '../lib/request' was successfully resolved to 'd:/DOPAMS/Toystack/dopams-backend-staging/node_modules/aws-sdk/lib/request.d.ts' with Package ID 'aws-sdk/lib/request.d.ts@2.1693.0'. ========
======== Resolving module '../lib/response' from 'd:/DOPAMS/Toystack/dopams-backend-staging/node_modules/aws-sdk/clients/dms.d.ts'. ========
Resolution for module '../lib/response' was found in cache from location 'd:/DOPAMS/Toystack/dopams-backend-staging/node_modules/aws-sdk/clients'.
======== Module name '../lib/response' was successfully resolved to 'd:/DOPAMS/Toystack/dopams-backend-staging/node_modules/aws-sdk/lib/response.d.ts' with Package ID 'aws-sdk/lib/response.d.ts@2.1693.0'. ========
======== Resolving module '../lib/error' from 'd:/DOPAMS/Toystack/dopams-backend-staging/node_modules/aws-sdk/clients/dms.d.ts'. ========
Resolution for module '../lib/error' was found in cache from location 'd:/DOPAMS/Toystack/dopams-backend-staging/node_modules/aws-sdk/clients'.
======== Module name '../lib/error' was successfully resolved to 'd:/DOPAMS/Toystack/dopams-backend-staging/node_modules/aws-sdk/lib/error.d.ts' with Package ID 'aws-sdk/lib/error.d.ts@2.1693.0'. ========
======== Resolving module '../lib/service' from 'd:/DOPAMS/Toystack/dopams-backend-staging/node_modules/aws-sdk/clients/dms.d.ts'. ========
Resolution for module '../lib/service' was found in cache from location 'd:/DOPAMS/Toystack/dopams-backend-staging/node_modules/aws-sdk/clients'.
======== Module name '../lib/service' was successfully resolved to 'd:/DOPAMS/Toystack/dopams-backend-staging/node_modules/aws-sdk/lib/service.d.ts' with Package ID 'aws-sdk/lib/service.d.ts@2.1693.0'. ========
======== Resolving module '../lib/config-base' from 'd:/DOPAMS/Toystack/dopams-backend-staging/node_modules/aws-sdk/clients/dms.d.ts'. ========
Resolution for module '../lib/config-base' was found in cache from location 'd:/DOPAMS/Toystack/dopams-backend-staging/node_modules/aws-sdk/clients'.
======== Module name '../lib/config-base' was successfully resolved to 'd:/DOPAMS/Toystack/dopams-backend-staging/node_modules/aws-sdk/lib/config-base.d.ts' with Package ID 'aws-sdk/lib/config-base.d.ts@2.1693.0'. ========
File 'd:/DOPAMS/Toystack/dopams-backend-staging/node_modules/aws-sdk/clients/package.json' does not exist according to earlier cached lookups.
File 'd:/DOPAMS/Toystack/dopams-backend-staging/node_modules/aws-sdk/package.json' exists according to earlier cached lookups.
======== Resolving module '../lib/request' from 'd:/DOPAMS/Toystack/dopams-backend-staging/node_modules/aws-sdk/clients/dynamodb.d.ts'. ========
Resolution for module '../lib/request' was found in cache from location 'd:/DOPAMS/Toystack/dopams-backend-staging/node_modules/aws-sdk/clients'.
======== Module name '../lib/request' was successfully resolved to 'd:/DOPAMS/Toystack/dopams-backend-staging/node_modules/aws-sdk/lib/request.d.ts' with Package ID 'aws-sdk/lib/request.d.ts@2.1693.0'. ========
======== Resolving module '../lib/response' from 'd:/DOPAMS/Toystack/dopams-backend-staging/node_modules/aws-sdk/clients/dynamodb.d.ts'. ========
Resolution for module '../lib/response' was found in cache from location 'd:/DOPAMS/Toystack/dopams-backend-staging/node_modules/aws-sdk/clients'.
======== Module name '../lib/response' was successfully resolved to 'd:/DOPAMS/Toystack/dopams-backend-staging/node_modules/aws-sdk/lib/response.d.ts' with Package ID 'aws-sdk/lib/response.d.ts@2.1693.0'. ========
======== Resolving module '../lib/error' from 'd:/DOPAMS/Toystack/dopams-backend-staging/node_modules/aws-sdk/clients/dynamodb.d.ts'. ========
Resolution for module '../lib/error' was found in cache from location 'd:/DOPAMS/Toystack/dopams-backend-staging/node_modules/aws-sdk/clients'.
======== Module name '../lib/error' was successfully resolved to 'd:/DOPAMS/Toystack/dopams-backend-staging/node_modules/aws-sdk/lib/error.d.ts' with Package ID 'aws-sdk/lib/error.d.ts@2.1693.0'. ========
======== Resolving module '../lib/services/dynamodb' from 'd:/DOPAMS/Toystack/dopams-backend-staging/node_modules/aws-sdk/clients/dynamodb.d.ts'. ========
Explicitly specified module resolution kind: 'Node10'.
Loading module as file / folder, candidate module location 'd:/DOPAMS/Toystack/dopams-backend-staging/node_modules/aws-sdk/lib/services/dynamodb', target file types: TypeScript, Declaration.
File 'd:/DOPAMS/Toystack/dopams-backend-staging/node_modules/aws-sdk/lib/services/dynamodb.ts' does not exist.
File 'd:/DOPAMS/Toystack/dopams-backend-staging/node_modules/aws-sdk/lib/services/dynamodb.tsx' does not exist.
File 'd:/DOPAMS/Toystack/dopams-backend-staging/node_modules/aws-sdk/lib/services/dynamodb.d.ts' exists - use it as a name resolution result.
File 'd:/DOPAMS/Toystack/dopams-backend-staging/node_modules/aws-sdk/package.json' exists according to earlier cached lookups.
======== Module name '../lib/services/dynamodb' was successfully resolved to 'd:/DOPAMS/Toystack/dopams-backend-staging/node_modules/aws-sdk/lib/services/dynamodb.d.ts' with Package ID 'aws-sdk/lib/services/dynamodb.d.ts@2.1693.0'. ========
======== Resolving module '../lib/service' from 'd:/DOPAMS/Toystack/dopams-backend-staging/node_modules/aws-sdk/clients/dynamodb.d.ts'. ========
Resolution for module '../lib/service' was found in cache from location 'd:/DOPAMS/Toystack/dopams-backend-staging/node_modules/aws-sdk/clients'.
======== Module name '../lib/service' was successfully resolved to 'd:/DOPAMS/Toystack/dopams-backend-staging/node_modules/aws-sdk/lib/service.d.ts' with Package ID 'aws-sdk/lib/service.d.ts@2.1693.0'. ========
======== Resolving module '../lib/config-base' from 'd:/DOPAMS/Toystack/dopams-backend-staging/node_modules/aws-sdk/clients/dynamodb.d.ts'. ========
Resolution for module '../lib/config-base' was found in cache from location 'd:/DOPAMS/Toystack/dopams-backend-staging/node_modules/aws-sdk/clients'.
======== Module name '../lib/config-base' was successfully resolved to 'd:/DOPAMS/Toystack/dopams-backend-staging/node_modules/aws-sdk/lib/config-base.d.ts' with Package ID 'aws-sdk/lib/config-base.d.ts@2.1693.0'. ========
======== Resolving module '../lib/dynamodb/document_client' from 'd:/DOPAMS/Toystack/dopams-backend-staging/node_modules/aws-sdk/clients/dynamodb.d.ts'. ========
Explicitly specified module resolution kind: 'Node10'.
Loading module as file / folder, candidate module location 'd:/DOPAMS/Toystack/dopams-backend-staging/node_modules/aws-sdk/lib/dynamodb/document_client', target file types: TypeScript, Declaration.
File 'd:/DOPAMS/Toystack/dopams-backend-staging/node_modules/aws-sdk/lib/dynamodb/document_client.ts' does not exist.
File 'd:/DOPAMS/Toystack/dopams-backend-staging/node_modules/aws-sdk/lib/dynamodb/document_client.tsx' does not exist.
File 'd:/DOPAMS/Toystack/dopams-backend-staging/node_modules/aws-sdk/lib/dynamodb/document_client.d.ts' exists - use it as a name resolution result.
File 'd:/DOPAMS/Toystack/dopams-backend-staging/node_modules/aws-sdk/package.json' exists according to earlier cached lookups.
======== Module name '../lib/dynamodb/document_client' was successfully resolved to 'd:/DOPAMS/Toystack/dopams-backend-staging/node_modules/aws-sdk/lib/dynamodb/document_client.d.ts' with Package ID 'aws-sdk/lib/dynamodb/document_client.d.ts@2.1693.0'. ========
======== Resolving module '../lib/dynamodb/converter' from 'd:/DOPAMS/Toystack/dopams-backend-staging/node_modules/aws-sdk/clients/dynamodb.d.ts'. ========
Explicitly specified module resolution kind: 'Node10'.
Loading module as file / folder, candidate module location 'd:/DOPAMS/Toystack/dopams-backend-staging/node_modules/aws-sdk/lib/dynamodb/converter', target file types: TypeScript, Declaration.
File 'd:/DOPAMS/Toystack/dopams-backend-staging/node_modules/aws-sdk/lib/dynamodb/converter.ts' does not exist.
File 'd:/DOPAMS/Toystack/dopams-backend-staging/node_modules/aws-sdk/lib/dynamodb/converter.tsx' does not exist.
File 'd:/DOPAMS/Toystack/dopams-backend-staging/node_modules/aws-sdk/lib/dynamodb/converter.d.ts' exists - use it as a name resolution result.
File 'd:/DOPAMS/Toystack/dopams-backend-staging/node_modules/aws-sdk/package.json' exists according to earlier cached lookups.
======== Module name '../lib/dynamodb/converter' was successfully resolved to 'd:/DOPAMS/Toystack/dopams-backend-staging/node_modules/aws-sdk/lib/dynamodb/converter.d.ts' with Package ID 'aws-sdk/lib/dynamodb/converter.d.ts@2.1693.0'. ========
File 'd:/DOPAMS/Toystack/dopams-backend-staging/node_modules/aws-sdk/lib/services/package.json' does not exist according to earlier cached lookups.
File 'd:/DOPAMS/Toystack/dopams-backend-staging/node_modules/aws-sdk/lib/package.json' does not exist according to earlier cached lookups.
File 'd:/DOPAMS/Toystack/dopams-backend-staging/node_modules/aws-sdk/package.json' exists according to earlier cached lookups.
======== Resolving module '../service' from 'd:/DOPAMS/Toystack/dopams-backend-staging/node_modules/aws-sdk/lib/services/dynamodb.d.ts'. ========
Resolution for module '../service' was found in cache from location 'd:/DOPAMS/Toystack/dopams-backend-staging/node_modules/aws-sdk/lib/services'.
======== Module name '../service' was successfully resolved to 'd:/DOPAMS/Toystack/dopams-backend-staging/node_modules/aws-sdk/lib/service.d.ts' with Package ID 'aws-sdk/lib/service.d.ts@2.1693.0'. ========
======== Resolving module '../dynamodb/document_client' from 'd:/DOPAMS/Toystack/dopams-backend-staging/node_modules/aws-sdk/lib/services/dynamodb.d.ts'. ========
Explicitly specified module resolution kind: 'Node10'.
Loading module as file / folder, candidate module location 'd:/DOPAMS/Toystack/dopams-backend-staging/node_modules/aws-sdk/lib/dynamodb/document_client', target file types: TypeScript, Declaration.
File 'd:/DOPAMS/Toystack/dopams-backend-staging/node_modules/aws-sdk/lib/dynamodb/document_client.ts' does not exist.
File 'd:/DOPAMS/Toystack/dopams-backend-staging/node_modules/aws-sdk/lib/dynamodb/document_client.tsx' does not exist.
File 'd:/DOPAMS/Toystack/dopams-backend-staging/node_modules/aws-sdk/lib/dynamodb/document_client.d.ts' exists - use it as a name resolution result.
File 'd:/DOPAMS/Toystack/dopams-backend-staging/node_modules/aws-sdk/package.json' exists according to earlier cached lookups.
======== Module name '../dynamodb/document_client' was successfully resolved to 'd:/DOPAMS/Toystack/dopams-backend-staging/node_modules/aws-sdk/lib/dynamodb/document_client.d.ts' with Package ID 'aws-sdk/lib/dynamodb/document_client.d.ts@2.1693.0'. ========
File 'd:/DOPAMS/Toystack/dopams-backend-staging/node_modules/aws-sdk/lib/dynamodb/package.json' does not exist.
File 'd:/DOPAMS/Toystack/dopams-backend-staging/node_modules/aws-sdk/lib/package.json' does not exist according to earlier cached lookups.
File 'd:/DOPAMS/Toystack/dopams-backend-staging/node_modules/aws-sdk/package.json' exists according to earlier cached lookups.
======== Resolving module '../../clients/dynamodb' from 'd:/DOPAMS/Toystack/dopams-backend-staging/node_modules/aws-sdk/lib/dynamodb/document_client.d.ts'. ========
Explicitly specified module resolution kind: 'Node10'.
Loading module as file / folder, candidate module location 'd:/DOPAMS/Toystack/dopams-backend-staging/node_modules/aws-sdk/clients/dynamodb', target file types: TypeScript, Declaration.
File 'd:/DOPAMS/Toystack/dopams-backend-staging/node_modules/aws-sdk/clients/dynamodb.ts' does not exist.
File 'd:/DOPAMS/Toystack/dopams-backend-staging/node_modules/aws-sdk/clients/dynamodb.tsx' does not exist.
File 'd:/DOPAMS/Toystack/dopams-backend-staging/node_modules/aws-sdk/clients/dynamodb.d.ts' exists - use it as a name resolution result.
File 'd:/DOPAMS/Toystack/dopams-backend-staging/node_modules/aws-sdk/package.json' exists according to earlier cached lookups.
======== Module name '../../clients/dynamodb' was successfully resolved to 'd:/DOPAMS/Toystack/dopams-backend-staging/node_modules/aws-sdk/clients/dynamodb.d.ts' with Package ID 'aws-sdk/clients/dynamodb.d.ts@2.1693.0'. ========
======== Resolving module 'stream' from 'd:/DOPAMS/Toystack/dopams-backend-staging/node_modules/aws-sdk/lib/dynamodb/document_client.d.ts'. ========
Explicitly specified module resolution kind: 'Node10'.
'baseUrl' option is set to 'd:/DOPAMS/Toystack/dopams-backend-staging/src', using this value to resolve non-relative module name 'stream'.
'paths' option is specified, looking for a pattern to match module name 'stream'.
'baseUrl' option is set to 'd:/DOPAMS/Toystack/dopams-backend-staging/src', using this value to resolve non-relative module name 'stream'.
Resolving module name 'stream' relative to base url 'd:/DOPAMS/Toystack/dopams-backend-staging/src' - 'd:/DOPAMS/Toystack/dopams-backend-staging/src/stream'.
Loading module as file / folder, candidate module location 'd:/DOPAMS/Toystack/dopams-backend-staging/src/stream', target file types: TypeScript, Declaration.
File 'd:/DOPAMS/Toystack/dopams-backend-staging/src/stream.ts' does not exist.
File 'd:/DOPAMS/Toystack/dopams-backend-staging/src/stream.tsx' does not exist.
File 'd:/DOPAMS/Toystack/dopams-backend-staging/src/stream.d.ts' does not exist.
Directory 'd:/DOPAMS/Toystack/dopams-backend-staging/src/stream' does not exist, skipping all lookups in it.
Loading module 'stream' from 'node_modules' folder, target file types: TypeScript, Declaration.
Searching all ancestor node_modules directories for preferred extensions: TypeScript, Declaration.
Directory 'd:/DOPAMS/Toystack/dopams-backend-staging/node_modules/aws-sdk/lib/dynamodb/node_modules' does not exist, skipping all lookups in it.
Resolution for module 'stream' was found in cache from location 'd:/DOPAMS/Toystack/dopams-backend-staging/node_modules/aws-sdk/lib'.
======== Module name 'stream' was not resolved. ========
======== Resolving module '../request' from 'd:/DOPAMS/Toystack/dopams-backend-staging/node_modules/aws-sdk/lib/dynamodb/document_client.d.ts'. ========
Explicitly specified module resolution kind: 'Node10'.
Loading module as file / folder, candidate module location 'd:/DOPAMS/Toystack/dopams-backend-staging/node_modules/aws-sdk/lib/request', target file types: TypeScript, Declaration.
File 'd:/DOPAMS/Toystack/dopams-backend-staging/node_modules/aws-sdk/lib/request.ts' does not exist.
File 'd:/DOPAMS/Toystack/dopams-backend-staging/node_modules/aws-sdk/lib/request.tsx' does not exist.
File 'd:/DOPAMS/Toystack/dopams-backend-staging/node_modules/aws-sdk/lib/request.d.ts' exists - use it as a name resolution result.
File 'd:/DOPAMS/Toystack/dopams-backend-staging/node_modules/aws-sdk/package.json' exists according to earlier cached lookups.
======== Module name '../request' was successfully resolved to 'd:/DOPAMS/Toystack/dopams-backend-staging/node_modules/aws-sdk/lib/request.d.ts' with Package ID 'aws-sdk/lib/request.d.ts@2.1693.0'. ========
======== Resolving module '../error' from 'd:/DOPAMS/Toystack/dopams-backend-staging/node_modules/aws-sdk/lib/dynamodb/document_client.d.ts'. ========
Explicitly specified module resolution kind: 'Node10'.
Loading module as file / folder, candidate module location 'd:/DOPAMS/Toystack/dopams-backend-staging/node_modules/aws-sdk/lib/error', target file types: TypeScript, Declaration.
File 'd:/DOPAMS/Toystack/dopams-backend-staging/node_modules/aws-sdk/lib/error.ts' does not exist.
File 'd:/DOPAMS/Toystack/dopams-backend-staging/node_modules/aws-sdk/lib/error.tsx' does not exist.
File 'd:/DOPAMS/Toystack/dopams-backend-staging/node_modules/aws-sdk/lib/error.d.ts' exists - use it as a name resolution result.
File 'd:/DOPAMS/Toystack/dopams-backend-staging/node_modules/aws-sdk/package.json' exists according to earlier cached lookups.
======== Module name '../error' was successfully resolved to 'd:/DOPAMS/Toystack/dopams-backend-staging/node_modules/aws-sdk/lib/error.d.ts' with Package ID 'aws-sdk/lib/error.d.ts@2.1693.0'. ========
File 'd:/DOPAMS/Toystack/dopams-backend-staging/node_modules/aws-sdk/lib/dynamodb/package.json' does not exist according to earlier cached lookups.
File 'd:/DOPAMS/Toystack/dopams-backend-staging/node_modules/aws-sdk/lib/package.json' does not exist according to earlier cached lookups.
File 'd:/DOPAMS/Toystack/dopams-backend-staging/node_modules/aws-sdk/package.json' exists according to earlier cached lookups.
======== Resolving module '../../clients/dynamodb' from 'd:/DOPAMS/Toystack/dopams-backend-staging/node_modules/aws-sdk/lib/dynamodb/converter.d.ts'. ========
Resolution for module '../../clients/dynamodb' was found in cache from location 'd:/DOPAMS/Toystack/dopams-backend-staging/node_modules/aws-sdk/lib/dynamodb'.
======== Module name '../../clients/dynamodb' was successfully resolved to 'd:/DOPAMS/Toystack/dopams-backend-staging/node_modules/aws-sdk/clients/dynamodb.d.ts' with Package ID 'aws-sdk/clients/dynamodb.d.ts@2.1693.0'. ========
File 'd:/DOPAMS/Toystack/dopams-backend-staging/node_modules/aws-sdk/clients/package.json' does not exist according to earlier cached lookups.
File 'd:/DOPAMS/Toystack/dopams-backend-staging/node_modules/aws-sdk/package.json' exists according to earlier cached lookups.
======== Resolving module '../lib/request' from 'd:/DOPAMS/Toystack/dopams-backend-staging/node_modules/aws-sdk/clients/dynamodbstreams.d.ts'. ========
Resolution for module '../lib/request' was found in cache from location 'd:/DOPAMS/Toystack/dopams-backend-staging/node_modules/aws-sdk/clients'.
======== Module name '../lib/request' was successfully resolved to 'd:/DOPAMS/Toystack/dopams-backend-staging/node_modules/aws-sdk/lib/request.d.ts' with Package ID 'aws-sdk/lib/request.d.ts@2.1693.0'. ========
======== Resolving module '../lib/response' from 'd:/DOPAMS/Toystack/dopams-backend-staging/node_modules/aws-sdk/clients/dynamodbstreams.d.ts'. ========
Resolution for module '../lib/response' was found in cache from location 'd:/DOPAMS/Toystack/dopams-backend-staging/node_modules/aws-sdk/clients'.
======== Module name '../lib/response' was successfully resolved to 'd:/DOPAMS/Toystack/dopams-backend-staging/node_modules/aws-sdk/lib/response.d.ts' with Package ID 'aws-sdk/lib/response.d.ts@2.1693.0'. ========
======== Resolving module '../lib/error' from 'd:/DOPAMS/Toystack/dopams-backend-staging/node_modules/aws-sdk/clients/dynamodbstreams.d.ts'. ========
Resolution for module '../lib/error' was found in cache from location 'd:/DOPAMS/Toystack/dopams-backend-staging/node_modules/aws-sdk/clients'.
======== Module name '../lib/error' was successfully resolved to 'd:/DOPAMS/Toystack/dopams-backend-staging/node_modules/aws-sdk/lib/error.d.ts' with Package ID 'aws-sdk/lib/error.d.ts@2.1693.0'. ========
======== Resolving module '../lib/service' from 'd:/DOPAMS/Toystack/dopams-backend-staging/node_modules/aws-sdk/clients/dynamodbstreams.d.ts'. ========
Resolution for module '../lib/service' was found in cache from location 'd:/DOPAMS/Toystack/dopams-backend-staging/node_modules/aws-sdk/clients'.
======== Module name '../lib/service' was successfully resolved to 'd:/DOPAMS/Toystack/dopams-backend-staging/node_modules/aws-sdk/lib/service.d.ts' with Package ID 'aws-sdk/lib/service.d.ts@2.1693.0'. ========
======== Resolving module '../lib/config-base' from 'd:/DOPAMS/Toystack/dopams-backend-staging/node_modules/aws-sdk/clients/dynamodbstreams.d.ts'. ========
Resolution for module '../lib/config-base' was found in cache from location 'd:/DOPAMS/Toystack/dopams-backend-staging/node_modules/aws-sdk/clients'.
======== Module name '../lib/config-base' was successfully resolved to 'd:/DOPAMS/Toystack/dopams-backend-staging/node_modules/aws-sdk/lib/config-base.d.ts' with Package ID 'aws-sdk/lib/config-base.d.ts@2.1693.0'. ========
File 'd:/DOPAMS/Toystack/dopams-backend-staging/node_modules/aws-sdk/clients/package.json' does not exist according to earlier cached lookups.
File 'd:/DOPAMS/Toystack/dopams-backend-staging/node_modules/aws-sdk/package.json' exists according to earlier cached lookups.
======== Resolving module '../lib/request' from 'd:/DOPAMS/Toystack/dopams-backend-staging/node_modules/aws-sdk/clients/ec2.d.ts'. ========
Resolution for module '../lib/request' was found in cache from location 'd:/DOPAMS/Toystack/dopams-backend-staging/node_modules/aws-sdk/clients'.
======== Module name '../lib/request' was successfully resolved to 'd:/DOPAMS/Toystack/dopams-backend-staging/node_modules/aws-sdk/lib/request.d.ts' with Package ID 'aws-sdk/lib/request.d.ts@2.1693.0'. ========
======== Resolving module '../lib/response' from 'd:/DOPAMS/Toystack/dopams-backend-staging/node_modules/aws-sdk/clients/ec2.d.ts'. ========
Resolution for module '../lib/response' was found in cache from location 'd:/DOPAMS/Toystack/dopams-backend-staging/node_modules/aws-sdk/clients'.
======== Module name '../lib/response' was successfully resolved to 'd:/DOPAMS/Toystack/dopams-backend-staging/node_modules/aws-sdk/lib/response.d.ts' with Package ID 'aws-sdk/lib/response.d.ts@2.1693.0'. ========
======== Resolving module '../lib/error' from 'd:/DOPAMS/Toystack/dopams-backend-staging/node_modules/aws-sdk/clients/ec2.d.ts'. ========
Resolution for module '../lib/error' was found in cache from location 'd:/DOPAMS/Toystack/dopams-backend-staging/node_modules/aws-sdk/clients'.
======== Module name '../lib/error' was successfully resolved to 'd:/DOPAMS/Toystack/dopams-backend-staging/node_modules/aws-sdk/lib/error.d.ts' with Package ID 'aws-sdk/lib/error.d.ts@2.1693.0'. ========
======== Resolving module '../lib/service' from 'd:/DOPAMS/Toystack/dopams-backend-staging/node_modules/aws-sdk/clients/ec2.d.ts'. ========
Resolution for module '../lib/service' was found in cache from location 'd:/DOPAMS/Toystack/dopams-backend-staging/node_modules/aws-sdk/clients'.
======== Module name '../lib/service' was successfully resolved to 'd:/DOPAMS/Toystack/dopams-backend-staging/node_modules/aws-sdk/lib/service.d.ts' with Package ID 'aws-sdk/lib/service.d.ts@2.1693.0'. ========
======== Resolving module '../lib/config-base' from 'd:/DOPAMS/Toystack/dopams-backend-staging/node_modules/aws-sdk/clients/ec2.d.ts'. ========
Resolution for module '../lib/config-base' was found in cache from location 'd:/DOPAMS/Toystack/dopams-backend-staging/node_modules/aws-sdk/clients'.
======== Module name '../lib/config-base' was successfully resolved to 'd:/DOPAMS/Toystack/dopams-backend-staging/node_modules/aws-sdk/lib/config-base.d.ts' with Package ID 'aws-sdk/lib/config-base.d.ts@2.1693.0'. ========
File 'd:/DOPAMS/Toystack/dopams-backend-staging/node_modules/aws-sdk/clients/package.json' does not exist according to earlier cached lookups.
File 'd:/DOPAMS/Toystack/dopams-backend-staging/node_modules/aws-sdk/package.json' exists according to earlier cached lookups.
======== Resolving module '../lib/request' from 'd:/DOPAMS/Toystack/dopams-backend-staging/node_modules/aws-sdk/clients/ecr.d.ts'. ========
Resolution for module '../lib/request' was found in cache from location 'd:/DOPAMS/Toystack/dopams-backend-staging/node_modules/aws-sdk/clients'.
======== Module name '../lib/request' was successfully resolved to 'd:/DOPAMS/Toystack/dopams-backend-staging/node_modules/aws-sdk/lib/request.d.ts' with Package ID 'aws-sdk/lib/request.d.ts@2.1693.0'. ========
======== Resolving module '../lib/response' from 'd:/DOPAMS/Toystack/dopams-backend-staging/node_modules/aws-sdk/clients/ecr.d.ts'. ========
Resolution for module '../lib/response' was found in cache from location 'd:/DOPAMS/Toystack/dopams-backend-staging/node_modules/aws-sdk/clients'.
======== Module name '../lib/response' was successfully resolved to 'd:/DOPAMS/Toystack/dopams-backend-staging/node_modules/aws-sdk/lib/response.d.ts' with Package ID 'aws-sdk/lib/response.d.ts@2.1693.0'. ========
======== Resolving module '../lib/error' from 'd:/DOPAMS/Toystack/dopams-backend-staging/node_modules/aws-sdk/clients/ecr.d.ts'. ========
Resolution for module '../lib/error' was found in cache from location 'd:/DOPAMS/Toystack/dopams-backend-staging/node_modules/aws-sdk/clients'.
======== Module name '../lib/error' was successfully resolved to 'd:/DOPAMS/Toystack/dopams-backend-staging/node_modules/aws-sdk/lib/error.d.ts' with Package ID 'aws-sdk/lib/error.d.ts@2.1693.0'. ========
======== Resolving module '../lib/service' from 'd:/DOPAMS/Toystack/dopams-backend-staging/node_modules/aws-sdk/clients/ecr.d.ts'. ========
Resolution for module '../lib/service' was found in cache from location 'd:/DOPAMS/Toystack/dopams-backend-staging/node_modules/aws-sdk/clients'.
======== Module name '../lib/service' was successfully resolved to 'd:/DOPAMS/Toystack/dopams-backend-staging/node_modules/aws-sdk/lib/service.d.ts' with Package ID 'aws-sdk/lib/service.d.ts@2.1693.0'. ========
======== Resolving module '../lib/config-base' from 'd:/DOPAMS/Toystack/dopams-backend-staging/node_modules/aws-sdk/clients/ecr.d.ts'. ========
Resolution for module '../lib/config-base' was found in cache from location 'd:/DOPAMS/Toystack/dopams-backend-staging/node_modules/aws-sdk/clients'.
======== Module name '../lib/config-base' was successfully resolved to 'd:/DOPAMS/Toystack/dopams-backend-staging/node_modules/aws-sdk/lib/config-base.d.ts' with Package ID 'aws-sdk/lib/config-base.d.ts@2.1693.0'. ========
File 'd:/DOPAMS/Toystack/dopams-backend-staging/node_modules/aws-sdk/clients/package.json' does not exist according to earlier cached lookups.
File 'd:/DOPAMS/Toystack/dopams-backend-staging/node_modules/aws-sdk/package.json' exists according to earlier cached lookups.
======== Resolving module '../lib/request' from 'd:/DOPAMS/Toystack/dopams-backend-staging/node_modules/aws-sdk/clients/ecs.d.ts'. ========
Resolution for module '../lib/request' was found in cache from location 'd:/DOPAMS/Toystack/dopams-backend-staging/node_modules/aws-sdk/clients'.
======== Module name '../lib/request' was successfully resolved to 'd:/DOPAMS/Toystack/dopams-backend-staging/node_modules/aws-sdk/lib/request.d.ts' with Package ID 'aws-sdk/lib/request.d.ts@2.1693.0'. ========
======== Resolving module '../lib/response' from 'd:/DOPAMS/Toystack/dopams-backend-staging/node_modules/aws-sdk/clients/ecs.d.ts'. ========
Resolution for module '../lib/response' was found in cache from location 'd:/DOPAMS/Toystack/dopams-backend-staging/node_modules/aws-sdk/clients'.
======== Module name '../lib/response' was successfully resolved to 'd:/DOPAMS/Toystack/dopams-backend-staging/node_modules/aws-sdk/lib/response.d.ts' with Package ID 'aws-sdk/lib/response.d.ts@2.1693.0'. ========
======== Resolving module '../lib/error' from 'd:/DOPAMS/Toystack/dopams-backend-staging/node_modules/aws-sdk/clients/ecs.d.ts'. ========
Resolution for module '../lib/error' was found in cache from location 'd:/DOPAMS/Toystack/dopams-backend-staging/node_modules/aws-sdk/clients'.
======== Module name '../lib/error' was successfully resolved to 'd:/DOPAMS/Toystack/dopams-backend-staging/node_modules/aws-sdk/lib/error.d.ts' with Package ID 'aws-sdk/lib/error.d.ts@2.1693.0'. ========
======== Resolving module '../lib/service' from 'd:/DOPAMS/Toystack/dopams-backend-staging/node_modules/aws-sdk/clients/ecs.d.ts'. ========
Resolution for module '../lib/service' was found in cache from location 'd:/DOPAMS/Toystack/dopams-backend-staging/node_modules/aws-sdk/clients'.
======== Module name '../lib/service' was successfully resolved to 'd:/DOPAMS/Toystack/dopams-backend-staging/node_modules/aws-sdk/lib/service.d.ts' with Package ID 'aws-sdk/lib/service.d.ts@2.1693.0'. ========
======== Resolving module '../lib/config-base' from 'd:/DOPAMS/Toystack/dopams-backend-staging/node_modules/aws-sdk/clients/ecs.d.ts'. ========
Resolution for module '../lib/config-base' was found in cache from location 'd:/DOPAMS/Toystack/dopams-backend-staging/node_modules/aws-sdk/clients'.
======== Module name '../lib/config-base' was successfully resolved to 'd:/DOPAMS/Toystack/dopams-backend-staging/node_modules/aws-sdk/lib/config-base.d.ts' with Package ID 'aws-sdk/lib/config-base.d.ts@2.1693.0'. ========
File 'd:/DOPAMS/Toystack/dopams-backend-staging/node_modules/aws-sdk/clients/package.json' does not exist according to earlier cached lookups.
File 'd:/DOPAMS/Toystack/dopams-backend-staging/node_modules/aws-sdk/package.json' exists according to earlier cached lookups.
======== Resolving module '../lib/request' from 'd:/DOPAMS/Toystack/dopams-backend-staging/node_modules/aws-sdk/clients/efs.d.ts'. ========
Resolution for module '../lib/request' was found in cache from location 'd:/DOPAMS/Toystack/dopams-backend-staging/node_modules/aws-sdk/clients'.
======== Module name '../lib/request' was successfully resolved to 'd:/DOPAMS/Toystack/dopams-backend-staging/node_modules/aws-sdk/lib/request.d.ts' with Package ID 'aws-sdk/lib/request.d.ts@2.1693.0'. ========
======== Resolving module '../lib/response' from 'd:/DOPAMS/Toystack/dopams-backend-staging/node_modules/aws-sdk/clients/efs.d.ts'. ========
Resolution for module '../lib/response' was found in cache from location 'd:/DOPAMS/Toystack/dopams-backend-staging/node_modules/aws-sdk/clients'.
======== Module name '../lib/response' was successfully resolved to 'd:/DOPAMS/Toystack/dopams-backend-staging/node_modules/aws-sdk/lib/response.d.ts' with Package ID 'aws-sdk/lib/response.d.ts@2.1693.0'. ========
======== Resolving module '../lib/error' from 'd:/DOPAMS/Toystack/dopams-backend-staging/node_modules/aws-sdk/clients/efs.d.ts'. ========
Resolution for module '../lib/error' was found in cache from location 'd:/DOPAMS/Toystack/dopams-backend-staging/node_modules/aws-sdk/clients'.
======== Module name '../lib/error' was successfully resolved to 'd:/DOPAMS/Toystack/dopams-backend-staging/node_modules/aws-sdk/lib/error.d.ts' with Package ID 'aws-sdk/lib/error.d.ts@2.1693.0'. ========
======== Resolving module '../lib/service' from 'd:/DOPAMS/Toystack/dopams-backend-staging/node_modules/aws-sdk/clients/efs.d.ts'. ========
Resolution for module '../lib/service' was found in cache from location 'd:/DOPAMS/Toystack/dopams-backend-staging/node_modules/aws-sdk/clients'.
======== Module name '../lib/service' was successfully resolved to 'd:/DOPAMS/Toystack/dopams-backend-staging/node_modules/aws-sdk/lib/service.d.ts' with Package ID 'aws-sdk/lib/service.d.ts@2.1693.0'. ========
======== Resolving module '../lib/config-base' from 'd:/DOPAMS/Toystack/dopams-backend-staging/node_modules/aws-sdk/clients/efs.d.ts'. ========
Resolution for module '../lib/config-base' was found in cache from location 'd:/DOPAMS/Toystack/dopams-backend-staging/node_modules/aws-sdk/clients'.
======== Module name '../lib/config-base' was successfully resolved to 'd:/DOPAMS/Toystack/dopams-backend-staging/node_modules/aws-sdk/lib/config-base.d.ts' with Package ID 'aws-sdk/lib/config-base.d.ts@2.1693.0'. ========
File 'd:/DOPAMS/Toystack/dopams-backend-staging/node_modules/aws-sdk/clients/package.json' does not exist according to earlier cached lookups.
File 'd:/DOPAMS/Toystack/dopams-backend-staging/node_modules/aws-sdk/package.json' exists according to earlier cached lookups.
======== Resolving module '../lib/request' from 'd:/DOPAMS/Toystack/dopams-backend-staging/node_modules/aws-sdk/clients/elasticache.d.ts'. ========
Resolution for module '../lib/request' was found in cache from location 'd:/DOPAMS/Toystack/dopams-backend-staging/node_modules/aws-sdk/clients'.
======== Module name '../lib/request' was successfully resolved to 'd:/DOPAMS/Toystack/dopams-backend-staging/node_modules/aws-sdk/lib/request.d.ts' with Package ID 'aws-sdk/lib/request.d.ts@2.1693.0'. ========
======== Resolving module '../lib/response' from 'd:/DOPAMS/Toystack/dopams-backend-staging/node_modules/aws-sdk/clients/elasticache.d.ts'. ========
Resolution for module '../lib/response' was found in cache from location 'd:/DOPAMS/Toystack/dopams-backend-staging/node_modules/aws-sdk/clients'.
======== Module name '../lib/response' was successfully resolved to 'd:/DOPAMS/Toystack/dopams-backend-staging/node_modules/aws-sdk/lib/response.d.ts' with Package ID 'aws-sdk/lib/response.d.ts@2.1693.0'. ========
======== Resolving module '../lib/error' from 'd:/DOPAMS/Toystack/dopams-backend-staging/node_modules/aws-sdk/clients/elasticache.d.ts'. ========
Resolution for module '../lib/error' was found in cache from location 'd:/DOPAMS/Toystack/dopams-backend-staging/node_modules/aws-sdk/clients'.
======== Module name '../lib/error' was successfully resolved to 'd:/DOPAMS/Toystack/dopams-backend-staging/node_modules/aws-sdk/lib/error.d.ts' with Package ID 'aws-sdk/lib/error.d.ts@2.1693.0'. ========
======== Resolving module '../lib/service' from 'd:/DOPAMS/Toystack/dopams-backend-staging/node_modules/aws-sdk/clients/elasticache.d.ts'. ========
Resolution for module '../lib/service' was found in cache from location 'd:/DOPAMS/Toystack/dopams-backend-staging/node_modules/aws-sdk/clients'.
======== Module name '../lib/service' was successfully resolved to 'd:/DOPAMS/Toystack/dopams-backend-staging/node_modules/aws-sdk/lib/service.d.ts' with Package ID 'aws-sdk/lib/service.d.ts@2.1693.0'. ========
======== Resolving module '../lib/config-base' from 'd:/DOPAMS/Toystack/dopams-backend-staging/node_modules/aws-sdk/clients/elasticache.d.ts'. ========
Resolution for module '../lib/config-base' was found in cache from location 'd:/DOPAMS/Toystack/dopams-backend-staging/node_modules/aws-sdk/clients'.
======== Module name '../lib/config-base' was successfully resolved to 'd:/DOPAMS/Toystack/dopams-backend-staging/node_modules/aws-sdk/lib/config-base.d.ts' with Package ID 'aws-sdk/lib/config-base.d.ts@2.1693.0'. ========
File 'd:/DOPAMS/Toystack/dopams-backend-staging/node_modules/aws-sdk/clients/package.json' does not exist according to earlier cached lookups.
File 'd:/DOPAMS/Toystack/dopams-backend-staging/node_modules/aws-sdk/package.json' exists according to earlier cached lookups.
======== Resolving module '../lib/request' from 'd:/DOPAMS/Toystack/dopams-backend-staging/node_modules/aws-sdk/clients/elasticbeanstalk.d.ts'. ========
Resolution for module '../lib/request' was found in cache from location 'd:/DOPAMS/Toystack/dopams-backend-staging/node_modules/aws-sdk/clients'.
======== Module name '../lib/request' was successfully resolved to 'd:/DOPAMS/Toystack/dopams-backend-staging/node_modules/aws-sdk/lib/request.d.ts' with Package ID 'aws-sdk/lib/request.d.ts@2.1693.0'. ========
======== Resolving module '../lib/response' from 'd:/DOPAMS/Toystack/dopams-backend-staging/node_modules/aws-sdk/clients/elasticbeanstalk.d.ts'. ========
Resolution for module '../lib/response' was found in cache from location 'd:/DOPAMS/Toystack/dopams-backend-staging/node_modules/aws-sdk/clients'.
======== Module name '../lib/response' was successfully resolved to 'd:/DOPAMS/Toystack/dopams-backend-staging/node_modules/aws-sdk/lib/response.d.ts' with Package ID 'aws-sdk/lib/response.d.ts@2.1693.0'. ========
======== Resolving module '../lib/error' from 'd:/DOPAMS/Toystack/dopams-backend-staging/node_modules/aws-sdk/clients/elasticbeanstalk.d.ts'. ========
Resolution for module '../lib/error' was found in cache from location 'd:/DOPAMS/Toystack/dopams-backend-staging/node_modules/aws-sdk/clients'.
======== Module name '../lib/error' was successfully resolved to 'd:/DOPAMS/Toystack/dopams-backend-staging/node_modules/aws-sdk/lib/error.d.ts' with Package ID 'aws-sdk/lib/error.d.ts@2.1693.0'. ========
======== Resolving module '../lib/service' from 'd:/DOPAMS/Toystack/dopams-backend-staging/node_modules/aws-sdk/clients/elasticbeanstalk.d.ts'. ========
Resolution for module '../lib/service' was found in cache from location 'd:/DOPAMS/Toystack/dopams-backend-staging/node_modules/aws-sdk/clients'.
======== Module name '../lib/service' was successfully resolved to 'd:/DOPAMS/Toystack/dopams-backend-staging/node_modules/aws-sdk/lib/service.d.ts' with Package ID 'aws-sdk/lib/service.d.ts@2.1693.0'. ========
======== Resolving module '../lib/config-base' from 'd:/DOPAMS/Toystack/dopams-backend-staging/node_modules/aws-sdk/clients/elasticbeanstalk.d.ts'. ========
Resolution for module '../lib/config-base' was found in cache from location 'd:/DOPAMS/Toystack/dopams-backend-staging/node_modules/aws-sdk/clients'.
======== Module name '../lib/config-base' was successfully resolved to 'd:/DOPAMS/Toystack/dopams-backend-staging/node_modules/aws-sdk/lib/config-base.d.ts' with Package ID 'aws-sdk/lib/config-base.d.ts@2.1693.0'. ========
File 'd:/DOPAMS/Toystack/dopams-backend-staging/node_modules/aws-sdk/clients/package.json' does not exist according to earlier cached lookups.
File 'd:/DOPAMS/Toystack/dopams-backend-staging/node_modules/aws-sdk/package.json' exists according to earlier cached lookups.
======== Resolving module '../lib/request' from 'd:/DOPAMS/Toystack/dopams-backend-staging/node_modules/aws-sdk/clients/elb.d.ts'. ========
Resolution for module '../lib/request' was found in cache from location 'd:/DOPAMS/Toystack/dopams-backend-staging/node_modules/aws-sdk/clients'.
======== Module name '../lib/request' was successfully resolved to 'd:/DOPAMS/Toystack/dopams-backend-staging/node_modules/aws-sdk/lib/request.d.ts' with Package ID 'aws-sdk/lib/request.d.ts@2.1693.0'. ========
======== Resolving module '../lib/response' from 'd:/DOPAMS/Toystack/dopams-backend-staging/node_modules/aws-sdk/clients/elb.d.ts'. ========
Resolution for module '../lib/response' was found in cache from location 'd:/DOPAMS/Toystack/dopams-backend-staging/node_modules/aws-sdk/clients'.
======== Module name '../lib/response' was successfully resolved to 'd:/DOPAMS/Toystack/dopams-backend-staging/node_modules/aws-sdk/lib/response.d.ts' with Package ID 'aws-sdk/lib/response.d.ts@2.1693.0'. ========
======== Resolving module '../lib/error' from 'd:/DOPAMS/Toystack/dopams-backend-staging/node_modules/aws-sdk/clients/elb.d.ts'. ========
Resolution for module '../lib/error' was found in cache from location 'd:/DOPAMS/Toystack/dopams-backend-staging/node_modules/aws-sdk/clients'.
======== Module name '../lib/error' was successfully resolved to 'd:/DOPAMS/Toystack/dopams-backend-staging/node_modules/aws-sdk/lib/error.d.ts' with Package ID 'aws-sdk/lib/error.d.ts@2.1693.0'. ========
======== Resolving module '../lib/service' from 'd:/DOPAMS/Toystack/dopams-backend-staging/node_modules/aws-sdk/clients/elb.d.ts'. ========
Resolution for module '../lib/service' was found in cache from location 'd:/DOPAMS/Toystack/dopams-backend-staging/node_modules/aws-sdk/clients'.
======== Module name '../lib/service' was successfully resolved to 'd:/DOPAMS/Toystack/dopams-backend-staging/node_modules/aws-sdk/lib/service.d.ts' with Package ID 'aws-sdk/lib/service.d.ts@2.1693.0'. ========
======== Resolving module '../lib/config-base' from 'd:/DOPAMS/Toystack/dopams-backend-staging/node_modules/aws-sdk/clients/elb.d.ts'. ========
Resolution for module '../lib/config-base' was found in cache from location 'd:/DOPAMS/Toystack/dopams-backend-staging/node_modules/aws-sdk/clients'.
======== Module name '../lib/config-base' was successfully resolved to 'd:/DOPAMS/Toystack/dopams-backend-staging/node_modules/aws-sdk/lib/config-base.d.ts' with Package ID 'aws-sdk/lib/config-base.d.ts@2.1693.0'. ========
File 'd:/DOPAMS/Toystack/dopams-backend-staging/node_modules/aws-sdk/clients/package.json' does not exist according to earlier cached lookups.
File 'd:/DOPAMS/Toystack/dopams-backend-staging/node_modules/aws-sdk/package.json' exists according to earlier cached lookups.
======== Resolving module '../lib/request' from 'd:/DOPAMS/Toystack/dopams-backend-staging/node_modules/aws-sdk/clients/elbv2.d.ts'. ========
Resolution for module '../lib/request' was found in cache from location 'd:/DOPAMS/Toystack/dopams-backend-staging/node_modules/aws-sdk/clients'.
======== Module name '../lib/request' was successfully resolved to 'd:/DOPAMS/Toystack/dopams-backend-staging/node_modules/aws-sdk/lib/request.d.ts' with Package ID 'aws-sdk/lib/request.d.ts@2.1693.0'. ========
======== Resolving module '../lib/response' from 'd:/DOPAMS/Toystack/dopams-backend-staging/node_modules/aws-sdk/clients/elbv2.d.ts'. ========
Resolution for module '../lib/response' was found in cache from location 'd:/DOPAMS/Toystack/dopams-backend-staging/node_modules/aws-sdk/clients'.
======== Module name '../lib/response' was successfully resolved to 'd:/DOPAMS/Toystack/dopams-backend-staging/node_modules/aws-sdk/lib/response.d.ts' with Package ID 'aws-sdk/lib/response.d.ts@2.1693.0'. ========
======== Resolving module '../lib/error' from 'd:/DOPAMS/Toystack/dopams-backend-staging/node_modules/aws-sdk/clients/elbv2.d.ts'. ========
Resolution for module '../lib/error' was found in cache from location 'd:/DOPAMS/Toystack/dopams-backend-staging/node_modules/aws-sdk/clients'.
======== Module name '../lib/error' was successfully resolved to 'd:/DOPAMS/Toystack/dopams-backend-staging/node_modules/aws-sdk/lib/error.d.ts' with Package ID 'aws-sdk/lib/error.d.ts@2.1693.0'. ========
======== Resolving module '../lib/service' from 'd:/DOPAMS/Toystack/dopams-backend-staging/node_modules/aws-sdk/clients/elbv2.d.ts'. ========
Resolution for module '../lib/service' was found in cache from location 'd:/DOPAMS/Toystack/dopams-backend-staging/node_modules/aws-sdk/clients'.
======== Module name '../lib/service' was successfully resolved to 'd:/DOPAMS/Toystack/dopams-backend-staging/node_modules/aws-sdk/lib/service.d.ts' with Package ID 'aws-sdk/lib/service.d.ts@2.1693.0'. ========
======== Resolving module '../lib/config-base' from 'd:/DOPAMS/Toystack/dopams-backend-staging/node_modules/aws-sdk/clients/elbv2.d.ts'. ========
Resolution for module '../lib/config-base' was found in cache from location 'd:/DOPAMS/Toystack/dopams-backend-staging/node_modules/aws-sdk/clients'.
======== Module name '../lib/config-base' was successfully resolved to 'd:/DOPAMS/Toystack/dopams-backend-staging/node_modules/aws-sdk/lib/config-base.d.ts' with Package ID 'aws-sdk/lib/config-base.d.ts@2.1693.0'. ========
File 'd:/DOPAMS/Toystack/dopams-backend-staging/node_modules/aws-sdk/clients/package.json' does not exist according to earlier cached lookups.
File 'd:/DOPAMS/Toystack/dopams-backend-staging/node_modules/aws-sdk/package.json' exists according to earlier cached lookups.
======== Resolving module '../lib/request' from 'd:/DOPAMS/Toystack/dopams-backend-staging/node_modules/aws-sdk/clients/emr.d.ts'. ========
Resolution for module '../lib/request' was found in cache from location 'd:/DOPAMS/Toystack/dopams-backend-staging/node_modules/aws-sdk/clients'.
======== Module name '../lib/request' was successfully resolved to 'd:/DOPAMS/Toystack/dopams-backend-staging/node_modules/aws-sdk/lib/request.d.ts' with Package ID 'aws-sdk/lib/request.d.ts@2.1693.0'. ========
======== Resolving module '../lib/response' from 'd:/DOPAMS/Toystack/dopams-backend-staging/node_modules/aws-sdk/clients/emr.d.ts'. ========
Resolution for module '../lib/response' was found in cache from location 'd:/DOPAMS/Toystack/dopams-backend-staging/node_modules/aws-sdk/clients'.
======== Module name '../lib/response' was successfully resolved to 'd:/DOPAMS/Toystack/dopams-backend-staging/node_modules/aws-sdk/lib/response.d.ts' with Package ID 'aws-sdk/lib/response.d.ts@2.1693.0'. ========
======== Resolving module '../lib/error' from 'd:/DOPAMS/Toystack/dopams-backend-staging/node_modules/aws-sdk/clients/emr.d.ts'. ========
Resolution for module '../lib/error' was found in cache from location 'd:/DOPAMS/Toystack/dopams-backend-staging/node_modules/aws-sdk/clients'.
======== Module name '../lib/error' was successfully resolved to 'd:/DOPAMS/Toystack/dopams-backend-staging/node_modules/aws-sdk/lib/error.d.ts' with Package ID 'aws-sdk/lib/error.d.ts@2.1693.0'. ========
======== Resolving module '../lib/service' from 'd:/DOPAMS/Toystack/dopams-backend-staging/node_modules/aws-sdk/clients/emr.d.ts'. ========
Resolution for module '../lib/service' was found in cache from location 'd:/DOPAMS/Toystack/dopams-backend-staging/node_modules/aws-sdk/clients'.
======== Module name '../lib/service' was successfully resolved to 'd:/DOPAMS/Toystack/dopams-backend-staging/node_modules/aws-sdk/lib/service.d.ts' with Package ID 'aws-sdk/lib/service.d.ts@2.1693.0'. ========
======== Resolving module '../lib/config-base' from 'd:/DOPAMS/Toystack/dopams-backend-staging/node_modules/aws-sdk/clients/emr.d.ts'. ========
Resolution for module '../lib/config-base' was found in cache from location 'd:/DOPAMS/Toystack/dopams-backend-staging/node_modules/aws-sdk/clients'.
======== Module name '../lib/config-base' was successfully resolved to 'd:/DOPAMS/Toystack/dopams-backend-staging/node_modules/aws-sdk/lib/config-base.d.ts' with Package ID 'aws-sdk/lib/config-base.d.ts@2.1693.0'. ========
File 'd:/DOPAMS/Toystack/dopams-backend-staging/node_modules/aws-sdk/clients/package.json' does not exist according to earlier cached lookups.
File 'd:/DOPAMS/Toystack/dopams-backend-staging/node_modules/aws-sdk/package.json' exists according to earlier cached lookups.
======== Resolving module '../lib/request' from 'd:/DOPAMS/Toystack/dopams-backend-staging/node_modules/aws-sdk/clients/es.d.ts'. ========
Resolution for module '../lib/request' was found in cache from location 'd:/DOPAMS/Toystack/dopams-backend-staging/node_modules/aws-sdk/clients'.
======== Module name '../lib/request' was successfully resolved to 'd:/DOPAMS/Toystack/dopams-backend-staging/node_modules/aws-sdk/lib/request.d.ts' with Package ID 'aws-sdk/lib/request.d.ts@2.1693.0'. ========
======== Resolving module '../lib/response' from 'd:/DOPAMS/Toystack/dopams-backend-staging/node_modules/aws-sdk/clients/es.d.ts'. ========
Resolution for module '../lib/response' was found in cache from location 'd:/DOPAMS/Toystack/dopams-backend-staging/node_modules/aws-sdk/clients'.
======== Module name '../lib/response' was successfully resolved to 'd:/DOPAMS/Toystack/dopams-backend-staging/node_modules/aws-sdk/lib/response.d.ts' with Package ID 'aws-sdk/lib/response.d.ts@2.1693.0'. ========
======== Resolving module '../lib/error' from 'd:/DOPAMS/Toystack/dopams-backend-staging/node_modules/aws-sdk/clients/es.d.ts'. ========
Resolution for module '../lib/error' was found in cache from location 'd:/DOPAMS/Toystack/dopams-backend-staging/node_modules/aws-sdk/clients'.
======== Module name '../lib/error' was successfully resolved to 'd:/DOPAMS/Toystack/dopams-backend-staging/node_modules/aws-sdk/lib/error.d.ts' with Package ID 'aws-sdk/lib/error.d.ts@2.1693.0'. ========
======== Resolving module '../lib/service' from 'd:/DOPAMS/Toystack/dopams-backend-staging/node_modules/aws-sdk/clients/es.d.ts'. ========
Resolution for module '../lib/service' was found in cache from location 'd:/DOPAMS/Toystack/dopams-backend-staging/node_modules/aws-sdk/clients'.
======== Module name '../lib/service' was successfully resolved to 'd:/DOPAMS/Toystack/dopams-backend-staging/node_modules/aws-sdk/lib/service.d.ts' with Package ID 'aws-sdk/lib/service.d.ts@2.1693.0'. ========
======== Resolving module '../lib/config-base' from 'd:/DOPAMS/Toystack/dopams-backend-staging/node_modules/aws-sdk/clients/es.d.ts'. ========
Resolution for module '../lib/config-base' was found in cache from location 'd:/DOPAMS/Toystack/dopams-backend-staging/node_modules/aws-sdk/clients'.
======== Module name '../lib/config-base' was successfully resolved to 'd:/DOPAMS/Toystack/dopams-backend-staging/node_modules/aws-sdk/lib/config-base.d.ts' with Package ID 'aws-sdk/lib/config-base.d.ts@2.1693.0'. ========
File 'd:/DOPAMS/Toystack/dopams-backend-staging/node_modules/aws-sdk/clients/package.json' does not exist according to earlier cached lookups.
File 'd:/DOPAMS/Toystack/dopams-backend-staging/node_modules/aws-sdk/package.json' exists according to earlier cached lookups.
======== Resolving module '../lib/request' from 'd:/DOPAMS/Toystack/dopams-backend-staging/node_modules/aws-sdk/clients/elastictranscoder.d.ts'. ========
Resolution for module '../lib/request' was found in cache from location 'd:/DOPAMS/Toystack/dopams-backend-staging/node_modules/aws-sdk/clients'.
======== Module name '../lib/request' was successfully resolved to 'd:/DOPAMS/Toystack/dopams-backend-staging/node_modules/aws-sdk/lib/request.d.ts' with Package ID 'aws-sdk/lib/request.d.ts@2.1693.0'. ========
======== Resolving module '../lib/response' from 'd:/DOPAMS/Toystack/dopams-backend-staging/node_modules/aws-sdk/clients/elastictranscoder.d.ts'. ========
Resolution for module '../lib/response' was found in cache from location 'd:/DOPAMS/Toystack/dopams-backend-staging/node_modules/aws-sdk/clients'.
======== Module name '../lib/response' was successfully resolved to 'd:/DOPAMS/Toystack/dopams-backend-staging/node_modules/aws-sdk/lib/response.d.ts' with Package ID 'aws-sdk/lib/response.d.ts@2.1693.0'. ========
======== Resolving module '../lib/error' from 'd:/DOPAMS/Toystack/dopams-backend-staging/node_modules/aws-sdk/clients/elastictranscoder.d.ts'. ========
Resolution for module '../lib/error' was found in cache from location 'd:/DOPAMS/Toystack/dopams-backend-staging/node_modules/aws-sdk/clients'.
======== Module name '../lib/error' was successfully resolved to 'd:/DOPAMS/Toystack/dopams-backend-staging/node_modules/aws-sdk/lib/error.d.ts' with Package ID 'aws-sdk/lib/error.d.ts@2.1693.0'. ========
======== Resolving module '../lib/service' from 'd:/DOPAMS/Toystack/dopams-backend-staging/node_modules/aws-sdk/clients/elastictranscoder.d.ts'. ========
Resolution for module '../lib/service' was found in cache from location 'd:/DOPAMS/Toystack/dopams-backend-staging/node_modules/aws-sdk/clients'.
======== Module name '../lib/service' was successfully resolved to 'd:/DOPAMS/Toystack/dopams-backend-staging/node_modules/aws-sdk/lib/service.d.ts' with Package ID 'aws-sdk/lib/service.d.ts@2.1693.0'. ========
======== Resolving module '../lib/config-base' from 'd:/DOPAMS/Toystack/dopams-backend-staging/node_modules/aws-sdk/clients/elastictranscoder.d.ts'. ========
Resolution for module '../lib/config-base' was found in cache from location 'd:/DOPAMS/Toystack/dopams-backend-staging/node_modules/aws-sdk/clients'.
======== Module name '../lib/config-base' was successfully resolved to 'd:/DOPAMS/Toystack/dopams-backend-staging/node_modules/aws-sdk/lib/config-base.d.ts' with Package ID 'aws-sdk/lib/config-base.d.ts@2.1693.0'. ========
File 'd:/DOPAMS/Toystack/dopams-backend-staging/node_modules/aws-sdk/clients/package.json' does not exist according to earlier cached lookups.
File 'd:/DOPAMS/Toystack/dopams-backend-staging/node_modules/aws-sdk/package.json' exists according to earlier cached lookups.
======== Resolving module '../lib/request' from 'd:/DOPAMS/Toystack/dopams-backend-staging/node_modules/aws-sdk/clients/firehose.d.ts'. ========
Resolution for module '../lib/request' was found in cache from location 'd:/DOPAMS/Toystack/dopams-backend-staging/node_modules/aws-sdk/clients'.
======== Module name '../lib/request' was successfully resolved to 'd:/DOPAMS/Toystack/dopams-backend-staging/node_modules/aws-sdk/lib/request.d.ts' with Package ID 'aws-sdk/lib/request.d.ts@2.1693.0'. ========
======== Resolving module '../lib/response' from 'd:/DOPAMS/Toystack/dopams-backend-staging/node_modules/aws-sdk/clients/firehose.d.ts'. ========
Resolution for module '../lib/response' was found in cache from location 'd:/DOPAMS/Toystack/dopams-backend-staging/node_modules/aws-sdk/clients'.
======== Module name '../lib/response' was successfully resolved to 'd:/DOPAMS/Toystack/dopams-backend-staging/node_modules/aws-sdk/lib/response.d.ts' with Package ID 'aws-sdk/lib/response.d.ts@2.1693.0'. ========
======== Resolving module '../lib/error' from 'd:/DOPAMS/Toystack/dopams-backend-staging/node_modules/aws-sdk/clients/firehose.d.ts'. ========
Resolution for module '../lib/error' was found in cache from location 'd:/DOPAMS/Toystack/dopams-backend-staging/node_modules/aws-sdk/clients'.
======== Module name '../lib/error' was successfully resolved to 'd:/DOPAMS/Toystack/dopams-backend-staging/node_modules/aws-sdk/lib/error.d.ts' with Package ID 'aws-sdk/lib/error.d.ts@2.1693.0'. ========
======== Resolving module '../lib/service' from 'd:/DOPAMS/Toystack/dopams-backend-staging/node_modules/aws-sdk/clients/firehose.d.ts'. ========
Resolution for module '../lib/service' was found in cache from location 'd:/DOPAMS/Toystack/dopams-backend-staging/node_modules/aws-sdk/clients'.
======== Module name '../lib/service' was successfully resolved to 'd:/DOPAMS/Toystack/dopams-backend-staging/node_modules/aws-sdk/lib/service.d.ts' with Package ID 'aws-sdk/lib/service.d.ts@2.1693.0'. ========
======== Resolving module '../lib/config-base' from 'd:/DOPAMS/Toystack/dopams-backend-staging/node_modules/aws-sdk/clients/firehose.d.ts'. ========
Resolution for module '../lib/config-base' was found in cache from location 'd:/DOPAMS/Toystack/dopams-backend-staging/node_modules/aws-sdk/clients'.
======== Module name '../lib/config-base' was successfully resolved to 'd:/DOPAMS/Toystack/dopams-backend-staging/node_modules/aws-sdk/lib/config-base.d.ts' with Package ID 'aws-sdk/lib/config-base.d.ts@2.1693.0'. ========
File 'd:/DOPAMS/Toystack/dopams-backend-staging/node_modules/aws-sdk/clients/package.json' does not exist according to earlier cached lookups.
File 'd:/DOPAMS/Toystack/dopams-backend-staging/node_modules/aws-sdk/package.json' exists according to earlier cached lookups.
======== Resolving module '../lib/request' from 'd:/DOPAMS/Toystack/dopams-backend-staging/node_modules/aws-sdk/clients/gamelift.d.ts'. ========
Resolution for module '../lib/request' was found in cache from location 'd:/DOPAMS/Toystack/dopams-backend-staging/node_modules/aws-sdk/clients'.
======== Module name '../lib/request' was successfully resolved to 'd:/DOPAMS/Toystack/dopams-backend-staging/node_modules/aws-sdk/lib/request.d.ts' with Package ID 'aws-sdk/lib/request.d.ts@2.1693.0'. ========
======== Resolving module '../lib/response' from 'd:/DOPAMS/Toystack/dopams-backend-staging/node_modules/aws-sdk/clients/gamelift.d.ts'. ========
Resolution for module '../lib/response' was found in cache from location 'd:/DOPAMS/Toystack/dopams-backend-staging/node_modules/aws-sdk/clients'.
======== Module name '../lib/response' was successfully resolved to 'd:/DOPAMS/Toystack/dopams-backend-staging/node_modules/aws-sdk/lib/response.d.ts' with Package ID 'aws-sdk/lib/response.d.ts@2.1693.0'. ========
======== Resolving module '../lib/error' from 'd:/DOPAMS/Toystack/dopams-backend-staging/node_modules/aws-sdk/clients/gamelift.d.ts'. ========
Resolution for module '../lib/error' was found in cache from location 'd:/DOPAMS/Toystack/dopams-backend-staging/node_modules/aws-sdk/clients'.
======== Module name '../lib/error' was successfully resolved to 'd:/DOPAMS/Toystack/dopams-backend-staging/node_modules/aws-sdk/lib/error.d.ts' with Package ID 'aws-sdk/lib/error.d.ts@2.1693.0'. ========
======== Resolving module '../lib/service' from 'd:/DOPAMS/Toystack/dopams-backend-staging/node_modules/aws-sdk/clients/gamelift.d.ts'. ========
Resolution for module '../lib/service' was found in cache from location 'd:/DOPAMS/Toystack/dopams-backend-staging/node_modules/aws-sdk/clients'.
======== Module name '../lib/service' was successfully resolved to 'd:/DOPAMS/Toystack/dopams-backend-staging/node_modules/aws-sdk/lib/service.d.ts' with Package ID 'aws-sdk/lib/service.d.ts@2.1693.0'. ========
======== Resolving module '../lib/config-base' from 'd:/DOPAMS/Toystack/dopams-backend-staging/node_modules/aws-sdk/clients/gamelift.d.ts'. ========
Resolution for module '../lib/config-base' was found in cache from location 'd:/DOPAMS/Toystack/dopams-backend-staging/node_modules/aws-sdk/clients'.
======== Module name '../lib/config-base' was successfully resolved to 'd:/DOPAMS/Toystack/dopams-backend-staging/node_modules/aws-sdk/lib/config-base.d.ts' with Package ID 'aws-sdk/lib/config-base.d.ts@2.1693.0'. ========
File 'd:/DOPAMS/Toystack/dopams-backend-staging/node_modules/aws-sdk/clients/package.json' does not exist according to earlier cached lookups.
File 'd:/DOPAMS/Toystack/dopams-backend-staging/node_modules/aws-sdk/package.json' exists according to earlier cached lookups.
======== Resolving module '../lib/request' from 'd:/DOPAMS/Toystack/dopams-backend-staging/node_modules/aws-sdk/clients/glacier.d.ts'. ========
Resolution for module '../lib/request' was found in cache from location 'd:/DOPAMS/Toystack/dopams-backend-staging/node_modules/aws-sdk/clients'.
======== Module name '../lib/request' was successfully resolved to 'd:/DOPAMS/Toystack/dopams-backend-staging/node_modules/aws-sdk/lib/request.d.ts' with Package ID 'aws-sdk/lib/request.d.ts@2.1693.0'. ========
======== Resolving module '../lib/response' from 'd:/DOPAMS/Toystack/dopams-backend-staging/node_modules/aws-sdk/clients/glacier.d.ts'. ========
Resolution for module '../lib/response' was found in cache from location 'd:/DOPAMS/Toystack/dopams-backend-staging/node_modules/aws-sdk/clients'.
======== Module name '../lib/response' was successfully resolved to 'd:/DOPAMS/Toystack/dopams-backend-staging/node_modules/aws-sdk/lib/response.d.ts' with Package ID 'aws-sdk/lib/response.d.ts@2.1693.0'. ========
======== Resolving module '../lib/error' from 'd:/DOPAMS/Toystack/dopams-backend-staging/node_modules/aws-sdk/clients/glacier.d.ts'. ========
Resolution for module '../lib/error' was found in cache from location 'd:/DOPAMS/Toystack/dopams-backend-staging/node_modules/aws-sdk/clients'.
======== Module name '../lib/error' was successfully resolved to 'd:/DOPAMS/Toystack/dopams-backend-staging/node_modules/aws-sdk/lib/error.d.ts' with Package ID 'aws-sdk/lib/error.d.ts@2.1693.0'. ========
======== Resolving module '../lib/services/glacier' from 'd:/DOPAMS/Toystack/dopams-backend-staging/node_modules/aws-sdk/clients/glacier.d.ts'. ========
Explicitly specified module resolution kind: 'Node10'.
Loading module as file / folder, candidate module location 'd:/DOPAMS/Toystack/dopams-backend-staging/node_modules/aws-sdk/lib/services/glacier', target file types: TypeScript, Declaration.
File 'd:/DOPAMS/Toystack/dopams-backend-staging/node_modules/aws-sdk/lib/services/glacier.ts' does not exist.
File 'd:/DOPAMS/Toystack/dopams-backend-staging/node_modules/aws-sdk/lib/services/glacier.tsx' does not exist.
File 'd:/DOPAMS/Toystack/dopams-backend-staging/node_modules/aws-sdk/lib/services/glacier.d.ts' exists - use it as a name resolution result.
File 'd:/DOPAMS/Toystack/dopams-backend-staging/node_modules/aws-sdk/package.json' exists according to earlier cached lookups.
======== Module name '../lib/services/glacier' was successfully resolved to 'd:/DOPAMS/Toystack/dopams-backend-staging/node_modules/aws-sdk/lib/services/glacier.d.ts' with Package ID 'aws-sdk/lib/services/glacier.d.ts@2.1693.0'. ========
======== Resolving module '../lib/service' from 'd:/DOPAMS/Toystack/dopams-backend-staging/node_modules/aws-sdk/clients/glacier.d.ts'. ========
Resolution for module '../lib/service' was found in cache from location 'd:/DOPAMS/Toystack/dopams-backend-staging/node_modules/aws-sdk/clients'.
======== Module name '../lib/service' was successfully resolved to 'd:/DOPAMS/Toystack/dopams-backend-staging/node_modules/aws-sdk/lib/service.d.ts' with Package ID 'aws-sdk/lib/service.d.ts@2.1693.0'. ========
======== Resolving module '../lib/config-base' from 'd:/DOPAMS/Toystack/dopams-backend-staging/node_modules/aws-sdk/clients/glacier.d.ts'. ========
Resolution for module '../lib/config-base' was found in cache from location 'd:/DOPAMS/Toystack/dopams-backend-staging/node_modules/aws-sdk/clients'.
======== Module name '../lib/config-base' was successfully resolved to 'd:/DOPAMS/Toystack/dopams-backend-staging/node_modules/aws-sdk/lib/config-base.d.ts' with Package ID 'aws-sdk/lib/config-base.d.ts@2.1693.0'. ========
======== Resolving module 'stream' from 'd:/DOPAMS/Toystack/dopams-backend-staging/node_modules/aws-sdk/clients/glacier.d.ts'. ========
Resolution for module 'stream' was found in cache from location 'd:/DOPAMS/Toystack/dopams-backend-staging/node_modules/aws-sdk/clients'.
======== Module name 'stream' was not resolved. ========
File 'd:/DOPAMS/Toystack/dopams-backend-staging/node_modules/aws-sdk/lib/services/package.json' does not exist according to earlier cached lookups.
File 'd:/DOPAMS/Toystack/dopams-backend-staging/node_modules/aws-sdk/lib/package.json' does not exist according to earlier cached lookups.
File 'd:/DOPAMS/Toystack/dopams-backend-staging/node_modules/aws-sdk/package.json' exists according to earlier cached lookups.
======== Resolving module '../service' from 'd:/DOPAMS/Toystack/dopams-backend-staging/node_modules/aws-sdk/lib/services/glacier.d.ts'. ========
Resolution for module '../service' was found in cache from location 'd:/DOPAMS/Toystack/dopams-backend-staging/node_modules/aws-sdk/lib/services'.
======== Module name '../service' was successfully resolved to 'd:/DOPAMS/Toystack/dopams-backend-staging/node_modules/aws-sdk/lib/service.d.ts' with Package ID 'aws-sdk/lib/service.d.ts@2.1693.0'. ========
File 'd:/DOPAMS/Toystack/dopams-backend-staging/node_modules/aws-sdk/clients/package.json' does not exist according to earlier cached lookups.
File 'd:/DOPAMS/Toystack/dopams-backend-staging/node_modules/aws-sdk/package.json' exists according to earlier cached lookups.
======== Resolving module '../lib/request' from 'd:/DOPAMS/Toystack/dopams-backend-staging/node_modules/aws-sdk/clients/health.d.ts'. ========
Resolution for module '../lib/request' was found in cache from location 'd:/DOPAMS/Toystack/dopams-backend-staging/node_modules/aws-sdk/clients'.
======== Module name '../lib/request' was successfully resolved to 'd:/DOPAMS/Toystack/dopams-backend-staging/node_modules/aws-sdk/lib/request.d.ts' with Package ID 'aws-sdk/lib/request.d.ts@2.1693.0'. ========
======== Resolving module '../lib/response' from 'd:/DOPAMS/Toystack/dopams-backend-staging/node_modules/aws-sdk/clients/health.d.ts'. ========
Resolution for module '../lib/response' was found in cache from location 'd:/DOPAMS/Toystack/dopams-backend-staging/node_modules/aws-sdk/clients'.
======== Module name '../lib/response' was successfully resolved to 'd:/DOPAMS/Toystack/dopams-backend-staging/node_modules/aws-sdk/lib/response.d.ts' with Package ID 'aws-sdk/lib/response.d.ts@2.1693.0'. ========
======== Resolving module '../lib/error' from 'd:/DOPAMS/Toystack/dopams-backend-staging/node_modules/aws-sdk/clients/health.d.ts'. ========
Resolution for module '../lib/error' was found in cache from location 'd:/DOPAMS/Toystack/dopams-backend-staging/node_modules/aws-sdk/clients'.
======== Module name '../lib/error' was successfully resolved to 'd:/DOPAMS/Toystack/dopams-backend-staging/node_modules/aws-sdk/lib/error.d.ts' with Package ID 'aws-sdk/lib/error.d.ts@2.1693.0'. ========
======== Resolving module '../lib/service' from 'd:/DOPAMS/Toystack/dopams-backend-staging/node_modules/aws-sdk/clients/health.d.ts'. ========
Resolution for module '../lib/service' was found in cache from location 'd:/DOPAMS/Toystack/dopams-backend-staging/node_modules/aws-sdk/clients'.
======== Module name '../lib/service' was successfully resolved to 'd:/DOPAMS/Toystack/dopams-backend-staging/node_modules/aws-sdk/lib/service.d.ts' with Package ID 'aws-sdk/lib/service.d.ts@2.1693.0'. ========
======== Resolving module '../lib/config-base' from 'd:/DOPAMS/Toystack/dopams-backend-staging/node_modules/aws-sdk/clients/health.d.ts'. ========
Resolution for module '../lib/config-base' was found in cache from location 'd:/DOPAMS/Toystack/dopams-backend-staging/node_modules/aws-sdk/clients'.
======== Module name '../lib/config-base' was successfully resolved to 'd:/DOPAMS/Toystack/dopams-backend-staging/node_modules/aws-sdk/lib/config-base.d.ts' with Package ID 'aws-sdk/lib/config-base.d.ts@2.1693.0'. ========
File 'd:/DOPAMS/Toystack/dopams-backend-staging/node_modules/aws-sdk/clients/package.json' does not exist according to earlier cached lookups.
File 'd:/DOPAMS/Toystack/dopams-backend-staging/node_modules/aws-sdk/package.json' exists according to earlier cached lookups.
======== Resolving module '../lib/request' from 'd:/DOPAMS/Toystack/dopams-backend-staging/node_modules/aws-sdk/clients/iam.d.ts'. ========
Resolution for module '../lib/request' was found in cache from location 'd:/DOPAMS/Toystack/dopams-backend-staging/node_modules/aws-sdk/clients'.
======== Module name '../lib/request' was successfully resolved to 'd:/DOPAMS/Toystack/dopams-backend-staging/node_modules/aws-sdk/lib/request.d.ts' with Package ID 'aws-sdk/lib/request.d.ts@2.1693.0'. ========
======== Resolving module '../lib/response' from 'd:/DOPAMS/Toystack/dopams-backend-staging/node_modules/aws-sdk/clients/iam.d.ts'. ========
Resolution for module '../lib/response' was found in cache from location 'd:/DOPAMS/Toystack/dopams-backend-staging/node_modules/aws-sdk/clients'.
======== Module name '../lib/response' was successfully resolved to 'd:/DOPAMS/Toystack/dopams-backend-staging/node_modules/aws-sdk/lib/response.d.ts' with Package ID 'aws-sdk/lib/response.d.ts@2.1693.0'. ========
======== Resolving module '../lib/error' from 'd:/DOPAMS/Toystack/dopams-backend-staging/node_modules/aws-sdk/clients/iam.d.ts'. ========
Resolution for module '../lib/error' was found in cache from location 'd:/DOPAMS/Toystack/dopams-backend-staging/node_modules/aws-sdk/clients'.
======== Module name '../lib/error' was successfully resolved to 'd:/DOPAMS/Toystack/dopams-backend-staging/node_modules/aws-sdk/lib/error.d.ts' with Package ID 'aws-sdk/lib/error.d.ts@2.1693.0'. ========
======== Resolving module '../lib/service' from 'd:/DOPAMS/Toystack/dopams-backend-staging/node_modules/aws-sdk/clients/iam.d.ts'. ========
Resolution for module '../lib/service' was found in cache from location 'd:/DOPAMS/Toystack/dopams-backend-staging/node_modules/aws-sdk/clients'.
======== Module name '../lib/service' was successfully resolved to 'd:/DOPAMS/Toystack/dopams-backend-staging/node_modules/aws-sdk/lib/service.d.ts' with Package ID 'aws-sdk/lib/service.d.ts@2.1693.0'. ========
======== Resolving module '../lib/config-base' from 'd:/DOPAMS/Toystack/dopams-backend-staging/node_modules/aws-sdk/clients/iam.d.ts'. ========
Resolution for module '../lib/config-base' was found in cache from location 'd:/DOPAMS/Toystack/dopams-backend-staging/node_modules/aws-sdk/clients'.
======== Module name '../lib/config-base' was successfully resolved to 'd:/DOPAMS/Toystack/dopams-backend-staging/node_modules/aws-sdk/lib/config-base.d.ts' with Package ID 'aws-sdk/lib/config-base.d.ts@2.1693.0'. ========
File 'd:/DOPAMS/Toystack/dopams-backend-staging/node_modules/aws-sdk/clients/package.json' does not exist according to earlier cached lookups.
File 'd:/DOPAMS/Toystack/dopams-backend-staging/node_modules/aws-sdk/package.json' exists according to earlier cached lookups.
======== Resolving module '../lib/request' from 'd:/DOPAMS/Toystack/dopams-backend-staging/node_modules/aws-sdk/clients/importexport.d.ts'. ========
Resolution for module '../lib/request' was found in cache from location 'd:/DOPAMS/Toystack/dopams-backend-staging/node_modules/aws-sdk/clients'.
======== Module name '../lib/request' was successfully resolved to 'd:/DOPAMS/Toystack/dopams-backend-staging/node_modules/aws-sdk/lib/request.d.ts' with Package ID 'aws-sdk/lib/request.d.ts@2.1693.0'. ========
======== Resolving module '../lib/response' from 'd:/DOPAMS/Toystack/dopams-backend-staging/node_modules/aws-sdk/clients/importexport.d.ts'. ========
Resolution for module '../lib/response' was found in cache from location 'd:/DOPAMS/Toystack/dopams-backend-staging/node_modules/aws-sdk/clients'.
======== Module name '../lib/response' was successfully resolved to 'd:/DOPAMS/Toystack/dopams-backend-staging/node_modules/aws-sdk/lib/response.d.ts' with Package ID 'aws-sdk/lib/response.d.ts@2.1693.0'. ========
======== Resolving module '../lib/error' from 'd:/DOPAMS/Toystack/dopams-backend-staging/node_modules/aws-sdk/clients/importexport.d.ts'. ========
Resolution for module '../lib/error' was found in cache from location 'd:/DOPAMS/Toystack/dopams-backend-staging/node_modules/aws-sdk/clients'.
======== Module name '../lib/error' was successfully resolved to 'd:/DOPAMS/Toystack/dopams-backend-staging/node_modules/aws-sdk/lib/error.d.ts' with Package ID 'aws-sdk/lib/error.d.ts@2.1693.0'. ========
======== Resolving module '../lib/service' from 'd:/DOPAMS/Toystack/dopams-backend-staging/node_modules/aws-sdk/clients/importexport.d.ts'. ========
Resolution for module '../lib/service' was found in cache from location 'd:/DOPAMS/Toystack/dopams-backend-staging/node_modules/aws-sdk/clients'.
======== Module name '../lib/service' was successfully resolved to 'd:/DOPAMS/Toystack/dopams-backend-staging/node_modules/aws-sdk/lib/service.d.ts' with Package ID 'aws-sdk/lib/service.d.ts@2.1693.0'. ========
======== Resolving module '../lib/config-base' from 'd:/DOPAMS/Toystack/dopams-backend-staging/node_modules/aws-sdk/clients/importexport.d.ts'. ========
Resolution for module '../lib/config-base' was found in cache from location 'd:/DOPAMS/Toystack/dopams-backend-staging/node_modules/aws-sdk/clients'.
======== Module name '../lib/config-base' was successfully resolved to 'd:/DOPAMS/Toystack/dopams-backend-staging/node_modules/aws-sdk/lib/config-base.d.ts' with Package ID 'aws-sdk/lib/config-base.d.ts@2.1693.0'. ========
File 'd:/DOPAMS/Toystack/dopams-backend-staging/node_modules/aws-sdk/clients/package.json' does not exist according to earlier cached lookups.
File 'd:/DOPAMS/Toystack/dopams-backend-staging/node_modules/aws-sdk/package.json' exists according to earlier cached lookups.
======== Resolving module '../lib/request' from 'd:/DOPAMS/Toystack/dopams-backend-staging/node_modules/aws-sdk/clients/inspector.d.ts'. ========
Resolution for module '../lib/request' was found in cache from location 'd:/DOPAMS/Toystack/dopams-backend-staging/node_modules/aws-sdk/clients'.
======== Module name '../lib/request' was successfully resolved to 'd:/DOPAMS/Toystack/dopams-backend-staging/node_modules/aws-sdk/lib/request.d.ts' with Package ID 'aws-sdk/lib/request.d.ts@2.1693.0'. ========
======== Resolving module '../lib/response' from 'd:/DOPAMS/Toystack/dopams-backend-staging/node_modules/aws-sdk/clients/inspector.d.ts'. ========
Resolution for module '../lib/response' was found in cache from location 'd:/DOPAMS/Toystack/dopams-backend-staging/node_modules/aws-sdk/clients'.
======== Module name '../lib/response' was successfully resolved to 'd:/DOPAMS/Toystack/dopams-backend-staging/node_modules/aws-sdk/lib/response.d.ts' with Package ID 'aws-sdk/lib/response.d.ts@2.1693.0'. ========
======== Resolving module '../lib/error' from 'd:/DOPAMS/Toystack/dopams-backend-staging/node_modules/aws-sdk/clients/inspector.d.ts'. ========
Resolution for module '../lib/error' was found in cache from location 'd:/DOPAMS/Toystack/dopams-backend-staging/node_modules/aws-sdk/clients'.
======== Module name '../lib/error' was successfully resolved to 'd:/DOPAMS/Toystack/dopams-backend-staging/node_modules/aws-sdk/lib/error.d.ts' with Package ID 'aws-sdk/lib/error.d.ts@2.1693.0'. ========
======== Resolving module '../lib/service' from 'd:/DOPAMS/Toystack/dopams-backend-staging/node_modules/aws-sdk/clients/inspector.d.ts'. ========
Resolution for module '../lib/service' was found in cache from location 'd:/DOPAMS/Toystack/dopams-backend-staging/node_modules/aws-sdk/clients'.
======== Module name '../lib/service' was successfully resolved to 'd:/DOPAMS/Toystack/dopams-backend-staging/node_modules/aws-sdk/lib/service.d.ts' with Package ID 'aws-sdk/lib/service.d.ts@2.1693.0'. ========
======== Resolving module '../lib/config-base' from 'd:/DOPAMS/Toystack/dopams-backend-staging/node_modules/aws-sdk/clients/inspector.d.ts'. ========
Resolution for module '../lib/config-base' was found in cache from location 'd:/DOPAMS/Toystack/dopams-backend-staging/node_modules/aws-sdk/clients'.
======== Module name '../lib/config-base' was successfully resolved to 'd:/DOPAMS/Toystack/dopams-backend-staging/node_modules/aws-sdk/lib/config-base.d.ts' with Package ID 'aws-sdk/lib/config-base.d.ts@2.1693.0'. ========
File 'd:/DOPAMS/Toystack/dopams-backend-staging/node_modules/aws-sdk/clients/package.json' does not exist according to earlier cached lookups.
File 'd:/DOPAMS/Toystack/dopams-backend-staging/node_modules/aws-sdk/package.json' exists according to earlier cached lookups.
======== Resolving module '../lib/request' from 'd:/DOPAMS/Toystack/dopams-backend-staging/node_modules/aws-sdk/clients/iot.d.ts'. ========
Resolution for module '../lib/request' was found in cache from location 'd:/DOPAMS/Toystack/dopams-backend-staging/node_modules/aws-sdk/clients'.
======== Module name '../lib/request' was successfully resolved to 'd:/DOPAMS/Toystack/dopams-backend-staging/node_modules/aws-sdk/lib/request.d.ts' with Package ID 'aws-sdk/lib/request.d.ts@2.1693.0'. ========
======== Resolving module '../lib/response' from 'd:/DOPAMS/Toystack/dopams-backend-staging/node_modules/aws-sdk/clients/iot.d.ts'. ========
Resolution for module '../lib/response' was found in cache from location 'd:/DOPAMS/Toystack/dopams-backend-staging/node_modules/aws-sdk/clients'.
======== Module name '../lib/response' was successfully resolved to 'd:/DOPAMS/Toystack/dopams-backend-staging/node_modules/aws-sdk/lib/response.d.ts' with Package ID 'aws-sdk/lib/response.d.ts@2.1693.0'. ========
======== Resolving module '../lib/error' from 'd:/DOPAMS/Toystack/dopams-backend-staging/node_modules/aws-sdk/clients/iot.d.ts'. ========
Resolution for module '../lib/error' was found in cache from location 'd:/DOPAMS/Toystack/dopams-backend-staging/node_modules/aws-sdk/clients'.
======== Module name '../lib/error' was successfully resolved to 'd:/DOPAMS/Toystack/dopams-backend-staging/node_modules/aws-sdk/lib/error.d.ts' with Package ID 'aws-sdk/lib/error.d.ts@2.1693.0'. ========
======== Resolving module '../lib/service' from 'd:/DOPAMS/Toystack/dopams-backend-staging/node_modules/aws-sdk/clients/iot.d.ts'. ========
Resolution for module '../lib/service' was found in cache from location 'd:/DOPAMS/Toystack/dopams-backend-staging/node_modules/aws-sdk/clients'.
======== Module name '../lib/service' was successfully resolved to 'd:/DOPAMS/Toystack/dopams-backend-staging/node_modules/aws-sdk/lib/service.d.ts' with Package ID 'aws-sdk/lib/service.d.ts@2.1693.0'. ========
======== Resolving module '../lib/config-base' from 'd:/DOPAMS/Toystack/dopams-backend-staging/node_modules/aws-sdk/clients/iot.d.ts'. ========
Resolution for module '../lib/config-base' was found in cache from location 'd:/DOPAMS/Toystack/dopams-backend-staging/node_modules/aws-sdk/clients'.
======== Module name '../lib/config-base' was successfully resolved to 'd:/DOPAMS/Toystack/dopams-backend-staging/node_modules/aws-sdk/lib/config-base.d.ts' with Package ID 'aws-sdk/lib/config-base.d.ts@2.1693.0'. ========
File 'd:/DOPAMS/Toystack/dopams-backend-staging/node_modules/aws-sdk/clients/package.json' does not exist according to earlier cached lookups.
File 'd:/DOPAMS/Toystack/dopams-backend-staging/node_modules/aws-sdk/package.json' exists according to earlier cached lookups.
======== Resolving module '../lib/request' from 'd:/DOPAMS/Toystack/dopams-backend-staging/node_modules/aws-sdk/clients/iotdata.d.ts'. ========
Resolution for module '../lib/request' was found in cache from location 'd:/DOPAMS/Toystack/dopams-backend-staging/node_modules/aws-sdk/clients'.
======== Module name '../lib/request' was successfully resolved to 'd:/DOPAMS/Toystack/dopams-backend-staging/node_modules/aws-sdk/lib/request.d.ts' with Package ID 'aws-sdk/lib/request.d.ts@2.1693.0'. ========
======== Resolving module '../lib/response' from 'd:/DOPAMS/Toystack/dopams-backend-staging/node_modules/aws-sdk/clients/iotdata.d.ts'. ========
Resolution for module '../lib/response' was found in cache from location 'd:/DOPAMS/Toystack/dopams-backend-staging/node_modules/aws-sdk/clients'.
======== Module name '../lib/response' was successfully resolved to 'd:/DOPAMS/Toystack/dopams-backend-staging/node_modules/aws-sdk/lib/response.d.ts' with Package ID 'aws-sdk/lib/response.d.ts@2.1693.0'. ========
======== Resolving module '../lib/error' from 'd:/DOPAMS/Toystack/dopams-backend-staging/node_modules/aws-sdk/clients/iotdata.d.ts'. ========
Resolution for module '../lib/error' was found in cache from location 'd:/DOPAMS/Toystack/dopams-backend-staging/node_modules/aws-sdk/clients'.
======== Module name '../lib/error' was successfully resolved to 'd:/DOPAMS/Toystack/dopams-backend-staging/node_modules/aws-sdk/lib/error.d.ts' with Package ID 'aws-sdk/lib/error.d.ts@2.1693.0'. ========
======== Resolving module '../lib/service' from 'd:/DOPAMS/Toystack/dopams-backend-staging/node_modules/aws-sdk/clients/iotdata.d.ts'. ========
Resolution for module '../lib/service' was found in cache from location 'd:/DOPAMS/Toystack/dopams-backend-staging/node_modules/aws-sdk/clients'.
======== Module name '../lib/service' was successfully resolved to 'd:/DOPAMS/Toystack/dopams-backend-staging/node_modules/aws-sdk/lib/service.d.ts' with Package ID 'aws-sdk/lib/service.d.ts@2.1693.0'. ========
======== Resolving module '../lib/config-base' from 'd:/DOPAMS/Toystack/dopams-backend-staging/node_modules/aws-sdk/clients/iotdata.d.ts'. ========
Resolution for module '../lib/config-base' was found in cache from location 'd:/DOPAMS/Toystack/dopams-backend-staging/node_modules/aws-sdk/clients'.
======== Module name '../lib/config-base' was successfully resolved to 'd:/DOPAMS/Toystack/dopams-backend-staging/node_modules/aws-sdk/lib/config-base.d.ts' with Package ID 'aws-sdk/lib/config-base.d.ts@2.1693.0'. ========
File 'd:/DOPAMS/Toystack/dopams-backend-staging/node_modules/aws-sdk/clients/package.json' does not exist according to earlier cached lookups.
File 'd:/DOPAMS/Toystack/dopams-backend-staging/node_modules/aws-sdk/package.json' exists according to earlier cached lookups.
======== Resolving module '../lib/request' from 'd:/DOPAMS/Toystack/dopams-backend-staging/node_modules/aws-sdk/clients/kinesis.d.ts'. ========
Resolution for module '../lib/request' was found in cache from location 'd:/DOPAMS/Toystack/dopams-backend-staging/node_modules/aws-sdk/clients'.
======== Module name '../lib/request' was successfully resolved to 'd:/DOPAMS/Toystack/dopams-backend-staging/node_modules/aws-sdk/lib/request.d.ts' with Package ID 'aws-sdk/lib/request.d.ts@2.1693.0'. ========
======== Resolving module '../lib/response' from 'd:/DOPAMS/Toystack/dopams-backend-staging/node_modules/aws-sdk/clients/kinesis.d.ts'. ========
Resolution for module '../lib/response' was found in cache from location 'd:/DOPAMS/Toystack/dopams-backend-staging/node_modules/aws-sdk/clients'.
======== Module name '../lib/response' was successfully resolved to 'd:/DOPAMS/Toystack/dopams-backend-staging/node_modules/aws-sdk/lib/response.d.ts' with Package ID 'aws-sdk/lib/response.d.ts@2.1693.0'. ========
======== Resolving module '../lib/error' from 'd:/DOPAMS/Toystack/dopams-backend-staging/node_modules/aws-sdk/clients/kinesis.d.ts'. ========
Resolution for module '../lib/error' was found in cache from location 'd:/DOPAMS/Toystack/dopams-backend-staging/node_modules/aws-sdk/clients'.
======== Module name '../lib/error' was successfully resolved to 'd:/DOPAMS/Toystack/dopams-backend-staging/node_modules/aws-sdk/lib/error.d.ts' with Package ID 'aws-sdk/lib/error.d.ts@2.1693.0'. ========
======== Resolving module '../lib/service' from 'd:/DOPAMS/Toystack/dopams-backend-staging/node_modules/aws-sdk/clients/kinesis.d.ts'. ========
Resolution for module '../lib/service' was found in cache from location 'd:/DOPAMS/Toystack/dopams-backend-staging/node_modules/aws-sdk/clients'.
======== Module name '../lib/service' was successfully resolved to 'd:/DOPAMS/Toystack/dopams-backend-staging/node_modules/aws-sdk/lib/service.d.ts' with Package ID 'aws-sdk/lib/service.d.ts@2.1693.0'. ========
======== Resolving module '../lib/config-base' from 'd:/DOPAMS/Toystack/dopams-backend-staging/node_modules/aws-sdk/clients/kinesis.d.ts'. ========
Resolution for module '../lib/config-base' was found in cache from location 'd:/DOPAMS/Toystack/dopams-backend-staging/node_modules/aws-sdk/clients'.
======== Module name '../lib/config-base' was successfully resolved to 'd:/DOPAMS/Toystack/dopams-backend-staging/node_modules/aws-sdk/lib/config-base.d.ts' with Package ID 'aws-sdk/lib/config-base.d.ts@2.1693.0'. ========
File 'd:/DOPAMS/Toystack/dopams-backend-staging/node_modules/aws-sdk/clients/package.json' does not exist according to earlier cached lookups.
File 'd:/DOPAMS/Toystack/dopams-backend-staging/node_modules/aws-sdk/package.json' exists according to earlier cached lookups.
======== Resolving module '../lib/request' from 'd:/DOPAMS/Toystack/dopams-backend-staging/node_modules/aws-sdk/clients/kinesisanalytics.d.ts'. ========
Resolution for module '../lib/request' was found in cache from location 'd:/DOPAMS/Toystack/dopams-backend-staging/node_modules/aws-sdk/clients'.
======== Module name '../lib/request' was successfully resolved to 'd:/DOPAMS/Toystack/dopams-backend-staging/node_modules/aws-sdk/lib/request.d.ts' with Package ID 'aws-sdk/lib/request.d.ts@2.1693.0'. ========
======== Resolving module '../lib/response' from 'd:/DOPAMS/Toystack/dopams-backend-staging/node_modules/aws-sdk/clients/kinesisanalytics.d.ts'. ========
Resolution for module '../lib/response' was found in cache from location 'd:/DOPAMS/Toystack/dopams-backend-staging/node_modules/aws-sdk/clients'.
======== Module name '../lib/response' was successfully resolved to 'd:/DOPAMS/Toystack/dopams-backend-staging/node_modules/aws-sdk/lib/response.d.ts' with Package ID 'aws-sdk/lib/response.d.ts@2.1693.0'. ========
======== Resolving module '../lib/error' from 'd:/DOPAMS/Toystack/dopams-backend-staging/node_modules/aws-sdk/clients/kinesisanalytics.d.ts'. ========
Resolution for module '../lib/error' was found in cache from location 'd:/DOPAMS/Toystack/dopams-backend-staging/node_modules/aws-sdk/clients'.
======== Module name '../lib/error' was successfully resolved to 'd:/DOPAMS/Toystack/dopams-backend-staging/node_modules/aws-sdk/lib/error.d.ts' with Package ID 'aws-sdk/lib/error.d.ts@2.1693.0'. ========
======== Resolving module '../lib/service' from 'd:/DOPAMS/Toystack/dopams-backend-staging/node_modules/aws-sdk/clients/kinesisanalytics.d.ts'. ========
Resolution for module '../lib/service' was found in cache from location 'd:/DOPAMS/Toystack/dopams-backend-staging/node_modules/aws-sdk/clients'.
======== Module name '../lib/service' was successfully resolved to 'd:/DOPAMS/Toystack/dopams-backend-staging/node_modules/aws-sdk/lib/service.d.ts' with Package ID 'aws-sdk/lib/service.d.ts@2.1693.0'. ========
======== Resolving module '../lib/config-base' from 'd:/DOPAMS/Toystack/dopams-backend-staging/node_modules/aws-sdk/clients/kinesisanalytics.d.ts'. ========
Resolution for module '../lib/config-base' was found in cache from location 'd:/DOPAMS/Toystack/dopams-backend-staging/node_modules/aws-sdk/clients'.
======== Module name '../lib/config-base' was successfully resolved to 'd:/DOPAMS/Toystack/dopams-backend-staging/node_modules/aws-sdk/lib/config-base.d.ts' with Package ID 'aws-sdk/lib/config-base.d.ts@2.1693.0'. ========
File 'd:/DOPAMS/Toystack/dopams-backend-staging/node_modules/aws-sdk/clients/package.json' does not exist according to earlier cached lookups.
File 'd:/DOPAMS/Toystack/dopams-backend-staging/node_modules/aws-sdk/package.json' exists according to earlier cached lookups.
======== Resolving module '../lib/request' from 'd:/DOPAMS/Toystack/dopams-backend-staging/node_modules/aws-sdk/clients/kms.d.ts'. ========
Resolution for module '../lib/request' was found in cache from location 'd:/DOPAMS/Toystack/dopams-backend-staging/node_modules/aws-sdk/clients'.
======== Module name '../lib/request' was successfully resolved to 'd:/DOPAMS/Toystack/dopams-backend-staging/node_modules/aws-sdk/lib/request.d.ts' with Package ID 'aws-sdk/lib/request.d.ts@2.1693.0'. ========
======== Resolving module '../lib/response' from 'd:/DOPAMS/Toystack/dopams-backend-staging/node_modules/aws-sdk/clients/kms.d.ts'. ========
Resolution for module '../lib/response' was found in cache from location 'd:/DOPAMS/Toystack/dopams-backend-staging/node_modules/aws-sdk/clients'.
======== Module name '../lib/response' was successfully resolved to 'd:/DOPAMS/Toystack/dopams-backend-staging/node_modules/aws-sdk/lib/response.d.ts' with Package ID 'aws-sdk/lib/response.d.ts@2.1693.0'. ========
======== Resolving module '../lib/error' from 'd:/DOPAMS/Toystack/dopams-backend-staging/node_modules/aws-sdk/clients/kms.d.ts'. ========
Resolution for module '../lib/error' was found in cache from location 'd:/DOPAMS/Toystack/dopams-backend-staging/node_modules/aws-sdk/clients'.
======== Module name '../lib/error' was successfully resolved to 'd:/DOPAMS/Toystack/dopams-backend-staging/node_modules/aws-sdk/lib/error.d.ts' with Package ID 'aws-sdk/lib/error.d.ts@2.1693.0'. ========
======== Resolving module '../lib/service' from 'd:/DOPAMS/Toystack/dopams-backend-staging/node_modules/aws-sdk/clients/kms.d.ts'. ========
Resolution for module '../lib/service' was found in cache from location 'd:/DOPAMS/Toystack/dopams-backend-staging/node_modules/aws-sdk/clients'.
======== Module name '../lib/service' was successfully resolved to 'd:/DOPAMS/Toystack/dopams-backend-staging/node_modules/aws-sdk/lib/service.d.ts' with Package ID 'aws-sdk/lib/service.d.ts@2.1693.0'. ========
======== Resolving module '../lib/config-base' from 'd:/DOPAMS/Toystack/dopams-backend-staging/node_modules/aws-sdk/clients/kms.d.ts'. ========
Resolution for module '../lib/config-base' was found in cache from location 'd:/DOPAMS/Toystack/dopams-backend-staging/node_modules/aws-sdk/clients'.
======== Module name '../lib/config-base' was successfully resolved to 'd:/DOPAMS/Toystack/dopams-backend-staging/node_modules/aws-sdk/lib/config-base.d.ts' with Package ID 'aws-sdk/lib/config-base.d.ts@2.1693.0'. ========
File 'd:/DOPAMS/Toystack/dopams-backend-staging/node_modules/aws-sdk/clients/package.json' does not exist according to earlier cached lookups.
File 'd:/DOPAMS/Toystack/dopams-backend-staging/node_modules/aws-sdk/package.json' exists according to earlier cached lookups.
======== Resolving module '../lib/request' from 'd:/DOPAMS/Toystack/dopams-backend-staging/node_modules/aws-sdk/clients/lambda.d.ts'. ========
Resolution for module '../lib/request' was found in cache from location 'd:/DOPAMS/Toystack/dopams-backend-staging/node_modules/aws-sdk/clients'.
======== Module name '../lib/request' was successfully resolved to 'd:/DOPAMS/Toystack/dopams-backend-staging/node_modules/aws-sdk/lib/request.d.ts' with Package ID 'aws-sdk/lib/request.d.ts@2.1693.0'. ========
======== Resolving module '../lib/response' from 'd:/DOPAMS/Toystack/dopams-backend-staging/node_modules/aws-sdk/clients/lambda.d.ts'. ========
Resolution for module '../lib/response' was found in cache from location 'd:/DOPAMS/Toystack/dopams-backend-staging/node_modules/aws-sdk/clients'.
======== Module name '../lib/response' was successfully resolved to 'd:/DOPAMS/Toystack/dopams-backend-staging/node_modules/aws-sdk/lib/response.d.ts' with Package ID 'aws-sdk/lib/response.d.ts@2.1693.0'. ========
======== Resolving module '../lib/error' from 'd:/DOPAMS/Toystack/dopams-backend-staging/node_modules/aws-sdk/clients/lambda.d.ts'. ========
Resolution for module '../lib/error' was found in cache from location 'd:/DOPAMS/Toystack/dopams-backend-staging/node_modules/aws-sdk/clients'.
======== Module name '../lib/error' was successfully resolved to 'd:/DOPAMS/Toystack/dopams-backend-staging/node_modules/aws-sdk/lib/error.d.ts' with Package ID 'aws-sdk/lib/error.d.ts@2.1693.0'. ========
======== Resolving module '../lib/service' from 'd:/DOPAMS/Toystack/dopams-backend-staging/node_modules/aws-sdk/clients/lambda.d.ts'. ========
Resolution for module '../lib/service' was found in cache from location 'd:/DOPAMS/Toystack/dopams-backend-staging/node_modules/aws-sdk/clients'.
======== Module name '../lib/service' was successfully resolved to 'd:/DOPAMS/Toystack/dopams-backend-staging/node_modules/aws-sdk/lib/service.d.ts' with Package ID 'aws-sdk/lib/service.d.ts@2.1693.0'. ========
======== Resolving module '../lib/config-base' from 'd:/DOPAMS/Toystack/dopams-backend-staging/node_modules/aws-sdk/clients/lambda.d.ts'. ========
Resolution for module '../lib/config-base' was found in cache from location 'd:/DOPAMS/Toystack/dopams-backend-staging/node_modules/aws-sdk/clients'.
======== Module name '../lib/config-base' was successfully resolved to 'd:/DOPAMS/Toystack/dopams-backend-staging/node_modules/aws-sdk/lib/config-base.d.ts' with Package ID 'aws-sdk/lib/config-base.d.ts@2.1693.0'. ========
======== Resolving module '../lib/event-stream/event-stream' from 'd:/DOPAMS/Toystack/dopams-backend-staging/node_modules/aws-sdk/clients/lambda.d.ts'. ========
Resolution for module '../lib/event-stream/event-stream' was found in cache from location 'd:/DOPAMS/Toystack/dopams-backend-staging/node_modules/aws-sdk/clients'.
======== Module name '../lib/event-stream/event-stream' was successfully resolved to 'd:/DOPAMS/Toystack/dopams-backend-staging/node_modules/aws-sdk/lib/event-stream/event-stream.d.ts' with Package ID 'aws-sdk/lib/event-stream/event-stream.d.ts@2.1693.0'. ========
======== Resolving module 'stream' from 'd:/DOPAMS/Toystack/dopams-backend-staging/node_modules/aws-sdk/clients/lambda.d.ts'. ========
Resolution for module 'stream' was found in cache from location 'd:/DOPAMS/Toystack/dopams-backend-staging/node_modules/aws-sdk/clients'.
======== Module name 'stream' was not resolved. ========
File 'd:/DOPAMS/Toystack/dopams-backend-staging/node_modules/aws-sdk/clients/package.json' does not exist according to earlier cached lookups.
File 'd:/DOPAMS/Toystack/dopams-backend-staging/node_modules/aws-sdk/package.json' exists according to earlier cached lookups.
======== Resolving module '../lib/request' from 'd:/DOPAMS/Toystack/dopams-backend-staging/node_modules/aws-sdk/clients/lexruntime.d.ts'. ========
Resolution for module '../lib/request' was found in cache from location 'd:/DOPAMS/Toystack/dopams-backend-staging/node_modules/aws-sdk/clients'.
======== Module name '../lib/request' was successfully resolved to 'd:/DOPAMS/Toystack/dopams-backend-staging/node_modules/aws-sdk/lib/request.d.ts' with Package ID 'aws-sdk/lib/request.d.ts@2.1693.0'. ========
======== Resolving module '../lib/response' from 'd:/DOPAMS/Toystack/dopams-backend-staging/node_modules/aws-sdk/clients/lexruntime.d.ts'. ========
Resolution for module '../lib/response' was found in cache from location 'd:/DOPAMS/Toystack/dopams-backend-staging/node_modules/aws-sdk/clients'.
======== Module name '../lib/response' was successfully resolved to 'd:/DOPAMS/Toystack/dopams-backend-staging/node_modules/aws-sdk/lib/response.d.ts' with Package ID 'aws-sdk/lib/response.d.ts@2.1693.0'. ========
======== Resolving module '../lib/error' from 'd:/DOPAMS/Toystack/dopams-backend-staging/node_modules/aws-sdk/clients/lexruntime.d.ts'. ========
Resolution for module '../lib/error' was found in cache from location 'd:/DOPAMS/Toystack/dopams-backend-staging/node_modules/aws-sdk/clients'.
======== Module name '../lib/error' was successfully resolved to 'd:/DOPAMS/Toystack/dopams-backend-staging/node_modules/aws-sdk/lib/error.d.ts' with Package ID 'aws-sdk/lib/error.d.ts@2.1693.0'. ========
======== Resolving module '../lib/service' from 'd:/DOPAMS/Toystack/dopams-backend-staging/node_modules/aws-sdk/clients/lexruntime.d.ts'. ========
Resolution for module '../lib/service' was found in cache from location 'd:/DOPAMS/Toystack/dopams-backend-staging/node_modules/aws-sdk/clients'.
======== Module name '../lib/service' was successfully resolved to 'd:/DOPAMS/Toystack/dopams-backend-staging/node_modules/aws-sdk/lib/service.d.ts' with Package ID 'aws-sdk/lib/service.d.ts@2.1693.0'. ========
======== Resolving module '../lib/config-base' from 'd:/DOPAMS/Toystack/dopams-backend-staging/node_modules/aws-sdk/clients/lexruntime.d.ts'. ========
Resolution for module '../lib/config-base' was found in cache from location 'd:/DOPAMS/Toystack/dopams-backend-staging/node_modules/aws-sdk/clients'.
======== Module name '../lib/config-base' was successfully resolved to 'd:/DOPAMS/Toystack/dopams-backend-staging/node_modules/aws-sdk/lib/config-base.d.ts' with Package ID 'aws-sdk/lib/config-base.d.ts@2.1693.0'. ========
======== Resolving module 'stream' from 'd:/DOPAMS/Toystack/dopams-backend-staging/node_modules/aws-sdk/clients/lexruntime.d.ts'. ========
Resolution for module 'stream' was found in cache from location 'd:/DOPAMS/Toystack/dopams-backend-staging/node_modules/aws-sdk/clients'.
======== Module name 'stream' was not resolved. ========
File 'd:/DOPAMS/Toystack/dopams-backend-staging/node_modules/aws-sdk/clients/package.json' does not exist according to earlier cached lookups.
File 'd:/DOPAMS/Toystack/dopams-backend-staging/node_modules/aws-sdk/package.json' exists according to earlier cached lookups.
======== Resolving module '../lib/request' from 'd:/DOPAMS/Toystack/dopams-backend-staging/node_modules/aws-sdk/clients/lightsail.d.ts'. ========
Resolution for module '../lib/request' was found in cache from location 'd:/DOPAMS/Toystack/dopams-backend-staging/node_modules/aws-sdk/clients'.
======== Module name '../lib/request' was successfully resolved to 'd:/DOPAMS/Toystack/dopams-backend-staging/node_modules/aws-sdk/lib/request.d.ts' with Package ID 'aws-sdk/lib/request.d.ts@2.1693.0'. ========
======== Resolving module '../lib/response' from 'd:/DOPAMS/Toystack/dopams-backend-staging/node_modules/aws-sdk/clients/lightsail.d.ts'. ========
Resolution for module '../lib/response' was found in cache from location 'd:/DOPAMS/Toystack/dopams-backend-staging/node_modules/aws-sdk/clients'.
======== Module name '../lib/response' was successfully resolved to 'd:/DOPAMS/Toystack/dopams-backend-staging/node_modules/aws-sdk/lib/response.d.ts' with Package ID 'aws-sdk/lib/response.d.ts@2.1693.0'. ========
======== Resolving module '../lib/error' from 'd:/DOPAMS/Toystack/dopams-backend-staging/node_modules/aws-sdk/clients/lightsail.d.ts'. ========
Resolution for module '../lib/error' was found in cache from location 'd:/DOPAMS/Toystack/dopams-backend-staging/node_modules/aws-sdk/clients'.
======== Module name '../lib/error' was successfully resolved to 'd:/DOPAMS/Toystack/dopams-backend-staging/node_modules/aws-sdk/lib/error.d.ts' with Package ID 'aws-sdk/lib/error.d.ts@2.1693.0'. ========
======== Resolving module '../lib/service' from 'd:/DOPAMS/Toystack/dopams-backend-staging/node_modules/aws-sdk/clients/lightsail.d.ts'. ========
Resolution for module '../lib/service' was found in cache from location 'd:/DOPAMS/Toystack/dopams-backend-staging/node_modules/aws-sdk/clients'.
======== Module name '../lib/service' was successfully resolved to 'd:/DOPAMS/Toystack/dopams-backend-staging/node_modules/aws-sdk/lib/service.d.ts' with Package ID 'aws-sdk/lib/service.d.ts@2.1693.0'. ========
======== Resolving module '../lib/config-base' from 'd:/DOPAMS/Toystack/dopams-backend-staging/node_modules/aws-sdk/clients/lightsail.d.ts'. ========
Resolution for module '../lib/config-base' was found in cache from location 'd:/DOPAMS/Toystack/dopams-backend-staging/node_modules/aws-sdk/clients'.
======== Module name '../lib/config-base' was successfully resolved to 'd:/DOPAMS/Toystack/dopams-backend-staging/node_modules/aws-sdk/lib/config-base.d.ts' with Package ID 'aws-sdk/lib/config-base.d.ts@2.1693.0'. ========
File 'd:/DOPAMS/Toystack/dopams-backend-staging/node_modules/aws-sdk/clients/package.json' does not exist according to earlier cached lookups.
File 'd:/DOPAMS/Toystack/dopams-backend-staging/node_modules/aws-sdk/package.json' exists according to earlier cached lookups.
======== Resolving module '../lib/request' from 'd:/DOPAMS/Toystack/dopams-backend-staging/node_modules/aws-sdk/clients/machinelearning.d.ts'. ========
Resolution for module '../lib/request' was found in cache from location 'd:/DOPAMS/Toystack/dopams-backend-staging/node_modules/aws-sdk/clients'.
======== Module name '../lib/request' was successfully resolved to 'd:/DOPAMS/Toystack/dopams-backend-staging/node_modules/aws-sdk/lib/request.d.ts' with Package ID 'aws-sdk/lib/request.d.ts@2.1693.0'. ========
======== Resolving module '../lib/response' from 'd:/DOPAMS/Toystack/dopams-backend-staging/node_modules/aws-sdk/clients/machinelearning.d.ts'. ========
Resolution for module '../lib/response' was found in cache from location 'd:/DOPAMS/Toystack/dopams-backend-staging/node_modules/aws-sdk/clients'.
======== Module name '../lib/response' was successfully resolved to 'd:/DOPAMS/Toystack/dopams-backend-staging/node_modules/aws-sdk/lib/response.d.ts' with Package ID 'aws-sdk/lib/response.d.ts@2.1693.0'. ========
======== Resolving module '../lib/error' from 'd:/DOPAMS/Toystack/dopams-backend-staging/node_modules/aws-sdk/clients/machinelearning.d.ts'. ========
Resolution for module '../lib/error' was found in cache from location 'd:/DOPAMS/Toystack/dopams-backend-staging/node_modules/aws-sdk/clients'.
======== Module name '../lib/error' was successfully resolved to 'd:/DOPAMS/Toystack/dopams-backend-staging/node_modules/aws-sdk/lib/error.d.ts' with Package ID 'aws-sdk/lib/error.d.ts@2.1693.0'. ========
======== Resolving module '../lib/service' from 'd:/DOPAMS/Toystack/dopams-backend-staging/node_modules/aws-sdk/clients/machinelearning.d.ts'. ========
Resolution for module '../lib/service' was found in cache from location 'd:/DOPAMS/Toystack/dopams-backend-staging/node_modules/aws-sdk/clients'.
======== Module name '../lib/service' was successfully resolved to 'd:/DOPAMS/Toystack/dopams-backend-staging/node_modules/aws-sdk/lib/service.d.ts' with Package ID 'aws-sdk/lib/service.d.ts@2.1693.0'. ========
======== Resolving module '../lib/config-base' from 'd:/DOPAMS/Toystack/dopams-backend-staging/node_modules/aws-sdk/clients/machinelearning.d.ts'. ========
Resolution for module '../lib/config-base' was found in cache from location 'd:/DOPAMS/Toystack/dopams-backend-staging/node_modules/aws-sdk/clients'.
======== Module name '../lib/config-base' was successfully resolved to 'd:/DOPAMS/Toystack/dopams-backend-staging/node_modules/aws-sdk/lib/config-base.d.ts' with Package ID 'aws-sdk/lib/config-base.d.ts@2.1693.0'. ========
File 'd:/DOPAMS/Toystack/dopams-backend-staging/node_modules/aws-sdk/clients/package.json' does not exist according to earlier cached lookups.
File 'd:/DOPAMS/Toystack/dopams-backend-staging/node_modules/aws-sdk/package.json' exists according to earlier cached lookups.
======== Resolving module '../lib/request' from 'd:/DOPAMS/Toystack/dopams-backend-staging/node_modules/aws-sdk/clients/marketplacecommerceanalytics.d.ts'. ========
Resolution for module '../lib/request' was found in cache from location 'd:/DOPAMS/Toystack/dopams-backend-staging/node_modules/aws-sdk/clients'.
======== Module name '../lib/request' was successfully resolved to 'd:/DOPAMS/Toystack/dopams-backend-staging/node_modules/aws-sdk/lib/request.d.ts' with Package ID 'aws-sdk/lib/request.d.ts@2.1693.0'. ========
======== Resolving module '../lib/response' from 'd:/DOPAMS/Toystack/dopams-backend-staging/node_modules/aws-sdk/clients/marketplacecommerceanalytics.d.ts'. ========
Resolution for module '../lib/response' was found in cache from location 'd:/DOPAMS/Toystack/dopams-backend-staging/node_modules/aws-sdk/clients'.
======== Module name '../lib/response' was successfully resolved to 'd:/DOPAMS/Toystack/dopams-backend-staging/node_modules/aws-sdk/lib/response.d.ts' with Package ID 'aws-sdk/lib/response.d.ts@2.1693.0'. ========
======== Resolving module '../lib/error' from 'd:/DOPAMS/Toystack/dopams-backend-staging/node_modules/aws-sdk/clients/marketplacecommerceanalytics.d.ts'. ========
Resolution for module '../lib/error' was found in cache from location 'd:/DOPAMS/Toystack/dopams-backend-staging/node_modules/aws-sdk/clients'.
======== Module name '../lib/error' was successfully resolved to 'd:/DOPAMS/Toystack/dopams-backend-staging/node_modules/aws-sdk/lib/error.d.ts' with Package ID 'aws-sdk/lib/error.d.ts@2.1693.0'. ========
======== Resolving module '../lib/service' from 'd:/DOPAMS/Toystack/dopams-backend-staging/node_modules/aws-sdk/clients/marketplacecommerceanalytics.d.ts'. ========
Resolution for module '../lib/service' was found in cache from location 'd:/DOPAMS/Toystack/dopams-backend-staging/node_modules/aws-sdk/clients'.
======== Module name '../lib/service' was successfully resolved to 'd:/DOPAMS/Toystack/dopams-backend-staging/node_modules/aws-sdk/lib/service.d.ts' with Package ID 'aws-sdk/lib/service.d.ts@2.1693.0'. ========
======== Resolving module '../lib/config-base' from 'd:/DOPAMS/Toystack/dopams-backend-staging/node_modules/aws-sdk/clients/marketplacecommerceanalytics.d.ts'. ========
Resolution for module '../lib/config-base' was found in cache from location 'd:/DOPAMS/Toystack/dopams-backend-staging/node_modules/aws-sdk/clients'.
======== Module name '../lib/config-base' was successfully resolved to 'd:/DOPAMS/Toystack/dopams-backend-staging/node_modules/aws-sdk/lib/config-base.d.ts' with Package ID 'aws-sdk/lib/config-base.d.ts@2.1693.0'. ========
File 'd:/DOPAMS/Toystack/dopams-backend-staging/node_modules/aws-sdk/clients/package.json' does not exist according to earlier cached lookups.
File 'd:/DOPAMS/Toystack/dopams-backend-staging/node_modules/aws-sdk/package.json' exists according to earlier cached lookups.
======== Resolving module '../lib/request' from 'd:/DOPAMS/Toystack/dopams-backend-staging/node_modules/aws-sdk/clients/marketplacemetering.d.ts'. ========
Resolution for module '../lib/request' was found in cache from location 'd:/DOPAMS/Toystack/dopams-backend-staging/node_modules/aws-sdk/clients'.
======== Module name '../lib/request' was successfully resolved to 'd:/DOPAMS/Toystack/dopams-backend-staging/node_modules/aws-sdk/lib/request.d.ts' with Package ID 'aws-sdk/lib/request.d.ts@2.1693.0'. ========
======== Resolving module '../lib/response' from 'd:/DOPAMS/Toystack/dopams-backend-staging/node_modules/aws-sdk/clients/marketplacemetering.d.ts'. ========
Resolution for module '../lib/response' was found in cache from location 'd:/DOPAMS/Toystack/dopams-backend-staging/node_modules/aws-sdk/clients'.
======== Module name '../lib/response' was successfully resolved to 'd:/DOPAMS/Toystack/dopams-backend-staging/node_modules/aws-sdk/lib/response.d.ts' with Package ID 'aws-sdk/lib/response.d.ts@2.1693.0'. ========
======== Resolving module '../lib/error' from 'd:/DOPAMS/Toystack/dopams-backend-staging/node_modules/aws-sdk/clients/marketplacemetering.d.ts'. ========
Resolution for module '../lib/error' was found in cache from location 'd:/DOPAMS/Toystack/dopams-backend-staging/node_modules/aws-sdk/clients'.
======== Module name '../lib/error' was successfully resolved to 'd:/DOPAMS/Toystack/dopams-backend-staging/node_modules/aws-sdk/lib/error.d.ts' with Package ID 'aws-sdk/lib/error.d.ts@2.1693.0'. ========
======== Resolving module '../lib/service' from 'd:/DOPAMS/Toystack/dopams-backend-staging/node_modules/aws-sdk/clients/marketplacemetering.d.ts'. ========
Resolution for module '../lib/service' was found in cache from location 'd:/DOPAMS/Toystack/dopams-backend-staging/node_modules/aws-sdk/clients'.
======== Module name '../lib/service' was successfully resolved to 'd:/DOPAMS/Toystack/dopams-backend-staging/node_modules/aws-sdk/lib/service.d.ts' with Package ID 'aws-sdk/lib/service.d.ts@2.1693.0'. ========
======== Resolving module '../lib/config-base' from 'd:/DOPAMS/Toystack/dopams-backend-staging/node_modules/aws-sdk/clients/marketplacemetering.d.ts'. ========
Resolution for module '../lib/config-base' was found in cache from location 'd:/DOPAMS/Toystack/dopams-backend-staging/node_modules/aws-sdk/clients'.
======== Module name '../lib/config-base' was successfully resolved to 'd:/DOPAMS/Toystack/dopams-backend-staging/node_modules/aws-sdk/lib/config-base.d.ts' with Package ID 'aws-sdk/lib/config-base.d.ts@2.1693.0'. ========
File 'd:/DOPAMS/Toystack/dopams-backend-staging/node_modules/aws-sdk/clients/package.json' does not exist according to earlier cached lookups.
File 'd:/DOPAMS/Toystack/dopams-backend-staging/node_modules/aws-sdk/package.json' exists according to earlier cached lookups.
======== Resolving module '../lib/request' from 'd:/DOPAMS/Toystack/dopams-backend-staging/node_modules/aws-sdk/clients/mturk.d.ts'. ========
Resolution for module '../lib/request' was found in cache from location 'd:/DOPAMS/Toystack/dopams-backend-staging/node_modules/aws-sdk/clients'.
======== Module name '../lib/request' was successfully resolved to 'd:/DOPAMS/Toystack/dopams-backend-staging/node_modules/aws-sdk/lib/request.d.ts' with Package ID 'aws-sdk/lib/request.d.ts@2.1693.0'. ========
======== Resolving module '../lib/response' from 'd:/DOPAMS/Toystack/dopams-backend-staging/node_modules/aws-sdk/clients/mturk.d.ts'. ========
Resolution for module '../lib/response' was found in cache from location 'd:/DOPAMS/Toystack/dopams-backend-staging/node_modules/aws-sdk/clients'.
======== Module name '../lib/response' was successfully resolved to 'd:/DOPAMS/Toystack/dopams-backend-staging/node_modules/aws-sdk/lib/response.d.ts' with Package ID 'aws-sdk/lib/response.d.ts@2.1693.0'. ========
======== Resolving module '../lib/error' from 'd:/DOPAMS/Toystack/dopams-backend-staging/node_modules/aws-sdk/clients/mturk.d.ts'. ========
Resolution for module '../lib/error' was found in cache from location 'd:/DOPAMS/Toystack/dopams-backend-staging/node_modules/aws-sdk/clients'.
======== Module name '../lib/error' was successfully resolved to 'd:/DOPAMS/Toystack/dopams-backend-staging/node_modules/aws-sdk/lib/error.d.ts' with Package ID 'aws-sdk/lib/error.d.ts@2.1693.0'. ========
======== Resolving module '../lib/service' from 'd:/DOPAMS/Toystack/dopams-backend-staging/node_modules/aws-sdk/clients/mturk.d.ts'. ========
Resolution for module '../lib/service' was found in cache from location 'd:/DOPAMS/Toystack/dopams-backend-staging/node_modules/aws-sdk/clients'.
======== Module name '../lib/service' was successfully resolved to 'd:/DOPAMS/Toystack/dopams-backend-staging/node_modules/aws-sdk/lib/service.d.ts' with Package ID 'aws-sdk/lib/service.d.ts@2.1693.0'. ========
======== Resolving module '../lib/config-base' from 'd:/DOPAMS/Toystack/dopams-backend-staging/node_modules/aws-sdk/clients/mturk.d.ts'. ========
Resolution for module '../lib/config-base' was found in cache from location 'd:/DOPAMS/Toystack/dopams-backend-staging/node_modules/aws-sdk/clients'.
======== Module name '../lib/config-base' was successfully resolved to 'd:/DOPAMS/Toystack/dopams-backend-staging/node_modules/aws-sdk/lib/config-base.d.ts' with Package ID 'aws-sdk/lib/config-base.d.ts@2.1693.0'. ========
File 'd:/DOPAMS/Toystack/dopams-backend-staging/node_modules/aws-sdk/clients/package.json' does not exist according to earlier cached lookups.
File 'd:/DOPAMS/Toystack/dopams-backend-staging/node_modules/aws-sdk/package.json' exists according to earlier cached lookups.
======== Resolving module '../lib/request' from 'd:/DOPAMS/Toystack/dopams-backend-staging/node_modules/aws-sdk/clients/mobileanalytics.d.ts'. ========
Resolution for module '../lib/request' was found in cache from location 'd:/DOPAMS/Toystack/dopams-backend-staging/node_modules/aws-sdk/clients'.
======== Module name '../lib/request' was successfully resolved to 'd:/DOPAMS/Toystack/dopams-backend-staging/node_modules/aws-sdk/lib/request.d.ts' with Package ID 'aws-sdk/lib/request.d.ts@2.1693.0'. ========
======== Resolving module '../lib/response' from 'd:/DOPAMS/Toystack/dopams-backend-staging/node_modules/aws-sdk/clients/mobileanalytics.d.ts'. ========
Resolution for module '../lib/response' was found in cache from location 'd:/DOPAMS/Toystack/dopams-backend-staging/node_modules/aws-sdk/clients'.
======== Module name '../lib/response' was successfully resolved to 'd:/DOPAMS/Toystack/dopams-backend-staging/node_modules/aws-sdk/lib/response.d.ts' with Package ID 'aws-sdk/lib/response.d.ts@2.1693.0'. ========
======== Resolving module '../lib/error' from 'd:/DOPAMS/Toystack/dopams-backend-staging/node_modules/aws-sdk/clients/mobileanalytics.d.ts'. ========
Resolution for module '../lib/error' was found in cache from location 'd:/DOPAMS/Toystack/dopams-backend-staging/node_modules/aws-sdk/clients'.
======== Module name '../lib/error' was successfully resolved to 'd:/DOPAMS/Toystack/dopams-backend-staging/node_modules/aws-sdk/lib/error.d.ts' with Package ID 'aws-sdk/lib/error.d.ts@2.1693.0'. ========
======== Resolving module '../lib/service' from 'd:/DOPAMS/Toystack/dopams-backend-staging/node_modules/aws-sdk/clients/mobileanalytics.d.ts'. ========
Resolution for module '../lib/service' was found in cache from location 'd:/DOPAMS/Toystack/dopams-backend-staging/node_modules/aws-sdk/clients'.
======== Module name '../lib/service' was successfully resolved to 'd:/DOPAMS/Toystack/dopams-backend-staging/node_modules/aws-sdk/lib/service.d.ts' with Package ID 'aws-sdk/lib/service.d.ts@2.1693.0'. ========
======== Resolving module '../lib/config-base' from 'd:/DOPAMS/Toystack/dopams-backend-staging/node_modules/aws-sdk/clients/mobileanalytics.d.ts'. ========
Resolution for module '../lib/config-base' was found in cache from location 'd:/DOPAMS/Toystack/dopams-backend-staging/node_modules/aws-sdk/clients'.
======== Module name '../lib/config-base' was successfully resolved to 'd:/DOPAMS/Toystack/dopams-backend-staging/node_modules/aws-sdk/lib/config-base.d.ts' with Package ID 'aws-sdk/lib/config-base.d.ts@2.1693.0'. ========
File 'd:/DOPAMS/Toystack/dopams-backend-staging/node_modules/aws-sdk/clients/package.json' does not exist according to earlier cached lookups.
File 'd:/DOPAMS/Toystack/dopams-backend-staging/node_modules/aws-sdk/package.json' exists according to earlier cached lookups.
======== Resolving module '../lib/request' from 'd:/DOPAMS/Toystack/dopams-backend-staging/node_modules/aws-sdk/clients/opsworks.d.ts'. ========
Resolution for module '../lib/request' was found in cache from location 'd:/DOPAMS/Toystack/dopams-backend-staging/node_modules/aws-sdk/clients'.
======== Module name '../lib/request' was successfully resolved to 'd:/DOPAMS/Toystack/dopams-backend-staging/node_modules/aws-sdk/lib/request.d.ts' with Package ID 'aws-sdk/lib/request.d.ts@2.1693.0'. ========
======== Resolving module '../lib/response' from 'd:/DOPAMS/Toystack/dopams-backend-staging/node_modules/aws-sdk/clients/opsworks.d.ts'. ========
Resolution for module '../lib/response' was found in cache from location 'd:/DOPAMS/Toystack/dopams-backend-staging/node_modules/aws-sdk/clients'.
======== Module name '../lib/response' was successfully resolved to 'd:/DOPAMS/Toystack/dopams-backend-staging/node_modules/aws-sdk/lib/response.d.ts' with Package ID 'aws-sdk/lib/response.d.ts@2.1693.0'. ========
======== Resolving module '../lib/error' from 'd:/DOPAMS/Toystack/dopams-backend-staging/node_modules/aws-sdk/clients/opsworks.d.ts'. ========
Resolution for module '../lib/error' was found in cache from location 'd:/DOPAMS/Toystack/dopams-backend-staging/node_modules/aws-sdk/clients'.
======== Module name '../lib/error' was successfully resolved to 'd:/DOPAMS/Toystack/dopams-backend-staging/node_modules/aws-sdk/lib/error.d.ts' with Package ID 'aws-sdk/lib/error.d.ts@2.1693.0'. ========
======== Resolving module '../lib/service' from 'd:/DOPAMS/Toystack/dopams-backend-staging/node_modules/aws-sdk/clients/opsworks.d.ts'. ========
Resolution for module '../lib/service' was found in cache from location 'd:/DOPAMS/Toystack/dopams-backend-staging/node_modules/aws-sdk/clients'.
======== Module name '../lib/service' was successfully resolved to 'd:/DOPAMS/Toystack/dopams-backend-staging/node_modules/aws-sdk/lib/service.d.ts' with Package ID 'aws-sdk/lib/service.d.ts@2.1693.0'. ========
======== Resolving module '../lib/config-base' from 'd:/DOPAMS/Toystack/dopams-backend-staging/node_modules/aws-sdk/clients/opsworks.d.ts'. ========
Resolution for module '../lib/config-base' was found in cache from location 'd:/DOPAMS/Toystack/dopams-backend-staging/node_modules/aws-sdk/clients'.
======== Module name '../lib/config-base' was successfully resolved to 'd:/DOPAMS/Toystack/dopams-backend-staging/node_modules/aws-sdk/lib/config-base.d.ts' with Package ID 'aws-sdk/lib/config-base.d.ts@2.1693.0'. ========
File 'd:/DOPAMS/Toystack/dopams-backend-staging/node_modules/aws-sdk/clients/package.json' does not exist according to earlier cached lookups.
File 'd:/DOPAMS/Toystack/dopams-backend-staging/node_modules/aws-sdk/package.json' exists according to earlier cached lookups.
======== Resolving module '../lib/request' from 'd:/DOPAMS/Toystack/dopams-backend-staging/node_modules/aws-sdk/clients/opsworkscm.d.ts'. ========
Resolution for module '../lib/request' was found in cache from location 'd:/DOPAMS/Toystack/dopams-backend-staging/node_modules/aws-sdk/clients'.
======== Module name '../lib/request' was successfully resolved to 'd:/DOPAMS/Toystack/dopams-backend-staging/node_modules/aws-sdk/lib/request.d.ts' with Package ID 'aws-sdk/lib/request.d.ts@2.1693.0'. ========
======== Resolving module '../lib/response' from 'd:/DOPAMS/Toystack/dopams-backend-staging/node_modules/aws-sdk/clients/opsworkscm.d.ts'. ========
Resolution for module '../lib/response' was found in cache from location 'd:/DOPAMS/Toystack/dopams-backend-staging/node_modules/aws-sdk/clients'.
======== Module name '../lib/response' was successfully resolved to 'd:/DOPAMS/Toystack/dopams-backend-staging/node_modules/aws-sdk/lib/response.d.ts' with Package ID 'aws-sdk/lib/response.d.ts@2.1693.0'. ========
======== Resolving module '../lib/error' from 'd:/DOPAMS/Toystack/dopams-backend-staging/node_modules/aws-sdk/clients/opsworkscm.d.ts'. ========
Resolution for module '../lib/error' was found in cache from location 'd:/DOPAMS/Toystack/dopams-backend-staging/node_modules/aws-sdk/clients'.
======== Module name '../lib/error' was successfully resolved to 'd:/DOPAMS/Toystack/dopams-backend-staging/node_modules/aws-sdk/lib/error.d.ts' with Package ID 'aws-sdk/lib/error.d.ts@2.1693.0'. ========
======== Resolving module '../lib/service' from 'd:/DOPAMS/Toystack/dopams-backend-staging/node_modules/aws-sdk/clients/opsworkscm.d.ts'. ========
Resolution for module '../lib/service' was found in cache from location 'd:/DOPAMS/Toystack/dopams-backend-staging/node_modules/aws-sdk/clients'.
======== Module name '../lib/service' was successfully resolved to 'd:/DOPAMS/Toystack/dopams-backend-staging/node_modules/aws-sdk/lib/service.d.ts' with Package ID 'aws-sdk/lib/service.d.ts@2.1693.0'. ========
======== Resolving module '../lib/config-base' from 'd:/DOPAMS/Toystack/dopams-backend-staging/node_modules/aws-sdk/clients/opsworkscm.d.ts'. ========
Resolution for module '../lib/config-base' was found in cache from location 'd:/DOPAMS/Toystack/dopams-backend-staging/node_modules/aws-sdk/clients'.
======== Module name '../lib/config-base' was successfully resolved to 'd:/DOPAMS/Toystack/dopams-backend-staging/node_modules/aws-sdk/lib/config-base.d.ts' with Package ID 'aws-sdk/lib/config-base.d.ts@2.1693.0'. ========
File 'd:/DOPAMS/Toystack/dopams-backend-staging/node_modules/aws-sdk/clients/package.json' does not exist according to earlier cached lookups.
File 'd:/DOPAMS/Toystack/dopams-backend-staging/node_modules/aws-sdk/package.json' exists according to earlier cached lookups.
======== Resolving module '../lib/request' from 'd:/DOPAMS/Toystack/dopams-backend-staging/node_modules/aws-sdk/clients/organizations.d.ts'. ========
Resolution for module '../lib/request' was found in cache from location 'd:/DOPAMS/Toystack/dopams-backend-staging/node_modules/aws-sdk/clients'.
======== Module name '../lib/request' was successfully resolved to 'd:/DOPAMS/Toystack/dopams-backend-staging/node_modules/aws-sdk/lib/request.d.ts' with Package ID 'aws-sdk/lib/request.d.ts@2.1693.0'. ========
======== Resolving module '../lib/response' from 'd:/DOPAMS/Toystack/dopams-backend-staging/node_modules/aws-sdk/clients/organizations.d.ts'. ========
Resolution for module '../lib/response' was found in cache from location 'd:/DOPAMS/Toystack/dopams-backend-staging/node_modules/aws-sdk/clients'.
======== Module name '../lib/response' was successfully resolved to 'd:/DOPAMS/Toystack/dopams-backend-staging/node_modules/aws-sdk/lib/response.d.ts' with Package ID 'aws-sdk/lib/response.d.ts@2.1693.0'. ========
======== Resolving module '../lib/error' from 'd:/DOPAMS/Toystack/dopams-backend-staging/node_modules/aws-sdk/clients/organizations.d.ts'. ========
Resolution for module '../lib/error' was found in cache from location 'd:/DOPAMS/Toystack/dopams-backend-staging/node_modules/aws-sdk/clients'.
======== Module name '../lib/error' was successfully resolved to 'd:/DOPAMS/Toystack/dopams-backend-staging/node_modules/aws-sdk/lib/error.d.ts' with Package ID 'aws-sdk/lib/error.d.ts@2.1693.0'. ========
======== Resolving module '../lib/service' from 'd:/DOPAMS/Toystack/dopams-backend-staging/node_modules/aws-sdk/clients/organizations.d.ts'. ========
Resolution for module '../lib/service' was found in cache from location 'd:/DOPAMS/Toystack/dopams-backend-staging/node_modules/aws-sdk/clients'.
======== Module name '../lib/service' was successfully resolved to 'd:/DOPAMS/Toystack/dopams-backend-staging/node_modules/aws-sdk/lib/service.d.ts' with Package ID 'aws-sdk/lib/service.d.ts@2.1693.0'. ========
======== Resolving module '../lib/config-base' from 'd:/DOPAMS/Toystack/dopams-backend-staging/node_modules/aws-sdk/clients/organizations.d.ts'. ========
Resolution for module '../lib/config-base' was found in cache from location 'd:/DOPAMS/Toystack/dopams-backend-staging/node_modules/aws-sdk/clients'.
======== Module name '../lib/config-base' was successfully resolved to 'd:/DOPAMS/Toystack/dopams-backend-staging/node_modules/aws-sdk/lib/config-base.d.ts' with Package ID 'aws-sdk/lib/config-base.d.ts@2.1693.0'. ========
File 'd:/DOPAMS/Toystack/dopams-backend-staging/node_modules/aws-sdk/clients/package.json' does not exist according to earlier cached lookups.
File 'd:/DOPAMS/Toystack/dopams-backend-staging/node_modules/aws-sdk/package.json' exists according to earlier cached lookups.
======== Resolving module '../lib/request' from 'd:/DOPAMS/Toystack/dopams-backend-staging/node_modules/aws-sdk/clients/pinpoint.d.ts'. ========
Resolution for module '../lib/request' was found in cache from location 'd:/DOPAMS/Toystack/dopams-backend-staging/node_modules/aws-sdk/clients'.
======== Module name '../lib/request' was successfully resolved to 'd:/DOPAMS/Toystack/dopams-backend-staging/node_modules/aws-sdk/lib/request.d.ts' with Package ID 'aws-sdk/lib/request.d.ts@2.1693.0'. ========
======== Resolving module '../lib/response' from 'd:/DOPAMS/Toystack/dopams-backend-staging/node_modules/aws-sdk/clients/pinpoint.d.ts'. ========
Resolution for module '../lib/response' was found in cache from location 'd:/DOPAMS/Toystack/dopams-backend-staging/node_modules/aws-sdk/clients'.
======== Module name '../lib/response' was successfully resolved to 'd:/DOPAMS/Toystack/dopams-backend-staging/node_modules/aws-sdk/lib/response.d.ts' with Package ID 'aws-sdk/lib/response.d.ts@2.1693.0'. ========
======== Resolving module '../lib/error' from 'd:/DOPAMS/Toystack/dopams-backend-staging/node_modules/aws-sdk/clients/pinpoint.d.ts'. ========
Resolution for module '../lib/error' was found in cache from location 'd:/DOPAMS/Toystack/dopams-backend-staging/node_modules/aws-sdk/clients'.
======== Module name '../lib/error' was successfully resolved to 'd:/DOPAMS/Toystack/dopams-backend-staging/node_modules/aws-sdk/lib/error.d.ts' with Package ID 'aws-sdk/lib/error.d.ts@2.1693.0'. ========
======== Resolving module '../lib/service' from 'd:/DOPAMS/Toystack/dopams-backend-staging/node_modules/aws-sdk/clients/pinpoint.d.ts'. ========
Resolution for module '../lib/service' was found in cache from location 'd:/DOPAMS/Toystack/dopams-backend-staging/node_modules/aws-sdk/clients'.
======== Module name '../lib/service' was successfully resolved to 'd:/DOPAMS/Toystack/dopams-backend-staging/node_modules/aws-sdk/lib/service.d.ts' with Package ID 'aws-sdk/lib/service.d.ts@2.1693.0'. ========
======== Resolving module '../lib/config-base' from 'd:/DOPAMS/Toystack/dopams-backend-staging/node_modules/aws-sdk/clients/pinpoint.d.ts'. ========
Resolution for module '../lib/config-base' was found in cache from location 'd:/DOPAMS/Toystack/dopams-backend-staging/node_modules/aws-sdk/clients'.
======== Module name '../lib/config-base' was successfully resolved to 'd:/DOPAMS/Toystack/dopams-backend-staging/node_modules/aws-sdk/lib/config-base.d.ts' with Package ID 'aws-sdk/lib/config-base.d.ts@2.1693.0'. ========
File 'd:/DOPAMS/Toystack/dopams-backend-staging/node_modules/aws-sdk/clients/package.json' does not exist according to earlier cached lookups.
File 'd:/DOPAMS/Toystack/dopams-backend-staging/node_modules/aws-sdk/package.json' exists according to earlier cached lookups.
======== Resolving module '../lib/request' from 'd:/DOPAMS/Toystack/dopams-backend-staging/node_modules/aws-sdk/clients/polly.d.ts'. ========
Resolution for module '../lib/request' was found in cache from location 'd:/DOPAMS/Toystack/dopams-backend-staging/node_modules/aws-sdk/clients'.
======== Module name '../lib/request' was successfully resolved to 'd:/DOPAMS/Toystack/dopams-backend-staging/node_modules/aws-sdk/lib/request.d.ts' with Package ID 'aws-sdk/lib/request.d.ts@2.1693.0'. ========
======== Resolving module '../lib/response' from 'd:/DOPAMS/Toystack/dopams-backend-staging/node_modules/aws-sdk/clients/polly.d.ts'. ========
Resolution for module '../lib/response' was found in cache from location 'd:/DOPAMS/Toystack/dopams-backend-staging/node_modules/aws-sdk/clients'.
======== Module name '../lib/response' was successfully resolved to 'd:/DOPAMS/Toystack/dopams-backend-staging/node_modules/aws-sdk/lib/response.d.ts' with Package ID 'aws-sdk/lib/response.d.ts@2.1693.0'. ========
======== Resolving module '../lib/error' from 'd:/DOPAMS/Toystack/dopams-backend-staging/node_modules/aws-sdk/clients/polly.d.ts'. ========
Resolution for module '../lib/error' was found in cache from location 'd:/DOPAMS/Toystack/dopams-backend-staging/node_modules/aws-sdk/clients'.
======== Module name '../lib/error' was successfully resolved to 'd:/DOPAMS/Toystack/dopams-backend-staging/node_modules/aws-sdk/lib/error.d.ts' with Package ID 'aws-sdk/lib/error.d.ts@2.1693.0'. ========
======== Resolving module '../lib/services/polly' from 'd:/DOPAMS/Toystack/dopams-backend-staging/node_modules/aws-sdk/clients/polly.d.ts'. ========
Explicitly specified module resolution kind: 'Node10'.
Loading module as file / folder, candidate module location 'd:/DOPAMS/Toystack/dopams-backend-staging/node_modules/aws-sdk/lib/services/polly', target file types: TypeScript, Declaration.
File 'd:/DOPAMS/Toystack/dopams-backend-staging/node_modules/aws-sdk/lib/services/polly.ts' does not exist.
File 'd:/DOPAMS/Toystack/dopams-backend-staging/node_modules/aws-sdk/lib/services/polly.tsx' does not exist.
File 'd:/DOPAMS/Toystack/dopams-backend-staging/node_modules/aws-sdk/lib/services/polly.d.ts' exists - use it as a name resolution result.
File 'd:/DOPAMS/Toystack/dopams-backend-staging/node_modules/aws-sdk/package.json' exists according to earlier cached lookups.
======== Module name '../lib/services/polly' was successfully resolved to 'd:/DOPAMS/Toystack/dopams-backend-staging/node_modules/aws-sdk/lib/services/polly.d.ts' with Package ID 'aws-sdk/lib/services/polly.d.ts@2.1693.0'. ========
======== Resolving module '../lib/service' from 'd:/DOPAMS/Toystack/dopams-backend-staging/node_modules/aws-sdk/clients/polly.d.ts'. ========
Resolution for module '../lib/service' was found in cache from location 'd:/DOPAMS/Toystack/dopams-backend-staging/node_modules/aws-sdk/clients'.
======== Module name '../lib/service' was successfully resolved to 'd:/DOPAMS/Toystack/dopams-backend-staging/node_modules/aws-sdk/lib/service.d.ts' with Package ID 'aws-sdk/lib/service.d.ts@2.1693.0'. ========
======== Resolving module '../lib/config-base' from 'd:/DOPAMS/Toystack/dopams-backend-staging/node_modules/aws-sdk/clients/polly.d.ts'. ========
Resolution for module '../lib/config-base' was found in cache from location 'd:/DOPAMS/Toystack/dopams-backend-staging/node_modules/aws-sdk/clients'.
======== Module name '../lib/config-base' was successfully resolved to 'd:/DOPAMS/Toystack/dopams-backend-staging/node_modules/aws-sdk/lib/config-base.d.ts' with Package ID 'aws-sdk/lib/config-base.d.ts@2.1693.0'. ========
======== Resolving module '../lib/polly/presigner' from 'd:/DOPAMS/Toystack/dopams-backend-staging/node_modules/aws-sdk/clients/polly.d.ts'. ========
Explicitly specified module resolution kind: 'Node10'.
Loading module as file / folder, candidate module location 'd:/DOPAMS/Toystack/dopams-backend-staging/node_modules/aws-sdk/lib/polly/presigner', target file types: TypeScript, Declaration.
File 'd:/DOPAMS/Toystack/dopams-backend-staging/node_modules/aws-sdk/lib/polly/presigner.ts' does not exist.
File 'd:/DOPAMS/Toystack/dopams-backend-staging/node_modules/aws-sdk/lib/polly/presigner.tsx' does not exist.
File 'd:/DOPAMS/Toystack/dopams-backend-staging/node_modules/aws-sdk/lib/polly/presigner.d.ts' exists - use it as a name resolution result.
File 'd:/DOPAMS/Toystack/dopams-backend-staging/node_modules/aws-sdk/package.json' exists according to earlier cached lookups.
======== Module name '../lib/polly/presigner' was successfully resolved to 'd:/DOPAMS/Toystack/dopams-backend-staging/node_modules/aws-sdk/lib/polly/presigner.d.ts' with Package ID 'aws-sdk/lib/polly/presigner.d.ts@2.1693.0'. ========
======== Resolving module 'stream' from 'd:/DOPAMS/Toystack/dopams-backend-staging/node_modules/aws-sdk/clients/polly.d.ts'. ========
Resolution for module 'stream' was found in cache from location 'd:/DOPAMS/Toystack/dopams-backend-staging/node_modules/aws-sdk/clients'.
======== Module name 'stream' was not resolved. ========
File 'd:/DOPAMS/Toystack/dopams-backend-staging/node_modules/aws-sdk/lib/services/package.json' does not exist according to earlier cached lookups.
File 'd:/DOPAMS/Toystack/dopams-backend-staging/node_modules/aws-sdk/lib/package.json' does not exist according to earlier cached lookups.
File 'd:/DOPAMS/Toystack/dopams-backend-staging/node_modules/aws-sdk/package.json' exists according to earlier cached lookups.
======== Resolving module '../service' from 'd:/DOPAMS/Toystack/dopams-backend-staging/node_modules/aws-sdk/lib/services/polly.d.ts'. ========
Resolution for module '../service' was found in cache from location 'd:/DOPAMS/Toystack/dopams-backend-staging/node_modules/aws-sdk/lib/services'.
======== Module name '../service' was successfully resolved to 'd:/DOPAMS/Toystack/dopams-backend-staging/node_modules/aws-sdk/lib/service.d.ts' with Package ID 'aws-sdk/lib/service.d.ts@2.1693.0'. ========
======== Resolving module '../polly/presigner' from 'd:/DOPAMS/Toystack/dopams-backend-staging/node_modules/aws-sdk/lib/services/polly.d.ts'. ========
Explicitly specified module resolution kind: 'Node10'.
Loading module as file / folder, candidate module location 'd:/DOPAMS/Toystack/dopams-backend-staging/node_modules/aws-sdk/lib/polly/presigner', target file types: TypeScript, Declaration.
File 'd:/DOPAMS/Toystack/dopams-backend-staging/node_modules/aws-sdk/lib/polly/presigner.ts' does not exist.
File 'd:/DOPAMS/Toystack/dopams-backend-staging/node_modules/aws-sdk/lib/polly/presigner.tsx' does not exist.
File 'd:/DOPAMS/Toystack/dopams-backend-staging/node_modules/aws-sdk/lib/polly/presigner.d.ts' exists - use it as a name resolution result.
File 'd:/DOPAMS/Toystack/dopams-backend-staging/node_modules/aws-sdk/package.json' exists according to earlier cached lookups.
======== Module name '../polly/presigner' was successfully resolved to 'd:/DOPAMS/Toystack/dopams-backend-staging/node_modules/aws-sdk/lib/polly/presigner.d.ts' with Package ID 'aws-sdk/lib/polly/presigner.d.ts@2.1693.0'. ========
File 'd:/DOPAMS/Toystack/dopams-backend-staging/node_modules/aws-sdk/lib/polly/package.json' does not exist.
File 'd:/DOPAMS/Toystack/dopams-backend-staging/node_modules/aws-sdk/lib/package.json' does not exist according to earlier cached lookups.
File 'd:/DOPAMS/Toystack/dopams-backend-staging/node_modules/aws-sdk/package.json' exists according to earlier cached lookups.
======== Resolving module '../../clients/polly' from 'd:/DOPAMS/Toystack/dopams-backend-staging/node_modules/aws-sdk/lib/polly/presigner.d.ts'. ========
Explicitly specified module resolution kind: 'Node10'.
Loading module as file / folder, candidate module location 'd:/DOPAMS/Toystack/dopams-backend-staging/node_modules/aws-sdk/clients/polly', target file types: TypeScript, Declaration.
File 'd:/DOPAMS/Toystack/dopams-backend-staging/node_modules/aws-sdk/clients/polly.ts' does not exist.
File 'd:/DOPAMS/Toystack/dopams-backend-staging/node_modules/aws-sdk/clients/polly.tsx' does not exist.
File 'd:/DOPAMS/Toystack/dopams-backend-staging/node_modules/aws-sdk/clients/polly.d.ts' exists - use it as a name resolution result.
File 'd:/DOPAMS/Toystack/dopams-backend-staging/node_modules/aws-sdk/package.json' exists according to earlier cached lookups.
======== Module name '../../clients/polly' was successfully resolved to 'd:/DOPAMS/Toystack/dopams-backend-staging/node_modules/aws-sdk/clients/polly.d.ts' with Package ID 'aws-sdk/clients/polly.d.ts@2.1693.0'. ========
======== Resolving module '../error' from 'd:/DOPAMS/Toystack/dopams-backend-staging/node_modules/aws-sdk/lib/polly/presigner.d.ts'. ========
Explicitly specified module resolution kind: 'Node10'.
Loading module as file / folder, candidate module location 'd:/DOPAMS/Toystack/dopams-backend-staging/node_modules/aws-sdk/lib/error', target file types: TypeScript, Declaration.
File 'd:/DOPAMS/Toystack/dopams-backend-staging/node_modules/aws-sdk/lib/error.ts' does not exist.
File 'd:/DOPAMS/Toystack/dopams-backend-staging/node_modules/aws-sdk/lib/error.tsx' does not exist.
File 'd:/DOPAMS/Toystack/dopams-backend-staging/node_modules/aws-sdk/lib/error.d.ts' exists - use it as a name resolution result.
File 'd:/DOPAMS/Toystack/dopams-backend-staging/node_modules/aws-sdk/package.json' exists according to earlier cached lookups.
======== Module name '../error' was successfully resolved to 'd:/DOPAMS/Toystack/dopams-backend-staging/node_modules/aws-sdk/lib/error.d.ts' with Package ID 'aws-sdk/lib/error.d.ts@2.1693.0'. ========
File 'd:/DOPAMS/Toystack/dopams-backend-staging/node_modules/aws-sdk/clients/package.json' does not exist according to earlier cached lookups.
File 'd:/DOPAMS/Toystack/dopams-backend-staging/node_modules/aws-sdk/package.json' exists according to earlier cached lookups.
======== Resolving module '../lib/request' from 'd:/DOPAMS/Toystack/dopams-backend-staging/node_modules/aws-sdk/clients/rds.d.ts'. ========
Resolution for module '../lib/request' was found in cache from location 'd:/DOPAMS/Toystack/dopams-backend-staging/node_modules/aws-sdk/clients'.
======== Module name '../lib/request' was successfully resolved to 'd:/DOPAMS/Toystack/dopams-backend-staging/node_modules/aws-sdk/lib/request.d.ts' with Package ID 'aws-sdk/lib/request.d.ts@2.1693.0'. ========
======== Resolving module '../lib/response' from 'd:/DOPAMS/Toystack/dopams-backend-staging/node_modules/aws-sdk/clients/rds.d.ts'. ========
Resolution for module '../lib/response' was found in cache from location 'd:/DOPAMS/Toystack/dopams-backend-staging/node_modules/aws-sdk/clients'.
======== Module name '../lib/response' was successfully resolved to 'd:/DOPAMS/Toystack/dopams-backend-staging/node_modules/aws-sdk/lib/response.d.ts' with Package ID 'aws-sdk/lib/response.d.ts@2.1693.0'. ========
======== Resolving module '../lib/error' from 'd:/DOPAMS/Toystack/dopams-backend-staging/node_modules/aws-sdk/clients/rds.d.ts'. ========
Resolution for module '../lib/error' was found in cache from location 'd:/DOPAMS/Toystack/dopams-backend-staging/node_modules/aws-sdk/clients'.
======== Module name '../lib/error' was successfully resolved to 'd:/DOPAMS/Toystack/dopams-backend-staging/node_modules/aws-sdk/lib/error.d.ts' with Package ID 'aws-sdk/lib/error.d.ts@2.1693.0'. ========
======== Resolving module '../lib/service' from 'd:/DOPAMS/Toystack/dopams-backend-staging/node_modules/aws-sdk/clients/rds.d.ts'. ========
Resolution for module '../lib/service' was found in cache from location 'd:/DOPAMS/Toystack/dopams-backend-staging/node_modules/aws-sdk/clients'.
======== Module name '../lib/service' was successfully resolved to 'd:/DOPAMS/Toystack/dopams-backend-staging/node_modules/aws-sdk/lib/service.d.ts' with Package ID 'aws-sdk/lib/service.d.ts@2.1693.0'. ========
======== Resolving module '../lib/config-base' from 'd:/DOPAMS/Toystack/dopams-backend-staging/node_modules/aws-sdk/clients/rds.d.ts'. ========
Resolution for module '../lib/config-base' was found in cache from location 'd:/DOPAMS/Toystack/dopams-backend-staging/node_modules/aws-sdk/clients'.
======== Module name '../lib/config-base' was successfully resolved to 'd:/DOPAMS/Toystack/dopams-backend-staging/node_modules/aws-sdk/lib/config-base.d.ts' with Package ID 'aws-sdk/lib/config-base.d.ts@2.1693.0'. ========
======== Resolving module '../lib/rds/signer' from 'd:/DOPAMS/Toystack/dopams-backend-staging/node_modules/aws-sdk/clients/rds.d.ts'. ========
Explicitly specified module resolution kind: 'Node10'.
Loading module as file / folder, candidate module location 'd:/DOPAMS/Toystack/dopams-backend-staging/node_modules/aws-sdk/lib/rds/signer', target file types: TypeScript, Declaration.
File 'd:/DOPAMS/Toystack/dopams-backend-staging/node_modules/aws-sdk/lib/rds/signer.ts' does not exist.
File 'd:/DOPAMS/Toystack/dopams-backend-staging/node_modules/aws-sdk/lib/rds/signer.tsx' does not exist.
File 'd:/DOPAMS/Toystack/dopams-backend-staging/node_modules/aws-sdk/lib/rds/signer.d.ts' exists - use it as a name resolution result.
File 'd:/DOPAMS/Toystack/dopams-backend-staging/node_modules/aws-sdk/package.json' exists according to earlier cached lookups.
======== Module name '../lib/rds/signer' was successfully resolved to 'd:/DOPAMS/Toystack/dopams-backend-staging/node_modules/aws-sdk/lib/rds/signer.d.ts' with Package ID 'aws-sdk/lib/rds/signer.d.ts@2.1693.0'. ========
File 'd:/DOPAMS/Toystack/dopams-backend-staging/node_modules/aws-sdk/lib/rds/package.json' does not exist.
File 'd:/DOPAMS/Toystack/dopams-backend-staging/node_modules/aws-sdk/lib/package.json' does not exist according to earlier cached lookups.
File 'd:/DOPAMS/Toystack/dopams-backend-staging/node_modules/aws-sdk/package.json' exists according to earlier cached lookups.
======== Resolving module '../credentials' from 'd:/DOPAMS/Toystack/dopams-backend-staging/node_modules/aws-sdk/lib/rds/signer.d.ts'. ========
Explicitly specified module resolution kind: 'Node10'.
Loading module as file / folder, candidate module location 'd:/DOPAMS/Toystack/dopams-backend-staging/node_modules/aws-sdk/lib/credentials', target file types: TypeScript, Declaration.
File 'd:/DOPAMS/Toystack/dopams-backend-staging/node_modules/aws-sdk/lib/credentials.ts' does not exist.
File 'd:/DOPAMS/Toystack/dopams-backend-staging/node_modules/aws-sdk/lib/credentials.tsx' does not exist.
File 'd:/DOPAMS/Toystack/dopams-backend-staging/node_modules/aws-sdk/lib/credentials.d.ts' exists - use it as a name resolution result.
File 'd:/DOPAMS/Toystack/dopams-backend-staging/node_modules/aws-sdk/package.json' exists according to earlier cached lookups.
======== Module name '../credentials' was successfully resolved to 'd:/DOPAMS/Toystack/dopams-backend-staging/node_modules/aws-sdk/lib/credentials.d.ts' with Package ID 'aws-sdk/lib/credentials.d.ts@2.1693.0'. ========
======== Resolving module '../error' from 'd:/DOPAMS/Toystack/dopams-backend-staging/node_modules/aws-sdk/lib/rds/signer.d.ts'. ========
Explicitly specified module resolution kind: 'Node10'.
Loading module as file / folder, candidate module location 'd:/DOPAMS/Toystack/dopams-backend-staging/node_modules/aws-sdk/lib/error', target file types: TypeScript, Declaration.
File 'd:/DOPAMS/Toystack/dopams-backend-staging/node_modules/aws-sdk/lib/error.ts' does not exist.
File 'd:/DOPAMS/Toystack/dopams-backend-staging/node_modules/aws-sdk/lib/error.tsx' does not exist.
File 'd:/DOPAMS/Toystack/dopams-backend-staging/node_modules/aws-sdk/lib/error.d.ts' exists - use it as a name resolution result.
File 'd:/DOPAMS/Toystack/dopams-backend-staging/node_modules/aws-sdk/package.json' exists according to earlier cached lookups.
======== Module name '../error' was successfully resolved to 'd:/DOPAMS/Toystack/dopams-backend-staging/node_modules/aws-sdk/lib/error.d.ts' with Package ID 'aws-sdk/lib/error.d.ts@2.1693.0'. ========
File 'd:/DOPAMS/Toystack/dopams-backend-staging/node_modules/aws-sdk/clients/package.json' does not exist according to earlier cached lookups.
File 'd:/DOPAMS/Toystack/dopams-backend-staging/node_modules/aws-sdk/package.json' exists according to earlier cached lookups.
======== Resolving module '../lib/request' from 'd:/DOPAMS/Toystack/dopams-backend-staging/node_modules/aws-sdk/clients/redshift.d.ts'. ========
Resolution for module '../lib/request' was found in cache from location 'd:/DOPAMS/Toystack/dopams-backend-staging/node_modules/aws-sdk/clients'.
======== Module name '../lib/request' was successfully resolved to 'd:/DOPAMS/Toystack/dopams-backend-staging/node_modules/aws-sdk/lib/request.d.ts' with Package ID 'aws-sdk/lib/request.d.ts@2.1693.0'. ========
======== Resolving module '../lib/response' from 'd:/DOPAMS/Toystack/dopams-backend-staging/node_modules/aws-sdk/clients/redshift.d.ts'. ========
Resolution for module '../lib/response' was found in cache from location 'd:/DOPAMS/Toystack/dopams-backend-staging/node_modules/aws-sdk/clients'.
======== Module name '../lib/response' was successfully resolved to 'd:/DOPAMS/Toystack/dopams-backend-staging/node_modules/aws-sdk/lib/response.d.ts' with Package ID 'aws-sdk/lib/response.d.ts@2.1693.0'. ========
======== Resolving module '../lib/error' from 'd:/DOPAMS/Toystack/dopams-backend-staging/node_modules/aws-sdk/clients/redshift.d.ts'. ========
Resolution for module '../lib/error' was found in cache from location 'd:/DOPAMS/Toystack/dopams-backend-staging/node_modules/aws-sdk/clients'.
======== Module name '../lib/error' was successfully resolved to 'd:/DOPAMS/Toystack/dopams-backend-staging/node_modules/aws-sdk/lib/error.d.ts' with Package ID 'aws-sdk/lib/error.d.ts@2.1693.0'. ========
======== Resolving module '../lib/service' from 'd:/DOPAMS/Toystack/dopams-backend-staging/node_modules/aws-sdk/clients/redshift.d.ts'. ========
Resolution for module '../lib/service' was found in cache from location 'd:/DOPAMS/Toystack/dopams-backend-staging/node_modules/aws-sdk/clients'.
======== Module name '../lib/service' was successfully resolved to 'd:/DOPAMS/Toystack/dopams-backend-staging/node_modules/aws-sdk/lib/service.d.ts' with Package ID 'aws-sdk/lib/service.d.ts@2.1693.0'. ========
======== Resolving module '../lib/config-base' from 'd:/DOPAMS/Toystack/dopams-backend-staging/node_modules/aws-sdk/clients/redshift.d.ts'. ========
Resolution for module '../lib/config-base' was found in cache from location 'd:/DOPAMS/Toystack/dopams-backend-staging/node_modules/aws-sdk/clients'.
======== Module name '../lib/config-base' was successfully resolved to 'd:/DOPAMS/Toystack/dopams-backend-staging/node_modules/aws-sdk/lib/config-base.d.ts' with Package ID 'aws-sdk/lib/config-base.d.ts@2.1693.0'. ========
File 'd:/DOPAMS/Toystack/dopams-backend-staging/node_modules/aws-sdk/clients/package.json' does not exist according to earlier cached lookups.
File 'd:/DOPAMS/Toystack/dopams-backend-staging/node_modules/aws-sdk/package.json' exists according to earlier cached lookups.
======== Resolving module '../lib/request' from 'd:/DOPAMS/Toystack/dopams-backend-staging/node_modules/aws-sdk/clients/rekognition.d.ts'. ========
Resolution for module '../lib/request' was found in cache from location 'd:/DOPAMS/Toystack/dopams-backend-staging/node_modules/aws-sdk/clients'.
======== Module name '../lib/request' was successfully resolved to 'd:/DOPAMS/Toystack/dopams-backend-staging/node_modules/aws-sdk/lib/request.d.ts' with Package ID 'aws-sdk/lib/request.d.ts@2.1693.0'. ========
======== Resolving module '../lib/response' from 'd:/DOPAMS/Toystack/dopams-backend-staging/node_modules/aws-sdk/clients/rekognition.d.ts'. ========
Resolution for module '../lib/response' was found in cache from location 'd:/DOPAMS/Toystack/dopams-backend-staging/node_modules/aws-sdk/clients'.
======== Module name '../lib/response' was successfully resolved to 'd:/DOPAMS/Toystack/dopams-backend-staging/node_modules/aws-sdk/lib/response.d.ts' with Package ID 'aws-sdk/lib/response.d.ts@2.1693.0'. ========
======== Resolving module '../lib/error' from 'd:/DOPAMS/Toystack/dopams-backend-staging/node_modules/aws-sdk/clients/rekognition.d.ts'. ========
Resolution for module '../lib/error' was found in cache from location 'd:/DOPAMS/Toystack/dopams-backend-staging/node_modules/aws-sdk/clients'.
======== Module name '../lib/error' was successfully resolved to 'd:/DOPAMS/Toystack/dopams-backend-staging/node_modules/aws-sdk/lib/error.d.ts' with Package ID 'aws-sdk/lib/error.d.ts@2.1693.0'. ========
======== Resolving module '../lib/service' from 'd:/DOPAMS/Toystack/dopams-backend-staging/node_modules/aws-sdk/clients/rekognition.d.ts'. ========
Resolution for module '../lib/service' was found in cache from location 'd:/DOPAMS/Toystack/dopams-backend-staging/node_modules/aws-sdk/clients'.
======== Module name '../lib/service' was successfully resolved to 'd:/DOPAMS/Toystack/dopams-backend-staging/node_modules/aws-sdk/lib/service.d.ts' with Package ID 'aws-sdk/lib/service.d.ts@2.1693.0'. ========
======== Resolving module '../lib/config-base' from 'd:/DOPAMS/Toystack/dopams-backend-staging/node_modules/aws-sdk/clients/rekognition.d.ts'. ========
Resolution for module '../lib/config-base' was found in cache from location 'd:/DOPAMS/Toystack/dopams-backend-staging/node_modules/aws-sdk/clients'.
======== Module name '../lib/config-base' was successfully resolved to 'd:/DOPAMS/Toystack/dopams-backend-staging/node_modules/aws-sdk/lib/config-base.d.ts' with Package ID 'aws-sdk/lib/config-base.d.ts@2.1693.0'. ========
File 'd:/DOPAMS/Toystack/dopams-backend-staging/node_modules/aws-sdk/clients/package.json' does not exist according to earlier cached lookups.
File 'd:/DOPAMS/Toystack/dopams-backend-staging/node_modules/aws-sdk/package.json' exists according to earlier cached lookups.
======== Resolving module '../lib/request' from 'd:/DOPAMS/Toystack/dopams-backend-staging/node_modules/aws-sdk/clients/resourcegroupstaggingapi.d.ts'. ========
Resolution for module '../lib/request' was found in cache from location 'd:/DOPAMS/Toystack/dopams-backend-staging/node_modules/aws-sdk/clients'.
======== Module name '../lib/request' was successfully resolved to 'd:/DOPAMS/Toystack/dopams-backend-staging/node_modules/aws-sdk/lib/request.d.ts' with Package ID 'aws-sdk/lib/request.d.ts@2.1693.0'. ========
======== Resolving module '../lib/response' from 'd:/DOPAMS/Toystack/dopams-backend-staging/node_modules/aws-sdk/clients/resourcegroupstaggingapi.d.ts'. ========
Resolution for module '../lib/response' was found in cache from location 'd:/DOPAMS/Toystack/dopams-backend-staging/node_modules/aws-sdk/clients'.
======== Module name '../lib/response' was successfully resolved to 'd:/DOPAMS/Toystack/dopams-backend-staging/node_modules/aws-sdk/lib/response.d.ts' with Package ID 'aws-sdk/lib/response.d.ts@2.1693.0'. ========
======== Resolving module '../lib/error' from 'd:/DOPAMS/Toystack/dopams-backend-staging/node_modules/aws-sdk/clients/resourcegroupstaggingapi.d.ts'. ========
Resolution for module '../lib/error' was found in cache from location 'd:/DOPAMS/Toystack/dopams-backend-staging/node_modules/aws-sdk/clients'.
======== Module name '../lib/error' was successfully resolved to 'd:/DOPAMS/Toystack/dopams-backend-staging/node_modules/aws-sdk/lib/error.d.ts' with Package ID 'aws-sdk/lib/error.d.ts@2.1693.0'. ========
======== Resolving module '../lib/service' from 'd:/DOPAMS/Toystack/dopams-backend-staging/node_modules/aws-sdk/clients/resourcegroupstaggingapi.d.ts'. ========
Resolution for module '../lib/service' was found in cache from location 'd:/DOPAMS/Toystack/dopams-backend-staging/node_modules/aws-sdk/clients'.
======== Module name '../lib/service' was successfully resolved to 'd:/DOPAMS/Toystack/dopams-backend-staging/node_modules/aws-sdk/lib/service.d.ts' with Package ID 'aws-sdk/lib/service.d.ts@2.1693.0'. ========
======== Resolving module '../lib/config-base' from 'd:/DOPAMS/Toystack/dopams-backend-staging/node_modules/aws-sdk/clients/resourcegroupstaggingapi.d.ts'. ========
Resolution for module '../lib/config-base' was found in cache from location 'd:/DOPAMS/Toystack/dopams-backend-staging/node_modules/aws-sdk/clients'.
======== Module name '../lib/config-base' was successfully resolved to 'd:/DOPAMS/Toystack/dopams-backend-staging/node_modules/aws-sdk/lib/config-base.d.ts' with Package ID 'aws-sdk/lib/config-base.d.ts@2.1693.0'. ========
File 'd:/DOPAMS/Toystack/dopams-backend-staging/node_modules/aws-sdk/clients/package.json' does not exist according to earlier cached lookups.
File 'd:/DOPAMS/Toystack/dopams-backend-staging/node_modules/aws-sdk/package.json' exists according to earlier cached lookups.
======== Resolving module '../lib/request' from 'd:/DOPAMS/Toystack/dopams-backend-staging/node_modules/aws-sdk/clients/route53.d.ts'. ========
Resolution for module '../lib/request' was found in cache from location 'd:/DOPAMS/Toystack/dopams-backend-staging/node_modules/aws-sdk/clients'.
======== Module name '../lib/request' was successfully resolved to 'd:/DOPAMS/Toystack/dopams-backend-staging/node_modules/aws-sdk/lib/request.d.ts' with Package ID 'aws-sdk/lib/request.d.ts@2.1693.0'. ========
======== Resolving module '../lib/response' from 'd:/DOPAMS/Toystack/dopams-backend-staging/node_modules/aws-sdk/clients/route53.d.ts'. ========
Resolution for module '../lib/response' was found in cache from location 'd:/DOPAMS/Toystack/dopams-backend-staging/node_modules/aws-sdk/clients'.
======== Module name '../lib/response' was successfully resolved to 'd:/DOPAMS/Toystack/dopams-backend-staging/node_modules/aws-sdk/lib/response.d.ts' with Package ID 'aws-sdk/lib/response.d.ts@2.1693.0'. ========
======== Resolving module '../lib/error' from 'd:/DOPAMS/Toystack/dopams-backend-staging/node_modules/aws-sdk/clients/route53.d.ts'. ========
Resolution for module '../lib/error' was found in cache from location 'd:/DOPAMS/Toystack/dopams-backend-staging/node_modules/aws-sdk/clients'.
======== Module name '../lib/error' was successfully resolved to 'd:/DOPAMS/Toystack/dopams-backend-staging/node_modules/aws-sdk/lib/error.d.ts' with Package ID 'aws-sdk/lib/error.d.ts@2.1693.0'. ========
======== Resolving module '../lib/service' from 'd:/DOPAMS/Toystack/dopams-backend-staging/node_modules/aws-sdk/clients/route53.d.ts'. ========
Resolution for module '../lib/service' was found in cache from location 'd:/DOPAMS/Toystack/dopams-backend-staging/node_modules/aws-sdk/clients'.
======== Module name '../lib/service' was successfully resolved to 'd:/DOPAMS/Toystack/dopams-backend-staging/node_modules/aws-sdk/lib/service.d.ts' with Package ID 'aws-sdk/lib/service.d.ts@2.1693.0'. ========
======== Resolving module '../lib/config-base' from 'd:/DOPAMS/Toystack/dopams-backend-staging/node_modules/aws-sdk/clients/route53.d.ts'. ========
Resolution for module '../lib/config-base' was found in cache from location 'd:/DOPAMS/Toystack/dopams-backend-staging/node_modules/aws-sdk/clients'.
======== Module name '../lib/config-base' was successfully resolved to 'd:/DOPAMS/Toystack/dopams-backend-staging/node_modules/aws-sdk/lib/config-base.d.ts' with Package ID 'aws-sdk/lib/config-base.d.ts@2.1693.0'. ========
File 'd:/DOPAMS/Toystack/dopams-backend-staging/node_modules/aws-sdk/clients/package.json' does not exist according to earlier cached lookups.
File 'd:/DOPAMS/Toystack/dopams-backend-staging/node_modules/aws-sdk/package.json' exists according to earlier cached lookups.
======== Resolving module '../lib/request' from 'd:/DOPAMS/Toystack/dopams-backend-staging/node_modules/aws-sdk/clients/route53domains.d.ts'. ========
Resolution for module '../lib/request' was found in cache from location 'd:/DOPAMS/Toystack/dopams-backend-staging/node_modules/aws-sdk/clients'.
======== Module name '../lib/request' was successfully resolved to 'd:/DOPAMS/Toystack/dopams-backend-staging/node_modules/aws-sdk/lib/request.d.ts' with Package ID 'aws-sdk/lib/request.d.ts@2.1693.0'. ========
======== Resolving module '../lib/response' from 'd:/DOPAMS/Toystack/dopams-backend-staging/node_modules/aws-sdk/clients/route53domains.d.ts'. ========
Resolution for module '../lib/response' was found in cache from location 'd:/DOPAMS/Toystack/dopams-backend-staging/node_modules/aws-sdk/clients'.
======== Module name '../lib/response' was successfully resolved to 'd:/DOPAMS/Toystack/dopams-backend-staging/node_modules/aws-sdk/lib/response.d.ts' with Package ID 'aws-sdk/lib/response.d.ts@2.1693.0'. ========
======== Resolving module '../lib/error' from 'd:/DOPAMS/Toystack/dopams-backend-staging/node_modules/aws-sdk/clients/route53domains.d.ts'. ========
Resolution for module '../lib/error' was found in cache from location 'd:/DOPAMS/Toystack/dopams-backend-staging/node_modules/aws-sdk/clients'.
======== Module name '../lib/error' was successfully resolved to 'd:/DOPAMS/Toystack/dopams-backend-staging/node_modules/aws-sdk/lib/error.d.ts' with Package ID 'aws-sdk/lib/error.d.ts@2.1693.0'. ========
======== Resolving module '../lib/service' from 'd:/DOPAMS/Toystack/dopams-backend-staging/node_modules/aws-sdk/clients/route53domains.d.ts'. ========
Resolution for module '../lib/service' was found in cache from location 'd:/DOPAMS/Toystack/dopams-backend-staging/node_modules/aws-sdk/clients'.
======== Module name '../lib/service' was successfully resolved to 'd:/DOPAMS/Toystack/dopams-backend-staging/node_modules/aws-sdk/lib/service.d.ts' with Package ID 'aws-sdk/lib/service.d.ts@2.1693.0'. ========
======== Resolving module '../lib/config-base' from 'd:/DOPAMS/Toystack/dopams-backend-staging/node_modules/aws-sdk/clients/route53domains.d.ts'. ========
Resolution for module '../lib/config-base' was found in cache from location 'd:/DOPAMS/Toystack/dopams-backend-staging/node_modules/aws-sdk/clients'.
======== Module name '../lib/config-base' was successfully resolved to 'd:/DOPAMS/Toystack/dopams-backend-staging/node_modules/aws-sdk/lib/config-base.d.ts' with Package ID 'aws-sdk/lib/config-base.d.ts@2.1693.0'. ========
File 'd:/DOPAMS/Toystack/dopams-backend-staging/node_modules/aws-sdk/clients/package.json' does not exist according to earlier cached lookups.
File 'd:/DOPAMS/Toystack/dopams-backend-staging/node_modules/aws-sdk/package.json' exists according to earlier cached lookups.
======== Resolving module '../lib/request' from 'd:/DOPAMS/Toystack/dopams-backend-staging/node_modules/aws-sdk/clients/s3.d.ts'. ========
Resolution for module '../lib/request' was found in cache from location 'd:/DOPAMS/Toystack/dopams-backend-staging/node_modules/aws-sdk/clients'.
======== Module name '../lib/request' was successfully resolved to 'd:/DOPAMS/Toystack/dopams-backend-staging/node_modules/aws-sdk/lib/request.d.ts' with Package ID 'aws-sdk/lib/request.d.ts@2.1693.0'. ========
======== Resolving module '../lib/response' from 'd:/DOPAMS/Toystack/dopams-backend-staging/node_modules/aws-sdk/clients/s3.d.ts'. ========
Resolution for module '../lib/response' was found in cache from location 'd:/DOPAMS/Toystack/dopams-backend-staging/node_modules/aws-sdk/clients'.
======== Module name '../lib/response' was successfully resolved to 'd:/DOPAMS/Toystack/dopams-backend-staging/node_modules/aws-sdk/lib/response.d.ts' with Package ID 'aws-sdk/lib/response.d.ts@2.1693.0'. ========
======== Resolving module '../lib/error' from 'd:/DOPAMS/Toystack/dopams-backend-staging/node_modules/aws-sdk/clients/s3.d.ts'. ========
Resolution for module '../lib/error' was found in cache from location 'd:/DOPAMS/Toystack/dopams-backend-staging/node_modules/aws-sdk/clients'.
======== Module name '../lib/error' was successfully resolved to 'd:/DOPAMS/Toystack/dopams-backend-staging/node_modules/aws-sdk/lib/error.d.ts' with Package ID 'aws-sdk/lib/error.d.ts@2.1693.0'. ========
======== Resolving module '../lib/services/s3' from 'd:/DOPAMS/Toystack/dopams-backend-staging/node_modules/aws-sdk/clients/s3.d.ts'. ========
Explicitly specified module resolution kind: 'Node10'.
Loading module as file / folder, candidate module location 'd:/DOPAMS/Toystack/dopams-backend-staging/node_modules/aws-sdk/lib/services/s3', target file types: TypeScript, Declaration.
File 'd:/DOPAMS/Toystack/dopams-backend-staging/node_modules/aws-sdk/lib/services/s3.ts' does not exist.
File 'd:/DOPAMS/Toystack/dopams-backend-staging/node_modules/aws-sdk/lib/services/s3.tsx' does not exist.
File 'd:/DOPAMS/Toystack/dopams-backend-staging/node_modules/aws-sdk/lib/services/s3.d.ts' exists - use it as a name resolution result.
File 'd:/DOPAMS/Toystack/dopams-backend-staging/node_modules/aws-sdk/package.json' exists according to earlier cached lookups.
======== Module name '../lib/services/s3' was successfully resolved to 'd:/DOPAMS/Toystack/dopams-backend-staging/node_modules/aws-sdk/lib/services/s3.d.ts' with Package ID 'aws-sdk/lib/services/s3.d.ts@2.1693.0'. ========
======== Resolving module '../lib/service' from 'd:/DOPAMS/Toystack/dopams-backend-staging/node_modules/aws-sdk/clients/s3.d.ts'. ========
Resolution for module '../lib/service' was found in cache from location 'd:/DOPAMS/Toystack/dopams-backend-staging/node_modules/aws-sdk/clients'.
======== Module name '../lib/service' was successfully resolved to 'd:/DOPAMS/Toystack/dopams-backend-staging/node_modules/aws-sdk/lib/service.d.ts' with Package ID 'aws-sdk/lib/service.d.ts@2.1693.0'. ========
======== Resolving module '../lib/config-base' from 'd:/DOPAMS/Toystack/dopams-backend-staging/node_modules/aws-sdk/clients/s3.d.ts'. ========
Resolution for module '../lib/config-base' was found in cache from location 'd:/DOPAMS/Toystack/dopams-backend-staging/node_modules/aws-sdk/clients'.
======== Module name '../lib/config-base' was successfully resolved to 'd:/DOPAMS/Toystack/dopams-backend-staging/node_modules/aws-sdk/lib/config-base.d.ts' with Package ID 'aws-sdk/lib/config-base.d.ts@2.1693.0'. ========
======== Resolving module '../lib/config_use_dualstack' from 'd:/DOPAMS/Toystack/dopams-backend-staging/node_modules/aws-sdk/clients/s3.d.ts'. ========
Explicitly specified module resolution kind: 'Node10'.
Loading module as file / folder, candidate module location 'd:/DOPAMS/Toystack/dopams-backend-staging/node_modules/aws-sdk/lib/config_use_dualstack', target file types: TypeScript, Declaration.
File 'd:/DOPAMS/Toystack/dopams-backend-staging/node_modules/aws-sdk/lib/config_use_dualstack.ts' does not exist.
File 'd:/DOPAMS/Toystack/dopams-backend-staging/node_modules/aws-sdk/lib/config_use_dualstack.tsx' does not exist.
File 'd:/DOPAMS/Toystack/dopams-backend-staging/node_modules/aws-sdk/lib/config_use_dualstack.d.ts' exists - use it as a name resolution result.
File 'd:/DOPAMS/Toystack/dopams-backend-staging/node_modules/aws-sdk/package.json' exists according to earlier cached lookups.
======== Module name '../lib/config_use_dualstack' was successfully resolved to 'd:/DOPAMS/Toystack/dopams-backend-staging/node_modules/aws-sdk/lib/config_use_dualstack.d.ts' with Package ID 'aws-sdk/lib/config_use_dualstack.d.ts@2.1693.0'. ========
======== Resolving module '../lib/event-stream/event-stream' from 'd:/DOPAMS/Toystack/dopams-backend-staging/node_modules/aws-sdk/clients/s3.d.ts'. ========
Resolution for module '../lib/event-stream/event-stream' was found in cache from location 'd:/DOPAMS/Toystack/dopams-backend-staging/node_modules/aws-sdk/clients'.
======== Module name '../lib/event-stream/event-stream' was successfully resolved to 'd:/DOPAMS/Toystack/dopams-backend-staging/node_modules/aws-sdk/lib/event-stream/event-stream.d.ts' with Package ID 'aws-sdk/lib/event-stream/event-stream.d.ts@2.1693.0'. ========
======== Resolving module '../lib/s3/managed_upload' from 'd:/DOPAMS/Toystack/dopams-backend-staging/node_modules/aws-sdk/clients/s3.d.ts'. ========
Explicitly specified module resolution kind: 'Node10'.
Loading module as file / folder, candidate module location 'd:/DOPAMS/Toystack/dopams-backend-staging/node_modules/aws-sdk/lib/s3/managed_upload', target file types: TypeScript, Declaration.
File 'd:/DOPAMS/Toystack/dopams-backend-staging/node_modules/aws-sdk/lib/s3/managed_upload.ts' does not exist.
File 'd:/DOPAMS/Toystack/dopams-backend-staging/node_modules/aws-sdk/lib/s3/managed_upload.tsx' does not exist.
File 'd:/DOPAMS/Toystack/dopams-backend-staging/node_modules/aws-sdk/lib/s3/managed_upload.d.ts' exists - use it as a name resolution result.
File 'd:/DOPAMS/Toystack/dopams-backend-staging/node_modules/aws-sdk/package.json' exists according to earlier cached lookups.
======== Module name '../lib/s3/managed_upload' was successfully resolved to 'd:/DOPAMS/Toystack/dopams-backend-staging/node_modules/aws-sdk/lib/s3/managed_upload.d.ts' with Package ID 'aws-sdk/lib/s3/managed_upload.d.ts@2.1693.0'. ========
======== Resolving module '../lib/s3/presigned_post' from 'd:/DOPAMS/Toystack/dopams-backend-staging/node_modules/aws-sdk/clients/s3.d.ts'. ========
Explicitly specified module resolution kind: 'Node10'.
Loading module as file / folder, candidate module location 'd:/DOPAMS/Toystack/dopams-backend-staging/node_modules/aws-sdk/lib/s3/presigned_post', target file types: TypeScript, Declaration.
File 'd:/DOPAMS/Toystack/dopams-backend-staging/node_modules/aws-sdk/lib/s3/presigned_post.ts' does not exist.
File 'd:/DOPAMS/Toystack/dopams-backend-staging/node_modules/aws-sdk/lib/s3/presigned_post.tsx' does not exist.
File 'd:/DOPAMS/Toystack/dopams-backend-staging/node_modules/aws-sdk/lib/s3/presigned_post.d.ts' exists - use it as a name resolution result.
File 'd:/DOPAMS/Toystack/dopams-backend-staging/node_modules/aws-sdk/package.json' exists according to earlier cached lookups.
======== Module name '../lib/s3/presigned_post' was successfully resolved to 'd:/DOPAMS/Toystack/dopams-backend-staging/node_modules/aws-sdk/lib/s3/presigned_post.d.ts' with Package ID 'aws-sdk/lib/s3/presigned_post.d.ts@2.1693.0'. ========
======== Resolving module 'stream' from 'd:/DOPAMS/Toystack/dopams-backend-staging/node_modules/aws-sdk/clients/s3.d.ts'. ========
Resolution for module 'stream' was found in cache from location 'd:/DOPAMS/Toystack/dopams-backend-staging/node_modules/aws-sdk/clients'.
======== Module name 'stream' was not resolved. ========
File 'd:/DOPAMS/Toystack/dopams-backend-staging/node_modules/aws-sdk/lib/services/package.json' does not exist according to earlier cached lookups.
File 'd:/DOPAMS/Toystack/dopams-backend-staging/node_modules/aws-sdk/lib/package.json' does not exist according to earlier cached lookups.
File 'd:/DOPAMS/Toystack/dopams-backend-staging/node_modules/aws-sdk/package.json' exists according to earlier cached lookups.
======== Resolving module '../service' from 'd:/DOPAMS/Toystack/dopams-backend-staging/node_modules/aws-sdk/lib/services/s3.d.ts'. ========
Resolution for module '../service' was found in cache from location 'd:/DOPAMS/Toystack/dopams-backend-staging/node_modules/aws-sdk/lib/services'.
======== Module name '../service' was successfully resolved to 'd:/DOPAMS/Toystack/dopams-backend-staging/node_modules/aws-sdk/lib/service.d.ts' with Package ID 'aws-sdk/lib/service.d.ts@2.1693.0'. ========
======== Resolving module '../s3/managed_upload' from 'd:/DOPAMS/Toystack/dopams-backend-staging/node_modules/aws-sdk/lib/services/s3.d.ts'. ========
Explicitly specified module resolution kind: 'Node10'.
Loading module as file / folder, candidate module location 'd:/DOPAMS/Toystack/dopams-backend-staging/node_modules/aws-sdk/lib/s3/managed_upload', target file types: TypeScript, Declaration.
File 'd:/DOPAMS/Toystack/dopams-backend-staging/node_modules/aws-sdk/lib/s3/managed_upload.ts' does not exist.
File 'd:/DOPAMS/Toystack/dopams-backend-staging/node_modules/aws-sdk/lib/s3/managed_upload.tsx' does not exist.
File 'd:/DOPAMS/Toystack/dopams-backend-staging/node_modules/aws-sdk/lib/s3/managed_upload.d.ts' exists - use it as a name resolution result.
File 'd:/DOPAMS/Toystack/dopams-backend-staging/node_modules/aws-sdk/package.json' exists according to earlier cached lookups.
======== Module name '../s3/managed_upload' was successfully resolved to 'd:/DOPAMS/Toystack/dopams-backend-staging/node_modules/aws-sdk/lib/s3/managed_upload.d.ts' with Package ID 'aws-sdk/lib/s3/managed_upload.d.ts@2.1693.0'. ========
======== Resolving module '../../clients/s3' from 'd:/DOPAMS/Toystack/dopams-backend-staging/node_modules/aws-sdk/lib/services/s3.d.ts'. ========
Explicitly specified module resolution kind: 'Node10'.
Loading module as file / folder, candidate module location 'd:/DOPAMS/Toystack/dopams-backend-staging/node_modules/aws-sdk/clients/s3', target file types: TypeScript, Declaration.
File 'd:/DOPAMS/Toystack/dopams-backend-staging/node_modules/aws-sdk/clients/s3.ts' does not exist.
File 'd:/DOPAMS/Toystack/dopams-backend-staging/node_modules/aws-sdk/clients/s3.tsx' does not exist.
File 'd:/DOPAMS/Toystack/dopams-backend-staging/node_modules/aws-sdk/clients/s3.d.ts' exists - use it as a name resolution result.
File 'd:/DOPAMS/Toystack/dopams-backend-staging/node_modules/aws-sdk/package.json' exists according to earlier cached lookups.
======== Module name '../../clients/s3' was successfully resolved to 'd:/DOPAMS/Toystack/dopams-backend-staging/node_modules/aws-sdk/clients/s3.d.ts' with Package ID 'aws-sdk/clients/s3.d.ts@2.1693.0'. ========
File 'd:/DOPAMS/Toystack/dopams-backend-staging/node_modules/aws-sdk/lib/s3/package.json' does not exist.
File 'd:/DOPAMS/Toystack/dopams-backend-staging/node_modules/aws-sdk/lib/package.json' does not exist according to earlier cached lookups.
File 'd:/DOPAMS/Toystack/dopams-backend-staging/node_modules/aws-sdk/package.json' exists according to earlier cached lookups.
======== Resolving module '../error' from 'd:/DOPAMS/Toystack/dopams-backend-staging/node_modules/aws-sdk/lib/s3/managed_upload.d.ts'. ========
Explicitly specified module resolution kind: 'Node10'.
Loading module as file / folder, candidate module location 'd:/DOPAMS/Toystack/dopams-backend-staging/node_modules/aws-sdk/lib/error', target file types: TypeScript, Declaration.
File 'd:/DOPAMS/Toystack/dopams-backend-staging/node_modules/aws-sdk/lib/error.ts' does not exist.
File 'd:/DOPAMS/Toystack/dopams-backend-staging/node_modules/aws-sdk/lib/error.tsx' does not exist.
File 'd:/DOPAMS/Toystack/dopams-backend-staging/node_modules/aws-sdk/lib/error.d.ts' exists - use it as a name resolution result.
File 'd:/DOPAMS/Toystack/dopams-backend-staging/node_modules/aws-sdk/package.json' exists according to earlier cached lookups.
======== Module name '../error' was successfully resolved to 'd:/DOPAMS/Toystack/dopams-backend-staging/node_modules/aws-sdk/lib/error.d.ts' with Package ID 'aws-sdk/lib/error.d.ts@2.1693.0'. ========
======== Resolving module '../../clients/s3' from 'd:/DOPAMS/Toystack/dopams-backend-staging/node_modules/aws-sdk/lib/s3/managed_upload.d.ts'. ========
Explicitly specified module resolution kind: 'Node10'.
Loading module as file / folder, candidate module location 'd:/DOPAMS/Toystack/dopams-backend-staging/node_modules/aws-sdk/clients/s3', target file types: TypeScript, Declaration.
File 'd:/DOPAMS/Toystack/dopams-backend-staging/node_modules/aws-sdk/clients/s3.ts' does not exist.
File 'd:/DOPAMS/Toystack/dopams-backend-staging/node_modules/aws-sdk/clients/s3.tsx' does not exist.
File 'd:/DOPAMS/Toystack/dopams-backend-staging/node_modules/aws-sdk/clients/s3.d.ts' exists - use it as a name resolution result.
File 'd:/DOPAMS/Toystack/dopams-backend-staging/node_modules/aws-sdk/package.json' exists according to earlier cached lookups.
======== Module name '../../clients/s3' was successfully resolved to 'd:/DOPAMS/Toystack/dopams-backend-staging/node_modules/aws-sdk/clients/s3.d.ts' with Package ID 'aws-sdk/clients/s3.d.ts@2.1693.0'. ========
File 'd:/DOPAMS/Toystack/dopams-backend-staging/node_modules/aws-sdk/lib/package.json' does not exist according to earlier cached lookups.
File 'd:/DOPAMS/Toystack/dopams-backend-staging/node_modules/aws-sdk/package.json' exists according to earlier cached lookups.
======== Resolving module './config-base' from 'd:/DOPAMS/Toystack/dopams-backend-staging/node_modules/aws-sdk/lib/config_use_dualstack.d.ts'. ========
Resolution for module './config-base' was found in cache from location 'd:/DOPAMS/Toystack/dopams-backend-staging/node_modules/aws-sdk/lib'.
======== Module name './config-base' was successfully resolved to 'd:/DOPAMS/Toystack/dopams-backend-staging/node_modules/aws-sdk/lib/config-base.d.ts' with Package ID 'aws-sdk/lib/config-base.d.ts@2.1693.0'. ========
File 'd:/DOPAMS/Toystack/dopams-backend-staging/node_modules/aws-sdk/lib/s3/package.json' does not exist according to earlier cached lookups.
File 'd:/DOPAMS/Toystack/dopams-backend-staging/node_modules/aws-sdk/lib/package.json' does not exist according to earlier cached lookups.
File 'd:/DOPAMS/Toystack/dopams-backend-staging/node_modules/aws-sdk/package.json' exists according to earlier cached lookups.
File 'd:/DOPAMS/Toystack/dopams-backend-staging/node_modules/aws-sdk/clients/package.json' does not exist according to earlier cached lookups.
File 'd:/DOPAMS/Toystack/dopams-backend-staging/node_modules/aws-sdk/package.json' exists according to earlier cached lookups.
======== Resolving module '../lib/request' from 'd:/DOPAMS/Toystack/dopams-backend-staging/node_modules/aws-sdk/clients/s3control.d.ts'. ========
Resolution for module '../lib/request' was found in cache from location 'd:/DOPAMS/Toystack/dopams-backend-staging/node_modules/aws-sdk/clients'.
======== Module name '../lib/request' was successfully resolved to 'd:/DOPAMS/Toystack/dopams-backend-staging/node_modules/aws-sdk/lib/request.d.ts' with Package ID 'aws-sdk/lib/request.d.ts@2.1693.0'. ========
======== Resolving module '../lib/response' from 'd:/DOPAMS/Toystack/dopams-backend-staging/node_modules/aws-sdk/clients/s3control.d.ts'. ========
Resolution for module '../lib/response' was found in cache from location 'd:/DOPAMS/Toystack/dopams-backend-staging/node_modules/aws-sdk/clients'.
======== Module name '../lib/response' was successfully resolved to 'd:/DOPAMS/Toystack/dopams-backend-staging/node_modules/aws-sdk/lib/response.d.ts' with Package ID 'aws-sdk/lib/response.d.ts@2.1693.0'. ========
======== Resolving module '../lib/error' from 'd:/DOPAMS/Toystack/dopams-backend-staging/node_modules/aws-sdk/clients/s3control.d.ts'. ========
Resolution for module '../lib/error' was found in cache from location 'd:/DOPAMS/Toystack/dopams-backend-staging/node_modules/aws-sdk/clients'.
======== Module name '../lib/error' was successfully resolved to 'd:/DOPAMS/Toystack/dopams-backend-staging/node_modules/aws-sdk/lib/error.d.ts' with Package ID 'aws-sdk/lib/error.d.ts@2.1693.0'. ========
======== Resolving module '../lib/service' from 'd:/DOPAMS/Toystack/dopams-backend-staging/node_modules/aws-sdk/clients/s3control.d.ts'. ========
Resolution for module '../lib/service' was found in cache from location 'd:/DOPAMS/Toystack/dopams-backend-staging/node_modules/aws-sdk/clients'.
======== Module name '../lib/service' was successfully resolved to 'd:/DOPAMS/Toystack/dopams-backend-staging/node_modules/aws-sdk/lib/service.d.ts' with Package ID 'aws-sdk/lib/service.d.ts@2.1693.0'. ========
======== Resolving module '../lib/config-base' from 'd:/DOPAMS/Toystack/dopams-backend-staging/node_modules/aws-sdk/clients/s3control.d.ts'. ========
Resolution for module '../lib/config-base' was found in cache from location 'd:/DOPAMS/Toystack/dopams-backend-staging/node_modules/aws-sdk/clients'.
======== Module name '../lib/config-base' was successfully resolved to 'd:/DOPAMS/Toystack/dopams-backend-staging/node_modules/aws-sdk/lib/config-base.d.ts' with Package ID 'aws-sdk/lib/config-base.d.ts@2.1693.0'. ========
======== Resolving module '../lib/config_use_dualstack' from 'd:/DOPAMS/Toystack/dopams-backend-staging/node_modules/aws-sdk/clients/s3control.d.ts'. ========
Resolution for module '../lib/config_use_dualstack' was found in cache from location 'd:/DOPAMS/Toystack/dopams-backend-staging/node_modules/aws-sdk/clients'.
======== Module name '../lib/config_use_dualstack' was successfully resolved to 'd:/DOPAMS/Toystack/dopams-backend-staging/node_modules/aws-sdk/lib/config_use_dualstack.d.ts' with Package ID 'aws-sdk/lib/config_use_dualstack.d.ts@2.1693.0'. ========
File 'd:/DOPAMS/Toystack/dopams-backend-staging/node_modules/aws-sdk/clients/package.json' does not exist according to earlier cached lookups.
File 'd:/DOPAMS/Toystack/dopams-backend-staging/node_modules/aws-sdk/package.json' exists according to earlier cached lookups.
======== Resolving module '../lib/request' from 'd:/DOPAMS/Toystack/dopams-backend-staging/node_modules/aws-sdk/clients/servicecatalog.d.ts'. ========
Resolution for module '../lib/request' was found in cache from location 'd:/DOPAMS/Toystack/dopams-backend-staging/node_modules/aws-sdk/clients'.
======== Module name '../lib/request' was successfully resolved to 'd:/DOPAMS/Toystack/dopams-backend-staging/node_modules/aws-sdk/lib/request.d.ts' with Package ID 'aws-sdk/lib/request.d.ts@2.1693.0'. ========
======== Resolving module '../lib/response' from 'd:/DOPAMS/Toystack/dopams-backend-staging/node_modules/aws-sdk/clients/servicecatalog.d.ts'. ========
Resolution for module '../lib/response' was found in cache from location 'd:/DOPAMS/Toystack/dopams-backend-staging/node_modules/aws-sdk/clients'.
======== Module name '../lib/response' was successfully resolved to 'd:/DOPAMS/Toystack/dopams-backend-staging/node_modules/aws-sdk/lib/response.d.ts' with Package ID 'aws-sdk/lib/response.d.ts@2.1693.0'. ========
======== Resolving module '../lib/error' from 'd:/DOPAMS/Toystack/dopams-backend-staging/node_modules/aws-sdk/clients/servicecatalog.d.ts'. ========
Resolution for module '../lib/error' was found in cache from location 'd:/DOPAMS/Toystack/dopams-backend-staging/node_modules/aws-sdk/clients'.
======== Module name '../lib/error' was successfully resolved to 'd:/DOPAMS/Toystack/dopams-backend-staging/node_modules/aws-sdk/lib/error.d.ts' with Package ID 'aws-sdk/lib/error.d.ts@2.1693.0'. ========
======== Resolving module '../lib/service' from 'd:/DOPAMS/Toystack/dopams-backend-staging/node_modules/aws-sdk/clients/servicecatalog.d.ts'. ========
Resolution for module '../lib/service' was found in cache from location 'd:/DOPAMS/Toystack/dopams-backend-staging/node_modules/aws-sdk/clients'.
======== Module name '../lib/service' was successfully resolved to 'd:/DOPAMS/Toystack/dopams-backend-staging/node_modules/aws-sdk/lib/service.d.ts' with Package ID 'aws-sdk/lib/service.d.ts@2.1693.0'. ========
======== Resolving module '../lib/config-base' from 'd:/DOPAMS/Toystack/dopams-backend-staging/node_modules/aws-sdk/clients/servicecatalog.d.ts'. ========
Resolution for module '../lib/config-base' was found in cache from location 'd:/DOPAMS/Toystack/dopams-backend-staging/node_modules/aws-sdk/clients'.
======== Module name '../lib/config-base' was successfully resolved to 'd:/DOPAMS/Toystack/dopams-backend-staging/node_modules/aws-sdk/lib/config-base.d.ts' with Package ID 'aws-sdk/lib/config-base.d.ts@2.1693.0'. ========
File 'd:/DOPAMS/Toystack/dopams-backend-staging/node_modules/aws-sdk/clients/package.json' does not exist according to earlier cached lookups.
File 'd:/DOPAMS/Toystack/dopams-backend-staging/node_modules/aws-sdk/package.json' exists according to earlier cached lookups.
======== Resolving module '../lib/request' from 'd:/DOPAMS/Toystack/dopams-backend-staging/node_modules/aws-sdk/clients/ses.d.ts'. ========
Resolution for module '../lib/request' was found in cache from location 'd:/DOPAMS/Toystack/dopams-backend-staging/node_modules/aws-sdk/clients'.
======== Module name '../lib/request' was successfully resolved to 'd:/DOPAMS/Toystack/dopams-backend-staging/node_modules/aws-sdk/lib/request.d.ts' with Package ID 'aws-sdk/lib/request.d.ts@2.1693.0'. ========
======== Resolving module '../lib/response' from 'd:/DOPAMS/Toystack/dopams-backend-staging/node_modules/aws-sdk/clients/ses.d.ts'. ========
Resolution for module '../lib/response' was found in cache from location 'd:/DOPAMS/Toystack/dopams-backend-staging/node_modules/aws-sdk/clients'.
======== Module name '../lib/response' was successfully resolved to 'd:/DOPAMS/Toystack/dopams-backend-staging/node_modules/aws-sdk/lib/response.d.ts' with Package ID 'aws-sdk/lib/response.d.ts@2.1693.0'. ========
======== Resolving module '../lib/error' from 'd:/DOPAMS/Toystack/dopams-backend-staging/node_modules/aws-sdk/clients/ses.d.ts'. ========
Resolution for module '../lib/error' was found in cache from location 'd:/DOPAMS/Toystack/dopams-backend-staging/node_modules/aws-sdk/clients'.
======== Module name '../lib/error' was successfully resolved to 'd:/DOPAMS/Toystack/dopams-backend-staging/node_modules/aws-sdk/lib/error.d.ts' with Package ID 'aws-sdk/lib/error.d.ts@2.1693.0'. ========
======== Resolving module '../lib/service' from 'd:/DOPAMS/Toystack/dopams-backend-staging/node_modules/aws-sdk/clients/ses.d.ts'. ========
Resolution for module '../lib/service' was found in cache from location 'd:/DOPAMS/Toystack/dopams-backend-staging/node_modules/aws-sdk/clients'.
======== Module name '../lib/service' was successfully resolved to 'd:/DOPAMS/Toystack/dopams-backend-staging/node_modules/aws-sdk/lib/service.d.ts' with Package ID 'aws-sdk/lib/service.d.ts@2.1693.0'. ========
======== Resolving module '../lib/config-base' from 'd:/DOPAMS/Toystack/dopams-backend-staging/node_modules/aws-sdk/clients/ses.d.ts'. ========
Resolution for module '../lib/config-base' was found in cache from location 'd:/DOPAMS/Toystack/dopams-backend-staging/node_modules/aws-sdk/clients'.
======== Module name '../lib/config-base' was successfully resolved to 'd:/DOPAMS/Toystack/dopams-backend-staging/node_modules/aws-sdk/lib/config-base.d.ts' with Package ID 'aws-sdk/lib/config-base.d.ts@2.1693.0'. ========
File 'd:/DOPAMS/Toystack/dopams-backend-staging/node_modules/aws-sdk/clients/package.json' does not exist according to earlier cached lookups.
File 'd:/DOPAMS/Toystack/dopams-backend-staging/node_modules/aws-sdk/package.json' exists according to earlier cached lookups.
======== Resolving module '../lib/request' from 'd:/DOPAMS/Toystack/dopams-backend-staging/node_modules/aws-sdk/clients/shield.d.ts'. ========
Resolution for module '../lib/request' was found in cache from location 'd:/DOPAMS/Toystack/dopams-backend-staging/node_modules/aws-sdk/clients'.
======== Module name '../lib/request' was successfully resolved to 'd:/DOPAMS/Toystack/dopams-backend-staging/node_modules/aws-sdk/lib/request.d.ts' with Package ID 'aws-sdk/lib/request.d.ts@2.1693.0'. ========
======== Resolving module '../lib/response' from 'd:/DOPAMS/Toystack/dopams-backend-staging/node_modules/aws-sdk/clients/shield.d.ts'. ========
Resolution for module '../lib/response' was found in cache from location 'd:/DOPAMS/Toystack/dopams-backend-staging/node_modules/aws-sdk/clients'.
======== Module name '../lib/response' was successfully resolved to 'd:/DOPAMS/Toystack/dopams-backend-staging/node_modules/aws-sdk/lib/response.d.ts' with Package ID 'aws-sdk/lib/response.d.ts@2.1693.0'. ========
======== Resolving module '../lib/error' from 'd:/DOPAMS/Toystack/dopams-backend-staging/node_modules/aws-sdk/clients/shield.d.ts'. ========
Resolution for module '../lib/error' was found in cache from location 'd:/DOPAMS/Toystack/dopams-backend-staging/node_modules/aws-sdk/clients'.
======== Module name '../lib/error' was successfully resolved to 'd:/DOPAMS/Toystack/dopams-backend-staging/node_modules/aws-sdk/lib/error.d.ts' with Package ID 'aws-sdk/lib/error.d.ts@2.1693.0'. ========
======== Resolving module '../lib/service' from 'd:/DOPAMS/Toystack/dopams-backend-staging/node_modules/aws-sdk/clients/shield.d.ts'. ========
Resolution for module '../lib/service' was found in cache from location 'd:/DOPAMS/Toystack/dopams-backend-staging/node_modules/aws-sdk/clients'.
======== Module name '../lib/service' was successfully resolved to 'd:/DOPAMS/Toystack/dopams-backend-staging/node_modules/aws-sdk/lib/service.d.ts' with Package ID 'aws-sdk/lib/service.d.ts@2.1693.0'. ========
======== Resolving module '../lib/config-base' from 'd:/DOPAMS/Toystack/dopams-backend-staging/node_modules/aws-sdk/clients/shield.d.ts'. ========
Resolution for module '../lib/config-base' was found in cache from location 'd:/DOPAMS/Toystack/dopams-backend-staging/node_modules/aws-sdk/clients'.
======== Module name '../lib/config-base' was successfully resolved to 'd:/DOPAMS/Toystack/dopams-backend-staging/node_modules/aws-sdk/lib/config-base.d.ts' with Package ID 'aws-sdk/lib/config-base.d.ts@2.1693.0'. ========
File 'd:/DOPAMS/Toystack/dopams-backend-staging/node_modules/aws-sdk/clients/package.json' does not exist according to earlier cached lookups.
File 'd:/DOPAMS/Toystack/dopams-backend-staging/node_modules/aws-sdk/package.json' exists according to earlier cached lookups.
======== Resolving module '../lib/request' from 'd:/DOPAMS/Toystack/dopams-backend-staging/node_modules/aws-sdk/clients/simpledb.d.ts'. ========
Resolution for module '../lib/request' was found in cache from location 'd:/DOPAMS/Toystack/dopams-backend-staging/node_modules/aws-sdk/clients'.
======== Module name '../lib/request' was successfully resolved to 'd:/DOPAMS/Toystack/dopams-backend-staging/node_modules/aws-sdk/lib/request.d.ts' with Package ID 'aws-sdk/lib/request.d.ts@2.1693.0'. ========
======== Resolving module '../lib/response' from 'd:/DOPAMS/Toystack/dopams-backend-staging/node_modules/aws-sdk/clients/simpledb.d.ts'. ========
Resolution for module '../lib/response' was found in cache from location 'd:/DOPAMS/Toystack/dopams-backend-staging/node_modules/aws-sdk/clients'.
======== Module name '../lib/response' was successfully resolved to 'd:/DOPAMS/Toystack/dopams-backend-staging/node_modules/aws-sdk/lib/response.d.ts' with Package ID 'aws-sdk/lib/response.d.ts@2.1693.0'. ========
======== Resolving module '../lib/error' from 'd:/DOPAMS/Toystack/dopams-backend-staging/node_modules/aws-sdk/clients/simpledb.d.ts'. ========
Resolution for module '../lib/error' was found in cache from location 'd:/DOPAMS/Toystack/dopams-backend-staging/node_modules/aws-sdk/clients'.
======== Module name '../lib/error' was successfully resolved to 'd:/DOPAMS/Toystack/dopams-backend-staging/node_modules/aws-sdk/lib/error.d.ts' with Package ID 'aws-sdk/lib/error.d.ts@2.1693.0'. ========
======== Resolving module '../lib/service' from 'd:/DOPAMS/Toystack/dopams-backend-staging/node_modules/aws-sdk/clients/simpledb.d.ts'. ========
Resolution for module '../lib/service' was found in cache from location 'd:/DOPAMS/Toystack/dopams-backend-staging/node_modules/aws-sdk/clients'.
======== Module name '../lib/service' was successfully resolved to 'd:/DOPAMS/Toystack/dopams-backend-staging/node_modules/aws-sdk/lib/service.d.ts' with Package ID 'aws-sdk/lib/service.d.ts@2.1693.0'. ========
======== Resolving module '../lib/config-base' from 'd:/DOPAMS/Toystack/dopams-backend-staging/node_modules/aws-sdk/clients/simpledb.d.ts'. ========
Resolution for module '../lib/config-base' was found in cache from location 'd:/DOPAMS/Toystack/dopams-backend-staging/node_modules/aws-sdk/clients'.
======== Module name '../lib/config-base' was successfully resolved to 'd:/DOPAMS/Toystack/dopams-backend-staging/node_modules/aws-sdk/lib/config-base.d.ts' with Package ID 'aws-sdk/lib/config-base.d.ts@2.1693.0'. ========
File 'd:/DOPAMS/Toystack/dopams-backend-staging/node_modules/aws-sdk/clients/package.json' does not exist according to earlier cached lookups.
File 'd:/DOPAMS/Toystack/dopams-backend-staging/node_modules/aws-sdk/package.json' exists according to earlier cached lookups.
======== Resolving module '../lib/request' from 'd:/DOPAMS/Toystack/dopams-backend-staging/node_modules/aws-sdk/clients/sms.d.ts'. ========
Resolution for module '../lib/request' was found in cache from location 'd:/DOPAMS/Toystack/dopams-backend-staging/node_modules/aws-sdk/clients'.
======== Module name '../lib/request' was successfully resolved to 'd:/DOPAMS/Toystack/dopams-backend-staging/node_modules/aws-sdk/lib/request.d.ts' with Package ID 'aws-sdk/lib/request.d.ts@2.1693.0'. ========
======== Resolving module '../lib/response' from 'd:/DOPAMS/Toystack/dopams-backend-staging/node_modules/aws-sdk/clients/sms.d.ts'. ========
Resolution for module '../lib/response' was found in cache from location 'd:/DOPAMS/Toystack/dopams-backend-staging/node_modules/aws-sdk/clients'.
======== Module name '../lib/response' was successfully resolved to 'd:/DOPAMS/Toystack/dopams-backend-staging/node_modules/aws-sdk/lib/response.d.ts' with Package ID 'aws-sdk/lib/response.d.ts@2.1693.0'. ========
======== Resolving module '../lib/error' from 'd:/DOPAMS/Toystack/dopams-backend-staging/node_modules/aws-sdk/clients/sms.d.ts'. ========
Resolution for module '../lib/error' was found in cache from location 'd:/DOPAMS/Toystack/dopams-backend-staging/node_modules/aws-sdk/clients'.
======== Module name '../lib/error' was successfully resolved to 'd:/DOPAMS/Toystack/dopams-backend-staging/node_modules/aws-sdk/lib/error.d.ts' with Package ID 'aws-sdk/lib/error.d.ts@2.1693.0'. ========
======== Resolving module '../lib/service' from 'd:/DOPAMS/Toystack/dopams-backend-staging/node_modules/aws-sdk/clients/sms.d.ts'. ========
Resolution for module '../lib/service' was found in cache from location 'd:/DOPAMS/Toystack/dopams-backend-staging/node_modules/aws-sdk/clients'.
======== Module name '../lib/service' was successfully resolved to 'd:/DOPAMS/Toystack/dopams-backend-staging/node_modules/aws-sdk/lib/service.d.ts' with Package ID 'aws-sdk/lib/service.d.ts@2.1693.0'. ========
======== Resolving module '../lib/config-base' from 'd:/DOPAMS/Toystack/dopams-backend-staging/node_modules/aws-sdk/clients/sms.d.ts'. ========
Resolution for module '../lib/config-base' was found in cache from location 'd:/DOPAMS/Toystack/dopams-backend-staging/node_modules/aws-sdk/clients'.
======== Module name '../lib/config-base' was successfully resolved to 'd:/DOPAMS/Toystack/dopams-backend-staging/node_modules/aws-sdk/lib/config-base.d.ts' with Package ID 'aws-sdk/lib/config-base.d.ts@2.1693.0'. ========
File 'd:/DOPAMS/Toystack/dopams-backend-staging/node_modules/aws-sdk/clients/package.json' does not exist according to earlier cached lookups.
File 'd:/DOPAMS/Toystack/dopams-backend-staging/node_modules/aws-sdk/package.json' exists according to earlier cached lookups.
======== Resolving module '../lib/request' from 'd:/DOPAMS/Toystack/dopams-backend-staging/node_modules/aws-sdk/clients/snowball.d.ts'. ========
Resolution for module '../lib/request' was found in cache from location 'd:/DOPAMS/Toystack/dopams-backend-staging/node_modules/aws-sdk/clients'.
======== Module name '../lib/request' was successfully resolved to 'd:/DOPAMS/Toystack/dopams-backend-staging/node_modules/aws-sdk/lib/request.d.ts' with Package ID 'aws-sdk/lib/request.d.ts@2.1693.0'. ========
======== Resolving module '../lib/response' from 'd:/DOPAMS/Toystack/dopams-backend-staging/node_modules/aws-sdk/clients/snowball.d.ts'. ========
Resolution for module '../lib/response' was found in cache from location 'd:/DOPAMS/Toystack/dopams-backend-staging/node_modules/aws-sdk/clients'.
======== Module name '../lib/response' was successfully resolved to 'd:/DOPAMS/Toystack/dopams-backend-staging/node_modules/aws-sdk/lib/response.d.ts' with Package ID 'aws-sdk/lib/response.d.ts@2.1693.0'. ========
======== Resolving module '../lib/error' from 'd:/DOPAMS/Toystack/dopams-backend-staging/node_modules/aws-sdk/clients/snowball.d.ts'. ========
Resolution for module '../lib/error' was found in cache from location 'd:/DOPAMS/Toystack/dopams-backend-staging/node_modules/aws-sdk/clients'.
======== Module name '../lib/error' was successfully resolved to 'd:/DOPAMS/Toystack/dopams-backend-staging/node_modules/aws-sdk/lib/error.d.ts' with Package ID 'aws-sdk/lib/error.d.ts@2.1693.0'. ========
======== Resolving module '../lib/service' from 'd:/DOPAMS/Toystack/dopams-backend-staging/node_modules/aws-sdk/clients/snowball.d.ts'. ========
Resolution for module '../lib/service' was found in cache from location 'd:/DOPAMS/Toystack/dopams-backend-staging/node_modules/aws-sdk/clients'.
======== Module name '../lib/service' was successfully resolved to 'd:/DOPAMS/Toystack/dopams-backend-staging/node_modules/aws-sdk/lib/service.d.ts' with Package ID 'aws-sdk/lib/service.d.ts@2.1693.0'. ========
======== Resolving module '../lib/config-base' from 'd:/DOPAMS/Toystack/dopams-backend-staging/node_modules/aws-sdk/clients/snowball.d.ts'. ========
Resolution for module '../lib/config-base' was found in cache from location 'd:/DOPAMS/Toystack/dopams-backend-staging/node_modules/aws-sdk/clients'.
======== Module name '../lib/config-base' was successfully resolved to 'd:/DOPAMS/Toystack/dopams-backend-staging/node_modules/aws-sdk/lib/config-base.d.ts' with Package ID 'aws-sdk/lib/config-base.d.ts@2.1693.0'. ========
File 'd:/DOPAMS/Toystack/dopams-backend-staging/node_modules/aws-sdk/clients/package.json' does not exist according to earlier cached lookups.
File 'd:/DOPAMS/Toystack/dopams-backend-staging/node_modules/aws-sdk/package.json' exists according to earlier cached lookups.
======== Resolving module '../lib/request' from 'd:/DOPAMS/Toystack/dopams-backend-staging/node_modules/aws-sdk/clients/sns.d.ts'. ========
Resolution for module '../lib/request' was found in cache from location 'd:/DOPAMS/Toystack/dopams-backend-staging/node_modules/aws-sdk/clients'.
======== Module name '../lib/request' was successfully resolved to 'd:/DOPAMS/Toystack/dopams-backend-staging/node_modules/aws-sdk/lib/request.d.ts' with Package ID 'aws-sdk/lib/request.d.ts@2.1693.0'. ========
======== Resolving module '../lib/response' from 'd:/DOPAMS/Toystack/dopams-backend-staging/node_modules/aws-sdk/clients/sns.d.ts'. ========
Resolution for module '../lib/response' was found in cache from location 'd:/DOPAMS/Toystack/dopams-backend-staging/node_modules/aws-sdk/clients'.
======== Module name '../lib/response' was successfully resolved to 'd:/DOPAMS/Toystack/dopams-backend-staging/node_modules/aws-sdk/lib/response.d.ts' with Package ID 'aws-sdk/lib/response.d.ts@2.1693.0'. ========
======== Resolving module '../lib/error' from 'd:/DOPAMS/Toystack/dopams-backend-staging/node_modules/aws-sdk/clients/sns.d.ts'. ========
Resolution for module '../lib/error' was found in cache from location 'd:/DOPAMS/Toystack/dopams-backend-staging/node_modules/aws-sdk/clients'.
======== Module name '../lib/error' was successfully resolved to 'd:/DOPAMS/Toystack/dopams-backend-staging/node_modules/aws-sdk/lib/error.d.ts' with Package ID 'aws-sdk/lib/error.d.ts@2.1693.0'. ========
======== Resolving module '../lib/service' from 'd:/DOPAMS/Toystack/dopams-backend-staging/node_modules/aws-sdk/clients/sns.d.ts'. ========
Resolution for module '../lib/service' was found in cache from location 'd:/DOPAMS/Toystack/dopams-backend-staging/node_modules/aws-sdk/clients'.
======== Module name '../lib/service' was successfully resolved to 'd:/DOPAMS/Toystack/dopams-backend-staging/node_modules/aws-sdk/lib/service.d.ts' with Package ID 'aws-sdk/lib/service.d.ts@2.1693.0'. ========
======== Resolving module '../lib/config-base' from 'd:/DOPAMS/Toystack/dopams-backend-staging/node_modules/aws-sdk/clients/sns.d.ts'. ========
Resolution for module '../lib/config-base' was found in cache from location 'd:/DOPAMS/Toystack/dopams-backend-staging/node_modules/aws-sdk/clients'.
======== Module name '../lib/config-base' was successfully resolved to 'd:/DOPAMS/Toystack/dopams-backend-staging/node_modules/aws-sdk/lib/config-base.d.ts' with Package ID 'aws-sdk/lib/config-base.d.ts@2.1693.0'. ========
File 'd:/DOPAMS/Toystack/dopams-backend-staging/node_modules/aws-sdk/clients/package.json' does not exist according to earlier cached lookups.
File 'd:/DOPAMS/Toystack/dopams-backend-staging/node_modules/aws-sdk/package.json' exists according to earlier cached lookups.
======== Resolving module '../lib/request' from 'd:/DOPAMS/Toystack/dopams-backend-staging/node_modules/aws-sdk/clients/sqs.d.ts'. ========
Resolution for module '../lib/request' was found in cache from location 'd:/DOPAMS/Toystack/dopams-backend-staging/node_modules/aws-sdk/clients'.
======== Module name '../lib/request' was successfully resolved to 'd:/DOPAMS/Toystack/dopams-backend-staging/node_modules/aws-sdk/lib/request.d.ts' with Package ID 'aws-sdk/lib/request.d.ts@2.1693.0'. ========
======== Resolving module '../lib/response' from 'd:/DOPAMS/Toystack/dopams-backend-staging/node_modules/aws-sdk/clients/sqs.d.ts'. ========
Resolution for module '../lib/response' was found in cache from location 'd:/DOPAMS/Toystack/dopams-backend-staging/node_modules/aws-sdk/clients'.
======== Module name '../lib/response' was successfully resolved to 'd:/DOPAMS/Toystack/dopams-backend-staging/node_modules/aws-sdk/lib/response.d.ts' with Package ID 'aws-sdk/lib/response.d.ts@2.1693.0'. ========
======== Resolving module '../lib/error' from 'd:/DOPAMS/Toystack/dopams-backend-staging/node_modules/aws-sdk/clients/sqs.d.ts'. ========
Resolution for module '../lib/error' was found in cache from location 'd:/DOPAMS/Toystack/dopams-backend-staging/node_modules/aws-sdk/clients'.
======== Module name '../lib/error' was successfully resolved to 'd:/DOPAMS/Toystack/dopams-backend-staging/node_modules/aws-sdk/lib/error.d.ts' with Package ID 'aws-sdk/lib/error.d.ts@2.1693.0'. ========
======== Resolving module '../lib/service' from 'd:/DOPAMS/Toystack/dopams-backend-staging/node_modules/aws-sdk/clients/sqs.d.ts'. ========
Resolution for module '../lib/service' was found in cache from location 'd:/DOPAMS/Toystack/dopams-backend-staging/node_modules/aws-sdk/clients'.
======== Module name '../lib/service' was successfully resolved to 'd:/DOPAMS/Toystack/dopams-backend-staging/node_modules/aws-sdk/lib/service.d.ts' with Package ID 'aws-sdk/lib/service.d.ts@2.1693.0'. ========
======== Resolving module '../lib/config-base' from 'd:/DOPAMS/Toystack/dopams-backend-staging/node_modules/aws-sdk/clients/sqs.d.ts'. ========
Resolution for module '../lib/config-base' was found in cache from location 'd:/DOPAMS/Toystack/dopams-backend-staging/node_modules/aws-sdk/clients'.
======== Module name '../lib/config-base' was successfully resolved to 'd:/DOPAMS/Toystack/dopams-backend-staging/node_modules/aws-sdk/lib/config-base.d.ts' with Package ID 'aws-sdk/lib/config-base.d.ts@2.1693.0'. ========
File 'd:/DOPAMS/Toystack/dopams-backend-staging/node_modules/aws-sdk/clients/package.json' does not exist according to earlier cached lookups.
File 'd:/DOPAMS/Toystack/dopams-backend-staging/node_modules/aws-sdk/package.json' exists according to earlier cached lookups.
======== Resolving module '../lib/request' from 'd:/DOPAMS/Toystack/dopams-backend-staging/node_modules/aws-sdk/clients/ssm.d.ts'. ========
Resolution for module '../lib/request' was found in cache from location 'd:/DOPAMS/Toystack/dopams-backend-staging/node_modules/aws-sdk/clients'.
======== Module name '../lib/request' was successfully resolved to 'd:/DOPAMS/Toystack/dopams-backend-staging/node_modules/aws-sdk/lib/request.d.ts' with Package ID 'aws-sdk/lib/request.d.ts@2.1693.0'. ========
======== Resolving module '../lib/response' from 'd:/DOPAMS/Toystack/dopams-backend-staging/node_modules/aws-sdk/clients/ssm.d.ts'. ========
Resolution for module '../lib/response' was found in cache from location 'd:/DOPAMS/Toystack/dopams-backend-staging/node_modules/aws-sdk/clients'.
======== Module name '../lib/response' was successfully resolved to 'd:/DOPAMS/Toystack/dopams-backend-staging/node_modules/aws-sdk/lib/response.d.ts' with Package ID 'aws-sdk/lib/response.d.ts@2.1693.0'. ========
======== Resolving module '../lib/error' from 'd:/DOPAMS/Toystack/dopams-backend-staging/node_modules/aws-sdk/clients/ssm.d.ts'. ========
Resolution for module '../lib/error' was found in cache from location 'd:/DOPAMS/Toystack/dopams-backend-staging/node_modules/aws-sdk/clients'.
======== Module name '../lib/error' was successfully resolved to 'd:/DOPAMS/Toystack/dopams-backend-staging/node_modules/aws-sdk/lib/error.d.ts' with Package ID 'aws-sdk/lib/error.d.ts@2.1693.0'. ========
======== Resolving module '../lib/service' from 'd:/DOPAMS/Toystack/dopams-backend-staging/node_modules/aws-sdk/clients/ssm.d.ts'. ========
Resolution for module '../lib/service' was found in cache from location 'd:/DOPAMS/Toystack/dopams-backend-staging/node_modules/aws-sdk/clients'.
======== Module name '../lib/service' was successfully resolved to 'd:/DOPAMS/Toystack/dopams-backend-staging/node_modules/aws-sdk/lib/service.d.ts' with Package ID 'aws-sdk/lib/service.d.ts@2.1693.0'. ========
======== Resolving module '../lib/config-base' from 'd:/DOPAMS/Toystack/dopams-backend-staging/node_modules/aws-sdk/clients/ssm.d.ts'. ========
Resolution for module '../lib/config-base' was found in cache from location 'd:/DOPAMS/Toystack/dopams-backend-staging/node_modules/aws-sdk/clients'.
======== Module name '../lib/config-base' was successfully resolved to 'd:/DOPAMS/Toystack/dopams-backend-staging/node_modules/aws-sdk/lib/config-base.d.ts' with Package ID 'aws-sdk/lib/config-base.d.ts@2.1693.0'. ========
File 'd:/DOPAMS/Toystack/dopams-backend-staging/node_modules/aws-sdk/clients/package.json' does not exist according to earlier cached lookups.
File 'd:/DOPAMS/Toystack/dopams-backend-staging/node_modules/aws-sdk/package.json' exists according to earlier cached lookups.
======== Resolving module '../lib/request' from 'd:/DOPAMS/Toystack/dopams-backend-staging/node_modules/aws-sdk/clients/storagegateway.d.ts'. ========
Resolution for module '../lib/request' was found in cache from location 'd:/DOPAMS/Toystack/dopams-backend-staging/node_modules/aws-sdk/clients'.
======== Module name '../lib/request' was successfully resolved to 'd:/DOPAMS/Toystack/dopams-backend-staging/node_modules/aws-sdk/lib/request.d.ts' with Package ID 'aws-sdk/lib/request.d.ts@2.1693.0'. ========
======== Resolving module '../lib/response' from 'd:/DOPAMS/Toystack/dopams-backend-staging/node_modules/aws-sdk/clients/storagegateway.d.ts'. ========
Resolution for module '../lib/response' was found in cache from location 'd:/DOPAMS/Toystack/dopams-backend-staging/node_modules/aws-sdk/clients'.
======== Module name '../lib/response' was successfully resolved to 'd:/DOPAMS/Toystack/dopams-backend-staging/node_modules/aws-sdk/lib/response.d.ts' with Package ID 'aws-sdk/lib/response.d.ts@2.1693.0'. ========
======== Resolving module '../lib/error' from 'd:/DOPAMS/Toystack/dopams-backend-staging/node_modules/aws-sdk/clients/storagegateway.d.ts'. ========
Resolution for module '../lib/error' was found in cache from location 'd:/DOPAMS/Toystack/dopams-backend-staging/node_modules/aws-sdk/clients'.
======== Module name '../lib/error' was successfully resolved to 'd:/DOPAMS/Toystack/dopams-backend-staging/node_modules/aws-sdk/lib/error.d.ts' with Package ID 'aws-sdk/lib/error.d.ts@2.1693.0'. ========
======== Resolving module '../lib/service' from 'd:/DOPAMS/Toystack/dopams-backend-staging/node_modules/aws-sdk/clients/storagegateway.d.ts'. ========
Resolution for module '../lib/service' was found in cache from location 'd:/DOPAMS/Toystack/dopams-backend-staging/node_modules/aws-sdk/clients'.
======== Module name '../lib/service' was successfully resolved to 'd:/DOPAMS/Toystack/dopams-backend-staging/node_modules/aws-sdk/lib/service.d.ts' with Package ID 'aws-sdk/lib/service.d.ts@2.1693.0'. ========
======== Resolving module '../lib/config-base' from 'd:/DOPAMS/Toystack/dopams-backend-staging/node_modules/aws-sdk/clients/storagegateway.d.ts'. ========
Resolution for module '../lib/config-base' was found in cache from location 'd:/DOPAMS/Toystack/dopams-backend-staging/node_modules/aws-sdk/clients'.
======== Module name '../lib/config-base' was successfully resolved to 'd:/DOPAMS/Toystack/dopams-backend-staging/node_modules/aws-sdk/lib/config-base.d.ts' with Package ID 'aws-sdk/lib/config-base.d.ts@2.1693.0'. ========
File 'd:/DOPAMS/Toystack/dopams-backend-staging/node_modules/aws-sdk/clients/package.json' does not exist according to earlier cached lookups.
File 'd:/DOPAMS/Toystack/dopams-backend-staging/node_modules/aws-sdk/package.json' exists according to earlier cached lookups.
======== Resolving module '../lib/request' from 'd:/DOPAMS/Toystack/dopams-backend-staging/node_modules/aws-sdk/clients/stepfunctions.d.ts'. ========
Resolution for module '../lib/request' was found in cache from location 'd:/DOPAMS/Toystack/dopams-backend-staging/node_modules/aws-sdk/clients'.
======== Module name '../lib/request' was successfully resolved to 'd:/DOPAMS/Toystack/dopams-backend-staging/node_modules/aws-sdk/lib/request.d.ts' with Package ID 'aws-sdk/lib/request.d.ts@2.1693.0'. ========
======== Resolving module '../lib/response' from 'd:/DOPAMS/Toystack/dopams-backend-staging/node_modules/aws-sdk/clients/stepfunctions.d.ts'. ========
Resolution for module '../lib/response' was found in cache from location 'd:/DOPAMS/Toystack/dopams-backend-staging/node_modules/aws-sdk/clients'.
======== Module name '../lib/response' was successfully resolved to 'd:/DOPAMS/Toystack/dopams-backend-staging/node_modules/aws-sdk/lib/response.d.ts' with Package ID 'aws-sdk/lib/response.d.ts@2.1693.0'. ========
======== Resolving module '../lib/error' from 'd:/DOPAMS/Toystack/dopams-backend-staging/node_modules/aws-sdk/clients/stepfunctions.d.ts'. ========
Resolution for module '../lib/error' was found in cache from location 'd:/DOPAMS/Toystack/dopams-backend-staging/node_modules/aws-sdk/clients'.
======== Module name '../lib/error' was successfully resolved to 'd:/DOPAMS/Toystack/dopams-backend-staging/node_modules/aws-sdk/lib/error.d.ts' with Package ID 'aws-sdk/lib/error.d.ts@2.1693.0'. ========
======== Resolving module '../lib/service' from 'd:/DOPAMS/Toystack/dopams-backend-staging/node_modules/aws-sdk/clients/stepfunctions.d.ts'. ========
Resolution for module '../lib/service' was found in cache from location 'd:/DOPAMS/Toystack/dopams-backend-staging/node_modules/aws-sdk/clients'.
======== Module name '../lib/service' was successfully resolved to 'd:/DOPAMS/Toystack/dopams-backend-staging/node_modules/aws-sdk/lib/service.d.ts' with Package ID 'aws-sdk/lib/service.d.ts@2.1693.0'. ========
======== Resolving module '../lib/config-base' from 'd:/DOPAMS/Toystack/dopams-backend-staging/node_modules/aws-sdk/clients/stepfunctions.d.ts'. ========
Resolution for module '../lib/config-base' was found in cache from location 'd:/DOPAMS/Toystack/dopams-backend-staging/node_modules/aws-sdk/clients'.
======== Module name '../lib/config-base' was successfully resolved to 'd:/DOPAMS/Toystack/dopams-backend-staging/node_modules/aws-sdk/lib/config-base.d.ts' with Package ID 'aws-sdk/lib/config-base.d.ts@2.1693.0'. ========
File 'd:/DOPAMS/Toystack/dopams-backend-staging/node_modules/aws-sdk/clients/package.json' does not exist according to earlier cached lookups.
File 'd:/DOPAMS/Toystack/dopams-backend-staging/node_modules/aws-sdk/package.json' exists according to earlier cached lookups.
======== Resolving module '../lib/request' from 'd:/DOPAMS/Toystack/dopams-backend-staging/node_modules/aws-sdk/clients/sts.d.ts'. ========
Resolution for module '../lib/request' was found in cache from location 'd:/DOPAMS/Toystack/dopams-backend-staging/node_modules/aws-sdk/clients'.
======== Module name '../lib/request' was successfully resolved to 'd:/DOPAMS/Toystack/dopams-backend-staging/node_modules/aws-sdk/lib/request.d.ts' with Package ID 'aws-sdk/lib/request.d.ts@2.1693.0'. ========
======== Resolving module '../lib/response' from 'd:/DOPAMS/Toystack/dopams-backend-staging/node_modules/aws-sdk/clients/sts.d.ts'. ========
Resolution for module '../lib/response' was found in cache from location 'd:/DOPAMS/Toystack/dopams-backend-staging/node_modules/aws-sdk/clients'.
======== Module name '../lib/response' was successfully resolved to 'd:/DOPAMS/Toystack/dopams-backend-staging/node_modules/aws-sdk/lib/response.d.ts' with Package ID 'aws-sdk/lib/response.d.ts@2.1693.0'. ========
======== Resolving module '../lib/error' from 'd:/DOPAMS/Toystack/dopams-backend-staging/node_modules/aws-sdk/clients/sts.d.ts'. ========
Resolution for module '../lib/error' was found in cache from location 'd:/DOPAMS/Toystack/dopams-backend-staging/node_modules/aws-sdk/clients'.
======== Module name '../lib/error' was successfully resolved to 'd:/DOPAMS/Toystack/dopams-backend-staging/node_modules/aws-sdk/lib/error.d.ts' with Package ID 'aws-sdk/lib/error.d.ts@2.1693.0'. ========
======== Resolving module '../lib/service' from 'd:/DOPAMS/Toystack/dopams-backend-staging/node_modules/aws-sdk/clients/sts.d.ts'. ========
Resolution for module '../lib/service' was found in cache from location 'd:/DOPAMS/Toystack/dopams-backend-staging/node_modules/aws-sdk/clients'.
======== Module name '../lib/service' was successfully resolved to 'd:/DOPAMS/Toystack/dopams-backend-staging/node_modules/aws-sdk/lib/service.d.ts' with Package ID 'aws-sdk/lib/service.d.ts@2.1693.0'. ========
======== Resolving module '../lib/config-base' from 'd:/DOPAMS/Toystack/dopams-backend-staging/node_modules/aws-sdk/clients/sts.d.ts'. ========
Resolution for module '../lib/config-base' was found in cache from location 'd:/DOPAMS/Toystack/dopams-backend-staging/node_modules/aws-sdk/clients'.
======== Module name '../lib/config-base' was successfully resolved to 'd:/DOPAMS/Toystack/dopams-backend-staging/node_modules/aws-sdk/lib/config-base.d.ts' with Package ID 'aws-sdk/lib/config-base.d.ts@2.1693.0'. ========
File 'd:/DOPAMS/Toystack/dopams-backend-staging/node_modules/aws-sdk/clients/package.json' does not exist according to earlier cached lookups.
File 'd:/DOPAMS/Toystack/dopams-backend-staging/node_modules/aws-sdk/package.json' exists according to earlier cached lookups.
======== Resolving module '../lib/request' from 'd:/DOPAMS/Toystack/dopams-backend-staging/node_modules/aws-sdk/clients/support.d.ts'. ========
Resolution for module '../lib/request' was found in cache from location 'd:/DOPAMS/Toystack/dopams-backend-staging/node_modules/aws-sdk/clients'.
======== Module name '../lib/request' was successfully resolved to 'd:/DOPAMS/Toystack/dopams-backend-staging/node_modules/aws-sdk/lib/request.d.ts' with Package ID 'aws-sdk/lib/request.d.ts@2.1693.0'. ========
======== Resolving module '../lib/response' from 'd:/DOPAMS/Toystack/dopams-backend-staging/node_modules/aws-sdk/clients/support.d.ts'. ========
Resolution for module '../lib/response' was found in cache from location 'd:/DOPAMS/Toystack/dopams-backend-staging/node_modules/aws-sdk/clients'.
======== Module name '../lib/response' was successfully resolved to 'd:/DOPAMS/Toystack/dopams-backend-staging/node_modules/aws-sdk/lib/response.d.ts' with Package ID 'aws-sdk/lib/response.d.ts@2.1693.0'. ========
======== Resolving module '../lib/error' from 'd:/DOPAMS/Toystack/dopams-backend-staging/node_modules/aws-sdk/clients/support.d.ts'. ========
Resolution for module '../lib/error' was found in cache from location 'd:/DOPAMS/Toystack/dopams-backend-staging/node_modules/aws-sdk/clients'.
======== Module name '../lib/error' was successfully resolved to 'd:/DOPAMS/Toystack/dopams-backend-staging/node_modules/aws-sdk/lib/error.d.ts' with Package ID 'aws-sdk/lib/error.d.ts@2.1693.0'. ========
======== Resolving module '../lib/service' from 'd:/DOPAMS/Toystack/dopams-backend-staging/node_modules/aws-sdk/clients/support.d.ts'. ========
Resolution for module '../lib/service' was found in cache from location 'd:/DOPAMS/Toystack/dopams-backend-staging/node_modules/aws-sdk/clients'.
======== Module name '../lib/service' was successfully resolved to 'd:/DOPAMS/Toystack/dopams-backend-staging/node_modules/aws-sdk/lib/service.d.ts' with Package ID 'aws-sdk/lib/service.d.ts@2.1693.0'. ========
======== Resolving module '../lib/config-base' from 'd:/DOPAMS/Toystack/dopams-backend-staging/node_modules/aws-sdk/clients/support.d.ts'. ========
Resolution for module '../lib/config-base' was found in cache from location 'd:/DOPAMS/Toystack/dopams-backend-staging/node_modules/aws-sdk/clients'.
======== Module name '../lib/config-base' was successfully resolved to 'd:/DOPAMS/Toystack/dopams-backend-staging/node_modules/aws-sdk/lib/config-base.d.ts' with Package ID 'aws-sdk/lib/config-base.d.ts@2.1693.0'. ========
File 'd:/DOPAMS/Toystack/dopams-backend-staging/node_modules/aws-sdk/clients/package.json' does not exist according to earlier cached lookups.
File 'd:/DOPAMS/Toystack/dopams-backend-staging/node_modules/aws-sdk/package.json' exists according to earlier cached lookups.
======== Resolving module '../lib/request' from 'd:/DOPAMS/Toystack/dopams-backend-staging/node_modules/aws-sdk/clients/swf.d.ts'. ========
Resolution for module '../lib/request' was found in cache from location 'd:/DOPAMS/Toystack/dopams-backend-staging/node_modules/aws-sdk/clients'.
======== Module name '../lib/request' was successfully resolved to 'd:/DOPAMS/Toystack/dopams-backend-staging/node_modules/aws-sdk/lib/request.d.ts' with Package ID 'aws-sdk/lib/request.d.ts@2.1693.0'. ========
======== Resolving module '../lib/response' from 'd:/DOPAMS/Toystack/dopams-backend-staging/node_modules/aws-sdk/clients/swf.d.ts'. ========
Resolution for module '../lib/response' was found in cache from location 'd:/DOPAMS/Toystack/dopams-backend-staging/node_modules/aws-sdk/clients'.
======== Module name '../lib/response' was successfully resolved to 'd:/DOPAMS/Toystack/dopams-backend-staging/node_modules/aws-sdk/lib/response.d.ts' with Package ID 'aws-sdk/lib/response.d.ts@2.1693.0'. ========
======== Resolving module '../lib/error' from 'd:/DOPAMS/Toystack/dopams-backend-staging/node_modules/aws-sdk/clients/swf.d.ts'. ========
Resolution for module '../lib/error' was found in cache from location 'd:/DOPAMS/Toystack/dopams-backend-staging/node_modules/aws-sdk/clients'.
======== Module name '../lib/error' was successfully resolved to 'd:/DOPAMS/Toystack/dopams-backend-staging/node_modules/aws-sdk/lib/error.d.ts' with Package ID 'aws-sdk/lib/error.d.ts@2.1693.0'. ========
======== Resolving module '../lib/service' from 'd:/DOPAMS/Toystack/dopams-backend-staging/node_modules/aws-sdk/clients/swf.d.ts'. ========
Resolution for module '../lib/service' was found in cache from location 'd:/DOPAMS/Toystack/dopams-backend-staging/node_modules/aws-sdk/clients'.
======== Module name '../lib/service' was successfully resolved to 'd:/DOPAMS/Toystack/dopams-backend-staging/node_modules/aws-sdk/lib/service.d.ts' with Package ID 'aws-sdk/lib/service.d.ts@2.1693.0'. ========
======== Resolving module '../lib/config-base' from 'd:/DOPAMS/Toystack/dopams-backend-staging/node_modules/aws-sdk/clients/swf.d.ts'. ========
Resolution for module '../lib/config-base' was found in cache from location 'd:/DOPAMS/Toystack/dopams-backend-staging/node_modules/aws-sdk/clients'.
======== Module name '../lib/config-base' was successfully resolved to 'd:/DOPAMS/Toystack/dopams-backend-staging/node_modules/aws-sdk/lib/config-base.d.ts' with Package ID 'aws-sdk/lib/config-base.d.ts@2.1693.0'. ========
File 'd:/DOPAMS/Toystack/dopams-backend-staging/node_modules/aws-sdk/clients/package.json' does not exist according to earlier cached lookups.
File 'd:/DOPAMS/Toystack/dopams-backend-staging/node_modules/aws-sdk/package.json' exists according to earlier cached lookups.
======== Resolving module '../lib/request' from 'd:/DOPAMS/Toystack/dopams-backend-staging/node_modules/aws-sdk/clients/xray.d.ts'. ========
Resolution for module '../lib/request' was found in cache from location 'd:/DOPAMS/Toystack/dopams-backend-staging/node_modules/aws-sdk/clients'.
======== Module name '../lib/request' was successfully resolved to 'd:/DOPAMS/Toystack/dopams-backend-staging/node_modules/aws-sdk/lib/request.d.ts' with Package ID 'aws-sdk/lib/request.d.ts@2.1693.0'. ========
======== Resolving module '../lib/response' from 'd:/DOPAMS/Toystack/dopams-backend-staging/node_modules/aws-sdk/clients/xray.d.ts'. ========
Resolution for module '../lib/response' was found in cache from location 'd:/DOPAMS/Toystack/dopams-backend-staging/node_modules/aws-sdk/clients'.
======== Module name '../lib/response' was successfully resolved to 'd:/DOPAMS/Toystack/dopams-backend-staging/node_modules/aws-sdk/lib/response.d.ts' with Package ID 'aws-sdk/lib/response.d.ts@2.1693.0'. ========
======== Resolving module '../lib/error' from 'd:/DOPAMS/Toystack/dopams-backend-staging/node_modules/aws-sdk/clients/xray.d.ts'. ========
Resolution for module '../lib/error' was found in cache from location 'd:/DOPAMS/Toystack/dopams-backend-staging/node_modules/aws-sdk/clients'.
======== Module name '../lib/error' was successfully resolved to 'd:/DOPAMS/Toystack/dopams-backend-staging/node_modules/aws-sdk/lib/error.d.ts' with Package ID 'aws-sdk/lib/error.d.ts@2.1693.0'. ========
======== Resolving module '../lib/service' from 'd:/DOPAMS/Toystack/dopams-backend-staging/node_modules/aws-sdk/clients/xray.d.ts'. ========
Resolution for module '../lib/service' was found in cache from location 'd:/DOPAMS/Toystack/dopams-backend-staging/node_modules/aws-sdk/clients'.
======== Module name '../lib/service' was successfully resolved to 'd:/DOPAMS/Toystack/dopams-backend-staging/node_modules/aws-sdk/lib/service.d.ts' with Package ID 'aws-sdk/lib/service.d.ts@2.1693.0'. ========
======== Resolving module '../lib/config-base' from 'd:/DOPAMS/Toystack/dopams-backend-staging/node_modules/aws-sdk/clients/xray.d.ts'. ========
Resolution for module '../lib/config-base' was found in cache from location 'd:/DOPAMS/Toystack/dopams-backend-staging/node_modules/aws-sdk/clients'.
======== Module name '../lib/config-base' was successfully resolved to 'd:/DOPAMS/Toystack/dopams-backend-staging/node_modules/aws-sdk/lib/config-base.d.ts' with Package ID 'aws-sdk/lib/config-base.d.ts@2.1693.0'. ========
File 'd:/DOPAMS/Toystack/dopams-backend-staging/node_modules/aws-sdk/clients/package.json' does not exist according to earlier cached lookups.
File 'd:/DOPAMS/Toystack/dopams-backend-staging/node_modules/aws-sdk/package.json' exists according to earlier cached lookups.
======== Resolving module '../lib/request' from 'd:/DOPAMS/Toystack/dopams-backend-staging/node_modules/aws-sdk/clients/waf.d.ts'. ========
Resolution for module '../lib/request' was found in cache from location 'd:/DOPAMS/Toystack/dopams-backend-staging/node_modules/aws-sdk/clients'.
======== Module name '../lib/request' was successfully resolved to 'd:/DOPAMS/Toystack/dopams-backend-staging/node_modules/aws-sdk/lib/request.d.ts' with Package ID 'aws-sdk/lib/request.d.ts@2.1693.0'. ========
======== Resolving module '../lib/response' from 'd:/DOPAMS/Toystack/dopams-backend-staging/node_modules/aws-sdk/clients/waf.d.ts'. ========
Resolution for module '../lib/response' was found in cache from location 'd:/DOPAMS/Toystack/dopams-backend-staging/node_modules/aws-sdk/clients'.
======== Module name '../lib/response' was successfully resolved to 'd:/DOPAMS/Toystack/dopams-backend-staging/node_modules/aws-sdk/lib/response.d.ts' with Package ID 'aws-sdk/lib/response.d.ts@2.1693.0'. ========
======== Resolving module '../lib/error' from 'd:/DOPAMS/Toystack/dopams-backend-staging/node_modules/aws-sdk/clients/waf.d.ts'. ========
Resolution for module '../lib/error' was found in cache from location 'd:/DOPAMS/Toystack/dopams-backend-staging/node_modules/aws-sdk/clients'.
======== Module name '../lib/error' was successfully resolved to 'd:/DOPAMS/Toystack/dopams-backend-staging/node_modules/aws-sdk/lib/error.d.ts' with Package ID 'aws-sdk/lib/error.d.ts@2.1693.0'. ========
======== Resolving module '../lib/service' from 'd:/DOPAMS/Toystack/dopams-backend-staging/node_modules/aws-sdk/clients/waf.d.ts'. ========
Resolution for module '../lib/service' was found in cache from location 'd:/DOPAMS/Toystack/dopams-backend-staging/node_modules/aws-sdk/clients'.
======== Module name '../lib/service' was successfully resolved to 'd:/DOPAMS/Toystack/dopams-backend-staging/node_modules/aws-sdk/lib/service.d.ts' with Package ID 'aws-sdk/lib/service.d.ts@2.1693.0'. ========
======== Resolving module '../lib/config-base' from 'd:/DOPAMS/Toystack/dopams-backend-staging/node_modules/aws-sdk/clients/waf.d.ts'. ========
Resolution for module '../lib/config-base' was found in cache from location 'd:/DOPAMS/Toystack/dopams-backend-staging/node_modules/aws-sdk/clients'.
======== Module name '../lib/config-base' was successfully resolved to 'd:/DOPAMS/Toystack/dopams-backend-staging/node_modules/aws-sdk/lib/config-base.d.ts' with Package ID 'aws-sdk/lib/config-base.d.ts@2.1693.0'. ========
File 'd:/DOPAMS/Toystack/dopams-backend-staging/node_modules/aws-sdk/clients/package.json' does not exist according to earlier cached lookups.
File 'd:/DOPAMS/Toystack/dopams-backend-staging/node_modules/aws-sdk/package.json' exists according to earlier cached lookups.
======== Resolving module '../lib/request' from 'd:/DOPAMS/Toystack/dopams-backend-staging/node_modules/aws-sdk/clients/wafregional.d.ts'. ========
Resolution for module '../lib/request' was found in cache from location 'd:/DOPAMS/Toystack/dopams-backend-staging/node_modules/aws-sdk/clients'.
======== Module name '../lib/request' was successfully resolved to 'd:/DOPAMS/Toystack/dopams-backend-staging/node_modules/aws-sdk/lib/request.d.ts' with Package ID 'aws-sdk/lib/request.d.ts@2.1693.0'. ========
======== Resolving module '../lib/response' from 'd:/DOPAMS/Toystack/dopams-backend-staging/node_modules/aws-sdk/clients/wafregional.d.ts'. ========
Resolution for module '../lib/response' was found in cache from location 'd:/DOPAMS/Toystack/dopams-backend-staging/node_modules/aws-sdk/clients'.
======== Module name '../lib/response' was successfully resolved to 'd:/DOPAMS/Toystack/dopams-backend-staging/node_modules/aws-sdk/lib/response.d.ts' with Package ID 'aws-sdk/lib/response.d.ts@2.1693.0'. ========
======== Resolving module '../lib/error' from 'd:/DOPAMS/Toystack/dopams-backend-staging/node_modules/aws-sdk/clients/wafregional.d.ts'. ========
Resolution for module '../lib/error' was found in cache from location 'd:/DOPAMS/Toystack/dopams-backend-staging/node_modules/aws-sdk/clients'.
======== Module name '../lib/error' was successfully resolved to 'd:/DOPAMS/Toystack/dopams-backend-staging/node_modules/aws-sdk/lib/error.d.ts' with Package ID 'aws-sdk/lib/error.d.ts@2.1693.0'. ========
======== Resolving module '../lib/service' from 'd:/DOPAMS/Toystack/dopams-backend-staging/node_modules/aws-sdk/clients/wafregional.d.ts'. ========
Resolution for module '../lib/service' was found in cache from location 'd:/DOPAMS/Toystack/dopams-backend-staging/node_modules/aws-sdk/clients'.
======== Module name '../lib/service' was successfully resolved to 'd:/DOPAMS/Toystack/dopams-backend-staging/node_modules/aws-sdk/lib/service.d.ts' with Package ID 'aws-sdk/lib/service.d.ts@2.1693.0'. ========
======== Resolving module '../lib/config-base' from 'd:/DOPAMS/Toystack/dopams-backend-staging/node_modules/aws-sdk/clients/wafregional.d.ts'. ========
Resolution for module '../lib/config-base' was found in cache from location 'd:/DOPAMS/Toystack/dopams-backend-staging/node_modules/aws-sdk/clients'.
======== Module name '../lib/config-base' was successfully resolved to 'd:/DOPAMS/Toystack/dopams-backend-staging/node_modules/aws-sdk/lib/config-base.d.ts' with Package ID 'aws-sdk/lib/config-base.d.ts@2.1693.0'. ========
File 'd:/DOPAMS/Toystack/dopams-backend-staging/node_modules/aws-sdk/clients/package.json' does not exist according to earlier cached lookups.
File 'd:/DOPAMS/Toystack/dopams-backend-staging/node_modules/aws-sdk/package.json' exists according to earlier cached lookups.
======== Resolving module '../lib/request' from 'd:/DOPAMS/Toystack/dopams-backend-staging/node_modules/aws-sdk/clients/workdocs.d.ts'. ========
Resolution for module '../lib/request' was found in cache from location 'd:/DOPAMS/Toystack/dopams-backend-staging/node_modules/aws-sdk/clients'.
======== Module name '../lib/request' was successfully resolved to 'd:/DOPAMS/Toystack/dopams-backend-staging/node_modules/aws-sdk/lib/request.d.ts' with Package ID 'aws-sdk/lib/request.d.ts@2.1693.0'. ========
======== Resolving module '../lib/response' from 'd:/DOPAMS/Toystack/dopams-backend-staging/node_modules/aws-sdk/clients/workdocs.d.ts'. ========
Resolution for module '../lib/response' was found in cache from location 'd:/DOPAMS/Toystack/dopams-backend-staging/node_modules/aws-sdk/clients'.
======== Module name '../lib/response' was successfully resolved to 'd:/DOPAMS/Toystack/dopams-backend-staging/node_modules/aws-sdk/lib/response.d.ts' with Package ID 'aws-sdk/lib/response.d.ts@2.1693.0'. ========
======== Resolving module '../lib/error' from 'd:/DOPAMS/Toystack/dopams-backend-staging/node_modules/aws-sdk/clients/workdocs.d.ts'. ========
Resolution for module '../lib/error' was found in cache from location 'd:/DOPAMS/Toystack/dopams-backend-staging/node_modules/aws-sdk/clients'.
======== Module name '../lib/error' was successfully resolved to 'd:/DOPAMS/Toystack/dopams-backend-staging/node_modules/aws-sdk/lib/error.d.ts' with Package ID 'aws-sdk/lib/error.d.ts@2.1693.0'. ========
======== Resolving module '../lib/service' from 'd:/DOPAMS/Toystack/dopams-backend-staging/node_modules/aws-sdk/clients/workdocs.d.ts'. ========
Resolution for module '../lib/service' was found in cache from location 'd:/DOPAMS/Toystack/dopams-backend-staging/node_modules/aws-sdk/clients'.
======== Module name '../lib/service' was successfully resolved to 'd:/DOPAMS/Toystack/dopams-backend-staging/node_modules/aws-sdk/lib/service.d.ts' with Package ID 'aws-sdk/lib/service.d.ts@2.1693.0'. ========
======== Resolving module '../lib/config-base' from 'd:/DOPAMS/Toystack/dopams-backend-staging/node_modules/aws-sdk/clients/workdocs.d.ts'. ========
Resolution for module '../lib/config-base' was found in cache from location 'd:/DOPAMS/Toystack/dopams-backend-staging/node_modules/aws-sdk/clients'.
======== Module name '../lib/config-base' was successfully resolved to 'd:/DOPAMS/Toystack/dopams-backend-staging/node_modules/aws-sdk/lib/config-base.d.ts' with Package ID 'aws-sdk/lib/config-base.d.ts@2.1693.0'. ========
File 'd:/DOPAMS/Toystack/dopams-backend-staging/node_modules/aws-sdk/clients/package.json' does not exist according to earlier cached lookups.
File 'd:/DOPAMS/Toystack/dopams-backend-staging/node_modules/aws-sdk/package.json' exists according to earlier cached lookups.
======== Resolving module '../lib/request' from 'd:/DOPAMS/Toystack/dopams-backend-staging/node_modules/aws-sdk/clients/workspaces.d.ts'. ========
Resolution for module '../lib/request' was found in cache from location 'd:/DOPAMS/Toystack/dopams-backend-staging/node_modules/aws-sdk/clients'.
======== Module name '../lib/request' was successfully resolved to 'd:/DOPAMS/Toystack/dopams-backend-staging/node_modules/aws-sdk/lib/request.d.ts' with Package ID 'aws-sdk/lib/request.d.ts@2.1693.0'. ========
======== Resolving module '../lib/response' from 'd:/DOPAMS/Toystack/dopams-backend-staging/node_modules/aws-sdk/clients/workspaces.d.ts'. ========
Resolution for module '../lib/response' was found in cache from location 'd:/DOPAMS/Toystack/dopams-backend-staging/node_modules/aws-sdk/clients'.
======== Module name '../lib/response' was successfully resolved to 'd:/DOPAMS/Toystack/dopams-backend-staging/node_modules/aws-sdk/lib/response.d.ts' with Package ID 'aws-sdk/lib/response.d.ts@2.1693.0'. ========
======== Resolving module '../lib/error' from 'd:/DOPAMS/Toystack/dopams-backend-staging/node_modules/aws-sdk/clients/workspaces.d.ts'. ========
Resolution for module '../lib/error' was found in cache from location 'd:/DOPAMS/Toystack/dopams-backend-staging/node_modules/aws-sdk/clients'.
======== Module name '../lib/error' was successfully resolved to 'd:/DOPAMS/Toystack/dopams-backend-staging/node_modules/aws-sdk/lib/error.d.ts' with Package ID 'aws-sdk/lib/error.d.ts@2.1693.0'. ========
======== Resolving module '../lib/service' from 'd:/DOPAMS/Toystack/dopams-backend-staging/node_modules/aws-sdk/clients/workspaces.d.ts'. ========
Resolution for module '../lib/service' was found in cache from location 'd:/DOPAMS/Toystack/dopams-backend-staging/node_modules/aws-sdk/clients'.
======== Module name '../lib/service' was successfully resolved to 'd:/DOPAMS/Toystack/dopams-backend-staging/node_modules/aws-sdk/lib/service.d.ts' with Package ID 'aws-sdk/lib/service.d.ts@2.1693.0'. ========
======== Resolving module '../lib/config-base' from 'd:/DOPAMS/Toystack/dopams-backend-staging/node_modules/aws-sdk/clients/workspaces.d.ts'. ========
Resolution for module '../lib/config-base' was found in cache from location 'd:/DOPAMS/Toystack/dopams-backend-staging/node_modules/aws-sdk/clients'.
======== Module name '../lib/config-base' was successfully resolved to 'd:/DOPAMS/Toystack/dopams-backend-staging/node_modules/aws-sdk/lib/config-base.d.ts' with Package ID 'aws-sdk/lib/config-base.d.ts@2.1693.0'. ========
File 'd:/DOPAMS/Toystack/dopams-backend-staging/node_modules/aws-sdk/clients/package.json' does not exist according to earlier cached lookups.
File 'd:/DOPAMS/Toystack/dopams-backend-staging/node_modules/aws-sdk/package.json' exists according to earlier cached lookups.
======== Resolving module '../lib/request' from 'd:/DOPAMS/Toystack/dopams-backend-staging/node_modules/aws-sdk/clients/lexmodelbuildingservice.d.ts'. ========
Resolution for module '../lib/request' was found in cache from location 'd:/DOPAMS/Toystack/dopams-backend-staging/node_modules/aws-sdk/clients'.
======== Module name '../lib/request' was successfully resolved to 'd:/DOPAMS/Toystack/dopams-backend-staging/node_modules/aws-sdk/lib/request.d.ts' with Package ID 'aws-sdk/lib/request.d.ts@2.1693.0'. ========
======== Resolving module '../lib/response' from 'd:/DOPAMS/Toystack/dopams-backend-staging/node_modules/aws-sdk/clients/lexmodelbuildingservice.d.ts'. ========
Resolution for module '../lib/response' was found in cache from location 'd:/DOPAMS/Toystack/dopams-backend-staging/node_modules/aws-sdk/clients'.
======== Module name '../lib/response' was successfully resolved to 'd:/DOPAMS/Toystack/dopams-backend-staging/node_modules/aws-sdk/lib/response.d.ts' with Package ID 'aws-sdk/lib/response.d.ts@2.1693.0'. ========
======== Resolving module '../lib/error' from 'd:/DOPAMS/Toystack/dopams-backend-staging/node_modules/aws-sdk/clients/lexmodelbuildingservice.d.ts'. ========
Resolution for module '../lib/error' was found in cache from location 'd:/DOPAMS/Toystack/dopams-backend-staging/node_modules/aws-sdk/clients'.
======== Module name '../lib/error' was successfully resolved to 'd:/DOPAMS/Toystack/dopams-backend-staging/node_modules/aws-sdk/lib/error.d.ts' with Package ID 'aws-sdk/lib/error.d.ts@2.1693.0'. ========
======== Resolving module '../lib/service' from 'd:/DOPAMS/Toystack/dopams-backend-staging/node_modules/aws-sdk/clients/lexmodelbuildingservice.d.ts'. ========
Resolution for module '../lib/service' was found in cache from location 'd:/DOPAMS/Toystack/dopams-backend-staging/node_modules/aws-sdk/clients'.
======== Module name '../lib/service' was successfully resolved to 'd:/DOPAMS/Toystack/dopams-backend-staging/node_modules/aws-sdk/lib/service.d.ts' with Package ID 'aws-sdk/lib/service.d.ts@2.1693.0'. ========
======== Resolving module '../lib/config-base' from 'd:/DOPAMS/Toystack/dopams-backend-staging/node_modules/aws-sdk/clients/lexmodelbuildingservice.d.ts'. ========
Resolution for module '../lib/config-base' was found in cache from location 'd:/DOPAMS/Toystack/dopams-backend-staging/node_modules/aws-sdk/clients'.
======== Module name '../lib/config-base' was successfully resolved to 'd:/DOPAMS/Toystack/dopams-backend-staging/node_modules/aws-sdk/lib/config-base.d.ts' with Package ID 'aws-sdk/lib/config-base.d.ts@2.1693.0'. ========
File 'd:/DOPAMS/Toystack/dopams-backend-staging/node_modules/aws-sdk/clients/package.json' does not exist according to earlier cached lookups.
File 'd:/DOPAMS/Toystack/dopams-backend-staging/node_modules/aws-sdk/package.json' exists according to earlier cached lookups.
======== Resolving module '../lib/request' from 'd:/DOPAMS/Toystack/dopams-backend-staging/node_modules/aws-sdk/clients/marketplaceentitlementservice.d.ts'. ========
Resolution for module '../lib/request' was found in cache from location 'd:/DOPAMS/Toystack/dopams-backend-staging/node_modules/aws-sdk/clients'.
======== Module name '../lib/request' was successfully resolved to 'd:/DOPAMS/Toystack/dopams-backend-staging/node_modules/aws-sdk/lib/request.d.ts' with Package ID 'aws-sdk/lib/request.d.ts@2.1693.0'. ========
======== Resolving module '../lib/response' from 'd:/DOPAMS/Toystack/dopams-backend-staging/node_modules/aws-sdk/clients/marketplaceentitlementservice.d.ts'. ========
Resolution for module '../lib/response' was found in cache from location 'd:/DOPAMS/Toystack/dopams-backend-staging/node_modules/aws-sdk/clients'.
======== Module name '../lib/response' was successfully resolved to 'd:/DOPAMS/Toystack/dopams-backend-staging/node_modules/aws-sdk/lib/response.d.ts' with Package ID 'aws-sdk/lib/response.d.ts@2.1693.0'. ========
======== Resolving module '../lib/error' from 'd:/DOPAMS/Toystack/dopams-backend-staging/node_modules/aws-sdk/clients/marketplaceentitlementservice.d.ts'. ========
Resolution for module '../lib/error' was found in cache from location 'd:/DOPAMS/Toystack/dopams-backend-staging/node_modules/aws-sdk/clients'.
======== Module name '../lib/error' was successfully resolved to 'd:/DOPAMS/Toystack/dopams-backend-staging/node_modules/aws-sdk/lib/error.d.ts' with Package ID 'aws-sdk/lib/error.d.ts@2.1693.0'. ========
======== Resolving module '../lib/service' from 'd:/DOPAMS/Toystack/dopams-backend-staging/node_modules/aws-sdk/clients/marketplaceentitlementservice.d.ts'. ========
Resolution for module '../lib/service' was found in cache from location 'd:/DOPAMS/Toystack/dopams-backend-staging/node_modules/aws-sdk/clients'.
======== Module name '../lib/service' was successfully resolved to 'd:/DOPAMS/Toystack/dopams-backend-staging/node_modules/aws-sdk/lib/service.d.ts' with Package ID 'aws-sdk/lib/service.d.ts@2.1693.0'. ========
======== Resolving module '../lib/config-base' from 'd:/DOPAMS/Toystack/dopams-backend-staging/node_modules/aws-sdk/clients/marketplaceentitlementservice.d.ts'. ========
Resolution for module '../lib/config-base' was found in cache from location 'd:/DOPAMS/Toystack/dopams-backend-staging/node_modules/aws-sdk/clients'.
======== Module name '../lib/config-base' was successfully resolved to 'd:/DOPAMS/Toystack/dopams-backend-staging/node_modules/aws-sdk/lib/config-base.d.ts' with Package ID 'aws-sdk/lib/config-base.d.ts@2.1693.0'. ========
File 'd:/DOPAMS/Toystack/dopams-backend-staging/node_modules/aws-sdk/clients/package.json' does not exist according to earlier cached lookups.
File 'd:/DOPAMS/Toystack/dopams-backend-staging/node_modules/aws-sdk/package.json' exists according to earlier cached lookups.
======== Resolving module '../lib/request' from 'd:/DOPAMS/Toystack/dopams-backend-staging/node_modules/aws-sdk/clients/athena.d.ts'. ========
Resolution for module '../lib/request' was found in cache from location 'd:/DOPAMS/Toystack/dopams-backend-staging/node_modules/aws-sdk/clients'.
======== Module name '../lib/request' was successfully resolved to 'd:/DOPAMS/Toystack/dopams-backend-staging/node_modules/aws-sdk/lib/request.d.ts' with Package ID 'aws-sdk/lib/request.d.ts@2.1693.0'. ========
======== Resolving module '../lib/response' from 'd:/DOPAMS/Toystack/dopams-backend-staging/node_modules/aws-sdk/clients/athena.d.ts'. ========
Resolution for module '../lib/response' was found in cache from location 'd:/DOPAMS/Toystack/dopams-backend-staging/node_modules/aws-sdk/clients'.
======== Module name '../lib/response' was successfully resolved to 'd:/DOPAMS/Toystack/dopams-backend-staging/node_modules/aws-sdk/lib/response.d.ts' with Package ID 'aws-sdk/lib/response.d.ts@2.1693.0'. ========
======== Resolving module '../lib/error' from 'd:/DOPAMS/Toystack/dopams-backend-staging/node_modules/aws-sdk/clients/athena.d.ts'. ========
Resolution for module '../lib/error' was found in cache from location 'd:/DOPAMS/Toystack/dopams-backend-staging/node_modules/aws-sdk/clients'.
======== Module name '../lib/error' was successfully resolved to 'd:/DOPAMS/Toystack/dopams-backend-staging/node_modules/aws-sdk/lib/error.d.ts' with Package ID 'aws-sdk/lib/error.d.ts@2.1693.0'. ========
======== Resolving module '../lib/service' from 'd:/DOPAMS/Toystack/dopams-backend-staging/node_modules/aws-sdk/clients/athena.d.ts'. ========
Resolution for module '../lib/service' was found in cache from location 'd:/DOPAMS/Toystack/dopams-backend-staging/node_modules/aws-sdk/clients'.
======== Module name '../lib/service' was successfully resolved to 'd:/DOPAMS/Toystack/dopams-backend-staging/node_modules/aws-sdk/lib/service.d.ts' with Package ID 'aws-sdk/lib/service.d.ts@2.1693.0'. ========
======== Resolving module '../lib/config-base' from 'd:/DOPAMS/Toystack/dopams-backend-staging/node_modules/aws-sdk/clients/athena.d.ts'. ========
Resolution for module '../lib/config-base' was found in cache from location 'd:/DOPAMS/Toystack/dopams-backend-staging/node_modules/aws-sdk/clients'.
======== Module name '../lib/config-base' was successfully resolved to 'd:/DOPAMS/Toystack/dopams-backend-staging/node_modules/aws-sdk/lib/config-base.d.ts' with Package ID 'aws-sdk/lib/config-base.d.ts@2.1693.0'. ========
File 'd:/DOPAMS/Toystack/dopams-backend-staging/node_modules/aws-sdk/clients/package.json' does not exist according to earlier cached lookups.
File 'd:/DOPAMS/Toystack/dopams-backend-staging/node_modules/aws-sdk/package.json' exists according to earlier cached lookups.
======== Resolving module '../lib/request' from 'd:/DOPAMS/Toystack/dopams-backend-staging/node_modules/aws-sdk/clients/greengrass.d.ts'. ========
Resolution for module '../lib/request' was found in cache from location 'd:/DOPAMS/Toystack/dopams-backend-staging/node_modules/aws-sdk/clients'.
======== Module name '../lib/request' was successfully resolved to 'd:/DOPAMS/Toystack/dopams-backend-staging/node_modules/aws-sdk/lib/request.d.ts' with Package ID 'aws-sdk/lib/request.d.ts@2.1693.0'. ========
======== Resolving module '../lib/response' from 'd:/DOPAMS/Toystack/dopams-backend-staging/node_modules/aws-sdk/clients/greengrass.d.ts'. ========
Resolution for module '../lib/response' was found in cache from location 'd:/DOPAMS/Toystack/dopams-backend-staging/node_modules/aws-sdk/clients'.
======== Module name '../lib/response' was successfully resolved to 'd:/DOPAMS/Toystack/dopams-backend-staging/node_modules/aws-sdk/lib/response.d.ts' with Package ID 'aws-sdk/lib/response.d.ts@2.1693.0'. ========
======== Resolving module '../lib/error' from 'd:/DOPAMS/Toystack/dopams-backend-staging/node_modules/aws-sdk/clients/greengrass.d.ts'. ========
Resolution for module '../lib/error' was found in cache from location 'd:/DOPAMS/Toystack/dopams-backend-staging/node_modules/aws-sdk/clients'.
======== Module name '../lib/error' was successfully resolved to 'd:/DOPAMS/Toystack/dopams-backend-staging/node_modules/aws-sdk/lib/error.d.ts' with Package ID 'aws-sdk/lib/error.d.ts@2.1693.0'. ========
======== Resolving module '../lib/service' from 'd:/DOPAMS/Toystack/dopams-backend-staging/node_modules/aws-sdk/clients/greengrass.d.ts'. ========
Resolution for module '../lib/service' was found in cache from location 'd:/DOPAMS/Toystack/dopams-backend-staging/node_modules/aws-sdk/clients'.
======== Module name '../lib/service' was successfully resolved to 'd:/DOPAMS/Toystack/dopams-backend-staging/node_modules/aws-sdk/lib/service.d.ts' with Package ID 'aws-sdk/lib/service.d.ts@2.1693.0'. ========
======== Resolving module '../lib/config-base' from 'd:/DOPAMS/Toystack/dopams-backend-staging/node_modules/aws-sdk/clients/greengrass.d.ts'. ========
Resolution for module '../lib/config-base' was found in cache from location 'd:/DOPAMS/Toystack/dopams-backend-staging/node_modules/aws-sdk/clients'.
======== Module name '../lib/config-base' was successfully resolved to 'd:/DOPAMS/Toystack/dopams-backend-staging/node_modules/aws-sdk/lib/config-base.d.ts' with Package ID 'aws-sdk/lib/config-base.d.ts@2.1693.0'. ========
File 'd:/DOPAMS/Toystack/dopams-backend-staging/node_modules/aws-sdk/clients/package.json' does not exist according to earlier cached lookups.
File 'd:/DOPAMS/Toystack/dopams-backend-staging/node_modules/aws-sdk/package.json' exists according to earlier cached lookups.
======== Resolving module '../lib/request' from 'd:/DOPAMS/Toystack/dopams-backend-staging/node_modules/aws-sdk/clients/dax.d.ts'. ========
Resolution for module '../lib/request' was found in cache from location 'd:/DOPAMS/Toystack/dopams-backend-staging/node_modules/aws-sdk/clients'.
======== Module name '../lib/request' was successfully resolved to 'd:/DOPAMS/Toystack/dopams-backend-staging/node_modules/aws-sdk/lib/request.d.ts' with Package ID 'aws-sdk/lib/request.d.ts@2.1693.0'. ========
======== Resolving module '../lib/response' from 'd:/DOPAMS/Toystack/dopams-backend-staging/node_modules/aws-sdk/clients/dax.d.ts'. ========
Resolution for module '../lib/response' was found in cache from location 'd:/DOPAMS/Toystack/dopams-backend-staging/node_modules/aws-sdk/clients'.
======== Module name '../lib/response' was successfully resolved to 'd:/DOPAMS/Toystack/dopams-backend-staging/node_modules/aws-sdk/lib/response.d.ts' with Package ID 'aws-sdk/lib/response.d.ts@2.1693.0'. ========
======== Resolving module '../lib/error' from 'd:/DOPAMS/Toystack/dopams-backend-staging/node_modules/aws-sdk/clients/dax.d.ts'. ========
Resolution for module '../lib/error' was found in cache from location 'd:/DOPAMS/Toystack/dopams-backend-staging/node_modules/aws-sdk/clients'.
======== Module name '../lib/error' was successfully resolved to 'd:/DOPAMS/Toystack/dopams-backend-staging/node_modules/aws-sdk/lib/error.d.ts' with Package ID 'aws-sdk/lib/error.d.ts@2.1693.0'. ========
======== Resolving module '../lib/service' from 'd:/DOPAMS/Toystack/dopams-backend-staging/node_modules/aws-sdk/clients/dax.d.ts'. ========
Resolution for module '../lib/service' was found in cache from location 'd:/DOPAMS/Toystack/dopams-backend-staging/node_modules/aws-sdk/clients'.
======== Module name '../lib/service' was successfully resolved to 'd:/DOPAMS/Toystack/dopams-backend-staging/node_modules/aws-sdk/lib/service.d.ts' with Package ID 'aws-sdk/lib/service.d.ts@2.1693.0'. ========
======== Resolving module '../lib/config-base' from 'd:/DOPAMS/Toystack/dopams-backend-staging/node_modules/aws-sdk/clients/dax.d.ts'. ========
Resolution for module '../lib/config-base' was found in cache from location 'd:/DOPAMS/Toystack/dopams-backend-staging/node_modules/aws-sdk/clients'.
======== Module name '../lib/config-base' was successfully resolved to 'd:/DOPAMS/Toystack/dopams-backend-staging/node_modules/aws-sdk/lib/config-base.d.ts' with Package ID 'aws-sdk/lib/config-base.d.ts@2.1693.0'. ========
File 'd:/DOPAMS/Toystack/dopams-backend-staging/node_modules/aws-sdk/clients/package.json' does not exist according to earlier cached lookups.
File 'd:/DOPAMS/Toystack/dopams-backend-staging/node_modules/aws-sdk/package.json' exists according to earlier cached lookups.
======== Resolving module '../lib/request' from 'd:/DOPAMS/Toystack/dopams-backend-staging/node_modules/aws-sdk/clients/migrationhub.d.ts'. ========
Resolution for module '../lib/request' was found in cache from location 'd:/DOPAMS/Toystack/dopams-backend-staging/node_modules/aws-sdk/clients'.
======== Module name '../lib/request' was successfully resolved to 'd:/DOPAMS/Toystack/dopams-backend-staging/node_modules/aws-sdk/lib/request.d.ts' with Package ID 'aws-sdk/lib/request.d.ts@2.1693.0'. ========
======== Resolving module '../lib/response' from 'd:/DOPAMS/Toystack/dopams-backend-staging/node_modules/aws-sdk/clients/migrationhub.d.ts'. ========
Resolution for module '../lib/response' was found in cache from location 'd:/DOPAMS/Toystack/dopams-backend-staging/node_modules/aws-sdk/clients'.
======== Module name '../lib/response' was successfully resolved to 'd:/DOPAMS/Toystack/dopams-backend-staging/node_modules/aws-sdk/lib/response.d.ts' with Package ID 'aws-sdk/lib/response.d.ts@2.1693.0'. ========
======== Resolving module '../lib/error' from 'd:/DOPAMS/Toystack/dopams-backend-staging/node_modules/aws-sdk/clients/migrationhub.d.ts'. ========
Resolution for module '../lib/error' was found in cache from location 'd:/DOPAMS/Toystack/dopams-backend-staging/node_modules/aws-sdk/clients'.
======== Module name '../lib/error' was successfully resolved to 'd:/DOPAMS/Toystack/dopams-backend-staging/node_modules/aws-sdk/lib/error.d.ts' with Package ID 'aws-sdk/lib/error.d.ts@2.1693.0'. ========
======== Resolving module '../lib/service' from 'd:/DOPAMS/Toystack/dopams-backend-staging/node_modules/aws-sdk/clients/migrationhub.d.ts'. ========
Resolution for module '../lib/service' was found in cache from location 'd:/DOPAMS/Toystack/dopams-backend-staging/node_modules/aws-sdk/clients'.
======== Module name '../lib/service' was successfully resolved to 'd:/DOPAMS/Toystack/dopams-backend-staging/node_modules/aws-sdk/lib/service.d.ts' with Package ID 'aws-sdk/lib/service.d.ts@2.1693.0'. ========
======== Resolving module '../lib/config-base' from 'd:/DOPAMS/Toystack/dopams-backend-staging/node_modules/aws-sdk/clients/migrationhub.d.ts'. ========
Resolution for module '../lib/config-base' was found in cache from location 'd:/DOPAMS/Toystack/dopams-backend-staging/node_modules/aws-sdk/clients'.
======== Module name '../lib/config-base' was successfully resolved to 'd:/DOPAMS/Toystack/dopams-backend-staging/node_modules/aws-sdk/lib/config-base.d.ts' with Package ID 'aws-sdk/lib/config-base.d.ts@2.1693.0'. ========
File 'd:/DOPAMS/Toystack/dopams-backend-staging/node_modules/aws-sdk/clients/package.json' does not exist according to earlier cached lookups.
File 'd:/DOPAMS/Toystack/dopams-backend-staging/node_modules/aws-sdk/package.json' exists according to earlier cached lookups.
======== Resolving module '../lib/request' from 'd:/DOPAMS/Toystack/dopams-backend-staging/node_modules/aws-sdk/clients/cloudhsmv2.d.ts'. ========
Resolution for module '../lib/request' was found in cache from location 'd:/DOPAMS/Toystack/dopams-backend-staging/node_modules/aws-sdk/clients'.
======== Module name '../lib/request' was successfully resolved to 'd:/DOPAMS/Toystack/dopams-backend-staging/node_modules/aws-sdk/lib/request.d.ts' with Package ID 'aws-sdk/lib/request.d.ts@2.1693.0'. ========
======== Resolving module '../lib/response' from 'd:/DOPAMS/Toystack/dopams-backend-staging/node_modules/aws-sdk/clients/cloudhsmv2.d.ts'. ========
Resolution for module '../lib/response' was found in cache from location 'd:/DOPAMS/Toystack/dopams-backend-staging/node_modules/aws-sdk/clients'.
======== Module name '../lib/response' was successfully resolved to 'd:/DOPAMS/Toystack/dopams-backend-staging/node_modules/aws-sdk/lib/response.d.ts' with Package ID 'aws-sdk/lib/response.d.ts@2.1693.0'. ========
======== Resolving module '../lib/error' from 'd:/DOPAMS/Toystack/dopams-backend-staging/node_modules/aws-sdk/clients/cloudhsmv2.d.ts'. ========
Resolution for module '../lib/error' was found in cache from location 'd:/DOPAMS/Toystack/dopams-backend-staging/node_modules/aws-sdk/clients'.
======== Module name '../lib/error' was successfully resolved to 'd:/DOPAMS/Toystack/dopams-backend-staging/node_modules/aws-sdk/lib/error.d.ts' with Package ID 'aws-sdk/lib/error.d.ts@2.1693.0'. ========
======== Resolving module '../lib/service' from 'd:/DOPAMS/Toystack/dopams-backend-staging/node_modules/aws-sdk/clients/cloudhsmv2.d.ts'. ========
Resolution for module '../lib/service' was found in cache from location 'd:/DOPAMS/Toystack/dopams-backend-staging/node_modules/aws-sdk/clients'.
======== Module name '../lib/service' was successfully resolved to 'd:/DOPAMS/Toystack/dopams-backend-staging/node_modules/aws-sdk/lib/service.d.ts' with Package ID 'aws-sdk/lib/service.d.ts@2.1693.0'. ========
======== Resolving module '../lib/config-base' from 'd:/DOPAMS/Toystack/dopams-backend-staging/node_modules/aws-sdk/clients/cloudhsmv2.d.ts'. ========
Resolution for module '../lib/config-base' was found in cache from location 'd:/DOPAMS/Toystack/dopams-backend-staging/node_modules/aws-sdk/clients'.
======== Module name '../lib/config-base' was successfully resolved to 'd:/DOPAMS/Toystack/dopams-backend-staging/node_modules/aws-sdk/lib/config-base.d.ts' with Package ID 'aws-sdk/lib/config-base.d.ts@2.1693.0'. ========
File 'd:/DOPAMS/Toystack/dopams-backend-staging/node_modules/aws-sdk/clients/package.json' does not exist according to earlier cached lookups.
File 'd:/DOPAMS/Toystack/dopams-backend-staging/node_modules/aws-sdk/package.json' exists according to earlier cached lookups.
======== Resolving module '../lib/request' from 'd:/DOPAMS/Toystack/dopams-backend-staging/node_modules/aws-sdk/clients/glue.d.ts'. ========
Resolution for module '../lib/request' was found in cache from location 'd:/DOPAMS/Toystack/dopams-backend-staging/node_modules/aws-sdk/clients'.
======== Module name '../lib/request' was successfully resolved to 'd:/DOPAMS/Toystack/dopams-backend-staging/node_modules/aws-sdk/lib/request.d.ts' with Package ID 'aws-sdk/lib/request.d.ts@2.1693.0'. ========
======== Resolving module '../lib/response' from 'd:/DOPAMS/Toystack/dopams-backend-staging/node_modules/aws-sdk/clients/glue.d.ts'. ========
Resolution for module '../lib/response' was found in cache from location 'd:/DOPAMS/Toystack/dopams-backend-staging/node_modules/aws-sdk/clients'.
======== Module name '../lib/response' was successfully resolved to 'd:/DOPAMS/Toystack/dopams-backend-staging/node_modules/aws-sdk/lib/response.d.ts' with Package ID 'aws-sdk/lib/response.d.ts@2.1693.0'. ========
======== Resolving module '../lib/error' from 'd:/DOPAMS/Toystack/dopams-backend-staging/node_modules/aws-sdk/clients/glue.d.ts'. ========
Resolution for module '../lib/error' was found in cache from location 'd:/DOPAMS/Toystack/dopams-backend-staging/node_modules/aws-sdk/clients'.
======== Module name '../lib/error' was successfully resolved to 'd:/DOPAMS/Toystack/dopams-backend-staging/node_modules/aws-sdk/lib/error.d.ts' with Package ID 'aws-sdk/lib/error.d.ts@2.1693.0'. ========
======== Resolving module '../lib/service' from 'd:/DOPAMS/Toystack/dopams-backend-staging/node_modules/aws-sdk/clients/glue.d.ts'. ========
Resolution for module '../lib/service' was found in cache from location 'd:/DOPAMS/Toystack/dopams-backend-staging/node_modules/aws-sdk/clients'.
======== Module name '../lib/service' was successfully resolved to 'd:/DOPAMS/Toystack/dopams-backend-staging/node_modules/aws-sdk/lib/service.d.ts' with Package ID 'aws-sdk/lib/service.d.ts@2.1693.0'. ========
======== Resolving module '../lib/config-base' from 'd:/DOPAMS/Toystack/dopams-backend-staging/node_modules/aws-sdk/clients/glue.d.ts'. ========
Resolution for module '../lib/config-base' was found in cache from location 'd:/DOPAMS/Toystack/dopams-backend-staging/node_modules/aws-sdk/clients'.
======== Module name '../lib/config-base' was successfully resolved to 'd:/DOPAMS/Toystack/dopams-backend-staging/node_modules/aws-sdk/lib/config-base.d.ts' with Package ID 'aws-sdk/lib/config-base.d.ts@2.1693.0'. ========
File 'd:/DOPAMS/Toystack/dopams-backend-staging/node_modules/aws-sdk/clients/package.json' does not exist according to earlier cached lookups.
File 'd:/DOPAMS/Toystack/dopams-backend-staging/node_modules/aws-sdk/package.json' exists according to earlier cached lookups.
======== Resolving module '../lib/request' from 'd:/DOPAMS/Toystack/dopams-backend-staging/node_modules/aws-sdk/clients/pricing.d.ts'. ========
Resolution for module '../lib/request' was found in cache from location 'd:/DOPAMS/Toystack/dopams-backend-staging/node_modules/aws-sdk/clients'.
======== Module name '../lib/request' was successfully resolved to 'd:/DOPAMS/Toystack/dopams-backend-staging/node_modules/aws-sdk/lib/request.d.ts' with Package ID 'aws-sdk/lib/request.d.ts@2.1693.0'. ========
======== Resolving module '../lib/response' from 'd:/DOPAMS/Toystack/dopams-backend-staging/node_modules/aws-sdk/clients/pricing.d.ts'. ========
Resolution for module '../lib/response' was found in cache from location 'd:/DOPAMS/Toystack/dopams-backend-staging/node_modules/aws-sdk/clients'.
======== Module name '../lib/response' was successfully resolved to 'd:/DOPAMS/Toystack/dopams-backend-staging/node_modules/aws-sdk/lib/response.d.ts' with Package ID 'aws-sdk/lib/response.d.ts@2.1693.0'. ========
======== Resolving module '../lib/error' from 'd:/DOPAMS/Toystack/dopams-backend-staging/node_modules/aws-sdk/clients/pricing.d.ts'. ========
Resolution for module '../lib/error' was found in cache from location 'd:/DOPAMS/Toystack/dopams-backend-staging/node_modules/aws-sdk/clients'.
======== Module name '../lib/error' was successfully resolved to 'd:/DOPAMS/Toystack/dopams-backend-staging/node_modules/aws-sdk/lib/error.d.ts' with Package ID 'aws-sdk/lib/error.d.ts@2.1693.0'. ========
======== Resolving module '../lib/service' from 'd:/DOPAMS/Toystack/dopams-backend-staging/node_modules/aws-sdk/clients/pricing.d.ts'. ========
Resolution for module '../lib/service' was found in cache from location 'd:/DOPAMS/Toystack/dopams-backend-staging/node_modules/aws-sdk/clients'.
======== Module name '../lib/service' was successfully resolved to 'd:/DOPAMS/Toystack/dopams-backend-staging/node_modules/aws-sdk/lib/service.d.ts' with Package ID 'aws-sdk/lib/service.d.ts@2.1693.0'. ========
======== Resolving module '../lib/config-base' from 'd:/DOPAMS/Toystack/dopams-backend-staging/node_modules/aws-sdk/clients/pricing.d.ts'. ========
Resolution for module '../lib/config-base' was found in cache from location 'd:/DOPAMS/Toystack/dopams-backend-staging/node_modules/aws-sdk/clients'.
======== Module name '../lib/config-base' was successfully resolved to 'd:/DOPAMS/Toystack/dopams-backend-staging/node_modules/aws-sdk/lib/config-base.d.ts' with Package ID 'aws-sdk/lib/config-base.d.ts@2.1693.0'. ========
File 'd:/DOPAMS/Toystack/dopams-backend-staging/node_modules/aws-sdk/clients/package.json' does not exist according to earlier cached lookups.
File 'd:/DOPAMS/Toystack/dopams-backend-staging/node_modules/aws-sdk/package.json' exists according to earlier cached lookups.
======== Resolving module '../lib/request' from 'd:/DOPAMS/Toystack/dopams-backend-staging/node_modules/aws-sdk/clients/costexplorer.d.ts'. ========
Resolution for module '../lib/request' was found in cache from location 'd:/DOPAMS/Toystack/dopams-backend-staging/node_modules/aws-sdk/clients'.
======== Module name '../lib/request' was successfully resolved to 'd:/DOPAMS/Toystack/dopams-backend-staging/node_modules/aws-sdk/lib/request.d.ts' with Package ID 'aws-sdk/lib/request.d.ts@2.1693.0'. ========
======== Resolving module '../lib/response' from 'd:/DOPAMS/Toystack/dopams-backend-staging/node_modules/aws-sdk/clients/costexplorer.d.ts'. ========
Resolution for module '../lib/response' was found in cache from location 'd:/DOPAMS/Toystack/dopams-backend-staging/node_modules/aws-sdk/clients'.
======== Module name '../lib/response' was successfully resolved to 'd:/DOPAMS/Toystack/dopams-backend-staging/node_modules/aws-sdk/lib/response.d.ts' with Package ID 'aws-sdk/lib/response.d.ts@2.1693.0'. ========
======== Resolving module '../lib/error' from 'd:/DOPAMS/Toystack/dopams-backend-staging/node_modules/aws-sdk/clients/costexplorer.d.ts'. ========
Resolution for module '../lib/error' was found in cache from location 'd:/DOPAMS/Toystack/dopams-backend-staging/node_modules/aws-sdk/clients'.
======== Module name '../lib/error' was successfully resolved to 'd:/DOPAMS/Toystack/dopams-backend-staging/node_modules/aws-sdk/lib/error.d.ts' with Package ID 'aws-sdk/lib/error.d.ts@2.1693.0'. ========
======== Resolving module '../lib/service' from 'd:/DOPAMS/Toystack/dopams-backend-staging/node_modules/aws-sdk/clients/costexplorer.d.ts'. ========
Resolution for module '../lib/service' was found in cache from location 'd:/DOPAMS/Toystack/dopams-backend-staging/node_modules/aws-sdk/clients'.
======== Module name '../lib/service' was successfully resolved to 'd:/DOPAMS/Toystack/dopams-backend-staging/node_modules/aws-sdk/lib/service.d.ts' with Package ID 'aws-sdk/lib/service.d.ts@2.1693.0'. ========
======== Resolving module '../lib/config-base' from 'd:/DOPAMS/Toystack/dopams-backend-staging/node_modules/aws-sdk/clients/costexplorer.d.ts'. ========
Resolution for module '../lib/config-base' was found in cache from location 'd:/DOPAMS/Toystack/dopams-backend-staging/node_modules/aws-sdk/clients'.
======== Module name '../lib/config-base' was successfully resolved to 'd:/DOPAMS/Toystack/dopams-backend-staging/node_modules/aws-sdk/lib/config-base.d.ts' with Package ID 'aws-sdk/lib/config-base.d.ts@2.1693.0'. ========
File 'd:/DOPAMS/Toystack/dopams-backend-staging/node_modules/aws-sdk/clients/package.json' does not exist according to earlier cached lookups.
File 'd:/DOPAMS/Toystack/dopams-backend-staging/node_modules/aws-sdk/package.json' exists according to earlier cached lookups.
======== Resolving module '../lib/request' from 'd:/DOPAMS/Toystack/dopams-backend-staging/node_modules/aws-sdk/clients/mediaconvert.d.ts'. ========
Resolution for module '../lib/request' was found in cache from location 'd:/DOPAMS/Toystack/dopams-backend-staging/node_modules/aws-sdk/clients'.
======== Module name '../lib/request' was successfully resolved to 'd:/DOPAMS/Toystack/dopams-backend-staging/node_modules/aws-sdk/lib/request.d.ts' with Package ID 'aws-sdk/lib/request.d.ts@2.1693.0'. ========
======== Resolving module '../lib/response' from 'd:/DOPAMS/Toystack/dopams-backend-staging/node_modules/aws-sdk/clients/mediaconvert.d.ts'. ========
Resolution for module '../lib/response' was found in cache from location 'd:/DOPAMS/Toystack/dopams-backend-staging/node_modules/aws-sdk/clients'.
======== Module name '../lib/response' was successfully resolved to 'd:/DOPAMS/Toystack/dopams-backend-staging/node_modules/aws-sdk/lib/response.d.ts' with Package ID 'aws-sdk/lib/response.d.ts@2.1693.0'. ========
======== Resolving module '../lib/error' from 'd:/DOPAMS/Toystack/dopams-backend-staging/node_modules/aws-sdk/clients/mediaconvert.d.ts'. ========
Resolution for module '../lib/error' was found in cache from location 'd:/DOPAMS/Toystack/dopams-backend-staging/node_modules/aws-sdk/clients'.
======== Module name '../lib/error' was successfully resolved to 'd:/DOPAMS/Toystack/dopams-backend-staging/node_modules/aws-sdk/lib/error.d.ts' with Package ID 'aws-sdk/lib/error.d.ts@2.1693.0'. ========
======== Resolving module '../lib/service' from 'd:/DOPAMS/Toystack/dopams-backend-staging/node_modules/aws-sdk/clients/mediaconvert.d.ts'. ========
Resolution for module '../lib/service' was found in cache from location 'd:/DOPAMS/Toystack/dopams-backend-staging/node_modules/aws-sdk/clients'.
======== Module name '../lib/service' was successfully resolved to 'd:/DOPAMS/Toystack/dopams-backend-staging/node_modules/aws-sdk/lib/service.d.ts' with Package ID 'aws-sdk/lib/service.d.ts@2.1693.0'. ========
======== Resolving module '../lib/config-base' from 'd:/DOPAMS/Toystack/dopams-backend-staging/node_modules/aws-sdk/clients/mediaconvert.d.ts'. ========
Resolution for module '../lib/config-base' was found in cache from location 'd:/DOPAMS/Toystack/dopams-backend-staging/node_modules/aws-sdk/clients'.
======== Module name '../lib/config-base' was successfully resolved to 'd:/DOPAMS/Toystack/dopams-backend-staging/node_modules/aws-sdk/lib/config-base.d.ts' with Package ID 'aws-sdk/lib/config-base.d.ts@2.1693.0'. ========
File 'd:/DOPAMS/Toystack/dopams-backend-staging/node_modules/aws-sdk/clients/package.json' does not exist according to earlier cached lookups.
File 'd:/DOPAMS/Toystack/dopams-backend-staging/node_modules/aws-sdk/package.json' exists according to earlier cached lookups.
======== Resolving module '../lib/request' from 'd:/DOPAMS/Toystack/dopams-backend-staging/node_modules/aws-sdk/clients/medialive.d.ts'. ========
Resolution for module '../lib/request' was found in cache from location 'd:/DOPAMS/Toystack/dopams-backend-staging/node_modules/aws-sdk/clients'.
======== Module name '../lib/request' was successfully resolved to 'd:/DOPAMS/Toystack/dopams-backend-staging/node_modules/aws-sdk/lib/request.d.ts' with Package ID 'aws-sdk/lib/request.d.ts@2.1693.0'. ========
======== Resolving module '../lib/response' from 'd:/DOPAMS/Toystack/dopams-backend-staging/node_modules/aws-sdk/clients/medialive.d.ts'. ========
Resolution for module '../lib/response' was found in cache from location 'd:/DOPAMS/Toystack/dopams-backend-staging/node_modules/aws-sdk/clients'.
======== Module name '../lib/response' was successfully resolved to 'd:/DOPAMS/Toystack/dopams-backend-staging/node_modules/aws-sdk/lib/response.d.ts' with Package ID 'aws-sdk/lib/response.d.ts@2.1693.0'. ========
======== Resolving module '../lib/error' from 'd:/DOPAMS/Toystack/dopams-backend-staging/node_modules/aws-sdk/clients/medialive.d.ts'. ========
Resolution for module '../lib/error' was found in cache from location 'd:/DOPAMS/Toystack/dopams-backend-staging/node_modules/aws-sdk/clients'.
======== Module name '../lib/error' was successfully resolved to 'd:/DOPAMS/Toystack/dopams-backend-staging/node_modules/aws-sdk/lib/error.d.ts' with Package ID 'aws-sdk/lib/error.d.ts@2.1693.0'. ========
======== Resolving module '../lib/service' from 'd:/DOPAMS/Toystack/dopams-backend-staging/node_modules/aws-sdk/clients/medialive.d.ts'. ========
Resolution for module '../lib/service' was found in cache from location 'd:/DOPAMS/Toystack/dopams-backend-staging/node_modules/aws-sdk/clients'.
======== Module name '../lib/service' was successfully resolved to 'd:/DOPAMS/Toystack/dopams-backend-staging/node_modules/aws-sdk/lib/service.d.ts' with Package ID 'aws-sdk/lib/service.d.ts@2.1693.0'. ========
======== Resolving module '../lib/config-base' from 'd:/DOPAMS/Toystack/dopams-backend-staging/node_modules/aws-sdk/clients/medialive.d.ts'. ========
Resolution for module '../lib/config-base' was found in cache from location 'd:/DOPAMS/Toystack/dopams-backend-staging/node_modules/aws-sdk/clients'.
======== Module name '../lib/config-base' was successfully resolved to 'd:/DOPAMS/Toystack/dopams-backend-staging/node_modules/aws-sdk/lib/config-base.d.ts' with Package ID 'aws-sdk/lib/config-base.d.ts@2.1693.0'. ========
======== Resolving module 'stream' from 'd:/DOPAMS/Toystack/dopams-backend-staging/node_modules/aws-sdk/clients/medialive.d.ts'. ========
Resolution for module 'stream' was found in cache from location 'd:/DOPAMS/Toystack/dopams-backend-staging/node_modules/aws-sdk/clients'.
======== Module name 'stream' was not resolved. ========
File 'd:/DOPAMS/Toystack/dopams-backend-staging/node_modules/aws-sdk/clients/package.json' does not exist according to earlier cached lookups.
File 'd:/DOPAMS/Toystack/dopams-backend-staging/node_modules/aws-sdk/package.json' exists according to earlier cached lookups.
======== Resolving module '../lib/request' from 'd:/DOPAMS/Toystack/dopams-backend-staging/node_modules/aws-sdk/clients/mediapackage.d.ts'. ========
Resolution for module '../lib/request' was found in cache from location 'd:/DOPAMS/Toystack/dopams-backend-staging/node_modules/aws-sdk/clients'.
======== Module name '../lib/request' was successfully resolved to 'd:/DOPAMS/Toystack/dopams-backend-staging/node_modules/aws-sdk/lib/request.d.ts' with Package ID 'aws-sdk/lib/request.d.ts@2.1693.0'. ========
======== Resolving module '../lib/response' from 'd:/DOPAMS/Toystack/dopams-backend-staging/node_modules/aws-sdk/clients/mediapackage.d.ts'. ========
Resolution for module '../lib/response' was found in cache from location 'd:/DOPAMS/Toystack/dopams-backend-staging/node_modules/aws-sdk/clients'.
======== Module name '../lib/response' was successfully resolved to 'd:/DOPAMS/Toystack/dopams-backend-staging/node_modules/aws-sdk/lib/response.d.ts' with Package ID 'aws-sdk/lib/response.d.ts@2.1693.0'. ========
======== Resolving module '../lib/error' from 'd:/DOPAMS/Toystack/dopams-backend-staging/node_modules/aws-sdk/clients/mediapackage.d.ts'. ========
Resolution for module '../lib/error' was found in cache from location 'd:/DOPAMS/Toystack/dopams-backend-staging/node_modules/aws-sdk/clients'.
======== Module name '../lib/error' was successfully resolved to 'd:/DOPAMS/Toystack/dopams-backend-staging/node_modules/aws-sdk/lib/error.d.ts' with Package ID 'aws-sdk/lib/error.d.ts@2.1693.0'. ========
======== Resolving module '../lib/service' from 'd:/DOPAMS/Toystack/dopams-backend-staging/node_modules/aws-sdk/clients/mediapackage.d.ts'. ========
Resolution for module '../lib/service' was found in cache from location 'd:/DOPAMS/Toystack/dopams-backend-staging/node_modules/aws-sdk/clients'.
======== Module name '../lib/service' was successfully resolved to 'd:/DOPAMS/Toystack/dopams-backend-staging/node_modules/aws-sdk/lib/service.d.ts' with Package ID 'aws-sdk/lib/service.d.ts@2.1693.0'. ========
======== Resolving module '../lib/config-base' from 'd:/DOPAMS/Toystack/dopams-backend-staging/node_modules/aws-sdk/clients/mediapackage.d.ts'. ========
Resolution for module '../lib/config-base' was found in cache from location 'd:/DOPAMS/Toystack/dopams-backend-staging/node_modules/aws-sdk/clients'.
======== Module name '../lib/config-base' was successfully resolved to 'd:/DOPAMS/Toystack/dopams-backend-staging/node_modules/aws-sdk/lib/config-base.d.ts' with Package ID 'aws-sdk/lib/config-base.d.ts@2.1693.0'. ========
File 'd:/DOPAMS/Toystack/dopams-backend-staging/node_modules/aws-sdk/clients/package.json' does not exist according to earlier cached lookups.
File 'd:/DOPAMS/Toystack/dopams-backend-staging/node_modules/aws-sdk/package.json' exists according to earlier cached lookups.
======== Resolving module '../lib/request' from 'd:/DOPAMS/Toystack/dopams-backend-staging/node_modules/aws-sdk/clients/mediastore.d.ts'. ========
Resolution for module '../lib/request' was found in cache from location 'd:/DOPAMS/Toystack/dopams-backend-staging/node_modules/aws-sdk/clients'.
======== Module name '../lib/request' was successfully resolved to 'd:/DOPAMS/Toystack/dopams-backend-staging/node_modules/aws-sdk/lib/request.d.ts' with Package ID 'aws-sdk/lib/request.d.ts@2.1693.0'. ========
======== Resolving module '../lib/response' from 'd:/DOPAMS/Toystack/dopams-backend-staging/node_modules/aws-sdk/clients/mediastore.d.ts'. ========
Resolution for module '../lib/response' was found in cache from location 'd:/DOPAMS/Toystack/dopams-backend-staging/node_modules/aws-sdk/clients'.
======== Module name '../lib/response' was successfully resolved to 'd:/DOPAMS/Toystack/dopams-backend-staging/node_modules/aws-sdk/lib/response.d.ts' with Package ID 'aws-sdk/lib/response.d.ts@2.1693.0'. ========
======== Resolving module '../lib/error' from 'd:/DOPAMS/Toystack/dopams-backend-staging/node_modules/aws-sdk/clients/mediastore.d.ts'. ========
Resolution for module '../lib/error' was found in cache from location 'd:/DOPAMS/Toystack/dopams-backend-staging/node_modules/aws-sdk/clients'.
======== Module name '../lib/error' was successfully resolved to 'd:/DOPAMS/Toystack/dopams-backend-staging/node_modules/aws-sdk/lib/error.d.ts' with Package ID 'aws-sdk/lib/error.d.ts@2.1693.0'. ========
======== Resolving module '../lib/service' from 'd:/DOPAMS/Toystack/dopams-backend-staging/node_modules/aws-sdk/clients/mediastore.d.ts'. ========
Resolution for module '../lib/service' was found in cache from location 'd:/DOPAMS/Toystack/dopams-backend-staging/node_modules/aws-sdk/clients'.
======== Module name '../lib/service' was successfully resolved to 'd:/DOPAMS/Toystack/dopams-backend-staging/node_modules/aws-sdk/lib/service.d.ts' with Package ID 'aws-sdk/lib/service.d.ts@2.1693.0'. ========
======== Resolving module '../lib/config-base' from 'd:/DOPAMS/Toystack/dopams-backend-staging/node_modules/aws-sdk/clients/mediastore.d.ts'. ========
Resolution for module '../lib/config-base' was found in cache from location 'd:/DOPAMS/Toystack/dopams-backend-staging/node_modules/aws-sdk/clients'.
======== Module name '../lib/config-base' was successfully resolved to 'd:/DOPAMS/Toystack/dopams-backend-staging/node_modules/aws-sdk/lib/config-base.d.ts' with Package ID 'aws-sdk/lib/config-base.d.ts@2.1693.0'. ========
File 'd:/DOPAMS/Toystack/dopams-backend-staging/node_modules/aws-sdk/clients/package.json' does not exist according to earlier cached lookups.
File 'd:/DOPAMS/Toystack/dopams-backend-staging/node_modules/aws-sdk/package.json' exists according to earlier cached lookups.
======== Resolving module '../lib/request' from 'd:/DOPAMS/Toystack/dopams-backend-staging/node_modules/aws-sdk/clients/mediastoredata.d.ts'. ========
Resolution for module '../lib/request' was found in cache from location 'd:/DOPAMS/Toystack/dopams-backend-staging/node_modules/aws-sdk/clients'.
======== Module name '../lib/request' was successfully resolved to 'd:/DOPAMS/Toystack/dopams-backend-staging/node_modules/aws-sdk/lib/request.d.ts' with Package ID 'aws-sdk/lib/request.d.ts@2.1693.0'. ========
======== Resolving module '../lib/response' from 'd:/DOPAMS/Toystack/dopams-backend-staging/node_modules/aws-sdk/clients/mediastoredata.d.ts'. ========
Resolution for module '../lib/response' was found in cache from location 'd:/DOPAMS/Toystack/dopams-backend-staging/node_modules/aws-sdk/clients'.
======== Module name '../lib/response' was successfully resolved to 'd:/DOPAMS/Toystack/dopams-backend-staging/node_modules/aws-sdk/lib/response.d.ts' with Package ID 'aws-sdk/lib/response.d.ts@2.1693.0'. ========
======== Resolving module '../lib/error' from 'd:/DOPAMS/Toystack/dopams-backend-staging/node_modules/aws-sdk/clients/mediastoredata.d.ts'. ========
Resolution for module '../lib/error' was found in cache from location 'd:/DOPAMS/Toystack/dopams-backend-staging/node_modules/aws-sdk/clients'.
======== Module name '../lib/error' was successfully resolved to 'd:/DOPAMS/Toystack/dopams-backend-staging/node_modules/aws-sdk/lib/error.d.ts' with Package ID 'aws-sdk/lib/error.d.ts@2.1693.0'. ========
======== Resolving module '../lib/service' from 'd:/DOPAMS/Toystack/dopams-backend-staging/node_modules/aws-sdk/clients/mediastoredata.d.ts'. ========
Resolution for module '../lib/service' was found in cache from location 'd:/DOPAMS/Toystack/dopams-backend-staging/node_modules/aws-sdk/clients'.
======== Module name '../lib/service' was successfully resolved to 'd:/DOPAMS/Toystack/dopams-backend-staging/node_modules/aws-sdk/lib/service.d.ts' with Package ID 'aws-sdk/lib/service.d.ts@2.1693.0'. ========
======== Resolving module '../lib/config-base' from 'd:/DOPAMS/Toystack/dopams-backend-staging/node_modules/aws-sdk/clients/mediastoredata.d.ts'. ========
Resolution for module '../lib/config-base' was found in cache from location 'd:/DOPAMS/Toystack/dopams-backend-staging/node_modules/aws-sdk/clients'.
======== Module name '../lib/config-base' was successfully resolved to 'd:/DOPAMS/Toystack/dopams-backend-staging/node_modules/aws-sdk/lib/config-base.d.ts' with Package ID 'aws-sdk/lib/config-base.d.ts@2.1693.0'. ========
======== Resolving module 'stream' from 'd:/DOPAMS/Toystack/dopams-backend-staging/node_modules/aws-sdk/clients/mediastoredata.d.ts'. ========
Resolution for module 'stream' was found in cache from location 'd:/DOPAMS/Toystack/dopams-backend-staging/node_modules/aws-sdk/clients'.
======== Module name 'stream' was not resolved. ========
File 'd:/DOPAMS/Toystack/dopams-backend-staging/node_modules/aws-sdk/clients/package.json' does not exist according to earlier cached lookups.
File 'd:/DOPAMS/Toystack/dopams-backend-staging/node_modules/aws-sdk/package.json' exists according to earlier cached lookups.
======== Resolving module '../lib/request' from 'd:/DOPAMS/Toystack/dopams-backend-staging/node_modules/aws-sdk/clients/appsync.d.ts'. ========
Resolution for module '../lib/request' was found in cache from location 'd:/DOPAMS/Toystack/dopams-backend-staging/node_modules/aws-sdk/clients'.
======== Module name '../lib/request' was successfully resolved to 'd:/DOPAMS/Toystack/dopams-backend-staging/node_modules/aws-sdk/lib/request.d.ts' with Package ID 'aws-sdk/lib/request.d.ts@2.1693.0'. ========
======== Resolving module '../lib/response' from 'd:/DOPAMS/Toystack/dopams-backend-staging/node_modules/aws-sdk/clients/appsync.d.ts'. ========
Resolution for module '../lib/response' was found in cache from location 'd:/DOPAMS/Toystack/dopams-backend-staging/node_modules/aws-sdk/clients'.
======== Module name '../lib/response' was successfully resolved to 'd:/DOPAMS/Toystack/dopams-backend-staging/node_modules/aws-sdk/lib/response.d.ts' with Package ID 'aws-sdk/lib/response.d.ts@2.1693.0'. ========
======== Resolving module '../lib/error' from 'd:/DOPAMS/Toystack/dopams-backend-staging/node_modules/aws-sdk/clients/appsync.d.ts'. ========
Resolution for module '../lib/error' was found in cache from location 'd:/DOPAMS/Toystack/dopams-backend-staging/node_modules/aws-sdk/clients'.
======== Module name '../lib/error' was successfully resolved to 'd:/DOPAMS/Toystack/dopams-backend-staging/node_modules/aws-sdk/lib/error.d.ts' with Package ID 'aws-sdk/lib/error.d.ts@2.1693.0'. ========
======== Resolving module '../lib/service' from 'd:/DOPAMS/Toystack/dopams-backend-staging/node_modules/aws-sdk/clients/appsync.d.ts'. ========
Resolution for module '../lib/service' was found in cache from location 'd:/DOPAMS/Toystack/dopams-backend-staging/node_modules/aws-sdk/clients'.
======== Module name '../lib/service' was successfully resolved to 'd:/DOPAMS/Toystack/dopams-backend-staging/node_modules/aws-sdk/lib/service.d.ts' with Package ID 'aws-sdk/lib/service.d.ts@2.1693.0'. ========
======== Resolving module '../lib/config-base' from 'd:/DOPAMS/Toystack/dopams-backend-staging/node_modules/aws-sdk/clients/appsync.d.ts'. ========
Resolution for module '../lib/config-base' was found in cache from location 'd:/DOPAMS/Toystack/dopams-backend-staging/node_modules/aws-sdk/clients'.
======== Module name '../lib/config-base' was successfully resolved to 'd:/DOPAMS/Toystack/dopams-backend-staging/node_modules/aws-sdk/lib/config-base.d.ts' with Package ID 'aws-sdk/lib/config-base.d.ts@2.1693.0'. ========
File 'd:/DOPAMS/Toystack/dopams-backend-staging/node_modules/aws-sdk/clients/package.json' does not exist according to earlier cached lookups.
File 'd:/DOPAMS/Toystack/dopams-backend-staging/node_modules/aws-sdk/package.json' exists according to earlier cached lookups.
======== Resolving module '../lib/request' from 'd:/DOPAMS/Toystack/dopams-backend-staging/node_modules/aws-sdk/clients/guardduty.d.ts'. ========
Resolution for module '../lib/request' was found in cache from location 'd:/DOPAMS/Toystack/dopams-backend-staging/node_modules/aws-sdk/clients'.
======== Module name '../lib/request' was successfully resolved to 'd:/DOPAMS/Toystack/dopams-backend-staging/node_modules/aws-sdk/lib/request.d.ts' with Package ID 'aws-sdk/lib/request.d.ts@2.1693.0'. ========
======== Resolving module '../lib/response' from 'd:/DOPAMS/Toystack/dopams-backend-staging/node_modules/aws-sdk/clients/guardduty.d.ts'. ========
Resolution for module '../lib/response' was found in cache from location 'd:/DOPAMS/Toystack/dopams-backend-staging/node_modules/aws-sdk/clients'.
======== Module name '../lib/response' was successfully resolved to 'd:/DOPAMS/Toystack/dopams-backend-staging/node_modules/aws-sdk/lib/response.d.ts' with Package ID 'aws-sdk/lib/response.d.ts@2.1693.0'. ========
======== Resolving module '../lib/error' from 'd:/DOPAMS/Toystack/dopams-backend-staging/node_modules/aws-sdk/clients/guardduty.d.ts'. ========
Resolution for module '../lib/error' was found in cache from location 'd:/DOPAMS/Toystack/dopams-backend-staging/node_modules/aws-sdk/clients'.
======== Module name '../lib/error' was successfully resolved to 'd:/DOPAMS/Toystack/dopams-backend-staging/node_modules/aws-sdk/lib/error.d.ts' with Package ID 'aws-sdk/lib/error.d.ts@2.1693.0'. ========
======== Resolving module '../lib/service' from 'd:/DOPAMS/Toystack/dopams-backend-staging/node_modules/aws-sdk/clients/guardduty.d.ts'. ========
Resolution for module '../lib/service' was found in cache from location 'd:/DOPAMS/Toystack/dopams-backend-staging/node_modules/aws-sdk/clients'.
======== Module name '../lib/service' was successfully resolved to 'd:/DOPAMS/Toystack/dopams-backend-staging/node_modules/aws-sdk/lib/service.d.ts' with Package ID 'aws-sdk/lib/service.d.ts@2.1693.0'. ========
======== Resolving module '../lib/config-base' from 'd:/DOPAMS/Toystack/dopams-backend-staging/node_modules/aws-sdk/clients/guardduty.d.ts'. ========
Resolution for module '../lib/config-base' was found in cache from location 'd:/DOPAMS/Toystack/dopams-backend-staging/node_modules/aws-sdk/clients'.
======== Module name '../lib/config-base' was successfully resolved to 'd:/DOPAMS/Toystack/dopams-backend-staging/node_modules/aws-sdk/lib/config-base.d.ts' with Package ID 'aws-sdk/lib/config-base.d.ts@2.1693.0'. ========
File 'd:/DOPAMS/Toystack/dopams-backend-staging/node_modules/aws-sdk/clients/package.json' does not exist according to earlier cached lookups.
File 'd:/DOPAMS/Toystack/dopams-backend-staging/node_modules/aws-sdk/package.json' exists according to earlier cached lookups.
======== Resolving module '../lib/request' from 'd:/DOPAMS/Toystack/dopams-backend-staging/node_modules/aws-sdk/clients/mq.d.ts'. ========
Resolution for module '../lib/request' was found in cache from location 'd:/DOPAMS/Toystack/dopams-backend-staging/node_modules/aws-sdk/clients'.
======== Module name '../lib/request' was successfully resolved to 'd:/DOPAMS/Toystack/dopams-backend-staging/node_modules/aws-sdk/lib/request.d.ts' with Package ID 'aws-sdk/lib/request.d.ts@2.1693.0'. ========
======== Resolving module '../lib/response' from 'd:/DOPAMS/Toystack/dopams-backend-staging/node_modules/aws-sdk/clients/mq.d.ts'. ========
Resolution for module '../lib/response' was found in cache from location 'd:/DOPAMS/Toystack/dopams-backend-staging/node_modules/aws-sdk/clients'.
======== Module name '../lib/response' was successfully resolved to 'd:/DOPAMS/Toystack/dopams-backend-staging/node_modules/aws-sdk/lib/response.d.ts' with Package ID 'aws-sdk/lib/response.d.ts@2.1693.0'. ========
======== Resolving module '../lib/error' from 'd:/DOPAMS/Toystack/dopams-backend-staging/node_modules/aws-sdk/clients/mq.d.ts'. ========
Resolution for module '../lib/error' was found in cache from location 'd:/DOPAMS/Toystack/dopams-backend-staging/node_modules/aws-sdk/clients'.
======== Module name '../lib/error' was successfully resolved to 'd:/DOPAMS/Toystack/dopams-backend-staging/node_modules/aws-sdk/lib/error.d.ts' with Package ID 'aws-sdk/lib/error.d.ts@2.1693.0'. ========
======== Resolving module '../lib/service' from 'd:/DOPAMS/Toystack/dopams-backend-staging/node_modules/aws-sdk/clients/mq.d.ts'. ========
Resolution for module '../lib/service' was found in cache from location 'd:/DOPAMS/Toystack/dopams-backend-staging/node_modules/aws-sdk/clients'.
======== Module name '../lib/service' was successfully resolved to 'd:/DOPAMS/Toystack/dopams-backend-staging/node_modules/aws-sdk/lib/service.d.ts' with Package ID 'aws-sdk/lib/service.d.ts@2.1693.0'. ========
======== Resolving module '../lib/config-base' from 'd:/DOPAMS/Toystack/dopams-backend-staging/node_modules/aws-sdk/clients/mq.d.ts'. ========
Resolution for module '../lib/config-base' was found in cache from location 'd:/DOPAMS/Toystack/dopams-backend-staging/node_modules/aws-sdk/clients'.
======== Module name '../lib/config-base' was successfully resolved to 'd:/DOPAMS/Toystack/dopams-backend-staging/node_modules/aws-sdk/lib/config-base.d.ts' with Package ID 'aws-sdk/lib/config-base.d.ts@2.1693.0'. ========
File 'd:/DOPAMS/Toystack/dopams-backend-staging/node_modules/aws-sdk/clients/package.json' does not exist according to earlier cached lookups.
File 'd:/DOPAMS/Toystack/dopams-backend-staging/node_modules/aws-sdk/package.json' exists according to earlier cached lookups.
======== Resolving module '../lib/request' from 'd:/DOPAMS/Toystack/dopams-backend-staging/node_modules/aws-sdk/clients/comprehend.d.ts'. ========
Resolution for module '../lib/request' was found in cache from location 'd:/DOPAMS/Toystack/dopams-backend-staging/node_modules/aws-sdk/clients'.
======== Module name '../lib/request' was successfully resolved to 'd:/DOPAMS/Toystack/dopams-backend-staging/node_modules/aws-sdk/lib/request.d.ts' with Package ID 'aws-sdk/lib/request.d.ts@2.1693.0'. ========
======== Resolving module '../lib/response' from 'd:/DOPAMS/Toystack/dopams-backend-staging/node_modules/aws-sdk/clients/comprehend.d.ts'. ========
Resolution for module '../lib/response' was found in cache from location 'd:/DOPAMS/Toystack/dopams-backend-staging/node_modules/aws-sdk/clients'.
======== Module name '../lib/response' was successfully resolved to 'd:/DOPAMS/Toystack/dopams-backend-staging/node_modules/aws-sdk/lib/response.d.ts' with Package ID 'aws-sdk/lib/response.d.ts@2.1693.0'. ========
======== Resolving module '../lib/error' from 'd:/DOPAMS/Toystack/dopams-backend-staging/node_modules/aws-sdk/clients/comprehend.d.ts'. ========
Resolution for module '../lib/error' was found in cache from location 'd:/DOPAMS/Toystack/dopams-backend-staging/node_modules/aws-sdk/clients'.
======== Module name '../lib/error' was successfully resolved to 'd:/DOPAMS/Toystack/dopams-backend-staging/node_modules/aws-sdk/lib/error.d.ts' with Package ID 'aws-sdk/lib/error.d.ts@2.1693.0'. ========
======== Resolving module '../lib/service' from 'd:/DOPAMS/Toystack/dopams-backend-staging/node_modules/aws-sdk/clients/comprehend.d.ts'. ========
Resolution for module '../lib/service' was found in cache from location 'd:/DOPAMS/Toystack/dopams-backend-staging/node_modules/aws-sdk/clients'.
======== Module name '../lib/service' was successfully resolved to 'd:/DOPAMS/Toystack/dopams-backend-staging/node_modules/aws-sdk/lib/service.d.ts' with Package ID 'aws-sdk/lib/service.d.ts@2.1693.0'. ========
======== Resolving module '../lib/config-base' from 'd:/DOPAMS/Toystack/dopams-backend-staging/node_modules/aws-sdk/clients/comprehend.d.ts'. ========
Resolution for module '../lib/config-base' was found in cache from location 'd:/DOPAMS/Toystack/dopams-backend-staging/node_modules/aws-sdk/clients'.
======== Module name '../lib/config-base' was successfully resolved to 'd:/DOPAMS/Toystack/dopams-backend-staging/node_modules/aws-sdk/lib/config-base.d.ts' with Package ID 'aws-sdk/lib/config-base.d.ts@2.1693.0'. ========
File 'd:/DOPAMS/Toystack/dopams-backend-staging/node_modules/aws-sdk/clients/package.json' does not exist according to earlier cached lookups.
File 'd:/DOPAMS/Toystack/dopams-backend-staging/node_modules/aws-sdk/package.json' exists according to earlier cached lookups.
======== Resolving module '../lib/request' from 'd:/DOPAMS/Toystack/dopams-backend-staging/node_modules/aws-sdk/clients/iotjobsdataplane.d.ts'. ========
Resolution for module '../lib/request' was found in cache from location 'd:/DOPAMS/Toystack/dopams-backend-staging/node_modules/aws-sdk/clients'.
======== Module name '../lib/request' was successfully resolved to 'd:/DOPAMS/Toystack/dopams-backend-staging/node_modules/aws-sdk/lib/request.d.ts' with Package ID 'aws-sdk/lib/request.d.ts@2.1693.0'. ========
======== Resolving module '../lib/response' from 'd:/DOPAMS/Toystack/dopams-backend-staging/node_modules/aws-sdk/clients/iotjobsdataplane.d.ts'. ========
Resolution for module '../lib/response' was found in cache from location 'd:/DOPAMS/Toystack/dopams-backend-staging/node_modules/aws-sdk/clients'.
======== Module name '../lib/response' was successfully resolved to 'd:/DOPAMS/Toystack/dopams-backend-staging/node_modules/aws-sdk/lib/response.d.ts' with Package ID 'aws-sdk/lib/response.d.ts@2.1693.0'. ========
======== Resolving module '../lib/error' from 'd:/DOPAMS/Toystack/dopams-backend-staging/node_modules/aws-sdk/clients/iotjobsdataplane.d.ts'. ========
Resolution for module '../lib/error' was found in cache from location 'd:/DOPAMS/Toystack/dopams-backend-staging/node_modules/aws-sdk/clients'.
======== Module name '../lib/error' was successfully resolved to 'd:/DOPAMS/Toystack/dopams-backend-staging/node_modules/aws-sdk/lib/error.d.ts' with Package ID 'aws-sdk/lib/error.d.ts@2.1693.0'. ========
======== Resolving module '../lib/service' from 'd:/DOPAMS/Toystack/dopams-backend-staging/node_modules/aws-sdk/clients/iotjobsdataplane.d.ts'. ========
Resolution for module '../lib/service' was found in cache from location 'd:/DOPAMS/Toystack/dopams-backend-staging/node_modules/aws-sdk/clients'.
======== Module name '../lib/service' was successfully resolved to 'd:/DOPAMS/Toystack/dopams-backend-staging/node_modules/aws-sdk/lib/service.d.ts' with Package ID 'aws-sdk/lib/service.d.ts@2.1693.0'. ========
======== Resolving module '../lib/config-base' from 'd:/DOPAMS/Toystack/dopams-backend-staging/node_modules/aws-sdk/clients/iotjobsdataplane.d.ts'. ========
Resolution for module '../lib/config-base' was found in cache from location 'd:/DOPAMS/Toystack/dopams-backend-staging/node_modules/aws-sdk/clients'.
======== Module name '../lib/config-base' was successfully resolved to 'd:/DOPAMS/Toystack/dopams-backend-staging/node_modules/aws-sdk/lib/config-base.d.ts' with Package ID 'aws-sdk/lib/config-base.d.ts@2.1693.0'. ========
File 'd:/DOPAMS/Toystack/dopams-backend-staging/node_modules/aws-sdk/clients/package.json' does not exist according to earlier cached lookups.
File 'd:/DOPAMS/Toystack/dopams-backend-staging/node_modules/aws-sdk/package.json' exists according to earlier cached lookups.
======== Resolving module '../lib/request' from 'd:/DOPAMS/Toystack/dopams-backend-staging/node_modules/aws-sdk/clients/kinesisvideoarchivedmedia.d.ts'. ========
Resolution for module '../lib/request' was found in cache from location 'd:/DOPAMS/Toystack/dopams-backend-staging/node_modules/aws-sdk/clients'.
======== Module name '../lib/request' was successfully resolved to 'd:/DOPAMS/Toystack/dopams-backend-staging/node_modules/aws-sdk/lib/request.d.ts' with Package ID 'aws-sdk/lib/request.d.ts@2.1693.0'. ========
======== Resolving module '../lib/response' from 'd:/DOPAMS/Toystack/dopams-backend-staging/node_modules/aws-sdk/clients/kinesisvideoarchivedmedia.d.ts'. ========
Resolution for module '../lib/response' was found in cache from location 'd:/DOPAMS/Toystack/dopams-backend-staging/node_modules/aws-sdk/clients'.
======== Module name '../lib/response' was successfully resolved to 'd:/DOPAMS/Toystack/dopams-backend-staging/node_modules/aws-sdk/lib/response.d.ts' with Package ID 'aws-sdk/lib/response.d.ts@2.1693.0'. ========
======== Resolving module '../lib/error' from 'd:/DOPAMS/Toystack/dopams-backend-staging/node_modules/aws-sdk/clients/kinesisvideoarchivedmedia.d.ts'. ========
Resolution for module '../lib/error' was found in cache from location 'd:/DOPAMS/Toystack/dopams-backend-staging/node_modules/aws-sdk/clients'.
======== Module name '../lib/error' was successfully resolved to 'd:/DOPAMS/Toystack/dopams-backend-staging/node_modules/aws-sdk/lib/error.d.ts' with Package ID 'aws-sdk/lib/error.d.ts@2.1693.0'. ========
======== Resolving module '../lib/service' from 'd:/DOPAMS/Toystack/dopams-backend-staging/node_modules/aws-sdk/clients/kinesisvideoarchivedmedia.d.ts'. ========
Resolution for module '../lib/service' was found in cache from location 'd:/DOPAMS/Toystack/dopams-backend-staging/node_modules/aws-sdk/clients'.
======== Module name '../lib/service' was successfully resolved to 'd:/DOPAMS/Toystack/dopams-backend-staging/node_modules/aws-sdk/lib/service.d.ts' with Package ID 'aws-sdk/lib/service.d.ts@2.1693.0'. ========
======== Resolving module '../lib/config-base' from 'd:/DOPAMS/Toystack/dopams-backend-staging/node_modules/aws-sdk/clients/kinesisvideoarchivedmedia.d.ts'. ========
Resolution for module '../lib/config-base' was found in cache from location 'd:/DOPAMS/Toystack/dopams-backend-staging/node_modules/aws-sdk/clients'.
======== Module name '../lib/config-base' was successfully resolved to 'd:/DOPAMS/Toystack/dopams-backend-staging/node_modules/aws-sdk/lib/config-base.d.ts' with Package ID 'aws-sdk/lib/config-base.d.ts@2.1693.0'. ========
======== Resolving module 'stream' from 'd:/DOPAMS/Toystack/dopams-backend-staging/node_modules/aws-sdk/clients/kinesisvideoarchivedmedia.d.ts'. ========
Resolution for module 'stream' was found in cache from location 'd:/DOPAMS/Toystack/dopams-backend-staging/node_modules/aws-sdk/clients'.
======== Module name 'stream' was not resolved. ========
File 'd:/DOPAMS/Toystack/dopams-backend-staging/node_modules/aws-sdk/clients/package.json' does not exist according to earlier cached lookups.
File 'd:/DOPAMS/Toystack/dopams-backend-staging/node_modules/aws-sdk/package.json' exists according to earlier cached lookups.
======== Resolving module '../lib/request' from 'd:/DOPAMS/Toystack/dopams-backend-staging/node_modules/aws-sdk/clients/kinesisvideomedia.d.ts'. ========
Resolution for module '../lib/request' was found in cache from location 'd:/DOPAMS/Toystack/dopams-backend-staging/node_modules/aws-sdk/clients'.
======== Module name '../lib/request' was successfully resolved to 'd:/DOPAMS/Toystack/dopams-backend-staging/node_modules/aws-sdk/lib/request.d.ts' with Package ID 'aws-sdk/lib/request.d.ts@2.1693.0'. ========
======== Resolving module '../lib/response' from 'd:/DOPAMS/Toystack/dopams-backend-staging/node_modules/aws-sdk/clients/kinesisvideomedia.d.ts'. ========
Resolution for module '../lib/response' was found in cache from location 'd:/DOPAMS/Toystack/dopams-backend-staging/node_modules/aws-sdk/clients'.
======== Module name '../lib/response' was successfully resolved to 'd:/DOPAMS/Toystack/dopams-backend-staging/node_modules/aws-sdk/lib/response.d.ts' with Package ID 'aws-sdk/lib/response.d.ts@2.1693.0'. ========
======== Resolving module '../lib/error' from 'd:/DOPAMS/Toystack/dopams-backend-staging/node_modules/aws-sdk/clients/kinesisvideomedia.d.ts'. ========
Resolution for module '../lib/error' was found in cache from location 'd:/DOPAMS/Toystack/dopams-backend-staging/node_modules/aws-sdk/clients'.
======== Module name '../lib/error' was successfully resolved to 'd:/DOPAMS/Toystack/dopams-backend-staging/node_modules/aws-sdk/lib/error.d.ts' with Package ID 'aws-sdk/lib/error.d.ts@2.1693.0'. ========
======== Resolving module '../lib/service' from 'd:/DOPAMS/Toystack/dopams-backend-staging/node_modules/aws-sdk/clients/kinesisvideomedia.d.ts'. ========
Resolution for module '../lib/service' was found in cache from location 'd:/DOPAMS/Toystack/dopams-backend-staging/node_modules/aws-sdk/clients'.
======== Module name '../lib/service' was successfully resolved to 'd:/DOPAMS/Toystack/dopams-backend-staging/node_modules/aws-sdk/lib/service.d.ts' with Package ID 'aws-sdk/lib/service.d.ts@2.1693.0'. ========
======== Resolving module '../lib/config-base' from 'd:/DOPAMS/Toystack/dopams-backend-staging/node_modules/aws-sdk/clients/kinesisvideomedia.d.ts'. ========
Resolution for module '../lib/config-base' was found in cache from location 'd:/DOPAMS/Toystack/dopams-backend-staging/node_modules/aws-sdk/clients'.
======== Module name '../lib/config-base' was successfully resolved to 'd:/DOPAMS/Toystack/dopams-backend-staging/node_modules/aws-sdk/lib/config-base.d.ts' with Package ID 'aws-sdk/lib/config-base.d.ts@2.1693.0'. ========
======== Resolving module 'stream' from 'd:/DOPAMS/Toystack/dopams-backend-staging/node_modules/aws-sdk/clients/kinesisvideomedia.d.ts'. ========
Resolution for module 'stream' was found in cache from location 'd:/DOPAMS/Toystack/dopams-backend-staging/node_modules/aws-sdk/clients'.
======== Module name 'stream' was not resolved. ========
File 'd:/DOPAMS/Toystack/dopams-backend-staging/node_modules/aws-sdk/clients/package.json' does not exist according to earlier cached lookups.
File 'd:/DOPAMS/Toystack/dopams-backend-staging/node_modules/aws-sdk/package.json' exists according to earlier cached lookups.
======== Resolving module '../lib/request' from 'd:/DOPAMS/Toystack/dopams-backend-staging/node_modules/aws-sdk/clients/kinesisvideo.d.ts'. ========
Resolution for module '../lib/request' was found in cache from location 'd:/DOPAMS/Toystack/dopams-backend-staging/node_modules/aws-sdk/clients'.
======== Module name '../lib/request' was successfully resolved to 'd:/DOPAMS/Toystack/dopams-backend-staging/node_modules/aws-sdk/lib/request.d.ts' with Package ID 'aws-sdk/lib/request.d.ts@2.1693.0'. ========
======== Resolving module '../lib/response' from 'd:/DOPAMS/Toystack/dopams-backend-staging/node_modules/aws-sdk/clients/kinesisvideo.d.ts'. ========
Resolution for module '../lib/response' was found in cache from location 'd:/DOPAMS/Toystack/dopams-backend-staging/node_modules/aws-sdk/clients'.
======== Module name '../lib/response' was successfully resolved to 'd:/DOPAMS/Toystack/dopams-backend-staging/node_modules/aws-sdk/lib/response.d.ts' with Package ID 'aws-sdk/lib/response.d.ts@2.1693.0'. ========
======== Resolving module '../lib/error' from 'd:/DOPAMS/Toystack/dopams-backend-staging/node_modules/aws-sdk/clients/kinesisvideo.d.ts'. ========
Resolution for module '../lib/error' was found in cache from location 'd:/DOPAMS/Toystack/dopams-backend-staging/node_modules/aws-sdk/clients'.
======== Module name '../lib/error' was successfully resolved to 'd:/DOPAMS/Toystack/dopams-backend-staging/node_modules/aws-sdk/lib/error.d.ts' with Package ID 'aws-sdk/lib/error.d.ts@2.1693.0'. ========
======== Resolving module '../lib/service' from 'd:/DOPAMS/Toystack/dopams-backend-staging/node_modules/aws-sdk/clients/kinesisvideo.d.ts'. ========
Resolution for module '../lib/service' was found in cache from location 'd:/DOPAMS/Toystack/dopams-backend-staging/node_modules/aws-sdk/clients'.
======== Module name '../lib/service' was successfully resolved to 'd:/DOPAMS/Toystack/dopams-backend-staging/node_modules/aws-sdk/lib/service.d.ts' with Package ID 'aws-sdk/lib/service.d.ts@2.1693.0'. ========
======== Resolving module '../lib/config-base' from 'd:/DOPAMS/Toystack/dopams-backend-staging/node_modules/aws-sdk/clients/kinesisvideo.d.ts'. ========
Resolution for module '../lib/config-base' was found in cache from location 'd:/DOPAMS/Toystack/dopams-backend-staging/node_modules/aws-sdk/clients'.
======== Module name '../lib/config-base' was successfully resolved to 'd:/DOPAMS/Toystack/dopams-backend-staging/node_modules/aws-sdk/lib/config-base.d.ts' with Package ID 'aws-sdk/lib/config-base.d.ts@2.1693.0'. ========
File 'd:/DOPAMS/Toystack/dopams-backend-staging/node_modules/aws-sdk/clients/package.json' does not exist according to earlier cached lookups.
File 'd:/DOPAMS/Toystack/dopams-backend-staging/node_modules/aws-sdk/package.json' exists according to earlier cached lookups.
======== Resolving module '../lib/request' from 'd:/DOPAMS/Toystack/dopams-backend-staging/node_modules/aws-sdk/clients/sagemakerruntime.d.ts'. ========
Resolution for module '../lib/request' was found in cache from location 'd:/DOPAMS/Toystack/dopams-backend-staging/node_modules/aws-sdk/clients'.
======== Module name '../lib/request' was successfully resolved to 'd:/DOPAMS/Toystack/dopams-backend-staging/node_modules/aws-sdk/lib/request.d.ts' with Package ID 'aws-sdk/lib/request.d.ts@2.1693.0'. ========
======== Resolving module '../lib/response' from 'd:/DOPAMS/Toystack/dopams-backend-staging/node_modules/aws-sdk/clients/sagemakerruntime.d.ts'. ========
Resolution for module '../lib/response' was found in cache from location 'd:/DOPAMS/Toystack/dopams-backend-staging/node_modules/aws-sdk/clients'.
======== Module name '../lib/response' was successfully resolved to 'd:/DOPAMS/Toystack/dopams-backend-staging/node_modules/aws-sdk/lib/response.d.ts' with Package ID 'aws-sdk/lib/response.d.ts@2.1693.0'. ========
======== Resolving module '../lib/error' from 'd:/DOPAMS/Toystack/dopams-backend-staging/node_modules/aws-sdk/clients/sagemakerruntime.d.ts'. ========
Resolution for module '../lib/error' was found in cache from location 'd:/DOPAMS/Toystack/dopams-backend-staging/node_modules/aws-sdk/clients'.
======== Module name '../lib/error' was successfully resolved to 'd:/DOPAMS/Toystack/dopams-backend-staging/node_modules/aws-sdk/lib/error.d.ts' with Package ID 'aws-sdk/lib/error.d.ts@2.1693.0'. ========
======== Resolving module '../lib/service' from 'd:/DOPAMS/Toystack/dopams-backend-staging/node_modules/aws-sdk/clients/sagemakerruntime.d.ts'. ========
Resolution for module '../lib/service' was found in cache from location 'd:/DOPAMS/Toystack/dopams-backend-staging/node_modules/aws-sdk/clients'.
======== Module name '../lib/service' was successfully resolved to 'd:/DOPAMS/Toystack/dopams-backend-staging/node_modules/aws-sdk/lib/service.d.ts' with Package ID 'aws-sdk/lib/service.d.ts@2.1693.0'. ========
======== Resolving module '../lib/config-base' from 'd:/DOPAMS/Toystack/dopams-backend-staging/node_modules/aws-sdk/clients/sagemakerruntime.d.ts'. ========
Resolution for module '../lib/config-base' was found in cache from location 'd:/DOPAMS/Toystack/dopams-backend-staging/node_modules/aws-sdk/clients'.
======== Module name '../lib/config-base' was successfully resolved to 'd:/DOPAMS/Toystack/dopams-backend-staging/node_modules/aws-sdk/lib/config-base.d.ts' with Package ID 'aws-sdk/lib/config-base.d.ts@2.1693.0'. ========
======== Resolving module '../lib/event-stream/event-stream' from 'd:/DOPAMS/Toystack/dopams-backend-staging/node_modules/aws-sdk/clients/sagemakerruntime.d.ts'. ========
Resolution for module '../lib/event-stream/event-stream' was found in cache from location 'd:/DOPAMS/Toystack/dopams-backend-staging/node_modules/aws-sdk/clients'.
======== Module name '../lib/event-stream/event-stream' was successfully resolved to 'd:/DOPAMS/Toystack/dopams-backend-staging/node_modules/aws-sdk/lib/event-stream/event-stream.d.ts' with Package ID 'aws-sdk/lib/event-stream/event-stream.d.ts@2.1693.0'. ========
File 'd:/DOPAMS/Toystack/dopams-backend-staging/node_modules/aws-sdk/clients/package.json' does not exist according to earlier cached lookups.
File 'd:/DOPAMS/Toystack/dopams-backend-staging/node_modules/aws-sdk/package.json' exists according to earlier cached lookups.
======== Resolving module '../lib/request' from 'd:/DOPAMS/Toystack/dopams-backend-staging/node_modules/aws-sdk/clients/sagemaker.d.ts'. ========
Resolution for module '../lib/request' was found in cache from location 'd:/DOPAMS/Toystack/dopams-backend-staging/node_modules/aws-sdk/clients'.
======== Module name '../lib/request' was successfully resolved to 'd:/DOPAMS/Toystack/dopams-backend-staging/node_modules/aws-sdk/lib/request.d.ts' with Package ID 'aws-sdk/lib/request.d.ts@2.1693.0'. ========
======== Resolving module '../lib/response' from 'd:/DOPAMS/Toystack/dopams-backend-staging/node_modules/aws-sdk/clients/sagemaker.d.ts'. ========
Resolution for module '../lib/response' was found in cache from location 'd:/DOPAMS/Toystack/dopams-backend-staging/node_modules/aws-sdk/clients'.
======== Module name '../lib/response' was successfully resolved to 'd:/DOPAMS/Toystack/dopams-backend-staging/node_modules/aws-sdk/lib/response.d.ts' with Package ID 'aws-sdk/lib/response.d.ts@2.1693.0'. ========
======== Resolving module '../lib/error' from 'd:/DOPAMS/Toystack/dopams-backend-staging/node_modules/aws-sdk/clients/sagemaker.d.ts'. ========
Resolution for module '../lib/error' was found in cache from location 'd:/DOPAMS/Toystack/dopams-backend-staging/node_modules/aws-sdk/clients'.
======== Module name '../lib/error' was successfully resolved to 'd:/DOPAMS/Toystack/dopams-backend-staging/node_modules/aws-sdk/lib/error.d.ts' with Package ID 'aws-sdk/lib/error.d.ts@2.1693.0'. ========
======== Resolving module '../lib/service' from 'd:/DOPAMS/Toystack/dopams-backend-staging/node_modules/aws-sdk/clients/sagemaker.d.ts'. ========
Resolution for module '../lib/service' was found in cache from location 'd:/DOPAMS/Toystack/dopams-backend-staging/node_modules/aws-sdk/clients'.
======== Module name '../lib/service' was successfully resolved to 'd:/DOPAMS/Toystack/dopams-backend-staging/node_modules/aws-sdk/lib/service.d.ts' with Package ID 'aws-sdk/lib/service.d.ts@2.1693.0'. ========
======== Resolving module '../lib/config-base' from 'd:/DOPAMS/Toystack/dopams-backend-staging/node_modules/aws-sdk/clients/sagemaker.d.ts'. ========
Resolution for module '../lib/config-base' was found in cache from location 'd:/DOPAMS/Toystack/dopams-backend-staging/node_modules/aws-sdk/clients'.
======== Module name '../lib/config-base' was successfully resolved to 'd:/DOPAMS/Toystack/dopams-backend-staging/node_modules/aws-sdk/lib/config-base.d.ts' with Package ID 'aws-sdk/lib/config-base.d.ts@2.1693.0'. ========
File 'd:/DOPAMS/Toystack/dopams-backend-staging/node_modules/aws-sdk/clients/package.json' does not exist according to earlier cached lookups.
File 'd:/DOPAMS/Toystack/dopams-backend-staging/node_modules/aws-sdk/package.json' exists according to earlier cached lookups.
======== Resolving module '../lib/request' from 'd:/DOPAMS/Toystack/dopams-backend-staging/node_modules/aws-sdk/clients/translate.d.ts'. ========
Resolution for module '../lib/request' was found in cache from location 'd:/DOPAMS/Toystack/dopams-backend-staging/node_modules/aws-sdk/clients'.
======== Module name '../lib/request' was successfully resolved to 'd:/DOPAMS/Toystack/dopams-backend-staging/node_modules/aws-sdk/lib/request.d.ts' with Package ID 'aws-sdk/lib/request.d.ts@2.1693.0'. ========
======== Resolving module '../lib/response' from 'd:/DOPAMS/Toystack/dopams-backend-staging/node_modules/aws-sdk/clients/translate.d.ts'. ========
Resolution for module '../lib/response' was found in cache from location 'd:/DOPAMS/Toystack/dopams-backend-staging/node_modules/aws-sdk/clients'.
======== Module name '../lib/response' was successfully resolved to 'd:/DOPAMS/Toystack/dopams-backend-staging/node_modules/aws-sdk/lib/response.d.ts' with Package ID 'aws-sdk/lib/response.d.ts@2.1693.0'. ========
======== Resolving module '../lib/error' from 'd:/DOPAMS/Toystack/dopams-backend-staging/node_modules/aws-sdk/clients/translate.d.ts'. ========
Resolution for module '../lib/error' was found in cache from location 'd:/DOPAMS/Toystack/dopams-backend-staging/node_modules/aws-sdk/clients'.
======== Module name '../lib/error' was successfully resolved to 'd:/DOPAMS/Toystack/dopams-backend-staging/node_modules/aws-sdk/lib/error.d.ts' with Package ID 'aws-sdk/lib/error.d.ts@2.1693.0'. ========
======== Resolving module '../lib/service' from 'd:/DOPAMS/Toystack/dopams-backend-staging/node_modules/aws-sdk/clients/translate.d.ts'. ========
Resolution for module '../lib/service' was found in cache from location 'd:/DOPAMS/Toystack/dopams-backend-staging/node_modules/aws-sdk/clients'.
======== Module name '../lib/service' was successfully resolved to 'd:/DOPAMS/Toystack/dopams-backend-staging/node_modules/aws-sdk/lib/service.d.ts' with Package ID 'aws-sdk/lib/service.d.ts@2.1693.0'. ========
======== Resolving module '../lib/config-base' from 'd:/DOPAMS/Toystack/dopams-backend-staging/node_modules/aws-sdk/clients/translate.d.ts'. ========
Resolution for module '../lib/config-base' was found in cache from location 'd:/DOPAMS/Toystack/dopams-backend-staging/node_modules/aws-sdk/clients'.
======== Module name '../lib/config-base' was successfully resolved to 'd:/DOPAMS/Toystack/dopams-backend-staging/node_modules/aws-sdk/lib/config-base.d.ts' with Package ID 'aws-sdk/lib/config-base.d.ts@2.1693.0'. ========
File 'd:/DOPAMS/Toystack/dopams-backend-staging/node_modules/aws-sdk/clients/package.json' does not exist according to earlier cached lookups.
File 'd:/DOPAMS/Toystack/dopams-backend-staging/node_modules/aws-sdk/package.json' exists according to earlier cached lookups.
======== Resolving module '../lib/request' from 'd:/DOPAMS/Toystack/dopams-backend-staging/node_modules/aws-sdk/clients/resourcegroups.d.ts'. ========
Resolution for module '../lib/request' was found in cache from location 'd:/DOPAMS/Toystack/dopams-backend-staging/node_modules/aws-sdk/clients'.
======== Module name '../lib/request' was successfully resolved to 'd:/DOPAMS/Toystack/dopams-backend-staging/node_modules/aws-sdk/lib/request.d.ts' with Package ID 'aws-sdk/lib/request.d.ts@2.1693.0'. ========
======== Resolving module '../lib/response' from 'd:/DOPAMS/Toystack/dopams-backend-staging/node_modules/aws-sdk/clients/resourcegroups.d.ts'. ========
Resolution for module '../lib/response' was found in cache from location 'd:/DOPAMS/Toystack/dopams-backend-staging/node_modules/aws-sdk/clients'.
======== Module name '../lib/response' was successfully resolved to 'd:/DOPAMS/Toystack/dopams-backend-staging/node_modules/aws-sdk/lib/response.d.ts' with Package ID 'aws-sdk/lib/response.d.ts@2.1693.0'. ========
======== Resolving module '../lib/error' from 'd:/DOPAMS/Toystack/dopams-backend-staging/node_modules/aws-sdk/clients/resourcegroups.d.ts'. ========
Resolution for module '../lib/error' was found in cache from location 'd:/DOPAMS/Toystack/dopams-backend-staging/node_modules/aws-sdk/clients'.
======== Module name '../lib/error' was successfully resolved to 'd:/DOPAMS/Toystack/dopams-backend-staging/node_modules/aws-sdk/lib/error.d.ts' with Package ID 'aws-sdk/lib/error.d.ts@2.1693.0'. ========
======== Resolving module '../lib/service' from 'd:/DOPAMS/Toystack/dopams-backend-staging/node_modules/aws-sdk/clients/resourcegroups.d.ts'. ========
Resolution for module '../lib/service' was found in cache from location 'd:/DOPAMS/Toystack/dopams-backend-staging/node_modules/aws-sdk/clients'.
======== Module name '../lib/service' was successfully resolved to 'd:/DOPAMS/Toystack/dopams-backend-staging/node_modules/aws-sdk/lib/service.d.ts' with Package ID 'aws-sdk/lib/service.d.ts@2.1693.0'. ========
======== Resolving module '../lib/config-base' from 'd:/DOPAMS/Toystack/dopams-backend-staging/node_modules/aws-sdk/clients/resourcegroups.d.ts'. ========
Resolution for module '../lib/config-base' was found in cache from location 'd:/DOPAMS/Toystack/dopams-backend-staging/node_modules/aws-sdk/clients'.
======== Module name '../lib/config-base' was successfully resolved to 'd:/DOPAMS/Toystack/dopams-backend-staging/node_modules/aws-sdk/lib/config-base.d.ts' with Package ID 'aws-sdk/lib/config-base.d.ts@2.1693.0'. ========
File 'd:/DOPAMS/Toystack/dopams-backend-staging/node_modules/aws-sdk/clients/package.json' does not exist according to earlier cached lookups.
File 'd:/DOPAMS/Toystack/dopams-backend-staging/node_modules/aws-sdk/package.json' exists according to earlier cached lookups.
======== Resolving module '../lib/request' from 'd:/DOPAMS/Toystack/dopams-backend-staging/node_modules/aws-sdk/clients/cloud9.d.ts'. ========
Resolution for module '../lib/request' was found in cache from location 'd:/DOPAMS/Toystack/dopams-backend-staging/node_modules/aws-sdk/clients'.
======== Module name '../lib/request' was successfully resolved to 'd:/DOPAMS/Toystack/dopams-backend-staging/node_modules/aws-sdk/lib/request.d.ts' with Package ID 'aws-sdk/lib/request.d.ts@2.1693.0'. ========
======== Resolving module '../lib/response' from 'd:/DOPAMS/Toystack/dopams-backend-staging/node_modules/aws-sdk/clients/cloud9.d.ts'. ========
Resolution for module '../lib/response' was found in cache from location 'd:/DOPAMS/Toystack/dopams-backend-staging/node_modules/aws-sdk/clients'.
======== Module name '../lib/response' was successfully resolved to 'd:/DOPAMS/Toystack/dopams-backend-staging/node_modules/aws-sdk/lib/response.d.ts' with Package ID 'aws-sdk/lib/response.d.ts@2.1693.0'. ========
======== Resolving module '../lib/error' from 'd:/DOPAMS/Toystack/dopams-backend-staging/node_modules/aws-sdk/clients/cloud9.d.ts'. ========
Resolution for module '../lib/error' was found in cache from location 'd:/DOPAMS/Toystack/dopams-backend-staging/node_modules/aws-sdk/clients'.
======== Module name '../lib/error' was successfully resolved to 'd:/DOPAMS/Toystack/dopams-backend-staging/node_modules/aws-sdk/lib/error.d.ts' with Package ID 'aws-sdk/lib/error.d.ts@2.1693.0'. ========
======== Resolving module '../lib/service' from 'd:/DOPAMS/Toystack/dopams-backend-staging/node_modules/aws-sdk/clients/cloud9.d.ts'. ========
Resolution for module '../lib/service' was found in cache from location 'd:/DOPAMS/Toystack/dopams-backend-staging/node_modules/aws-sdk/clients'.
======== Module name '../lib/service' was successfully resolved to 'd:/DOPAMS/Toystack/dopams-backend-staging/node_modules/aws-sdk/lib/service.d.ts' with Package ID 'aws-sdk/lib/service.d.ts@2.1693.0'. ========
======== Resolving module '../lib/config-base' from 'd:/DOPAMS/Toystack/dopams-backend-staging/node_modules/aws-sdk/clients/cloud9.d.ts'. ========
Resolution for module '../lib/config-base' was found in cache from location 'd:/DOPAMS/Toystack/dopams-backend-staging/node_modules/aws-sdk/clients'.
======== Module name '../lib/config-base' was successfully resolved to 'd:/DOPAMS/Toystack/dopams-backend-staging/node_modules/aws-sdk/lib/config-base.d.ts' with Package ID 'aws-sdk/lib/config-base.d.ts@2.1693.0'. ========
File 'd:/DOPAMS/Toystack/dopams-backend-staging/node_modules/aws-sdk/clients/package.json' does not exist according to earlier cached lookups.
File 'd:/DOPAMS/Toystack/dopams-backend-staging/node_modules/aws-sdk/package.json' exists according to earlier cached lookups.
======== Resolving module '../lib/request' from 'd:/DOPAMS/Toystack/dopams-backend-staging/node_modules/aws-sdk/clients/serverlessapplicationrepository.d.ts'. ========
Resolution for module '../lib/request' was found in cache from location 'd:/DOPAMS/Toystack/dopams-backend-staging/node_modules/aws-sdk/clients'.
======== Module name '../lib/request' was successfully resolved to 'd:/DOPAMS/Toystack/dopams-backend-staging/node_modules/aws-sdk/lib/request.d.ts' with Package ID 'aws-sdk/lib/request.d.ts@2.1693.0'. ========
======== Resolving module '../lib/response' from 'd:/DOPAMS/Toystack/dopams-backend-staging/node_modules/aws-sdk/clients/serverlessapplicationrepository.d.ts'. ========
Resolution for module '../lib/response' was found in cache from location 'd:/DOPAMS/Toystack/dopams-backend-staging/node_modules/aws-sdk/clients'.
======== Module name '../lib/response' was successfully resolved to 'd:/DOPAMS/Toystack/dopams-backend-staging/node_modules/aws-sdk/lib/response.d.ts' with Package ID 'aws-sdk/lib/response.d.ts@2.1693.0'. ========
======== Resolving module '../lib/error' from 'd:/DOPAMS/Toystack/dopams-backend-staging/node_modules/aws-sdk/clients/serverlessapplicationrepository.d.ts'. ========
Resolution for module '../lib/error' was found in cache from location 'd:/DOPAMS/Toystack/dopams-backend-staging/node_modules/aws-sdk/clients'.
======== Module name '../lib/error' was successfully resolved to 'd:/DOPAMS/Toystack/dopams-backend-staging/node_modules/aws-sdk/lib/error.d.ts' with Package ID 'aws-sdk/lib/error.d.ts@2.1693.0'. ========
======== Resolving module '../lib/service' from 'd:/DOPAMS/Toystack/dopams-backend-staging/node_modules/aws-sdk/clients/serverlessapplicationrepository.d.ts'. ========
Resolution for module '../lib/service' was found in cache from location 'd:/DOPAMS/Toystack/dopams-backend-staging/node_modules/aws-sdk/clients'.
======== Module name '../lib/service' was successfully resolved to 'd:/DOPAMS/Toystack/dopams-backend-staging/node_modules/aws-sdk/lib/service.d.ts' with Package ID 'aws-sdk/lib/service.d.ts@2.1693.0'. ========
======== Resolving module '../lib/config-base' from 'd:/DOPAMS/Toystack/dopams-backend-staging/node_modules/aws-sdk/clients/serverlessapplicationrepository.d.ts'. ========
Resolution for module '../lib/config-base' was found in cache from location 'd:/DOPAMS/Toystack/dopams-backend-staging/node_modules/aws-sdk/clients'.
======== Module name '../lib/config-base' was successfully resolved to 'd:/DOPAMS/Toystack/dopams-backend-staging/node_modules/aws-sdk/lib/config-base.d.ts' with Package ID 'aws-sdk/lib/config-base.d.ts@2.1693.0'. ========
File 'd:/DOPAMS/Toystack/dopams-backend-staging/node_modules/aws-sdk/clients/package.json' does not exist according to earlier cached lookups.
File 'd:/DOPAMS/Toystack/dopams-backend-staging/node_modules/aws-sdk/package.json' exists according to earlier cached lookups.
======== Resolving module '../lib/request' from 'd:/DOPAMS/Toystack/dopams-backend-staging/node_modules/aws-sdk/clients/servicediscovery.d.ts'. ========
Resolution for module '../lib/request' was found in cache from location 'd:/DOPAMS/Toystack/dopams-backend-staging/node_modules/aws-sdk/clients'.
======== Module name '../lib/request' was successfully resolved to 'd:/DOPAMS/Toystack/dopams-backend-staging/node_modules/aws-sdk/lib/request.d.ts' with Package ID 'aws-sdk/lib/request.d.ts@2.1693.0'. ========
======== Resolving module '../lib/response' from 'd:/DOPAMS/Toystack/dopams-backend-staging/node_modules/aws-sdk/clients/servicediscovery.d.ts'. ========
Resolution for module '../lib/response' was found in cache from location 'd:/DOPAMS/Toystack/dopams-backend-staging/node_modules/aws-sdk/clients'.
======== Module name '../lib/response' was successfully resolved to 'd:/DOPAMS/Toystack/dopams-backend-staging/node_modules/aws-sdk/lib/response.d.ts' with Package ID 'aws-sdk/lib/response.d.ts@2.1693.0'. ========
======== Resolving module '../lib/error' from 'd:/DOPAMS/Toystack/dopams-backend-staging/node_modules/aws-sdk/clients/servicediscovery.d.ts'. ========
Resolution for module '../lib/error' was found in cache from location 'd:/DOPAMS/Toystack/dopams-backend-staging/node_modules/aws-sdk/clients'.
======== Module name '../lib/error' was successfully resolved to 'd:/DOPAMS/Toystack/dopams-backend-staging/node_modules/aws-sdk/lib/error.d.ts' with Package ID 'aws-sdk/lib/error.d.ts@2.1693.0'. ========
======== Resolving module '../lib/service' from 'd:/DOPAMS/Toystack/dopams-backend-staging/node_modules/aws-sdk/clients/servicediscovery.d.ts'. ========
Resolution for module '../lib/service' was found in cache from location 'd:/DOPAMS/Toystack/dopams-backend-staging/node_modules/aws-sdk/clients'.
======== Module name '../lib/service' was successfully resolved to 'd:/DOPAMS/Toystack/dopams-backend-staging/node_modules/aws-sdk/lib/service.d.ts' with Package ID 'aws-sdk/lib/service.d.ts@2.1693.0'. ========
======== Resolving module '../lib/config-base' from 'd:/DOPAMS/Toystack/dopams-backend-staging/node_modules/aws-sdk/clients/servicediscovery.d.ts'. ========
Resolution for module '../lib/config-base' was found in cache from location 'd:/DOPAMS/Toystack/dopams-backend-staging/node_modules/aws-sdk/clients'.
======== Module name '../lib/config-base' was successfully resolved to 'd:/DOPAMS/Toystack/dopams-backend-staging/node_modules/aws-sdk/lib/config-base.d.ts' with Package ID 'aws-sdk/lib/config-base.d.ts@2.1693.0'. ========
File 'd:/DOPAMS/Toystack/dopams-backend-staging/node_modules/aws-sdk/clients/package.json' does not exist according to earlier cached lookups.
File 'd:/DOPAMS/Toystack/dopams-backend-staging/node_modules/aws-sdk/package.json' exists according to earlier cached lookups.
======== Resolving module '../lib/request' from 'd:/DOPAMS/Toystack/dopams-backend-staging/node_modules/aws-sdk/clients/workmail.d.ts'. ========
Resolution for module '../lib/request' was found in cache from location 'd:/DOPAMS/Toystack/dopams-backend-staging/node_modules/aws-sdk/clients'.
======== Module name '../lib/request' was successfully resolved to 'd:/DOPAMS/Toystack/dopams-backend-staging/node_modules/aws-sdk/lib/request.d.ts' with Package ID 'aws-sdk/lib/request.d.ts@2.1693.0'. ========
======== Resolving module '../lib/response' from 'd:/DOPAMS/Toystack/dopams-backend-staging/node_modules/aws-sdk/clients/workmail.d.ts'. ========
Resolution for module '../lib/response' was found in cache from location 'd:/DOPAMS/Toystack/dopams-backend-staging/node_modules/aws-sdk/clients'.
======== Module name '../lib/response' was successfully resolved to 'd:/DOPAMS/Toystack/dopams-backend-staging/node_modules/aws-sdk/lib/response.d.ts' with Package ID 'aws-sdk/lib/response.d.ts@2.1693.0'. ========
======== Resolving module '../lib/error' from 'd:/DOPAMS/Toystack/dopams-backend-staging/node_modules/aws-sdk/clients/workmail.d.ts'. ========
Resolution for module '../lib/error' was found in cache from location 'd:/DOPAMS/Toystack/dopams-backend-staging/node_modules/aws-sdk/clients'.
======== Module name '../lib/error' was successfully resolved to 'd:/DOPAMS/Toystack/dopams-backend-staging/node_modules/aws-sdk/lib/error.d.ts' with Package ID 'aws-sdk/lib/error.d.ts@2.1693.0'. ========
======== Resolving module '../lib/service' from 'd:/DOPAMS/Toystack/dopams-backend-staging/node_modules/aws-sdk/clients/workmail.d.ts'. ========
Resolution for module '../lib/service' was found in cache from location 'd:/DOPAMS/Toystack/dopams-backend-staging/node_modules/aws-sdk/clients'.
======== Module name '../lib/service' was successfully resolved to 'd:/DOPAMS/Toystack/dopams-backend-staging/node_modules/aws-sdk/lib/service.d.ts' with Package ID 'aws-sdk/lib/service.d.ts@2.1693.0'. ========
======== Resolving module '../lib/config-base' from 'd:/DOPAMS/Toystack/dopams-backend-staging/node_modules/aws-sdk/clients/workmail.d.ts'. ========
Resolution for module '../lib/config-base' was found in cache from location 'd:/DOPAMS/Toystack/dopams-backend-staging/node_modules/aws-sdk/clients'.
======== Module name '../lib/config-base' was successfully resolved to 'd:/DOPAMS/Toystack/dopams-backend-staging/node_modules/aws-sdk/lib/config-base.d.ts' with Package ID 'aws-sdk/lib/config-base.d.ts@2.1693.0'. ========
File 'd:/DOPAMS/Toystack/dopams-backend-staging/node_modules/aws-sdk/clients/package.json' does not exist according to earlier cached lookups.
File 'd:/DOPAMS/Toystack/dopams-backend-staging/node_modules/aws-sdk/package.json' exists according to earlier cached lookups.
======== Resolving module '../lib/request' from 'd:/DOPAMS/Toystack/dopams-backend-staging/node_modules/aws-sdk/clients/autoscalingplans.d.ts'. ========
Resolution for module '../lib/request' was found in cache from location 'd:/DOPAMS/Toystack/dopams-backend-staging/node_modules/aws-sdk/clients'.
======== Module name '../lib/request' was successfully resolved to 'd:/DOPAMS/Toystack/dopams-backend-staging/node_modules/aws-sdk/lib/request.d.ts' with Package ID 'aws-sdk/lib/request.d.ts@2.1693.0'. ========
======== Resolving module '../lib/response' from 'd:/DOPAMS/Toystack/dopams-backend-staging/node_modules/aws-sdk/clients/autoscalingplans.d.ts'. ========
Resolution for module '../lib/response' was found in cache from location 'd:/DOPAMS/Toystack/dopams-backend-staging/node_modules/aws-sdk/clients'.
======== Module name '../lib/response' was successfully resolved to 'd:/DOPAMS/Toystack/dopams-backend-staging/node_modules/aws-sdk/lib/response.d.ts' with Package ID 'aws-sdk/lib/response.d.ts@2.1693.0'. ========
======== Resolving module '../lib/error' from 'd:/DOPAMS/Toystack/dopams-backend-staging/node_modules/aws-sdk/clients/autoscalingplans.d.ts'. ========
Resolution for module '../lib/error' was found in cache from location 'd:/DOPAMS/Toystack/dopams-backend-staging/node_modules/aws-sdk/clients'.
======== Module name '../lib/error' was successfully resolved to 'd:/DOPAMS/Toystack/dopams-backend-staging/node_modules/aws-sdk/lib/error.d.ts' with Package ID 'aws-sdk/lib/error.d.ts@2.1693.0'. ========
======== Resolving module '../lib/service' from 'd:/DOPAMS/Toystack/dopams-backend-staging/node_modules/aws-sdk/clients/autoscalingplans.d.ts'. ========
Resolution for module '../lib/service' was found in cache from location 'd:/DOPAMS/Toystack/dopams-backend-staging/node_modules/aws-sdk/clients'.
======== Module name '../lib/service' was successfully resolved to 'd:/DOPAMS/Toystack/dopams-backend-staging/node_modules/aws-sdk/lib/service.d.ts' with Package ID 'aws-sdk/lib/service.d.ts@2.1693.0'. ========
======== Resolving module '../lib/config-base' from 'd:/DOPAMS/Toystack/dopams-backend-staging/node_modules/aws-sdk/clients/autoscalingplans.d.ts'. ========
Resolution for module '../lib/config-base' was found in cache from location 'd:/DOPAMS/Toystack/dopams-backend-staging/node_modules/aws-sdk/clients'.
======== Module name '../lib/config-base' was successfully resolved to 'd:/DOPAMS/Toystack/dopams-backend-staging/node_modules/aws-sdk/lib/config-base.d.ts' with Package ID 'aws-sdk/lib/config-base.d.ts@2.1693.0'. ========
File 'd:/DOPAMS/Toystack/dopams-backend-staging/node_modules/aws-sdk/clients/package.json' does not exist according to earlier cached lookups.
File 'd:/DOPAMS/Toystack/dopams-backend-staging/node_modules/aws-sdk/package.json' exists according to earlier cached lookups.
======== Resolving module '../lib/request' from 'd:/DOPAMS/Toystack/dopams-backend-staging/node_modules/aws-sdk/clients/transcribeservice.d.ts'. ========
Resolution for module '../lib/request' was found in cache from location 'd:/DOPAMS/Toystack/dopams-backend-staging/node_modules/aws-sdk/clients'.
======== Module name '../lib/request' was successfully resolved to 'd:/DOPAMS/Toystack/dopams-backend-staging/node_modules/aws-sdk/lib/request.d.ts' with Package ID 'aws-sdk/lib/request.d.ts@2.1693.0'. ========
======== Resolving module '../lib/response' from 'd:/DOPAMS/Toystack/dopams-backend-staging/node_modules/aws-sdk/clients/transcribeservice.d.ts'. ========
Resolution for module '../lib/response' was found in cache from location 'd:/DOPAMS/Toystack/dopams-backend-staging/node_modules/aws-sdk/clients'.
======== Module name '../lib/response' was successfully resolved to 'd:/DOPAMS/Toystack/dopams-backend-staging/node_modules/aws-sdk/lib/response.d.ts' with Package ID 'aws-sdk/lib/response.d.ts@2.1693.0'. ========
======== Resolving module '../lib/error' from 'd:/DOPAMS/Toystack/dopams-backend-staging/node_modules/aws-sdk/clients/transcribeservice.d.ts'. ========
Resolution for module '../lib/error' was found in cache from location 'd:/DOPAMS/Toystack/dopams-backend-staging/node_modules/aws-sdk/clients'.
======== Module name '../lib/error' was successfully resolved to 'd:/DOPAMS/Toystack/dopams-backend-staging/node_modules/aws-sdk/lib/error.d.ts' with Package ID 'aws-sdk/lib/error.d.ts@2.1693.0'. ========
======== Resolving module '../lib/service' from 'd:/DOPAMS/Toystack/dopams-backend-staging/node_modules/aws-sdk/clients/transcribeservice.d.ts'. ========
Resolution for module '../lib/service' was found in cache from location 'd:/DOPAMS/Toystack/dopams-backend-staging/node_modules/aws-sdk/clients'.
======== Module name '../lib/service' was successfully resolved to 'd:/DOPAMS/Toystack/dopams-backend-staging/node_modules/aws-sdk/lib/service.d.ts' with Package ID 'aws-sdk/lib/service.d.ts@2.1693.0'. ========
======== Resolving module '../lib/config-base' from 'd:/DOPAMS/Toystack/dopams-backend-staging/node_modules/aws-sdk/clients/transcribeservice.d.ts'. ========
Resolution for module '../lib/config-base' was found in cache from location 'd:/DOPAMS/Toystack/dopams-backend-staging/node_modules/aws-sdk/clients'.
======== Module name '../lib/config-base' was successfully resolved to 'd:/DOPAMS/Toystack/dopams-backend-staging/node_modules/aws-sdk/lib/config-base.d.ts' with Package ID 'aws-sdk/lib/config-base.d.ts@2.1693.0'. ========
File 'd:/DOPAMS/Toystack/dopams-backend-staging/node_modules/aws-sdk/clients/package.json' does not exist according to earlier cached lookups.
File 'd:/DOPAMS/Toystack/dopams-backend-staging/node_modules/aws-sdk/package.json' exists according to earlier cached lookups.
======== Resolving module '../lib/request' from 'd:/DOPAMS/Toystack/dopams-backend-staging/node_modules/aws-sdk/clients/connect.d.ts'. ========
Resolution for module '../lib/request' was found in cache from location 'd:/DOPAMS/Toystack/dopams-backend-staging/node_modules/aws-sdk/clients'.
======== Module name '../lib/request' was successfully resolved to 'd:/DOPAMS/Toystack/dopams-backend-staging/node_modules/aws-sdk/lib/request.d.ts' with Package ID 'aws-sdk/lib/request.d.ts@2.1693.0'. ========
======== Resolving module '../lib/response' from 'd:/DOPAMS/Toystack/dopams-backend-staging/node_modules/aws-sdk/clients/connect.d.ts'. ========
Resolution for module '../lib/response' was found in cache from location 'd:/DOPAMS/Toystack/dopams-backend-staging/node_modules/aws-sdk/clients'.
======== Module name '../lib/response' was successfully resolved to 'd:/DOPAMS/Toystack/dopams-backend-staging/node_modules/aws-sdk/lib/response.d.ts' with Package ID 'aws-sdk/lib/response.d.ts@2.1693.0'. ========
======== Resolving module '../lib/error' from 'd:/DOPAMS/Toystack/dopams-backend-staging/node_modules/aws-sdk/clients/connect.d.ts'. ========
Resolution for module '../lib/error' was found in cache from location 'd:/DOPAMS/Toystack/dopams-backend-staging/node_modules/aws-sdk/clients'.
======== Module name '../lib/error' was successfully resolved to 'd:/DOPAMS/Toystack/dopams-backend-staging/node_modules/aws-sdk/lib/error.d.ts' with Package ID 'aws-sdk/lib/error.d.ts@2.1693.0'. ========
======== Resolving module '../lib/service' from 'd:/DOPAMS/Toystack/dopams-backend-staging/node_modules/aws-sdk/clients/connect.d.ts'. ========
Resolution for module '../lib/service' was found in cache from location 'd:/DOPAMS/Toystack/dopams-backend-staging/node_modules/aws-sdk/clients'.
======== Module name '../lib/service' was successfully resolved to 'd:/DOPAMS/Toystack/dopams-backend-staging/node_modules/aws-sdk/lib/service.d.ts' with Package ID 'aws-sdk/lib/service.d.ts@2.1693.0'. ========
======== Resolving module '../lib/config-base' from 'd:/DOPAMS/Toystack/dopams-backend-staging/node_modules/aws-sdk/clients/connect.d.ts'. ========
Resolution for module '../lib/config-base' was found in cache from location 'd:/DOPAMS/Toystack/dopams-backend-staging/node_modules/aws-sdk/clients'.
======== Module name '../lib/config-base' was successfully resolved to 'd:/DOPAMS/Toystack/dopams-backend-staging/node_modules/aws-sdk/lib/config-base.d.ts' with Package ID 'aws-sdk/lib/config-base.d.ts@2.1693.0'. ========
File 'd:/DOPAMS/Toystack/dopams-backend-staging/node_modules/aws-sdk/clients/package.json' does not exist according to earlier cached lookups.
File 'd:/DOPAMS/Toystack/dopams-backend-staging/node_modules/aws-sdk/package.json' exists according to earlier cached lookups.
======== Resolving module '../lib/request' from 'd:/DOPAMS/Toystack/dopams-backend-staging/node_modules/aws-sdk/clients/acmpca.d.ts'. ========
Resolution for module '../lib/request' was found in cache from location 'd:/DOPAMS/Toystack/dopams-backend-staging/node_modules/aws-sdk/clients'.
======== Module name '../lib/request' was successfully resolved to 'd:/DOPAMS/Toystack/dopams-backend-staging/node_modules/aws-sdk/lib/request.d.ts' with Package ID 'aws-sdk/lib/request.d.ts@2.1693.0'. ========
======== Resolving module '../lib/response' from 'd:/DOPAMS/Toystack/dopams-backend-staging/node_modules/aws-sdk/clients/acmpca.d.ts'. ========
Resolution for module '../lib/response' was found in cache from location 'd:/DOPAMS/Toystack/dopams-backend-staging/node_modules/aws-sdk/clients'.
======== Module name '../lib/response' was successfully resolved to 'd:/DOPAMS/Toystack/dopams-backend-staging/node_modules/aws-sdk/lib/response.d.ts' with Package ID 'aws-sdk/lib/response.d.ts@2.1693.0'. ========
======== Resolving module '../lib/error' from 'd:/DOPAMS/Toystack/dopams-backend-staging/node_modules/aws-sdk/clients/acmpca.d.ts'. ========
Resolution for module '../lib/error' was found in cache from location 'd:/DOPAMS/Toystack/dopams-backend-staging/node_modules/aws-sdk/clients'.
======== Module name '../lib/error' was successfully resolved to 'd:/DOPAMS/Toystack/dopams-backend-staging/node_modules/aws-sdk/lib/error.d.ts' with Package ID 'aws-sdk/lib/error.d.ts@2.1693.0'. ========
======== Resolving module '../lib/service' from 'd:/DOPAMS/Toystack/dopams-backend-staging/node_modules/aws-sdk/clients/acmpca.d.ts'. ========
Resolution for module '../lib/service' was found in cache from location 'd:/DOPAMS/Toystack/dopams-backend-staging/node_modules/aws-sdk/clients'.
======== Module name '../lib/service' was successfully resolved to 'd:/DOPAMS/Toystack/dopams-backend-staging/node_modules/aws-sdk/lib/service.d.ts' with Package ID 'aws-sdk/lib/service.d.ts@2.1693.0'. ========
======== Resolving module '../lib/config-base' from 'd:/DOPAMS/Toystack/dopams-backend-staging/node_modules/aws-sdk/clients/acmpca.d.ts'. ========
Resolution for module '../lib/config-base' was found in cache from location 'd:/DOPAMS/Toystack/dopams-backend-staging/node_modules/aws-sdk/clients'.
======== Module name '../lib/config-base' was successfully resolved to 'd:/DOPAMS/Toystack/dopams-backend-staging/node_modules/aws-sdk/lib/config-base.d.ts' with Package ID 'aws-sdk/lib/config-base.d.ts@2.1693.0'. ========
File 'd:/DOPAMS/Toystack/dopams-backend-staging/node_modules/aws-sdk/clients/package.json' does not exist according to earlier cached lookups.
File 'd:/DOPAMS/Toystack/dopams-backend-staging/node_modules/aws-sdk/package.json' exists according to earlier cached lookups.
======== Resolving module '../lib/request' from 'd:/DOPAMS/Toystack/dopams-backend-staging/node_modules/aws-sdk/clients/fms.d.ts'. ========
Resolution for module '../lib/request' was found in cache from location 'd:/DOPAMS/Toystack/dopams-backend-staging/node_modules/aws-sdk/clients'.
======== Module name '../lib/request' was successfully resolved to 'd:/DOPAMS/Toystack/dopams-backend-staging/node_modules/aws-sdk/lib/request.d.ts' with Package ID 'aws-sdk/lib/request.d.ts@2.1693.0'. ========
======== Resolving module '../lib/response' from 'd:/DOPAMS/Toystack/dopams-backend-staging/node_modules/aws-sdk/clients/fms.d.ts'. ========
Resolution for module '../lib/response' was found in cache from location 'd:/DOPAMS/Toystack/dopams-backend-staging/node_modules/aws-sdk/clients'.
======== Module name '../lib/response' was successfully resolved to 'd:/DOPAMS/Toystack/dopams-backend-staging/node_modules/aws-sdk/lib/response.d.ts' with Package ID 'aws-sdk/lib/response.d.ts@2.1693.0'. ========
======== Resolving module '../lib/error' from 'd:/DOPAMS/Toystack/dopams-backend-staging/node_modules/aws-sdk/clients/fms.d.ts'. ========
Resolution for module '../lib/error' was found in cache from location 'd:/DOPAMS/Toystack/dopams-backend-staging/node_modules/aws-sdk/clients'.
======== Module name '../lib/error' was successfully resolved to 'd:/DOPAMS/Toystack/dopams-backend-staging/node_modules/aws-sdk/lib/error.d.ts' with Package ID 'aws-sdk/lib/error.d.ts@2.1693.0'. ========
======== Resolving module '../lib/service' from 'd:/DOPAMS/Toystack/dopams-backend-staging/node_modules/aws-sdk/clients/fms.d.ts'. ========
Resolution for module '../lib/service' was found in cache from location 'd:/DOPAMS/Toystack/dopams-backend-staging/node_modules/aws-sdk/clients'.
======== Module name '../lib/service' was successfully resolved to 'd:/DOPAMS/Toystack/dopams-backend-staging/node_modules/aws-sdk/lib/service.d.ts' with Package ID 'aws-sdk/lib/service.d.ts@2.1693.0'. ========
======== Resolving module '../lib/config-base' from 'd:/DOPAMS/Toystack/dopams-backend-staging/node_modules/aws-sdk/clients/fms.d.ts'. ========
Resolution for module '../lib/config-base' was found in cache from location 'd:/DOPAMS/Toystack/dopams-backend-staging/node_modules/aws-sdk/clients'.
======== Module name '../lib/config-base' was successfully resolved to 'd:/DOPAMS/Toystack/dopams-backend-staging/node_modules/aws-sdk/lib/config-base.d.ts' with Package ID 'aws-sdk/lib/config-base.d.ts@2.1693.0'. ========
File 'd:/DOPAMS/Toystack/dopams-backend-staging/node_modules/aws-sdk/clients/package.json' does not exist according to earlier cached lookups.
File 'd:/DOPAMS/Toystack/dopams-backend-staging/node_modules/aws-sdk/package.json' exists according to earlier cached lookups.
======== Resolving module '../lib/request' from 'd:/DOPAMS/Toystack/dopams-backend-staging/node_modules/aws-sdk/clients/secretsmanager.d.ts'. ========
Resolution for module '../lib/request' was found in cache from location 'd:/DOPAMS/Toystack/dopams-backend-staging/node_modules/aws-sdk/clients'.
======== Module name '../lib/request' was successfully resolved to 'd:/DOPAMS/Toystack/dopams-backend-staging/node_modules/aws-sdk/lib/request.d.ts' with Package ID 'aws-sdk/lib/request.d.ts@2.1693.0'. ========
======== Resolving module '../lib/response' from 'd:/DOPAMS/Toystack/dopams-backend-staging/node_modules/aws-sdk/clients/secretsmanager.d.ts'. ========
Resolution for module '../lib/response' was found in cache from location 'd:/DOPAMS/Toystack/dopams-backend-staging/node_modules/aws-sdk/clients'.
======== Module name '../lib/response' was successfully resolved to 'd:/DOPAMS/Toystack/dopams-backend-staging/node_modules/aws-sdk/lib/response.d.ts' with Package ID 'aws-sdk/lib/response.d.ts@2.1693.0'. ========
======== Resolving module '../lib/error' from 'd:/DOPAMS/Toystack/dopams-backend-staging/node_modules/aws-sdk/clients/secretsmanager.d.ts'. ========
Resolution for module '../lib/error' was found in cache from location 'd:/DOPAMS/Toystack/dopams-backend-staging/node_modules/aws-sdk/clients'.
======== Module name '../lib/error' was successfully resolved to 'd:/DOPAMS/Toystack/dopams-backend-staging/node_modules/aws-sdk/lib/error.d.ts' with Package ID 'aws-sdk/lib/error.d.ts@2.1693.0'. ========
======== Resolving module '../lib/service' from 'd:/DOPAMS/Toystack/dopams-backend-staging/node_modules/aws-sdk/clients/secretsmanager.d.ts'. ========
Resolution for module '../lib/service' was found in cache from location 'd:/DOPAMS/Toystack/dopams-backend-staging/node_modules/aws-sdk/clients'.
======== Module name '../lib/service' was successfully resolved to 'd:/DOPAMS/Toystack/dopams-backend-staging/node_modules/aws-sdk/lib/service.d.ts' with Package ID 'aws-sdk/lib/service.d.ts@2.1693.0'. ========
======== Resolving module '../lib/config-base' from 'd:/DOPAMS/Toystack/dopams-backend-staging/node_modules/aws-sdk/clients/secretsmanager.d.ts'. ========
Resolution for module '../lib/config-base' was found in cache from location 'd:/DOPAMS/Toystack/dopams-backend-staging/node_modules/aws-sdk/clients'.
======== Module name '../lib/config-base' was successfully resolved to 'd:/DOPAMS/Toystack/dopams-backend-staging/node_modules/aws-sdk/lib/config-base.d.ts' with Package ID 'aws-sdk/lib/config-base.d.ts@2.1693.0'. ========
File 'd:/DOPAMS/Toystack/dopams-backend-staging/node_modules/aws-sdk/clients/package.json' does not exist according to earlier cached lookups.
File 'd:/DOPAMS/Toystack/dopams-backend-staging/node_modules/aws-sdk/package.json' exists according to earlier cached lookups.
======== Resolving module '../lib/request' from 'd:/DOPAMS/Toystack/dopams-backend-staging/node_modules/aws-sdk/clients/iotanalytics.d.ts'. ========
Resolution for module '../lib/request' was found in cache from location 'd:/DOPAMS/Toystack/dopams-backend-staging/node_modules/aws-sdk/clients'.
======== Module name '../lib/request' was successfully resolved to 'd:/DOPAMS/Toystack/dopams-backend-staging/node_modules/aws-sdk/lib/request.d.ts' with Package ID 'aws-sdk/lib/request.d.ts@2.1693.0'. ========
======== Resolving module '../lib/response' from 'd:/DOPAMS/Toystack/dopams-backend-staging/node_modules/aws-sdk/clients/iotanalytics.d.ts'. ========
Resolution for module '../lib/response' was found in cache from location 'd:/DOPAMS/Toystack/dopams-backend-staging/node_modules/aws-sdk/clients'.
======== Module name '../lib/response' was successfully resolved to 'd:/DOPAMS/Toystack/dopams-backend-staging/node_modules/aws-sdk/lib/response.d.ts' with Package ID 'aws-sdk/lib/response.d.ts@2.1693.0'. ========
======== Resolving module '../lib/error' from 'd:/DOPAMS/Toystack/dopams-backend-staging/node_modules/aws-sdk/clients/iotanalytics.d.ts'. ========
Resolution for module '../lib/error' was found in cache from location 'd:/DOPAMS/Toystack/dopams-backend-staging/node_modules/aws-sdk/clients'.
======== Module name '../lib/error' was successfully resolved to 'd:/DOPAMS/Toystack/dopams-backend-staging/node_modules/aws-sdk/lib/error.d.ts' with Package ID 'aws-sdk/lib/error.d.ts@2.1693.0'. ========
======== Resolving module '../lib/service' from 'd:/DOPAMS/Toystack/dopams-backend-staging/node_modules/aws-sdk/clients/iotanalytics.d.ts'. ========
Resolution for module '../lib/service' was found in cache from location 'd:/DOPAMS/Toystack/dopams-backend-staging/node_modules/aws-sdk/clients'.
======== Module name '../lib/service' was successfully resolved to 'd:/DOPAMS/Toystack/dopams-backend-staging/node_modules/aws-sdk/lib/service.d.ts' with Package ID 'aws-sdk/lib/service.d.ts@2.1693.0'. ========
======== Resolving module '../lib/config-base' from 'd:/DOPAMS/Toystack/dopams-backend-staging/node_modules/aws-sdk/clients/iotanalytics.d.ts'. ========
Resolution for module '../lib/config-base' was found in cache from location 'd:/DOPAMS/Toystack/dopams-backend-staging/node_modules/aws-sdk/clients'.
======== Module name '../lib/config-base' was successfully resolved to 'd:/DOPAMS/Toystack/dopams-backend-staging/node_modules/aws-sdk/lib/config-base.d.ts' with Package ID 'aws-sdk/lib/config-base.d.ts@2.1693.0'. ========
File 'd:/DOPAMS/Toystack/dopams-backend-staging/node_modules/aws-sdk/clients/package.json' does not exist according to earlier cached lookups.
File 'd:/DOPAMS/Toystack/dopams-backend-staging/node_modules/aws-sdk/package.json' exists according to earlier cached lookups.
======== Resolving module '../lib/request' from 'd:/DOPAMS/Toystack/dopams-backend-staging/node_modules/aws-sdk/clients/iot1clickdevicesservice.d.ts'. ========
Resolution for module '../lib/request' was found in cache from location 'd:/DOPAMS/Toystack/dopams-backend-staging/node_modules/aws-sdk/clients'.
======== Module name '../lib/request' was successfully resolved to 'd:/DOPAMS/Toystack/dopams-backend-staging/node_modules/aws-sdk/lib/request.d.ts' with Package ID 'aws-sdk/lib/request.d.ts@2.1693.0'. ========
======== Resolving module '../lib/response' from 'd:/DOPAMS/Toystack/dopams-backend-staging/node_modules/aws-sdk/clients/iot1clickdevicesservice.d.ts'. ========
Resolution for module '../lib/response' was found in cache from location 'd:/DOPAMS/Toystack/dopams-backend-staging/node_modules/aws-sdk/clients'.
======== Module name '../lib/response' was successfully resolved to 'd:/DOPAMS/Toystack/dopams-backend-staging/node_modules/aws-sdk/lib/response.d.ts' with Package ID 'aws-sdk/lib/response.d.ts@2.1693.0'. ========
======== Resolving module '../lib/error' from 'd:/DOPAMS/Toystack/dopams-backend-staging/node_modules/aws-sdk/clients/iot1clickdevicesservice.d.ts'. ========
Resolution for module '../lib/error' was found in cache from location 'd:/DOPAMS/Toystack/dopams-backend-staging/node_modules/aws-sdk/clients'.
======== Module name '../lib/error' was successfully resolved to 'd:/DOPAMS/Toystack/dopams-backend-staging/node_modules/aws-sdk/lib/error.d.ts' with Package ID 'aws-sdk/lib/error.d.ts@2.1693.0'. ========
======== Resolving module '../lib/service' from 'd:/DOPAMS/Toystack/dopams-backend-staging/node_modules/aws-sdk/clients/iot1clickdevicesservice.d.ts'. ========
Resolution for module '../lib/service' was found in cache from location 'd:/DOPAMS/Toystack/dopams-backend-staging/node_modules/aws-sdk/clients'.
======== Module name '../lib/service' was successfully resolved to 'd:/DOPAMS/Toystack/dopams-backend-staging/node_modules/aws-sdk/lib/service.d.ts' with Package ID 'aws-sdk/lib/service.d.ts@2.1693.0'. ========
======== Resolving module '../lib/config-base' from 'd:/DOPAMS/Toystack/dopams-backend-staging/node_modules/aws-sdk/clients/iot1clickdevicesservice.d.ts'. ========
Resolution for module '../lib/config-base' was found in cache from location 'd:/DOPAMS/Toystack/dopams-backend-staging/node_modules/aws-sdk/clients'.
======== Module name '../lib/config-base' was successfully resolved to 'd:/DOPAMS/Toystack/dopams-backend-staging/node_modules/aws-sdk/lib/config-base.d.ts' with Package ID 'aws-sdk/lib/config-base.d.ts@2.1693.0'. ========
File 'd:/DOPAMS/Toystack/dopams-backend-staging/node_modules/aws-sdk/clients/package.json' does not exist according to earlier cached lookups.
File 'd:/DOPAMS/Toystack/dopams-backend-staging/node_modules/aws-sdk/package.json' exists according to earlier cached lookups.
======== Resolving module '../lib/request' from 'd:/DOPAMS/Toystack/dopams-backend-staging/node_modules/aws-sdk/clients/iot1clickprojects.d.ts'. ========
Resolution for module '../lib/request' was found in cache from location 'd:/DOPAMS/Toystack/dopams-backend-staging/node_modules/aws-sdk/clients'.
======== Module name '../lib/request' was successfully resolved to 'd:/DOPAMS/Toystack/dopams-backend-staging/node_modules/aws-sdk/lib/request.d.ts' with Package ID 'aws-sdk/lib/request.d.ts@2.1693.0'. ========
======== Resolving module '../lib/response' from 'd:/DOPAMS/Toystack/dopams-backend-staging/node_modules/aws-sdk/clients/iot1clickprojects.d.ts'. ========
Resolution for module '../lib/response' was found in cache from location 'd:/DOPAMS/Toystack/dopams-backend-staging/node_modules/aws-sdk/clients'.
======== Module name '../lib/response' was successfully resolved to 'd:/DOPAMS/Toystack/dopams-backend-staging/node_modules/aws-sdk/lib/response.d.ts' with Package ID 'aws-sdk/lib/response.d.ts@2.1693.0'. ========
======== Resolving module '../lib/error' from 'd:/DOPAMS/Toystack/dopams-backend-staging/node_modules/aws-sdk/clients/iot1clickprojects.d.ts'. ========
Resolution for module '../lib/error' was found in cache from location 'd:/DOPAMS/Toystack/dopams-backend-staging/node_modules/aws-sdk/clients'.
======== Module name '../lib/error' was successfully resolved to 'd:/DOPAMS/Toystack/dopams-backend-staging/node_modules/aws-sdk/lib/error.d.ts' with Package ID 'aws-sdk/lib/error.d.ts@2.1693.0'. ========
======== Resolving module '../lib/service' from 'd:/DOPAMS/Toystack/dopams-backend-staging/node_modules/aws-sdk/clients/iot1clickprojects.d.ts'. ========
Resolution for module '../lib/service' was found in cache from location 'd:/DOPAMS/Toystack/dopams-backend-staging/node_modules/aws-sdk/clients'.
======== Module name '../lib/service' was successfully resolved to 'd:/DOPAMS/Toystack/dopams-backend-staging/node_modules/aws-sdk/lib/service.d.ts' with Package ID 'aws-sdk/lib/service.d.ts@2.1693.0'. ========
======== Resolving module '../lib/config-base' from 'd:/DOPAMS/Toystack/dopams-backend-staging/node_modules/aws-sdk/clients/iot1clickprojects.d.ts'. ========
Resolution for module '../lib/config-base' was found in cache from location 'd:/DOPAMS/Toystack/dopams-backend-staging/node_modules/aws-sdk/clients'.
======== Module name '../lib/config-base' was successfully resolved to 'd:/DOPAMS/Toystack/dopams-backend-staging/node_modules/aws-sdk/lib/config-base.d.ts' with Package ID 'aws-sdk/lib/config-base.d.ts@2.1693.0'. ========
File 'd:/DOPAMS/Toystack/dopams-backend-staging/node_modules/aws-sdk/clients/package.json' does not exist according to earlier cached lookups.
File 'd:/DOPAMS/Toystack/dopams-backend-staging/node_modules/aws-sdk/package.json' exists according to earlier cached lookups.
======== Resolving module '../lib/request' from 'd:/DOPAMS/Toystack/dopams-backend-staging/node_modules/aws-sdk/clients/pi.d.ts'. ========
Resolution for module '../lib/request' was found in cache from location 'd:/DOPAMS/Toystack/dopams-backend-staging/node_modules/aws-sdk/clients'.
======== Module name '../lib/request' was successfully resolved to 'd:/DOPAMS/Toystack/dopams-backend-staging/node_modules/aws-sdk/lib/request.d.ts' with Package ID 'aws-sdk/lib/request.d.ts@2.1693.0'. ========
======== Resolving module '../lib/response' from 'd:/DOPAMS/Toystack/dopams-backend-staging/node_modules/aws-sdk/clients/pi.d.ts'. ========
Resolution for module '../lib/response' was found in cache from location 'd:/DOPAMS/Toystack/dopams-backend-staging/node_modules/aws-sdk/clients'.
======== Module name '../lib/response' was successfully resolved to 'd:/DOPAMS/Toystack/dopams-backend-staging/node_modules/aws-sdk/lib/response.d.ts' with Package ID 'aws-sdk/lib/response.d.ts@2.1693.0'. ========
======== Resolving module '../lib/error' from 'd:/DOPAMS/Toystack/dopams-backend-staging/node_modules/aws-sdk/clients/pi.d.ts'. ========
Resolution for module '../lib/error' was found in cache from location 'd:/DOPAMS/Toystack/dopams-backend-staging/node_modules/aws-sdk/clients'.
======== Module name '../lib/error' was successfully resolved to 'd:/DOPAMS/Toystack/dopams-backend-staging/node_modules/aws-sdk/lib/error.d.ts' with Package ID 'aws-sdk/lib/error.d.ts@2.1693.0'. ========
======== Resolving module '../lib/service' from 'd:/DOPAMS/Toystack/dopams-backend-staging/node_modules/aws-sdk/clients/pi.d.ts'. ========
Resolution for module '../lib/service' was found in cache from location 'd:/DOPAMS/Toystack/dopams-backend-staging/node_modules/aws-sdk/clients'.
======== Module name '../lib/service' was successfully resolved to 'd:/DOPAMS/Toystack/dopams-backend-staging/node_modules/aws-sdk/lib/service.d.ts' with Package ID 'aws-sdk/lib/service.d.ts@2.1693.0'. ========
======== Resolving module '../lib/config-base' from 'd:/DOPAMS/Toystack/dopams-backend-staging/node_modules/aws-sdk/clients/pi.d.ts'. ========
Resolution for module '../lib/config-base' was found in cache from location 'd:/DOPAMS/Toystack/dopams-backend-staging/node_modules/aws-sdk/clients'.
======== Module name '../lib/config-base' was successfully resolved to 'd:/DOPAMS/Toystack/dopams-backend-staging/node_modules/aws-sdk/lib/config-base.d.ts' with Package ID 'aws-sdk/lib/config-base.d.ts@2.1693.0'. ========
File 'd:/DOPAMS/Toystack/dopams-backend-staging/node_modules/aws-sdk/clients/package.json' does not exist according to earlier cached lookups.
File 'd:/DOPAMS/Toystack/dopams-backend-staging/node_modules/aws-sdk/package.json' exists according to earlier cached lookups.
======== Resolving module '../lib/request' from 'd:/DOPAMS/Toystack/dopams-backend-staging/node_modules/aws-sdk/clients/neptune.d.ts'. ========
Resolution for module '../lib/request' was found in cache from location 'd:/DOPAMS/Toystack/dopams-backend-staging/node_modules/aws-sdk/clients'.
======== Module name '../lib/request' was successfully resolved to 'd:/DOPAMS/Toystack/dopams-backend-staging/node_modules/aws-sdk/lib/request.d.ts' with Package ID 'aws-sdk/lib/request.d.ts@2.1693.0'. ========
======== Resolving module '../lib/response' from 'd:/DOPAMS/Toystack/dopams-backend-staging/node_modules/aws-sdk/clients/neptune.d.ts'. ========
Resolution for module '../lib/response' was found in cache from location 'd:/DOPAMS/Toystack/dopams-backend-staging/node_modules/aws-sdk/clients'.
======== Module name '../lib/response' was successfully resolved to 'd:/DOPAMS/Toystack/dopams-backend-staging/node_modules/aws-sdk/lib/response.d.ts' with Package ID 'aws-sdk/lib/response.d.ts@2.1693.0'. ========
======== Resolving module '../lib/error' from 'd:/DOPAMS/Toystack/dopams-backend-staging/node_modules/aws-sdk/clients/neptune.d.ts'. ========
Resolution for module '../lib/error' was found in cache from location 'd:/DOPAMS/Toystack/dopams-backend-staging/node_modules/aws-sdk/clients'.
======== Module name '../lib/error' was successfully resolved to 'd:/DOPAMS/Toystack/dopams-backend-staging/node_modules/aws-sdk/lib/error.d.ts' with Package ID 'aws-sdk/lib/error.d.ts@2.1693.0'. ========
======== Resolving module '../lib/service' from 'd:/DOPAMS/Toystack/dopams-backend-staging/node_modules/aws-sdk/clients/neptune.d.ts'. ========
Resolution for module '../lib/service' was found in cache from location 'd:/DOPAMS/Toystack/dopams-backend-staging/node_modules/aws-sdk/clients'.
======== Module name '../lib/service' was successfully resolved to 'd:/DOPAMS/Toystack/dopams-backend-staging/node_modules/aws-sdk/lib/service.d.ts' with Package ID 'aws-sdk/lib/service.d.ts@2.1693.0'. ========
======== Resolving module '../lib/config-base' from 'd:/DOPAMS/Toystack/dopams-backend-staging/node_modules/aws-sdk/clients/neptune.d.ts'. ========
Resolution for module '../lib/config-base' was found in cache from location 'd:/DOPAMS/Toystack/dopams-backend-staging/node_modules/aws-sdk/clients'.
======== Module name '../lib/config-base' was successfully resolved to 'd:/DOPAMS/Toystack/dopams-backend-staging/node_modules/aws-sdk/lib/config-base.d.ts' with Package ID 'aws-sdk/lib/config-base.d.ts@2.1693.0'. ========
File 'd:/DOPAMS/Toystack/dopams-backend-staging/node_modules/aws-sdk/clients/package.json' does not exist according to earlier cached lookups.
File 'd:/DOPAMS/Toystack/dopams-backend-staging/node_modules/aws-sdk/package.json' exists according to earlier cached lookups.
======== Resolving module '../lib/request' from 'd:/DOPAMS/Toystack/dopams-backend-staging/node_modules/aws-sdk/clients/mediatailor.d.ts'. ========
Resolution for module '../lib/request' was found in cache from location 'd:/DOPAMS/Toystack/dopams-backend-staging/node_modules/aws-sdk/clients'.
======== Module name '../lib/request' was successfully resolved to 'd:/DOPAMS/Toystack/dopams-backend-staging/node_modules/aws-sdk/lib/request.d.ts' with Package ID 'aws-sdk/lib/request.d.ts@2.1693.0'. ========
======== Resolving module '../lib/response' from 'd:/DOPAMS/Toystack/dopams-backend-staging/node_modules/aws-sdk/clients/mediatailor.d.ts'. ========
Resolution for module '../lib/response' was found in cache from location 'd:/DOPAMS/Toystack/dopams-backend-staging/node_modules/aws-sdk/clients'.
======== Module name '../lib/response' was successfully resolved to 'd:/DOPAMS/Toystack/dopams-backend-staging/node_modules/aws-sdk/lib/response.d.ts' with Package ID 'aws-sdk/lib/response.d.ts@2.1693.0'. ========
======== Resolving module '../lib/error' from 'd:/DOPAMS/Toystack/dopams-backend-staging/node_modules/aws-sdk/clients/mediatailor.d.ts'. ========
Resolution for module '../lib/error' was found in cache from location 'd:/DOPAMS/Toystack/dopams-backend-staging/node_modules/aws-sdk/clients'.
======== Module name '../lib/error' was successfully resolved to 'd:/DOPAMS/Toystack/dopams-backend-staging/node_modules/aws-sdk/lib/error.d.ts' with Package ID 'aws-sdk/lib/error.d.ts@2.1693.0'. ========
======== Resolving module '../lib/service' from 'd:/DOPAMS/Toystack/dopams-backend-staging/node_modules/aws-sdk/clients/mediatailor.d.ts'. ========
Resolution for module '../lib/service' was found in cache from location 'd:/DOPAMS/Toystack/dopams-backend-staging/node_modules/aws-sdk/clients'.
======== Module name '../lib/service' was successfully resolved to 'd:/DOPAMS/Toystack/dopams-backend-staging/node_modules/aws-sdk/lib/service.d.ts' with Package ID 'aws-sdk/lib/service.d.ts@2.1693.0'. ========
======== Resolving module '../lib/config-base' from 'd:/DOPAMS/Toystack/dopams-backend-staging/node_modules/aws-sdk/clients/mediatailor.d.ts'. ========
Resolution for module '../lib/config-base' was found in cache from location 'd:/DOPAMS/Toystack/dopams-backend-staging/node_modules/aws-sdk/clients'.
======== Module name '../lib/config-base' was successfully resolved to 'd:/DOPAMS/Toystack/dopams-backend-staging/node_modules/aws-sdk/lib/config-base.d.ts' with Package ID 'aws-sdk/lib/config-base.d.ts@2.1693.0'. ========
File 'd:/DOPAMS/Toystack/dopams-backend-staging/node_modules/aws-sdk/clients/package.json' does not exist according to earlier cached lookups.
File 'd:/DOPAMS/Toystack/dopams-backend-staging/node_modules/aws-sdk/package.json' exists according to earlier cached lookups.
======== Resolving module '../lib/request' from 'd:/DOPAMS/Toystack/dopams-backend-staging/node_modules/aws-sdk/clients/eks.d.ts'. ========
Resolution for module '../lib/request' was found in cache from location 'd:/DOPAMS/Toystack/dopams-backend-staging/node_modules/aws-sdk/clients'.
======== Module name '../lib/request' was successfully resolved to 'd:/DOPAMS/Toystack/dopams-backend-staging/node_modules/aws-sdk/lib/request.d.ts' with Package ID 'aws-sdk/lib/request.d.ts@2.1693.0'. ========
======== Resolving module '../lib/response' from 'd:/DOPAMS/Toystack/dopams-backend-staging/node_modules/aws-sdk/clients/eks.d.ts'. ========
Resolution for module '../lib/response' was found in cache from location 'd:/DOPAMS/Toystack/dopams-backend-staging/node_modules/aws-sdk/clients'.
======== Module name '../lib/response' was successfully resolved to 'd:/DOPAMS/Toystack/dopams-backend-staging/node_modules/aws-sdk/lib/response.d.ts' with Package ID 'aws-sdk/lib/response.d.ts@2.1693.0'. ========
======== Resolving module '../lib/error' from 'd:/DOPAMS/Toystack/dopams-backend-staging/node_modules/aws-sdk/clients/eks.d.ts'. ========
Resolution for module '../lib/error' was found in cache from location 'd:/DOPAMS/Toystack/dopams-backend-staging/node_modules/aws-sdk/clients'.
======== Module name '../lib/error' was successfully resolved to 'd:/DOPAMS/Toystack/dopams-backend-staging/node_modules/aws-sdk/lib/error.d.ts' with Package ID 'aws-sdk/lib/error.d.ts@2.1693.0'. ========
======== Resolving module '../lib/service' from 'd:/DOPAMS/Toystack/dopams-backend-staging/node_modules/aws-sdk/clients/eks.d.ts'. ========
Resolution for module '../lib/service' was found in cache from location 'd:/DOPAMS/Toystack/dopams-backend-staging/node_modules/aws-sdk/clients'.
======== Module name '../lib/service' was successfully resolved to 'd:/DOPAMS/Toystack/dopams-backend-staging/node_modules/aws-sdk/lib/service.d.ts' with Package ID 'aws-sdk/lib/service.d.ts@2.1693.0'. ========
======== Resolving module '../lib/config-base' from 'd:/DOPAMS/Toystack/dopams-backend-staging/node_modules/aws-sdk/clients/eks.d.ts'. ========
Resolution for module '../lib/config-base' was found in cache from location 'd:/DOPAMS/Toystack/dopams-backend-staging/node_modules/aws-sdk/clients'.
======== Module name '../lib/config-base' was successfully resolved to 'd:/DOPAMS/Toystack/dopams-backend-staging/node_modules/aws-sdk/lib/config-base.d.ts' with Package ID 'aws-sdk/lib/config-base.d.ts@2.1693.0'. ========
File 'd:/DOPAMS/Toystack/dopams-backend-staging/node_modules/aws-sdk/clients/package.json' does not exist according to earlier cached lookups.
File 'd:/DOPAMS/Toystack/dopams-backend-staging/node_modules/aws-sdk/package.json' exists according to earlier cached lookups.
======== Resolving module '../lib/request' from 'd:/DOPAMS/Toystack/dopams-backend-staging/node_modules/aws-sdk/clients/dlm.d.ts'. ========
Resolution for module '../lib/request' was found in cache from location 'd:/DOPAMS/Toystack/dopams-backend-staging/node_modules/aws-sdk/clients'.
======== Module name '../lib/request' was successfully resolved to 'd:/DOPAMS/Toystack/dopams-backend-staging/node_modules/aws-sdk/lib/request.d.ts' with Package ID 'aws-sdk/lib/request.d.ts@2.1693.0'. ========
======== Resolving module '../lib/response' from 'd:/DOPAMS/Toystack/dopams-backend-staging/node_modules/aws-sdk/clients/dlm.d.ts'. ========
Resolution for module '../lib/response' was found in cache from location 'd:/DOPAMS/Toystack/dopams-backend-staging/node_modules/aws-sdk/clients'.
======== Module name '../lib/response' was successfully resolved to 'd:/DOPAMS/Toystack/dopams-backend-staging/node_modules/aws-sdk/lib/response.d.ts' with Package ID 'aws-sdk/lib/response.d.ts@2.1693.0'. ========
======== Resolving module '../lib/error' from 'd:/DOPAMS/Toystack/dopams-backend-staging/node_modules/aws-sdk/clients/dlm.d.ts'. ========
Resolution for module '../lib/error' was found in cache from location 'd:/DOPAMS/Toystack/dopams-backend-staging/node_modules/aws-sdk/clients'.
======== Module name '../lib/error' was successfully resolved to 'd:/DOPAMS/Toystack/dopams-backend-staging/node_modules/aws-sdk/lib/error.d.ts' with Package ID 'aws-sdk/lib/error.d.ts@2.1693.0'. ========
======== Resolving module '../lib/service' from 'd:/DOPAMS/Toystack/dopams-backend-staging/node_modules/aws-sdk/clients/dlm.d.ts'. ========
Resolution for module '../lib/service' was found in cache from location 'd:/DOPAMS/Toystack/dopams-backend-staging/node_modules/aws-sdk/clients'.
======== Module name '../lib/service' was successfully resolved to 'd:/DOPAMS/Toystack/dopams-backend-staging/node_modules/aws-sdk/lib/service.d.ts' with Package ID 'aws-sdk/lib/service.d.ts@2.1693.0'. ========
======== Resolving module '../lib/config-base' from 'd:/DOPAMS/Toystack/dopams-backend-staging/node_modules/aws-sdk/clients/dlm.d.ts'. ========
Resolution for module '../lib/config-base' was found in cache from location 'd:/DOPAMS/Toystack/dopams-backend-staging/node_modules/aws-sdk/clients'.
======== Module name '../lib/config-base' was successfully resolved to 'd:/DOPAMS/Toystack/dopams-backend-staging/node_modules/aws-sdk/lib/config-base.d.ts' with Package ID 'aws-sdk/lib/config-base.d.ts@2.1693.0'. ========
File 'd:/DOPAMS/Toystack/dopams-backend-staging/node_modules/aws-sdk/clients/package.json' does not exist according to earlier cached lookups.
File 'd:/DOPAMS/Toystack/dopams-backend-staging/node_modules/aws-sdk/package.json' exists according to earlier cached lookups.
======== Resolving module '../lib/request' from 'd:/DOPAMS/Toystack/dopams-backend-staging/node_modules/aws-sdk/clients/signer.d.ts'. ========
Resolution for module '../lib/request' was found in cache from location 'd:/DOPAMS/Toystack/dopams-backend-staging/node_modules/aws-sdk/clients'.
======== Module name '../lib/request' was successfully resolved to 'd:/DOPAMS/Toystack/dopams-backend-staging/node_modules/aws-sdk/lib/request.d.ts' with Package ID 'aws-sdk/lib/request.d.ts@2.1693.0'. ========
======== Resolving module '../lib/response' from 'd:/DOPAMS/Toystack/dopams-backend-staging/node_modules/aws-sdk/clients/signer.d.ts'. ========
Resolution for module '../lib/response' was found in cache from location 'd:/DOPAMS/Toystack/dopams-backend-staging/node_modules/aws-sdk/clients'.
======== Module name '../lib/response' was successfully resolved to 'd:/DOPAMS/Toystack/dopams-backend-staging/node_modules/aws-sdk/lib/response.d.ts' with Package ID 'aws-sdk/lib/response.d.ts@2.1693.0'. ========
======== Resolving module '../lib/error' from 'd:/DOPAMS/Toystack/dopams-backend-staging/node_modules/aws-sdk/clients/signer.d.ts'. ========
Resolution for module '../lib/error' was found in cache from location 'd:/DOPAMS/Toystack/dopams-backend-staging/node_modules/aws-sdk/clients'.
======== Module name '../lib/error' was successfully resolved to 'd:/DOPAMS/Toystack/dopams-backend-staging/node_modules/aws-sdk/lib/error.d.ts' with Package ID 'aws-sdk/lib/error.d.ts@2.1693.0'. ========
======== Resolving module '../lib/service' from 'd:/DOPAMS/Toystack/dopams-backend-staging/node_modules/aws-sdk/clients/signer.d.ts'. ========
Resolution for module '../lib/service' was found in cache from location 'd:/DOPAMS/Toystack/dopams-backend-staging/node_modules/aws-sdk/clients'.
======== Module name '../lib/service' was successfully resolved to 'd:/DOPAMS/Toystack/dopams-backend-staging/node_modules/aws-sdk/lib/service.d.ts' with Package ID 'aws-sdk/lib/service.d.ts@2.1693.0'. ========
======== Resolving module '../lib/config-base' from 'd:/DOPAMS/Toystack/dopams-backend-staging/node_modules/aws-sdk/clients/signer.d.ts'. ========
Resolution for module '../lib/config-base' was found in cache from location 'd:/DOPAMS/Toystack/dopams-backend-staging/node_modules/aws-sdk/clients'.
======== Module name '../lib/config-base' was successfully resolved to 'd:/DOPAMS/Toystack/dopams-backend-staging/node_modules/aws-sdk/lib/config-base.d.ts' with Package ID 'aws-sdk/lib/config-base.d.ts@2.1693.0'. ========
File 'd:/DOPAMS/Toystack/dopams-backend-staging/node_modules/aws-sdk/clients/package.json' does not exist according to earlier cached lookups.
File 'd:/DOPAMS/Toystack/dopams-backend-staging/node_modules/aws-sdk/package.json' exists according to earlier cached lookups.
======== Resolving module '../lib/request' from 'd:/DOPAMS/Toystack/dopams-backend-staging/node_modules/aws-sdk/clients/chime.d.ts'. ========
Resolution for module '../lib/request' was found in cache from location 'd:/DOPAMS/Toystack/dopams-backend-staging/node_modules/aws-sdk/clients'.
======== Module name '../lib/request' was successfully resolved to 'd:/DOPAMS/Toystack/dopams-backend-staging/node_modules/aws-sdk/lib/request.d.ts' with Package ID 'aws-sdk/lib/request.d.ts@2.1693.0'. ========
======== Resolving module '../lib/response' from 'd:/DOPAMS/Toystack/dopams-backend-staging/node_modules/aws-sdk/clients/chime.d.ts'. ========
Resolution for module '../lib/response' was found in cache from location 'd:/DOPAMS/Toystack/dopams-backend-staging/node_modules/aws-sdk/clients'.
======== Module name '../lib/response' was successfully resolved to 'd:/DOPAMS/Toystack/dopams-backend-staging/node_modules/aws-sdk/lib/response.d.ts' with Package ID 'aws-sdk/lib/response.d.ts@2.1693.0'. ========
======== Resolving module '../lib/error' from 'd:/DOPAMS/Toystack/dopams-backend-staging/node_modules/aws-sdk/clients/chime.d.ts'. ========
Resolution for module '../lib/error' was found in cache from location 'd:/DOPAMS/Toystack/dopams-backend-staging/node_modules/aws-sdk/clients'.
======== Module name '../lib/error' was successfully resolved to 'd:/DOPAMS/Toystack/dopams-backend-staging/node_modules/aws-sdk/lib/error.d.ts' with Package ID 'aws-sdk/lib/error.d.ts@2.1693.0'. ========
======== Resolving module '../lib/service' from 'd:/DOPAMS/Toystack/dopams-backend-staging/node_modules/aws-sdk/clients/chime.d.ts'. ========
Resolution for module '../lib/service' was found in cache from location 'd:/DOPAMS/Toystack/dopams-backend-staging/node_modules/aws-sdk/clients'.
======== Module name '../lib/service' was successfully resolved to 'd:/DOPAMS/Toystack/dopams-backend-staging/node_modules/aws-sdk/lib/service.d.ts' with Package ID 'aws-sdk/lib/service.d.ts@2.1693.0'. ========
======== Resolving module '../lib/config-base' from 'd:/DOPAMS/Toystack/dopams-backend-staging/node_modules/aws-sdk/clients/chime.d.ts'. ========
Resolution for module '../lib/config-base' was found in cache from location 'd:/DOPAMS/Toystack/dopams-backend-staging/node_modules/aws-sdk/clients'.
======== Module name '../lib/config-base' was successfully resolved to 'd:/DOPAMS/Toystack/dopams-backend-staging/node_modules/aws-sdk/lib/config-base.d.ts' with Package ID 'aws-sdk/lib/config-base.d.ts@2.1693.0'. ========
File 'd:/DOPAMS/Toystack/dopams-backend-staging/node_modules/aws-sdk/clients/package.json' does not exist according to earlier cached lookups.
File 'd:/DOPAMS/Toystack/dopams-backend-staging/node_modules/aws-sdk/package.json' exists according to earlier cached lookups.
======== Resolving module '../lib/request' from 'd:/DOPAMS/Toystack/dopams-backend-staging/node_modules/aws-sdk/clients/pinpointemail.d.ts'. ========
Resolution for module '../lib/request' was found in cache from location 'd:/DOPAMS/Toystack/dopams-backend-staging/node_modules/aws-sdk/clients'.
======== Module name '../lib/request' was successfully resolved to 'd:/DOPAMS/Toystack/dopams-backend-staging/node_modules/aws-sdk/lib/request.d.ts' with Package ID 'aws-sdk/lib/request.d.ts@2.1693.0'. ========
======== Resolving module '../lib/response' from 'd:/DOPAMS/Toystack/dopams-backend-staging/node_modules/aws-sdk/clients/pinpointemail.d.ts'. ========
Resolution for module '../lib/response' was found in cache from location 'd:/DOPAMS/Toystack/dopams-backend-staging/node_modules/aws-sdk/clients'.
======== Module name '../lib/response' was successfully resolved to 'd:/DOPAMS/Toystack/dopams-backend-staging/node_modules/aws-sdk/lib/response.d.ts' with Package ID 'aws-sdk/lib/response.d.ts@2.1693.0'. ========
======== Resolving module '../lib/error' from 'd:/DOPAMS/Toystack/dopams-backend-staging/node_modules/aws-sdk/clients/pinpointemail.d.ts'. ========
Resolution for module '../lib/error' was found in cache from location 'd:/DOPAMS/Toystack/dopams-backend-staging/node_modules/aws-sdk/clients'.
======== Module name '../lib/error' was successfully resolved to 'd:/DOPAMS/Toystack/dopams-backend-staging/node_modules/aws-sdk/lib/error.d.ts' with Package ID 'aws-sdk/lib/error.d.ts@2.1693.0'. ========
======== Resolving module '../lib/service' from 'd:/DOPAMS/Toystack/dopams-backend-staging/node_modules/aws-sdk/clients/pinpointemail.d.ts'. ========
Resolution for module '../lib/service' was found in cache from location 'd:/DOPAMS/Toystack/dopams-backend-staging/node_modules/aws-sdk/clients'.
======== Module name '../lib/service' was successfully resolved to 'd:/DOPAMS/Toystack/dopams-backend-staging/node_modules/aws-sdk/lib/service.d.ts' with Package ID 'aws-sdk/lib/service.d.ts@2.1693.0'. ========
======== Resolving module '../lib/config-base' from 'd:/DOPAMS/Toystack/dopams-backend-staging/node_modules/aws-sdk/clients/pinpointemail.d.ts'. ========
Resolution for module '../lib/config-base' was found in cache from location 'd:/DOPAMS/Toystack/dopams-backend-staging/node_modules/aws-sdk/clients'.
======== Module name '../lib/config-base' was successfully resolved to 'd:/DOPAMS/Toystack/dopams-backend-staging/node_modules/aws-sdk/lib/config-base.d.ts' with Package ID 'aws-sdk/lib/config-base.d.ts@2.1693.0'. ========
File 'd:/DOPAMS/Toystack/dopams-backend-staging/node_modules/aws-sdk/clients/package.json' does not exist according to earlier cached lookups.
File 'd:/DOPAMS/Toystack/dopams-backend-staging/node_modules/aws-sdk/package.json' exists according to earlier cached lookups.
======== Resolving module '../lib/request' from 'd:/DOPAMS/Toystack/dopams-backend-staging/node_modules/aws-sdk/clients/ram.d.ts'. ========
Resolution for module '../lib/request' was found in cache from location 'd:/DOPAMS/Toystack/dopams-backend-staging/node_modules/aws-sdk/clients'.
======== Module name '../lib/request' was successfully resolved to 'd:/DOPAMS/Toystack/dopams-backend-staging/node_modules/aws-sdk/lib/request.d.ts' with Package ID 'aws-sdk/lib/request.d.ts@2.1693.0'. ========
======== Resolving module '../lib/response' from 'd:/DOPAMS/Toystack/dopams-backend-staging/node_modules/aws-sdk/clients/ram.d.ts'. ========
Resolution for module '../lib/response' was found in cache from location 'd:/DOPAMS/Toystack/dopams-backend-staging/node_modules/aws-sdk/clients'.
======== Module name '../lib/response' was successfully resolved to 'd:/DOPAMS/Toystack/dopams-backend-staging/node_modules/aws-sdk/lib/response.d.ts' with Package ID 'aws-sdk/lib/response.d.ts@2.1693.0'. ========
======== Resolving module '../lib/error' from 'd:/DOPAMS/Toystack/dopams-backend-staging/node_modules/aws-sdk/clients/ram.d.ts'. ========
Resolution for module '../lib/error' was found in cache from location 'd:/DOPAMS/Toystack/dopams-backend-staging/node_modules/aws-sdk/clients'.
======== Module name '../lib/error' was successfully resolved to 'd:/DOPAMS/Toystack/dopams-backend-staging/node_modules/aws-sdk/lib/error.d.ts' with Package ID 'aws-sdk/lib/error.d.ts@2.1693.0'. ========
======== Resolving module '../lib/service' from 'd:/DOPAMS/Toystack/dopams-backend-staging/node_modules/aws-sdk/clients/ram.d.ts'. ========
Resolution for module '../lib/service' was found in cache from location 'd:/DOPAMS/Toystack/dopams-backend-staging/node_modules/aws-sdk/clients'.
======== Module name '../lib/service' was successfully resolved to 'd:/DOPAMS/Toystack/dopams-backend-staging/node_modules/aws-sdk/lib/service.d.ts' with Package ID 'aws-sdk/lib/service.d.ts@2.1693.0'. ========
======== Resolving module '../lib/config-base' from 'd:/DOPAMS/Toystack/dopams-backend-staging/node_modules/aws-sdk/clients/ram.d.ts'. ========
Resolution for module '../lib/config-base' was found in cache from location 'd:/DOPAMS/Toystack/dopams-backend-staging/node_modules/aws-sdk/clients'.
======== Module name '../lib/config-base' was successfully resolved to 'd:/DOPAMS/Toystack/dopams-backend-staging/node_modules/aws-sdk/lib/config-base.d.ts' with Package ID 'aws-sdk/lib/config-base.d.ts@2.1693.0'. ========
File 'd:/DOPAMS/Toystack/dopams-backend-staging/node_modules/aws-sdk/clients/package.json' does not exist according to earlier cached lookups.
File 'd:/DOPAMS/Toystack/dopams-backend-staging/node_modules/aws-sdk/package.json' exists according to earlier cached lookups.
======== Resolving module '../lib/request' from 'd:/DOPAMS/Toystack/dopams-backend-staging/node_modules/aws-sdk/clients/route53resolver.d.ts'. ========
Resolution for module '../lib/request' was found in cache from location 'd:/DOPAMS/Toystack/dopams-backend-staging/node_modules/aws-sdk/clients'.
======== Module name '../lib/request' was successfully resolved to 'd:/DOPAMS/Toystack/dopams-backend-staging/node_modules/aws-sdk/lib/request.d.ts' with Package ID 'aws-sdk/lib/request.d.ts@2.1693.0'. ========
======== Resolving module '../lib/response' from 'd:/DOPAMS/Toystack/dopams-backend-staging/node_modules/aws-sdk/clients/route53resolver.d.ts'. ========
Resolution for module '../lib/response' was found in cache from location 'd:/DOPAMS/Toystack/dopams-backend-staging/node_modules/aws-sdk/clients'.
======== Module name '../lib/response' was successfully resolved to 'd:/DOPAMS/Toystack/dopams-backend-staging/node_modules/aws-sdk/lib/response.d.ts' with Package ID 'aws-sdk/lib/response.d.ts@2.1693.0'. ========
======== Resolving module '../lib/error' from 'd:/DOPAMS/Toystack/dopams-backend-staging/node_modules/aws-sdk/clients/route53resolver.d.ts'. ========
Resolution for module '../lib/error' was found in cache from location 'd:/DOPAMS/Toystack/dopams-backend-staging/node_modules/aws-sdk/clients'.
======== Module name '../lib/error' was successfully resolved to 'd:/DOPAMS/Toystack/dopams-backend-staging/node_modules/aws-sdk/lib/error.d.ts' with Package ID 'aws-sdk/lib/error.d.ts@2.1693.0'. ========
======== Resolving module '../lib/service' from 'd:/DOPAMS/Toystack/dopams-backend-staging/node_modules/aws-sdk/clients/route53resolver.d.ts'. ========
Resolution for module '../lib/service' was found in cache from location 'd:/DOPAMS/Toystack/dopams-backend-staging/node_modules/aws-sdk/clients'.
======== Module name '../lib/service' was successfully resolved to 'd:/DOPAMS/Toystack/dopams-backend-staging/node_modules/aws-sdk/lib/service.d.ts' with Package ID 'aws-sdk/lib/service.d.ts@2.1693.0'. ========
======== Resolving module '../lib/config-base' from 'd:/DOPAMS/Toystack/dopams-backend-staging/node_modules/aws-sdk/clients/route53resolver.d.ts'. ========
Resolution for module '../lib/config-base' was found in cache from location 'd:/DOPAMS/Toystack/dopams-backend-staging/node_modules/aws-sdk/clients'.
======== Module name '../lib/config-base' was successfully resolved to 'd:/DOPAMS/Toystack/dopams-backend-staging/node_modules/aws-sdk/lib/config-base.d.ts' with Package ID 'aws-sdk/lib/config-base.d.ts@2.1693.0'. ========
File 'd:/DOPAMS/Toystack/dopams-backend-staging/node_modules/aws-sdk/clients/package.json' does not exist according to earlier cached lookups.
File 'd:/DOPAMS/Toystack/dopams-backend-staging/node_modules/aws-sdk/package.json' exists according to earlier cached lookups.
======== Resolving module '../lib/request' from 'd:/DOPAMS/Toystack/dopams-backend-staging/node_modules/aws-sdk/clients/pinpointsmsvoice.d.ts'. ========
Resolution for module '../lib/request' was found in cache from location 'd:/DOPAMS/Toystack/dopams-backend-staging/node_modules/aws-sdk/clients'.
======== Module name '../lib/request' was successfully resolved to 'd:/DOPAMS/Toystack/dopams-backend-staging/node_modules/aws-sdk/lib/request.d.ts' with Package ID 'aws-sdk/lib/request.d.ts@2.1693.0'. ========
======== Resolving module '../lib/response' from 'd:/DOPAMS/Toystack/dopams-backend-staging/node_modules/aws-sdk/clients/pinpointsmsvoice.d.ts'. ========
Resolution for module '../lib/response' was found in cache from location 'd:/DOPAMS/Toystack/dopams-backend-staging/node_modules/aws-sdk/clients'.
======== Module name '../lib/response' was successfully resolved to 'd:/DOPAMS/Toystack/dopams-backend-staging/node_modules/aws-sdk/lib/response.d.ts' with Package ID 'aws-sdk/lib/response.d.ts@2.1693.0'. ========
======== Resolving module '../lib/error' from 'd:/DOPAMS/Toystack/dopams-backend-staging/node_modules/aws-sdk/clients/pinpointsmsvoice.d.ts'. ========
Resolution for module '../lib/error' was found in cache from location 'd:/DOPAMS/Toystack/dopams-backend-staging/node_modules/aws-sdk/clients'.
======== Module name '../lib/error' was successfully resolved to 'd:/DOPAMS/Toystack/dopams-backend-staging/node_modules/aws-sdk/lib/error.d.ts' with Package ID 'aws-sdk/lib/error.d.ts@2.1693.0'. ========
======== Resolving module '../lib/service' from 'd:/DOPAMS/Toystack/dopams-backend-staging/node_modules/aws-sdk/clients/pinpointsmsvoice.d.ts'. ========
Resolution for module '../lib/service' was found in cache from location 'd:/DOPAMS/Toystack/dopams-backend-staging/node_modules/aws-sdk/clients'.
======== Module name '../lib/service' was successfully resolved to 'd:/DOPAMS/Toystack/dopams-backend-staging/node_modules/aws-sdk/lib/service.d.ts' with Package ID 'aws-sdk/lib/service.d.ts@2.1693.0'. ========
======== Resolving module '../lib/config-base' from 'd:/DOPAMS/Toystack/dopams-backend-staging/node_modules/aws-sdk/clients/pinpointsmsvoice.d.ts'. ========
Resolution for module '../lib/config-base' was found in cache from location 'd:/DOPAMS/Toystack/dopams-backend-staging/node_modules/aws-sdk/clients'.
======== Module name '../lib/config-base' was successfully resolved to 'd:/DOPAMS/Toystack/dopams-backend-staging/node_modules/aws-sdk/lib/config-base.d.ts' with Package ID 'aws-sdk/lib/config-base.d.ts@2.1693.0'. ========
File 'd:/DOPAMS/Toystack/dopams-backend-staging/node_modules/aws-sdk/clients/package.json' does not exist according to earlier cached lookups.
File 'd:/DOPAMS/Toystack/dopams-backend-staging/node_modules/aws-sdk/package.json' exists according to earlier cached lookups.
======== Resolving module '../lib/request' from 'd:/DOPAMS/Toystack/dopams-backend-staging/node_modules/aws-sdk/clients/quicksight.d.ts'. ========
Resolution for module '../lib/request' was found in cache from location 'd:/DOPAMS/Toystack/dopams-backend-staging/node_modules/aws-sdk/clients'.
======== Module name '../lib/request' was successfully resolved to 'd:/DOPAMS/Toystack/dopams-backend-staging/node_modules/aws-sdk/lib/request.d.ts' with Package ID 'aws-sdk/lib/request.d.ts@2.1693.0'. ========
======== Resolving module '../lib/response' from 'd:/DOPAMS/Toystack/dopams-backend-staging/node_modules/aws-sdk/clients/quicksight.d.ts'. ========
Resolution for module '../lib/response' was found in cache from location 'd:/DOPAMS/Toystack/dopams-backend-staging/node_modules/aws-sdk/clients'.
======== Module name '../lib/response' was successfully resolved to 'd:/DOPAMS/Toystack/dopams-backend-staging/node_modules/aws-sdk/lib/response.d.ts' with Package ID 'aws-sdk/lib/response.d.ts@2.1693.0'. ========
======== Resolving module '../lib/error' from 'd:/DOPAMS/Toystack/dopams-backend-staging/node_modules/aws-sdk/clients/quicksight.d.ts'. ========
Resolution for module '../lib/error' was found in cache from location 'd:/DOPAMS/Toystack/dopams-backend-staging/node_modules/aws-sdk/clients'.
======== Module name '../lib/error' was successfully resolved to 'd:/DOPAMS/Toystack/dopams-backend-staging/node_modules/aws-sdk/lib/error.d.ts' with Package ID 'aws-sdk/lib/error.d.ts@2.1693.0'. ========
======== Resolving module '../lib/service' from 'd:/DOPAMS/Toystack/dopams-backend-staging/node_modules/aws-sdk/clients/quicksight.d.ts'. ========
Resolution for module '../lib/service' was found in cache from location 'd:/DOPAMS/Toystack/dopams-backend-staging/node_modules/aws-sdk/clients'.
======== Module name '../lib/service' was successfully resolved to 'd:/DOPAMS/Toystack/dopams-backend-staging/node_modules/aws-sdk/lib/service.d.ts' with Package ID 'aws-sdk/lib/service.d.ts@2.1693.0'. ========
======== Resolving module '../lib/config-base' from 'd:/DOPAMS/Toystack/dopams-backend-staging/node_modules/aws-sdk/clients/quicksight.d.ts'. ========
Resolution for module '../lib/config-base' was found in cache from location 'd:/DOPAMS/Toystack/dopams-backend-staging/node_modules/aws-sdk/clients'.
======== Module name '../lib/config-base' was successfully resolved to 'd:/DOPAMS/Toystack/dopams-backend-staging/node_modules/aws-sdk/lib/config-base.d.ts' with Package ID 'aws-sdk/lib/config-base.d.ts@2.1693.0'. ========
File 'd:/DOPAMS/Toystack/dopams-backend-staging/node_modules/aws-sdk/clients/package.json' does not exist according to earlier cached lookups.
File 'd:/DOPAMS/Toystack/dopams-backend-staging/node_modules/aws-sdk/package.json' exists according to earlier cached lookups.
======== Resolving module '../lib/request' from 'd:/DOPAMS/Toystack/dopams-backend-staging/node_modules/aws-sdk/clients/rdsdataservice.d.ts'. ========
Resolution for module '../lib/request' was found in cache from location 'd:/DOPAMS/Toystack/dopams-backend-staging/node_modules/aws-sdk/clients'.
======== Module name '../lib/request' was successfully resolved to 'd:/DOPAMS/Toystack/dopams-backend-staging/node_modules/aws-sdk/lib/request.d.ts' with Package ID 'aws-sdk/lib/request.d.ts@2.1693.0'. ========
======== Resolving module '../lib/response' from 'd:/DOPAMS/Toystack/dopams-backend-staging/node_modules/aws-sdk/clients/rdsdataservice.d.ts'. ========
Resolution for module '../lib/response' was found in cache from location 'd:/DOPAMS/Toystack/dopams-backend-staging/node_modules/aws-sdk/clients'.
======== Module name '../lib/response' was successfully resolved to 'd:/DOPAMS/Toystack/dopams-backend-staging/node_modules/aws-sdk/lib/response.d.ts' with Package ID 'aws-sdk/lib/response.d.ts@2.1693.0'. ========
======== Resolving module '../lib/error' from 'd:/DOPAMS/Toystack/dopams-backend-staging/node_modules/aws-sdk/clients/rdsdataservice.d.ts'. ========
Resolution for module '../lib/error' was found in cache from location 'd:/DOPAMS/Toystack/dopams-backend-staging/node_modules/aws-sdk/clients'.
======== Module name '../lib/error' was successfully resolved to 'd:/DOPAMS/Toystack/dopams-backend-staging/node_modules/aws-sdk/lib/error.d.ts' with Package ID 'aws-sdk/lib/error.d.ts@2.1693.0'. ========
======== Resolving module '../lib/service' from 'd:/DOPAMS/Toystack/dopams-backend-staging/node_modules/aws-sdk/clients/rdsdataservice.d.ts'. ========
Resolution for module '../lib/service' was found in cache from location 'd:/DOPAMS/Toystack/dopams-backend-staging/node_modules/aws-sdk/clients'.
======== Module name '../lib/service' was successfully resolved to 'd:/DOPAMS/Toystack/dopams-backend-staging/node_modules/aws-sdk/lib/service.d.ts' with Package ID 'aws-sdk/lib/service.d.ts@2.1693.0'. ========
======== Resolving module '../lib/config-base' from 'd:/DOPAMS/Toystack/dopams-backend-staging/node_modules/aws-sdk/clients/rdsdataservice.d.ts'. ========
Resolution for module '../lib/config-base' was found in cache from location 'd:/DOPAMS/Toystack/dopams-backend-staging/node_modules/aws-sdk/clients'.
======== Module name '../lib/config-base' was successfully resolved to 'd:/DOPAMS/Toystack/dopams-backend-staging/node_modules/aws-sdk/lib/config-base.d.ts' with Package ID 'aws-sdk/lib/config-base.d.ts@2.1693.0'. ========
File 'd:/DOPAMS/Toystack/dopams-backend-staging/node_modules/aws-sdk/clients/package.json' does not exist according to earlier cached lookups.
File 'd:/DOPAMS/Toystack/dopams-backend-staging/node_modules/aws-sdk/package.json' exists according to earlier cached lookups.
======== Resolving module '../lib/request' from 'd:/DOPAMS/Toystack/dopams-backend-staging/node_modules/aws-sdk/clients/amplify.d.ts'. ========
Resolution for module '../lib/request' was found in cache from location 'd:/DOPAMS/Toystack/dopams-backend-staging/node_modules/aws-sdk/clients'.
======== Module name '../lib/request' was successfully resolved to 'd:/DOPAMS/Toystack/dopams-backend-staging/node_modules/aws-sdk/lib/request.d.ts' with Package ID 'aws-sdk/lib/request.d.ts@2.1693.0'. ========
======== Resolving module '../lib/response' from 'd:/DOPAMS/Toystack/dopams-backend-staging/node_modules/aws-sdk/clients/amplify.d.ts'. ========
Resolution for module '../lib/response' was found in cache from location 'd:/DOPAMS/Toystack/dopams-backend-staging/node_modules/aws-sdk/clients'.
======== Module name '../lib/response' was successfully resolved to 'd:/DOPAMS/Toystack/dopams-backend-staging/node_modules/aws-sdk/lib/response.d.ts' with Package ID 'aws-sdk/lib/response.d.ts@2.1693.0'. ========
======== Resolving module '../lib/error' from 'd:/DOPAMS/Toystack/dopams-backend-staging/node_modules/aws-sdk/clients/amplify.d.ts'. ========
Resolution for module '../lib/error' was found in cache from location 'd:/DOPAMS/Toystack/dopams-backend-staging/node_modules/aws-sdk/clients'.
======== Module name '../lib/error' was successfully resolved to 'd:/DOPAMS/Toystack/dopams-backend-staging/node_modules/aws-sdk/lib/error.d.ts' with Package ID 'aws-sdk/lib/error.d.ts@2.1693.0'. ========
======== Resolving module '../lib/service' from 'd:/DOPAMS/Toystack/dopams-backend-staging/node_modules/aws-sdk/clients/amplify.d.ts'. ========
Resolution for module '../lib/service' was found in cache from location 'd:/DOPAMS/Toystack/dopams-backend-staging/node_modules/aws-sdk/clients'.
======== Module name '../lib/service' was successfully resolved to 'd:/DOPAMS/Toystack/dopams-backend-staging/node_modules/aws-sdk/lib/service.d.ts' with Package ID 'aws-sdk/lib/service.d.ts@2.1693.0'. ========
======== Resolving module '../lib/config-base' from 'd:/DOPAMS/Toystack/dopams-backend-staging/node_modules/aws-sdk/clients/amplify.d.ts'. ========
Resolution for module '../lib/config-base' was found in cache from location 'd:/DOPAMS/Toystack/dopams-backend-staging/node_modules/aws-sdk/clients'.
======== Module name '../lib/config-base' was successfully resolved to 'd:/DOPAMS/Toystack/dopams-backend-staging/node_modules/aws-sdk/lib/config-base.d.ts' with Package ID 'aws-sdk/lib/config-base.d.ts@2.1693.0'. ========
File 'd:/DOPAMS/Toystack/dopams-backend-staging/node_modules/aws-sdk/clients/package.json' does not exist according to earlier cached lookups.
File 'd:/DOPAMS/Toystack/dopams-backend-staging/node_modules/aws-sdk/package.json' exists according to earlier cached lookups.
======== Resolving module '../lib/request' from 'd:/DOPAMS/Toystack/dopams-backend-staging/node_modules/aws-sdk/clients/datasync.d.ts'. ========
Resolution for module '../lib/request' was found in cache from location 'd:/DOPAMS/Toystack/dopams-backend-staging/node_modules/aws-sdk/clients'.
======== Module name '../lib/request' was successfully resolved to 'd:/DOPAMS/Toystack/dopams-backend-staging/node_modules/aws-sdk/lib/request.d.ts' with Package ID 'aws-sdk/lib/request.d.ts@2.1693.0'. ========
======== Resolving module '../lib/response' from 'd:/DOPAMS/Toystack/dopams-backend-staging/node_modules/aws-sdk/clients/datasync.d.ts'. ========
Resolution for module '../lib/response' was found in cache from location 'd:/DOPAMS/Toystack/dopams-backend-staging/node_modules/aws-sdk/clients'.
======== Module name '../lib/response' was successfully resolved to 'd:/DOPAMS/Toystack/dopams-backend-staging/node_modules/aws-sdk/lib/response.d.ts' with Package ID 'aws-sdk/lib/response.d.ts@2.1693.0'. ========
======== Resolving module '../lib/error' from 'd:/DOPAMS/Toystack/dopams-backend-staging/node_modules/aws-sdk/clients/datasync.d.ts'. ========
Resolution for module '../lib/error' was found in cache from location 'd:/DOPAMS/Toystack/dopams-backend-staging/node_modules/aws-sdk/clients'.
======== Module name '../lib/error' was successfully resolved to 'd:/DOPAMS/Toystack/dopams-backend-staging/node_modules/aws-sdk/lib/error.d.ts' with Package ID 'aws-sdk/lib/error.d.ts@2.1693.0'. ========
======== Resolving module '../lib/service' from 'd:/DOPAMS/Toystack/dopams-backend-staging/node_modules/aws-sdk/clients/datasync.d.ts'. ========
Resolution for module '../lib/service' was found in cache from location 'd:/DOPAMS/Toystack/dopams-backend-staging/node_modules/aws-sdk/clients'.
======== Module name '../lib/service' was successfully resolved to 'd:/DOPAMS/Toystack/dopams-backend-staging/node_modules/aws-sdk/lib/service.d.ts' with Package ID 'aws-sdk/lib/service.d.ts@2.1693.0'. ========
======== Resolving module '../lib/config-base' from 'd:/DOPAMS/Toystack/dopams-backend-staging/node_modules/aws-sdk/clients/datasync.d.ts'. ========
Resolution for module '../lib/config-base' was found in cache from location 'd:/DOPAMS/Toystack/dopams-backend-staging/node_modules/aws-sdk/clients'.
======== Module name '../lib/config-base' was successfully resolved to 'd:/DOPAMS/Toystack/dopams-backend-staging/node_modules/aws-sdk/lib/config-base.d.ts' with Package ID 'aws-sdk/lib/config-base.d.ts@2.1693.0'. ========
File 'd:/DOPAMS/Toystack/dopams-backend-staging/node_modules/aws-sdk/clients/package.json' does not exist according to earlier cached lookups.
File 'd:/DOPAMS/Toystack/dopams-backend-staging/node_modules/aws-sdk/package.json' exists according to earlier cached lookups.
======== Resolving module '../lib/request' from 'd:/DOPAMS/Toystack/dopams-backend-staging/node_modules/aws-sdk/clients/robomaker.d.ts'. ========
Resolution for module '../lib/request' was found in cache from location 'd:/DOPAMS/Toystack/dopams-backend-staging/node_modules/aws-sdk/clients'.
======== Module name '../lib/request' was successfully resolved to 'd:/DOPAMS/Toystack/dopams-backend-staging/node_modules/aws-sdk/lib/request.d.ts' with Package ID 'aws-sdk/lib/request.d.ts@2.1693.0'. ========
======== Resolving module '../lib/response' from 'd:/DOPAMS/Toystack/dopams-backend-staging/node_modules/aws-sdk/clients/robomaker.d.ts'. ========
Resolution for module '../lib/response' was found in cache from location 'd:/DOPAMS/Toystack/dopams-backend-staging/node_modules/aws-sdk/clients'.
======== Module name '../lib/response' was successfully resolved to 'd:/DOPAMS/Toystack/dopams-backend-staging/node_modules/aws-sdk/lib/response.d.ts' with Package ID 'aws-sdk/lib/response.d.ts@2.1693.0'. ========
======== Resolving module '../lib/error' from 'd:/DOPAMS/Toystack/dopams-backend-staging/node_modules/aws-sdk/clients/robomaker.d.ts'. ========
Resolution for module '../lib/error' was found in cache from location 'd:/DOPAMS/Toystack/dopams-backend-staging/node_modules/aws-sdk/clients'.
======== Module name '../lib/error' was successfully resolved to 'd:/DOPAMS/Toystack/dopams-backend-staging/node_modules/aws-sdk/lib/error.d.ts' with Package ID 'aws-sdk/lib/error.d.ts@2.1693.0'. ========
======== Resolving module '../lib/service' from 'd:/DOPAMS/Toystack/dopams-backend-staging/node_modules/aws-sdk/clients/robomaker.d.ts'. ========
Resolution for module '../lib/service' was found in cache from location 'd:/DOPAMS/Toystack/dopams-backend-staging/node_modules/aws-sdk/clients'.
======== Module name '../lib/service' was successfully resolved to 'd:/DOPAMS/Toystack/dopams-backend-staging/node_modules/aws-sdk/lib/service.d.ts' with Package ID 'aws-sdk/lib/service.d.ts@2.1693.0'. ========
======== Resolving module '../lib/config-base' from 'd:/DOPAMS/Toystack/dopams-backend-staging/node_modules/aws-sdk/clients/robomaker.d.ts'. ========
Resolution for module '../lib/config-base' was found in cache from location 'd:/DOPAMS/Toystack/dopams-backend-staging/node_modules/aws-sdk/clients'.
======== Module name '../lib/config-base' was successfully resolved to 'd:/DOPAMS/Toystack/dopams-backend-staging/node_modules/aws-sdk/lib/config-base.d.ts' with Package ID 'aws-sdk/lib/config-base.d.ts@2.1693.0'. ========
File 'd:/DOPAMS/Toystack/dopams-backend-staging/node_modules/aws-sdk/clients/package.json' does not exist according to earlier cached lookups.
File 'd:/DOPAMS/Toystack/dopams-backend-staging/node_modules/aws-sdk/package.json' exists according to earlier cached lookups.
======== Resolving module '../lib/request' from 'd:/DOPAMS/Toystack/dopams-backend-staging/node_modules/aws-sdk/clients/transfer.d.ts'. ========
Resolution for module '../lib/request' was found in cache from location 'd:/DOPAMS/Toystack/dopams-backend-staging/node_modules/aws-sdk/clients'.
======== Module name '../lib/request' was successfully resolved to 'd:/DOPAMS/Toystack/dopams-backend-staging/node_modules/aws-sdk/lib/request.d.ts' with Package ID 'aws-sdk/lib/request.d.ts@2.1693.0'. ========
======== Resolving module '../lib/response' from 'd:/DOPAMS/Toystack/dopams-backend-staging/node_modules/aws-sdk/clients/transfer.d.ts'. ========
Resolution for module '../lib/response' was found in cache from location 'd:/DOPAMS/Toystack/dopams-backend-staging/node_modules/aws-sdk/clients'.
======== Module name '../lib/response' was successfully resolved to 'd:/DOPAMS/Toystack/dopams-backend-staging/node_modules/aws-sdk/lib/response.d.ts' with Package ID 'aws-sdk/lib/response.d.ts@2.1693.0'. ========
======== Resolving module '../lib/error' from 'd:/DOPAMS/Toystack/dopams-backend-staging/node_modules/aws-sdk/clients/transfer.d.ts'. ========
Resolution for module '../lib/error' was found in cache from location 'd:/DOPAMS/Toystack/dopams-backend-staging/node_modules/aws-sdk/clients'.
======== Module name '../lib/error' was successfully resolved to 'd:/DOPAMS/Toystack/dopams-backend-staging/node_modules/aws-sdk/lib/error.d.ts' with Package ID 'aws-sdk/lib/error.d.ts@2.1693.0'. ========
======== Resolving module '../lib/service' from 'd:/DOPAMS/Toystack/dopams-backend-staging/node_modules/aws-sdk/clients/transfer.d.ts'. ========
Resolution for module '../lib/service' was found in cache from location 'd:/DOPAMS/Toystack/dopams-backend-staging/node_modules/aws-sdk/clients'.
======== Module name '../lib/service' was successfully resolved to 'd:/DOPAMS/Toystack/dopams-backend-staging/node_modules/aws-sdk/lib/service.d.ts' with Package ID 'aws-sdk/lib/service.d.ts@2.1693.0'. ========
======== Resolving module '../lib/config-base' from 'd:/DOPAMS/Toystack/dopams-backend-staging/node_modules/aws-sdk/clients/transfer.d.ts'. ========
Resolution for module '../lib/config-base' was found in cache from location 'd:/DOPAMS/Toystack/dopams-backend-staging/node_modules/aws-sdk/clients'.
======== Module name '../lib/config-base' was successfully resolved to 'd:/DOPAMS/Toystack/dopams-backend-staging/node_modules/aws-sdk/lib/config-base.d.ts' with Package ID 'aws-sdk/lib/config-base.d.ts@2.1693.0'. ========
File 'd:/DOPAMS/Toystack/dopams-backend-staging/node_modules/aws-sdk/clients/package.json' does not exist according to earlier cached lookups.
File 'd:/DOPAMS/Toystack/dopams-backend-staging/node_modules/aws-sdk/package.json' exists according to earlier cached lookups.
======== Resolving module '../lib/request' from 'd:/DOPAMS/Toystack/dopams-backend-staging/node_modules/aws-sdk/clients/globalaccelerator.d.ts'. ========
Resolution for module '../lib/request' was found in cache from location 'd:/DOPAMS/Toystack/dopams-backend-staging/node_modules/aws-sdk/clients'.
======== Module name '../lib/request' was successfully resolved to 'd:/DOPAMS/Toystack/dopams-backend-staging/node_modules/aws-sdk/lib/request.d.ts' with Package ID 'aws-sdk/lib/request.d.ts@2.1693.0'. ========
======== Resolving module '../lib/response' from 'd:/DOPAMS/Toystack/dopams-backend-staging/node_modules/aws-sdk/clients/globalaccelerator.d.ts'. ========
Resolution for module '../lib/response' was found in cache from location 'd:/DOPAMS/Toystack/dopams-backend-staging/node_modules/aws-sdk/clients'.
======== Module name '../lib/response' was successfully resolved to 'd:/DOPAMS/Toystack/dopams-backend-staging/node_modules/aws-sdk/lib/response.d.ts' with Package ID 'aws-sdk/lib/response.d.ts@2.1693.0'. ========
======== Resolving module '../lib/error' from 'd:/DOPAMS/Toystack/dopams-backend-staging/node_modules/aws-sdk/clients/globalaccelerator.d.ts'. ========
Resolution for module '../lib/error' was found in cache from location 'd:/DOPAMS/Toystack/dopams-backend-staging/node_modules/aws-sdk/clients'.
======== Module name '../lib/error' was successfully resolved to 'd:/DOPAMS/Toystack/dopams-backend-staging/node_modules/aws-sdk/lib/error.d.ts' with Package ID 'aws-sdk/lib/error.d.ts@2.1693.0'. ========
======== Resolving module '../lib/service' from 'd:/DOPAMS/Toystack/dopams-backend-staging/node_modules/aws-sdk/clients/globalaccelerator.d.ts'. ========
Resolution for module '../lib/service' was found in cache from location 'd:/DOPAMS/Toystack/dopams-backend-staging/node_modules/aws-sdk/clients'.
======== Module name '../lib/service' was successfully resolved to 'd:/DOPAMS/Toystack/dopams-backend-staging/node_modules/aws-sdk/lib/service.d.ts' with Package ID 'aws-sdk/lib/service.d.ts@2.1693.0'. ========
======== Resolving module '../lib/config-base' from 'd:/DOPAMS/Toystack/dopams-backend-staging/node_modules/aws-sdk/clients/globalaccelerator.d.ts'. ========
Resolution for module '../lib/config-base' was found in cache from location 'd:/DOPAMS/Toystack/dopams-backend-staging/node_modules/aws-sdk/clients'.
======== Module name '../lib/config-base' was successfully resolved to 'd:/DOPAMS/Toystack/dopams-backend-staging/node_modules/aws-sdk/lib/config-base.d.ts' with Package ID 'aws-sdk/lib/config-base.d.ts@2.1693.0'. ========
File 'd:/DOPAMS/Toystack/dopams-backend-staging/node_modules/aws-sdk/clients/package.json' does not exist according to earlier cached lookups.
File 'd:/DOPAMS/Toystack/dopams-backend-staging/node_modules/aws-sdk/package.json' exists according to earlier cached lookups.
======== Resolving module '../lib/request' from 'd:/DOPAMS/Toystack/dopams-backend-staging/node_modules/aws-sdk/clients/comprehendmedical.d.ts'. ========
Resolution for module '../lib/request' was found in cache from location 'd:/DOPAMS/Toystack/dopams-backend-staging/node_modules/aws-sdk/clients'.
======== Module name '../lib/request' was successfully resolved to 'd:/DOPAMS/Toystack/dopams-backend-staging/node_modules/aws-sdk/lib/request.d.ts' with Package ID 'aws-sdk/lib/request.d.ts@2.1693.0'. ========
======== Resolving module '../lib/response' from 'd:/DOPAMS/Toystack/dopams-backend-staging/node_modules/aws-sdk/clients/comprehendmedical.d.ts'. ========
Resolution for module '../lib/response' was found in cache from location 'd:/DOPAMS/Toystack/dopams-backend-staging/node_modules/aws-sdk/clients'.
======== Module name '../lib/response' was successfully resolved to 'd:/DOPAMS/Toystack/dopams-backend-staging/node_modules/aws-sdk/lib/response.d.ts' with Package ID 'aws-sdk/lib/response.d.ts@2.1693.0'. ========
======== Resolving module '../lib/error' from 'd:/DOPAMS/Toystack/dopams-backend-staging/node_modules/aws-sdk/clients/comprehendmedical.d.ts'. ========
Resolution for module '../lib/error' was found in cache from location 'd:/DOPAMS/Toystack/dopams-backend-staging/node_modules/aws-sdk/clients'.
======== Module name '../lib/error' was successfully resolved to 'd:/DOPAMS/Toystack/dopams-backend-staging/node_modules/aws-sdk/lib/error.d.ts' with Package ID 'aws-sdk/lib/error.d.ts@2.1693.0'. ========
======== Resolving module '../lib/service' from 'd:/DOPAMS/Toystack/dopams-backend-staging/node_modules/aws-sdk/clients/comprehendmedical.d.ts'. ========
Resolution for module '../lib/service' was found in cache from location 'd:/DOPAMS/Toystack/dopams-backend-staging/node_modules/aws-sdk/clients'.
======== Module name '../lib/service' was successfully resolved to 'd:/DOPAMS/Toystack/dopams-backend-staging/node_modules/aws-sdk/lib/service.d.ts' with Package ID 'aws-sdk/lib/service.d.ts@2.1693.0'. ========
======== Resolving module '../lib/config-base' from 'd:/DOPAMS/Toystack/dopams-backend-staging/node_modules/aws-sdk/clients/comprehendmedical.d.ts'. ========
Resolution for module '../lib/config-base' was found in cache from location 'd:/DOPAMS/Toystack/dopams-backend-staging/node_modules/aws-sdk/clients'.
======== Module name '../lib/config-base' was successfully resolved to 'd:/DOPAMS/Toystack/dopams-backend-staging/node_modules/aws-sdk/lib/config-base.d.ts' with Package ID 'aws-sdk/lib/config-base.d.ts@2.1693.0'. ========
File 'd:/DOPAMS/Toystack/dopams-backend-staging/node_modules/aws-sdk/clients/package.json' does not exist according to earlier cached lookups.
File 'd:/DOPAMS/Toystack/dopams-backend-staging/node_modules/aws-sdk/package.json' exists according to earlier cached lookups.
======== Resolving module '../lib/request' from 'd:/DOPAMS/Toystack/dopams-backend-staging/node_modules/aws-sdk/clients/kinesisanalyticsv2.d.ts'. ========
Resolution for module '../lib/request' was found in cache from location 'd:/DOPAMS/Toystack/dopams-backend-staging/node_modules/aws-sdk/clients'.
======== Module name '../lib/request' was successfully resolved to 'd:/DOPAMS/Toystack/dopams-backend-staging/node_modules/aws-sdk/lib/request.d.ts' with Package ID 'aws-sdk/lib/request.d.ts@2.1693.0'. ========
======== Resolving module '../lib/response' from 'd:/DOPAMS/Toystack/dopams-backend-staging/node_modules/aws-sdk/clients/kinesisanalyticsv2.d.ts'. ========
Resolution for module '../lib/response' was found in cache from location 'd:/DOPAMS/Toystack/dopams-backend-staging/node_modules/aws-sdk/clients'.
======== Module name '../lib/response' was successfully resolved to 'd:/DOPAMS/Toystack/dopams-backend-staging/node_modules/aws-sdk/lib/response.d.ts' with Package ID 'aws-sdk/lib/response.d.ts@2.1693.0'. ========
======== Resolving module '../lib/error' from 'd:/DOPAMS/Toystack/dopams-backend-staging/node_modules/aws-sdk/clients/kinesisanalyticsv2.d.ts'. ========
Resolution for module '../lib/error' was found in cache from location 'd:/DOPAMS/Toystack/dopams-backend-staging/node_modules/aws-sdk/clients'.
======== Module name '../lib/error' was successfully resolved to 'd:/DOPAMS/Toystack/dopams-backend-staging/node_modules/aws-sdk/lib/error.d.ts' with Package ID 'aws-sdk/lib/error.d.ts@2.1693.0'. ========
======== Resolving module '../lib/service' from 'd:/DOPAMS/Toystack/dopams-backend-staging/node_modules/aws-sdk/clients/kinesisanalyticsv2.d.ts'. ========
Resolution for module '../lib/service' was found in cache from location 'd:/DOPAMS/Toystack/dopams-backend-staging/node_modules/aws-sdk/clients'.
======== Module name '../lib/service' was successfully resolved to 'd:/DOPAMS/Toystack/dopams-backend-staging/node_modules/aws-sdk/lib/service.d.ts' with Package ID 'aws-sdk/lib/service.d.ts@2.1693.0'. ========
======== Resolving module '../lib/config-base' from 'd:/DOPAMS/Toystack/dopams-backend-staging/node_modules/aws-sdk/clients/kinesisanalyticsv2.d.ts'. ========
Resolution for module '../lib/config-base' was found in cache from location 'd:/DOPAMS/Toystack/dopams-backend-staging/node_modules/aws-sdk/clients'.
======== Module name '../lib/config-base' was successfully resolved to 'd:/DOPAMS/Toystack/dopams-backend-staging/node_modules/aws-sdk/lib/config-base.d.ts' with Package ID 'aws-sdk/lib/config-base.d.ts@2.1693.0'. ========
File 'd:/DOPAMS/Toystack/dopams-backend-staging/node_modules/aws-sdk/clients/package.json' does not exist according to earlier cached lookups.
File 'd:/DOPAMS/Toystack/dopams-backend-staging/node_modules/aws-sdk/package.json' exists according to earlier cached lookups.
======== Resolving module '../lib/request' from 'd:/DOPAMS/Toystack/dopams-backend-staging/node_modules/aws-sdk/clients/mediaconnect.d.ts'. ========
Resolution for module '../lib/request' was found in cache from location 'd:/DOPAMS/Toystack/dopams-backend-staging/node_modules/aws-sdk/clients'.
======== Module name '../lib/request' was successfully resolved to 'd:/DOPAMS/Toystack/dopams-backend-staging/node_modules/aws-sdk/lib/request.d.ts' with Package ID 'aws-sdk/lib/request.d.ts@2.1693.0'. ========
======== Resolving module '../lib/response' from 'd:/DOPAMS/Toystack/dopams-backend-staging/node_modules/aws-sdk/clients/mediaconnect.d.ts'. ========
Resolution for module '../lib/response' was found in cache from location 'd:/DOPAMS/Toystack/dopams-backend-staging/node_modules/aws-sdk/clients'.
======== Module name '../lib/response' was successfully resolved to 'd:/DOPAMS/Toystack/dopams-backend-staging/node_modules/aws-sdk/lib/response.d.ts' with Package ID 'aws-sdk/lib/response.d.ts@2.1693.0'. ========
======== Resolving module '../lib/error' from 'd:/DOPAMS/Toystack/dopams-backend-staging/node_modules/aws-sdk/clients/mediaconnect.d.ts'. ========
Resolution for module '../lib/error' was found in cache from location 'd:/DOPAMS/Toystack/dopams-backend-staging/node_modules/aws-sdk/clients'.
======== Module name '../lib/error' was successfully resolved to 'd:/DOPAMS/Toystack/dopams-backend-staging/node_modules/aws-sdk/lib/error.d.ts' with Package ID 'aws-sdk/lib/error.d.ts@2.1693.0'. ========
======== Resolving module '../lib/service' from 'd:/DOPAMS/Toystack/dopams-backend-staging/node_modules/aws-sdk/clients/mediaconnect.d.ts'. ========
Resolution for module '../lib/service' was found in cache from location 'd:/DOPAMS/Toystack/dopams-backend-staging/node_modules/aws-sdk/clients'.
======== Module name '../lib/service' was successfully resolved to 'd:/DOPAMS/Toystack/dopams-backend-staging/node_modules/aws-sdk/lib/service.d.ts' with Package ID 'aws-sdk/lib/service.d.ts@2.1693.0'. ========
======== Resolving module '../lib/config-base' from 'd:/DOPAMS/Toystack/dopams-backend-staging/node_modules/aws-sdk/clients/mediaconnect.d.ts'. ========
Resolution for module '../lib/config-base' was found in cache from location 'd:/DOPAMS/Toystack/dopams-backend-staging/node_modules/aws-sdk/clients'.
======== Module name '../lib/config-base' was successfully resolved to 'd:/DOPAMS/Toystack/dopams-backend-staging/node_modules/aws-sdk/lib/config-base.d.ts' with Package ID 'aws-sdk/lib/config-base.d.ts@2.1693.0'. ========
File 'd:/DOPAMS/Toystack/dopams-backend-staging/node_modules/aws-sdk/clients/package.json' does not exist according to earlier cached lookups.
File 'd:/DOPAMS/Toystack/dopams-backend-staging/node_modules/aws-sdk/package.json' exists according to earlier cached lookups.
======== Resolving module '../lib/request' from 'd:/DOPAMS/Toystack/dopams-backend-staging/node_modules/aws-sdk/clients/fsx.d.ts'. ========
Resolution for module '../lib/request' was found in cache from location 'd:/DOPAMS/Toystack/dopams-backend-staging/node_modules/aws-sdk/clients'.
======== Module name '../lib/request' was successfully resolved to 'd:/DOPAMS/Toystack/dopams-backend-staging/node_modules/aws-sdk/lib/request.d.ts' with Package ID 'aws-sdk/lib/request.d.ts@2.1693.0'. ========
======== Resolving module '../lib/response' from 'd:/DOPAMS/Toystack/dopams-backend-staging/node_modules/aws-sdk/clients/fsx.d.ts'. ========
Resolution for module '../lib/response' was found in cache from location 'd:/DOPAMS/Toystack/dopams-backend-staging/node_modules/aws-sdk/clients'.
======== Module name '../lib/response' was successfully resolved to 'd:/DOPAMS/Toystack/dopams-backend-staging/node_modules/aws-sdk/lib/response.d.ts' with Package ID 'aws-sdk/lib/response.d.ts@2.1693.0'. ========
======== Resolving module '../lib/error' from 'd:/DOPAMS/Toystack/dopams-backend-staging/node_modules/aws-sdk/clients/fsx.d.ts'. ========
Resolution for module '../lib/error' was found in cache from location 'd:/DOPAMS/Toystack/dopams-backend-staging/node_modules/aws-sdk/clients'.
======== Module name '../lib/error' was successfully resolved to 'd:/DOPAMS/Toystack/dopams-backend-staging/node_modules/aws-sdk/lib/error.d.ts' with Package ID 'aws-sdk/lib/error.d.ts@2.1693.0'. ========
======== Resolving module '../lib/service' from 'd:/DOPAMS/Toystack/dopams-backend-staging/node_modules/aws-sdk/clients/fsx.d.ts'. ========
Resolution for module '../lib/service' was found in cache from location 'd:/DOPAMS/Toystack/dopams-backend-staging/node_modules/aws-sdk/clients'.
======== Module name '../lib/service' was successfully resolved to 'd:/DOPAMS/Toystack/dopams-backend-staging/node_modules/aws-sdk/lib/service.d.ts' with Package ID 'aws-sdk/lib/service.d.ts@2.1693.0'. ========
======== Resolving module '../lib/config-base' from 'd:/DOPAMS/Toystack/dopams-backend-staging/node_modules/aws-sdk/clients/fsx.d.ts'. ========
Resolution for module '../lib/config-base' was found in cache from location 'd:/DOPAMS/Toystack/dopams-backend-staging/node_modules/aws-sdk/clients'.
======== Module name '../lib/config-base' was successfully resolved to 'd:/DOPAMS/Toystack/dopams-backend-staging/node_modules/aws-sdk/lib/config-base.d.ts' with Package ID 'aws-sdk/lib/config-base.d.ts@2.1693.0'. ========
File 'd:/DOPAMS/Toystack/dopams-backend-staging/node_modules/aws-sdk/clients/package.json' does not exist according to earlier cached lookups.
File 'd:/DOPAMS/Toystack/dopams-backend-staging/node_modules/aws-sdk/package.json' exists according to earlier cached lookups.
======== Resolving module '../lib/request' from 'd:/DOPAMS/Toystack/dopams-backend-staging/node_modules/aws-sdk/clients/securityhub.d.ts'. ========
Resolution for module '../lib/request' was found in cache from location 'd:/DOPAMS/Toystack/dopams-backend-staging/node_modules/aws-sdk/clients'.
======== Module name '../lib/request' was successfully resolved to 'd:/DOPAMS/Toystack/dopams-backend-staging/node_modules/aws-sdk/lib/request.d.ts' with Package ID 'aws-sdk/lib/request.d.ts@2.1693.0'. ========
======== Resolving module '../lib/response' from 'd:/DOPAMS/Toystack/dopams-backend-staging/node_modules/aws-sdk/clients/securityhub.d.ts'. ========
Resolution for module '../lib/response' was found in cache from location 'd:/DOPAMS/Toystack/dopams-backend-staging/node_modules/aws-sdk/clients'.
======== Module name '../lib/response' was successfully resolved to 'd:/DOPAMS/Toystack/dopams-backend-staging/node_modules/aws-sdk/lib/response.d.ts' with Package ID 'aws-sdk/lib/response.d.ts@2.1693.0'. ========
======== Resolving module '../lib/error' from 'd:/DOPAMS/Toystack/dopams-backend-staging/node_modules/aws-sdk/clients/securityhub.d.ts'. ========
Resolution for module '../lib/error' was found in cache from location 'd:/DOPAMS/Toystack/dopams-backend-staging/node_modules/aws-sdk/clients'.
======== Module name '../lib/error' was successfully resolved to 'd:/DOPAMS/Toystack/dopams-backend-staging/node_modules/aws-sdk/lib/error.d.ts' with Package ID 'aws-sdk/lib/error.d.ts@2.1693.0'. ========
======== Resolving module '../lib/service' from 'd:/DOPAMS/Toystack/dopams-backend-staging/node_modules/aws-sdk/clients/securityhub.d.ts'. ========
Resolution for module '../lib/service' was found in cache from location 'd:/DOPAMS/Toystack/dopams-backend-staging/node_modules/aws-sdk/clients'.
======== Module name '../lib/service' was successfully resolved to 'd:/DOPAMS/Toystack/dopams-backend-staging/node_modules/aws-sdk/lib/service.d.ts' with Package ID 'aws-sdk/lib/service.d.ts@2.1693.0'. ========
======== Resolving module '../lib/config-base' from 'd:/DOPAMS/Toystack/dopams-backend-staging/node_modules/aws-sdk/clients/securityhub.d.ts'. ========
Resolution for module '../lib/config-base' was found in cache from location 'd:/DOPAMS/Toystack/dopams-backend-staging/node_modules/aws-sdk/clients'.
======== Module name '../lib/config-base' was successfully resolved to 'd:/DOPAMS/Toystack/dopams-backend-staging/node_modules/aws-sdk/lib/config-base.d.ts' with Package ID 'aws-sdk/lib/config-base.d.ts@2.1693.0'. ========
File 'd:/DOPAMS/Toystack/dopams-backend-staging/node_modules/aws-sdk/clients/package.json' does not exist according to earlier cached lookups.
File 'd:/DOPAMS/Toystack/dopams-backend-staging/node_modules/aws-sdk/package.json' exists according to earlier cached lookups.
======== Resolving module '../lib/request' from 'd:/DOPAMS/Toystack/dopams-backend-staging/node_modules/aws-sdk/clients/appmesh.d.ts'. ========
Resolution for module '../lib/request' was found in cache from location 'd:/DOPAMS/Toystack/dopams-backend-staging/node_modules/aws-sdk/clients'.
======== Module name '../lib/request' was successfully resolved to 'd:/DOPAMS/Toystack/dopams-backend-staging/node_modules/aws-sdk/lib/request.d.ts' with Package ID 'aws-sdk/lib/request.d.ts@2.1693.0'. ========
======== Resolving module '../lib/response' from 'd:/DOPAMS/Toystack/dopams-backend-staging/node_modules/aws-sdk/clients/appmesh.d.ts'. ========
Resolution for module '../lib/response' was found in cache from location 'd:/DOPAMS/Toystack/dopams-backend-staging/node_modules/aws-sdk/clients'.
======== Module name '../lib/response' was successfully resolved to 'd:/DOPAMS/Toystack/dopams-backend-staging/node_modules/aws-sdk/lib/response.d.ts' with Package ID 'aws-sdk/lib/response.d.ts@2.1693.0'. ========
======== Resolving module '../lib/error' from 'd:/DOPAMS/Toystack/dopams-backend-staging/node_modules/aws-sdk/clients/appmesh.d.ts'. ========
Resolution for module '../lib/error' was found in cache from location 'd:/DOPAMS/Toystack/dopams-backend-staging/node_modules/aws-sdk/clients'.
======== Module name '../lib/error' was successfully resolved to 'd:/DOPAMS/Toystack/dopams-backend-staging/node_modules/aws-sdk/lib/error.d.ts' with Package ID 'aws-sdk/lib/error.d.ts@2.1693.0'. ========
======== Resolving module '../lib/service' from 'd:/DOPAMS/Toystack/dopams-backend-staging/node_modules/aws-sdk/clients/appmesh.d.ts'. ========
Resolution for module '../lib/service' was found in cache from location 'd:/DOPAMS/Toystack/dopams-backend-staging/node_modules/aws-sdk/clients'.
======== Module name '../lib/service' was successfully resolved to 'd:/DOPAMS/Toystack/dopams-backend-staging/node_modules/aws-sdk/lib/service.d.ts' with Package ID 'aws-sdk/lib/service.d.ts@2.1693.0'. ========
======== Resolving module '../lib/config-base' from 'd:/DOPAMS/Toystack/dopams-backend-staging/node_modules/aws-sdk/clients/appmesh.d.ts'. ========
Resolution for module '../lib/config-base' was found in cache from location 'd:/DOPAMS/Toystack/dopams-backend-staging/node_modules/aws-sdk/clients'.
======== Module name '../lib/config-base' was successfully resolved to 'd:/DOPAMS/Toystack/dopams-backend-staging/node_modules/aws-sdk/lib/config-base.d.ts' with Package ID 'aws-sdk/lib/config-base.d.ts@2.1693.0'. ========
File 'd:/DOPAMS/Toystack/dopams-backend-staging/node_modules/aws-sdk/clients/package.json' does not exist according to earlier cached lookups.
File 'd:/DOPAMS/Toystack/dopams-backend-staging/node_modules/aws-sdk/package.json' exists according to earlier cached lookups.
======== Resolving module '../lib/request' from 'd:/DOPAMS/Toystack/dopams-backend-staging/node_modules/aws-sdk/clients/licensemanager.d.ts'. ========
Resolution for module '../lib/request' was found in cache from location 'd:/DOPAMS/Toystack/dopams-backend-staging/node_modules/aws-sdk/clients'.
======== Module name '../lib/request' was successfully resolved to 'd:/DOPAMS/Toystack/dopams-backend-staging/node_modules/aws-sdk/lib/request.d.ts' with Package ID 'aws-sdk/lib/request.d.ts@2.1693.0'. ========
======== Resolving module '../lib/response' from 'd:/DOPAMS/Toystack/dopams-backend-staging/node_modules/aws-sdk/clients/licensemanager.d.ts'. ========
Resolution for module '../lib/response' was found in cache from location 'd:/DOPAMS/Toystack/dopams-backend-staging/node_modules/aws-sdk/clients'.
======== Module name '../lib/response' was successfully resolved to 'd:/DOPAMS/Toystack/dopams-backend-staging/node_modules/aws-sdk/lib/response.d.ts' with Package ID 'aws-sdk/lib/response.d.ts@2.1693.0'. ========
======== Resolving module '../lib/error' from 'd:/DOPAMS/Toystack/dopams-backend-staging/node_modules/aws-sdk/clients/licensemanager.d.ts'. ========
Resolution for module '../lib/error' was found in cache from location 'd:/DOPAMS/Toystack/dopams-backend-staging/node_modules/aws-sdk/clients'.
======== Module name '../lib/error' was successfully resolved to 'd:/DOPAMS/Toystack/dopams-backend-staging/node_modules/aws-sdk/lib/error.d.ts' with Package ID 'aws-sdk/lib/error.d.ts@2.1693.0'. ========
======== Resolving module '../lib/service' from 'd:/DOPAMS/Toystack/dopams-backend-staging/node_modules/aws-sdk/clients/licensemanager.d.ts'. ========
Resolution for module '../lib/service' was found in cache from location 'd:/DOPAMS/Toystack/dopams-backend-staging/node_modules/aws-sdk/clients'.
======== Module name '../lib/service' was successfully resolved to 'd:/DOPAMS/Toystack/dopams-backend-staging/node_modules/aws-sdk/lib/service.d.ts' with Package ID 'aws-sdk/lib/service.d.ts@2.1693.0'. ========
======== Resolving module '../lib/config-base' from 'd:/DOPAMS/Toystack/dopams-backend-staging/node_modules/aws-sdk/clients/licensemanager.d.ts'. ========
Resolution for module '../lib/config-base' was found in cache from location 'd:/DOPAMS/Toystack/dopams-backend-staging/node_modules/aws-sdk/clients'.
======== Module name '../lib/config-base' was successfully resolved to 'd:/DOPAMS/Toystack/dopams-backend-staging/node_modules/aws-sdk/lib/config-base.d.ts' with Package ID 'aws-sdk/lib/config-base.d.ts@2.1693.0'. ========
File 'd:/DOPAMS/Toystack/dopams-backend-staging/node_modules/aws-sdk/clients/package.json' does not exist according to earlier cached lookups.
File 'd:/DOPAMS/Toystack/dopams-backend-staging/node_modules/aws-sdk/package.json' exists according to earlier cached lookups.
======== Resolving module '../lib/request' from 'd:/DOPAMS/Toystack/dopams-backend-staging/node_modules/aws-sdk/clients/kafka.d.ts'. ========
Resolution for module '../lib/request' was found in cache from location 'd:/DOPAMS/Toystack/dopams-backend-staging/node_modules/aws-sdk/clients'.
======== Module name '../lib/request' was successfully resolved to 'd:/DOPAMS/Toystack/dopams-backend-staging/node_modules/aws-sdk/lib/request.d.ts' with Package ID 'aws-sdk/lib/request.d.ts@2.1693.0'. ========
======== Resolving module '../lib/response' from 'd:/DOPAMS/Toystack/dopams-backend-staging/node_modules/aws-sdk/clients/kafka.d.ts'. ========
Resolution for module '../lib/response' was found in cache from location 'd:/DOPAMS/Toystack/dopams-backend-staging/node_modules/aws-sdk/clients'.
======== Module name '../lib/response' was successfully resolved to 'd:/DOPAMS/Toystack/dopams-backend-staging/node_modules/aws-sdk/lib/response.d.ts' with Package ID 'aws-sdk/lib/response.d.ts@2.1693.0'. ========
======== Resolving module '../lib/error' from 'd:/DOPAMS/Toystack/dopams-backend-staging/node_modules/aws-sdk/clients/kafka.d.ts'. ========
Resolution for module '../lib/error' was found in cache from location 'd:/DOPAMS/Toystack/dopams-backend-staging/node_modules/aws-sdk/clients'.
======== Module name '../lib/error' was successfully resolved to 'd:/DOPAMS/Toystack/dopams-backend-staging/node_modules/aws-sdk/lib/error.d.ts' with Package ID 'aws-sdk/lib/error.d.ts@2.1693.0'. ========
======== Resolving module '../lib/service' from 'd:/DOPAMS/Toystack/dopams-backend-staging/node_modules/aws-sdk/clients/kafka.d.ts'. ========
Resolution for module '../lib/service' was found in cache from location 'd:/DOPAMS/Toystack/dopams-backend-staging/node_modules/aws-sdk/clients'.
======== Module name '../lib/service' was successfully resolved to 'd:/DOPAMS/Toystack/dopams-backend-staging/node_modules/aws-sdk/lib/service.d.ts' with Package ID 'aws-sdk/lib/service.d.ts@2.1693.0'. ========
======== Resolving module '../lib/config-base' from 'd:/DOPAMS/Toystack/dopams-backend-staging/node_modules/aws-sdk/clients/kafka.d.ts'. ========
Resolution for module '../lib/config-base' was found in cache from location 'd:/DOPAMS/Toystack/dopams-backend-staging/node_modules/aws-sdk/clients'.
======== Module name '../lib/config-base' was successfully resolved to 'd:/DOPAMS/Toystack/dopams-backend-staging/node_modules/aws-sdk/lib/config-base.d.ts' with Package ID 'aws-sdk/lib/config-base.d.ts@2.1693.0'. ========
File 'd:/DOPAMS/Toystack/dopams-backend-staging/node_modules/aws-sdk/clients/package.json' does not exist according to earlier cached lookups.
File 'd:/DOPAMS/Toystack/dopams-backend-staging/node_modules/aws-sdk/package.json' exists according to earlier cached lookups.
======== Resolving module '../lib/request' from 'd:/DOPAMS/Toystack/dopams-backend-staging/node_modules/aws-sdk/clients/apigatewaymanagementapi.d.ts'. ========
Resolution for module '../lib/request' was found in cache from location 'd:/DOPAMS/Toystack/dopams-backend-staging/node_modules/aws-sdk/clients'.
======== Module name '../lib/request' was successfully resolved to 'd:/DOPAMS/Toystack/dopams-backend-staging/node_modules/aws-sdk/lib/request.d.ts' with Package ID 'aws-sdk/lib/request.d.ts@2.1693.0'. ========
======== Resolving module '../lib/response' from 'd:/DOPAMS/Toystack/dopams-backend-staging/node_modules/aws-sdk/clients/apigatewaymanagementapi.d.ts'. ========
Resolution for module '../lib/response' was found in cache from location 'd:/DOPAMS/Toystack/dopams-backend-staging/node_modules/aws-sdk/clients'.
======== Module name '../lib/response' was successfully resolved to 'd:/DOPAMS/Toystack/dopams-backend-staging/node_modules/aws-sdk/lib/response.d.ts' with Package ID 'aws-sdk/lib/response.d.ts@2.1693.0'. ========
======== Resolving module '../lib/error' from 'd:/DOPAMS/Toystack/dopams-backend-staging/node_modules/aws-sdk/clients/apigatewaymanagementapi.d.ts'. ========
Resolution for module '../lib/error' was found in cache from location 'd:/DOPAMS/Toystack/dopams-backend-staging/node_modules/aws-sdk/clients'.
======== Module name '../lib/error' was successfully resolved to 'd:/DOPAMS/Toystack/dopams-backend-staging/node_modules/aws-sdk/lib/error.d.ts' with Package ID 'aws-sdk/lib/error.d.ts@2.1693.0'. ========
======== Resolving module '../lib/service' from 'd:/DOPAMS/Toystack/dopams-backend-staging/node_modules/aws-sdk/clients/apigatewaymanagementapi.d.ts'. ========
Resolution for module '../lib/service' was found in cache from location 'd:/DOPAMS/Toystack/dopams-backend-staging/node_modules/aws-sdk/clients'.
======== Module name '../lib/service' was successfully resolved to 'd:/DOPAMS/Toystack/dopams-backend-staging/node_modules/aws-sdk/lib/service.d.ts' with Package ID 'aws-sdk/lib/service.d.ts@2.1693.0'. ========
======== Resolving module '../lib/config-base' from 'd:/DOPAMS/Toystack/dopams-backend-staging/node_modules/aws-sdk/clients/apigatewaymanagementapi.d.ts'. ========
Resolution for module '../lib/config-base' was found in cache from location 'd:/DOPAMS/Toystack/dopams-backend-staging/node_modules/aws-sdk/clients'.
======== Module name '../lib/config-base' was successfully resolved to 'd:/DOPAMS/Toystack/dopams-backend-staging/node_modules/aws-sdk/lib/config-base.d.ts' with Package ID 'aws-sdk/lib/config-base.d.ts@2.1693.0'. ========
File 'd:/DOPAMS/Toystack/dopams-backend-staging/node_modules/aws-sdk/clients/package.json' does not exist according to earlier cached lookups.
File 'd:/DOPAMS/Toystack/dopams-backend-staging/node_modules/aws-sdk/package.json' exists according to earlier cached lookups.
======== Resolving module '../lib/request' from 'd:/DOPAMS/Toystack/dopams-backend-staging/node_modules/aws-sdk/clients/apigatewayv2.d.ts'. ========
Resolution for module '../lib/request' was found in cache from location 'd:/DOPAMS/Toystack/dopams-backend-staging/node_modules/aws-sdk/clients'.
======== Module name '../lib/request' was successfully resolved to 'd:/DOPAMS/Toystack/dopams-backend-staging/node_modules/aws-sdk/lib/request.d.ts' with Package ID 'aws-sdk/lib/request.d.ts@2.1693.0'. ========
======== Resolving module '../lib/response' from 'd:/DOPAMS/Toystack/dopams-backend-staging/node_modules/aws-sdk/clients/apigatewayv2.d.ts'. ========
Resolution for module '../lib/response' was found in cache from location 'd:/DOPAMS/Toystack/dopams-backend-staging/node_modules/aws-sdk/clients'.
======== Module name '../lib/response' was successfully resolved to 'd:/DOPAMS/Toystack/dopams-backend-staging/node_modules/aws-sdk/lib/response.d.ts' with Package ID 'aws-sdk/lib/response.d.ts@2.1693.0'. ========
======== Resolving module '../lib/error' from 'd:/DOPAMS/Toystack/dopams-backend-staging/node_modules/aws-sdk/clients/apigatewayv2.d.ts'. ========
Resolution for module '../lib/error' was found in cache from location 'd:/DOPAMS/Toystack/dopams-backend-staging/node_modules/aws-sdk/clients'.
======== Module name '../lib/error' was successfully resolved to 'd:/DOPAMS/Toystack/dopams-backend-staging/node_modules/aws-sdk/lib/error.d.ts' with Package ID 'aws-sdk/lib/error.d.ts@2.1693.0'. ========
======== Resolving module '../lib/service' from 'd:/DOPAMS/Toystack/dopams-backend-staging/node_modules/aws-sdk/clients/apigatewayv2.d.ts'. ========
Resolution for module '../lib/service' was found in cache from location 'd:/DOPAMS/Toystack/dopams-backend-staging/node_modules/aws-sdk/clients'.
======== Module name '../lib/service' was successfully resolved to 'd:/DOPAMS/Toystack/dopams-backend-staging/node_modules/aws-sdk/lib/service.d.ts' with Package ID 'aws-sdk/lib/service.d.ts@2.1693.0'. ========
======== Resolving module '../lib/config-base' from 'd:/DOPAMS/Toystack/dopams-backend-staging/node_modules/aws-sdk/clients/apigatewayv2.d.ts'. ========
Resolution for module '../lib/config-base' was found in cache from location 'd:/DOPAMS/Toystack/dopams-backend-staging/node_modules/aws-sdk/clients'.
======== Module name '../lib/config-base' was successfully resolved to 'd:/DOPAMS/Toystack/dopams-backend-staging/node_modules/aws-sdk/lib/config-base.d.ts' with Package ID 'aws-sdk/lib/config-base.d.ts@2.1693.0'. ========
File 'd:/DOPAMS/Toystack/dopams-backend-staging/node_modules/aws-sdk/clients/package.json' does not exist according to earlier cached lookups.
File 'd:/DOPAMS/Toystack/dopams-backend-staging/node_modules/aws-sdk/package.json' exists according to earlier cached lookups.
======== Resolving module '../lib/request' from 'd:/DOPAMS/Toystack/dopams-backend-staging/node_modules/aws-sdk/clients/docdb.d.ts'. ========
Resolution for module '../lib/request' was found in cache from location 'd:/DOPAMS/Toystack/dopams-backend-staging/node_modules/aws-sdk/clients'.
======== Module name '../lib/request' was successfully resolved to 'd:/DOPAMS/Toystack/dopams-backend-staging/node_modules/aws-sdk/lib/request.d.ts' with Package ID 'aws-sdk/lib/request.d.ts@2.1693.0'. ========
======== Resolving module '../lib/response' from 'd:/DOPAMS/Toystack/dopams-backend-staging/node_modules/aws-sdk/clients/docdb.d.ts'. ========
Resolution for module '../lib/response' was found in cache from location 'd:/DOPAMS/Toystack/dopams-backend-staging/node_modules/aws-sdk/clients'.
======== Module name '../lib/response' was successfully resolved to 'd:/DOPAMS/Toystack/dopams-backend-staging/node_modules/aws-sdk/lib/response.d.ts' with Package ID 'aws-sdk/lib/response.d.ts@2.1693.0'. ========
======== Resolving module '../lib/error' from 'd:/DOPAMS/Toystack/dopams-backend-staging/node_modules/aws-sdk/clients/docdb.d.ts'. ========
Resolution for module '../lib/error' was found in cache from location 'd:/DOPAMS/Toystack/dopams-backend-staging/node_modules/aws-sdk/clients'.
======== Module name '../lib/error' was successfully resolved to 'd:/DOPAMS/Toystack/dopams-backend-staging/node_modules/aws-sdk/lib/error.d.ts' with Package ID 'aws-sdk/lib/error.d.ts@2.1693.0'. ========
======== Resolving module '../lib/service' from 'd:/DOPAMS/Toystack/dopams-backend-staging/node_modules/aws-sdk/clients/docdb.d.ts'. ========
Resolution for module '../lib/service' was found in cache from location 'd:/DOPAMS/Toystack/dopams-backend-staging/node_modules/aws-sdk/clients'.
======== Module name '../lib/service' was successfully resolved to 'd:/DOPAMS/Toystack/dopams-backend-staging/node_modules/aws-sdk/lib/service.d.ts' with Package ID 'aws-sdk/lib/service.d.ts@2.1693.0'. ========
======== Resolving module '../lib/config-base' from 'd:/DOPAMS/Toystack/dopams-backend-staging/node_modules/aws-sdk/clients/docdb.d.ts'. ========
Resolution for module '../lib/config-base' was found in cache from location 'd:/DOPAMS/Toystack/dopams-backend-staging/node_modules/aws-sdk/clients'.
======== Module name '../lib/config-base' was successfully resolved to 'd:/DOPAMS/Toystack/dopams-backend-staging/node_modules/aws-sdk/lib/config-base.d.ts' with Package ID 'aws-sdk/lib/config-base.d.ts@2.1693.0'. ========
File 'd:/DOPAMS/Toystack/dopams-backend-staging/node_modules/aws-sdk/clients/package.json' does not exist according to earlier cached lookups.
File 'd:/DOPAMS/Toystack/dopams-backend-staging/node_modules/aws-sdk/package.json' exists according to earlier cached lookups.
======== Resolving module '../lib/request' from 'd:/DOPAMS/Toystack/dopams-backend-staging/node_modules/aws-sdk/clients/backup.d.ts'. ========
Resolution for module '../lib/request' was found in cache from location 'd:/DOPAMS/Toystack/dopams-backend-staging/node_modules/aws-sdk/clients'.
======== Module name '../lib/request' was successfully resolved to 'd:/DOPAMS/Toystack/dopams-backend-staging/node_modules/aws-sdk/lib/request.d.ts' with Package ID 'aws-sdk/lib/request.d.ts@2.1693.0'. ========
======== Resolving module '../lib/response' from 'd:/DOPAMS/Toystack/dopams-backend-staging/node_modules/aws-sdk/clients/backup.d.ts'. ========
Resolution for module '../lib/response' was found in cache from location 'd:/DOPAMS/Toystack/dopams-backend-staging/node_modules/aws-sdk/clients'.
======== Module name '../lib/response' was successfully resolved to 'd:/DOPAMS/Toystack/dopams-backend-staging/node_modules/aws-sdk/lib/response.d.ts' with Package ID 'aws-sdk/lib/response.d.ts@2.1693.0'. ========
======== Resolving module '../lib/error' from 'd:/DOPAMS/Toystack/dopams-backend-staging/node_modules/aws-sdk/clients/backup.d.ts'. ========
Resolution for module '../lib/error' was found in cache from location 'd:/DOPAMS/Toystack/dopams-backend-staging/node_modules/aws-sdk/clients'.
======== Module name '../lib/error' was successfully resolved to 'd:/DOPAMS/Toystack/dopams-backend-staging/node_modules/aws-sdk/lib/error.d.ts' with Package ID 'aws-sdk/lib/error.d.ts@2.1693.0'. ========
======== Resolving module '../lib/service' from 'd:/DOPAMS/Toystack/dopams-backend-staging/node_modules/aws-sdk/clients/backup.d.ts'. ========
Resolution for module '../lib/service' was found in cache from location 'd:/DOPAMS/Toystack/dopams-backend-staging/node_modules/aws-sdk/clients'.
======== Module name '../lib/service' was successfully resolved to 'd:/DOPAMS/Toystack/dopams-backend-staging/node_modules/aws-sdk/lib/service.d.ts' with Package ID 'aws-sdk/lib/service.d.ts@2.1693.0'. ========
======== Resolving module '../lib/config-base' from 'd:/DOPAMS/Toystack/dopams-backend-staging/node_modules/aws-sdk/clients/backup.d.ts'. ========
Resolution for module '../lib/config-base' was found in cache from location 'd:/DOPAMS/Toystack/dopams-backend-staging/node_modules/aws-sdk/clients'.
======== Module name '../lib/config-base' was successfully resolved to 'd:/DOPAMS/Toystack/dopams-backend-staging/node_modules/aws-sdk/lib/config-base.d.ts' with Package ID 'aws-sdk/lib/config-base.d.ts@2.1693.0'. ========
File 'd:/DOPAMS/Toystack/dopams-backend-staging/node_modules/aws-sdk/clients/package.json' does not exist according to earlier cached lookups.
File 'd:/DOPAMS/Toystack/dopams-backend-staging/node_modules/aws-sdk/package.json' exists according to earlier cached lookups.
======== Resolving module '../lib/request' from 'd:/DOPAMS/Toystack/dopams-backend-staging/node_modules/aws-sdk/clients/worklink.d.ts'. ========
Resolution for module '../lib/request' was found in cache from location 'd:/DOPAMS/Toystack/dopams-backend-staging/node_modules/aws-sdk/clients'.
======== Module name '../lib/request' was successfully resolved to 'd:/DOPAMS/Toystack/dopams-backend-staging/node_modules/aws-sdk/lib/request.d.ts' with Package ID 'aws-sdk/lib/request.d.ts@2.1693.0'. ========
======== Resolving module '../lib/response' from 'd:/DOPAMS/Toystack/dopams-backend-staging/node_modules/aws-sdk/clients/worklink.d.ts'. ========
Resolution for module '../lib/response' was found in cache from location 'd:/DOPAMS/Toystack/dopams-backend-staging/node_modules/aws-sdk/clients'.
======== Module name '../lib/response' was successfully resolved to 'd:/DOPAMS/Toystack/dopams-backend-staging/node_modules/aws-sdk/lib/response.d.ts' with Package ID 'aws-sdk/lib/response.d.ts@2.1693.0'. ========
======== Resolving module '../lib/error' from 'd:/DOPAMS/Toystack/dopams-backend-staging/node_modules/aws-sdk/clients/worklink.d.ts'. ========
Resolution for module '../lib/error' was found in cache from location 'd:/DOPAMS/Toystack/dopams-backend-staging/node_modules/aws-sdk/clients'.
======== Module name '../lib/error' was successfully resolved to 'd:/DOPAMS/Toystack/dopams-backend-staging/node_modules/aws-sdk/lib/error.d.ts' with Package ID 'aws-sdk/lib/error.d.ts@2.1693.0'. ========
======== Resolving module '../lib/service' from 'd:/DOPAMS/Toystack/dopams-backend-staging/node_modules/aws-sdk/clients/worklink.d.ts'. ========
Resolution for module '../lib/service' was found in cache from location 'd:/DOPAMS/Toystack/dopams-backend-staging/node_modules/aws-sdk/clients'.
======== Module name '../lib/service' was successfully resolved to 'd:/DOPAMS/Toystack/dopams-backend-staging/node_modules/aws-sdk/lib/service.d.ts' with Package ID 'aws-sdk/lib/service.d.ts@2.1693.0'. ========
======== Resolving module '../lib/config-base' from 'd:/DOPAMS/Toystack/dopams-backend-staging/node_modules/aws-sdk/clients/worklink.d.ts'. ========
Resolution for module '../lib/config-base' was found in cache from location 'd:/DOPAMS/Toystack/dopams-backend-staging/node_modules/aws-sdk/clients'.
======== Module name '../lib/config-base' was successfully resolved to 'd:/DOPAMS/Toystack/dopams-backend-staging/node_modules/aws-sdk/lib/config-base.d.ts' with Package ID 'aws-sdk/lib/config-base.d.ts@2.1693.0'. ========
File 'd:/DOPAMS/Toystack/dopams-backend-staging/node_modules/aws-sdk/clients/package.json' does not exist according to earlier cached lookups.
File 'd:/DOPAMS/Toystack/dopams-backend-staging/node_modules/aws-sdk/package.json' exists according to earlier cached lookups.
======== Resolving module '../lib/request' from 'd:/DOPAMS/Toystack/dopams-backend-staging/node_modules/aws-sdk/clients/textract.d.ts'. ========
Resolution for module '../lib/request' was found in cache from location 'd:/DOPAMS/Toystack/dopams-backend-staging/node_modules/aws-sdk/clients'.
======== Module name '../lib/request' was successfully resolved to 'd:/DOPAMS/Toystack/dopams-backend-staging/node_modules/aws-sdk/lib/request.d.ts' with Package ID 'aws-sdk/lib/request.d.ts@2.1693.0'. ========
======== Resolving module '../lib/response' from 'd:/DOPAMS/Toystack/dopams-backend-staging/node_modules/aws-sdk/clients/textract.d.ts'. ========
Resolution for module '../lib/response' was found in cache from location 'd:/DOPAMS/Toystack/dopams-backend-staging/node_modules/aws-sdk/clients'.
======== Module name '../lib/response' was successfully resolved to 'd:/DOPAMS/Toystack/dopams-backend-staging/node_modules/aws-sdk/lib/response.d.ts' with Package ID 'aws-sdk/lib/response.d.ts@2.1693.0'. ========
======== Resolving module '../lib/error' from 'd:/DOPAMS/Toystack/dopams-backend-staging/node_modules/aws-sdk/clients/textract.d.ts'. ========
Resolution for module '../lib/error' was found in cache from location 'd:/DOPAMS/Toystack/dopams-backend-staging/node_modules/aws-sdk/clients'.
======== Module name '../lib/error' was successfully resolved to 'd:/DOPAMS/Toystack/dopams-backend-staging/node_modules/aws-sdk/lib/error.d.ts' with Package ID 'aws-sdk/lib/error.d.ts@2.1693.0'. ========
======== Resolving module '../lib/service' from 'd:/DOPAMS/Toystack/dopams-backend-staging/node_modules/aws-sdk/clients/textract.d.ts'. ========
Resolution for module '../lib/service' was found in cache from location 'd:/DOPAMS/Toystack/dopams-backend-staging/node_modules/aws-sdk/clients'.
======== Module name '../lib/service' was successfully resolved to 'd:/DOPAMS/Toystack/dopams-backend-staging/node_modules/aws-sdk/lib/service.d.ts' with Package ID 'aws-sdk/lib/service.d.ts@2.1693.0'. ========
======== Resolving module '../lib/config-base' from 'd:/DOPAMS/Toystack/dopams-backend-staging/node_modules/aws-sdk/clients/textract.d.ts'. ========
Resolution for module '../lib/config-base' was found in cache from location 'd:/DOPAMS/Toystack/dopams-backend-staging/node_modules/aws-sdk/clients'.
======== Module name '../lib/config-base' was successfully resolved to 'd:/DOPAMS/Toystack/dopams-backend-staging/node_modules/aws-sdk/lib/config-base.d.ts' with Package ID 'aws-sdk/lib/config-base.d.ts@2.1693.0'. ========
File 'd:/DOPAMS/Toystack/dopams-backend-staging/node_modules/aws-sdk/clients/package.json' does not exist according to earlier cached lookups.
File 'd:/DOPAMS/Toystack/dopams-backend-staging/node_modules/aws-sdk/package.json' exists according to earlier cached lookups.
======== Resolving module '../lib/request' from 'd:/DOPAMS/Toystack/dopams-backend-staging/node_modules/aws-sdk/clients/managedblockchain.d.ts'. ========
Resolution for module '../lib/request' was found in cache from location 'd:/DOPAMS/Toystack/dopams-backend-staging/node_modules/aws-sdk/clients'.
======== Module name '../lib/request' was successfully resolved to 'd:/DOPAMS/Toystack/dopams-backend-staging/node_modules/aws-sdk/lib/request.d.ts' with Package ID 'aws-sdk/lib/request.d.ts@2.1693.0'. ========
======== Resolving module '../lib/response' from 'd:/DOPAMS/Toystack/dopams-backend-staging/node_modules/aws-sdk/clients/managedblockchain.d.ts'. ========
Resolution for module '../lib/response' was found in cache from location 'd:/DOPAMS/Toystack/dopams-backend-staging/node_modules/aws-sdk/clients'.
======== Module name '../lib/response' was successfully resolved to 'd:/DOPAMS/Toystack/dopams-backend-staging/node_modules/aws-sdk/lib/response.d.ts' with Package ID 'aws-sdk/lib/response.d.ts@2.1693.0'. ========
======== Resolving module '../lib/error' from 'd:/DOPAMS/Toystack/dopams-backend-staging/node_modules/aws-sdk/clients/managedblockchain.d.ts'. ========
Resolution for module '../lib/error' was found in cache from location 'd:/DOPAMS/Toystack/dopams-backend-staging/node_modules/aws-sdk/clients'.
======== Module name '../lib/error' was successfully resolved to 'd:/DOPAMS/Toystack/dopams-backend-staging/node_modules/aws-sdk/lib/error.d.ts' with Package ID 'aws-sdk/lib/error.d.ts@2.1693.0'. ========
======== Resolving module '../lib/service' from 'd:/DOPAMS/Toystack/dopams-backend-staging/node_modules/aws-sdk/clients/managedblockchain.d.ts'. ========
Resolution for module '../lib/service' was found in cache from location 'd:/DOPAMS/Toystack/dopams-backend-staging/node_modules/aws-sdk/clients'.
======== Module name '../lib/service' was successfully resolved to 'd:/DOPAMS/Toystack/dopams-backend-staging/node_modules/aws-sdk/lib/service.d.ts' with Package ID 'aws-sdk/lib/service.d.ts@2.1693.0'. ========
======== Resolving module '../lib/config-base' from 'd:/DOPAMS/Toystack/dopams-backend-staging/node_modules/aws-sdk/clients/managedblockchain.d.ts'. ========
Resolution for module '../lib/config-base' was found in cache from location 'd:/DOPAMS/Toystack/dopams-backend-staging/node_modules/aws-sdk/clients'.
======== Module name '../lib/config-base' was successfully resolved to 'd:/DOPAMS/Toystack/dopams-backend-staging/node_modules/aws-sdk/lib/config-base.d.ts' with Package ID 'aws-sdk/lib/config-base.d.ts@2.1693.0'. ========
File 'd:/DOPAMS/Toystack/dopams-backend-staging/node_modules/aws-sdk/clients/package.json' does not exist according to earlier cached lookups.
File 'd:/DOPAMS/Toystack/dopams-backend-staging/node_modules/aws-sdk/package.json' exists according to earlier cached lookups.
======== Resolving module '../lib/request' from 'd:/DOPAMS/Toystack/dopams-backend-staging/node_modules/aws-sdk/clients/mediapackagevod.d.ts'. ========
Resolution for module '../lib/request' was found in cache from location 'd:/DOPAMS/Toystack/dopams-backend-staging/node_modules/aws-sdk/clients'.
======== Module name '../lib/request' was successfully resolved to 'd:/DOPAMS/Toystack/dopams-backend-staging/node_modules/aws-sdk/lib/request.d.ts' with Package ID 'aws-sdk/lib/request.d.ts@2.1693.0'. ========
======== Resolving module '../lib/response' from 'd:/DOPAMS/Toystack/dopams-backend-staging/node_modules/aws-sdk/clients/mediapackagevod.d.ts'. ========
Resolution for module '../lib/response' was found in cache from location 'd:/DOPAMS/Toystack/dopams-backend-staging/node_modules/aws-sdk/clients'.
======== Module name '../lib/response' was successfully resolved to 'd:/DOPAMS/Toystack/dopams-backend-staging/node_modules/aws-sdk/lib/response.d.ts' with Package ID 'aws-sdk/lib/response.d.ts@2.1693.0'. ========
======== Resolving module '../lib/error' from 'd:/DOPAMS/Toystack/dopams-backend-staging/node_modules/aws-sdk/clients/mediapackagevod.d.ts'. ========
Resolution for module '../lib/error' was found in cache from location 'd:/DOPAMS/Toystack/dopams-backend-staging/node_modules/aws-sdk/clients'.
======== Module name '../lib/error' was successfully resolved to 'd:/DOPAMS/Toystack/dopams-backend-staging/node_modules/aws-sdk/lib/error.d.ts' with Package ID 'aws-sdk/lib/error.d.ts@2.1693.0'. ========
======== Resolving module '../lib/service' from 'd:/DOPAMS/Toystack/dopams-backend-staging/node_modules/aws-sdk/clients/mediapackagevod.d.ts'. ========
Resolution for module '../lib/service' was found in cache from location 'd:/DOPAMS/Toystack/dopams-backend-staging/node_modules/aws-sdk/clients'.
======== Module name '../lib/service' was successfully resolved to 'd:/DOPAMS/Toystack/dopams-backend-staging/node_modules/aws-sdk/lib/service.d.ts' with Package ID 'aws-sdk/lib/service.d.ts@2.1693.0'. ========
======== Resolving module '../lib/config-base' from 'd:/DOPAMS/Toystack/dopams-backend-staging/node_modules/aws-sdk/clients/mediapackagevod.d.ts'. ========
Resolution for module '../lib/config-base' was found in cache from location 'd:/DOPAMS/Toystack/dopams-backend-staging/node_modules/aws-sdk/clients'.
======== Module name '../lib/config-base' was successfully resolved to 'd:/DOPAMS/Toystack/dopams-backend-staging/node_modules/aws-sdk/lib/config-base.d.ts' with Package ID 'aws-sdk/lib/config-base.d.ts@2.1693.0'. ========
File 'd:/DOPAMS/Toystack/dopams-backend-staging/node_modules/aws-sdk/clients/package.json' does not exist according to earlier cached lookups.
File 'd:/DOPAMS/Toystack/dopams-backend-staging/node_modules/aws-sdk/package.json' exists according to earlier cached lookups.
======== Resolving module '../lib/request' from 'd:/DOPAMS/Toystack/dopams-backend-staging/node_modules/aws-sdk/clients/groundstation.d.ts'. ========
Resolution for module '../lib/request' was found in cache from location 'd:/DOPAMS/Toystack/dopams-backend-staging/node_modules/aws-sdk/clients'.
======== Module name '../lib/request' was successfully resolved to 'd:/DOPAMS/Toystack/dopams-backend-staging/node_modules/aws-sdk/lib/request.d.ts' with Package ID 'aws-sdk/lib/request.d.ts@2.1693.0'. ========
======== Resolving module '../lib/response' from 'd:/DOPAMS/Toystack/dopams-backend-staging/node_modules/aws-sdk/clients/groundstation.d.ts'. ========
Resolution for module '../lib/response' was found in cache from location 'd:/DOPAMS/Toystack/dopams-backend-staging/node_modules/aws-sdk/clients'.
======== Module name '../lib/response' was successfully resolved to 'd:/DOPAMS/Toystack/dopams-backend-staging/node_modules/aws-sdk/lib/response.d.ts' with Package ID 'aws-sdk/lib/response.d.ts@2.1693.0'. ========
======== Resolving module '../lib/error' from 'd:/DOPAMS/Toystack/dopams-backend-staging/node_modules/aws-sdk/clients/groundstation.d.ts'. ========
Resolution for module '../lib/error' was found in cache from location 'd:/DOPAMS/Toystack/dopams-backend-staging/node_modules/aws-sdk/clients'.
======== Module name '../lib/error' was successfully resolved to 'd:/DOPAMS/Toystack/dopams-backend-staging/node_modules/aws-sdk/lib/error.d.ts' with Package ID 'aws-sdk/lib/error.d.ts@2.1693.0'. ========
======== Resolving module '../lib/service' from 'd:/DOPAMS/Toystack/dopams-backend-staging/node_modules/aws-sdk/clients/groundstation.d.ts'. ========
Resolution for module '../lib/service' was found in cache from location 'd:/DOPAMS/Toystack/dopams-backend-staging/node_modules/aws-sdk/clients'.
======== Module name '../lib/service' was successfully resolved to 'd:/DOPAMS/Toystack/dopams-backend-staging/node_modules/aws-sdk/lib/service.d.ts' with Package ID 'aws-sdk/lib/service.d.ts@2.1693.0'. ========
======== Resolving module '../lib/config-base' from 'd:/DOPAMS/Toystack/dopams-backend-staging/node_modules/aws-sdk/clients/groundstation.d.ts'. ========
Resolution for module '../lib/config-base' was found in cache from location 'd:/DOPAMS/Toystack/dopams-backend-staging/node_modules/aws-sdk/clients'.
======== Module name '../lib/config-base' was successfully resolved to 'd:/DOPAMS/Toystack/dopams-backend-staging/node_modules/aws-sdk/lib/config-base.d.ts' with Package ID 'aws-sdk/lib/config-base.d.ts@2.1693.0'. ========
File 'd:/DOPAMS/Toystack/dopams-backend-staging/node_modules/aws-sdk/clients/package.json' does not exist according to earlier cached lookups.
File 'd:/DOPAMS/Toystack/dopams-backend-staging/node_modules/aws-sdk/package.json' exists according to earlier cached lookups.
======== Resolving module '../lib/request' from 'd:/DOPAMS/Toystack/dopams-backend-staging/node_modules/aws-sdk/clients/iotthingsgraph.d.ts'. ========
Resolution for module '../lib/request' was found in cache from location 'd:/DOPAMS/Toystack/dopams-backend-staging/node_modules/aws-sdk/clients'.
======== Module name '../lib/request' was successfully resolved to 'd:/DOPAMS/Toystack/dopams-backend-staging/node_modules/aws-sdk/lib/request.d.ts' with Package ID 'aws-sdk/lib/request.d.ts@2.1693.0'. ========
======== Resolving module '../lib/response' from 'd:/DOPAMS/Toystack/dopams-backend-staging/node_modules/aws-sdk/clients/iotthingsgraph.d.ts'. ========
Resolution for module '../lib/response' was found in cache from location 'd:/DOPAMS/Toystack/dopams-backend-staging/node_modules/aws-sdk/clients'.
======== Module name '../lib/response' was successfully resolved to 'd:/DOPAMS/Toystack/dopams-backend-staging/node_modules/aws-sdk/lib/response.d.ts' with Package ID 'aws-sdk/lib/response.d.ts@2.1693.0'. ========
======== Resolving module '../lib/error' from 'd:/DOPAMS/Toystack/dopams-backend-staging/node_modules/aws-sdk/clients/iotthingsgraph.d.ts'. ========
Resolution for module '../lib/error' was found in cache from location 'd:/DOPAMS/Toystack/dopams-backend-staging/node_modules/aws-sdk/clients'.
======== Module name '../lib/error' was successfully resolved to 'd:/DOPAMS/Toystack/dopams-backend-staging/node_modules/aws-sdk/lib/error.d.ts' with Package ID 'aws-sdk/lib/error.d.ts@2.1693.0'. ========
======== Resolving module '../lib/service' from 'd:/DOPAMS/Toystack/dopams-backend-staging/node_modules/aws-sdk/clients/iotthingsgraph.d.ts'. ========
Resolution for module '../lib/service' was found in cache from location 'd:/DOPAMS/Toystack/dopams-backend-staging/node_modules/aws-sdk/clients'.
======== Module name '../lib/service' was successfully resolved to 'd:/DOPAMS/Toystack/dopams-backend-staging/node_modules/aws-sdk/lib/service.d.ts' with Package ID 'aws-sdk/lib/service.d.ts@2.1693.0'. ========
======== Resolving module '../lib/config-base' from 'd:/DOPAMS/Toystack/dopams-backend-staging/node_modules/aws-sdk/clients/iotthingsgraph.d.ts'. ========
Resolution for module '../lib/config-base' was found in cache from location 'd:/DOPAMS/Toystack/dopams-backend-staging/node_modules/aws-sdk/clients'.
======== Module name '../lib/config-base' was successfully resolved to 'd:/DOPAMS/Toystack/dopams-backend-staging/node_modules/aws-sdk/lib/config-base.d.ts' with Package ID 'aws-sdk/lib/config-base.d.ts@2.1693.0'. ========
File 'd:/DOPAMS/Toystack/dopams-backend-staging/node_modules/aws-sdk/clients/package.json' does not exist according to earlier cached lookups.
File 'd:/DOPAMS/Toystack/dopams-backend-staging/node_modules/aws-sdk/package.json' exists according to earlier cached lookups.
======== Resolving module '../lib/request' from 'd:/DOPAMS/Toystack/dopams-backend-staging/node_modules/aws-sdk/clients/iotevents.d.ts'. ========
Resolution for module '../lib/request' was found in cache from location 'd:/DOPAMS/Toystack/dopams-backend-staging/node_modules/aws-sdk/clients'.
======== Module name '../lib/request' was successfully resolved to 'd:/DOPAMS/Toystack/dopams-backend-staging/node_modules/aws-sdk/lib/request.d.ts' with Package ID 'aws-sdk/lib/request.d.ts@2.1693.0'. ========
======== Resolving module '../lib/response' from 'd:/DOPAMS/Toystack/dopams-backend-staging/node_modules/aws-sdk/clients/iotevents.d.ts'. ========
Resolution for module '../lib/response' was found in cache from location 'd:/DOPAMS/Toystack/dopams-backend-staging/node_modules/aws-sdk/clients'.
======== Module name '../lib/response' was successfully resolved to 'd:/DOPAMS/Toystack/dopams-backend-staging/node_modules/aws-sdk/lib/response.d.ts' with Package ID 'aws-sdk/lib/response.d.ts@2.1693.0'. ========
======== Resolving module '../lib/error' from 'd:/DOPAMS/Toystack/dopams-backend-staging/node_modules/aws-sdk/clients/iotevents.d.ts'. ========
Resolution for module '../lib/error' was found in cache from location 'd:/DOPAMS/Toystack/dopams-backend-staging/node_modules/aws-sdk/clients'.
======== Module name '../lib/error' was successfully resolved to 'd:/DOPAMS/Toystack/dopams-backend-staging/node_modules/aws-sdk/lib/error.d.ts' with Package ID 'aws-sdk/lib/error.d.ts@2.1693.0'. ========
======== Resolving module '../lib/service' from 'd:/DOPAMS/Toystack/dopams-backend-staging/node_modules/aws-sdk/clients/iotevents.d.ts'. ========
Resolution for module '../lib/service' was found in cache from location 'd:/DOPAMS/Toystack/dopams-backend-staging/node_modules/aws-sdk/clients'.
======== Module name '../lib/service' was successfully resolved to 'd:/DOPAMS/Toystack/dopams-backend-staging/node_modules/aws-sdk/lib/service.d.ts' with Package ID 'aws-sdk/lib/service.d.ts@2.1693.0'. ========
======== Resolving module '../lib/config-base' from 'd:/DOPAMS/Toystack/dopams-backend-staging/node_modules/aws-sdk/clients/iotevents.d.ts'. ========
Resolution for module '../lib/config-base' was found in cache from location 'd:/DOPAMS/Toystack/dopams-backend-staging/node_modules/aws-sdk/clients'.
======== Module name '../lib/config-base' was successfully resolved to 'd:/DOPAMS/Toystack/dopams-backend-staging/node_modules/aws-sdk/lib/config-base.d.ts' with Package ID 'aws-sdk/lib/config-base.d.ts@2.1693.0'. ========
File 'd:/DOPAMS/Toystack/dopams-backend-staging/node_modules/aws-sdk/clients/package.json' does not exist according to earlier cached lookups.
File 'd:/DOPAMS/Toystack/dopams-backend-staging/node_modules/aws-sdk/package.json' exists according to earlier cached lookups.
======== Resolving module '../lib/request' from 'd:/DOPAMS/Toystack/dopams-backend-staging/node_modules/aws-sdk/clients/ioteventsdata.d.ts'. ========
Resolution for module '../lib/request' was found in cache from location 'd:/DOPAMS/Toystack/dopams-backend-staging/node_modules/aws-sdk/clients'.
======== Module name '../lib/request' was successfully resolved to 'd:/DOPAMS/Toystack/dopams-backend-staging/node_modules/aws-sdk/lib/request.d.ts' with Package ID 'aws-sdk/lib/request.d.ts@2.1693.0'. ========
======== Resolving module '../lib/response' from 'd:/DOPAMS/Toystack/dopams-backend-staging/node_modules/aws-sdk/clients/ioteventsdata.d.ts'. ========
Resolution for module '../lib/response' was found in cache from location 'd:/DOPAMS/Toystack/dopams-backend-staging/node_modules/aws-sdk/clients'.
======== Module name '../lib/response' was successfully resolved to 'd:/DOPAMS/Toystack/dopams-backend-staging/node_modules/aws-sdk/lib/response.d.ts' with Package ID 'aws-sdk/lib/response.d.ts@2.1693.0'. ========
======== Resolving module '../lib/error' from 'd:/DOPAMS/Toystack/dopams-backend-staging/node_modules/aws-sdk/clients/ioteventsdata.d.ts'. ========
Resolution for module '../lib/error' was found in cache from location 'd:/DOPAMS/Toystack/dopams-backend-staging/node_modules/aws-sdk/clients'.
======== Module name '../lib/error' was successfully resolved to 'd:/DOPAMS/Toystack/dopams-backend-staging/node_modules/aws-sdk/lib/error.d.ts' with Package ID 'aws-sdk/lib/error.d.ts@2.1693.0'. ========
======== Resolving module '../lib/service' from 'd:/DOPAMS/Toystack/dopams-backend-staging/node_modules/aws-sdk/clients/ioteventsdata.d.ts'. ========
Resolution for module '../lib/service' was found in cache from location 'd:/DOPAMS/Toystack/dopams-backend-staging/node_modules/aws-sdk/clients'.
======== Module name '../lib/service' was successfully resolved to 'd:/DOPAMS/Toystack/dopams-backend-staging/node_modules/aws-sdk/lib/service.d.ts' with Package ID 'aws-sdk/lib/service.d.ts@2.1693.0'. ========
======== Resolving module '../lib/config-base' from 'd:/DOPAMS/Toystack/dopams-backend-staging/node_modules/aws-sdk/clients/ioteventsdata.d.ts'. ========
Resolution for module '../lib/config-base' was found in cache from location 'd:/DOPAMS/Toystack/dopams-backend-staging/node_modules/aws-sdk/clients'.
======== Module name '../lib/config-base' was successfully resolved to 'd:/DOPAMS/Toystack/dopams-backend-staging/node_modules/aws-sdk/lib/config-base.d.ts' with Package ID 'aws-sdk/lib/config-base.d.ts@2.1693.0'. ========
File 'd:/DOPAMS/Toystack/dopams-backend-staging/node_modules/aws-sdk/clients/package.json' does not exist according to earlier cached lookups.
File 'd:/DOPAMS/Toystack/dopams-backend-staging/node_modules/aws-sdk/package.json' exists according to earlier cached lookups.
======== Resolving module '../lib/request' from 'd:/DOPAMS/Toystack/dopams-backend-staging/node_modules/aws-sdk/clients/personalize.d.ts'. ========
Resolution for module '../lib/request' was found in cache from location 'd:/DOPAMS/Toystack/dopams-backend-staging/node_modules/aws-sdk/clients'.
======== Module name '../lib/request' was successfully resolved to 'd:/DOPAMS/Toystack/dopams-backend-staging/node_modules/aws-sdk/lib/request.d.ts' with Package ID 'aws-sdk/lib/request.d.ts@2.1693.0'. ========
======== Resolving module '../lib/response' from 'd:/DOPAMS/Toystack/dopams-backend-staging/node_modules/aws-sdk/clients/personalize.d.ts'. ========
Resolution for module '../lib/response' was found in cache from location 'd:/DOPAMS/Toystack/dopams-backend-staging/node_modules/aws-sdk/clients'.
======== Module name '../lib/response' was successfully resolved to 'd:/DOPAMS/Toystack/dopams-backend-staging/node_modules/aws-sdk/lib/response.d.ts' with Package ID 'aws-sdk/lib/response.d.ts@2.1693.0'. ========
======== Resolving module '../lib/error' from 'd:/DOPAMS/Toystack/dopams-backend-staging/node_modules/aws-sdk/clients/personalize.d.ts'. ========
Resolution for module '../lib/error' was found in cache from location 'd:/DOPAMS/Toystack/dopams-backend-staging/node_modules/aws-sdk/clients'.
======== Module name '../lib/error' was successfully resolved to 'd:/DOPAMS/Toystack/dopams-backend-staging/node_modules/aws-sdk/lib/error.d.ts' with Package ID 'aws-sdk/lib/error.d.ts@2.1693.0'. ========
======== Resolving module '../lib/service' from 'd:/DOPAMS/Toystack/dopams-backend-staging/node_modules/aws-sdk/clients/personalize.d.ts'. ========
Resolution for module '../lib/service' was found in cache from location 'd:/DOPAMS/Toystack/dopams-backend-staging/node_modules/aws-sdk/clients'.
======== Module name '../lib/service' was successfully resolved to 'd:/DOPAMS/Toystack/dopams-backend-staging/node_modules/aws-sdk/lib/service.d.ts' with Package ID 'aws-sdk/lib/service.d.ts@2.1693.0'. ========
======== Resolving module '../lib/config-base' from 'd:/DOPAMS/Toystack/dopams-backend-staging/node_modules/aws-sdk/clients/personalize.d.ts'. ========
Resolution for module '../lib/config-base' was found in cache from location 'd:/DOPAMS/Toystack/dopams-backend-staging/node_modules/aws-sdk/clients'.
======== Module name '../lib/config-base' was successfully resolved to 'd:/DOPAMS/Toystack/dopams-backend-staging/node_modules/aws-sdk/lib/config-base.d.ts' with Package ID 'aws-sdk/lib/config-base.d.ts@2.1693.0'. ========
File 'd:/DOPAMS/Toystack/dopams-backend-staging/node_modules/aws-sdk/clients/package.json' does not exist according to earlier cached lookups.
File 'd:/DOPAMS/Toystack/dopams-backend-staging/node_modules/aws-sdk/package.json' exists according to earlier cached lookups.
======== Resolving module '../lib/request' from 'd:/DOPAMS/Toystack/dopams-backend-staging/node_modules/aws-sdk/clients/personalizeevents.d.ts'. ========
Resolution for module '../lib/request' was found in cache from location 'd:/DOPAMS/Toystack/dopams-backend-staging/node_modules/aws-sdk/clients'.
======== Module name '../lib/request' was successfully resolved to 'd:/DOPAMS/Toystack/dopams-backend-staging/node_modules/aws-sdk/lib/request.d.ts' with Package ID 'aws-sdk/lib/request.d.ts@2.1693.0'. ========
======== Resolving module '../lib/response' from 'd:/DOPAMS/Toystack/dopams-backend-staging/node_modules/aws-sdk/clients/personalizeevents.d.ts'. ========
Resolution for module '../lib/response' was found in cache from location 'd:/DOPAMS/Toystack/dopams-backend-staging/node_modules/aws-sdk/clients'.
======== Module name '../lib/response' was successfully resolved to 'd:/DOPAMS/Toystack/dopams-backend-staging/node_modules/aws-sdk/lib/response.d.ts' with Package ID 'aws-sdk/lib/response.d.ts@2.1693.0'. ========
======== Resolving module '../lib/error' from 'd:/DOPAMS/Toystack/dopams-backend-staging/node_modules/aws-sdk/clients/personalizeevents.d.ts'. ========
Resolution for module '../lib/error' was found in cache from location 'd:/DOPAMS/Toystack/dopams-backend-staging/node_modules/aws-sdk/clients'.
======== Module name '../lib/error' was successfully resolved to 'd:/DOPAMS/Toystack/dopams-backend-staging/node_modules/aws-sdk/lib/error.d.ts' with Package ID 'aws-sdk/lib/error.d.ts@2.1693.0'. ========
======== Resolving module '../lib/service' from 'd:/DOPAMS/Toystack/dopams-backend-staging/node_modules/aws-sdk/clients/personalizeevents.d.ts'. ========
Resolution for module '../lib/service' was found in cache from location 'd:/DOPAMS/Toystack/dopams-backend-staging/node_modules/aws-sdk/clients'.
======== Module name '../lib/service' was successfully resolved to 'd:/DOPAMS/Toystack/dopams-backend-staging/node_modules/aws-sdk/lib/service.d.ts' with Package ID 'aws-sdk/lib/service.d.ts@2.1693.0'. ========
======== Resolving module '../lib/config-base' from 'd:/DOPAMS/Toystack/dopams-backend-staging/node_modules/aws-sdk/clients/personalizeevents.d.ts'. ========
Resolution for module '../lib/config-base' was found in cache from location 'd:/DOPAMS/Toystack/dopams-backend-staging/node_modules/aws-sdk/clients'.
======== Module name '../lib/config-base' was successfully resolved to 'd:/DOPAMS/Toystack/dopams-backend-staging/node_modules/aws-sdk/lib/config-base.d.ts' with Package ID 'aws-sdk/lib/config-base.d.ts@2.1693.0'. ========
File 'd:/DOPAMS/Toystack/dopams-backend-staging/node_modules/aws-sdk/clients/package.json' does not exist according to earlier cached lookups.
File 'd:/DOPAMS/Toystack/dopams-backend-staging/node_modules/aws-sdk/package.json' exists according to earlier cached lookups.
======== Resolving module '../lib/request' from 'd:/DOPAMS/Toystack/dopams-backend-staging/node_modules/aws-sdk/clients/personalizeruntime.d.ts'. ========
Resolution for module '../lib/request' was found in cache from location 'd:/DOPAMS/Toystack/dopams-backend-staging/node_modules/aws-sdk/clients'.
======== Module name '../lib/request' was successfully resolved to 'd:/DOPAMS/Toystack/dopams-backend-staging/node_modules/aws-sdk/lib/request.d.ts' with Package ID 'aws-sdk/lib/request.d.ts@2.1693.0'. ========
======== Resolving module '../lib/response' from 'd:/DOPAMS/Toystack/dopams-backend-staging/node_modules/aws-sdk/clients/personalizeruntime.d.ts'. ========
Resolution for module '../lib/response' was found in cache from location 'd:/DOPAMS/Toystack/dopams-backend-staging/node_modules/aws-sdk/clients'.
======== Module name '../lib/response' was successfully resolved to 'd:/DOPAMS/Toystack/dopams-backend-staging/node_modules/aws-sdk/lib/response.d.ts' with Package ID 'aws-sdk/lib/response.d.ts@2.1693.0'. ========
======== Resolving module '../lib/error' from 'd:/DOPAMS/Toystack/dopams-backend-staging/node_modules/aws-sdk/clients/personalizeruntime.d.ts'. ========
Resolution for module '../lib/error' was found in cache from location 'd:/DOPAMS/Toystack/dopams-backend-staging/node_modules/aws-sdk/clients'.
======== Module name '../lib/error' was successfully resolved to 'd:/DOPAMS/Toystack/dopams-backend-staging/node_modules/aws-sdk/lib/error.d.ts' with Package ID 'aws-sdk/lib/error.d.ts@2.1693.0'. ========
======== Resolving module '../lib/service' from 'd:/DOPAMS/Toystack/dopams-backend-staging/node_modules/aws-sdk/clients/personalizeruntime.d.ts'. ========
Resolution for module '../lib/service' was found in cache from location 'd:/DOPAMS/Toystack/dopams-backend-staging/node_modules/aws-sdk/clients'.
======== Module name '../lib/service' was successfully resolved to 'd:/DOPAMS/Toystack/dopams-backend-staging/node_modules/aws-sdk/lib/service.d.ts' with Package ID 'aws-sdk/lib/service.d.ts@2.1693.0'. ========
======== Resolving module '../lib/config-base' from 'd:/DOPAMS/Toystack/dopams-backend-staging/node_modules/aws-sdk/clients/personalizeruntime.d.ts'. ========
Resolution for module '../lib/config-base' was found in cache from location 'd:/DOPAMS/Toystack/dopams-backend-staging/node_modules/aws-sdk/clients'.
======== Module name '../lib/config-base' was successfully resolved to 'd:/DOPAMS/Toystack/dopams-backend-staging/node_modules/aws-sdk/lib/config-base.d.ts' with Package ID 'aws-sdk/lib/config-base.d.ts@2.1693.0'. ========
File 'd:/DOPAMS/Toystack/dopams-backend-staging/node_modules/aws-sdk/clients/package.json' does not exist according to earlier cached lookups.
File 'd:/DOPAMS/Toystack/dopams-backend-staging/node_modules/aws-sdk/package.json' exists according to earlier cached lookups.
======== Resolving module '../lib/request' from 'd:/DOPAMS/Toystack/dopams-backend-staging/node_modules/aws-sdk/clients/applicationinsights.d.ts'. ========
Resolution for module '../lib/request' was found in cache from location 'd:/DOPAMS/Toystack/dopams-backend-staging/node_modules/aws-sdk/clients'.
======== Module name '../lib/request' was successfully resolved to 'd:/DOPAMS/Toystack/dopams-backend-staging/node_modules/aws-sdk/lib/request.d.ts' with Package ID 'aws-sdk/lib/request.d.ts@2.1693.0'. ========
======== Resolving module '../lib/response' from 'd:/DOPAMS/Toystack/dopams-backend-staging/node_modules/aws-sdk/clients/applicationinsights.d.ts'. ========
Resolution for module '../lib/response' was found in cache from location 'd:/DOPAMS/Toystack/dopams-backend-staging/node_modules/aws-sdk/clients'.
======== Module name '../lib/response' was successfully resolved to 'd:/DOPAMS/Toystack/dopams-backend-staging/node_modules/aws-sdk/lib/response.d.ts' with Package ID 'aws-sdk/lib/response.d.ts@2.1693.0'. ========
======== Resolving module '../lib/error' from 'd:/DOPAMS/Toystack/dopams-backend-staging/node_modules/aws-sdk/clients/applicationinsights.d.ts'. ========
Resolution for module '../lib/error' was found in cache from location 'd:/DOPAMS/Toystack/dopams-backend-staging/node_modules/aws-sdk/clients'.
======== Module name '../lib/error' was successfully resolved to 'd:/DOPAMS/Toystack/dopams-backend-staging/node_modules/aws-sdk/lib/error.d.ts' with Package ID 'aws-sdk/lib/error.d.ts@2.1693.0'. ========
======== Resolving module '../lib/service' from 'd:/DOPAMS/Toystack/dopams-backend-staging/node_modules/aws-sdk/clients/applicationinsights.d.ts'. ========
Resolution for module '../lib/service' was found in cache from location 'd:/DOPAMS/Toystack/dopams-backend-staging/node_modules/aws-sdk/clients'.
======== Module name '../lib/service' was successfully resolved to 'd:/DOPAMS/Toystack/dopams-backend-staging/node_modules/aws-sdk/lib/service.d.ts' with Package ID 'aws-sdk/lib/service.d.ts@2.1693.0'. ========
======== Resolving module '../lib/config-base' from 'd:/DOPAMS/Toystack/dopams-backend-staging/node_modules/aws-sdk/clients/applicationinsights.d.ts'. ========
Resolution for module '../lib/config-base' was found in cache from location 'd:/DOPAMS/Toystack/dopams-backend-staging/node_modules/aws-sdk/clients'.
======== Module name '../lib/config-base' was successfully resolved to 'd:/DOPAMS/Toystack/dopams-backend-staging/node_modules/aws-sdk/lib/config-base.d.ts' with Package ID 'aws-sdk/lib/config-base.d.ts@2.1693.0'. ========
File 'd:/DOPAMS/Toystack/dopams-backend-staging/node_modules/aws-sdk/clients/package.json' does not exist according to earlier cached lookups.
File 'd:/DOPAMS/Toystack/dopams-backend-staging/node_modules/aws-sdk/package.json' exists according to earlier cached lookups.
======== Resolving module '../lib/request' from 'd:/DOPAMS/Toystack/dopams-backend-staging/node_modules/aws-sdk/clients/servicequotas.d.ts'. ========
Resolution for module '../lib/request' was found in cache from location 'd:/DOPAMS/Toystack/dopams-backend-staging/node_modules/aws-sdk/clients'.
======== Module name '../lib/request' was successfully resolved to 'd:/DOPAMS/Toystack/dopams-backend-staging/node_modules/aws-sdk/lib/request.d.ts' with Package ID 'aws-sdk/lib/request.d.ts@2.1693.0'. ========
======== Resolving module '../lib/response' from 'd:/DOPAMS/Toystack/dopams-backend-staging/node_modules/aws-sdk/clients/servicequotas.d.ts'. ========
Resolution for module '../lib/response' was found in cache from location 'd:/DOPAMS/Toystack/dopams-backend-staging/node_modules/aws-sdk/clients'.
======== Module name '../lib/response' was successfully resolved to 'd:/DOPAMS/Toystack/dopams-backend-staging/node_modules/aws-sdk/lib/response.d.ts' with Package ID 'aws-sdk/lib/response.d.ts@2.1693.0'. ========
======== Resolving module '../lib/error' from 'd:/DOPAMS/Toystack/dopams-backend-staging/node_modules/aws-sdk/clients/servicequotas.d.ts'. ========
Resolution for module '../lib/error' was found in cache from location 'd:/DOPAMS/Toystack/dopams-backend-staging/node_modules/aws-sdk/clients'.
======== Module name '../lib/error' was successfully resolved to 'd:/DOPAMS/Toystack/dopams-backend-staging/node_modules/aws-sdk/lib/error.d.ts' with Package ID 'aws-sdk/lib/error.d.ts@2.1693.0'. ========
======== Resolving module '../lib/service' from 'd:/DOPAMS/Toystack/dopams-backend-staging/node_modules/aws-sdk/clients/servicequotas.d.ts'. ========
Resolution for module '../lib/service' was found in cache from location 'd:/DOPAMS/Toystack/dopams-backend-staging/node_modules/aws-sdk/clients'.
======== Module name '../lib/service' was successfully resolved to 'd:/DOPAMS/Toystack/dopams-backend-staging/node_modules/aws-sdk/lib/service.d.ts' with Package ID 'aws-sdk/lib/service.d.ts@2.1693.0'. ========
======== Resolving module '../lib/config-base' from 'd:/DOPAMS/Toystack/dopams-backend-staging/node_modules/aws-sdk/clients/servicequotas.d.ts'. ========
Resolution for module '../lib/config-base' was found in cache from location 'd:/DOPAMS/Toystack/dopams-backend-staging/node_modules/aws-sdk/clients'.
======== Module name '../lib/config-base' was successfully resolved to 'd:/DOPAMS/Toystack/dopams-backend-staging/node_modules/aws-sdk/lib/config-base.d.ts' with Package ID 'aws-sdk/lib/config-base.d.ts@2.1693.0'. ========
File 'd:/DOPAMS/Toystack/dopams-backend-staging/node_modules/aws-sdk/clients/package.json' does not exist according to earlier cached lookups.
File 'd:/DOPAMS/Toystack/dopams-backend-staging/node_modules/aws-sdk/package.json' exists according to earlier cached lookups.
======== Resolving module '../lib/request' from 'd:/DOPAMS/Toystack/dopams-backend-staging/node_modules/aws-sdk/clients/ec2instanceconnect.d.ts'. ========
Resolution for module '../lib/request' was found in cache from location 'd:/DOPAMS/Toystack/dopams-backend-staging/node_modules/aws-sdk/clients'.
======== Module name '../lib/request' was successfully resolved to 'd:/DOPAMS/Toystack/dopams-backend-staging/node_modules/aws-sdk/lib/request.d.ts' with Package ID 'aws-sdk/lib/request.d.ts@2.1693.0'. ========
======== Resolving module '../lib/response' from 'd:/DOPAMS/Toystack/dopams-backend-staging/node_modules/aws-sdk/clients/ec2instanceconnect.d.ts'. ========
Resolution for module '../lib/response' was found in cache from location 'd:/DOPAMS/Toystack/dopams-backend-staging/node_modules/aws-sdk/clients'.
======== Module name '../lib/response' was successfully resolved to 'd:/DOPAMS/Toystack/dopams-backend-staging/node_modules/aws-sdk/lib/response.d.ts' with Package ID 'aws-sdk/lib/response.d.ts@2.1693.0'. ========
======== Resolving module '../lib/error' from 'd:/DOPAMS/Toystack/dopams-backend-staging/node_modules/aws-sdk/clients/ec2instanceconnect.d.ts'. ========
Resolution for module '../lib/error' was found in cache from location 'd:/DOPAMS/Toystack/dopams-backend-staging/node_modules/aws-sdk/clients'.
======== Module name '../lib/error' was successfully resolved to 'd:/DOPAMS/Toystack/dopams-backend-staging/node_modules/aws-sdk/lib/error.d.ts' with Package ID 'aws-sdk/lib/error.d.ts@2.1693.0'. ========
======== Resolving module '../lib/service' from 'd:/DOPAMS/Toystack/dopams-backend-staging/node_modules/aws-sdk/clients/ec2instanceconnect.d.ts'. ========
Resolution for module '../lib/service' was found in cache from location 'd:/DOPAMS/Toystack/dopams-backend-staging/node_modules/aws-sdk/clients'.
======== Module name '../lib/service' was successfully resolved to 'd:/DOPAMS/Toystack/dopams-backend-staging/node_modules/aws-sdk/lib/service.d.ts' with Package ID 'aws-sdk/lib/service.d.ts@2.1693.0'. ========
======== Resolving module '../lib/config-base' from 'd:/DOPAMS/Toystack/dopams-backend-staging/node_modules/aws-sdk/clients/ec2instanceconnect.d.ts'. ========
Resolution for module '../lib/config-base' was found in cache from location 'd:/DOPAMS/Toystack/dopams-backend-staging/node_modules/aws-sdk/clients'.
======== Module name '../lib/config-base' was successfully resolved to 'd:/DOPAMS/Toystack/dopams-backend-staging/node_modules/aws-sdk/lib/config-base.d.ts' with Package ID 'aws-sdk/lib/config-base.d.ts@2.1693.0'. ========
File 'd:/DOPAMS/Toystack/dopams-backend-staging/node_modules/aws-sdk/clients/package.json' does not exist according to earlier cached lookups.
File 'd:/DOPAMS/Toystack/dopams-backend-staging/node_modules/aws-sdk/package.json' exists according to earlier cached lookups.
======== Resolving module '../lib/request' from 'd:/DOPAMS/Toystack/dopams-backend-staging/node_modules/aws-sdk/clients/eventbridge.d.ts'. ========
Resolution for module '../lib/request' was found in cache from location 'd:/DOPAMS/Toystack/dopams-backend-staging/node_modules/aws-sdk/clients'.
======== Module name '../lib/request' was successfully resolved to 'd:/DOPAMS/Toystack/dopams-backend-staging/node_modules/aws-sdk/lib/request.d.ts' with Package ID 'aws-sdk/lib/request.d.ts@2.1693.0'. ========
======== Resolving module '../lib/response' from 'd:/DOPAMS/Toystack/dopams-backend-staging/node_modules/aws-sdk/clients/eventbridge.d.ts'. ========
Resolution for module '../lib/response' was found in cache from location 'd:/DOPAMS/Toystack/dopams-backend-staging/node_modules/aws-sdk/clients'.
======== Module name '../lib/response' was successfully resolved to 'd:/DOPAMS/Toystack/dopams-backend-staging/node_modules/aws-sdk/lib/response.d.ts' with Package ID 'aws-sdk/lib/response.d.ts@2.1693.0'. ========
======== Resolving module '../lib/error' from 'd:/DOPAMS/Toystack/dopams-backend-staging/node_modules/aws-sdk/clients/eventbridge.d.ts'. ========
Resolution for module '../lib/error' was found in cache from location 'd:/DOPAMS/Toystack/dopams-backend-staging/node_modules/aws-sdk/clients'.
======== Module name '../lib/error' was successfully resolved to 'd:/DOPAMS/Toystack/dopams-backend-staging/node_modules/aws-sdk/lib/error.d.ts' with Package ID 'aws-sdk/lib/error.d.ts@2.1693.0'. ========
======== Resolving module '../lib/service' from 'd:/DOPAMS/Toystack/dopams-backend-staging/node_modules/aws-sdk/clients/eventbridge.d.ts'. ========
Resolution for module '../lib/service' was found in cache from location 'd:/DOPAMS/Toystack/dopams-backend-staging/node_modules/aws-sdk/clients'.
======== Module name '../lib/service' was successfully resolved to 'd:/DOPAMS/Toystack/dopams-backend-staging/node_modules/aws-sdk/lib/service.d.ts' with Package ID 'aws-sdk/lib/service.d.ts@2.1693.0'. ========
======== Resolving module '../lib/config-base' from 'd:/DOPAMS/Toystack/dopams-backend-staging/node_modules/aws-sdk/clients/eventbridge.d.ts'. ========
Resolution for module '../lib/config-base' was found in cache from location 'd:/DOPAMS/Toystack/dopams-backend-staging/node_modules/aws-sdk/clients'.
======== Module name '../lib/config-base' was successfully resolved to 'd:/DOPAMS/Toystack/dopams-backend-staging/node_modules/aws-sdk/lib/config-base.d.ts' with Package ID 'aws-sdk/lib/config-base.d.ts@2.1693.0'. ========
File 'd:/DOPAMS/Toystack/dopams-backend-staging/node_modules/aws-sdk/clients/package.json' does not exist according to earlier cached lookups.
File 'd:/DOPAMS/Toystack/dopams-backend-staging/node_modules/aws-sdk/package.json' exists according to earlier cached lookups.
======== Resolving module '../lib/request' from 'd:/DOPAMS/Toystack/dopams-backend-staging/node_modules/aws-sdk/clients/lakeformation.d.ts'. ========
Resolution for module '../lib/request' was found in cache from location 'd:/DOPAMS/Toystack/dopams-backend-staging/node_modules/aws-sdk/clients'.
======== Module name '../lib/request' was successfully resolved to 'd:/DOPAMS/Toystack/dopams-backend-staging/node_modules/aws-sdk/lib/request.d.ts' with Package ID 'aws-sdk/lib/request.d.ts@2.1693.0'. ========
======== Resolving module '../lib/response' from 'd:/DOPAMS/Toystack/dopams-backend-staging/node_modules/aws-sdk/clients/lakeformation.d.ts'. ========
Resolution for module '../lib/response' was found in cache from location 'd:/DOPAMS/Toystack/dopams-backend-staging/node_modules/aws-sdk/clients'.
======== Module name '../lib/response' was successfully resolved to 'd:/DOPAMS/Toystack/dopams-backend-staging/node_modules/aws-sdk/lib/response.d.ts' with Package ID 'aws-sdk/lib/response.d.ts@2.1693.0'. ========
======== Resolving module '../lib/error' from 'd:/DOPAMS/Toystack/dopams-backend-staging/node_modules/aws-sdk/clients/lakeformation.d.ts'. ========
Resolution for module '../lib/error' was found in cache from location 'd:/DOPAMS/Toystack/dopams-backend-staging/node_modules/aws-sdk/clients'.
======== Module name '../lib/error' was successfully resolved to 'd:/DOPAMS/Toystack/dopams-backend-staging/node_modules/aws-sdk/lib/error.d.ts' with Package ID 'aws-sdk/lib/error.d.ts@2.1693.0'. ========
======== Resolving module '../lib/service' from 'd:/DOPAMS/Toystack/dopams-backend-staging/node_modules/aws-sdk/clients/lakeformation.d.ts'. ========
Resolution for module '../lib/service' was found in cache from location 'd:/DOPAMS/Toystack/dopams-backend-staging/node_modules/aws-sdk/clients'.
======== Module name '../lib/service' was successfully resolved to 'd:/DOPAMS/Toystack/dopams-backend-staging/node_modules/aws-sdk/lib/service.d.ts' with Package ID 'aws-sdk/lib/service.d.ts@2.1693.0'. ========
======== Resolving module '../lib/config-base' from 'd:/DOPAMS/Toystack/dopams-backend-staging/node_modules/aws-sdk/clients/lakeformation.d.ts'. ========
Resolution for module '../lib/config-base' was found in cache from location 'd:/DOPAMS/Toystack/dopams-backend-staging/node_modules/aws-sdk/clients'.
======== Module name '../lib/config-base' was successfully resolved to 'd:/DOPAMS/Toystack/dopams-backend-staging/node_modules/aws-sdk/lib/config-base.d.ts' with Package ID 'aws-sdk/lib/config-base.d.ts@2.1693.0'. ========
======== Resolving module 'stream' from 'd:/DOPAMS/Toystack/dopams-backend-staging/node_modules/aws-sdk/clients/lakeformation.d.ts'. ========
Resolution for module 'stream' was found in cache from location 'd:/DOPAMS/Toystack/dopams-backend-staging/node_modules/aws-sdk/clients'.
======== Module name 'stream' was not resolved. ========
File 'd:/DOPAMS/Toystack/dopams-backend-staging/node_modules/aws-sdk/clients/package.json' does not exist according to earlier cached lookups.
File 'd:/DOPAMS/Toystack/dopams-backend-staging/node_modules/aws-sdk/package.json' exists according to earlier cached lookups.
======== Resolving module '../lib/request' from 'd:/DOPAMS/Toystack/dopams-backend-staging/node_modules/aws-sdk/clients/forecastservice.d.ts'. ========
Resolution for module '../lib/request' was found in cache from location 'd:/DOPAMS/Toystack/dopams-backend-staging/node_modules/aws-sdk/clients'.
======== Module name '../lib/request' was successfully resolved to 'd:/DOPAMS/Toystack/dopams-backend-staging/node_modules/aws-sdk/lib/request.d.ts' with Package ID 'aws-sdk/lib/request.d.ts@2.1693.0'. ========
======== Resolving module '../lib/response' from 'd:/DOPAMS/Toystack/dopams-backend-staging/node_modules/aws-sdk/clients/forecastservice.d.ts'. ========
Resolution for module '../lib/response' was found in cache from location 'd:/DOPAMS/Toystack/dopams-backend-staging/node_modules/aws-sdk/clients'.
======== Module name '../lib/response' was successfully resolved to 'd:/DOPAMS/Toystack/dopams-backend-staging/node_modules/aws-sdk/lib/response.d.ts' with Package ID 'aws-sdk/lib/response.d.ts@2.1693.0'. ========
======== Resolving module '../lib/error' from 'd:/DOPAMS/Toystack/dopams-backend-staging/node_modules/aws-sdk/clients/forecastservice.d.ts'. ========
Resolution for module '../lib/error' was found in cache from location 'd:/DOPAMS/Toystack/dopams-backend-staging/node_modules/aws-sdk/clients'.
======== Module name '../lib/error' was successfully resolved to 'd:/DOPAMS/Toystack/dopams-backend-staging/node_modules/aws-sdk/lib/error.d.ts' with Package ID 'aws-sdk/lib/error.d.ts@2.1693.0'. ========
======== Resolving module '../lib/service' from 'd:/DOPAMS/Toystack/dopams-backend-staging/node_modules/aws-sdk/clients/forecastservice.d.ts'. ========
Resolution for module '../lib/service' was found in cache from location 'd:/DOPAMS/Toystack/dopams-backend-staging/node_modules/aws-sdk/clients'.
======== Module name '../lib/service' was successfully resolved to 'd:/DOPAMS/Toystack/dopams-backend-staging/node_modules/aws-sdk/lib/service.d.ts' with Package ID 'aws-sdk/lib/service.d.ts@2.1693.0'. ========
======== Resolving module '../lib/config-base' from 'd:/DOPAMS/Toystack/dopams-backend-staging/node_modules/aws-sdk/clients/forecastservice.d.ts'. ========
Resolution for module '../lib/config-base' was found in cache from location 'd:/DOPAMS/Toystack/dopams-backend-staging/node_modules/aws-sdk/clients'.
======== Module name '../lib/config-base' was successfully resolved to 'd:/DOPAMS/Toystack/dopams-backend-staging/node_modules/aws-sdk/lib/config-base.d.ts' with Package ID 'aws-sdk/lib/config-base.d.ts@2.1693.0'. ========
File 'd:/DOPAMS/Toystack/dopams-backend-staging/node_modules/aws-sdk/clients/package.json' does not exist according to earlier cached lookups.
File 'd:/DOPAMS/Toystack/dopams-backend-staging/node_modules/aws-sdk/package.json' exists according to earlier cached lookups.
======== Resolving module '../lib/request' from 'd:/DOPAMS/Toystack/dopams-backend-staging/node_modules/aws-sdk/clients/forecastqueryservice.d.ts'. ========
Resolution for module '../lib/request' was found in cache from location 'd:/DOPAMS/Toystack/dopams-backend-staging/node_modules/aws-sdk/clients'.
======== Module name '../lib/request' was successfully resolved to 'd:/DOPAMS/Toystack/dopams-backend-staging/node_modules/aws-sdk/lib/request.d.ts' with Package ID 'aws-sdk/lib/request.d.ts@2.1693.0'. ========
======== Resolving module '../lib/response' from 'd:/DOPAMS/Toystack/dopams-backend-staging/node_modules/aws-sdk/clients/forecastqueryservice.d.ts'. ========
Resolution for module '../lib/response' was found in cache from location 'd:/DOPAMS/Toystack/dopams-backend-staging/node_modules/aws-sdk/clients'.
======== Module name '../lib/response' was successfully resolved to 'd:/DOPAMS/Toystack/dopams-backend-staging/node_modules/aws-sdk/lib/response.d.ts' with Package ID 'aws-sdk/lib/response.d.ts@2.1693.0'. ========
======== Resolving module '../lib/error' from 'd:/DOPAMS/Toystack/dopams-backend-staging/node_modules/aws-sdk/clients/forecastqueryservice.d.ts'. ========
Resolution for module '../lib/error' was found in cache from location 'd:/DOPAMS/Toystack/dopams-backend-staging/node_modules/aws-sdk/clients'.
======== Module name '../lib/error' was successfully resolved to 'd:/DOPAMS/Toystack/dopams-backend-staging/node_modules/aws-sdk/lib/error.d.ts' with Package ID 'aws-sdk/lib/error.d.ts@2.1693.0'. ========
======== Resolving module '../lib/service' from 'd:/DOPAMS/Toystack/dopams-backend-staging/node_modules/aws-sdk/clients/forecastqueryservice.d.ts'. ========
Resolution for module '../lib/service' was found in cache from location 'd:/DOPAMS/Toystack/dopams-backend-staging/node_modules/aws-sdk/clients'.
======== Module name '../lib/service' was successfully resolved to 'd:/DOPAMS/Toystack/dopams-backend-staging/node_modules/aws-sdk/lib/service.d.ts' with Package ID 'aws-sdk/lib/service.d.ts@2.1693.0'. ========
======== Resolving module '../lib/config-base' from 'd:/DOPAMS/Toystack/dopams-backend-staging/node_modules/aws-sdk/clients/forecastqueryservice.d.ts'. ========
Resolution for module '../lib/config-base' was found in cache from location 'd:/DOPAMS/Toystack/dopams-backend-staging/node_modules/aws-sdk/clients'.
======== Module name '../lib/config-base' was successfully resolved to 'd:/DOPAMS/Toystack/dopams-backend-staging/node_modules/aws-sdk/lib/config-base.d.ts' with Package ID 'aws-sdk/lib/config-base.d.ts@2.1693.0'. ========
File 'd:/DOPAMS/Toystack/dopams-backend-staging/node_modules/aws-sdk/clients/package.json' does not exist according to earlier cached lookups.
File 'd:/DOPAMS/Toystack/dopams-backend-staging/node_modules/aws-sdk/package.json' exists according to earlier cached lookups.
======== Resolving module '../lib/request' from 'd:/DOPAMS/Toystack/dopams-backend-staging/node_modules/aws-sdk/clients/qldb.d.ts'. ========
Resolution for module '../lib/request' was found in cache from location 'd:/DOPAMS/Toystack/dopams-backend-staging/node_modules/aws-sdk/clients'.
======== Module name '../lib/request' was successfully resolved to 'd:/DOPAMS/Toystack/dopams-backend-staging/node_modules/aws-sdk/lib/request.d.ts' with Package ID 'aws-sdk/lib/request.d.ts@2.1693.0'. ========
======== Resolving module '../lib/response' from 'd:/DOPAMS/Toystack/dopams-backend-staging/node_modules/aws-sdk/clients/qldb.d.ts'. ========
Resolution for module '../lib/response' was found in cache from location 'd:/DOPAMS/Toystack/dopams-backend-staging/node_modules/aws-sdk/clients'.
======== Module name '../lib/response' was successfully resolved to 'd:/DOPAMS/Toystack/dopams-backend-staging/node_modules/aws-sdk/lib/response.d.ts' with Package ID 'aws-sdk/lib/response.d.ts@2.1693.0'. ========
======== Resolving module '../lib/error' from 'd:/DOPAMS/Toystack/dopams-backend-staging/node_modules/aws-sdk/clients/qldb.d.ts'. ========
Resolution for module '../lib/error' was found in cache from location 'd:/DOPAMS/Toystack/dopams-backend-staging/node_modules/aws-sdk/clients'.
======== Module name '../lib/error' was successfully resolved to 'd:/DOPAMS/Toystack/dopams-backend-staging/node_modules/aws-sdk/lib/error.d.ts' with Package ID 'aws-sdk/lib/error.d.ts@2.1693.0'. ========
======== Resolving module '../lib/service' from 'd:/DOPAMS/Toystack/dopams-backend-staging/node_modules/aws-sdk/clients/qldb.d.ts'. ========
Resolution for module '../lib/service' was found in cache from location 'd:/DOPAMS/Toystack/dopams-backend-staging/node_modules/aws-sdk/clients'.
======== Module name '../lib/service' was successfully resolved to 'd:/DOPAMS/Toystack/dopams-backend-staging/node_modules/aws-sdk/lib/service.d.ts' with Package ID 'aws-sdk/lib/service.d.ts@2.1693.0'. ========
======== Resolving module '../lib/config-base' from 'd:/DOPAMS/Toystack/dopams-backend-staging/node_modules/aws-sdk/clients/qldb.d.ts'. ========
Resolution for module '../lib/config-base' was found in cache from location 'd:/DOPAMS/Toystack/dopams-backend-staging/node_modules/aws-sdk/clients'.
======== Module name '../lib/config-base' was successfully resolved to 'd:/DOPAMS/Toystack/dopams-backend-staging/node_modules/aws-sdk/lib/config-base.d.ts' with Package ID 'aws-sdk/lib/config-base.d.ts@2.1693.0'. ========
File 'd:/DOPAMS/Toystack/dopams-backend-staging/node_modules/aws-sdk/clients/package.json' does not exist according to earlier cached lookups.
File 'd:/DOPAMS/Toystack/dopams-backend-staging/node_modules/aws-sdk/package.json' exists according to earlier cached lookups.
======== Resolving module '../lib/request' from 'd:/DOPAMS/Toystack/dopams-backend-staging/node_modules/aws-sdk/clients/qldbsession.d.ts'. ========
Resolution for module '../lib/request' was found in cache from location 'd:/DOPAMS/Toystack/dopams-backend-staging/node_modules/aws-sdk/clients'.
======== Module name '../lib/request' was successfully resolved to 'd:/DOPAMS/Toystack/dopams-backend-staging/node_modules/aws-sdk/lib/request.d.ts' with Package ID 'aws-sdk/lib/request.d.ts@2.1693.0'. ========
======== Resolving module '../lib/response' from 'd:/DOPAMS/Toystack/dopams-backend-staging/node_modules/aws-sdk/clients/qldbsession.d.ts'. ========
Resolution for module '../lib/response' was found in cache from location 'd:/DOPAMS/Toystack/dopams-backend-staging/node_modules/aws-sdk/clients'.
======== Module name '../lib/response' was successfully resolved to 'd:/DOPAMS/Toystack/dopams-backend-staging/node_modules/aws-sdk/lib/response.d.ts' with Package ID 'aws-sdk/lib/response.d.ts@2.1693.0'. ========
======== Resolving module '../lib/error' from 'd:/DOPAMS/Toystack/dopams-backend-staging/node_modules/aws-sdk/clients/qldbsession.d.ts'. ========
Resolution for module '../lib/error' was found in cache from location 'd:/DOPAMS/Toystack/dopams-backend-staging/node_modules/aws-sdk/clients'.
======== Module name '../lib/error' was successfully resolved to 'd:/DOPAMS/Toystack/dopams-backend-staging/node_modules/aws-sdk/lib/error.d.ts' with Package ID 'aws-sdk/lib/error.d.ts@2.1693.0'. ========
======== Resolving module '../lib/service' from 'd:/DOPAMS/Toystack/dopams-backend-staging/node_modules/aws-sdk/clients/qldbsession.d.ts'. ========
Resolution for module '../lib/service' was found in cache from location 'd:/DOPAMS/Toystack/dopams-backend-staging/node_modules/aws-sdk/clients'.
======== Module name '../lib/service' was successfully resolved to 'd:/DOPAMS/Toystack/dopams-backend-staging/node_modules/aws-sdk/lib/service.d.ts' with Package ID 'aws-sdk/lib/service.d.ts@2.1693.0'. ========
======== Resolving module '../lib/config-base' from 'd:/DOPAMS/Toystack/dopams-backend-staging/node_modules/aws-sdk/clients/qldbsession.d.ts'. ========
Resolution for module '../lib/config-base' was found in cache from location 'd:/DOPAMS/Toystack/dopams-backend-staging/node_modules/aws-sdk/clients'.
======== Module name '../lib/config-base' was successfully resolved to 'd:/DOPAMS/Toystack/dopams-backend-staging/node_modules/aws-sdk/lib/config-base.d.ts' with Package ID 'aws-sdk/lib/config-base.d.ts@2.1693.0'. ========
File 'd:/DOPAMS/Toystack/dopams-backend-staging/node_modules/aws-sdk/clients/package.json' does not exist according to earlier cached lookups.
File 'd:/DOPAMS/Toystack/dopams-backend-staging/node_modules/aws-sdk/package.json' exists according to earlier cached lookups.
======== Resolving module '../lib/request' from 'd:/DOPAMS/Toystack/dopams-backend-staging/node_modules/aws-sdk/clients/workmailmessageflow.d.ts'. ========
Resolution for module '../lib/request' was found in cache from location 'd:/DOPAMS/Toystack/dopams-backend-staging/node_modules/aws-sdk/clients'.
======== Module name '../lib/request' was successfully resolved to 'd:/DOPAMS/Toystack/dopams-backend-staging/node_modules/aws-sdk/lib/request.d.ts' with Package ID 'aws-sdk/lib/request.d.ts@2.1693.0'. ========
======== Resolving module '../lib/response' from 'd:/DOPAMS/Toystack/dopams-backend-staging/node_modules/aws-sdk/clients/workmailmessageflow.d.ts'. ========
Resolution for module '../lib/response' was found in cache from location 'd:/DOPAMS/Toystack/dopams-backend-staging/node_modules/aws-sdk/clients'.
======== Module name '../lib/response' was successfully resolved to 'd:/DOPAMS/Toystack/dopams-backend-staging/node_modules/aws-sdk/lib/response.d.ts' with Package ID 'aws-sdk/lib/response.d.ts@2.1693.0'. ========
======== Resolving module '../lib/error' from 'd:/DOPAMS/Toystack/dopams-backend-staging/node_modules/aws-sdk/clients/workmailmessageflow.d.ts'. ========
Resolution for module '../lib/error' was found in cache from location 'd:/DOPAMS/Toystack/dopams-backend-staging/node_modules/aws-sdk/clients'.
======== Module name '../lib/error' was successfully resolved to 'd:/DOPAMS/Toystack/dopams-backend-staging/node_modules/aws-sdk/lib/error.d.ts' with Package ID 'aws-sdk/lib/error.d.ts@2.1693.0'. ========
======== Resolving module '../lib/service' from 'd:/DOPAMS/Toystack/dopams-backend-staging/node_modules/aws-sdk/clients/workmailmessageflow.d.ts'. ========
Resolution for module '../lib/service' was found in cache from location 'd:/DOPAMS/Toystack/dopams-backend-staging/node_modules/aws-sdk/clients'.
======== Module name '../lib/service' was successfully resolved to 'd:/DOPAMS/Toystack/dopams-backend-staging/node_modules/aws-sdk/lib/service.d.ts' with Package ID 'aws-sdk/lib/service.d.ts@2.1693.0'. ========
======== Resolving module '../lib/config-base' from 'd:/DOPAMS/Toystack/dopams-backend-staging/node_modules/aws-sdk/clients/workmailmessageflow.d.ts'. ========
Resolution for module '../lib/config-base' was found in cache from location 'd:/DOPAMS/Toystack/dopams-backend-staging/node_modules/aws-sdk/clients'.
======== Module name '../lib/config-base' was successfully resolved to 'd:/DOPAMS/Toystack/dopams-backend-staging/node_modules/aws-sdk/lib/config-base.d.ts' with Package ID 'aws-sdk/lib/config-base.d.ts@2.1693.0'. ========
======== Resolving module 'stream' from 'd:/DOPAMS/Toystack/dopams-backend-staging/node_modules/aws-sdk/clients/workmailmessageflow.d.ts'. ========
Resolution for module 'stream' was found in cache from location 'd:/DOPAMS/Toystack/dopams-backend-staging/node_modules/aws-sdk/clients'.
======== Module name 'stream' was not resolved. ========
File 'd:/DOPAMS/Toystack/dopams-backend-staging/node_modules/aws-sdk/clients/package.json' does not exist according to earlier cached lookups.
File 'd:/DOPAMS/Toystack/dopams-backend-staging/node_modules/aws-sdk/package.json' exists according to earlier cached lookups.
======== Resolving module '../lib/request' from 'd:/DOPAMS/Toystack/dopams-backend-staging/node_modules/aws-sdk/clients/codestarnotifications.d.ts'. ========
Resolution for module '../lib/request' was found in cache from location 'd:/DOPAMS/Toystack/dopams-backend-staging/node_modules/aws-sdk/clients'.
======== Module name '../lib/request' was successfully resolved to 'd:/DOPAMS/Toystack/dopams-backend-staging/node_modules/aws-sdk/lib/request.d.ts' with Package ID 'aws-sdk/lib/request.d.ts@2.1693.0'. ========
======== Resolving module '../lib/response' from 'd:/DOPAMS/Toystack/dopams-backend-staging/node_modules/aws-sdk/clients/codestarnotifications.d.ts'. ========
Resolution for module '../lib/response' was found in cache from location 'd:/DOPAMS/Toystack/dopams-backend-staging/node_modules/aws-sdk/clients'.
======== Module name '../lib/response' was successfully resolved to 'd:/DOPAMS/Toystack/dopams-backend-staging/node_modules/aws-sdk/lib/response.d.ts' with Package ID 'aws-sdk/lib/response.d.ts@2.1693.0'. ========
======== Resolving module '../lib/error' from 'd:/DOPAMS/Toystack/dopams-backend-staging/node_modules/aws-sdk/clients/codestarnotifications.d.ts'. ========
Resolution for module '../lib/error' was found in cache from location 'd:/DOPAMS/Toystack/dopams-backend-staging/node_modules/aws-sdk/clients'.
======== Module name '../lib/error' was successfully resolved to 'd:/DOPAMS/Toystack/dopams-backend-staging/node_modules/aws-sdk/lib/error.d.ts' with Package ID 'aws-sdk/lib/error.d.ts@2.1693.0'. ========
======== Resolving module '../lib/service' from 'd:/DOPAMS/Toystack/dopams-backend-staging/node_modules/aws-sdk/clients/codestarnotifications.d.ts'. ========
Resolution for module '../lib/service' was found in cache from location 'd:/DOPAMS/Toystack/dopams-backend-staging/node_modules/aws-sdk/clients'.
======== Module name '../lib/service' was successfully resolved to 'd:/DOPAMS/Toystack/dopams-backend-staging/node_modules/aws-sdk/lib/service.d.ts' with Package ID 'aws-sdk/lib/service.d.ts@2.1693.0'. ========
======== Resolving module '../lib/config-base' from 'd:/DOPAMS/Toystack/dopams-backend-staging/node_modules/aws-sdk/clients/codestarnotifications.d.ts'. ========
Resolution for module '../lib/config-base' was found in cache from location 'd:/DOPAMS/Toystack/dopams-backend-staging/node_modules/aws-sdk/clients'.
======== Module name '../lib/config-base' was successfully resolved to 'd:/DOPAMS/Toystack/dopams-backend-staging/node_modules/aws-sdk/lib/config-base.d.ts' with Package ID 'aws-sdk/lib/config-base.d.ts@2.1693.0'. ========
File 'd:/DOPAMS/Toystack/dopams-backend-staging/node_modules/aws-sdk/clients/package.json' does not exist according to earlier cached lookups.
File 'd:/DOPAMS/Toystack/dopams-backend-staging/node_modules/aws-sdk/package.json' exists according to earlier cached lookups.
======== Resolving module '../lib/request' from 'd:/DOPAMS/Toystack/dopams-backend-staging/node_modules/aws-sdk/clients/savingsplans.d.ts'. ========
Resolution for module '../lib/request' was found in cache from location 'd:/DOPAMS/Toystack/dopams-backend-staging/node_modules/aws-sdk/clients'.
======== Module name '../lib/request' was successfully resolved to 'd:/DOPAMS/Toystack/dopams-backend-staging/node_modules/aws-sdk/lib/request.d.ts' with Package ID 'aws-sdk/lib/request.d.ts@2.1693.0'. ========
======== Resolving module '../lib/response' from 'd:/DOPAMS/Toystack/dopams-backend-staging/node_modules/aws-sdk/clients/savingsplans.d.ts'. ========
Resolution for module '../lib/response' was found in cache from location 'd:/DOPAMS/Toystack/dopams-backend-staging/node_modules/aws-sdk/clients'.
======== Module name '../lib/response' was successfully resolved to 'd:/DOPAMS/Toystack/dopams-backend-staging/node_modules/aws-sdk/lib/response.d.ts' with Package ID 'aws-sdk/lib/response.d.ts@2.1693.0'. ========
======== Resolving module '../lib/error' from 'd:/DOPAMS/Toystack/dopams-backend-staging/node_modules/aws-sdk/clients/savingsplans.d.ts'. ========
Resolution for module '../lib/error' was found in cache from location 'd:/DOPAMS/Toystack/dopams-backend-staging/node_modules/aws-sdk/clients'.
======== Module name '../lib/error' was successfully resolved to 'd:/DOPAMS/Toystack/dopams-backend-staging/node_modules/aws-sdk/lib/error.d.ts' with Package ID 'aws-sdk/lib/error.d.ts@2.1693.0'. ========
======== Resolving module '../lib/service' from 'd:/DOPAMS/Toystack/dopams-backend-staging/node_modules/aws-sdk/clients/savingsplans.d.ts'. ========
Resolution for module '../lib/service' was found in cache from location 'd:/DOPAMS/Toystack/dopams-backend-staging/node_modules/aws-sdk/clients'.
======== Module name '../lib/service' was successfully resolved to 'd:/DOPAMS/Toystack/dopams-backend-staging/node_modules/aws-sdk/lib/service.d.ts' with Package ID 'aws-sdk/lib/service.d.ts@2.1693.0'. ========
======== Resolving module '../lib/config-base' from 'd:/DOPAMS/Toystack/dopams-backend-staging/node_modules/aws-sdk/clients/savingsplans.d.ts'. ========
Resolution for module '../lib/config-base' was found in cache from location 'd:/DOPAMS/Toystack/dopams-backend-staging/node_modules/aws-sdk/clients'.
======== Module name '../lib/config-base' was successfully resolved to 'd:/DOPAMS/Toystack/dopams-backend-staging/node_modules/aws-sdk/lib/config-base.d.ts' with Package ID 'aws-sdk/lib/config-base.d.ts@2.1693.0'. ========
File 'd:/DOPAMS/Toystack/dopams-backend-staging/node_modules/aws-sdk/clients/package.json' does not exist according to earlier cached lookups.
File 'd:/DOPAMS/Toystack/dopams-backend-staging/node_modules/aws-sdk/package.json' exists according to earlier cached lookups.
======== Resolving module '../lib/request' from 'd:/DOPAMS/Toystack/dopams-backend-staging/node_modules/aws-sdk/clients/sso.d.ts'. ========
Resolution for module '../lib/request' was found in cache from location 'd:/DOPAMS/Toystack/dopams-backend-staging/node_modules/aws-sdk/clients'.
======== Module name '../lib/request' was successfully resolved to 'd:/DOPAMS/Toystack/dopams-backend-staging/node_modules/aws-sdk/lib/request.d.ts' with Package ID 'aws-sdk/lib/request.d.ts@2.1693.0'. ========
======== Resolving module '../lib/response' from 'd:/DOPAMS/Toystack/dopams-backend-staging/node_modules/aws-sdk/clients/sso.d.ts'. ========
Resolution for module '../lib/response' was found in cache from location 'd:/DOPAMS/Toystack/dopams-backend-staging/node_modules/aws-sdk/clients'.
======== Module name '../lib/response' was successfully resolved to 'd:/DOPAMS/Toystack/dopams-backend-staging/node_modules/aws-sdk/lib/response.d.ts' with Package ID 'aws-sdk/lib/response.d.ts@2.1693.0'. ========
======== Resolving module '../lib/error' from 'd:/DOPAMS/Toystack/dopams-backend-staging/node_modules/aws-sdk/clients/sso.d.ts'. ========
Resolution for module '../lib/error' was found in cache from location 'd:/DOPAMS/Toystack/dopams-backend-staging/node_modules/aws-sdk/clients'.
======== Module name '../lib/error' was successfully resolved to 'd:/DOPAMS/Toystack/dopams-backend-staging/node_modules/aws-sdk/lib/error.d.ts' with Package ID 'aws-sdk/lib/error.d.ts@2.1693.0'. ========
======== Resolving module '../lib/service' from 'd:/DOPAMS/Toystack/dopams-backend-staging/node_modules/aws-sdk/clients/sso.d.ts'. ========
Resolution for module '../lib/service' was found in cache from location 'd:/DOPAMS/Toystack/dopams-backend-staging/node_modules/aws-sdk/clients'.
======== Module name '../lib/service' was successfully resolved to 'd:/DOPAMS/Toystack/dopams-backend-staging/node_modules/aws-sdk/lib/service.d.ts' with Package ID 'aws-sdk/lib/service.d.ts@2.1693.0'. ========
======== Resolving module '../lib/config-base' from 'd:/DOPAMS/Toystack/dopams-backend-staging/node_modules/aws-sdk/clients/sso.d.ts'. ========
Resolution for module '../lib/config-base' was found in cache from location 'd:/DOPAMS/Toystack/dopams-backend-staging/node_modules/aws-sdk/clients'.
======== Module name '../lib/config-base' was successfully resolved to 'd:/DOPAMS/Toystack/dopams-backend-staging/node_modules/aws-sdk/lib/config-base.d.ts' with Package ID 'aws-sdk/lib/config-base.d.ts@2.1693.0'. ========
File 'd:/DOPAMS/Toystack/dopams-backend-staging/node_modules/aws-sdk/clients/package.json' does not exist according to earlier cached lookups.
File 'd:/DOPAMS/Toystack/dopams-backend-staging/node_modules/aws-sdk/package.json' exists according to earlier cached lookups.
======== Resolving module '../lib/request' from 'd:/DOPAMS/Toystack/dopams-backend-staging/node_modules/aws-sdk/clients/ssooidc.d.ts'. ========
Resolution for module '../lib/request' was found in cache from location 'd:/DOPAMS/Toystack/dopams-backend-staging/node_modules/aws-sdk/clients'.
======== Module name '../lib/request' was successfully resolved to 'd:/DOPAMS/Toystack/dopams-backend-staging/node_modules/aws-sdk/lib/request.d.ts' with Package ID 'aws-sdk/lib/request.d.ts@2.1693.0'. ========
======== Resolving module '../lib/response' from 'd:/DOPAMS/Toystack/dopams-backend-staging/node_modules/aws-sdk/clients/ssooidc.d.ts'. ========
Resolution for module '../lib/response' was found in cache from location 'd:/DOPAMS/Toystack/dopams-backend-staging/node_modules/aws-sdk/clients'.
======== Module name '../lib/response' was successfully resolved to 'd:/DOPAMS/Toystack/dopams-backend-staging/node_modules/aws-sdk/lib/response.d.ts' with Package ID 'aws-sdk/lib/response.d.ts@2.1693.0'. ========
======== Resolving module '../lib/error' from 'd:/DOPAMS/Toystack/dopams-backend-staging/node_modules/aws-sdk/clients/ssooidc.d.ts'. ========
Resolution for module '../lib/error' was found in cache from location 'd:/DOPAMS/Toystack/dopams-backend-staging/node_modules/aws-sdk/clients'.
======== Module name '../lib/error' was successfully resolved to 'd:/DOPAMS/Toystack/dopams-backend-staging/node_modules/aws-sdk/lib/error.d.ts' with Package ID 'aws-sdk/lib/error.d.ts@2.1693.0'. ========
======== Resolving module '../lib/service' from 'd:/DOPAMS/Toystack/dopams-backend-staging/node_modules/aws-sdk/clients/ssooidc.d.ts'. ========
Resolution for module '../lib/service' was found in cache from location 'd:/DOPAMS/Toystack/dopams-backend-staging/node_modules/aws-sdk/clients'.
======== Module name '../lib/service' was successfully resolved to 'd:/DOPAMS/Toystack/dopams-backend-staging/node_modules/aws-sdk/lib/service.d.ts' with Package ID 'aws-sdk/lib/service.d.ts@2.1693.0'. ========
======== Resolving module '../lib/config-base' from 'd:/DOPAMS/Toystack/dopams-backend-staging/node_modules/aws-sdk/clients/ssooidc.d.ts'. ========
Resolution for module '../lib/config-base' was found in cache from location 'd:/DOPAMS/Toystack/dopams-backend-staging/node_modules/aws-sdk/clients'.
======== Module name '../lib/config-base' was successfully resolved to 'd:/DOPAMS/Toystack/dopams-backend-staging/node_modules/aws-sdk/lib/config-base.d.ts' with Package ID 'aws-sdk/lib/config-base.d.ts@2.1693.0'. ========
File 'd:/DOPAMS/Toystack/dopams-backend-staging/node_modules/aws-sdk/clients/package.json' does not exist according to earlier cached lookups.
File 'd:/DOPAMS/Toystack/dopams-backend-staging/node_modules/aws-sdk/package.json' exists according to earlier cached lookups.
======== Resolving module '../lib/request' from 'd:/DOPAMS/Toystack/dopams-backend-staging/node_modules/aws-sdk/clients/marketplacecatalog.d.ts'. ========
Resolution for module '../lib/request' was found in cache from location 'd:/DOPAMS/Toystack/dopams-backend-staging/node_modules/aws-sdk/clients'.
======== Module name '../lib/request' was successfully resolved to 'd:/DOPAMS/Toystack/dopams-backend-staging/node_modules/aws-sdk/lib/request.d.ts' with Package ID 'aws-sdk/lib/request.d.ts@2.1693.0'. ========
======== Resolving module '../lib/response' from 'd:/DOPAMS/Toystack/dopams-backend-staging/node_modules/aws-sdk/clients/marketplacecatalog.d.ts'. ========
Resolution for module '../lib/response' was found in cache from location 'd:/DOPAMS/Toystack/dopams-backend-staging/node_modules/aws-sdk/clients'.
======== Module name '../lib/response' was successfully resolved to 'd:/DOPAMS/Toystack/dopams-backend-staging/node_modules/aws-sdk/lib/response.d.ts' with Package ID 'aws-sdk/lib/response.d.ts@2.1693.0'. ========
======== Resolving module '../lib/error' from 'd:/DOPAMS/Toystack/dopams-backend-staging/node_modules/aws-sdk/clients/marketplacecatalog.d.ts'. ========
Resolution for module '../lib/error' was found in cache from location 'd:/DOPAMS/Toystack/dopams-backend-staging/node_modules/aws-sdk/clients'.
======== Module name '../lib/error' was successfully resolved to 'd:/DOPAMS/Toystack/dopams-backend-staging/node_modules/aws-sdk/lib/error.d.ts' with Package ID 'aws-sdk/lib/error.d.ts@2.1693.0'. ========
======== Resolving module '../lib/service' from 'd:/DOPAMS/Toystack/dopams-backend-staging/node_modules/aws-sdk/clients/marketplacecatalog.d.ts'. ========
Resolution for module '../lib/service' was found in cache from location 'd:/DOPAMS/Toystack/dopams-backend-staging/node_modules/aws-sdk/clients'.
======== Module name '../lib/service' was successfully resolved to 'd:/DOPAMS/Toystack/dopams-backend-staging/node_modules/aws-sdk/lib/service.d.ts' with Package ID 'aws-sdk/lib/service.d.ts@2.1693.0'. ========
======== Resolving module '../lib/config-base' from 'd:/DOPAMS/Toystack/dopams-backend-staging/node_modules/aws-sdk/clients/marketplacecatalog.d.ts'. ========
Resolution for module '../lib/config-base' was found in cache from location 'd:/DOPAMS/Toystack/dopams-backend-staging/node_modules/aws-sdk/clients'.
======== Module name '../lib/config-base' was successfully resolved to 'd:/DOPAMS/Toystack/dopams-backend-staging/node_modules/aws-sdk/lib/config-base.d.ts' with Package ID 'aws-sdk/lib/config-base.d.ts@2.1693.0'. ========
File 'd:/DOPAMS/Toystack/dopams-backend-staging/node_modules/aws-sdk/clients/package.json' does not exist according to earlier cached lookups.
File 'd:/DOPAMS/Toystack/dopams-backend-staging/node_modules/aws-sdk/package.json' exists according to earlier cached lookups.
======== Resolving module '../lib/request' from 'd:/DOPAMS/Toystack/dopams-backend-staging/node_modules/aws-sdk/clients/dataexchange.d.ts'. ========
Resolution for module '../lib/request' was found in cache from location 'd:/DOPAMS/Toystack/dopams-backend-staging/node_modules/aws-sdk/clients'.
======== Module name '../lib/request' was successfully resolved to 'd:/DOPAMS/Toystack/dopams-backend-staging/node_modules/aws-sdk/lib/request.d.ts' with Package ID 'aws-sdk/lib/request.d.ts@2.1693.0'. ========
======== Resolving module '../lib/response' from 'd:/DOPAMS/Toystack/dopams-backend-staging/node_modules/aws-sdk/clients/dataexchange.d.ts'. ========
Resolution for module '../lib/response' was found in cache from location 'd:/DOPAMS/Toystack/dopams-backend-staging/node_modules/aws-sdk/clients'.
======== Module name '../lib/response' was successfully resolved to 'd:/DOPAMS/Toystack/dopams-backend-staging/node_modules/aws-sdk/lib/response.d.ts' with Package ID 'aws-sdk/lib/response.d.ts@2.1693.0'. ========
======== Resolving module '../lib/error' from 'd:/DOPAMS/Toystack/dopams-backend-staging/node_modules/aws-sdk/clients/dataexchange.d.ts'. ========
Resolution for module '../lib/error' was found in cache from location 'd:/DOPAMS/Toystack/dopams-backend-staging/node_modules/aws-sdk/clients'.
======== Module name '../lib/error' was successfully resolved to 'd:/DOPAMS/Toystack/dopams-backend-staging/node_modules/aws-sdk/lib/error.d.ts' with Package ID 'aws-sdk/lib/error.d.ts@2.1693.0'. ========
======== Resolving module '../lib/service' from 'd:/DOPAMS/Toystack/dopams-backend-staging/node_modules/aws-sdk/clients/dataexchange.d.ts'. ========
Resolution for module '../lib/service' was found in cache from location 'd:/DOPAMS/Toystack/dopams-backend-staging/node_modules/aws-sdk/clients'.
======== Module name '../lib/service' was successfully resolved to 'd:/DOPAMS/Toystack/dopams-backend-staging/node_modules/aws-sdk/lib/service.d.ts' with Package ID 'aws-sdk/lib/service.d.ts@2.1693.0'. ========
======== Resolving module '../lib/config-base' from 'd:/DOPAMS/Toystack/dopams-backend-staging/node_modules/aws-sdk/clients/dataexchange.d.ts'. ========
Resolution for module '../lib/config-base' was found in cache from location 'd:/DOPAMS/Toystack/dopams-backend-staging/node_modules/aws-sdk/clients'.
======== Module name '../lib/config-base' was successfully resolved to 'd:/DOPAMS/Toystack/dopams-backend-staging/node_modules/aws-sdk/lib/config-base.d.ts' with Package ID 'aws-sdk/lib/config-base.d.ts@2.1693.0'. ========
File 'd:/DOPAMS/Toystack/dopams-backend-staging/node_modules/aws-sdk/clients/package.json' does not exist according to earlier cached lookups.
File 'd:/DOPAMS/Toystack/dopams-backend-staging/node_modules/aws-sdk/package.json' exists according to earlier cached lookups.
======== Resolving module '../lib/request' from 'd:/DOPAMS/Toystack/dopams-backend-staging/node_modules/aws-sdk/clients/sesv2.d.ts'. ========
Resolution for module '../lib/request' was found in cache from location 'd:/DOPAMS/Toystack/dopams-backend-staging/node_modules/aws-sdk/clients'.
======== Module name '../lib/request' was successfully resolved to 'd:/DOPAMS/Toystack/dopams-backend-staging/node_modules/aws-sdk/lib/request.d.ts' with Package ID 'aws-sdk/lib/request.d.ts@2.1693.0'. ========
======== Resolving module '../lib/response' from 'd:/DOPAMS/Toystack/dopams-backend-staging/node_modules/aws-sdk/clients/sesv2.d.ts'. ========
Resolution for module '../lib/response' was found in cache from location 'd:/DOPAMS/Toystack/dopams-backend-staging/node_modules/aws-sdk/clients'.
======== Module name '../lib/response' was successfully resolved to 'd:/DOPAMS/Toystack/dopams-backend-staging/node_modules/aws-sdk/lib/response.d.ts' with Package ID 'aws-sdk/lib/response.d.ts@2.1693.0'. ========
======== Resolving module '../lib/error' from 'd:/DOPAMS/Toystack/dopams-backend-staging/node_modules/aws-sdk/clients/sesv2.d.ts'. ========
Resolution for module '../lib/error' was found in cache from location 'd:/DOPAMS/Toystack/dopams-backend-staging/node_modules/aws-sdk/clients'.
======== Module name '../lib/error' was successfully resolved to 'd:/DOPAMS/Toystack/dopams-backend-staging/node_modules/aws-sdk/lib/error.d.ts' with Package ID 'aws-sdk/lib/error.d.ts@2.1693.0'. ========
======== Resolving module '../lib/service' from 'd:/DOPAMS/Toystack/dopams-backend-staging/node_modules/aws-sdk/clients/sesv2.d.ts'. ========
Resolution for module '../lib/service' was found in cache from location 'd:/DOPAMS/Toystack/dopams-backend-staging/node_modules/aws-sdk/clients'.
======== Module name '../lib/service' was successfully resolved to 'd:/DOPAMS/Toystack/dopams-backend-staging/node_modules/aws-sdk/lib/service.d.ts' with Package ID 'aws-sdk/lib/service.d.ts@2.1693.0'. ========
======== Resolving module '../lib/config-base' from 'd:/DOPAMS/Toystack/dopams-backend-staging/node_modules/aws-sdk/clients/sesv2.d.ts'. ========
Resolution for module '../lib/config-base' was found in cache from location 'd:/DOPAMS/Toystack/dopams-backend-staging/node_modules/aws-sdk/clients'.
======== Module name '../lib/config-base' was successfully resolved to 'd:/DOPAMS/Toystack/dopams-backend-staging/node_modules/aws-sdk/lib/config-base.d.ts' with Package ID 'aws-sdk/lib/config-base.d.ts@2.1693.0'. ========
File 'd:/DOPAMS/Toystack/dopams-backend-staging/node_modules/aws-sdk/clients/package.json' does not exist according to earlier cached lookups.
File 'd:/DOPAMS/Toystack/dopams-backend-staging/node_modules/aws-sdk/package.json' exists according to earlier cached lookups.
======== Resolving module '../lib/request' from 'd:/DOPAMS/Toystack/dopams-backend-staging/node_modules/aws-sdk/clients/migrationhubconfig.d.ts'. ========
Resolution for module '../lib/request' was found in cache from location 'd:/DOPAMS/Toystack/dopams-backend-staging/node_modules/aws-sdk/clients'.
======== Module name '../lib/request' was successfully resolved to 'd:/DOPAMS/Toystack/dopams-backend-staging/node_modules/aws-sdk/lib/request.d.ts' with Package ID 'aws-sdk/lib/request.d.ts@2.1693.0'. ========
======== Resolving module '../lib/response' from 'd:/DOPAMS/Toystack/dopams-backend-staging/node_modules/aws-sdk/clients/migrationhubconfig.d.ts'. ========
Resolution for module '../lib/response' was found in cache from location 'd:/DOPAMS/Toystack/dopams-backend-staging/node_modules/aws-sdk/clients'.
======== Module name '../lib/response' was successfully resolved to 'd:/DOPAMS/Toystack/dopams-backend-staging/node_modules/aws-sdk/lib/response.d.ts' with Package ID 'aws-sdk/lib/response.d.ts@2.1693.0'. ========
======== Resolving module '../lib/error' from 'd:/DOPAMS/Toystack/dopams-backend-staging/node_modules/aws-sdk/clients/migrationhubconfig.d.ts'. ========
Resolution for module '../lib/error' was found in cache from location 'd:/DOPAMS/Toystack/dopams-backend-staging/node_modules/aws-sdk/clients'.
======== Module name '../lib/error' was successfully resolved to 'd:/DOPAMS/Toystack/dopams-backend-staging/node_modules/aws-sdk/lib/error.d.ts' with Package ID 'aws-sdk/lib/error.d.ts@2.1693.0'. ========
======== Resolving module '../lib/service' from 'd:/DOPAMS/Toystack/dopams-backend-staging/node_modules/aws-sdk/clients/migrationhubconfig.d.ts'. ========
Resolution for module '../lib/service' was found in cache from location 'd:/DOPAMS/Toystack/dopams-backend-staging/node_modules/aws-sdk/clients'.
======== Module name '../lib/service' was successfully resolved to 'd:/DOPAMS/Toystack/dopams-backend-staging/node_modules/aws-sdk/lib/service.d.ts' with Package ID 'aws-sdk/lib/service.d.ts@2.1693.0'. ========
======== Resolving module '../lib/config-base' from 'd:/DOPAMS/Toystack/dopams-backend-staging/node_modules/aws-sdk/clients/migrationhubconfig.d.ts'. ========
Resolution for module '../lib/config-base' was found in cache from location 'd:/DOPAMS/Toystack/dopams-backend-staging/node_modules/aws-sdk/clients'.
======== Module name '../lib/config-base' was successfully resolved to 'd:/DOPAMS/Toystack/dopams-backend-staging/node_modules/aws-sdk/lib/config-base.d.ts' with Package ID 'aws-sdk/lib/config-base.d.ts@2.1693.0'. ========
File 'd:/DOPAMS/Toystack/dopams-backend-staging/node_modules/aws-sdk/clients/package.json' does not exist according to earlier cached lookups.
File 'd:/DOPAMS/Toystack/dopams-backend-staging/node_modules/aws-sdk/package.json' exists according to earlier cached lookups.
======== Resolving module '../lib/request' from 'd:/DOPAMS/Toystack/dopams-backend-staging/node_modules/aws-sdk/clients/connectparticipant.d.ts'. ========
Resolution for module '../lib/request' was found in cache from location 'd:/DOPAMS/Toystack/dopams-backend-staging/node_modules/aws-sdk/clients'.
======== Module name '../lib/request' was successfully resolved to 'd:/DOPAMS/Toystack/dopams-backend-staging/node_modules/aws-sdk/lib/request.d.ts' with Package ID 'aws-sdk/lib/request.d.ts@2.1693.0'. ========
======== Resolving module '../lib/response' from 'd:/DOPAMS/Toystack/dopams-backend-staging/node_modules/aws-sdk/clients/connectparticipant.d.ts'. ========
Resolution for module '../lib/response' was found in cache from location 'd:/DOPAMS/Toystack/dopams-backend-staging/node_modules/aws-sdk/clients'.
======== Module name '../lib/response' was successfully resolved to 'd:/DOPAMS/Toystack/dopams-backend-staging/node_modules/aws-sdk/lib/response.d.ts' with Package ID 'aws-sdk/lib/response.d.ts@2.1693.0'. ========
======== Resolving module '../lib/error' from 'd:/DOPAMS/Toystack/dopams-backend-staging/node_modules/aws-sdk/clients/connectparticipant.d.ts'. ========
Resolution for module '../lib/error' was found in cache from location 'd:/DOPAMS/Toystack/dopams-backend-staging/node_modules/aws-sdk/clients'.
======== Module name '../lib/error' was successfully resolved to 'd:/DOPAMS/Toystack/dopams-backend-staging/node_modules/aws-sdk/lib/error.d.ts' with Package ID 'aws-sdk/lib/error.d.ts@2.1693.0'. ========
======== Resolving module '../lib/service' from 'd:/DOPAMS/Toystack/dopams-backend-staging/node_modules/aws-sdk/clients/connectparticipant.d.ts'. ========
Resolution for module '../lib/service' was found in cache from location 'd:/DOPAMS/Toystack/dopams-backend-staging/node_modules/aws-sdk/clients'.
======== Module name '../lib/service' was successfully resolved to 'd:/DOPAMS/Toystack/dopams-backend-staging/node_modules/aws-sdk/lib/service.d.ts' with Package ID 'aws-sdk/lib/service.d.ts@2.1693.0'. ========
======== Resolving module '../lib/config-base' from 'd:/DOPAMS/Toystack/dopams-backend-staging/node_modules/aws-sdk/clients/connectparticipant.d.ts'. ========
Resolution for module '../lib/config-base' was found in cache from location 'd:/DOPAMS/Toystack/dopams-backend-staging/node_modules/aws-sdk/clients'.
======== Module name '../lib/config-base' was successfully resolved to 'd:/DOPAMS/Toystack/dopams-backend-staging/node_modules/aws-sdk/lib/config-base.d.ts' with Package ID 'aws-sdk/lib/config-base.d.ts@2.1693.0'. ========
File 'd:/DOPAMS/Toystack/dopams-backend-staging/node_modules/aws-sdk/clients/package.json' does not exist according to earlier cached lookups.
File 'd:/DOPAMS/Toystack/dopams-backend-staging/node_modules/aws-sdk/package.json' exists according to earlier cached lookups.
======== Resolving module '../lib/request' from 'd:/DOPAMS/Toystack/dopams-backend-staging/node_modules/aws-sdk/clients/appconfig.d.ts'. ========
Resolution for module '../lib/request' was found in cache from location 'd:/DOPAMS/Toystack/dopams-backend-staging/node_modules/aws-sdk/clients'.
======== Module name '../lib/request' was successfully resolved to 'd:/DOPAMS/Toystack/dopams-backend-staging/node_modules/aws-sdk/lib/request.d.ts' with Package ID 'aws-sdk/lib/request.d.ts@2.1693.0'. ========
======== Resolving module '../lib/response' from 'd:/DOPAMS/Toystack/dopams-backend-staging/node_modules/aws-sdk/clients/appconfig.d.ts'. ========
Resolution for module '../lib/response' was found in cache from location 'd:/DOPAMS/Toystack/dopams-backend-staging/node_modules/aws-sdk/clients'.
======== Module name '../lib/response' was successfully resolved to 'd:/DOPAMS/Toystack/dopams-backend-staging/node_modules/aws-sdk/lib/response.d.ts' with Package ID 'aws-sdk/lib/response.d.ts@2.1693.0'. ========
======== Resolving module '../lib/error' from 'd:/DOPAMS/Toystack/dopams-backend-staging/node_modules/aws-sdk/clients/appconfig.d.ts'. ========
Resolution for module '../lib/error' was found in cache from location 'd:/DOPAMS/Toystack/dopams-backend-staging/node_modules/aws-sdk/clients'.
======== Module name '../lib/error' was successfully resolved to 'd:/DOPAMS/Toystack/dopams-backend-staging/node_modules/aws-sdk/lib/error.d.ts' with Package ID 'aws-sdk/lib/error.d.ts@2.1693.0'. ========
======== Resolving module '../lib/service' from 'd:/DOPAMS/Toystack/dopams-backend-staging/node_modules/aws-sdk/clients/appconfig.d.ts'. ========
Resolution for module '../lib/service' was found in cache from location 'd:/DOPAMS/Toystack/dopams-backend-staging/node_modules/aws-sdk/clients'.
======== Module name '../lib/service' was successfully resolved to 'd:/DOPAMS/Toystack/dopams-backend-staging/node_modules/aws-sdk/lib/service.d.ts' with Package ID 'aws-sdk/lib/service.d.ts@2.1693.0'. ========
======== Resolving module '../lib/config-base' from 'd:/DOPAMS/Toystack/dopams-backend-staging/node_modules/aws-sdk/clients/appconfig.d.ts'. ========
Resolution for module '../lib/config-base' was found in cache from location 'd:/DOPAMS/Toystack/dopams-backend-staging/node_modules/aws-sdk/clients'.
======== Module name '../lib/config-base' was successfully resolved to 'd:/DOPAMS/Toystack/dopams-backend-staging/node_modules/aws-sdk/lib/config-base.d.ts' with Package ID 'aws-sdk/lib/config-base.d.ts@2.1693.0'. ========
File 'd:/DOPAMS/Toystack/dopams-backend-staging/node_modules/aws-sdk/clients/package.json' does not exist according to earlier cached lookups.
File 'd:/DOPAMS/Toystack/dopams-backend-staging/node_modules/aws-sdk/package.json' exists according to earlier cached lookups.
======== Resolving module '../lib/request' from 'd:/DOPAMS/Toystack/dopams-backend-staging/node_modules/aws-sdk/clients/iotsecuretunneling.d.ts'. ========
Resolution for module '../lib/request' was found in cache from location 'd:/DOPAMS/Toystack/dopams-backend-staging/node_modules/aws-sdk/clients'.
======== Module name '../lib/request' was successfully resolved to 'd:/DOPAMS/Toystack/dopams-backend-staging/node_modules/aws-sdk/lib/request.d.ts' with Package ID 'aws-sdk/lib/request.d.ts@2.1693.0'. ========
======== Resolving module '../lib/response' from 'd:/DOPAMS/Toystack/dopams-backend-staging/node_modules/aws-sdk/clients/iotsecuretunneling.d.ts'. ========
Resolution for module '../lib/response' was found in cache from location 'd:/DOPAMS/Toystack/dopams-backend-staging/node_modules/aws-sdk/clients'.
======== Module name '../lib/response' was successfully resolved to 'd:/DOPAMS/Toystack/dopams-backend-staging/node_modules/aws-sdk/lib/response.d.ts' with Package ID 'aws-sdk/lib/response.d.ts@2.1693.0'. ========
======== Resolving module '../lib/error' from 'd:/DOPAMS/Toystack/dopams-backend-staging/node_modules/aws-sdk/clients/iotsecuretunneling.d.ts'. ========
Resolution for module '../lib/error' was found in cache from location 'd:/DOPAMS/Toystack/dopams-backend-staging/node_modules/aws-sdk/clients'.
======== Module name '../lib/error' was successfully resolved to 'd:/DOPAMS/Toystack/dopams-backend-staging/node_modules/aws-sdk/lib/error.d.ts' with Package ID 'aws-sdk/lib/error.d.ts@2.1693.0'. ========
======== Resolving module '../lib/service' from 'd:/DOPAMS/Toystack/dopams-backend-staging/node_modules/aws-sdk/clients/iotsecuretunneling.d.ts'. ========
Resolution for module '../lib/service' was found in cache from location 'd:/DOPAMS/Toystack/dopams-backend-staging/node_modules/aws-sdk/clients'.
======== Module name '../lib/service' was successfully resolved to 'd:/DOPAMS/Toystack/dopams-backend-staging/node_modules/aws-sdk/lib/service.d.ts' with Package ID 'aws-sdk/lib/service.d.ts@2.1693.0'. ========
======== Resolving module '../lib/config-base' from 'd:/DOPAMS/Toystack/dopams-backend-staging/node_modules/aws-sdk/clients/iotsecuretunneling.d.ts'. ========
Resolution for module '../lib/config-base' was found in cache from location 'd:/DOPAMS/Toystack/dopams-backend-staging/node_modules/aws-sdk/clients'.
======== Module name '../lib/config-base' was successfully resolved to 'd:/DOPAMS/Toystack/dopams-backend-staging/node_modules/aws-sdk/lib/config-base.d.ts' with Package ID 'aws-sdk/lib/config-base.d.ts@2.1693.0'. ========
File 'd:/DOPAMS/Toystack/dopams-backend-staging/node_modules/aws-sdk/clients/package.json' does not exist according to earlier cached lookups.
File 'd:/DOPAMS/Toystack/dopams-backend-staging/node_modules/aws-sdk/package.json' exists according to earlier cached lookups.
======== Resolving module '../lib/request' from 'd:/DOPAMS/Toystack/dopams-backend-staging/node_modules/aws-sdk/clients/wafv2.d.ts'. ========
Resolution for module '../lib/request' was found in cache from location 'd:/DOPAMS/Toystack/dopams-backend-staging/node_modules/aws-sdk/clients'.
======== Module name '../lib/request' was successfully resolved to 'd:/DOPAMS/Toystack/dopams-backend-staging/node_modules/aws-sdk/lib/request.d.ts' with Package ID 'aws-sdk/lib/request.d.ts@2.1693.0'. ========
======== Resolving module '../lib/response' from 'd:/DOPAMS/Toystack/dopams-backend-staging/node_modules/aws-sdk/clients/wafv2.d.ts'. ========
Resolution for module '../lib/response' was found in cache from location 'd:/DOPAMS/Toystack/dopams-backend-staging/node_modules/aws-sdk/clients'.
======== Module name '../lib/response' was successfully resolved to 'd:/DOPAMS/Toystack/dopams-backend-staging/node_modules/aws-sdk/lib/response.d.ts' with Package ID 'aws-sdk/lib/response.d.ts@2.1693.0'. ========
======== Resolving module '../lib/error' from 'd:/DOPAMS/Toystack/dopams-backend-staging/node_modules/aws-sdk/clients/wafv2.d.ts'. ========
Resolution for module '../lib/error' was found in cache from location 'd:/DOPAMS/Toystack/dopams-backend-staging/node_modules/aws-sdk/clients'.
======== Module name '../lib/error' was successfully resolved to 'd:/DOPAMS/Toystack/dopams-backend-staging/node_modules/aws-sdk/lib/error.d.ts' with Package ID 'aws-sdk/lib/error.d.ts@2.1693.0'. ========
======== Resolving module '../lib/service' from 'd:/DOPAMS/Toystack/dopams-backend-staging/node_modules/aws-sdk/clients/wafv2.d.ts'. ========
Resolution for module '../lib/service' was found in cache from location 'd:/DOPAMS/Toystack/dopams-backend-staging/node_modules/aws-sdk/clients'.
======== Module name '../lib/service' was successfully resolved to 'd:/DOPAMS/Toystack/dopams-backend-staging/node_modules/aws-sdk/lib/service.d.ts' with Package ID 'aws-sdk/lib/service.d.ts@2.1693.0'. ========
======== Resolving module '../lib/config-base' from 'd:/DOPAMS/Toystack/dopams-backend-staging/node_modules/aws-sdk/clients/wafv2.d.ts'. ========
Resolution for module '../lib/config-base' was found in cache from location 'd:/DOPAMS/Toystack/dopams-backend-staging/node_modules/aws-sdk/clients'.
======== Module name '../lib/config-base' was successfully resolved to 'd:/DOPAMS/Toystack/dopams-backend-staging/node_modules/aws-sdk/lib/config-base.d.ts' with Package ID 'aws-sdk/lib/config-base.d.ts@2.1693.0'. ========
File 'd:/DOPAMS/Toystack/dopams-backend-staging/node_modules/aws-sdk/clients/package.json' does not exist according to earlier cached lookups.
File 'd:/DOPAMS/Toystack/dopams-backend-staging/node_modules/aws-sdk/package.json' exists according to earlier cached lookups.
======== Resolving module '../lib/request' from 'd:/DOPAMS/Toystack/dopams-backend-staging/node_modules/aws-sdk/clients/elasticinference.d.ts'. ========
Resolution for module '../lib/request' was found in cache from location 'd:/DOPAMS/Toystack/dopams-backend-staging/node_modules/aws-sdk/clients'.
======== Module name '../lib/request' was successfully resolved to 'd:/DOPAMS/Toystack/dopams-backend-staging/node_modules/aws-sdk/lib/request.d.ts' with Package ID 'aws-sdk/lib/request.d.ts@2.1693.0'. ========
======== Resolving module '../lib/response' from 'd:/DOPAMS/Toystack/dopams-backend-staging/node_modules/aws-sdk/clients/elasticinference.d.ts'. ========
Resolution for module '../lib/response' was found in cache from location 'd:/DOPAMS/Toystack/dopams-backend-staging/node_modules/aws-sdk/clients'.
======== Module name '../lib/response' was successfully resolved to 'd:/DOPAMS/Toystack/dopams-backend-staging/node_modules/aws-sdk/lib/response.d.ts' with Package ID 'aws-sdk/lib/response.d.ts@2.1693.0'. ========
======== Resolving module '../lib/error' from 'd:/DOPAMS/Toystack/dopams-backend-staging/node_modules/aws-sdk/clients/elasticinference.d.ts'. ========
Resolution for module '../lib/error' was found in cache from location 'd:/DOPAMS/Toystack/dopams-backend-staging/node_modules/aws-sdk/clients'.
======== Module name '../lib/error' was successfully resolved to 'd:/DOPAMS/Toystack/dopams-backend-staging/node_modules/aws-sdk/lib/error.d.ts' with Package ID 'aws-sdk/lib/error.d.ts@2.1693.0'. ========
======== Resolving module '../lib/service' from 'd:/DOPAMS/Toystack/dopams-backend-staging/node_modules/aws-sdk/clients/elasticinference.d.ts'. ========
Resolution for module '../lib/service' was found in cache from location 'd:/DOPAMS/Toystack/dopams-backend-staging/node_modules/aws-sdk/clients'.
======== Module name '../lib/service' was successfully resolved to 'd:/DOPAMS/Toystack/dopams-backend-staging/node_modules/aws-sdk/lib/service.d.ts' with Package ID 'aws-sdk/lib/service.d.ts@2.1693.0'. ========
======== Resolving module '../lib/config-base' from 'd:/DOPAMS/Toystack/dopams-backend-staging/node_modules/aws-sdk/clients/elasticinference.d.ts'. ========
Resolution for module '../lib/config-base' was found in cache from location 'd:/DOPAMS/Toystack/dopams-backend-staging/node_modules/aws-sdk/clients'.
======== Module name '../lib/config-base' was successfully resolved to 'd:/DOPAMS/Toystack/dopams-backend-staging/node_modules/aws-sdk/lib/config-base.d.ts' with Package ID 'aws-sdk/lib/config-base.d.ts@2.1693.0'. ========
File 'd:/DOPAMS/Toystack/dopams-backend-staging/node_modules/aws-sdk/clients/package.json' does not exist according to earlier cached lookups.
File 'd:/DOPAMS/Toystack/dopams-backend-staging/node_modules/aws-sdk/package.json' exists according to earlier cached lookups.
======== Resolving module '../lib/request' from 'd:/DOPAMS/Toystack/dopams-backend-staging/node_modules/aws-sdk/clients/imagebuilder.d.ts'. ========
Resolution for module '../lib/request' was found in cache from location 'd:/DOPAMS/Toystack/dopams-backend-staging/node_modules/aws-sdk/clients'.
======== Module name '../lib/request' was successfully resolved to 'd:/DOPAMS/Toystack/dopams-backend-staging/node_modules/aws-sdk/lib/request.d.ts' with Package ID 'aws-sdk/lib/request.d.ts@2.1693.0'. ========
======== Resolving module '../lib/response' from 'd:/DOPAMS/Toystack/dopams-backend-staging/node_modules/aws-sdk/clients/imagebuilder.d.ts'. ========
Resolution for module '../lib/response' was found in cache from location 'd:/DOPAMS/Toystack/dopams-backend-staging/node_modules/aws-sdk/clients'.
======== Module name '../lib/response' was successfully resolved to 'd:/DOPAMS/Toystack/dopams-backend-staging/node_modules/aws-sdk/lib/response.d.ts' with Package ID 'aws-sdk/lib/response.d.ts@2.1693.0'. ========
======== Resolving module '../lib/error' from 'd:/DOPAMS/Toystack/dopams-backend-staging/node_modules/aws-sdk/clients/imagebuilder.d.ts'. ========
Resolution for module '../lib/error' was found in cache from location 'd:/DOPAMS/Toystack/dopams-backend-staging/node_modules/aws-sdk/clients'.
======== Module name '../lib/error' was successfully resolved to 'd:/DOPAMS/Toystack/dopams-backend-staging/node_modules/aws-sdk/lib/error.d.ts' with Package ID 'aws-sdk/lib/error.d.ts@2.1693.0'. ========
======== Resolving module '../lib/service' from 'd:/DOPAMS/Toystack/dopams-backend-staging/node_modules/aws-sdk/clients/imagebuilder.d.ts'. ========
Resolution for module '../lib/service' was found in cache from location 'd:/DOPAMS/Toystack/dopams-backend-staging/node_modules/aws-sdk/clients'.
======== Module name '../lib/service' was successfully resolved to 'd:/DOPAMS/Toystack/dopams-backend-staging/node_modules/aws-sdk/lib/service.d.ts' with Package ID 'aws-sdk/lib/service.d.ts@2.1693.0'. ========
======== Resolving module '../lib/config-base' from 'd:/DOPAMS/Toystack/dopams-backend-staging/node_modules/aws-sdk/clients/imagebuilder.d.ts'. ========
Resolution for module '../lib/config-base' was found in cache from location 'd:/DOPAMS/Toystack/dopams-backend-staging/node_modules/aws-sdk/clients'.
======== Module name '../lib/config-base' was successfully resolved to 'd:/DOPAMS/Toystack/dopams-backend-staging/node_modules/aws-sdk/lib/config-base.d.ts' with Package ID 'aws-sdk/lib/config-base.d.ts@2.1693.0'. ========
File 'd:/DOPAMS/Toystack/dopams-backend-staging/node_modules/aws-sdk/clients/package.json' does not exist according to earlier cached lookups.
File 'd:/DOPAMS/Toystack/dopams-backend-staging/node_modules/aws-sdk/package.json' exists according to earlier cached lookups.
======== Resolving module '../lib/request' from 'd:/DOPAMS/Toystack/dopams-backend-staging/node_modules/aws-sdk/clients/schemas.d.ts'. ========
Resolution for module '../lib/request' was found in cache from location 'd:/DOPAMS/Toystack/dopams-backend-staging/node_modules/aws-sdk/clients'.
======== Module name '../lib/request' was successfully resolved to 'd:/DOPAMS/Toystack/dopams-backend-staging/node_modules/aws-sdk/lib/request.d.ts' with Package ID 'aws-sdk/lib/request.d.ts@2.1693.0'. ========
======== Resolving module '../lib/response' from 'd:/DOPAMS/Toystack/dopams-backend-staging/node_modules/aws-sdk/clients/schemas.d.ts'. ========
Resolution for module '../lib/response' was found in cache from location 'd:/DOPAMS/Toystack/dopams-backend-staging/node_modules/aws-sdk/clients'.
======== Module name '../lib/response' was successfully resolved to 'd:/DOPAMS/Toystack/dopams-backend-staging/node_modules/aws-sdk/lib/response.d.ts' with Package ID 'aws-sdk/lib/response.d.ts@2.1693.0'. ========
======== Resolving module '../lib/error' from 'd:/DOPAMS/Toystack/dopams-backend-staging/node_modules/aws-sdk/clients/schemas.d.ts'. ========
Resolution for module '../lib/error' was found in cache from location 'd:/DOPAMS/Toystack/dopams-backend-staging/node_modules/aws-sdk/clients'.
======== Module name '../lib/error' was successfully resolved to 'd:/DOPAMS/Toystack/dopams-backend-staging/node_modules/aws-sdk/lib/error.d.ts' with Package ID 'aws-sdk/lib/error.d.ts@2.1693.0'. ========
======== Resolving module '../lib/service' from 'd:/DOPAMS/Toystack/dopams-backend-staging/node_modules/aws-sdk/clients/schemas.d.ts'. ========
Resolution for module '../lib/service' was found in cache from location 'd:/DOPAMS/Toystack/dopams-backend-staging/node_modules/aws-sdk/clients'.
======== Module name '../lib/service' was successfully resolved to 'd:/DOPAMS/Toystack/dopams-backend-staging/node_modules/aws-sdk/lib/service.d.ts' with Package ID 'aws-sdk/lib/service.d.ts@2.1693.0'. ========
======== Resolving module '../lib/config-base' from 'd:/DOPAMS/Toystack/dopams-backend-staging/node_modules/aws-sdk/clients/schemas.d.ts'. ========
Resolution for module '../lib/config-base' was found in cache from location 'd:/DOPAMS/Toystack/dopams-backend-staging/node_modules/aws-sdk/clients'.
======== Module name '../lib/config-base' was successfully resolved to 'd:/DOPAMS/Toystack/dopams-backend-staging/node_modules/aws-sdk/lib/config-base.d.ts' with Package ID 'aws-sdk/lib/config-base.d.ts@2.1693.0'. ========
File 'd:/DOPAMS/Toystack/dopams-backend-staging/node_modules/aws-sdk/clients/package.json' does not exist according to earlier cached lookups.
File 'd:/DOPAMS/Toystack/dopams-backend-staging/node_modules/aws-sdk/package.json' exists according to earlier cached lookups.
======== Resolving module '../lib/request' from 'd:/DOPAMS/Toystack/dopams-backend-staging/node_modules/aws-sdk/clients/accessanalyzer.d.ts'. ========
Resolution for module '../lib/request' was found in cache from location 'd:/DOPAMS/Toystack/dopams-backend-staging/node_modules/aws-sdk/clients'.
======== Module name '../lib/request' was successfully resolved to 'd:/DOPAMS/Toystack/dopams-backend-staging/node_modules/aws-sdk/lib/request.d.ts' with Package ID 'aws-sdk/lib/request.d.ts@2.1693.0'. ========
======== Resolving module '../lib/response' from 'd:/DOPAMS/Toystack/dopams-backend-staging/node_modules/aws-sdk/clients/accessanalyzer.d.ts'. ========
Resolution for module '../lib/response' was found in cache from location 'd:/DOPAMS/Toystack/dopams-backend-staging/node_modules/aws-sdk/clients'.
======== Module name '../lib/response' was successfully resolved to 'd:/DOPAMS/Toystack/dopams-backend-staging/node_modules/aws-sdk/lib/response.d.ts' with Package ID 'aws-sdk/lib/response.d.ts@2.1693.0'. ========
======== Resolving module '../lib/error' from 'd:/DOPAMS/Toystack/dopams-backend-staging/node_modules/aws-sdk/clients/accessanalyzer.d.ts'. ========
Resolution for module '../lib/error' was found in cache from location 'd:/DOPAMS/Toystack/dopams-backend-staging/node_modules/aws-sdk/clients'.
======== Module name '../lib/error' was successfully resolved to 'd:/DOPAMS/Toystack/dopams-backend-staging/node_modules/aws-sdk/lib/error.d.ts' with Package ID 'aws-sdk/lib/error.d.ts@2.1693.0'. ========
======== Resolving module '../lib/service' from 'd:/DOPAMS/Toystack/dopams-backend-staging/node_modules/aws-sdk/clients/accessanalyzer.d.ts'. ========
Resolution for module '../lib/service' was found in cache from location 'd:/DOPAMS/Toystack/dopams-backend-staging/node_modules/aws-sdk/clients'.
======== Module name '../lib/service' was successfully resolved to 'd:/DOPAMS/Toystack/dopams-backend-staging/node_modules/aws-sdk/lib/service.d.ts' with Package ID 'aws-sdk/lib/service.d.ts@2.1693.0'. ========
======== Resolving module '../lib/config-base' from 'd:/DOPAMS/Toystack/dopams-backend-staging/node_modules/aws-sdk/clients/accessanalyzer.d.ts'. ========
Resolution for module '../lib/config-base' was found in cache from location 'd:/DOPAMS/Toystack/dopams-backend-staging/node_modules/aws-sdk/clients'.
======== Module name '../lib/config-base' was successfully resolved to 'd:/DOPAMS/Toystack/dopams-backend-staging/node_modules/aws-sdk/lib/config-base.d.ts' with Package ID 'aws-sdk/lib/config-base.d.ts@2.1693.0'. ========
File 'd:/DOPAMS/Toystack/dopams-backend-staging/node_modules/aws-sdk/clients/package.json' does not exist according to earlier cached lookups.
File 'd:/DOPAMS/Toystack/dopams-backend-staging/node_modules/aws-sdk/package.json' exists according to earlier cached lookups.
======== Resolving module '../lib/request' from 'd:/DOPAMS/Toystack/dopams-backend-staging/node_modules/aws-sdk/clients/codegurureviewer.d.ts'. ========
Resolution for module '../lib/request' was found in cache from location 'd:/DOPAMS/Toystack/dopams-backend-staging/node_modules/aws-sdk/clients'.
======== Module name '../lib/request' was successfully resolved to 'd:/DOPAMS/Toystack/dopams-backend-staging/node_modules/aws-sdk/lib/request.d.ts' with Package ID 'aws-sdk/lib/request.d.ts@2.1693.0'. ========
======== Resolving module '../lib/response' from 'd:/DOPAMS/Toystack/dopams-backend-staging/node_modules/aws-sdk/clients/codegurureviewer.d.ts'. ========
Resolution for module '../lib/response' was found in cache from location 'd:/DOPAMS/Toystack/dopams-backend-staging/node_modules/aws-sdk/clients'.
======== Module name '../lib/response' was successfully resolved to 'd:/DOPAMS/Toystack/dopams-backend-staging/node_modules/aws-sdk/lib/response.d.ts' with Package ID 'aws-sdk/lib/response.d.ts@2.1693.0'. ========
======== Resolving module '../lib/error' from 'd:/DOPAMS/Toystack/dopams-backend-staging/node_modules/aws-sdk/clients/codegurureviewer.d.ts'. ========
Resolution for module '../lib/error' was found in cache from location 'd:/DOPAMS/Toystack/dopams-backend-staging/node_modules/aws-sdk/clients'.
======== Module name '../lib/error' was successfully resolved to 'd:/DOPAMS/Toystack/dopams-backend-staging/node_modules/aws-sdk/lib/error.d.ts' with Package ID 'aws-sdk/lib/error.d.ts@2.1693.0'. ========
======== Resolving module '../lib/service' from 'd:/DOPAMS/Toystack/dopams-backend-staging/node_modules/aws-sdk/clients/codegurureviewer.d.ts'. ========
Resolution for module '../lib/service' was found in cache from location 'd:/DOPAMS/Toystack/dopams-backend-staging/node_modules/aws-sdk/clients'.
======== Module name '../lib/service' was successfully resolved to 'd:/DOPAMS/Toystack/dopams-backend-staging/node_modules/aws-sdk/lib/service.d.ts' with Package ID 'aws-sdk/lib/service.d.ts@2.1693.0'. ========
======== Resolving module '../lib/config-base' from 'd:/DOPAMS/Toystack/dopams-backend-staging/node_modules/aws-sdk/clients/codegurureviewer.d.ts'. ========
Resolution for module '../lib/config-base' was found in cache from location 'd:/DOPAMS/Toystack/dopams-backend-staging/node_modules/aws-sdk/clients'.
======== Module name '../lib/config-base' was successfully resolved to 'd:/DOPAMS/Toystack/dopams-backend-staging/node_modules/aws-sdk/lib/config-base.d.ts' with Package ID 'aws-sdk/lib/config-base.d.ts@2.1693.0'. ========
File 'd:/DOPAMS/Toystack/dopams-backend-staging/node_modules/aws-sdk/clients/package.json' does not exist according to earlier cached lookups.
File 'd:/DOPAMS/Toystack/dopams-backend-staging/node_modules/aws-sdk/package.json' exists according to earlier cached lookups.
======== Resolving module '../lib/request' from 'd:/DOPAMS/Toystack/dopams-backend-staging/node_modules/aws-sdk/clients/codeguruprofiler.d.ts'. ========
Resolution for module '../lib/request' was found in cache from location 'd:/DOPAMS/Toystack/dopams-backend-staging/node_modules/aws-sdk/clients'.
======== Module name '../lib/request' was successfully resolved to 'd:/DOPAMS/Toystack/dopams-backend-staging/node_modules/aws-sdk/lib/request.d.ts' with Package ID 'aws-sdk/lib/request.d.ts@2.1693.0'. ========
======== Resolving module '../lib/response' from 'd:/DOPAMS/Toystack/dopams-backend-staging/node_modules/aws-sdk/clients/codeguruprofiler.d.ts'. ========
Resolution for module '../lib/response' was found in cache from location 'd:/DOPAMS/Toystack/dopams-backend-staging/node_modules/aws-sdk/clients'.
======== Module name '../lib/response' was successfully resolved to 'd:/DOPAMS/Toystack/dopams-backend-staging/node_modules/aws-sdk/lib/response.d.ts' with Package ID 'aws-sdk/lib/response.d.ts@2.1693.0'. ========
======== Resolving module '../lib/error' from 'd:/DOPAMS/Toystack/dopams-backend-staging/node_modules/aws-sdk/clients/codeguruprofiler.d.ts'. ========
Resolution for module '../lib/error' was found in cache from location 'd:/DOPAMS/Toystack/dopams-backend-staging/node_modules/aws-sdk/clients'.
======== Module name '../lib/error' was successfully resolved to 'd:/DOPAMS/Toystack/dopams-backend-staging/node_modules/aws-sdk/lib/error.d.ts' with Package ID 'aws-sdk/lib/error.d.ts@2.1693.0'. ========
======== Resolving module '../lib/service' from 'd:/DOPAMS/Toystack/dopams-backend-staging/node_modules/aws-sdk/clients/codeguruprofiler.d.ts'. ========
Resolution for module '../lib/service' was found in cache from location 'd:/DOPAMS/Toystack/dopams-backend-staging/node_modules/aws-sdk/clients'.
======== Module name '../lib/service' was successfully resolved to 'd:/DOPAMS/Toystack/dopams-backend-staging/node_modules/aws-sdk/lib/service.d.ts' with Package ID 'aws-sdk/lib/service.d.ts@2.1693.0'. ========
======== Resolving module '../lib/config-base' from 'd:/DOPAMS/Toystack/dopams-backend-staging/node_modules/aws-sdk/clients/codeguruprofiler.d.ts'. ========
Resolution for module '../lib/config-base' was found in cache from location 'd:/DOPAMS/Toystack/dopams-backend-staging/node_modules/aws-sdk/clients'.
======== Module name '../lib/config-base' was successfully resolved to 'd:/DOPAMS/Toystack/dopams-backend-staging/node_modules/aws-sdk/lib/config-base.d.ts' with Package ID 'aws-sdk/lib/config-base.d.ts@2.1693.0'. ========
File 'd:/DOPAMS/Toystack/dopams-backend-staging/node_modules/aws-sdk/clients/package.json' does not exist according to earlier cached lookups.
File 'd:/DOPAMS/Toystack/dopams-backend-staging/node_modules/aws-sdk/package.json' exists according to earlier cached lookups.
======== Resolving module '../lib/request' from 'd:/DOPAMS/Toystack/dopams-backend-staging/node_modules/aws-sdk/clients/computeoptimizer.d.ts'. ========
Resolution for module '../lib/request' was found in cache from location 'd:/DOPAMS/Toystack/dopams-backend-staging/node_modules/aws-sdk/clients'.
======== Module name '../lib/request' was successfully resolved to 'd:/DOPAMS/Toystack/dopams-backend-staging/node_modules/aws-sdk/lib/request.d.ts' with Package ID 'aws-sdk/lib/request.d.ts@2.1693.0'. ========
======== Resolving module '../lib/response' from 'd:/DOPAMS/Toystack/dopams-backend-staging/node_modules/aws-sdk/clients/computeoptimizer.d.ts'. ========
Resolution for module '../lib/response' was found in cache from location 'd:/DOPAMS/Toystack/dopams-backend-staging/node_modules/aws-sdk/clients'.
======== Module name '../lib/response' was successfully resolved to 'd:/DOPAMS/Toystack/dopams-backend-staging/node_modules/aws-sdk/lib/response.d.ts' with Package ID 'aws-sdk/lib/response.d.ts@2.1693.0'. ========
======== Resolving module '../lib/error' from 'd:/DOPAMS/Toystack/dopams-backend-staging/node_modules/aws-sdk/clients/computeoptimizer.d.ts'. ========
Resolution for module '../lib/error' was found in cache from location 'd:/DOPAMS/Toystack/dopams-backend-staging/node_modules/aws-sdk/clients'.
======== Module name '../lib/error' was successfully resolved to 'd:/DOPAMS/Toystack/dopams-backend-staging/node_modules/aws-sdk/lib/error.d.ts' with Package ID 'aws-sdk/lib/error.d.ts@2.1693.0'. ========
======== Resolving module '../lib/service' from 'd:/DOPAMS/Toystack/dopams-backend-staging/node_modules/aws-sdk/clients/computeoptimizer.d.ts'. ========
Resolution for module '../lib/service' was found in cache from location 'd:/DOPAMS/Toystack/dopams-backend-staging/node_modules/aws-sdk/clients'.
======== Module name '../lib/service' was successfully resolved to 'd:/DOPAMS/Toystack/dopams-backend-staging/node_modules/aws-sdk/lib/service.d.ts' with Package ID 'aws-sdk/lib/service.d.ts@2.1693.0'. ========
======== Resolving module '../lib/config-base' from 'd:/DOPAMS/Toystack/dopams-backend-staging/node_modules/aws-sdk/clients/computeoptimizer.d.ts'. ========
Resolution for module '../lib/config-base' was found in cache from location 'd:/DOPAMS/Toystack/dopams-backend-staging/node_modules/aws-sdk/clients'.
======== Module name '../lib/config-base' was successfully resolved to 'd:/DOPAMS/Toystack/dopams-backend-staging/node_modules/aws-sdk/lib/config-base.d.ts' with Package ID 'aws-sdk/lib/config-base.d.ts@2.1693.0'. ========
File 'd:/DOPAMS/Toystack/dopams-backend-staging/node_modules/aws-sdk/clients/package.json' does not exist according to earlier cached lookups.
File 'd:/DOPAMS/Toystack/dopams-backend-staging/node_modules/aws-sdk/package.json' exists according to earlier cached lookups.
======== Resolving module '../lib/request' from 'd:/DOPAMS/Toystack/dopams-backend-staging/node_modules/aws-sdk/clients/frauddetector.d.ts'. ========
Resolution for module '../lib/request' was found in cache from location 'd:/DOPAMS/Toystack/dopams-backend-staging/node_modules/aws-sdk/clients'.
======== Module name '../lib/request' was successfully resolved to 'd:/DOPAMS/Toystack/dopams-backend-staging/node_modules/aws-sdk/lib/request.d.ts' with Package ID 'aws-sdk/lib/request.d.ts@2.1693.0'. ========
======== Resolving module '../lib/response' from 'd:/DOPAMS/Toystack/dopams-backend-staging/node_modules/aws-sdk/clients/frauddetector.d.ts'. ========
Resolution for module '../lib/response' was found in cache from location 'd:/DOPAMS/Toystack/dopams-backend-staging/node_modules/aws-sdk/clients'.
======== Module name '../lib/response' was successfully resolved to 'd:/DOPAMS/Toystack/dopams-backend-staging/node_modules/aws-sdk/lib/response.d.ts' with Package ID 'aws-sdk/lib/response.d.ts@2.1693.0'. ========
======== Resolving module '../lib/error' from 'd:/DOPAMS/Toystack/dopams-backend-staging/node_modules/aws-sdk/clients/frauddetector.d.ts'. ========
Resolution for module '../lib/error' was found in cache from location 'd:/DOPAMS/Toystack/dopams-backend-staging/node_modules/aws-sdk/clients'.
======== Module name '../lib/error' was successfully resolved to 'd:/DOPAMS/Toystack/dopams-backend-staging/node_modules/aws-sdk/lib/error.d.ts' with Package ID 'aws-sdk/lib/error.d.ts@2.1693.0'. ========
======== Resolving module '../lib/service' from 'd:/DOPAMS/Toystack/dopams-backend-staging/node_modules/aws-sdk/clients/frauddetector.d.ts'. ========
Resolution for module '../lib/service' was found in cache from location 'd:/DOPAMS/Toystack/dopams-backend-staging/node_modules/aws-sdk/clients'.
======== Module name '../lib/service' was successfully resolved to 'd:/DOPAMS/Toystack/dopams-backend-staging/node_modules/aws-sdk/lib/service.d.ts' with Package ID 'aws-sdk/lib/service.d.ts@2.1693.0'. ========
======== Resolving module '../lib/config-base' from 'd:/DOPAMS/Toystack/dopams-backend-staging/node_modules/aws-sdk/clients/frauddetector.d.ts'. ========
Resolution for module '../lib/config-base' was found in cache from location 'd:/DOPAMS/Toystack/dopams-backend-staging/node_modules/aws-sdk/clients'.
======== Module name '../lib/config-base' was successfully resolved to 'd:/DOPAMS/Toystack/dopams-backend-staging/node_modules/aws-sdk/lib/config-base.d.ts' with Package ID 'aws-sdk/lib/config-base.d.ts@2.1693.0'. ========
File 'd:/DOPAMS/Toystack/dopams-backend-staging/node_modules/aws-sdk/clients/package.json' does not exist according to earlier cached lookups.
File 'd:/DOPAMS/Toystack/dopams-backend-staging/node_modules/aws-sdk/package.json' exists according to earlier cached lookups.
======== Resolving module '../lib/request' from 'd:/DOPAMS/Toystack/dopams-backend-staging/node_modules/aws-sdk/clients/kendra.d.ts'. ========
Resolution for module '../lib/request' was found in cache from location 'd:/DOPAMS/Toystack/dopams-backend-staging/node_modules/aws-sdk/clients'.
======== Module name '../lib/request' was successfully resolved to 'd:/DOPAMS/Toystack/dopams-backend-staging/node_modules/aws-sdk/lib/request.d.ts' with Package ID 'aws-sdk/lib/request.d.ts@2.1693.0'. ========
======== Resolving module '../lib/response' from 'd:/DOPAMS/Toystack/dopams-backend-staging/node_modules/aws-sdk/clients/kendra.d.ts'. ========
Resolution for module '../lib/response' was found in cache from location 'd:/DOPAMS/Toystack/dopams-backend-staging/node_modules/aws-sdk/clients'.
======== Module name '../lib/response' was successfully resolved to 'd:/DOPAMS/Toystack/dopams-backend-staging/node_modules/aws-sdk/lib/response.d.ts' with Package ID 'aws-sdk/lib/response.d.ts@2.1693.0'. ========
======== Resolving module '../lib/error' from 'd:/DOPAMS/Toystack/dopams-backend-staging/node_modules/aws-sdk/clients/kendra.d.ts'. ========
Resolution for module '../lib/error' was found in cache from location 'd:/DOPAMS/Toystack/dopams-backend-staging/node_modules/aws-sdk/clients'.
======== Module name '../lib/error' was successfully resolved to 'd:/DOPAMS/Toystack/dopams-backend-staging/node_modules/aws-sdk/lib/error.d.ts' with Package ID 'aws-sdk/lib/error.d.ts@2.1693.0'. ========
======== Resolving module '../lib/service' from 'd:/DOPAMS/Toystack/dopams-backend-staging/node_modules/aws-sdk/clients/kendra.d.ts'. ========
Resolution for module '../lib/service' was found in cache from location 'd:/DOPAMS/Toystack/dopams-backend-staging/node_modules/aws-sdk/clients'.
======== Module name '../lib/service' was successfully resolved to 'd:/DOPAMS/Toystack/dopams-backend-staging/node_modules/aws-sdk/lib/service.d.ts' with Package ID 'aws-sdk/lib/service.d.ts@2.1693.0'. ========
======== Resolving module '../lib/config-base' from 'd:/DOPAMS/Toystack/dopams-backend-staging/node_modules/aws-sdk/clients/kendra.d.ts'. ========
Resolution for module '../lib/config-base' was found in cache from location 'd:/DOPAMS/Toystack/dopams-backend-staging/node_modules/aws-sdk/clients'.
======== Module name '../lib/config-base' was successfully resolved to 'd:/DOPAMS/Toystack/dopams-backend-staging/node_modules/aws-sdk/lib/config-base.d.ts' with Package ID 'aws-sdk/lib/config-base.d.ts@2.1693.0'. ========
File 'd:/DOPAMS/Toystack/dopams-backend-staging/node_modules/aws-sdk/clients/package.json' does not exist according to earlier cached lookups.
File 'd:/DOPAMS/Toystack/dopams-backend-staging/node_modules/aws-sdk/package.json' exists according to earlier cached lookups.
======== Resolving module '../lib/request' from 'd:/DOPAMS/Toystack/dopams-backend-staging/node_modules/aws-sdk/clients/networkmanager.d.ts'. ========
Resolution for module '../lib/request' was found in cache from location 'd:/DOPAMS/Toystack/dopams-backend-staging/node_modules/aws-sdk/clients'.
======== Module name '../lib/request' was successfully resolved to 'd:/DOPAMS/Toystack/dopams-backend-staging/node_modules/aws-sdk/lib/request.d.ts' with Package ID 'aws-sdk/lib/request.d.ts@2.1693.0'. ========
======== Resolving module '../lib/response' from 'd:/DOPAMS/Toystack/dopams-backend-staging/node_modules/aws-sdk/clients/networkmanager.d.ts'. ========
Resolution for module '../lib/response' was found in cache from location 'd:/DOPAMS/Toystack/dopams-backend-staging/node_modules/aws-sdk/clients'.
======== Module name '../lib/response' was successfully resolved to 'd:/DOPAMS/Toystack/dopams-backend-staging/node_modules/aws-sdk/lib/response.d.ts' with Package ID 'aws-sdk/lib/response.d.ts@2.1693.0'. ========
======== Resolving module '../lib/error' from 'd:/DOPAMS/Toystack/dopams-backend-staging/node_modules/aws-sdk/clients/networkmanager.d.ts'. ========
Resolution for module '../lib/error' was found in cache from location 'd:/DOPAMS/Toystack/dopams-backend-staging/node_modules/aws-sdk/clients'.
======== Module name '../lib/error' was successfully resolved to 'd:/DOPAMS/Toystack/dopams-backend-staging/node_modules/aws-sdk/lib/error.d.ts' with Package ID 'aws-sdk/lib/error.d.ts@2.1693.0'. ========
======== Resolving module '../lib/service' from 'd:/DOPAMS/Toystack/dopams-backend-staging/node_modules/aws-sdk/clients/networkmanager.d.ts'. ========
Resolution for module '../lib/service' was found in cache from location 'd:/DOPAMS/Toystack/dopams-backend-staging/node_modules/aws-sdk/clients'.
======== Module name '../lib/service' was successfully resolved to 'd:/DOPAMS/Toystack/dopams-backend-staging/node_modules/aws-sdk/lib/service.d.ts' with Package ID 'aws-sdk/lib/service.d.ts@2.1693.0'. ========
======== Resolving module '../lib/config-base' from 'd:/DOPAMS/Toystack/dopams-backend-staging/node_modules/aws-sdk/clients/networkmanager.d.ts'. ========
Resolution for module '../lib/config-base' was found in cache from location 'd:/DOPAMS/Toystack/dopams-backend-staging/node_modules/aws-sdk/clients'.
======== Module name '../lib/config-base' was successfully resolved to 'd:/DOPAMS/Toystack/dopams-backend-staging/node_modules/aws-sdk/lib/config-base.d.ts' with Package ID 'aws-sdk/lib/config-base.d.ts@2.1693.0'. ========
File 'd:/DOPAMS/Toystack/dopams-backend-staging/node_modules/aws-sdk/clients/package.json' does not exist according to earlier cached lookups.
File 'd:/DOPAMS/Toystack/dopams-backend-staging/node_modules/aws-sdk/package.json' exists according to earlier cached lookups.
======== Resolving module '../lib/request' from 'd:/DOPAMS/Toystack/dopams-backend-staging/node_modules/aws-sdk/clients/outposts.d.ts'. ========
Resolution for module '../lib/request' was found in cache from location 'd:/DOPAMS/Toystack/dopams-backend-staging/node_modules/aws-sdk/clients'.
======== Module name '../lib/request' was successfully resolved to 'd:/DOPAMS/Toystack/dopams-backend-staging/node_modules/aws-sdk/lib/request.d.ts' with Package ID 'aws-sdk/lib/request.d.ts@2.1693.0'. ========
======== Resolving module '../lib/response' from 'd:/DOPAMS/Toystack/dopams-backend-staging/node_modules/aws-sdk/clients/outposts.d.ts'. ========
Resolution for module '../lib/response' was found in cache from location 'd:/DOPAMS/Toystack/dopams-backend-staging/node_modules/aws-sdk/clients'.
======== Module name '../lib/response' was successfully resolved to 'd:/DOPAMS/Toystack/dopams-backend-staging/node_modules/aws-sdk/lib/response.d.ts' with Package ID 'aws-sdk/lib/response.d.ts@2.1693.0'. ========
======== Resolving module '../lib/error' from 'd:/DOPAMS/Toystack/dopams-backend-staging/node_modules/aws-sdk/clients/outposts.d.ts'. ========
Resolution for module '../lib/error' was found in cache from location 'd:/DOPAMS/Toystack/dopams-backend-staging/node_modules/aws-sdk/clients'.
======== Module name '../lib/error' was successfully resolved to 'd:/DOPAMS/Toystack/dopams-backend-staging/node_modules/aws-sdk/lib/error.d.ts' with Package ID 'aws-sdk/lib/error.d.ts@2.1693.0'. ========
======== Resolving module '../lib/service' from 'd:/DOPAMS/Toystack/dopams-backend-staging/node_modules/aws-sdk/clients/outposts.d.ts'. ========
Resolution for module '../lib/service' was found in cache from location 'd:/DOPAMS/Toystack/dopams-backend-staging/node_modules/aws-sdk/clients'.
======== Module name '../lib/service' was successfully resolved to 'd:/DOPAMS/Toystack/dopams-backend-staging/node_modules/aws-sdk/lib/service.d.ts' with Package ID 'aws-sdk/lib/service.d.ts@2.1693.0'. ========
======== Resolving module '../lib/config-base' from 'd:/DOPAMS/Toystack/dopams-backend-staging/node_modules/aws-sdk/clients/outposts.d.ts'. ========
Resolution for module '../lib/config-base' was found in cache from location 'd:/DOPAMS/Toystack/dopams-backend-staging/node_modules/aws-sdk/clients'.
======== Module name '../lib/config-base' was successfully resolved to 'd:/DOPAMS/Toystack/dopams-backend-staging/node_modules/aws-sdk/lib/config-base.d.ts' with Package ID 'aws-sdk/lib/config-base.d.ts@2.1693.0'. ========
File 'd:/DOPAMS/Toystack/dopams-backend-staging/node_modules/aws-sdk/clients/package.json' does not exist according to earlier cached lookups.
File 'd:/DOPAMS/Toystack/dopams-backend-staging/node_modules/aws-sdk/package.json' exists according to earlier cached lookups.
======== Resolving module '../lib/request' from 'd:/DOPAMS/Toystack/dopams-backend-staging/node_modules/aws-sdk/clients/augmentedairuntime.d.ts'. ========
Resolution for module '../lib/request' was found in cache from location 'd:/DOPAMS/Toystack/dopams-backend-staging/node_modules/aws-sdk/clients'.
======== Module name '../lib/request' was successfully resolved to 'd:/DOPAMS/Toystack/dopams-backend-staging/node_modules/aws-sdk/lib/request.d.ts' with Package ID 'aws-sdk/lib/request.d.ts@2.1693.0'. ========
======== Resolving module '../lib/response' from 'd:/DOPAMS/Toystack/dopams-backend-staging/node_modules/aws-sdk/clients/augmentedairuntime.d.ts'. ========
Resolution for module '../lib/response' was found in cache from location 'd:/DOPAMS/Toystack/dopams-backend-staging/node_modules/aws-sdk/clients'.
======== Module name '../lib/response' was successfully resolved to 'd:/DOPAMS/Toystack/dopams-backend-staging/node_modules/aws-sdk/lib/response.d.ts' with Package ID 'aws-sdk/lib/response.d.ts@2.1693.0'. ========
======== Resolving module '../lib/error' from 'd:/DOPAMS/Toystack/dopams-backend-staging/node_modules/aws-sdk/clients/augmentedairuntime.d.ts'. ========
Resolution for module '../lib/error' was found in cache from location 'd:/DOPAMS/Toystack/dopams-backend-staging/node_modules/aws-sdk/clients'.
======== Module name '../lib/error' was successfully resolved to 'd:/DOPAMS/Toystack/dopams-backend-staging/node_modules/aws-sdk/lib/error.d.ts' with Package ID 'aws-sdk/lib/error.d.ts@2.1693.0'. ========
======== Resolving module '../lib/service' from 'd:/DOPAMS/Toystack/dopams-backend-staging/node_modules/aws-sdk/clients/augmentedairuntime.d.ts'. ========
Resolution for module '../lib/service' was found in cache from location 'd:/DOPAMS/Toystack/dopams-backend-staging/node_modules/aws-sdk/clients'.
======== Module name '../lib/service' was successfully resolved to 'd:/DOPAMS/Toystack/dopams-backend-staging/node_modules/aws-sdk/lib/service.d.ts' with Package ID 'aws-sdk/lib/service.d.ts@2.1693.0'. ========
======== Resolving module '../lib/config-base' from 'd:/DOPAMS/Toystack/dopams-backend-staging/node_modules/aws-sdk/clients/augmentedairuntime.d.ts'. ========
Resolution for module '../lib/config-base' was found in cache from location 'd:/DOPAMS/Toystack/dopams-backend-staging/node_modules/aws-sdk/clients'.
======== Module name '../lib/config-base' was successfully resolved to 'd:/DOPAMS/Toystack/dopams-backend-staging/node_modules/aws-sdk/lib/config-base.d.ts' with Package ID 'aws-sdk/lib/config-base.d.ts@2.1693.0'. ========
File 'd:/DOPAMS/Toystack/dopams-backend-staging/node_modules/aws-sdk/clients/package.json' does not exist according to earlier cached lookups.
File 'd:/DOPAMS/Toystack/dopams-backend-staging/node_modules/aws-sdk/package.json' exists according to earlier cached lookups.
======== Resolving module '../lib/request' from 'd:/DOPAMS/Toystack/dopams-backend-staging/node_modules/aws-sdk/clients/ebs.d.ts'. ========
Resolution for module '../lib/request' was found in cache from location 'd:/DOPAMS/Toystack/dopams-backend-staging/node_modules/aws-sdk/clients'.
======== Module name '../lib/request' was successfully resolved to 'd:/DOPAMS/Toystack/dopams-backend-staging/node_modules/aws-sdk/lib/request.d.ts' with Package ID 'aws-sdk/lib/request.d.ts@2.1693.0'. ========
======== Resolving module '../lib/response' from 'd:/DOPAMS/Toystack/dopams-backend-staging/node_modules/aws-sdk/clients/ebs.d.ts'. ========
Resolution for module '../lib/response' was found in cache from location 'd:/DOPAMS/Toystack/dopams-backend-staging/node_modules/aws-sdk/clients'.
======== Module name '../lib/response' was successfully resolved to 'd:/DOPAMS/Toystack/dopams-backend-staging/node_modules/aws-sdk/lib/response.d.ts' with Package ID 'aws-sdk/lib/response.d.ts@2.1693.0'. ========
======== Resolving module '../lib/error' from 'd:/DOPAMS/Toystack/dopams-backend-staging/node_modules/aws-sdk/clients/ebs.d.ts'. ========
Resolution for module '../lib/error' was found in cache from location 'd:/DOPAMS/Toystack/dopams-backend-staging/node_modules/aws-sdk/clients'.
======== Module name '../lib/error' was successfully resolved to 'd:/DOPAMS/Toystack/dopams-backend-staging/node_modules/aws-sdk/lib/error.d.ts' with Package ID 'aws-sdk/lib/error.d.ts@2.1693.0'. ========
======== Resolving module '../lib/service' from 'd:/DOPAMS/Toystack/dopams-backend-staging/node_modules/aws-sdk/clients/ebs.d.ts'. ========
Resolution for module '../lib/service' was found in cache from location 'd:/DOPAMS/Toystack/dopams-backend-staging/node_modules/aws-sdk/clients'.
======== Module name '../lib/service' was successfully resolved to 'd:/DOPAMS/Toystack/dopams-backend-staging/node_modules/aws-sdk/lib/service.d.ts' with Package ID 'aws-sdk/lib/service.d.ts@2.1693.0'. ========
======== Resolving module '../lib/config-base' from 'd:/DOPAMS/Toystack/dopams-backend-staging/node_modules/aws-sdk/clients/ebs.d.ts'. ========
Resolution for module '../lib/config-base' was found in cache from location 'd:/DOPAMS/Toystack/dopams-backend-staging/node_modules/aws-sdk/clients'.
======== Module name '../lib/config-base' was successfully resolved to 'd:/DOPAMS/Toystack/dopams-backend-staging/node_modules/aws-sdk/lib/config-base.d.ts' with Package ID 'aws-sdk/lib/config-base.d.ts@2.1693.0'. ========
======== Resolving module 'stream' from 'd:/DOPAMS/Toystack/dopams-backend-staging/node_modules/aws-sdk/clients/ebs.d.ts'. ========
Resolution for module 'stream' was found in cache from location 'd:/DOPAMS/Toystack/dopams-backend-staging/node_modules/aws-sdk/clients'.
======== Module name 'stream' was not resolved. ========
File 'd:/DOPAMS/Toystack/dopams-backend-staging/node_modules/aws-sdk/clients/package.json' does not exist according to earlier cached lookups.
File 'd:/DOPAMS/Toystack/dopams-backend-staging/node_modules/aws-sdk/package.json' exists according to earlier cached lookups.
======== Resolving module '../lib/request' from 'd:/DOPAMS/Toystack/dopams-backend-staging/node_modules/aws-sdk/clients/kinesisvideosignalingchannels.d.ts'. ========
Resolution for module '../lib/request' was found in cache from location 'd:/DOPAMS/Toystack/dopams-backend-staging/node_modules/aws-sdk/clients'.
======== Module name '../lib/request' was successfully resolved to 'd:/DOPAMS/Toystack/dopams-backend-staging/node_modules/aws-sdk/lib/request.d.ts' with Package ID 'aws-sdk/lib/request.d.ts@2.1693.0'. ========
======== Resolving module '../lib/response' from 'd:/DOPAMS/Toystack/dopams-backend-staging/node_modules/aws-sdk/clients/kinesisvideosignalingchannels.d.ts'. ========
Resolution for module '../lib/response' was found in cache from location 'd:/DOPAMS/Toystack/dopams-backend-staging/node_modules/aws-sdk/clients'.
======== Module name '../lib/response' was successfully resolved to 'd:/DOPAMS/Toystack/dopams-backend-staging/node_modules/aws-sdk/lib/response.d.ts' with Package ID 'aws-sdk/lib/response.d.ts@2.1693.0'. ========
======== Resolving module '../lib/error' from 'd:/DOPAMS/Toystack/dopams-backend-staging/node_modules/aws-sdk/clients/kinesisvideosignalingchannels.d.ts'. ========
Resolution for module '../lib/error' was found in cache from location 'd:/DOPAMS/Toystack/dopams-backend-staging/node_modules/aws-sdk/clients'.
======== Module name '../lib/error' was successfully resolved to 'd:/DOPAMS/Toystack/dopams-backend-staging/node_modules/aws-sdk/lib/error.d.ts' with Package ID 'aws-sdk/lib/error.d.ts@2.1693.0'. ========
======== Resolving module '../lib/service' from 'd:/DOPAMS/Toystack/dopams-backend-staging/node_modules/aws-sdk/clients/kinesisvideosignalingchannels.d.ts'. ========
Resolution for module '../lib/service' was found in cache from location 'd:/DOPAMS/Toystack/dopams-backend-staging/node_modules/aws-sdk/clients'.
======== Module name '../lib/service' was successfully resolved to 'd:/DOPAMS/Toystack/dopams-backend-staging/node_modules/aws-sdk/lib/service.d.ts' with Package ID 'aws-sdk/lib/service.d.ts@2.1693.0'. ========
======== Resolving module '../lib/config-base' from 'd:/DOPAMS/Toystack/dopams-backend-staging/node_modules/aws-sdk/clients/kinesisvideosignalingchannels.d.ts'. ========
Resolution for module '../lib/config-base' was found in cache from location 'd:/DOPAMS/Toystack/dopams-backend-staging/node_modules/aws-sdk/clients'.
======== Module name '../lib/config-base' was successfully resolved to 'd:/DOPAMS/Toystack/dopams-backend-staging/node_modules/aws-sdk/lib/config-base.d.ts' with Package ID 'aws-sdk/lib/config-base.d.ts@2.1693.0'. ========
File 'd:/DOPAMS/Toystack/dopams-backend-staging/node_modules/aws-sdk/clients/package.json' does not exist according to earlier cached lookups.
File 'd:/DOPAMS/Toystack/dopams-backend-staging/node_modules/aws-sdk/package.json' exists according to earlier cached lookups.
======== Resolving module '../lib/request' from 'd:/DOPAMS/Toystack/dopams-backend-staging/node_modules/aws-sdk/clients/detective.d.ts'. ========
Resolution for module '../lib/request' was found in cache from location 'd:/DOPAMS/Toystack/dopams-backend-staging/node_modules/aws-sdk/clients'.
======== Module name '../lib/request' was successfully resolved to 'd:/DOPAMS/Toystack/dopams-backend-staging/node_modules/aws-sdk/lib/request.d.ts' with Package ID 'aws-sdk/lib/request.d.ts@2.1693.0'. ========
======== Resolving module '../lib/response' from 'd:/DOPAMS/Toystack/dopams-backend-staging/node_modules/aws-sdk/clients/detective.d.ts'. ========
Resolution for module '../lib/response' was found in cache from location 'd:/DOPAMS/Toystack/dopams-backend-staging/node_modules/aws-sdk/clients'.
======== Module name '../lib/response' was successfully resolved to 'd:/DOPAMS/Toystack/dopams-backend-staging/node_modules/aws-sdk/lib/response.d.ts' with Package ID 'aws-sdk/lib/response.d.ts@2.1693.0'. ========
======== Resolving module '../lib/error' from 'd:/DOPAMS/Toystack/dopams-backend-staging/node_modules/aws-sdk/clients/detective.d.ts'. ========
Resolution for module '../lib/error' was found in cache from location 'd:/DOPAMS/Toystack/dopams-backend-staging/node_modules/aws-sdk/clients'.
======== Module name '../lib/error' was successfully resolved to 'd:/DOPAMS/Toystack/dopams-backend-staging/node_modules/aws-sdk/lib/error.d.ts' with Package ID 'aws-sdk/lib/error.d.ts@2.1693.0'. ========
======== Resolving module '../lib/service' from 'd:/DOPAMS/Toystack/dopams-backend-staging/node_modules/aws-sdk/clients/detective.d.ts'. ========
Resolution for module '../lib/service' was found in cache from location 'd:/DOPAMS/Toystack/dopams-backend-staging/node_modules/aws-sdk/clients'.
======== Module name '../lib/service' was successfully resolved to 'd:/DOPAMS/Toystack/dopams-backend-staging/node_modules/aws-sdk/lib/service.d.ts' with Package ID 'aws-sdk/lib/service.d.ts@2.1693.0'. ========
======== Resolving module '../lib/config-base' from 'd:/DOPAMS/Toystack/dopams-backend-staging/node_modules/aws-sdk/clients/detective.d.ts'. ========
Resolution for module '../lib/config-base' was found in cache from location 'd:/DOPAMS/Toystack/dopams-backend-staging/node_modules/aws-sdk/clients'.
======== Module name '../lib/config-base' was successfully resolved to 'd:/DOPAMS/Toystack/dopams-backend-staging/node_modules/aws-sdk/lib/config-base.d.ts' with Package ID 'aws-sdk/lib/config-base.d.ts@2.1693.0'. ========
File 'd:/DOPAMS/Toystack/dopams-backend-staging/node_modules/aws-sdk/clients/package.json' does not exist according to earlier cached lookups.
File 'd:/DOPAMS/Toystack/dopams-backend-staging/node_modules/aws-sdk/package.json' exists according to earlier cached lookups.
======== Resolving module '../lib/request' from 'd:/DOPAMS/Toystack/dopams-backend-staging/node_modules/aws-sdk/clients/codestarconnections.d.ts'. ========
Resolution for module '../lib/request' was found in cache from location 'd:/DOPAMS/Toystack/dopams-backend-staging/node_modules/aws-sdk/clients'.
======== Module name '../lib/request' was successfully resolved to 'd:/DOPAMS/Toystack/dopams-backend-staging/node_modules/aws-sdk/lib/request.d.ts' with Package ID 'aws-sdk/lib/request.d.ts@2.1693.0'. ========
======== Resolving module '../lib/response' from 'd:/DOPAMS/Toystack/dopams-backend-staging/node_modules/aws-sdk/clients/codestarconnections.d.ts'. ========
Resolution for module '../lib/response' was found in cache from location 'd:/DOPAMS/Toystack/dopams-backend-staging/node_modules/aws-sdk/clients'.
======== Module name '../lib/response' was successfully resolved to 'd:/DOPAMS/Toystack/dopams-backend-staging/node_modules/aws-sdk/lib/response.d.ts' with Package ID 'aws-sdk/lib/response.d.ts@2.1693.0'. ========
======== Resolving module '../lib/error' from 'd:/DOPAMS/Toystack/dopams-backend-staging/node_modules/aws-sdk/clients/codestarconnections.d.ts'. ========
Resolution for module '../lib/error' was found in cache from location 'd:/DOPAMS/Toystack/dopams-backend-staging/node_modules/aws-sdk/clients'.
======== Module name '../lib/error' was successfully resolved to 'd:/DOPAMS/Toystack/dopams-backend-staging/node_modules/aws-sdk/lib/error.d.ts' with Package ID 'aws-sdk/lib/error.d.ts@2.1693.0'. ========
======== Resolving module '../lib/service' from 'd:/DOPAMS/Toystack/dopams-backend-staging/node_modules/aws-sdk/clients/codestarconnections.d.ts'. ========
Resolution for module '../lib/service' was found in cache from location 'd:/DOPAMS/Toystack/dopams-backend-staging/node_modules/aws-sdk/clients'.
======== Module name '../lib/service' was successfully resolved to 'd:/DOPAMS/Toystack/dopams-backend-staging/node_modules/aws-sdk/lib/service.d.ts' with Package ID 'aws-sdk/lib/service.d.ts@2.1693.0'. ========
======== Resolving module '../lib/config-base' from 'd:/DOPAMS/Toystack/dopams-backend-staging/node_modules/aws-sdk/clients/codestarconnections.d.ts'. ========
Resolution for module '../lib/config-base' was found in cache from location 'd:/DOPAMS/Toystack/dopams-backend-staging/node_modules/aws-sdk/clients'.
======== Module name '../lib/config-base' was successfully resolved to 'd:/DOPAMS/Toystack/dopams-backend-staging/node_modules/aws-sdk/lib/config-base.d.ts' with Package ID 'aws-sdk/lib/config-base.d.ts@2.1693.0'. ========
File 'd:/DOPAMS/Toystack/dopams-backend-staging/node_modules/aws-sdk/clients/package.json' does not exist according to earlier cached lookups.
File 'd:/DOPAMS/Toystack/dopams-backend-staging/node_modules/aws-sdk/package.json' exists according to earlier cached lookups.
======== Resolving module '../lib/request' from 'd:/DOPAMS/Toystack/dopams-backend-staging/node_modules/aws-sdk/clients/synthetics.d.ts'. ========
Resolution for module '../lib/request' was found in cache from location 'd:/DOPAMS/Toystack/dopams-backend-staging/node_modules/aws-sdk/clients'.
======== Module name '../lib/request' was successfully resolved to 'd:/DOPAMS/Toystack/dopams-backend-staging/node_modules/aws-sdk/lib/request.d.ts' with Package ID 'aws-sdk/lib/request.d.ts@2.1693.0'. ========
======== Resolving module '../lib/response' from 'd:/DOPAMS/Toystack/dopams-backend-staging/node_modules/aws-sdk/clients/synthetics.d.ts'. ========
Resolution for module '../lib/response' was found in cache from location 'd:/DOPAMS/Toystack/dopams-backend-staging/node_modules/aws-sdk/clients'.
======== Module name '../lib/response' was successfully resolved to 'd:/DOPAMS/Toystack/dopams-backend-staging/node_modules/aws-sdk/lib/response.d.ts' with Package ID 'aws-sdk/lib/response.d.ts@2.1693.0'. ========
======== Resolving module '../lib/error' from 'd:/DOPAMS/Toystack/dopams-backend-staging/node_modules/aws-sdk/clients/synthetics.d.ts'. ========
Resolution for module '../lib/error' was found in cache from location 'd:/DOPAMS/Toystack/dopams-backend-staging/node_modules/aws-sdk/clients'.
======== Module name '../lib/error' was successfully resolved to 'd:/DOPAMS/Toystack/dopams-backend-staging/node_modules/aws-sdk/lib/error.d.ts' with Package ID 'aws-sdk/lib/error.d.ts@2.1693.0'. ========
======== Resolving module '../lib/service' from 'd:/DOPAMS/Toystack/dopams-backend-staging/node_modules/aws-sdk/clients/synthetics.d.ts'. ========
Resolution for module '../lib/service' was found in cache from location 'd:/DOPAMS/Toystack/dopams-backend-staging/node_modules/aws-sdk/clients'.
======== Module name '../lib/service' was successfully resolved to 'd:/DOPAMS/Toystack/dopams-backend-staging/node_modules/aws-sdk/lib/service.d.ts' with Package ID 'aws-sdk/lib/service.d.ts@2.1693.0'. ========
======== Resolving module '../lib/config-base' from 'd:/DOPAMS/Toystack/dopams-backend-staging/node_modules/aws-sdk/clients/synthetics.d.ts'. ========
Resolution for module '../lib/config-base' was found in cache from location 'd:/DOPAMS/Toystack/dopams-backend-staging/node_modules/aws-sdk/clients'.
======== Module name '../lib/config-base' was successfully resolved to 'd:/DOPAMS/Toystack/dopams-backend-staging/node_modules/aws-sdk/lib/config-base.d.ts' with Package ID 'aws-sdk/lib/config-base.d.ts@2.1693.0'. ========
File 'd:/DOPAMS/Toystack/dopams-backend-staging/node_modules/aws-sdk/clients/package.json' does not exist according to earlier cached lookups.
File 'd:/DOPAMS/Toystack/dopams-backend-staging/node_modules/aws-sdk/package.json' exists according to earlier cached lookups.
======== Resolving module '../lib/request' from 'd:/DOPAMS/Toystack/dopams-backend-staging/node_modules/aws-sdk/clients/iotsitewise.d.ts'. ========
Resolution for module '../lib/request' was found in cache from location 'd:/DOPAMS/Toystack/dopams-backend-staging/node_modules/aws-sdk/clients'.
======== Module name '../lib/request' was successfully resolved to 'd:/DOPAMS/Toystack/dopams-backend-staging/node_modules/aws-sdk/lib/request.d.ts' with Package ID 'aws-sdk/lib/request.d.ts@2.1693.0'. ========
======== Resolving module '../lib/response' from 'd:/DOPAMS/Toystack/dopams-backend-staging/node_modules/aws-sdk/clients/iotsitewise.d.ts'. ========
Resolution for module '../lib/response' was found in cache from location 'd:/DOPAMS/Toystack/dopams-backend-staging/node_modules/aws-sdk/clients'.
======== Module name '../lib/response' was successfully resolved to 'd:/DOPAMS/Toystack/dopams-backend-staging/node_modules/aws-sdk/lib/response.d.ts' with Package ID 'aws-sdk/lib/response.d.ts@2.1693.0'. ========
======== Resolving module '../lib/error' from 'd:/DOPAMS/Toystack/dopams-backend-staging/node_modules/aws-sdk/clients/iotsitewise.d.ts'. ========
Resolution for module '../lib/error' was found in cache from location 'd:/DOPAMS/Toystack/dopams-backend-staging/node_modules/aws-sdk/clients'.
======== Module name '../lib/error' was successfully resolved to 'd:/DOPAMS/Toystack/dopams-backend-staging/node_modules/aws-sdk/lib/error.d.ts' with Package ID 'aws-sdk/lib/error.d.ts@2.1693.0'. ========
======== Resolving module '../lib/service' from 'd:/DOPAMS/Toystack/dopams-backend-staging/node_modules/aws-sdk/clients/iotsitewise.d.ts'. ========
Resolution for module '../lib/service' was found in cache from location 'd:/DOPAMS/Toystack/dopams-backend-staging/node_modules/aws-sdk/clients'.
======== Module name '../lib/service' was successfully resolved to 'd:/DOPAMS/Toystack/dopams-backend-staging/node_modules/aws-sdk/lib/service.d.ts' with Package ID 'aws-sdk/lib/service.d.ts@2.1693.0'. ========
======== Resolving module '../lib/config-base' from 'd:/DOPAMS/Toystack/dopams-backend-staging/node_modules/aws-sdk/clients/iotsitewise.d.ts'. ========
Resolution for module '../lib/config-base' was found in cache from location 'd:/DOPAMS/Toystack/dopams-backend-staging/node_modules/aws-sdk/clients'.
======== Module name '../lib/config-base' was successfully resolved to 'd:/DOPAMS/Toystack/dopams-backend-staging/node_modules/aws-sdk/lib/config-base.d.ts' with Package ID 'aws-sdk/lib/config-base.d.ts@2.1693.0'. ========
File 'd:/DOPAMS/Toystack/dopams-backend-staging/node_modules/aws-sdk/clients/package.json' does not exist according to earlier cached lookups.
File 'd:/DOPAMS/Toystack/dopams-backend-staging/node_modules/aws-sdk/package.json' exists according to earlier cached lookups.
======== Resolving module '../lib/request' from 'd:/DOPAMS/Toystack/dopams-backend-staging/node_modules/aws-sdk/clients/macie2.d.ts'. ========
Resolution for module '../lib/request' was found in cache from location 'd:/DOPAMS/Toystack/dopams-backend-staging/node_modules/aws-sdk/clients'.
======== Module name '../lib/request' was successfully resolved to 'd:/DOPAMS/Toystack/dopams-backend-staging/node_modules/aws-sdk/lib/request.d.ts' with Package ID 'aws-sdk/lib/request.d.ts@2.1693.0'. ========
======== Resolving module '../lib/response' from 'd:/DOPAMS/Toystack/dopams-backend-staging/node_modules/aws-sdk/clients/macie2.d.ts'. ========
Resolution for module '../lib/response' was found in cache from location 'd:/DOPAMS/Toystack/dopams-backend-staging/node_modules/aws-sdk/clients'.
======== Module name '../lib/response' was successfully resolved to 'd:/DOPAMS/Toystack/dopams-backend-staging/node_modules/aws-sdk/lib/response.d.ts' with Package ID 'aws-sdk/lib/response.d.ts@2.1693.0'. ========
======== Resolving module '../lib/error' from 'd:/DOPAMS/Toystack/dopams-backend-staging/node_modules/aws-sdk/clients/macie2.d.ts'. ========
Resolution for module '../lib/error' was found in cache from location 'd:/DOPAMS/Toystack/dopams-backend-staging/node_modules/aws-sdk/clients'.
======== Module name '../lib/error' was successfully resolved to 'd:/DOPAMS/Toystack/dopams-backend-staging/node_modules/aws-sdk/lib/error.d.ts' with Package ID 'aws-sdk/lib/error.d.ts@2.1693.0'. ========
======== Resolving module '../lib/service' from 'd:/DOPAMS/Toystack/dopams-backend-staging/node_modules/aws-sdk/clients/macie2.d.ts'. ========
Resolution for module '../lib/service' was found in cache from location 'd:/DOPAMS/Toystack/dopams-backend-staging/node_modules/aws-sdk/clients'.
======== Module name '../lib/service' was successfully resolved to 'd:/DOPAMS/Toystack/dopams-backend-staging/node_modules/aws-sdk/lib/service.d.ts' with Package ID 'aws-sdk/lib/service.d.ts@2.1693.0'. ========
======== Resolving module '../lib/config-base' from 'd:/DOPAMS/Toystack/dopams-backend-staging/node_modules/aws-sdk/clients/macie2.d.ts'. ========
Resolution for module '../lib/config-base' was found in cache from location 'd:/DOPAMS/Toystack/dopams-backend-staging/node_modules/aws-sdk/clients'.
======== Module name '../lib/config-base' was successfully resolved to 'd:/DOPAMS/Toystack/dopams-backend-staging/node_modules/aws-sdk/lib/config-base.d.ts' with Package ID 'aws-sdk/lib/config-base.d.ts@2.1693.0'. ========
File 'd:/DOPAMS/Toystack/dopams-backend-staging/node_modules/aws-sdk/clients/package.json' does not exist according to earlier cached lookups.
File 'd:/DOPAMS/Toystack/dopams-backend-staging/node_modules/aws-sdk/package.json' exists according to earlier cached lookups.
======== Resolving module '../lib/request' from 'd:/DOPAMS/Toystack/dopams-backend-staging/node_modules/aws-sdk/clients/codeartifact.d.ts'. ========
Resolution for module '../lib/request' was found in cache from location 'd:/DOPAMS/Toystack/dopams-backend-staging/node_modules/aws-sdk/clients'.
======== Module name '../lib/request' was successfully resolved to 'd:/DOPAMS/Toystack/dopams-backend-staging/node_modules/aws-sdk/lib/request.d.ts' with Package ID 'aws-sdk/lib/request.d.ts@2.1693.0'. ========
======== Resolving module '../lib/response' from 'd:/DOPAMS/Toystack/dopams-backend-staging/node_modules/aws-sdk/clients/codeartifact.d.ts'. ========
Resolution for module '../lib/response' was found in cache from location 'd:/DOPAMS/Toystack/dopams-backend-staging/node_modules/aws-sdk/clients'.
======== Module name '../lib/response' was successfully resolved to 'd:/DOPAMS/Toystack/dopams-backend-staging/node_modules/aws-sdk/lib/response.d.ts' with Package ID 'aws-sdk/lib/response.d.ts@2.1693.0'. ========
======== Resolving module '../lib/error' from 'd:/DOPAMS/Toystack/dopams-backend-staging/node_modules/aws-sdk/clients/codeartifact.d.ts'. ========
Resolution for module '../lib/error' was found in cache from location 'd:/DOPAMS/Toystack/dopams-backend-staging/node_modules/aws-sdk/clients'.
======== Module name '../lib/error' was successfully resolved to 'd:/DOPAMS/Toystack/dopams-backend-staging/node_modules/aws-sdk/lib/error.d.ts' with Package ID 'aws-sdk/lib/error.d.ts@2.1693.0'. ========
======== Resolving module '../lib/service' from 'd:/DOPAMS/Toystack/dopams-backend-staging/node_modules/aws-sdk/clients/codeartifact.d.ts'. ========
Resolution for module '../lib/service' was found in cache from location 'd:/DOPAMS/Toystack/dopams-backend-staging/node_modules/aws-sdk/clients'.
======== Module name '../lib/service' was successfully resolved to 'd:/DOPAMS/Toystack/dopams-backend-staging/node_modules/aws-sdk/lib/service.d.ts' with Package ID 'aws-sdk/lib/service.d.ts@2.1693.0'. ========
======== Resolving module '../lib/config-base' from 'd:/DOPAMS/Toystack/dopams-backend-staging/node_modules/aws-sdk/clients/codeartifact.d.ts'. ========
Resolution for module '../lib/config-base' was found in cache from location 'd:/DOPAMS/Toystack/dopams-backend-staging/node_modules/aws-sdk/clients'.
======== Module name '../lib/config-base' was successfully resolved to 'd:/DOPAMS/Toystack/dopams-backend-staging/node_modules/aws-sdk/lib/config-base.d.ts' with Package ID 'aws-sdk/lib/config-base.d.ts@2.1693.0'. ========
======== Resolving module 'stream' from 'd:/DOPAMS/Toystack/dopams-backend-staging/node_modules/aws-sdk/clients/codeartifact.d.ts'. ========
Resolution for module 'stream' was found in cache from location 'd:/DOPAMS/Toystack/dopams-backend-staging/node_modules/aws-sdk/clients'.
======== Module name 'stream' was not resolved. ========
File 'd:/DOPAMS/Toystack/dopams-backend-staging/node_modules/aws-sdk/clients/package.json' does not exist according to earlier cached lookups.
File 'd:/DOPAMS/Toystack/dopams-backend-staging/node_modules/aws-sdk/package.json' exists according to earlier cached lookups.
======== Resolving module '../lib/request' from 'd:/DOPAMS/Toystack/dopams-backend-staging/node_modules/aws-sdk/clients/ivs.d.ts'. ========
Resolution for module '../lib/request' was found in cache from location 'd:/DOPAMS/Toystack/dopams-backend-staging/node_modules/aws-sdk/clients'.
======== Module name '../lib/request' was successfully resolved to 'd:/DOPAMS/Toystack/dopams-backend-staging/node_modules/aws-sdk/lib/request.d.ts' with Package ID 'aws-sdk/lib/request.d.ts@2.1693.0'. ========
======== Resolving module '../lib/response' from 'd:/DOPAMS/Toystack/dopams-backend-staging/node_modules/aws-sdk/clients/ivs.d.ts'. ========
Resolution for module '../lib/response' was found in cache from location 'd:/DOPAMS/Toystack/dopams-backend-staging/node_modules/aws-sdk/clients'.
======== Module name '../lib/response' was successfully resolved to 'd:/DOPAMS/Toystack/dopams-backend-staging/node_modules/aws-sdk/lib/response.d.ts' with Package ID 'aws-sdk/lib/response.d.ts@2.1693.0'. ========
======== Resolving module '../lib/error' from 'd:/DOPAMS/Toystack/dopams-backend-staging/node_modules/aws-sdk/clients/ivs.d.ts'. ========
Resolution for module '../lib/error' was found in cache from location 'd:/DOPAMS/Toystack/dopams-backend-staging/node_modules/aws-sdk/clients'.
======== Module name '../lib/error' was successfully resolved to 'd:/DOPAMS/Toystack/dopams-backend-staging/node_modules/aws-sdk/lib/error.d.ts' with Package ID 'aws-sdk/lib/error.d.ts@2.1693.0'. ========
======== Resolving module '../lib/service' from 'd:/DOPAMS/Toystack/dopams-backend-staging/node_modules/aws-sdk/clients/ivs.d.ts'. ========
Resolution for module '../lib/service' was found in cache from location 'd:/DOPAMS/Toystack/dopams-backend-staging/node_modules/aws-sdk/clients'.
======== Module name '../lib/service' was successfully resolved to 'd:/DOPAMS/Toystack/dopams-backend-staging/node_modules/aws-sdk/lib/service.d.ts' with Package ID 'aws-sdk/lib/service.d.ts@2.1693.0'. ========
======== Resolving module '../lib/config-base' from 'd:/DOPAMS/Toystack/dopams-backend-staging/node_modules/aws-sdk/clients/ivs.d.ts'. ========
Resolution for module '../lib/config-base' was found in cache from location 'd:/DOPAMS/Toystack/dopams-backend-staging/node_modules/aws-sdk/clients'.
======== Module name '../lib/config-base' was successfully resolved to 'd:/DOPAMS/Toystack/dopams-backend-staging/node_modules/aws-sdk/lib/config-base.d.ts' with Package ID 'aws-sdk/lib/config-base.d.ts@2.1693.0'. ========
File 'd:/DOPAMS/Toystack/dopams-backend-staging/node_modules/aws-sdk/clients/package.json' does not exist according to earlier cached lookups.
File 'd:/DOPAMS/Toystack/dopams-backend-staging/node_modules/aws-sdk/package.json' exists according to earlier cached lookups.
======== Resolving module '../lib/request' from 'd:/DOPAMS/Toystack/dopams-backend-staging/node_modules/aws-sdk/clients/braket.d.ts'. ========
Resolution for module '../lib/request' was found in cache from location 'd:/DOPAMS/Toystack/dopams-backend-staging/node_modules/aws-sdk/clients'.
======== Module name '../lib/request' was successfully resolved to 'd:/DOPAMS/Toystack/dopams-backend-staging/node_modules/aws-sdk/lib/request.d.ts' with Package ID 'aws-sdk/lib/request.d.ts@2.1693.0'. ========
======== Resolving module '../lib/response' from 'd:/DOPAMS/Toystack/dopams-backend-staging/node_modules/aws-sdk/clients/braket.d.ts'. ========
Resolution for module '../lib/response' was found in cache from location 'd:/DOPAMS/Toystack/dopams-backend-staging/node_modules/aws-sdk/clients'.
======== Module name '../lib/response' was successfully resolved to 'd:/DOPAMS/Toystack/dopams-backend-staging/node_modules/aws-sdk/lib/response.d.ts' with Package ID 'aws-sdk/lib/response.d.ts@2.1693.0'. ========
======== Resolving module '../lib/error' from 'd:/DOPAMS/Toystack/dopams-backend-staging/node_modules/aws-sdk/clients/braket.d.ts'. ========
Resolution for module '../lib/error' was found in cache from location 'd:/DOPAMS/Toystack/dopams-backend-staging/node_modules/aws-sdk/clients'.
======== Module name '../lib/error' was successfully resolved to 'd:/DOPAMS/Toystack/dopams-backend-staging/node_modules/aws-sdk/lib/error.d.ts' with Package ID 'aws-sdk/lib/error.d.ts@2.1693.0'. ========
======== Resolving module '../lib/service' from 'd:/DOPAMS/Toystack/dopams-backend-staging/node_modules/aws-sdk/clients/braket.d.ts'. ========
Resolution for module '../lib/service' was found in cache from location 'd:/DOPAMS/Toystack/dopams-backend-staging/node_modules/aws-sdk/clients'.
======== Module name '../lib/service' was successfully resolved to 'd:/DOPAMS/Toystack/dopams-backend-staging/node_modules/aws-sdk/lib/service.d.ts' with Package ID 'aws-sdk/lib/service.d.ts@2.1693.0'. ========
======== Resolving module '../lib/config-base' from 'd:/DOPAMS/Toystack/dopams-backend-staging/node_modules/aws-sdk/clients/braket.d.ts'. ========
Resolution for module '../lib/config-base' was found in cache from location 'd:/DOPAMS/Toystack/dopams-backend-staging/node_modules/aws-sdk/clients'.
======== Module name '../lib/config-base' was successfully resolved to 'd:/DOPAMS/Toystack/dopams-backend-staging/node_modules/aws-sdk/lib/config-base.d.ts' with Package ID 'aws-sdk/lib/config-base.d.ts@2.1693.0'. ========
File 'd:/DOPAMS/Toystack/dopams-backend-staging/node_modules/aws-sdk/clients/package.json' does not exist according to earlier cached lookups.
File 'd:/DOPAMS/Toystack/dopams-backend-staging/node_modules/aws-sdk/package.json' exists according to earlier cached lookups.
======== Resolving module '../lib/request' from 'd:/DOPAMS/Toystack/dopams-backend-staging/node_modules/aws-sdk/clients/identitystore.d.ts'. ========
Resolution for module '../lib/request' was found in cache from location 'd:/DOPAMS/Toystack/dopams-backend-staging/node_modules/aws-sdk/clients'.
======== Module name '../lib/request' was successfully resolved to 'd:/DOPAMS/Toystack/dopams-backend-staging/node_modules/aws-sdk/lib/request.d.ts' with Package ID 'aws-sdk/lib/request.d.ts@2.1693.0'. ========
======== Resolving module '../lib/response' from 'd:/DOPAMS/Toystack/dopams-backend-staging/node_modules/aws-sdk/clients/identitystore.d.ts'. ========
Resolution for module '../lib/response' was found in cache from location 'd:/DOPAMS/Toystack/dopams-backend-staging/node_modules/aws-sdk/clients'.
======== Module name '../lib/response' was successfully resolved to 'd:/DOPAMS/Toystack/dopams-backend-staging/node_modules/aws-sdk/lib/response.d.ts' with Package ID 'aws-sdk/lib/response.d.ts@2.1693.0'. ========
======== Resolving module '../lib/error' from 'd:/DOPAMS/Toystack/dopams-backend-staging/node_modules/aws-sdk/clients/identitystore.d.ts'. ========
Resolution for module '../lib/error' was found in cache from location 'd:/DOPAMS/Toystack/dopams-backend-staging/node_modules/aws-sdk/clients'.
======== Module name '../lib/error' was successfully resolved to 'd:/DOPAMS/Toystack/dopams-backend-staging/node_modules/aws-sdk/lib/error.d.ts' with Package ID 'aws-sdk/lib/error.d.ts@2.1693.0'. ========
======== Resolving module '../lib/service' from 'd:/DOPAMS/Toystack/dopams-backend-staging/node_modules/aws-sdk/clients/identitystore.d.ts'. ========
Resolution for module '../lib/service' was found in cache from location 'd:/DOPAMS/Toystack/dopams-backend-staging/node_modules/aws-sdk/clients'.
======== Module name '../lib/service' was successfully resolved to 'd:/DOPAMS/Toystack/dopams-backend-staging/node_modules/aws-sdk/lib/service.d.ts' with Package ID 'aws-sdk/lib/service.d.ts@2.1693.0'. ========
======== Resolving module '../lib/config-base' from 'd:/DOPAMS/Toystack/dopams-backend-staging/node_modules/aws-sdk/clients/identitystore.d.ts'. ========
Resolution for module '../lib/config-base' was found in cache from location 'd:/DOPAMS/Toystack/dopams-backend-staging/node_modules/aws-sdk/clients'.
======== Module name '../lib/config-base' was successfully resolved to 'd:/DOPAMS/Toystack/dopams-backend-staging/node_modules/aws-sdk/lib/config-base.d.ts' with Package ID 'aws-sdk/lib/config-base.d.ts@2.1693.0'. ========
File 'd:/DOPAMS/Toystack/dopams-backend-staging/node_modules/aws-sdk/clients/package.json' does not exist according to earlier cached lookups.
File 'd:/DOPAMS/Toystack/dopams-backend-staging/node_modules/aws-sdk/package.json' exists according to earlier cached lookups.
======== Resolving module '../lib/request' from 'd:/DOPAMS/Toystack/dopams-backend-staging/node_modules/aws-sdk/clients/appflow.d.ts'. ========
Resolution for module '../lib/request' was found in cache from location 'd:/DOPAMS/Toystack/dopams-backend-staging/node_modules/aws-sdk/clients'.
======== Module name '../lib/request' was successfully resolved to 'd:/DOPAMS/Toystack/dopams-backend-staging/node_modules/aws-sdk/lib/request.d.ts' with Package ID 'aws-sdk/lib/request.d.ts@2.1693.0'. ========
======== Resolving module '../lib/response' from 'd:/DOPAMS/Toystack/dopams-backend-staging/node_modules/aws-sdk/clients/appflow.d.ts'. ========
Resolution for module '../lib/response' was found in cache from location 'd:/DOPAMS/Toystack/dopams-backend-staging/node_modules/aws-sdk/clients'.
======== Module name '../lib/response' was successfully resolved to 'd:/DOPAMS/Toystack/dopams-backend-staging/node_modules/aws-sdk/lib/response.d.ts' with Package ID 'aws-sdk/lib/response.d.ts@2.1693.0'. ========
======== Resolving module '../lib/error' from 'd:/DOPAMS/Toystack/dopams-backend-staging/node_modules/aws-sdk/clients/appflow.d.ts'. ========
Resolution for module '../lib/error' was found in cache from location 'd:/DOPAMS/Toystack/dopams-backend-staging/node_modules/aws-sdk/clients'.
======== Module name '../lib/error' was successfully resolved to 'd:/DOPAMS/Toystack/dopams-backend-staging/node_modules/aws-sdk/lib/error.d.ts' with Package ID 'aws-sdk/lib/error.d.ts@2.1693.0'. ========
======== Resolving module '../lib/service' from 'd:/DOPAMS/Toystack/dopams-backend-staging/node_modules/aws-sdk/clients/appflow.d.ts'. ========
Resolution for module '../lib/service' was found in cache from location 'd:/DOPAMS/Toystack/dopams-backend-staging/node_modules/aws-sdk/clients'.
======== Module name '../lib/service' was successfully resolved to 'd:/DOPAMS/Toystack/dopams-backend-staging/node_modules/aws-sdk/lib/service.d.ts' with Package ID 'aws-sdk/lib/service.d.ts@2.1693.0'. ========
======== Resolving module '../lib/config-base' from 'd:/DOPAMS/Toystack/dopams-backend-staging/node_modules/aws-sdk/clients/appflow.d.ts'. ========
Resolution for module '../lib/config-base' was found in cache from location 'd:/DOPAMS/Toystack/dopams-backend-staging/node_modules/aws-sdk/clients'.
======== Module name '../lib/config-base' was successfully resolved to 'd:/DOPAMS/Toystack/dopams-backend-staging/node_modules/aws-sdk/lib/config-base.d.ts' with Package ID 'aws-sdk/lib/config-base.d.ts@2.1693.0'. ========
File 'd:/DOPAMS/Toystack/dopams-backend-staging/node_modules/aws-sdk/clients/package.json' does not exist according to earlier cached lookups.
File 'd:/DOPAMS/Toystack/dopams-backend-staging/node_modules/aws-sdk/package.json' exists according to earlier cached lookups.
======== Resolving module '../lib/request' from 'd:/DOPAMS/Toystack/dopams-backend-staging/node_modules/aws-sdk/clients/redshiftdata.d.ts'. ========
Resolution for module '../lib/request' was found in cache from location 'd:/DOPAMS/Toystack/dopams-backend-staging/node_modules/aws-sdk/clients'.
======== Module name '../lib/request' was successfully resolved to 'd:/DOPAMS/Toystack/dopams-backend-staging/node_modules/aws-sdk/lib/request.d.ts' with Package ID 'aws-sdk/lib/request.d.ts@2.1693.0'. ========
======== Resolving module '../lib/response' from 'd:/DOPAMS/Toystack/dopams-backend-staging/node_modules/aws-sdk/clients/redshiftdata.d.ts'. ========
Resolution for module '../lib/response' was found in cache from location 'd:/DOPAMS/Toystack/dopams-backend-staging/node_modules/aws-sdk/clients'.
======== Module name '../lib/response' was successfully resolved to 'd:/DOPAMS/Toystack/dopams-backend-staging/node_modules/aws-sdk/lib/response.d.ts' with Package ID 'aws-sdk/lib/response.d.ts@2.1693.0'. ========
======== Resolving module '../lib/error' from 'd:/DOPAMS/Toystack/dopams-backend-staging/node_modules/aws-sdk/clients/redshiftdata.d.ts'. ========
Resolution for module '../lib/error' was found in cache from location 'd:/DOPAMS/Toystack/dopams-backend-staging/node_modules/aws-sdk/clients'.
======== Module name '../lib/error' was successfully resolved to 'd:/DOPAMS/Toystack/dopams-backend-staging/node_modules/aws-sdk/lib/error.d.ts' with Package ID 'aws-sdk/lib/error.d.ts@2.1693.0'. ========
======== Resolving module '../lib/service' from 'd:/DOPAMS/Toystack/dopams-backend-staging/node_modules/aws-sdk/clients/redshiftdata.d.ts'. ========
Resolution for module '../lib/service' was found in cache from location 'd:/DOPAMS/Toystack/dopams-backend-staging/node_modules/aws-sdk/clients'.
======== Module name '../lib/service' was successfully resolved to 'd:/DOPAMS/Toystack/dopams-backend-staging/node_modules/aws-sdk/lib/service.d.ts' with Package ID 'aws-sdk/lib/service.d.ts@2.1693.0'. ========
======== Resolving module '../lib/config-base' from 'd:/DOPAMS/Toystack/dopams-backend-staging/node_modules/aws-sdk/clients/redshiftdata.d.ts'. ========
Resolution for module '../lib/config-base' was found in cache from location 'd:/DOPAMS/Toystack/dopams-backend-staging/node_modules/aws-sdk/clients'.
======== Module name '../lib/config-base' was successfully resolved to 'd:/DOPAMS/Toystack/dopams-backend-staging/node_modules/aws-sdk/lib/config-base.d.ts' with Package ID 'aws-sdk/lib/config-base.d.ts@2.1693.0'. ========
File 'd:/DOPAMS/Toystack/dopams-backend-staging/node_modules/aws-sdk/clients/package.json' does not exist according to earlier cached lookups.
File 'd:/DOPAMS/Toystack/dopams-backend-staging/node_modules/aws-sdk/package.json' exists according to earlier cached lookups.
======== Resolving module '../lib/request' from 'd:/DOPAMS/Toystack/dopams-backend-staging/node_modules/aws-sdk/clients/ssoadmin.d.ts'. ========
Resolution for module '../lib/request' was found in cache from location 'd:/DOPAMS/Toystack/dopams-backend-staging/node_modules/aws-sdk/clients'.
======== Module name '../lib/request' was successfully resolved to 'd:/DOPAMS/Toystack/dopams-backend-staging/node_modules/aws-sdk/lib/request.d.ts' with Package ID 'aws-sdk/lib/request.d.ts@2.1693.0'. ========
======== Resolving module '../lib/response' from 'd:/DOPAMS/Toystack/dopams-backend-staging/node_modules/aws-sdk/clients/ssoadmin.d.ts'. ========
Resolution for module '../lib/response' was found in cache from location 'd:/DOPAMS/Toystack/dopams-backend-staging/node_modules/aws-sdk/clients'.
======== Module name '../lib/response' was successfully resolved to 'd:/DOPAMS/Toystack/dopams-backend-staging/node_modules/aws-sdk/lib/response.d.ts' with Package ID 'aws-sdk/lib/response.d.ts@2.1693.0'. ========
======== Resolving module '../lib/error' from 'd:/DOPAMS/Toystack/dopams-backend-staging/node_modules/aws-sdk/clients/ssoadmin.d.ts'. ========
Resolution for module '../lib/error' was found in cache from location 'd:/DOPAMS/Toystack/dopams-backend-staging/node_modules/aws-sdk/clients'.
======== Module name '../lib/error' was successfully resolved to 'd:/DOPAMS/Toystack/dopams-backend-staging/node_modules/aws-sdk/lib/error.d.ts' with Package ID 'aws-sdk/lib/error.d.ts@2.1693.0'. ========
======== Resolving module '../lib/service' from 'd:/DOPAMS/Toystack/dopams-backend-staging/node_modules/aws-sdk/clients/ssoadmin.d.ts'. ========
Resolution for module '../lib/service' was found in cache from location 'd:/DOPAMS/Toystack/dopams-backend-staging/node_modules/aws-sdk/clients'.
======== Module name '../lib/service' was successfully resolved to 'd:/DOPAMS/Toystack/dopams-backend-staging/node_modules/aws-sdk/lib/service.d.ts' with Package ID 'aws-sdk/lib/service.d.ts@2.1693.0'. ========
======== Resolving module '../lib/config-base' from 'd:/DOPAMS/Toystack/dopams-backend-staging/node_modules/aws-sdk/clients/ssoadmin.d.ts'. ========
Resolution for module '../lib/config-base' was found in cache from location 'd:/DOPAMS/Toystack/dopams-backend-staging/node_modules/aws-sdk/clients'.
======== Module name '../lib/config-base' was successfully resolved to 'd:/DOPAMS/Toystack/dopams-backend-staging/node_modules/aws-sdk/lib/config-base.d.ts' with Package ID 'aws-sdk/lib/config-base.d.ts@2.1693.0'. ========
File 'd:/DOPAMS/Toystack/dopams-backend-staging/node_modules/aws-sdk/clients/package.json' does not exist according to earlier cached lookups.
File 'd:/DOPAMS/Toystack/dopams-backend-staging/node_modules/aws-sdk/package.json' exists according to earlier cached lookups.
======== Resolving module '../lib/request' from 'd:/DOPAMS/Toystack/dopams-backend-staging/node_modules/aws-sdk/clients/timestreamquery.d.ts'. ========
Resolution for module '../lib/request' was found in cache from location 'd:/DOPAMS/Toystack/dopams-backend-staging/node_modules/aws-sdk/clients'.
======== Module name '../lib/request' was successfully resolved to 'd:/DOPAMS/Toystack/dopams-backend-staging/node_modules/aws-sdk/lib/request.d.ts' with Package ID 'aws-sdk/lib/request.d.ts@2.1693.0'. ========
======== Resolving module '../lib/response' from 'd:/DOPAMS/Toystack/dopams-backend-staging/node_modules/aws-sdk/clients/timestreamquery.d.ts'. ========
Resolution for module '../lib/response' was found in cache from location 'd:/DOPAMS/Toystack/dopams-backend-staging/node_modules/aws-sdk/clients'.
======== Module name '../lib/response' was successfully resolved to 'd:/DOPAMS/Toystack/dopams-backend-staging/node_modules/aws-sdk/lib/response.d.ts' with Package ID 'aws-sdk/lib/response.d.ts@2.1693.0'. ========
======== Resolving module '../lib/error' from 'd:/DOPAMS/Toystack/dopams-backend-staging/node_modules/aws-sdk/clients/timestreamquery.d.ts'. ========
Resolution for module '../lib/error' was found in cache from location 'd:/DOPAMS/Toystack/dopams-backend-staging/node_modules/aws-sdk/clients'.
======== Module name '../lib/error' was successfully resolved to 'd:/DOPAMS/Toystack/dopams-backend-staging/node_modules/aws-sdk/lib/error.d.ts' with Package ID 'aws-sdk/lib/error.d.ts@2.1693.0'. ========
======== Resolving module '../lib/service' from 'd:/DOPAMS/Toystack/dopams-backend-staging/node_modules/aws-sdk/clients/timestreamquery.d.ts'. ========
Resolution for module '../lib/service' was found in cache from location 'd:/DOPAMS/Toystack/dopams-backend-staging/node_modules/aws-sdk/clients'.
======== Module name '../lib/service' was successfully resolved to 'd:/DOPAMS/Toystack/dopams-backend-staging/node_modules/aws-sdk/lib/service.d.ts' with Package ID 'aws-sdk/lib/service.d.ts@2.1693.0'. ========
======== Resolving module '../lib/config-base' from 'd:/DOPAMS/Toystack/dopams-backend-staging/node_modules/aws-sdk/clients/timestreamquery.d.ts'. ========
Resolution for module '../lib/config-base' was found in cache from location 'd:/DOPAMS/Toystack/dopams-backend-staging/node_modules/aws-sdk/clients'.
======== Module name '../lib/config-base' was successfully resolved to 'd:/DOPAMS/Toystack/dopams-backend-staging/node_modules/aws-sdk/lib/config-base.d.ts' with Package ID 'aws-sdk/lib/config-base.d.ts@2.1693.0'. ========
File 'd:/DOPAMS/Toystack/dopams-backend-staging/node_modules/aws-sdk/clients/package.json' does not exist according to earlier cached lookups.
File 'd:/DOPAMS/Toystack/dopams-backend-staging/node_modules/aws-sdk/package.json' exists according to earlier cached lookups.
======== Resolving module '../lib/request' from 'd:/DOPAMS/Toystack/dopams-backend-staging/node_modules/aws-sdk/clients/timestreamwrite.d.ts'. ========
Resolution for module '../lib/request' was found in cache from location 'd:/DOPAMS/Toystack/dopams-backend-staging/node_modules/aws-sdk/clients'.
======== Module name '../lib/request' was successfully resolved to 'd:/DOPAMS/Toystack/dopams-backend-staging/node_modules/aws-sdk/lib/request.d.ts' with Package ID 'aws-sdk/lib/request.d.ts@2.1693.0'. ========
======== Resolving module '../lib/response' from 'd:/DOPAMS/Toystack/dopams-backend-staging/node_modules/aws-sdk/clients/timestreamwrite.d.ts'. ========
Resolution for module '../lib/response' was found in cache from location 'd:/DOPAMS/Toystack/dopams-backend-staging/node_modules/aws-sdk/clients'.
======== Module name '../lib/response' was successfully resolved to 'd:/DOPAMS/Toystack/dopams-backend-staging/node_modules/aws-sdk/lib/response.d.ts' with Package ID 'aws-sdk/lib/response.d.ts@2.1693.0'. ========
======== Resolving module '../lib/error' from 'd:/DOPAMS/Toystack/dopams-backend-staging/node_modules/aws-sdk/clients/timestreamwrite.d.ts'. ========
Resolution for module '../lib/error' was found in cache from location 'd:/DOPAMS/Toystack/dopams-backend-staging/node_modules/aws-sdk/clients'.
======== Module name '../lib/error' was successfully resolved to 'd:/DOPAMS/Toystack/dopams-backend-staging/node_modules/aws-sdk/lib/error.d.ts' with Package ID 'aws-sdk/lib/error.d.ts@2.1693.0'. ========
======== Resolving module '../lib/service' from 'd:/DOPAMS/Toystack/dopams-backend-staging/node_modules/aws-sdk/clients/timestreamwrite.d.ts'. ========
Resolution for module '../lib/service' was found in cache from location 'd:/DOPAMS/Toystack/dopams-backend-staging/node_modules/aws-sdk/clients'.
======== Module name '../lib/service' was successfully resolved to 'd:/DOPAMS/Toystack/dopams-backend-staging/node_modules/aws-sdk/lib/service.d.ts' with Package ID 'aws-sdk/lib/service.d.ts@2.1693.0'. ========
======== Resolving module '../lib/config-base' from 'd:/DOPAMS/Toystack/dopams-backend-staging/node_modules/aws-sdk/clients/timestreamwrite.d.ts'. ========
Resolution for module '../lib/config-base' was found in cache from location 'd:/DOPAMS/Toystack/dopams-backend-staging/node_modules/aws-sdk/clients'.
======== Module name '../lib/config-base' was successfully resolved to 'd:/DOPAMS/Toystack/dopams-backend-staging/node_modules/aws-sdk/lib/config-base.d.ts' with Package ID 'aws-sdk/lib/config-base.d.ts@2.1693.0'. ========
File 'd:/DOPAMS/Toystack/dopams-backend-staging/node_modules/aws-sdk/clients/package.json' does not exist according to earlier cached lookups.
File 'd:/DOPAMS/Toystack/dopams-backend-staging/node_modules/aws-sdk/package.json' exists according to earlier cached lookups.
======== Resolving module '../lib/request' from 'd:/DOPAMS/Toystack/dopams-backend-staging/node_modules/aws-sdk/clients/s3outposts.d.ts'. ========
Resolution for module '../lib/request' was found in cache from location 'd:/DOPAMS/Toystack/dopams-backend-staging/node_modules/aws-sdk/clients'.
======== Module name '../lib/request' was successfully resolved to 'd:/DOPAMS/Toystack/dopams-backend-staging/node_modules/aws-sdk/lib/request.d.ts' with Package ID 'aws-sdk/lib/request.d.ts@2.1693.0'. ========
======== Resolving module '../lib/response' from 'd:/DOPAMS/Toystack/dopams-backend-staging/node_modules/aws-sdk/clients/s3outposts.d.ts'. ========
Resolution for module '../lib/response' was found in cache from location 'd:/DOPAMS/Toystack/dopams-backend-staging/node_modules/aws-sdk/clients'.
======== Module name '../lib/response' was successfully resolved to 'd:/DOPAMS/Toystack/dopams-backend-staging/node_modules/aws-sdk/lib/response.d.ts' with Package ID 'aws-sdk/lib/response.d.ts@2.1693.0'. ========
======== Resolving module '../lib/error' from 'd:/DOPAMS/Toystack/dopams-backend-staging/node_modules/aws-sdk/clients/s3outposts.d.ts'. ========
Resolution for module '../lib/error' was found in cache from location 'd:/DOPAMS/Toystack/dopams-backend-staging/node_modules/aws-sdk/clients'.
======== Module name '../lib/error' was successfully resolved to 'd:/DOPAMS/Toystack/dopams-backend-staging/node_modules/aws-sdk/lib/error.d.ts' with Package ID 'aws-sdk/lib/error.d.ts@2.1693.0'. ========
======== Resolving module '../lib/service' from 'd:/DOPAMS/Toystack/dopams-backend-staging/node_modules/aws-sdk/clients/s3outposts.d.ts'. ========
Resolution for module '../lib/service' was found in cache from location 'd:/DOPAMS/Toystack/dopams-backend-staging/node_modules/aws-sdk/clients'.
======== Module name '../lib/service' was successfully resolved to 'd:/DOPAMS/Toystack/dopams-backend-staging/node_modules/aws-sdk/lib/service.d.ts' with Package ID 'aws-sdk/lib/service.d.ts@2.1693.0'. ========
======== Resolving module '../lib/config-base' from 'd:/DOPAMS/Toystack/dopams-backend-staging/node_modules/aws-sdk/clients/s3outposts.d.ts'. ========
Resolution for module '../lib/config-base' was found in cache from location 'd:/DOPAMS/Toystack/dopams-backend-staging/node_modules/aws-sdk/clients'.
======== Module name '../lib/config-base' was successfully resolved to 'd:/DOPAMS/Toystack/dopams-backend-staging/node_modules/aws-sdk/lib/config-base.d.ts' with Package ID 'aws-sdk/lib/config-base.d.ts@2.1693.0'. ========
File 'd:/DOPAMS/Toystack/dopams-backend-staging/node_modules/aws-sdk/clients/package.json' does not exist according to earlier cached lookups.
File 'd:/DOPAMS/Toystack/dopams-backend-staging/node_modules/aws-sdk/package.json' exists according to earlier cached lookups.
======== Resolving module '../lib/request' from 'd:/DOPAMS/Toystack/dopams-backend-staging/node_modules/aws-sdk/clients/databrew.d.ts'. ========
Resolution for module '../lib/request' was found in cache from location 'd:/DOPAMS/Toystack/dopams-backend-staging/node_modules/aws-sdk/clients'.
======== Module name '../lib/request' was successfully resolved to 'd:/DOPAMS/Toystack/dopams-backend-staging/node_modules/aws-sdk/lib/request.d.ts' with Package ID 'aws-sdk/lib/request.d.ts@2.1693.0'. ========
======== Resolving module '../lib/response' from 'd:/DOPAMS/Toystack/dopams-backend-staging/node_modules/aws-sdk/clients/databrew.d.ts'. ========
Resolution for module '../lib/response' was found in cache from location 'd:/DOPAMS/Toystack/dopams-backend-staging/node_modules/aws-sdk/clients'.
======== Module name '../lib/response' was successfully resolved to 'd:/DOPAMS/Toystack/dopams-backend-staging/node_modules/aws-sdk/lib/response.d.ts' with Package ID 'aws-sdk/lib/response.d.ts@2.1693.0'. ========
======== Resolving module '../lib/error' from 'd:/DOPAMS/Toystack/dopams-backend-staging/node_modules/aws-sdk/clients/databrew.d.ts'. ========
Resolution for module '../lib/error' was found in cache from location 'd:/DOPAMS/Toystack/dopams-backend-staging/node_modules/aws-sdk/clients'.
======== Module name '../lib/error' was successfully resolved to 'd:/DOPAMS/Toystack/dopams-backend-staging/node_modules/aws-sdk/lib/error.d.ts' with Package ID 'aws-sdk/lib/error.d.ts@2.1693.0'. ========
======== Resolving module '../lib/service' from 'd:/DOPAMS/Toystack/dopams-backend-staging/node_modules/aws-sdk/clients/databrew.d.ts'. ========
Resolution for module '../lib/service' was found in cache from location 'd:/DOPAMS/Toystack/dopams-backend-staging/node_modules/aws-sdk/clients'.
======== Module name '../lib/service' was successfully resolved to 'd:/DOPAMS/Toystack/dopams-backend-staging/node_modules/aws-sdk/lib/service.d.ts' with Package ID 'aws-sdk/lib/service.d.ts@2.1693.0'. ========
======== Resolving module '../lib/config-base' from 'd:/DOPAMS/Toystack/dopams-backend-staging/node_modules/aws-sdk/clients/databrew.d.ts'. ========
Resolution for module '../lib/config-base' was found in cache from location 'd:/DOPAMS/Toystack/dopams-backend-staging/node_modules/aws-sdk/clients'.
======== Module name '../lib/config-base' was successfully resolved to 'd:/DOPAMS/Toystack/dopams-backend-staging/node_modules/aws-sdk/lib/config-base.d.ts' with Package ID 'aws-sdk/lib/config-base.d.ts@2.1693.0'. ========
File 'd:/DOPAMS/Toystack/dopams-backend-staging/node_modules/aws-sdk/clients/package.json' does not exist according to earlier cached lookups.
File 'd:/DOPAMS/Toystack/dopams-backend-staging/node_modules/aws-sdk/package.json' exists according to earlier cached lookups.
======== Resolving module '../lib/request' from 'd:/DOPAMS/Toystack/dopams-backend-staging/node_modules/aws-sdk/clients/servicecatalogappregistry.d.ts'. ========
Resolution for module '../lib/request' was found in cache from location 'd:/DOPAMS/Toystack/dopams-backend-staging/node_modules/aws-sdk/clients'.
======== Module name '../lib/request' was successfully resolved to 'd:/DOPAMS/Toystack/dopams-backend-staging/node_modules/aws-sdk/lib/request.d.ts' with Package ID 'aws-sdk/lib/request.d.ts@2.1693.0'. ========
======== Resolving module '../lib/response' from 'd:/DOPAMS/Toystack/dopams-backend-staging/node_modules/aws-sdk/clients/servicecatalogappregistry.d.ts'. ========
Resolution for module '../lib/response' was found in cache from location 'd:/DOPAMS/Toystack/dopams-backend-staging/node_modules/aws-sdk/clients'.
======== Module name '../lib/response' was successfully resolved to 'd:/DOPAMS/Toystack/dopams-backend-staging/node_modules/aws-sdk/lib/response.d.ts' with Package ID 'aws-sdk/lib/response.d.ts@2.1693.0'. ========
======== Resolving module '../lib/error' from 'd:/DOPAMS/Toystack/dopams-backend-staging/node_modules/aws-sdk/clients/servicecatalogappregistry.d.ts'. ========
Resolution for module '../lib/error' was found in cache from location 'd:/DOPAMS/Toystack/dopams-backend-staging/node_modules/aws-sdk/clients'.
======== Module name '../lib/error' was successfully resolved to 'd:/DOPAMS/Toystack/dopams-backend-staging/node_modules/aws-sdk/lib/error.d.ts' with Package ID 'aws-sdk/lib/error.d.ts@2.1693.0'. ========
======== Resolving module '../lib/service' from 'd:/DOPAMS/Toystack/dopams-backend-staging/node_modules/aws-sdk/clients/servicecatalogappregistry.d.ts'. ========
Resolution for module '../lib/service' was found in cache from location 'd:/DOPAMS/Toystack/dopams-backend-staging/node_modules/aws-sdk/clients'.
======== Module name '../lib/service' was successfully resolved to 'd:/DOPAMS/Toystack/dopams-backend-staging/node_modules/aws-sdk/lib/service.d.ts' with Package ID 'aws-sdk/lib/service.d.ts@2.1693.0'. ========
======== Resolving module '../lib/config-base' from 'd:/DOPAMS/Toystack/dopams-backend-staging/node_modules/aws-sdk/clients/servicecatalogappregistry.d.ts'. ========
Resolution for module '../lib/config-base' was found in cache from location 'd:/DOPAMS/Toystack/dopams-backend-staging/node_modules/aws-sdk/clients'.
======== Module name '../lib/config-base' was successfully resolved to 'd:/DOPAMS/Toystack/dopams-backend-staging/node_modules/aws-sdk/lib/config-base.d.ts' with Package ID 'aws-sdk/lib/config-base.d.ts@2.1693.0'. ========
File 'd:/DOPAMS/Toystack/dopams-backend-staging/node_modules/aws-sdk/clients/package.json' does not exist according to earlier cached lookups.
File 'd:/DOPAMS/Toystack/dopams-backend-staging/node_modules/aws-sdk/package.json' exists according to earlier cached lookups.
======== Resolving module '../lib/request' from 'd:/DOPAMS/Toystack/dopams-backend-staging/node_modules/aws-sdk/clients/networkfirewall.d.ts'. ========
Resolution for module '../lib/request' was found in cache from location 'd:/DOPAMS/Toystack/dopams-backend-staging/node_modules/aws-sdk/clients'.
======== Module name '../lib/request' was successfully resolved to 'd:/DOPAMS/Toystack/dopams-backend-staging/node_modules/aws-sdk/lib/request.d.ts' with Package ID 'aws-sdk/lib/request.d.ts@2.1693.0'. ========
======== Resolving module '../lib/response' from 'd:/DOPAMS/Toystack/dopams-backend-staging/node_modules/aws-sdk/clients/networkfirewall.d.ts'. ========
Resolution for module '../lib/response' was found in cache from location 'd:/DOPAMS/Toystack/dopams-backend-staging/node_modules/aws-sdk/clients'.
======== Module name '../lib/response' was successfully resolved to 'd:/DOPAMS/Toystack/dopams-backend-staging/node_modules/aws-sdk/lib/response.d.ts' with Package ID 'aws-sdk/lib/response.d.ts@2.1693.0'. ========
======== Resolving module '../lib/error' from 'd:/DOPAMS/Toystack/dopams-backend-staging/node_modules/aws-sdk/clients/networkfirewall.d.ts'. ========
Resolution for module '../lib/error' was found in cache from location 'd:/DOPAMS/Toystack/dopams-backend-staging/node_modules/aws-sdk/clients'.
======== Module name '../lib/error' was successfully resolved to 'd:/DOPAMS/Toystack/dopams-backend-staging/node_modules/aws-sdk/lib/error.d.ts' with Package ID 'aws-sdk/lib/error.d.ts@2.1693.0'. ========
======== Resolving module '../lib/service' from 'd:/DOPAMS/Toystack/dopams-backend-staging/node_modules/aws-sdk/clients/networkfirewall.d.ts'. ========
Resolution for module '../lib/service' was found in cache from location 'd:/DOPAMS/Toystack/dopams-backend-staging/node_modules/aws-sdk/clients'.
======== Module name '../lib/service' was successfully resolved to 'd:/DOPAMS/Toystack/dopams-backend-staging/node_modules/aws-sdk/lib/service.d.ts' with Package ID 'aws-sdk/lib/service.d.ts@2.1693.0'. ========
======== Resolving module '../lib/config-base' from 'd:/DOPAMS/Toystack/dopams-backend-staging/node_modules/aws-sdk/clients/networkfirewall.d.ts'. ========
Resolution for module '../lib/config-base' was found in cache from location 'd:/DOPAMS/Toystack/dopams-backend-staging/node_modules/aws-sdk/clients'.
======== Module name '../lib/config-base' was successfully resolved to 'd:/DOPAMS/Toystack/dopams-backend-staging/node_modules/aws-sdk/lib/config-base.d.ts' with Package ID 'aws-sdk/lib/config-base.d.ts@2.1693.0'. ========
File 'd:/DOPAMS/Toystack/dopams-backend-staging/node_modules/aws-sdk/clients/package.json' does not exist according to earlier cached lookups.
File 'd:/DOPAMS/Toystack/dopams-backend-staging/node_modules/aws-sdk/package.json' exists according to earlier cached lookups.
======== Resolving module '../lib/request' from 'd:/DOPAMS/Toystack/dopams-backend-staging/node_modules/aws-sdk/clients/mwaa.d.ts'. ========
Resolution for module '../lib/request' was found in cache from location 'd:/DOPAMS/Toystack/dopams-backend-staging/node_modules/aws-sdk/clients'.
======== Module name '../lib/request' was successfully resolved to 'd:/DOPAMS/Toystack/dopams-backend-staging/node_modules/aws-sdk/lib/request.d.ts' with Package ID 'aws-sdk/lib/request.d.ts@2.1693.0'. ========
======== Resolving module '../lib/response' from 'd:/DOPAMS/Toystack/dopams-backend-staging/node_modules/aws-sdk/clients/mwaa.d.ts'. ========
Resolution for module '../lib/response' was found in cache from location 'd:/DOPAMS/Toystack/dopams-backend-staging/node_modules/aws-sdk/clients'.
======== Module name '../lib/response' was successfully resolved to 'd:/DOPAMS/Toystack/dopams-backend-staging/node_modules/aws-sdk/lib/response.d.ts' with Package ID 'aws-sdk/lib/response.d.ts@2.1693.0'. ========
======== Resolving module '../lib/error' from 'd:/DOPAMS/Toystack/dopams-backend-staging/node_modules/aws-sdk/clients/mwaa.d.ts'. ========
Resolution for module '../lib/error' was found in cache from location 'd:/DOPAMS/Toystack/dopams-backend-staging/node_modules/aws-sdk/clients'.
======== Module name '../lib/error' was successfully resolved to 'd:/DOPAMS/Toystack/dopams-backend-staging/node_modules/aws-sdk/lib/error.d.ts' with Package ID 'aws-sdk/lib/error.d.ts@2.1693.0'. ========
======== Resolving module '../lib/service' from 'd:/DOPAMS/Toystack/dopams-backend-staging/node_modules/aws-sdk/clients/mwaa.d.ts'. ========
Resolution for module '../lib/service' was found in cache from location 'd:/DOPAMS/Toystack/dopams-backend-staging/node_modules/aws-sdk/clients'.
======== Module name '../lib/service' was successfully resolved to 'd:/DOPAMS/Toystack/dopams-backend-staging/node_modules/aws-sdk/lib/service.d.ts' with Package ID 'aws-sdk/lib/service.d.ts@2.1693.0'. ========
======== Resolving module '../lib/config-base' from 'd:/DOPAMS/Toystack/dopams-backend-staging/node_modules/aws-sdk/clients/mwaa.d.ts'. ========
Resolution for module '../lib/config-base' was found in cache from location 'd:/DOPAMS/Toystack/dopams-backend-staging/node_modules/aws-sdk/clients'.
======== Module name '../lib/config-base' was successfully resolved to 'd:/DOPAMS/Toystack/dopams-backend-staging/node_modules/aws-sdk/lib/config-base.d.ts' with Package ID 'aws-sdk/lib/config-base.d.ts@2.1693.0'. ========
File 'd:/DOPAMS/Toystack/dopams-backend-staging/node_modules/aws-sdk/clients/package.json' does not exist according to earlier cached lookups.
File 'd:/DOPAMS/Toystack/dopams-backend-staging/node_modules/aws-sdk/package.json' exists according to earlier cached lookups.
======== Resolving module '../lib/request' from 'd:/DOPAMS/Toystack/dopams-backend-staging/node_modules/aws-sdk/clients/amplifybackend.d.ts'. ========
Resolution for module '../lib/request' was found in cache from location 'd:/DOPAMS/Toystack/dopams-backend-staging/node_modules/aws-sdk/clients'.
======== Module name '../lib/request' was successfully resolved to 'd:/DOPAMS/Toystack/dopams-backend-staging/node_modules/aws-sdk/lib/request.d.ts' with Package ID 'aws-sdk/lib/request.d.ts@2.1693.0'. ========
======== Resolving module '../lib/response' from 'd:/DOPAMS/Toystack/dopams-backend-staging/node_modules/aws-sdk/clients/amplifybackend.d.ts'. ========
Resolution for module '../lib/response' was found in cache from location 'd:/DOPAMS/Toystack/dopams-backend-staging/node_modules/aws-sdk/clients'.
======== Module name '../lib/response' was successfully resolved to 'd:/DOPAMS/Toystack/dopams-backend-staging/node_modules/aws-sdk/lib/response.d.ts' with Package ID 'aws-sdk/lib/response.d.ts@2.1693.0'. ========
======== Resolving module '../lib/error' from 'd:/DOPAMS/Toystack/dopams-backend-staging/node_modules/aws-sdk/clients/amplifybackend.d.ts'. ========
Resolution for module '../lib/error' was found in cache from location 'd:/DOPAMS/Toystack/dopams-backend-staging/node_modules/aws-sdk/clients'.
======== Module name '../lib/error' was successfully resolved to 'd:/DOPAMS/Toystack/dopams-backend-staging/node_modules/aws-sdk/lib/error.d.ts' with Package ID 'aws-sdk/lib/error.d.ts@2.1693.0'. ========
======== Resolving module '../lib/service' from 'd:/DOPAMS/Toystack/dopams-backend-staging/node_modules/aws-sdk/clients/amplifybackend.d.ts'. ========
Resolution for module '../lib/service' was found in cache from location 'd:/DOPAMS/Toystack/dopams-backend-staging/node_modules/aws-sdk/clients'.
======== Module name '../lib/service' was successfully resolved to 'd:/DOPAMS/Toystack/dopams-backend-staging/node_modules/aws-sdk/lib/service.d.ts' with Package ID 'aws-sdk/lib/service.d.ts@2.1693.0'. ========
======== Resolving module '../lib/config-base' from 'd:/DOPAMS/Toystack/dopams-backend-staging/node_modules/aws-sdk/clients/amplifybackend.d.ts'. ========
Resolution for module '../lib/config-base' was found in cache from location 'd:/DOPAMS/Toystack/dopams-backend-staging/node_modules/aws-sdk/clients'.
======== Module name '../lib/config-base' was successfully resolved to 'd:/DOPAMS/Toystack/dopams-backend-staging/node_modules/aws-sdk/lib/config-base.d.ts' with Package ID 'aws-sdk/lib/config-base.d.ts@2.1693.0'. ========
File 'd:/DOPAMS/Toystack/dopams-backend-staging/node_modules/aws-sdk/clients/package.json' does not exist according to earlier cached lookups.
File 'd:/DOPAMS/Toystack/dopams-backend-staging/node_modules/aws-sdk/package.json' exists according to earlier cached lookups.
======== Resolving module '../lib/request' from 'd:/DOPAMS/Toystack/dopams-backend-staging/node_modules/aws-sdk/clients/appintegrations.d.ts'. ========
Resolution for module '../lib/request' was found in cache from location 'd:/DOPAMS/Toystack/dopams-backend-staging/node_modules/aws-sdk/clients'.
======== Module name '../lib/request' was successfully resolved to 'd:/DOPAMS/Toystack/dopams-backend-staging/node_modules/aws-sdk/lib/request.d.ts' with Package ID 'aws-sdk/lib/request.d.ts@2.1693.0'. ========
======== Resolving module '../lib/response' from 'd:/DOPAMS/Toystack/dopams-backend-staging/node_modules/aws-sdk/clients/appintegrations.d.ts'. ========
Resolution for module '../lib/response' was found in cache from location 'd:/DOPAMS/Toystack/dopams-backend-staging/node_modules/aws-sdk/clients'.
======== Module name '../lib/response' was successfully resolved to 'd:/DOPAMS/Toystack/dopams-backend-staging/node_modules/aws-sdk/lib/response.d.ts' with Package ID 'aws-sdk/lib/response.d.ts@2.1693.0'. ========
======== Resolving module '../lib/error' from 'd:/DOPAMS/Toystack/dopams-backend-staging/node_modules/aws-sdk/clients/appintegrations.d.ts'. ========
Resolution for module '../lib/error' was found in cache from location 'd:/DOPAMS/Toystack/dopams-backend-staging/node_modules/aws-sdk/clients'.
======== Module name '../lib/error' was successfully resolved to 'd:/DOPAMS/Toystack/dopams-backend-staging/node_modules/aws-sdk/lib/error.d.ts' with Package ID 'aws-sdk/lib/error.d.ts@2.1693.0'. ========
======== Resolving module '../lib/service' from 'd:/DOPAMS/Toystack/dopams-backend-staging/node_modules/aws-sdk/clients/appintegrations.d.ts'. ========
Resolution for module '../lib/service' was found in cache from location 'd:/DOPAMS/Toystack/dopams-backend-staging/node_modules/aws-sdk/clients'.
======== Module name '../lib/service' was successfully resolved to 'd:/DOPAMS/Toystack/dopams-backend-staging/node_modules/aws-sdk/lib/service.d.ts' with Package ID 'aws-sdk/lib/service.d.ts@2.1693.0'. ========
======== Resolving module '../lib/config-base' from 'd:/DOPAMS/Toystack/dopams-backend-staging/node_modules/aws-sdk/clients/appintegrations.d.ts'. ========
Resolution for module '../lib/config-base' was found in cache from location 'd:/DOPAMS/Toystack/dopams-backend-staging/node_modules/aws-sdk/clients'.
======== Module name '../lib/config-base' was successfully resolved to 'd:/DOPAMS/Toystack/dopams-backend-staging/node_modules/aws-sdk/lib/config-base.d.ts' with Package ID 'aws-sdk/lib/config-base.d.ts@2.1693.0'. ========
File 'd:/DOPAMS/Toystack/dopams-backend-staging/node_modules/aws-sdk/clients/package.json' does not exist according to earlier cached lookups.
File 'd:/DOPAMS/Toystack/dopams-backend-staging/node_modules/aws-sdk/package.json' exists according to earlier cached lookups.
======== Resolving module '../lib/request' from 'd:/DOPAMS/Toystack/dopams-backend-staging/node_modules/aws-sdk/clients/connectcontactlens.d.ts'. ========
Resolution for module '../lib/request' was found in cache from location 'd:/DOPAMS/Toystack/dopams-backend-staging/node_modules/aws-sdk/clients'.
======== Module name '../lib/request' was successfully resolved to 'd:/DOPAMS/Toystack/dopams-backend-staging/node_modules/aws-sdk/lib/request.d.ts' with Package ID 'aws-sdk/lib/request.d.ts@2.1693.0'. ========
======== Resolving module '../lib/response' from 'd:/DOPAMS/Toystack/dopams-backend-staging/node_modules/aws-sdk/clients/connectcontactlens.d.ts'. ========
Resolution for module '../lib/response' was found in cache from location 'd:/DOPAMS/Toystack/dopams-backend-staging/node_modules/aws-sdk/clients'.
======== Module name '../lib/response' was successfully resolved to 'd:/DOPAMS/Toystack/dopams-backend-staging/node_modules/aws-sdk/lib/response.d.ts' with Package ID 'aws-sdk/lib/response.d.ts@2.1693.0'. ========
======== Resolving module '../lib/error' from 'd:/DOPAMS/Toystack/dopams-backend-staging/node_modules/aws-sdk/clients/connectcontactlens.d.ts'. ========
Resolution for module '../lib/error' was found in cache from location 'd:/DOPAMS/Toystack/dopams-backend-staging/node_modules/aws-sdk/clients'.
======== Module name '../lib/error' was successfully resolved to 'd:/DOPAMS/Toystack/dopams-backend-staging/node_modules/aws-sdk/lib/error.d.ts' with Package ID 'aws-sdk/lib/error.d.ts@2.1693.0'. ========
======== Resolving module '../lib/service' from 'd:/DOPAMS/Toystack/dopams-backend-staging/node_modules/aws-sdk/clients/connectcontactlens.d.ts'. ========
Resolution for module '../lib/service' was found in cache from location 'd:/DOPAMS/Toystack/dopams-backend-staging/node_modules/aws-sdk/clients'.
======== Module name '../lib/service' was successfully resolved to 'd:/DOPAMS/Toystack/dopams-backend-staging/node_modules/aws-sdk/lib/service.d.ts' with Package ID 'aws-sdk/lib/service.d.ts@2.1693.0'. ========
======== Resolving module '../lib/config-base' from 'd:/DOPAMS/Toystack/dopams-backend-staging/node_modules/aws-sdk/clients/connectcontactlens.d.ts'. ========
Resolution for module '../lib/config-base' was found in cache from location 'd:/DOPAMS/Toystack/dopams-backend-staging/node_modules/aws-sdk/clients'.
======== Module name '../lib/config-base' was successfully resolved to 'd:/DOPAMS/Toystack/dopams-backend-staging/node_modules/aws-sdk/lib/config-base.d.ts' with Package ID 'aws-sdk/lib/config-base.d.ts@2.1693.0'. ========
File 'd:/DOPAMS/Toystack/dopams-backend-staging/node_modules/aws-sdk/clients/package.json' does not exist according to earlier cached lookups.
File 'd:/DOPAMS/Toystack/dopams-backend-staging/node_modules/aws-sdk/package.json' exists according to earlier cached lookups.
======== Resolving module '../lib/request' from 'd:/DOPAMS/Toystack/dopams-backend-staging/node_modules/aws-sdk/clients/devopsguru.d.ts'. ========
Resolution for module '../lib/request' was found in cache from location 'd:/DOPAMS/Toystack/dopams-backend-staging/node_modules/aws-sdk/clients'.
======== Module name '../lib/request' was successfully resolved to 'd:/DOPAMS/Toystack/dopams-backend-staging/node_modules/aws-sdk/lib/request.d.ts' with Package ID 'aws-sdk/lib/request.d.ts@2.1693.0'. ========
======== Resolving module '../lib/response' from 'd:/DOPAMS/Toystack/dopams-backend-staging/node_modules/aws-sdk/clients/devopsguru.d.ts'. ========
Resolution for module '../lib/response' was found in cache from location 'd:/DOPAMS/Toystack/dopams-backend-staging/node_modules/aws-sdk/clients'.
======== Module name '../lib/response' was successfully resolved to 'd:/DOPAMS/Toystack/dopams-backend-staging/node_modules/aws-sdk/lib/response.d.ts' with Package ID 'aws-sdk/lib/response.d.ts@2.1693.0'. ========
======== Resolving module '../lib/error' from 'd:/DOPAMS/Toystack/dopams-backend-staging/node_modules/aws-sdk/clients/devopsguru.d.ts'. ========
Resolution for module '../lib/error' was found in cache from location 'd:/DOPAMS/Toystack/dopams-backend-staging/node_modules/aws-sdk/clients'.
======== Module name '../lib/error' was successfully resolved to 'd:/DOPAMS/Toystack/dopams-backend-staging/node_modules/aws-sdk/lib/error.d.ts' with Package ID 'aws-sdk/lib/error.d.ts@2.1693.0'. ========
======== Resolving module '../lib/service' from 'd:/DOPAMS/Toystack/dopams-backend-staging/node_modules/aws-sdk/clients/devopsguru.d.ts'. ========
Resolution for module '../lib/service' was found in cache from location 'd:/DOPAMS/Toystack/dopams-backend-staging/node_modules/aws-sdk/clients'.
======== Module name '../lib/service' was successfully resolved to 'd:/DOPAMS/Toystack/dopams-backend-staging/node_modules/aws-sdk/lib/service.d.ts' with Package ID 'aws-sdk/lib/service.d.ts@2.1693.0'. ========
======== Resolving module '../lib/config-base' from 'd:/DOPAMS/Toystack/dopams-backend-staging/node_modules/aws-sdk/clients/devopsguru.d.ts'. ========
Resolution for module '../lib/config-base' was found in cache from location 'd:/DOPAMS/Toystack/dopams-backend-staging/node_modules/aws-sdk/clients'.
======== Module name '../lib/config-base' was successfully resolved to 'd:/DOPAMS/Toystack/dopams-backend-staging/node_modules/aws-sdk/lib/config-base.d.ts' with Package ID 'aws-sdk/lib/config-base.d.ts@2.1693.0'. ========
File 'd:/DOPAMS/Toystack/dopams-backend-staging/node_modules/aws-sdk/clients/package.json' does not exist according to earlier cached lookups.
File 'd:/DOPAMS/Toystack/dopams-backend-staging/node_modules/aws-sdk/package.json' exists according to earlier cached lookups.
======== Resolving module '../lib/request' from 'd:/DOPAMS/Toystack/dopams-backend-staging/node_modules/aws-sdk/clients/ecrpublic.d.ts'. ========
Resolution for module '../lib/request' was found in cache from location 'd:/DOPAMS/Toystack/dopams-backend-staging/node_modules/aws-sdk/clients'.
======== Module name '../lib/request' was successfully resolved to 'd:/DOPAMS/Toystack/dopams-backend-staging/node_modules/aws-sdk/lib/request.d.ts' with Package ID 'aws-sdk/lib/request.d.ts@2.1693.0'. ========
======== Resolving module '../lib/response' from 'd:/DOPAMS/Toystack/dopams-backend-staging/node_modules/aws-sdk/clients/ecrpublic.d.ts'. ========
Resolution for module '../lib/response' was found in cache from location 'd:/DOPAMS/Toystack/dopams-backend-staging/node_modules/aws-sdk/clients'.
======== Module name '../lib/response' was successfully resolved to 'd:/DOPAMS/Toystack/dopams-backend-staging/node_modules/aws-sdk/lib/response.d.ts' with Package ID 'aws-sdk/lib/response.d.ts@2.1693.0'. ========
======== Resolving module '../lib/error' from 'd:/DOPAMS/Toystack/dopams-backend-staging/node_modules/aws-sdk/clients/ecrpublic.d.ts'. ========
Resolution for module '../lib/error' was found in cache from location 'd:/DOPAMS/Toystack/dopams-backend-staging/node_modules/aws-sdk/clients'.
======== Module name '../lib/error' was successfully resolved to 'd:/DOPAMS/Toystack/dopams-backend-staging/node_modules/aws-sdk/lib/error.d.ts' with Package ID 'aws-sdk/lib/error.d.ts@2.1693.0'. ========
======== Resolving module '../lib/service' from 'd:/DOPAMS/Toystack/dopams-backend-staging/node_modules/aws-sdk/clients/ecrpublic.d.ts'. ========
Resolution for module '../lib/service' was found in cache from location 'd:/DOPAMS/Toystack/dopams-backend-staging/node_modules/aws-sdk/clients'.
======== Module name '../lib/service' was successfully resolved to 'd:/DOPAMS/Toystack/dopams-backend-staging/node_modules/aws-sdk/lib/service.d.ts' with Package ID 'aws-sdk/lib/service.d.ts@2.1693.0'. ========
======== Resolving module '../lib/config-base' from 'd:/DOPAMS/Toystack/dopams-backend-staging/node_modules/aws-sdk/clients/ecrpublic.d.ts'. ========
Resolution for module '../lib/config-base' was found in cache from location 'd:/DOPAMS/Toystack/dopams-backend-staging/node_modules/aws-sdk/clients'.
======== Module name '../lib/config-base' was successfully resolved to 'd:/DOPAMS/Toystack/dopams-backend-staging/node_modules/aws-sdk/lib/config-base.d.ts' with Package ID 'aws-sdk/lib/config-base.d.ts@2.1693.0'. ========
File 'd:/DOPAMS/Toystack/dopams-backend-staging/node_modules/aws-sdk/clients/package.json' does not exist according to earlier cached lookups.
File 'd:/DOPAMS/Toystack/dopams-backend-staging/node_modules/aws-sdk/package.json' exists according to earlier cached lookups.
======== Resolving module '../lib/request' from 'd:/DOPAMS/Toystack/dopams-backend-staging/node_modules/aws-sdk/clients/lookoutvision.d.ts'. ========
Resolution for module '../lib/request' was found in cache from location 'd:/DOPAMS/Toystack/dopams-backend-staging/node_modules/aws-sdk/clients'.
======== Module name '../lib/request' was successfully resolved to 'd:/DOPAMS/Toystack/dopams-backend-staging/node_modules/aws-sdk/lib/request.d.ts' with Package ID 'aws-sdk/lib/request.d.ts@2.1693.0'. ========
======== Resolving module '../lib/response' from 'd:/DOPAMS/Toystack/dopams-backend-staging/node_modules/aws-sdk/clients/lookoutvision.d.ts'. ========
Resolution for module '../lib/response' was found in cache from location 'd:/DOPAMS/Toystack/dopams-backend-staging/node_modules/aws-sdk/clients'.
======== Module name '../lib/response' was successfully resolved to 'd:/DOPAMS/Toystack/dopams-backend-staging/node_modules/aws-sdk/lib/response.d.ts' with Package ID 'aws-sdk/lib/response.d.ts@2.1693.0'. ========
======== Resolving module '../lib/error' from 'd:/DOPAMS/Toystack/dopams-backend-staging/node_modules/aws-sdk/clients/lookoutvision.d.ts'. ========
Resolution for module '../lib/error' was found in cache from location 'd:/DOPAMS/Toystack/dopams-backend-staging/node_modules/aws-sdk/clients'.
======== Module name '../lib/error' was successfully resolved to 'd:/DOPAMS/Toystack/dopams-backend-staging/node_modules/aws-sdk/lib/error.d.ts' with Package ID 'aws-sdk/lib/error.d.ts@2.1693.0'. ========
======== Resolving module '../lib/service' from 'd:/DOPAMS/Toystack/dopams-backend-staging/node_modules/aws-sdk/clients/lookoutvision.d.ts'. ========
Resolution for module '../lib/service' was found in cache from location 'd:/DOPAMS/Toystack/dopams-backend-staging/node_modules/aws-sdk/clients'.
======== Module name '../lib/service' was successfully resolved to 'd:/DOPAMS/Toystack/dopams-backend-staging/node_modules/aws-sdk/lib/service.d.ts' with Package ID 'aws-sdk/lib/service.d.ts@2.1693.0'. ========
======== Resolving module '../lib/config-base' from 'd:/DOPAMS/Toystack/dopams-backend-staging/node_modules/aws-sdk/clients/lookoutvision.d.ts'. ========
Resolution for module '../lib/config-base' was found in cache from location 'd:/DOPAMS/Toystack/dopams-backend-staging/node_modules/aws-sdk/clients'.
======== Module name '../lib/config-base' was successfully resolved to 'd:/DOPAMS/Toystack/dopams-backend-staging/node_modules/aws-sdk/lib/config-base.d.ts' with Package ID 'aws-sdk/lib/config-base.d.ts@2.1693.0'. ========
======== Resolving module 'stream' from 'd:/DOPAMS/Toystack/dopams-backend-staging/node_modules/aws-sdk/clients/lookoutvision.d.ts'. ========
Resolution for module 'stream' was found in cache from location 'd:/DOPAMS/Toystack/dopams-backend-staging/node_modules/aws-sdk/clients'.
======== Module name 'stream' was not resolved. ========
File 'd:/DOPAMS/Toystack/dopams-backend-staging/node_modules/aws-sdk/clients/package.json' does not exist according to earlier cached lookups.
File 'd:/DOPAMS/Toystack/dopams-backend-staging/node_modules/aws-sdk/package.json' exists according to earlier cached lookups.
======== Resolving module '../lib/request' from 'd:/DOPAMS/Toystack/dopams-backend-staging/node_modules/aws-sdk/clients/sagemakerfeaturestoreruntime.d.ts'. ========
Resolution for module '../lib/request' was found in cache from location 'd:/DOPAMS/Toystack/dopams-backend-staging/node_modules/aws-sdk/clients'.
======== Module name '../lib/request' was successfully resolved to 'd:/DOPAMS/Toystack/dopams-backend-staging/node_modules/aws-sdk/lib/request.d.ts' with Package ID 'aws-sdk/lib/request.d.ts@2.1693.0'. ========
======== Resolving module '../lib/response' from 'd:/DOPAMS/Toystack/dopams-backend-staging/node_modules/aws-sdk/clients/sagemakerfeaturestoreruntime.d.ts'. ========
Resolution for module '../lib/response' was found in cache from location 'd:/DOPAMS/Toystack/dopams-backend-staging/node_modules/aws-sdk/clients'.
======== Module name '../lib/response' was successfully resolved to 'd:/DOPAMS/Toystack/dopams-backend-staging/node_modules/aws-sdk/lib/response.d.ts' with Package ID 'aws-sdk/lib/response.d.ts@2.1693.0'. ========
======== Resolving module '../lib/error' from 'd:/DOPAMS/Toystack/dopams-backend-staging/node_modules/aws-sdk/clients/sagemakerfeaturestoreruntime.d.ts'. ========
Resolution for module '../lib/error' was found in cache from location 'd:/DOPAMS/Toystack/dopams-backend-staging/node_modules/aws-sdk/clients'.
======== Module name '../lib/error' was successfully resolved to 'd:/DOPAMS/Toystack/dopams-backend-staging/node_modules/aws-sdk/lib/error.d.ts' with Package ID 'aws-sdk/lib/error.d.ts@2.1693.0'. ========
======== Resolving module '../lib/service' from 'd:/DOPAMS/Toystack/dopams-backend-staging/node_modules/aws-sdk/clients/sagemakerfeaturestoreruntime.d.ts'. ========
Resolution for module '../lib/service' was found in cache from location 'd:/DOPAMS/Toystack/dopams-backend-staging/node_modules/aws-sdk/clients'.
======== Module name '../lib/service' was successfully resolved to 'd:/DOPAMS/Toystack/dopams-backend-staging/node_modules/aws-sdk/lib/service.d.ts' with Package ID 'aws-sdk/lib/service.d.ts@2.1693.0'. ========
======== Resolving module '../lib/config-base' from 'd:/DOPAMS/Toystack/dopams-backend-staging/node_modules/aws-sdk/clients/sagemakerfeaturestoreruntime.d.ts'. ========
Resolution for module '../lib/config-base' was found in cache from location 'd:/DOPAMS/Toystack/dopams-backend-staging/node_modules/aws-sdk/clients'.
======== Module name '../lib/config-base' was successfully resolved to 'd:/DOPAMS/Toystack/dopams-backend-staging/node_modules/aws-sdk/lib/config-base.d.ts' with Package ID 'aws-sdk/lib/config-base.d.ts@2.1693.0'. ========
File 'd:/DOPAMS/Toystack/dopams-backend-staging/node_modules/aws-sdk/clients/package.json' does not exist according to earlier cached lookups.
File 'd:/DOPAMS/Toystack/dopams-backend-staging/node_modules/aws-sdk/package.json' exists according to earlier cached lookups.
======== Resolving module '../lib/request' from 'd:/DOPAMS/Toystack/dopams-backend-staging/node_modules/aws-sdk/clients/customerprofiles.d.ts'. ========
Resolution for module '../lib/request' was found in cache from location 'd:/DOPAMS/Toystack/dopams-backend-staging/node_modules/aws-sdk/clients'.
======== Module name '../lib/request' was successfully resolved to 'd:/DOPAMS/Toystack/dopams-backend-staging/node_modules/aws-sdk/lib/request.d.ts' with Package ID 'aws-sdk/lib/request.d.ts@2.1693.0'. ========
======== Resolving module '../lib/response' from 'd:/DOPAMS/Toystack/dopams-backend-staging/node_modules/aws-sdk/clients/customerprofiles.d.ts'. ========
Resolution for module '../lib/response' was found in cache from location 'd:/DOPAMS/Toystack/dopams-backend-staging/node_modules/aws-sdk/clients'.
======== Module name '../lib/response' was successfully resolved to 'd:/DOPAMS/Toystack/dopams-backend-staging/node_modules/aws-sdk/lib/response.d.ts' with Package ID 'aws-sdk/lib/response.d.ts@2.1693.0'. ========
======== Resolving module '../lib/error' from 'd:/DOPAMS/Toystack/dopams-backend-staging/node_modules/aws-sdk/clients/customerprofiles.d.ts'. ========
Resolution for module '../lib/error' was found in cache from location 'd:/DOPAMS/Toystack/dopams-backend-staging/node_modules/aws-sdk/clients'.
======== Module name '../lib/error' was successfully resolved to 'd:/DOPAMS/Toystack/dopams-backend-staging/node_modules/aws-sdk/lib/error.d.ts' with Package ID 'aws-sdk/lib/error.d.ts@2.1693.0'. ========
======== Resolving module '../lib/service' from 'd:/DOPAMS/Toystack/dopams-backend-staging/node_modules/aws-sdk/clients/customerprofiles.d.ts'. ========
Resolution for module '../lib/service' was found in cache from location 'd:/DOPAMS/Toystack/dopams-backend-staging/node_modules/aws-sdk/clients'.
======== Module name '../lib/service' was successfully resolved to 'd:/DOPAMS/Toystack/dopams-backend-staging/node_modules/aws-sdk/lib/service.d.ts' with Package ID 'aws-sdk/lib/service.d.ts@2.1693.0'. ========
======== Resolving module '../lib/config-base' from 'd:/DOPAMS/Toystack/dopams-backend-staging/node_modules/aws-sdk/clients/customerprofiles.d.ts'. ========
Resolution for module '../lib/config-base' was found in cache from location 'd:/DOPAMS/Toystack/dopams-backend-staging/node_modules/aws-sdk/clients'.
======== Module name '../lib/config-base' was successfully resolved to 'd:/DOPAMS/Toystack/dopams-backend-staging/node_modules/aws-sdk/lib/config-base.d.ts' with Package ID 'aws-sdk/lib/config-base.d.ts@2.1693.0'. ========
File 'd:/DOPAMS/Toystack/dopams-backend-staging/node_modules/aws-sdk/clients/package.json' does not exist according to earlier cached lookups.
File 'd:/DOPAMS/Toystack/dopams-backend-staging/node_modules/aws-sdk/package.json' exists according to earlier cached lookups.
======== Resolving module '../lib/request' from 'd:/DOPAMS/Toystack/dopams-backend-staging/node_modules/aws-sdk/clients/auditmanager.d.ts'. ========
Resolution for module '../lib/request' was found in cache from location 'd:/DOPAMS/Toystack/dopams-backend-staging/node_modules/aws-sdk/clients'.
======== Module name '../lib/request' was successfully resolved to 'd:/DOPAMS/Toystack/dopams-backend-staging/node_modules/aws-sdk/lib/request.d.ts' with Package ID 'aws-sdk/lib/request.d.ts@2.1693.0'. ========
======== Resolving module '../lib/response' from 'd:/DOPAMS/Toystack/dopams-backend-staging/node_modules/aws-sdk/clients/auditmanager.d.ts'. ========
Resolution for module '../lib/response' was found in cache from location 'd:/DOPAMS/Toystack/dopams-backend-staging/node_modules/aws-sdk/clients'.
======== Module name '../lib/response' was successfully resolved to 'd:/DOPAMS/Toystack/dopams-backend-staging/node_modules/aws-sdk/lib/response.d.ts' with Package ID 'aws-sdk/lib/response.d.ts@2.1693.0'. ========
======== Resolving module '../lib/error' from 'd:/DOPAMS/Toystack/dopams-backend-staging/node_modules/aws-sdk/clients/auditmanager.d.ts'. ========
Resolution for module '../lib/error' was found in cache from location 'd:/DOPAMS/Toystack/dopams-backend-staging/node_modules/aws-sdk/clients'.
======== Module name '../lib/error' was successfully resolved to 'd:/DOPAMS/Toystack/dopams-backend-staging/node_modules/aws-sdk/lib/error.d.ts' with Package ID 'aws-sdk/lib/error.d.ts@2.1693.0'. ========
======== Resolving module '../lib/service' from 'd:/DOPAMS/Toystack/dopams-backend-staging/node_modules/aws-sdk/clients/auditmanager.d.ts'. ========
Resolution for module '../lib/service' was found in cache from location 'd:/DOPAMS/Toystack/dopams-backend-staging/node_modules/aws-sdk/clients'.
======== Module name '../lib/service' was successfully resolved to 'd:/DOPAMS/Toystack/dopams-backend-staging/node_modules/aws-sdk/lib/service.d.ts' with Package ID 'aws-sdk/lib/service.d.ts@2.1693.0'. ========
======== Resolving module '../lib/config-base' from 'd:/DOPAMS/Toystack/dopams-backend-staging/node_modules/aws-sdk/clients/auditmanager.d.ts'. ========
Resolution for module '../lib/config-base' was found in cache from location 'd:/DOPAMS/Toystack/dopams-backend-staging/node_modules/aws-sdk/clients'.
======== Module name '../lib/config-base' was successfully resolved to 'd:/DOPAMS/Toystack/dopams-backend-staging/node_modules/aws-sdk/lib/config-base.d.ts' with Package ID 'aws-sdk/lib/config-base.d.ts@2.1693.0'. ========
File 'd:/DOPAMS/Toystack/dopams-backend-staging/node_modules/aws-sdk/clients/package.json' does not exist according to earlier cached lookups.
File 'd:/DOPAMS/Toystack/dopams-backend-staging/node_modules/aws-sdk/package.json' exists according to earlier cached lookups.
======== Resolving module '../lib/request' from 'd:/DOPAMS/Toystack/dopams-backend-staging/node_modules/aws-sdk/clients/emrcontainers.d.ts'. ========
Resolution for module '../lib/request' was found in cache from location 'd:/DOPAMS/Toystack/dopams-backend-staging/node_modules/aws-sdk/clients'.
======== Module name '../lib/request' was successfully resolved to 'd:/DOPAMS/Toystack/dopams-backend-staging/node_modules/aws-sdk/lib/request.d.ts' with Package ID 'aws-sdk/lib/request.d.ts@2.1693.0'. ========
======== Resolving module '../lib/response' from 'd:/DOPAMS/Toystack/dopams-backend-staging/node_modules/aws-sdk/clients/emrcontainers.d.ts'. ========
Resolution for module '../lib/response' was found in cache from location 'd:/DOPAMS/Toystack/dopams-backend-staging/node_modules/aws-sdk/clients'.
======== Module name '../lib/response' was successfully resolved to 'd:/DOPAMS/Toystack/dopams-backend-staging/node_modules/aws-sdk/lib/response.d.ts' with Package ID 'aws-sdk/lib/response.d.ts@2.1693.0'. ========
======== Resolving module '../lib/error' from 'd:/DOPAMS/Toystack/dopams-backend-staging/node_modules/aws-sdk/clients/emrcontainers.d.ts'. ========
Resolution for module '../lib/error' was found in cache from location 'd:/DOPAMS/Toystack/dopams-backend-staging/node_modules/aws-sdk/clients'.
======== Module name '../lib/error' was successfully resolved to 'd:/DOPAMS/Toystack/dopams-backend-staging/node_modules/aws-sdk/lib/error.d.ts' with Package ID 'aws-sdk/lib/error.d.ts@2.1693.0'. ========
======== Resolving module '../lib/service' from 'd:/DOPAMS/Toystack/dopams-backend-staging/node_modules/aws-sdk/clients/emrcontainers.d.ts'. ========
Resolution for module '../lib/service' was found in cache from location 'd:/DOPAMS/Toystack/dopams-backend-staging/node_modules/aws-sdk/clients'.
======== Module name '../lib/service' was successfully resolved to 'd:/DOPAMS/Toystack/dopams-backend-staging/node_modules/aws-sdk/lib/service.d.ts' with Package ID 'aws-sdk/lib/service.d.ts@2.1693.0'. ========
======== Resolving module '../lib/config-base' from 'd:/DOPAMS/Toystack/dopams-backend-staging/node_modules/aws-sdk/clients/emrcontainers.d.ts'. ========
Resolution for module '../lib/config-base' was found in cache from location 'd:/DOPAMS/Toystack/dopams-backend-staging/node_modules/aws-sdk/clients'.
======== Module name '../lib/config-base' was successfully resolved to 'd:/DOPAMS/Toystack/dopams-backend-staging/node_modules/aws-sdk/lib/config-base.d.ts' with Package ID 'aws-sdk/lib/config-base.d.ts@2.1693.0'. ========
File 'd:/DOPAMS/Toystack/dopams-backend-staging/node_modules/aws-sdk/clients/package.json' does not exist according to earlier cached lookups.
File 'd:/DOPAMS/Toystack/dopams-backend-staging/node_modules/aws-sdk/package.json' exists according to earlier cached lookups.
======== Resolving module '../lib/request' from 'd:/DOPAMS/Toystack/dopams-backend-staging/node_modules/aws-sdk/clients/healthlake.d.ts'. ========
Resolution for module '../lib/request' was found in cache from location 'd:/DOPAMS/Toystack/dopams-backend-staging/node_modules/aws-sdk/clients'.
======== Module name '../lib/request' was successfully resolved to 'd:/DOPAMS/Toystack/dopams-backend-staging/node_modules/aws-sdk/lib/request.d.ts' with Package ID 'aws-sdk/lib/request.d.ts@2.1693.0'. ========
======== Resolving module '../lib/response' from 'd:/DOPAMS/Toystack/dopams-backend-staging/node_modules/aws-sdk/clients/healthlake.d.ts'. ========
Resolution for module '../lib/response' was found in cache from location 'd:/DOPAMS/Toystack/dopams-backend-staging/node_modules/aws-sdk/clients'.
======== Module name '../lib/response' was successfully resolved to 'd:/DOPAMS/Toystack/dopams-backend-staging/node_modules/aws-sdk/lib/response.d.ts' with Package ID 'aws-sdk/lib/response.d.ts@2.1693.0'. ========
======== Resolving module '../lib/error' from 'd:/DOPAMS/Toystack/dopams-backend-staging/node_modules/aws-sdk/clients/healthlake.d.ts'. ========
Resolution for module '../lib/error' was found in cache from location 'd:/DOPAMS/Toystack/dopams-backend-staging/node_modules/aws-sdk/clients'.
======== Module name '../lib/error' was successfully resolved to 'd:/DOPAMS/Toystack/dopams-backend-staging/node_modules/aws-sdk/lib/error.d.ts' with Package ID 'aws-sdk/lib/error.d.ts@2.1693.0'. ========
======== Resolving module '../lib/service' from 'd:/DOPAMS/Toystack/dopams-backend-staging/node_modules/aws-sdk/clients/healthlake.d.ts'. ========
Resolution for module '../lib/service' was found in cache from location 'd:/DOPAMS/Toystack/dopams-backend-staging/node_modules/aws-sdk/clients'.
======== Module name '../lib/service' was successfully resolved to 'd:/DOPAMS/Toystack/dopams-backend-staging/node_modules/aws-sdk/lib/service.d.ts' with Package ID 'aws-sdk/lib/service.d.ts@2.1693.0'. ========
======== Resolving module '../lib/config-base' from 'd:/DOPAMS/Toystack/dopams-backend-staging/node_modules/aws-sdk/clients/healthlake.d.ts'. ========
Resolution for module '../lib/config-base' was found in cache from location 'd:/DOPAMS/Toystack/dopams-backend-staging/node_modules/aws-sdk/clients'.
======== Module name '../lib/config-base' was successfully resolved to 'd:/DOPAMS/Toystack/dopams-backend-staging/node_modules/aws-sdk/lib/config-base.d.ts' with Package ID 'aws-sdk/lib/config-base.d.ts@2.1693.0'. ========
File 'd:/DOPAMS/Toystack/dopams-backend-staging/node_modules/aws-sdk/clients/package.json' does not exist according to earlier cached lookups.
File 'd:/DOPAMS/Toystack/dopams-backend-staging/node_modules/aws-sdk/package.json' exists according to earlier cached lookups.
======== Resolving module '../lib/request' from 'd:/DOPAMS/Toystack/dopams-backend-staging/node_modules/aws-sdk/clients/sagemakeredge.d.ts'. ========
Resolution for module '../lib/request' was found in cache from location 'd:/DOPAMS/Toystack/dopams-backend-staging/node_modules/aws-sdk/clients'.
======== Module name '../lib/request' was successfully resolved to 'd:/DOPAMS/Toystack/dopams-backend-staging/node_modules/aws-sdk/lib/request.d.ts' with Package ID 'aws-sdk/lib/request.d.ts@2.1693.0'. ========
======== Resolving module '../lib/response' from 'd:/DOPAMS/Toystack/dopams-backend-staging/node_modules/aws-sdk/clients/sagemakeredge.d.ts'. ========
Resolution for module '../lib/response' was found in cache from location 'd:/DOPAMS/Toystack/dopams-backend-staging/node_modules/aws-sdk/clients'.
======== Module name '../lib/response' was successfully resolved to 'd:/DOPAMS/Toystack/dopams-backend-staging/node_modules/aws-sdk/lib/response.d.ts' with Package ID 'aws-sdk/lib/response.d.ts@2.1693.0'. ========
======== Resolving module '../lib/error' from 'd:/DOPAMS/Toystack/dopams-backend-staging/node_modules/aws-sdk/clients/sagemakeredge.d.ts'. ========
Resolution for module '../lib/error' was found in cache from location 'd:/DOPAMS/Toystack/dopams-backend-staging/node_modules/aws-sdk/clients'.
======== Module name '../lib/error' was successfully resolved to 'd:/DOPAMS/Toystack/dopams-backend-staging/node_modules/aws-sdk/lib/error.d.ts' with Package ID 'aws-sdk/lib/error.d.ts@2.1693.0'. ========
======== Resolving module '../lib/service' from 'd:/DOPAMS/Toystack/dopams-backend-staging/node_modules/aws-sdk/clients/sagemakeredge.d.ts'. ========
Resolution for module '../lib/service' was found in cache from location 'd:/DOPAMS/Toystack/dopams-backend-staging/node_modules/aws-sdk/clients'.
======== Module name '../lib/service' was successfully resolved to 'd:/DOPAMS/Toystack/dopams-backend-staging/node_modules/aws-sdk/lib/service.d.ts' with Package ID 'aws-sdk/lib/service.d.ts@2.1693.0'. ========
======== Resolving module '../lib/config-base' from 'd:/DOPAMS/Toystack/dopams-backend-staging/node_modules/aws-sdk/clients/sagemakeredge.d.ts'. ========
Resolution for module '../lib/config-base' was found in cache from location 'd:/DOPAMS/Toystack/dopams-backend-staging/node_modules/aws-sdk/clients'.
======== Module name '../lib/config-base' was successfully resolved to 'd:/DOPAMS/Toystack/dopams-backend-staging/node_modules/aws-sdk/lib/config-base.d.ts' with Package ID 'aws-sdk/lib/config-base.d.ts@2.1693.0'. ========
File 'd:/DOPAMS/Toystack/dopams-backend-staging/node_modules/aws-sdk/clients/package.json' does not exist according to earlier cached lookups.
File 'd:/DOPAMS/Toystack/dopams-backend-staging/node_modules/aws-sdk/package.json' exists according to earlier cached lookups.
======== Resolving module '../lib/request' from 'd:/DOPAMS/Toystack/dopams-backend-staging/node_modules/aws-sdk/clients/amp.d.ts'. ========
Resolution for module '../lib/request' was found in cache from location 'd:/DOPAMS/Toystack/dopams-backend-staging/node_modules/aws-sdk/clients'.
======== Module name '../lib/request' was successfully resolved to 'd:/DOPAMS/Toystack/dopams-backend-staging/node_modules/aws-sdk/lib/request.d.ts' with Package ID 'aws-sdk/lib/request.d.ts@2.1693.0'. ========
======== Resolving module '../lib/response' from 'd:/DOPAMS/Toystack/dopams-backend-staging/node_modules/aws-sdk/clients/amp.d.ts'. ========
Resolution for module '../lib/response' was found in cache from location 'd:/DOPAMS/Toystack/dopams-backend-staging/node_modules/aws-sdk/clients'.
======== Module name '../lib/response' was successfully resolved to 'd:/DOPAMS/Toystack/dopams-backend-staging/node_modules/aws-sdk/lib/response.d.ts' with Package ID 'aws-sdk/lib/response.d.ts@2.1693.0'. ========
======== Resolving module '../lib/error' from 'd:/DOPAMS/Toystack/dopams-backend-staging/node_modules/aws-sdk/clients/amp.d.ts'. ========
Resolution for module '../lib/error' was found in cache from location 'd:/DOPAMS/Toystack/dopams-backend-staging/node_modules/aws-sdk/clients'.
======== Module name '../lib/error' was successfully resolved to 'd:/DOPAMS/Toystack/dopams-backend-staging/node_modules/aws-sdk/lib/error.d.ts' with Package ID 'aws-sdk/lib/error.d.ts@2.1693.0'. ========
======== Resolving module '../lib/service' from 'd:/DOPAMS/Toystack/dopams-backend-staging/node_modules/aws-sdk/clients/amp.d.ts'. ========
Resolution for module '../lib/service' was found in cache from location 'd:/DOPAMS/Toystack/dopams-backend-staging/node_modules/aws-sdk/clients'.
======== Module name '../lib/service' was successfully resolved to 'd:/DOPAMS/Toystack/dopams-backend-staging/node_modules/aws-sdk/lib/service.d.ts' with Package ID 'aws-sdk/lib/service.d.ts@2.1693.0'. ========
======== Resolving module '../lib/config-base' from 'd:/DOPAMS/Toystack/dopams-backend-staging/node_modules/aws-sdk/clients/amp.d.ts'. ========
Resolution for module '../lib/config-base' was found in cache from location 'd:/DOPAMS/Toystack/dopams-backend-staging/node_modules/aws-sdk/clients'.
======== Module name '../lib/config-base' was successfully resolved to 'd:/DOPAMS/Toystack/dopams-backend-staging/node_modules/aws-sdk/lib/config-base.d.ts' with Package ID 'aws-sdk/lib/config-base.d.ts@2.1693.0'. ========
File 'd:/DOPAMS/Toystack/dopams-backend-staging/node_modules/aws-sdk/clients/package.json' does not exist according to earlier cached lookups.
File 'd:/DOPAMS/Toystack/dopams-backend-staging/node_modules/aws-sdk/package.json' exists according to earlier cached lookups.
======== Resolving module '../lib/request' from 'd:/DOPAMS/Toystack/dopams-backend-staging/node_modules/aws-sdk/clients/greengrassv2.d.ts'. ========
Resolution for module '../lib/request' was found in cache from location 'd:/DOPAMS/Toystack/dopams-backend-staging/node_modules/aws-sdk/clients'.
======== Module name '../lib/request' was successfully resolved to 'd:/DOPAMS/Toystack/dopams-backend-staging/node_modules/aws-sdk/lib/request.d.ts' with Package ID 'aws-sdk/lib/request.d.ts@2.1693.0'. ========
======== Resolving module '../lib/response' from 'd:/DOPAMS/Toystack/dopams-backend-staging/node_modules/aws-sdk/clients/greengrassv2.d.ts'. ========
Resolution for module '../lib/response' was found in cache from location 'd:/DOPAMS/Toystack/dopams-backend-staging/node_modules/aws-sdk/clients'.
======== Module name '../lib/response' was successfully resolved to 'd:/DOPAMS/Toystack/dopams-backend-staging/node_modules/aws-sdk/lib/response.d.ts' with Package ID 'aws-sdk/lib/response.d.ts@2.1693.0'. ========
======== Resolving module '../lib/error' from 'd:/DOPAMS/Toystack/dopams-backend-staging/node_modules/aws-sdk/clients/greengrassv2.d.ts'. ========
Resolution for module '../lib/error' was found in cache from location 'd:/DOPAMS/Toystack/dopams-backend-staging/node_modules/aws-sdk/clients'.
======== Module name '../lib/error' was successfully resolved to 'd:/DOPAMS/Toystack/dopams-backend-staging/node_modules/aws-sdk/lib/error.d.ts' with Package ID 'aws-sdk/lib/error.d.ts@2.1693.0'. ========
======== Resolving module '../lib/service' from 'd:/DOPAMS/Toystack/dopams-backend-staging/node_modules/aws-sdk/clients/greengrassv2.d.ts'. ========
Resolution for module '../lib/service' was found in cache from location 'd:/DOPAMS/Toystack/dopams-backend-staging/node_modules/aws-sdk/clients'.
======== Module name '../lib/service' was successfully resolved to 'd:/DOPAMS/Toystack/dopams-backend-staging/node_modules/aws-sdk/lib/service.d.ts' with Package ID 'aws-sdk/lib/service.d.ts@2.1693.0'. ========
======== Resolving module '../lib/config-base' from 'd:/DOPAMS/Toystack/dopams-backend-staging/node_modules/aws-sdk/clients/greengrassv2.d.ts'. ========
Resolution for module '../lib/config-base' was found in cache from location 'd:/DOPAMS/Toystack/dopams-backend-staging/node_modules/aws-sdk/clients'.
======== Module name '../lib/config-base' was successfully resolved to 'd:/DOPAMS/Toystack/dopams-backend-staging/node_modules/aws-sdk/lib/config-base.d.ts' with Package ID 'aws-sdk/lib/config-base.d.ts@2.1693.0'. ========
File 'd:/DOPAMS/Toystack/dopams-backend-staging/node_modules/aws-sdk/clients/package.json' does not exist according to earlier cached lookups.
File 'd:/DOPAMS/Toystack/dopams-backend-staging/node_modules/aws-sdk/package.json' exists according to earlier cached lookups.
======== Resolving module '../lib/request' from 'd:/DOPAMS/Toystack/dopams-backend-staging/node_modules/aws-sdk/clients/iotdeviceadvisor.d.ts'. ========
Resolution for module '../lib/request' was found in cache from location 'd:/DOPAMS/Toystack/dopams-backend-staging/node_modules/aws-sdk/clients'.
======== Module name '../lib/request' was successfully resolved to 'd:/DOPAMS/Toystack/dopams-backend-staging/node_modules/aws-sdk/lib/request.d.ts' with Package ID 'aws-sdk/lib/request.d.ts@2.1693.0'. ========
======== Resolving module '../lib/response' from 'd:/DOPAMS/Toystack/dopams-backend-staging/node_modules/aws-sdk/clients/iotdeviceadvisor.d.ts'. ========
Resolution for module '../lib/response' was found in cache from location 'd:/DOPAMS/Toystack/dopams-backend-staging/node_modules/aws-sdk/clients'.
======== Module name '../lib/response' was successfully resolved to 'd:/DOPAMS/Toystack/dopams-backend-staging/node_modules/aws-sdk/lib/response.d.ts' with Package ID 'aws-sdk/lib/response.d.ts@2.1693.0'. ========
======== Resolving module '../lib/error' from 'd:/DOPAMS/Toystack/dopams-backend-staging/node_modules/aws-sdk/clients/iotdeviceadvisor.d.ts'. ========
Resolution for module '../lib/error' was found in cache from location 'd:/DOPAMS/Toystack/dopams-backend-staging/node_modules/aws-sdk/clients'.
======== Module name '../lib/error' was successfully resolved to 'd:/DOPAMS/Toystack/dopams-backend-staging/node_modules/aws-sdk/lib/error.d.ts' with Package ID 'aws-sdk/lib/error.d.ts@2.1693.0'. ========
======== Resolving module '../lib/service' from 'd:/DOPAMS/Toystack/dopams-backend-staging/node_modules/aws-sdk/clients/iotdeviceadvisor.d.ts'. ========
Resolution for module '../lib/service' was found in cache from location 'd:/DOPAMS/Toystack/dopams-backend-staging/node_modules/aws-sdk/clients'.
======== Module name '../lib/service' was successfully resolved to 'd:/DOPAMS/Toystack/dopams-backend-staging/node_modules/aws-sdk/lib/service.d.ts' with Package ID 'aws-sdk/lib/service.d.ts@2.1693.0'. ========
======== Resolving module '../lib/config-base' from 'd:/DOPAMS/Toystack/dopams-backend-staging/node_modules/aws-sdk/clients/iotdeviceadvisor.d.ts'. ========
Resolution for module '../lib/config-base' was found in cache from location 'd:/DOPAMS/Toystack/dopams-backend-staging/node_modules/aws-sdk/clients'.
======== Module name '../lib/config-base' was successfully resolved to 'd:/DOPAMS/Toystack/dopams-backend-staging/node_modules/aws-sdk/lib/config-base.d.ts' with Package ID 'aws-sdk/lib/config-base.d.ts@2.1693.0'. ========
File 'd:/DOPAMS/Toystack/dopams-backend-staging/node_modules/aws-sdk/clients/package.json' does not exist according to earlier cached lookups.
File 'd:/DOPAMS/Toystack/dopams-backend-staging/node_modules/aws-sdk/package.json' exists according to earlier cached lookups.
======== Resolving module '../lib/request' from 'd:/DOPAMS/Toystack/dopams-backend-staging/node_modules/aws-sdk/clients/iotfleethub.d.ts'. ========
Resolution for module '../lib/request' was found in cache from location 'd:/DOPAMS/Toystack/dopams-backend-staging/node_modules/aws-sdk/clients'.
======== Module name '../lib/request' was successfully resolved to 'd:/DOPAMS/Toystack/dopams-backend-staging/node_modules/aws-sdk/lib/request.d.ts' with Package ID 'aws-sdk/lib/request.d.ts@2.1693.0'. ========
======== Resolving module '../lib/response' from 'd:/DOPAMS/Toystack/dopams-backend-staging/node_modules/aws-sdk/clients/iotfleethub.d.ts'. ========
Resolution for module '../lib/response' was found in cache from location 'd:/DOPAMS/Toystack/dopams-backend-staging/node_modules/aws-sdk/clients'.
======== Module name '../lib/response' was successfully resolved to 'd:/DOPAMS/Toystack/dopams-backend-staging/node_modules/aws-sdk/lib/response.d.ts' with Package ID 'aws-sdk/lib/response.d.ts@2.1693.0'. ========
======== Resolving module '../lib/error' from 'd:/DOPAMS/Toystack/dopams-backend-staging/node_modules/aws-sdk/clients/iotfleethub.d.ts'. ========
Resolution for module '../lib/error' was found in cache from location 'd:/DOPAMS/Toystack/dopams-backend-staging/node_modules/aws-sdk/clients'.
======== Module name '../lib/error' was successfully resolved to 'd:/DOPAMS/Toystack/dopams-backend-staging/node_modules/aws-sdk/lib/error.d.ts' with Package ID 'aws-sdk/lib/error.d.ts@2.1693.0'. ========
======== Resolving module '../lib/service' from 'd:/DOPAMS/Toystack/dopams-backend-staging/node_modules/aws-sdk/clients/iotfleethub.d.ts'. ========
Resolution for module '../lib/service' was found in cache from location 'd:/DOPAMS/Toystack/dopams-backend-staging/node_modules/aws-sdk/clients'.
======== Module name '../lib/service' was successfully resolved to 'd:/DOPAMS/Toystack/dopams-backend-staging/node_modules/aws-sdk/lib/service.d.ts' with Package ID 'aws-sdk/lib/service.d.ts@2.1693.0'. ========
======== Resolving module '../lib/config-base' from 'd:/DOPAMS/Toystack/dopams-backend-staging/node_modules/aws-sdk/clients/iotfleethub.d.ts'. ========
Resolution for module '../lib/config-base' was found in cache from location 'd:/DOPAMS/Toystack/dopams-backend-staging/node_modules/aws-sdk/clients'.
======== Module name '../lib/config-base' was successfully resolved to 'd:/DOPAMS/Toystack/dopams-backend-staging/node_modules/aws-sdk/lib/config-base.d.ts' with Package ID 'aws-sdk/lib/config-base.d.ts@2.1693.0'. ========
File 'd:/DOPAMS/Toystack/dopams-backend-staging/node_modules/aws-sdk/clients/package.json' does not exist according to earlier cached lookups.
File 'd:/DOPAMS/Toystack/dopams-backend-staging/node_modules/aws-sdk/package.json' exists according to earlier cached lookups.
======== Resolving module '../lib/request' from 'd:/DOPAMS/Toystack/dopams-backend-staging/node_modules/aws-sdk/clients/iotwireless.d.ts'. ========
Resolution for module '../lib/request' was found in cache from location 'd:/DOPAMS/Toystack/dopams-backend-staging/node_modules/aws-sdk/clients'.
======== Module name '../lib/request' was successfully resolved to 'd:/DOPAMS/Toystack/dopams-backend-staging/node_modules/aws-sdk/lib/request.d.ts' with Package ID 'aws-sdk/lib/request.d.ts@2.1693.0'. ========
======== Resolving module '../lib/response' from 'd:/DOPAMS/Toystack/dopams-backend-staging/node_modules/aws-sdk/clients/iotwireless.d.ts'. ========
Resolution for module '../lib/response' was found in cache from location 'd:/DOPAMS/Toystack/dopams-backend-staging/node_modules/aws-sdk/clients'.
======== Module name '../lib/response' was successfully resolved to 'd:/DOPAMS/Toystack/dopams-backend-staging/node_modules/aws-sdk/lib/response.d.ts' with Package ID 'aws-sdk/lib/response.d.ts@2.1693.0'. ========
======== Resolving module '../lib/error' from 'd:/DOPAMS/Toystack/dopams-backend-staging/node_modules/aws-sdk/clients/iotwireless.d.ts'. ========
Resolution for module '../lib/error' was found in cache from location 'd:/DOPAMS/Toystack/dopams-backend-staging/node_modules/aws-sdk/clients'.
======== Module name '../lib/error' was successfully resolved to 'd:/DOPAMS/Toystack/dopams-backend-staging/node_modules/aws-sdk/lib/error.d.ts' with Package ID 'aws-sdk/lib/error.d.ts@2.1693.0'. ========
======== Resolving module '../lib/service' from 'd:/DOPAMS/Toystack/dopams-backend-staging/node_modules/aws-sdk/clients/iotwireless.d.ts'. ========
Resolution for module '../lib/service' was found in cache from location 'd:/DOPAMS/Toystack/dopams-backend-staging/node_modules/aws-sdk/clients'.
======== Module name '../lib/service' was successfully resolved to 'd:/DOPAMS/Toystack/dopams-backend-staging/node_modules/aws-sdk/lib/service.d.ts' with Package ID 'aws-sdk/lib/service.d.ts@2.1693.0'. ========
======== Resolving module '../lib/config-base' from 'd:/DOPAMS/Toystack/dopams-backend-staging/node_modules/aws-sdk/clients/iotwireless.d.ts'. ========
Resolution for module '../lib/config-base' was found in cache from location 'd:/DOPAMS/Toystack/dopams-backend-staging/node_modules/aws-sdk/clients'.
======== Module name '../lib/config-base' was successfully resolved to 'd:/DOPAMS/Toystack/dopams-backend-staging/node_modules/aws-sdk/lib/config-base.d.ts' with Package ID 'aws-sdk/lib/config-base.d.ts@2.1693.0'. ========
File 'd:/DOPAMS/Toystack/dopams-backend-staging/node_modules/aws-sdk/clients/package.json' does not exist according to earlier cached lookups.
File 'd:/DOPAMS/Toystack/dopams-backend-staging/node_modules/aws-sdk/package.json' exists according to earlier cached lookups.
======== Resolving module '../lib/request' from 'd:/DOPAMS/Toystack/dopams-backend-staging/node_modules/aws-sdk/clients/location.d.ts'. ========
Resolution for module '../lib/request' was found in cache from location 'd:/DOPAMS/Toystack/dopams-backend-staging/node_modules/aws-sdk/clients'.
======== Module name '../lib/request' was successfully resolved to 'd:/DOPAMS/Toystack/dopams-backend-staging/node_modules/aws-sdk/lib/request.d.ts' with Package ID 'aws-sdk/lib/request.d.ts@2.1693.0'. ========
======== Resolving module '../lib/response' from 'd:/DOPAMS/Toystack/dopams-backend-staging/node_modules/aws-sdk/clients/location.d.ts'. ========
Resolution for module '../lib/response' was found in cache from location 'd:/DOPAMS/Toystack/dopams-backend-staging/node_modules/aws-sdk/clients'.
======== Module name '../lib/response' was successfully resolved to 'd:/DOPAMS/Toystack/dopams-backend-staging/node_modules/aws-sdk/lib/response.d.ts' with Package ID 'aws-sdk/lib/response.d.ts@2.1693.0'. ========
======== Resolving module '../lib/error' from 'd:/DOPAMS/Toystack/dopams-backend-staging/node_modules/aws-sdk/clients/location.d.ts'. ========
Resolution for module '../lib/error' was found in cache from location 'd:/DOPAMS/Toystack/dopams-backend-staging/node_modules/aws-sdk/clients'.
======== Module name '../lib/error' was successfully resolved to 'd:/DOPAMS/Toystack/dopams-backend-staging/node_modules/aws-sdk/lib/error.d.ts' with Package ID 'aws-sdk/lib/error.d.ts@2.1693.0'. ========
======== Resolving module '../lib/service' from 'd:/DOPAMS/Toystack/dopams-backend-staging/node_modules/aws-sdk/clients/location.d.ts'. ========
Resolution for module '../lib/service' was found in cache from location 'd:/DOPAMS/Toystack/dopams-backend-staging/node_modules/aws-sdk/clients'.
======== Module name '../lib/service' was successfully resolved to 'd:/DOPAMS/Toystack/dopams-backend-staging/node_modules/aws-sdk/lib/service.d.ts' with Package ID 'aws-sdk/lib/service.d.ts@2.1693.0'. ========
======== Resolving module '../lib/config-base' from 'd:/DOPAMS/Toystack/dopams-backend-staging/node_modules/aws-sdk/clients/location.d.ts'. ========
Resolution for module '../lib/config-base' was found in cache from location 'd:/DOPAMS/Toystack/dopams-backend-staging/node_modules/aws-sdk/clients'.
======== Module name '../lib/config-base' was successfully resolved to 'd:/DOPAMS/Toystack/dopams-backend-staging/node_modules/aws-sdk/lib/config-base.d.ts' with Package ID 'aws-sdk/lib/config-base.d.ts@2.1693.0'. ========
File 'd:/DOPAMS/Toystack/dopams-backend-staging/node_modules/aws-sdk/clients/package.json' does not exist according to earlier cached lookups.
File 'd:/DOPAMS/Toystack/dopams-backend-staging/node_modules/aws-sdk/package.json' exists according to earlier cached lookups.
======== Resolving module '../lib/request' from 'd:/DOPAMS/Toystack/dopams-backend-staging/node_modules/aws-sdk/clients/wellarchitected.d.ts'. ========
Resolution for module '../lib/request' was found in cache from location 'd:/DOPAMS/Toystack/dopams-backend-staging/node_modules/aws-sdk/clients'.
======== Module name '../lib/request' was successfully resolved to 'd:/DOPAMS/Toystack/dopams-backend-staging/node_modules/aws-sdk/lib/request.d.ts' with Package ID 'aws-sdk/lib/request.d.ts@2.1693.0'. ========
======== Resolving module '../lib/response' from 'd:/DOPAMS/Toystack/dopams-backend-staging/node_modules/aws-sdk/clients/wellarchitected.d.ts'. ========
Resolution for module '../lib/response' was found in cache from location 'd:/DOPAMS/Toystack/dopams-backend-staging/node_modules/aws-sdk/clients'.
======== Module name '../lib/response' was successfully resolved to 'd:/DOPAMS/Toystack/dopams-backend-staging/node_modules/aws-sdk/lib/response.d.ts' with Package ID 'aws-sdk/lib/response.d.ts@2.1693.0'. ========
======== Resolving module '../lib/error' from 'd:/DOPAMS/Toystack/dopams-backend-staging/node_modules/aws-sdk/clients/wellarchitected.d.ts'. ========
Resolution for module '../lib/error' was found in cache from location 'd:/DOPAMS/Toystack/dopams-backend-staging/node_modules/aws-sdk/clients'.
======== Module name '../lib/error' was successfully resolved to 'd:/DOPAMS/Toystack/dopams-backend-staging/node_modules/aws-sdk/lib/error.d.ts' with Package ID 'aws-sdk/lib/error.d.ts@2.1693.0'. ========
======== Resolving module '../lib/service' from 'd:/DOPAMS/Toystack/dopams-backend-staging/node_modules/aws-sdk/clients/wellarchitected.d.ts'. ========
Resolution for module '../lib/service' was found in cache from location 'd:/DOPAMS/Toystack/dopams-backend-staging/node_modules/aws-sdk/clients'.
======== Module name '../lib/service' was successfully resolved to 'd:/DOPAMS/Toystack/dopams-backend-staging/node_modules/aws-sdk/lib/service.d.ts' with Package ID 'aws-sdk/lib/service.d.ts@2.1693.0'. ========
======== Resolving module '../lib/config-base' from 'd:/DOPAMS/Toystack/dopams-backend-staging/node_modules/aws-sdk/clients/wellarchitected.d.ts'. ========
Resolution for module '../lib/config-base' was found in cache from location 'd:/DOPAMS/Toystack/dopams-backend-staging/node_modules/aws-sdk/clients'.
======== Module name '../lib/config-base' was successfully resolved to 'd:/DOPAMS/Toystack/dopams-backend-staging/node_modules/aws-sdk/lib/config-base.d.ts' with Package ID 'aws-sdk/lib/config-base.d.ts@2.1693.0'. ========
File 'd:/DOPAMS/Toystack/dopams-backend-staging/node_modules/aws-sdk/clients/package.json' does not exist according to earlier cached lookups.
File 'd:/DOPAMS/Toystack/dopams-backend-staging/node_modules/aws-sdk/package.json' exists according to earlier cached lookups.
======== Resolving module '../lib/request' from 'd:/DOPAMS/Toystack/dopams-backend-staging/node_modules/aws-sdk/clients/lexmodelsv2.d.ts'. ========
Resolution for module '../lib/request' was found in cache from location 'd:/DOPAMS/Toystack/dopams-backend-staging/node_modules/aws-sdk/clients'.
======== Module name '../lib/request' was successfully resolved to 'd:/DOPAMS/Toystack/dopams-backend-staging/node_modules/aws-sdk/lib/request.d.ts' with Package ID 'aws-sdk/lib/request.d.ts@2.1693.0'. ========
======== Resolving module '../lib/response' from 'd:/DOPAMS/Toystack/dopams-backend-staging/node_modules/aws-sdk/clients/lexmodelsv2.d.ts'. ========
Resolution for module '../lib/response' was found in cache from location 'd:/DOPAMS/Toystack/dopams-backend-staging/node_modules/aws-sdk/clients'.
======== Module name '../lib/response' was successfully resolved to 'd:/DOPAMS/Toystack/dopams-backend-staging/node_modules/aws-sdk/lib/response.d.ts' with Package ID 'aws-sdk/lib/response.d.ts@2.1693.0'. ========
======== Resolving module '../lib/error' from 'd:/DOPAMS/Toystack/dopams-backend-staging/node_modules/aws-sdk/clients/lexmodelsv2.d.ts'. ========
Resolution for module '../lib/error' was found in cache from location 'd:/DOPAMS/Toystack/dopams-backend-staging/node_modules/aws-sdk/clients'.
======== Module name '../lib/error' was successfully resolved to 'd:/DOPAMS/Toystack/dopams-backend-staging/node_modules/aws-sdk/lib/error.d.ts' with Package ID 'aws-sdk/lib/error.d.ts@2.1693.0'. ========
======== Resolving module '../lib/service' from 'd:/DOPAMS/Toystack/dopams-backend-staging/node_modules/aws-sdk/clients/lexmodelsv2.d.ts'. ========
Resolution for module '../lib/service' was found in cache from location 'd:/DOPAMS/Toystack/dopams-backend-staging/node_modules/aws-sdk/clients'.
======== Module name '../lib/service' was successfully resolved to 'd:/DOPAMS/Toystack/dopams-backend-staging/node_modules/aws-sdk/lib/service.d.ts' with Package ID 'aws-sdk/lib/service.d.ts@2.1693.0'. ========
======== Resolving module '../lib/config-base' from 'd:/DOPAMS/Toystack/dopams-backend-staging/node_modules/aws-sdk/clients/lexmodelsv2.d.ts'. ========
Resolution for module '../lib/config-base' was found in cache from location 'd:/DOPAMS/Toystack/dopams-backend-staging/node_modules/aws-sdk/clients'.
======== Module name '../lib/config-base' was successfully resolved to 'd:/DOPAMS/Toystack/dopams-backend-staging/node_modules/aws-sdk/lib/config-base.d.ts' with Package ID 'aws-sdk/lib/config-base.d.ts@2.1693.0'. ========
File 'd:/DOPAMS/Toystack/dopams-backend-staging/node_modules/aws-sdk/clients/package.json' does not exist according to earlier cached lookups.
File 'd:/DOPAMS/Toystack/dopams-backend-staging/node_modules/aws-sdk/package.json' exists according to earlier cached lookups.
======== Resolving module '../lib/request' from 'd:/DOPAMS/Toystack/dopams-backend-staging/node_modules/aws-sdk/clients/lexruntimev2.d.ts'. ========
Resolution for module '../lib/request' was found in cache from location 'd:/DOPAMS/Toystack/dopams-backend-staging/node_modules/aws-sdk/clients'.
======== Module name '../lib/request' was successfully resolved to 'd:/DOPAMS/Toystack/dopams-backend-staging/node_modules/aws-sdk/lib/request.d.ts' with Package ID 'aws-sdk/lib/request.d.ts@2.1693.0'. ========
======== Resolving module '../lib/response' from 'd:/DOPAMS/Toystack/dopams-backend-staging/node_modules/aws-sdk/clients/lexruntimev2.d.ts'. ========
Resolution for module '../lib/response' was found in cache from location 'd:/DOPAMS/Toystack/dopams-backend-staging/node_modules/aws-sdk/clients'.
======== Module name '../lib/response' was successfully resolved to 'd:/DOPAMS/Toystack/dopams-backend-staging/node_modules/aws-sdk/lib/response.d.ts' with Package ID 'aws-sdk/lib/response.d.ts@2.1693.0'. ========
======== Resolving module '../lib/error' from 'd:/DOPAMS/Toystack/dopams-backend-staging/node_modules/aws-sdk/clients/lexruntimev2.d.ts'. ========
Resolution for module '../lib/error' was found in cache from location 'd:/DOPAMS/Toystack/dopams-backend-staging/node_modules/aws-sdk/clients'.
======== Module name '../lib/error' was successfully resolved to 'd:/DOPAMS/Toystack/dopams-backend-staging/node_modules/aws-sdk/lib/error.d.ts' with Package ID 'aws-sdk/lib/error.d.ts@2.1693.0'. ========
======== Resolving module '../lib/service' from 'd:/DOPAMS/Toystack/dopams-backend-staging/node_modules/aws-sdk/clients/lexruntimev2.d.ts'. ========
Resolution for module '../lib/service' was found in cache from location 'd:/DOPAMS/Toystack/dopams-backend-staging/node_modules/aws-sdk/clients'.
======== Module name '../lib/service' was successfully resolved to 'd:/DOPAMS/Toystack/dopams-backend-staging/node_modules/aws-sdk/lib/service.d.ts' with Package ID 'aws-sdk/lib/service.d.ts@2.1693.0'. ========
======== Resolving module '../lib/config-base' from 'd:/DOPAMS/Toystack/dopams-backend-staging/node_modules/aws-sdk/clients/lexruntimev2.d.ts'. ========
Resolution for module '../lib/config-base' was found in cache from location 'd:/DOPAMS/Toystack/dopams-backend-staging/node_modules/aws-sdk/clients'.
======== Module name '../lib/config-base' was successfully resolved to 'd:/DOPAMS/Toystack/dopams-backend-staging/node_modules/aws-sdk/lib/config-base.d.ts' with Package ID 'aws-sdk/lib/config-base.d.ts@2.1693.0'. ========
======== Resolving module 'stream' from 'd:/DOPAMS/Toystack/dopams-backend-staging/node_modules/aws-sdk/clients/lexruntimev2.d.ts'. ========
Resolution for module 'stream' was found in cache from location 'd:/DOPAMS/Toystack/dopams-backend-staging/node_modules/aws-sdk/clients'.
======== Module name 'stream' was not resolved. ========
File 'd:/DOPAMS/Toystack/dopams-backend-staging/node_modules/aws-sdk/clients/package.json' does not exist according to earlier cached lookups.
File 'd:/DOPAMS/Toystack/dopams-backend-staging/node_modules/aws-sdk/package.json' exists according to earlier cached lookups.
======== Resolving module '../lib/request' from 'd:/DOPAMS/Toystack/dopams-backend-staging/node_modules/aws-sdk/clients/fis.d.ts'. ========
Resolution for module '../lib/request' was found in cache from location 'd:/DOPAMS/Toystack/dopams-backend-staging/node_modules/aws-sdk/clients'.
======== Module name '../lib/request' was successfully resolved to 'd:/DOPAMS/Toystack/dopams-backend-staging/node_modules/aws-sdk/lib/request.d.ts' with Package ID 'aws-sdk/lib/request.d.ts@2.1693.0'. ========
======== Resolving module '../lib/response' from 'd:/DOPAMS/Toystack/dopams-backend-staging/node_modules/aws-sdk/clients/fis.d.ts'. ========
Resolution for module '../lib/response' was found in cache from location 'd:/DOPAMS/Toystack/dopams-backend-staging/node_modules/aws-sdk/clients'.
======== Module name '../lib/response' was successfully resolved to 'd:/DOPAMS/Toystack/dopams-backend-staging/node_modules/aws-sdk/lib/response.d.ts' with Package ID 'aws-sdk/lib/response.d.ts@2.1693.0'. ========
======== Resolving module '../lib/error' from 'd:/DOPAMS/Toystack/dopams-backend-staging/node_modules/aws-sdk/clients/fis.d.ts'. ========
Resolution for module '../lib/error' was found in cache from location 'd:/DOPAMS/Toystack/dopams-backend-staging/node_modules/aws-sdk/clients'.
======== Module name '../lib/error' was successfully resolved to 'd:/DOPAMS/Toystack/dopams-backend-staging/node_modules/aws-sdk/lib/error.d.ts' with Package ID 'aws-sdk/lib/error.d.ts@2.1693.0'. ========
======== Resolving module '../lib/service' from 'd:/DOPAMS/Toystack/dopams-backend-staging/node_modules/aws-sdk/clients/fis.d.ts'. ========
Resolution for module '../lib/service' was found in cache from location 'd:/DOPAMS/Toystack/dopams-backend-staging/node_modules/aws-sdk/clients'.
======== Module name '../lib/service' was successfully resolved to 'd:/DOPAMS/Toystack/dopams-backend-staging/node_modules/aws-sdk/lib/service.d.ts' with Package ID 'aws-sdk/lib/service.d.ts@2.1693.0'. ========
======== Resolving module '../lib/config-base' from 'd:/DOPAMS/Toystack/dopams-backend-staging/node_modules/aws-sdk/clients/fis.d.ts'. ========
Resolution for module '../lib/config-base' was found in cache from location 'd:/DOPAMS/Toystack/dopams-backend-staging/node_modules/aws-sdk/clients'.
======== Module name '../lib/config-base' was successfully resolved to 'd:/DOPAMS/Toystack/dopams-backend-staging/node_modules/aws-sdk/lib/config-base.d.ts' with Package ID 'aws-sdk/lib/config-base.d.ts@2.1693.0'. ========
File 'd:/DOPAMS/Toystack/dopams-backend-staging/node_modules/aws-sdk/clients/package.json' does not exist according to earlier cached lookups.
File 'd:/DOPAMS/Toystack/dopams-backend-staging/node_modules/aws-sdk/package.json' exists according to earlier cached lookups.
======== Resolving module '../lib/request' from 'd:/DOPAMS/Toystack/dopams-backend-staging/node_modules/aws-sdk/clients/lookoutmetrics.d.ts'. ========
Resolution for module '../lib/request' was found in cache from location 'd:/DOPAMS/Toystack/dopams-backend-staging/node_modules/aws-sdk/clients'.
======== Module name '../lib/request' was successfully resolved to 'd:/DOPAMS/Toystack/dopams-backend-staging/node_modules/aws-sdk/lib/request.d.ts' with Package ID 'aws-sdk/lib/request.d.ts@2.1693.0'. ========
======== Resolving module '../lib/response' from 'd:/DOPAMS/Toystack/dopams-backend-staging/node_modules/aws-sdk/clients/lookoutmetrics.d.ts'. ========
Resolution for module '../lib/response' was found in cache from location 'd:/DOPAMS/Toystack/dopams-backend-staging/node_modules/aws-sdk/clients'.
======== Module name '../lib/response' was successfully resolved to 'd:/DOPAMS/Toystack/dopams-backend-staging/node_modules/aws-sdk/lib/response.d.ts' with Package ID 'aws-sdk/lib/response.d.ts@2.1693.0'. ========
======== Resolving module '../lib/error' from 'd:/DOPAMS/Toystack/dopams-backend-staging/node_modules/aws-sdk/clients/lookoutmetrics.d.ts'. ========
Resolution for module '../lib/error' was found in cache from location 'd:/DOPAMS/Toystack/dopams-backend-staging/node_modules/aws-sdk/clients'.
======== Module name '../lib/error' was successfully resolved to 'd:/DOPAMS/Toystack/dopams-backend-staging/node_modules/aws-sdk/lib/error.d.ts' with Package ID 'aws-sdk/lib/error.d.ts@2.1693.0'. ========
======== Resolving module '../lib/service' from 'd:/DOPAMS/Toystack/dopams-backend-staging/node_modules/aws-sdk/clients/lookoutmetrics.d.ts'. ========
Resolution for module '../lib/service' was found in cache from location 'd:/DOPAMS/Toystack/dopams-backend-staging/node_modules/aws-sdk/clients'.
======== Module name '../lib/service' was successfully resolved to 'd:/DOPAMS/Toystack/dopams-backend-staging/node_modules/aws-sdk/lib/service.d.ts' with Package ID 'aws-sdk/lib/service.d.ts@2.1693.0'. ========
======== Resolving module '../lib/config-base' from 'd:/DOPAMS/Toystack/dopams-backend-staging/node_modules/aws-sdk/clients/lookoutmetrics.d.ts'. ========
Resolution for module '../lib/config-base' was found in cache from location 'd:/DOPAMS/Toystack/dopams-backend-staging/node_modules/aws-sdk/clients'.
======== Module name '../lib/config-base' was successfully resolved to 'd:/DOPAMS/Toystack/dopams-backend-staging/node_modules/aws-sdk/lib/config-base.d.ts' with Package ID 'aws-sdk/lib/config-base.d.ts@2.1693.0'. ========
File 'd:/DOPAMS/Toystack/dopams-backend-staging/node_modules/aws-sdk/clients/package.json' does not exist according to earlier cached lookups.
File 'd:/DOPAMS/Toystack/dopams-backend-staging/node_modules/aws-sdk/package.json' exists according to earlier cached lookups.
======== Resolving module '../lib/request' from 'd:/DOPAMS/Toystack/dopams-backend-staging/node_modules/aws-sdk/clients/mgn.d.ts'. ========
Resolution for module '../lib/request' was found in cache from location 'd:/DOPAMS/Toystack/dopams-backend-staging/node_modules/aws-sdk/clients'.
======== Module name '../lib/request' was successfully resolved to 'd:/DOPAMS/Toystack/dopams-backend-staging/node_modules/aws-sdk/lib/request.d.ts' with Package ID 'aws-sdk/lib/request.d.ts@2.1693.0'. ========
======== Resolving module '../lib/response' from 'd:/DOPAMS/Toystack/dopams-backend-staging/node_modules/aws-sdk/clients/mgn.d.ts'. ========
Resolution for module '../lib/response' was found in cache from location 'd:/DOPAMS/Toystack/dopams-backend-staging/node_modules/aws-sdk/clients'.
======== Module name '../lib/response' was successfully resolved to 'd:/DOPAMS/Toystack/dopams-backend-staging/node_modules/aws-sdk/lib/response.d.ts' with Package ID 'aws-sdk/lib/response.d.ts@2.1693.0'. ========
======== Resolving module '../lib/error' from 'd:/DOPAMS/Toystack/dopams-backend-staging/node_modules/aws-sdk/clients/mgn.d.ts'. ========
Resolution for module '../lib/error' was found in cache from location 'd:/DOPAMS/Toystack/dopams-backend-staging/node_modules/aws-sdk/clients'.
======== Module name '../lib/error' was successfully resolved to 'd:/DOPAMS/Toystack/dopams-backend-staging/node_modules/aws-sdk/lib/error.d.ts' with Package ID 'aws-sdk/lib/error.d.ts@2.1693.0'. ========
======== Resolving module '../lib/service' from 'd:/DOPAMS/Toystack/dopams-backend-staging/node_modules/aws-sdk/clients/mgn.d.ts'. ========
Resolution for module '../lib/service' was found in cache from location 'd:/DOPAMS/Toystack/dopams-backend-staging/node_modules/aws-sdk/clients'.
======== Module name '../lib/service' was successfully resolved to 'd:/DOPAMS/Toystack/dopams-backend-staging/node_modules/aws-sdk/lib/service.d.ts' with Package ID 'aws-sdk/lib/service.d.ts@2.1693.0'. ========
======== Resolving module '../lib/config-base' from 'd:/DOPAMS/Toystack/dopams-backend-staging/node_modules/aws-sdk/clients/mgn.d.ts'. ========
Resolution for module '../lib/config-base' was found in cache from location 'd:/DOPAMS/Toystack/dopams-backend-staging/node_modules/aws-sdk/clients'.
======== Module name '../lib/config-base' was successfully resolved to 'd:/DOPAMS/Toystack/dopams-backend-staging/node_modules/aws-sdk/lib/config-base.d.ts' with Package ID 'aws-sdk/lib/config-base.d.ts@2.1693.0'. ========
File 'd:/DOPAMS/Toystack/dopams-backend-staging/node_modules/aws-sdk/clients/package.json' does not exist according to earlier cached lookups.
File 'd:/DOPAMS/Toystack/dopams-backend-staging/node_modules/aws-sdk/package.json' exists according to earlier cached lookups.
======== Resolving module '../lib/request' from 'd:/DOPAMS/Toystack/dopams-backend-staging/node_modules/aws-sdk/clients/lookoutequipment.d.ts'. ========
Resolution for module '../lib/request' was found in cache from location 'd:/DOPAMS/Toystack/dopams-backend-staging/node_modules/aws-sdk/clients'.
======== Module name '../lib/request' was successfully resolved to 'd:/DOPAMS/Toystack/dopams-backend-staging/node_modules/aws-sdk/lib/request.d.ts' with Package ID 'aws-sdk/lib/request.d.ts@2.1693.0'. ========
======== Resolving module '../lib/response' from 'd:/DOPAMS/Toystack/dopams-backend-staging/node_modules/aws-sdk/clients/lookoutequipment.d.ts'. ========
Resolution for module '../lib/response' was found in cache from location 'd:/DOPAMS/Toystack/dopams-backend-staging/node_modules/aws-sdk/clients'.
======== Module name '../lib/response' was successfully resolved to 'd:/DOPAMS/Toystack/dopams-backend-staging/node_modules/aws-sdk/lib/response.d.ts' with Package ID 'aws-sdk/lib/response.d.ts@2.1693.0'. ========
======== Resolving module '../lib/error' from 'd:/DOPAMS/Toystack/dopams-backend-staging/node_modules/aws-sdk/clients/lookoutequipment.d.ts'. ========
Resolution for module '../lib/error' was found in cache from location 'd:/DOPAMS/Toystack/dopams-backend-staging/node_modules/aws-sdk/clients'.
======== Module name '../lib/error' was successfully resolved to 'd:/DOPAMS/Toystack/dopams-backend-staging/node_modules/aws-sdk/lib/error.d.ts' with Package ID 'aws-sdk/lib/error.d.ts@2.1693.0'. ========
======== Resolving module '../lib/service' from 'd:/DOPAMS/Toystack/dopams-backend-staging/node_modules/aws-sdk/clients/lookoutequipment.d.ts'. ========
Resolution for module '../lib/service' was found in cache from location 'd:/DOPAMS/Toystack/dopams-backend-staging/node_modules/aws-sdk/clients'.
======== Module name '../lib/service' was successfully resolved to 'd:/DOPAMS/Toystack/dopams-backend-staging/node_modules/aws-sdk/lib/service.d.ts' with Package ID 'aws-sdk/lib/service.d.ts@2.1693.0'. ========
======== Resolving module '../lib/config-base' from 'd:/DOPAMS/Toystack/dopams-backend-staging/node_modules/aws-sdk/clients/lookoutequipment.d.ts'. ========
Resolution for module '../lib/config-base' was found in cache from location 'd:/DOPAMS/Toystack/dopams-backend-staging/node_modules/aws-sdk/clients'.
======== Module name '../lib/config-base' was successfully resolved to 'd:/DOPAMS/Toystack/dopams-backend-staging/node_modules/aws-sdk/lib/config-base.d.ts' with Package ID 'aws-sdk/lib/config-base.d.ts@2.1693.0'. ========
File 'd:/DOPAMS/Toystack/dopams-backend-staging/node_modules/aws-sdk/clients/package.json' does not exist according to earlier cached lookups.
File 'd:/DOPAMS/Toystack/dopams-backend-staging/node_modules/aws-sdk/package.json' exists according to earlier cached lookups.
======== Resolving module '../lib/request' from 'd:/DOPAMS/Toystack/dopams-backend-staging/node_modules/aws-sdk/clients/nimble.d.ts'. ========
Resolution for module '../lib/request' was found in cache from location 'd:/DOPAMS/Toystack/dopams-backend-staging/node_modules/aws-sdk/clients'.
======== Module name '../lib/request' was successfully resolved to 'd:/DOPAMS/Toystack/dopams-backend-staging/node_modules/aws-sdk/lib/request.d.ts' with Package ID 'aws-sdk/lib/request.d.ts@2.1693.0'. ========
======== Resolving module '../lib/response' from 'd:/DOPAMS/Toystack/dopams-backend-staging/node_modules/aws-sdk/clients/nimble.d.ts'. ========
Resolution for module '../lib/response' was found in cache from location 'd:/DOPAMS/Toystack/dopams-backend-staging/node_modules/aws-sdk/clients'.
======== Module name '../lib/response' was successfully resolved to 'd:/DOPAMS/Toystack/dopams-backend-staging/node_modules/aws-sdk/lib/response.d.ts' with Package ID 'aws-sdk/lib/response.d.ts@2.1693.0'. ========
======== Resolving module '../lib/error' from 'd:/DOPAMS/Toystack/dopams-backend-staging/node_modules/aws-sdk/clients/nimble.d.ts'. ========
Resolution for module '../lib/error' was found in cache from location 'd:/DOPAMS/Toystack/dopams-backend-staging/node_modules/aws-sdk/clients'.
======== Module name '../lib/error' was successfully resolved to 'd:/DOPAMS/Toystack/dopams-backend-staging/node_modules/aws-sdk/lib/error.d.ts' with Package ID 'aws-sdk/lib/error.d.ts@2.1693.0'. ========
======== Resolving module '../lib/service' from 'd:/DOPAMS/Toystack/dopams-backend-staging/node_modules/aws-sdk/clients/nimble.d.ts'. ========
Resolution for module '../lib/service' was found in cache from location 'd:/DOPAMS/Toystack/dopams-backend-staging/node_modules/aws-sdk/clients'.
======== Module name '../lib/service' was successfully resolved to 'd:/DOPAMS/Toystack/dopams-backend-staging/node_modules/aws-sdk/lib/service.d.ts' with Package ID 'aws-sdk/lib/service.d.ts@2.1693.0'. ========
======== Resolving module '../lib/config-base' from 'd:/DOPAMS/Toystack/dopams-backend-staging/node_modules/aws-sdk/clients/nimble.d.ts'. ========
Resolution for module '../lib/config-base' was found in cache from location 'd:/DOPAMS/Toystack/dopams-backend-staging/node_modules/aws-sdk/clients'.
======== Module name '../lib/config-base' was successfully resolved to 'd:/DOPAMS/Toystack/dopams-backend-staging/node_modules/aws-sdk/lib/config-base.d.ts' with Package ID 'aws-sdk/lib/config-base.d.ts@2.1693.0'. ========
File 'd:/DOPAMS/Toystack/dopams-backend-staging/node_modules/aws-sdk/clients/package.json' does not exist according to earlier cached lookups.
File 'd:/DOPAMS/Toystack/dopams-backend-staging/node_modules/aws-sdk/package.json' exists according to earlier cached lookups.
======== Resolving module '../lib/request' from 'd:/DOPAMS/Toystack/dopams-backend-staging/node_modules/aws-sdk/clients/finspace.d.ts'. ========
Resolution for module '../lib/request' was found in cache from location 'd:/DOPAMS/Toystack/dopams-backend-staging/node_modules/aws-sdk/clients'.
======== Module name '../lib/request' was successfully resolved to 'd:/DOPAMS/Toystack/dopams-backend-staging/node_modules/aws-sdk/lib/request.d.ts' with Package ID 'aws-sdk/lib/request.d.ts@2.1693.0'. ========
======== Resolving module '../lib/response' from 'd:/DOPAMS/Toystack/dopams-backend-staging/node_modules/aws-sdk/clients/finspace.d.ts'. ========
Resolution for module '../lib/response' was found in cache from location 'd:/DOPAMS/Toystack/dopams-backend-staging/node_modules/aws-sdk/clients'.
======== Module name '../lib/response' was successfully resolved to 'd:/DOPAMS/Toystack/dopams-backend-staging/node_modules/aws-sdk/lib/response.d.ts' with Package ID 'aws-sdk/lib/response.d.ts@2.1693.0'. ========
======== Resolving module '../lib/error' from 'd:/DOPAMS/Toystack/dopams-backend-staging/node_modules/aws-sdk/clients/finspace.d.ts'. ========
Resolution for module '../lib/error' was found in cache from location 'd:/DOPAMS/Toystack/dopams-backend-staging/node_modules/aws-sdk/clients'.
======== Module name '../lib/error' was successfully resolved to 'd:/DOPAMS/Toystack/dopams-backend-staging/node_modules/aws-sdk/lib/error.d.ts' with Package ID 'aws-sdk/lib/error.d.ts@2.1693.0'. ========
======== Resolving module '../lib/service' from 'd:/DOPAMS/Toystack/dopams-backend-staging/node_modules/aws-sdk/clients/finspace.d.ts'. ========
Resolution for module '../lib/service' was found in cache from location 'd:/DOPAMS/Toystack/dopams-backend-staging/node_modules/aws-sdk/clients'.
======== Module name '../lib/service' was successfully resolved to 'd:/DOPAMS/Toystack/dopams-backend-staging/node_modules/aws-sdk/lib/service.d.ts' with Package ID 'aws-sdk/lib/service.d.ts@2.1693.0'. ========
======== Resolving module '../lib/config-base' from 'd:/DOPAMS/Toystack/dopams-backend-staging/node_modules/aws-sdk/clients/finspace.d.ts'. ========
Resolution for module '../lib/config-base' was found in cache from location 'd:/DOPAMS/Toystack/dopams-backend-staging/node_modules/aws-sdk/clients'.
======== Module name '../lib/config-base' was successfully resolved to 'd:/DOPAMS/Toystack/dopams-backend-staging/node_modules/aws-sdk/lib/config-base.d.ts' with Package ID 'aws-sdk/lib/config-base.d.ts@2.1693.0'. ========
File 'd:/DOPAMS/Toystack/dopams-backend-staging/node_modules/aws-sdk/clients/package.json' does not exist according to earlier cached lookups.
File 'd:/DOPAMS/Toystack/dopams-backend-staging/node_modules/aws-sdk/package.json' exists according to earlier cached lookups.
======== Resolving module '../lib/request' from 'd:/DOPAMS/Toystack/dopams-backend-staging/node_modules/aws-sdk/clients/finspacedata.d.ts'. ========
Resolution for module '../lib/request' was found in cache from location 'd:/DOPAMS/Toystack/dopams-backend-staging/node_modules/aws-sdk/clients'.
======== Module name '../lib/request' was successfully resolved to 'd:/DOPAMS/Toystack/dopams-backend-staging/node_modules/aws-sdk/lib/request.d.ts' with Package ID 'aws-sdk/lib/request.d.ts@2.1693.0'. ========
======== Resolving module '../lib/response' from 'd:/DOPAMS/Toystack/dopams-backend-staging/node_modules/aws-sdk/clients/finspacedata.d.ts'. ========
Resolution for module '../lib/response' was found in cache from location 'd:/DOPAMS/Toystack/dopams-backend-staging/node_modules/aws-sdk/clients'.
======== Module name '../lib/response' was successfully resolved to 'd:/DOPAMS/Toystack/dopams-backend-staging/node_modules/aws-sdk/lib/response.d.ts' with Package ID 'aws-sdk/lib/response.d.ts@2.1693.0'. ========
======== Resolving module '../lib/error' from 'd:/DOPAMS/Toystack/dopams-backend-staging/node_modules/aws-sdk/clients/finspacedata.d.ts'. ========
Resolution for module '../lib/error' was found in cache from location 'd:/DOPAMS/Toystack/dopams-backend-staging/node_modules/aws-sdk/clients'.
======== Module name '../lib/error' was successfully resolved to 'd:/DOPAMS/Toystack/dopams-backend-staging/node_modules/aws-sdk/lib/error.d.ts' with Package ID 'aws-sdk/lib/error.d.ts@2.1693.0'. ========
======== Resolving module '../lib/service' from 'd:/DOPAMS/Toystack/dopams-backend-staging/node_modules/aws-sdk/clients/finspacedata.d.ts'. ========
Resolution for module '../lib/service' was found in cache from location 'd:/DOPAMS/Toystack/dopams-backend-staging/node_modules/aws-sdk/clients'.
======== Module name '../lib/service' was successfully resolved to 'd:/DOPAMS/Toystack/dopams-backend-staging/node_modules/aws-sdk/lib/service.d.ts' with Package ID 'aws-sdk/lib/service.d.ts@2.1693.0'. ========
======== Resolving module '../lib/config-base' from 'd:/DOPAMS/Toystack/dopams-backend-staging/node_modules/aws-sdk/clients/finspacedata.d.ts'. ========
Resolution for module '../lib/config-base' was found in cache from location 'd:/DOPAMS/Toystack/dopams-backend-staging/node_modules/aws-sdk/clients'.
======== Module name '../lib/config-base' was successfully resolved to 'd:/DOPAMS/Toystack/dopams-backend-staging/node_modules/aws-sdk/lib/config-base.d.ts' with Package ID 'aws-sdk/lib/config-base.d.ts@2.1693.0'. ========
File 'd:/DOPAMS/Toystack/dopams-backend-staging/node_modules/aws-sdk/clients/package.json' does not exist according to earlier cached lookups.
File 'd:/DOPAMS/Toystack/dopams-backend-staging/node_modules/aws-sdk/package.json' exists according to earlier cached lookups.
======== Resolving module '../lib/request' from 'd:/DOPAMS/Toystack/dopams-backend-staging/node_modules/aws-sdk/clients/ssmcontacts.d.ts'. ========
Resolution for module '../lib/request' was found in cache from location 'd:/DOPAMS/Toystack/dopams-backend-staging/node_modules/aws-sdk/clients'.
======== Module name '../lib/request' was successfully resolved to 'd:/DOPAMS/Toystack/dopams-backend-staging/node_modules/aws-sdk/lib/request.d.ts' with Package ID 'aws-sdk/lib/request.d.ts@2.1693.0'. ========
======== Resolving module '../lib/response' from 'd:/DOPAMS/Toystack/dopams-backend-staging/node_modules/aws-sdk/clients/ssmcontacts.d.ts'. ========
Resolution for module '../lib/response' was found in cache from location 'd:/DOPAMS/Toystack/dopams-backend-staging/node_modules/aws-sdk/clients'.
======== Module name '../lib/response' was successfully resolved to 'd:/DOPAMS/Toystack/dopams-backend-staging/node_modules/aws-sdk/lib/response.d.ts' with Package ID 'aws-sdk/lib/response.d.ts@2.1693.0'. ========
======== Resolving module '../lib/error' from 'd:/DOPAMS/Toystack/dopams-backend-staging/node_modules/aws-sdk/clients/ssmcontacts.d.ts'. ========
Resolution for module '../lib/error' was found in cache from location 'd:/DOPAMS/Toystack/dopams-backend-staging/node_modules/aws-sdk/clients'.
======== Module name '../lib/error' was successfully resolved to 'd:/DOPAMS/Toystack/dopams-backend-staging/node_modules/aws-sdk/lib/error.d.ts' with Package ID 'aws-sdk/lib/error.d.ts@2.1693.0'. ========
======== Resolving module '../lib/service' from 'd:/DOPAMS/Toystack/dopams-backend-staging/node_modules/aws-sdk/clients/ssmcontacts.d.ts'. ========
Resolution for module '../lib/service' was found in cache from location 'd:/DOPAMS/Toystack/dopams-backend-staging/node_modules/aws-sdk/clients'.
======== Module name '../lib/service' was successfully resolved to 'd:/DOPAMS/Toystack/dopams-backend-staging/node_modules/aws-sdk/lib/service.d.ts' with Package ID 'aws-sdk/lib/service.d.ts@2.1693.0'. ========
======== Resolving module '../lib/config-base' from 'd:/DOPAMS/Toystack/dopams-backend-staging/node_modules/aws-sdk/clients/ssmcontacts.d.ts'. ========
Resolution for module '../lib/config-base' was found in cache from location 'd:/DOPAMS/Toystack/dopams-backend-staging/node_modules/aws-sdk/clients'.
======== Module name '../lib/config-base' was successfully resolved to 'd:/DOPAMS/Toystack/dopams-backend-staging/node_modules/aws-sdk/lib/config-base.d.ts' with Package ID 'aws-sdk/lib/config-base.d.ts@2.1693.0'. ========
File 'd:/DOPAMS/Toystack/dopams-backend-staging/node_modules/aws-sdk/clients/package.json' does not exist according to earlier cached lookups.
File 'd:/DOPAMS/Toystack/dopams-backend-staging/node_modules/aws-sdk/package.json' exists according to earlier cached lookups.
======== Resolving module '../lib/request' from 'd:/DOPAMS/Toystack/dopams-backend-staging/node_modules/aws-sdk/clients/ssmincidents.d.ts'. ========
Resolution for module '../lib/request' was found in cache from location 'd:/DOPAMS/Toystack/dopams-backend-staging/node_modules/aws-sdk/clients'.
======== Module name '../lib/request' was successfully resolved to 'd:/DOPAMS/Toystack/dopams-backend-staging/node_modules/aws-sdk/lib/request.d.ts' with Package ID 'aws-sdk/lib/request.d.ts@2.1693.0'. ========
======== Resolving module '../lib/response' from 'd:/DOPAMS/Toystack/dopams-backend-staging/node_modules/aws-sdk/clients/ssmincidents.d.ts'. ========
Resolution for module '../lib/response' was found in cache from location 'd:/DOPAMS/Toystack/dopams-backend-staging/node_modules/aws-sdk/clients'.
======== Module name '../lib/response' was successfully resolved to 'd:/DOPAMS/Toystack/dopams-backend-staging/node_modules/aws-sdk/lib/response.d.ts' with Package ID 'aws-sdk/lib/response.d.ts@2.1693.0'. ========
======== Resolving module '../lib/error' from 'd:/DOPAMS/Toystack/dopams-backend-staging/node_modules/aws-sdk/clients/ssmincidents.d.ts'. ========
Resolution for module '../lib/error' was found in cache from location 'd:/DOPAMS/Toystack/dopams-backend-staging/node_modules/aws-sdk/clients'.
======== Module name '../lib/error' was successfully resolved to 'd:/DOPAMS/Toystack/dopams-backend-staging/node_modules/aws-sdk/lib/error.d.ts' with Package ID 'aws-sdk/lib/error.d.ts@2.1693.0'. ========
======== Resolving module '../lib/service' from 'd:/DOPAMS/Toystack/dopams-backend-staging/node_modules/aws-sdk/clients/ssmincidents.d.ts'. ========
Resolution for module '../lib/service' was found in cache from location 'd:/DOPAMS/Toystack/dopams-backend-staging/node_modules/aws-sdk/clients'.
======== Module name '../lib/service' was successfully resolved to 'd:/DOPAMS/Toystack/dopams-backend-staging/node_modules/aws-sdk/lib/service.d.ts' with Package ID 'aws-sdk/lib/service.d.ts@2.1693.0'. ========
======== Resolving module '../lib/config-base' from 'd:/DOPAMS/Toystack/dopams-backend-staging/node_modules/aws-sdk/clients/ssmincidents.d.ts'. ========
Resolution for module '../lib/config-base' was found in cache from location 'd:/DOPAMS/Toystack/dopams-backend-staging/node_modules/aws-sdk/clients'.
======== Module name '../lib/config-base' was successfully resolved to 'd:/DOPAMS/Toystack/dopams-backend-staging/node_modules/aws-sdk/lib/config-base.d.ts' with Package ID 'aws-sdk/lib/config-base.d.ts@2.1693.0'. ========
File 'd:/DOPAMS/Toystack/dopams-backend-staging/node_modules/aws-sdk/clients/package.json' does not exist according to earlier cached lookups.
File 'd:/DOPAMS/Toystack/dopams-backend-staging/node_modules/aws-sdk/package.json' exists according to earlier cached lookups.
======== Resolving module '../lib/request' from 'd:/DOPAMS/Toystack/dopams-backend-staging/node_modules/aws-sdk/clients/applicationcostprofiler.d.ts'. ========
Resolution for module '../lib/request' was found in cache from location 'd:/DOPAMS/Toystack/dopams-backend-staging/node_modules/aws-sdk/clients'.
======== Module name '../lib/request' was successfully resolved to 'd:/DOPAMS/Toystack/dopams-backend-staging/node_modules/aws-sdk/lib/request.d.ts' with Package ID 'aws-sdk/lib/request.d.ts@2.1693.0'. ========
======== Resolving module '../lib/response' from 'd:/DOPAMS/Toystack/dopams-backend-staging/node_modules/aws-sdk/clients/applicationcostprofiler.d.ts'. ========
Resolution for module '../lib/response' was found in cache from location 'd:/DOPAMS/Toystack/dopams-backend-staging/node_modules/aws-sdk/clients'.
======== Module name '../lib/response' was successfully resolved to 'd:/DOPAMS/Toystack/dopams-backend-staging/node_modules/aws-sdk/lib/response.d.ts' with Package ID 'aws-sdk/lib/response.d.ts@2.1693.0'. ========
======== Resolving module '../lib/error' from 'd:/DOPAMS/Toystack/dopams-backend-staging/node_modules/aws-sdk/clients/applicationcostprofiler.d.ts'. ========
Resolution for module '../lib/error' was found in cache from location 'd:/DOPAMS/Toystack/dopams-backend-staging/node_modules/aws-sdk/clients'.
======== Module name '../lib/error' was successfully resolved to 'd:/DOPAMS/Toystack/dopams-backend-staging/node_modules/aws-sdk/lib/error.d.ts' with Package ID 'aws-sdk/lib/error.d.ts@2.1693.0'. ========
======== Resolving module '../lib/service' from 'd:/DOPAMS/Toystack/dopams-backend-staging/node_modules/aws-sdk/clients/applicationcostprofiler.d.ts'. ========
Resolution for module '../lib/service' was found in cache from location 'd:/DOPAMS/Toystack/dopams-backend-staging/node_modules/aws-sdk/clients'.
======== Module name '../lib/service' was successfully resolved to 'd:/DOPAMS/Toystack/dopams-backend-staging/node_modules/aws-sdk/lib/service.d.ts' with Package ID 'aws-sdk/lib/service.d.ts@2.1693.0'. ========
======== Resolving module '../lib/config-base' from 'd:/DOPAMS/Toystack/dopams-backend-staging/node_modules/aws-sdk/clients/applicationcostprofiler.d.ts'. ========
Resolution for module '../lib/config-base' was found in cache from location 'd:/DOPAMS/Toystack/dopams-backend-staging/node_modules/aws-sdk/clients'.
======== Module name '../lib/config-base' was successfully resolved to 'd:/DOPAMS/Toystack/dopams-backend-staging/node_modules/aws-sdk/lib/config-base.d.ts' with Package ID 'aws-sdk/lib/config-base.d.ts@2.1693.0'. ========
File 'd:/DOPAMS/Toystack/dopams-backend-staging/node_modules/aws-sdk/clients/package.json' does not exist according to earlier cached lookups.
File 'd:/DOPAMS/Toystack/dopams-backend-staging/node_modules/aws-sdk/package.json' exists according to earlier cached lookups.
======== Resolving module '../lib/request' from 'd:/DOPAMS/Toystack/dopams-backend-staging/node_modules/aws-sdk/clients/apprunner.d.ts'. ========
Resolution for module '../lib/request' was found in cache from location 'd:/DOPAMS/Toystack/dopams-backend-staging/node_modules/aws-sdk/clients'.
======== Module name '../lib/request' was successfully resolved to 'd:/DOPAMS/Toystack/dopams-backend-staging/node_modules/aws-sdk/lib/request.d.ts' with Package ID 'aws-sdk/lib/request.d.ts@2.1693.0'. ========
======== Resolving module '../lib/response' from 'd:/DOPAMS/Toystack/dopams-backend-staging/node_modules/aws-sdk/clients/apprunner.d.ts'. ========
Resolution for module '../lib/response' was found in cache from location 'd:/DOPAMS/Toystack/dopams-backend-staging/node_modules/aws-sdk/clients'.
======== Module name '../lib/response' was successfully resolved to 'd:/DOPAMS/Toystack/dopams-backend-staging/node_modules/aws-sdk/lib/response.d.ts' with Package ID 'aws-sdk/lib/response.d.ts@2.1693.0'. ========
======== Resolving module '../lib/error' from 'd:/DOPAMS/Toystack/dopams-backend-staging/node_modules/aws-sdk/clients/apprunner.d.ts'. ========
Resolution for module '../lib/error' was found in cache from location 'd:/DOPAMS/Toystack/dopams-backend-staging/node_modules/aws-sdk/clients'.
======== Module name '../lib/error' was successfully resolved to 'd:/DOPAMS/Toystack/dopams-backend-staging/node_modules/aws-sdk/lib/error.d.ts' with Package ID 'aws-sdk/lib/error.d.ts@2.1693.0'. ========
======== Resolving module '../lib/service' from 'd:/DOPAMS/Toystack/dopams-backend-staging/node_modules/aws-sdk/clients/apprunner.d.ts'. ========
Resolution for module '../lib/service' was found in cache from location 'd:/DOPAMS/Toystack/dopams-backend-staging/node_modules/aws-sdk/clients'.
======== Module name '../lib/service' was successfully resolved to 'd:/DOPAMS/Toystack/dopams-backend-staging/node_modules/aws-sdk/lib/service.d.ts' with Package ID 'aws-sdk/lib/service.d.ts@2.1693.0'. ========
======== Resolving module '../lib/config-base' from 'd:/DOPAMS/Toystack/dopams-backend-staging/node_modules/aws-sdk/clients/apprunner.d.ts'. ========
Resolution for module '../lib/config-base' was found in cache from location 'd:/DOPAMS/Toystack/dopams-backend-staging/node_modules/aws-sdk/clients'.
======== Module name '../lib/config-base' was successfully resolved to 'd:/DOPAMS/Toystack/dopams-backend-staging/node_modules/aws-sdk/lib/config-base.d.ts' with Package ID 'aws-sdk/lib/config-base.d.ts@2.1693.0'. ========
File 'd:/DOPAMS/Toystack/dopams-backend-staging/node_modules/aws-sdk/clients/package.json' does not exist according to earlier cached lookups.
File 'd:/DOPAMS/Toystack/dopams-backend-staging/node_modules/aws-sdk/package.json' exists according to earlier cached lookups.
======== Resolving module '../lib/request' from 'd:/DOPAMS/Toystack/dopams-backend-staging/node_modules/aws-sdk/clients/proton.d.ts'. ========
Resolution for module '../lib/request' was found in cache from location 'd:/DOPAMS/Toystack/dopams-backend-staging/node_modules/aws-sdk/clients'.
======== Module name '../lib/request' was successfully resolved to 'd:/DOPAMS/Toystack/dopams-backend-staging/node_modules/aws-sdk/lib/request.d.ts' with Package ID 'aws-sdk/lib/request.d.ts@2.1693.0'. ========
======== Resolving module '../lib/response' from 'd:/DOPAMS/Toystack/dopams-backend-staging/node_modules/aws-sdk/clients/proton.d.ts'. ========
Resolution for module '../lib/response' was found in cache from location 'd:/DOPAMS/Toystack/dopams-backend-staging/node_modules/aws-sdk/clients'.
======== Module name '../lib/response' was successfully resolved to 'd:/DOPAMS/Toystack/dopams-backend-staging/node_modules/aws-sdk/lib/response.d.ts' with Package ID 'aws-sdk/lib/response.d.ts@2.1693.0'. ========
======== Resolving module '../lib/error' from 'd:/DOPAMS/Toystack/dopams-backend-staging/node_modules/aws-sdk/clients/proton.d.ts'. ========
Resolution for module '../lib/error' was found in cache from location 'd:/DOPAMS/Toystack/dopams-backend-staging/node_modules/aws-sdk/clients'.
======== Module name '../lib/error' was successfully resolved to 'd:/DOPAMS/Toystack/dopams-backend-staging/node_modules/aws-sdk/lib/error.d.ts' with Package ID 'aws-sdk/lib/error.d.ts@2.1693.0'. ========
======== Resolving module '../lib/service' from 'd:/DOPAMS/Toystack/dopams-backend-staging/node_modules/aws-sdk/clients/proton.d.ts'. ========
Resolution for module '../lib/service' was found in cache from location 'd:/DOPAMS/Toystack/dopams-backend-staging/node_modules/aws-sdk/clients'.
======== Module name '../lib/service' was successfully resolved to 'd:/DOPAMS/Toystack/dopams-backend-staging/node_modules/aws-sdk/lib/service.d.ts' with Package ID 'aws-sdk/lib/service.d.ts@2.1693.0'. ========
======== Resolving module '../lib/config-base' from 'd:/DOPAMS/Toystack/dopams-backend-staging/node_modules/aws-sdk/clients/proton.d.ts'. ========
Resolution for module '../lib/config-base' was found in cache from location 'd:/DOPAMS/Toystack/dopams-backend-staging/node_modules/aws-sdk/clients'.
======== Module name '../lib/config-base' was successfully resolved to 'd:/DOPAMS/Toystack/dopams-backend-staging/node_modules/aws-sdk/lib/config-base.d.ts' with Package ID 'aws-sdk/lib/config-base.d.ts@2.1693.0'. ========
File 'd:/DOPAMS/Toystack/dopams-backend-staging/node_modules/aws-sdk/clients/package.json' does not exist according to earlier cached lookups.
File 'd:/DOPAMS/Toystack/dopams-backend-staging/node_modules/aws-sdk/package.json' exists according to earlier cached lookups.
======== Resolving module '../lib/request' from 'd:/DOPAMS/Toystack/dopams-backend-staging/node_modules/aws-sdk/clients/route53recoverycluster.d.ts'. ========
Resolution for module '../lib/request' was found in cache from location 'd:/DOPAMS/Toystack/dopams-backend-staging/node_modules/aws-sdk/clients'.
======== Module name '../lib/request' was successfully resolved to 'd:/DOPAMS/Toystack/dopams-backend-staging/node_modules/aws-sdk/lib/request.d.ts' with Package ID 'aws-sdk/lib/request.d.ts@2.1693.0'. ========
======== Resolving module '../lib/response' from 'd:/DOPAMS/Toystack/dopams-backend-staging/node_modules/aws-sdk/clients/route53recoverycluster.d.ts'. ========
Resolution for module '../lib/response' was found in cache from location 'd:/DOPAMS/Toystack/dopams-backend-staging/node_modules/aws-sdk/clients'.
======== Module name '../lib/response' was successfully resolved to 'd:/DOPAMS/Toystack/dopams-backend-staging/node_modules/aws-sdk/lib/response.d.ts' with Package ID 'aws-sdk/lib/response.d.ts@2.1693.0'. ========
======== Resolving module '../lib/error' from 'd:/DOPAMS/Toystack/dopams-backend-staging/node_modules/aws-sdk/clients/route53recoverycluster.d.ts'. ========
Resolution for module '../lib/error' was found in cache from location 'd:/DOPAMS/Toystack/dopams-backend-staging/node_modules/aws-sdk/clients'.
======== Module name '../lib/error' was successfully resolved to 'd:/DOPAMS/Toystack/dopams-backend-staging/node_modules/aws-sdk/lib/error.d.ts' with Package ID 'aws-sdk/lib/error.d.ts@2.1693.0'. ========
======== Resolving module '../lib/service' from 'd:/DOPAMS/Toystack/dopams-backend-staging/node_modules/aws-sdk/clients/route53recoverycluster.d.ts'. ========
Resolution for module '../lib/service' was found in cache from location 'd:/DOPAMS/Toystack/dopams-backend-staging/node_modules/aws-sdk/clients'.
======== Module name '../lib/service' was successfully resolved to 'd:/DOPAMS/Toystack/dopams-backend-staging/node_modules/aws-sdk/lib/service.d.ts' with Package ID 'aws-sdk/lib/service.d.ts@2.1693.0'. ========
======== Resolving module '../lib/config-base' from 'd:/DOPAMS/Toystack/dopams-backend-staging/node_modules/aws-sdk/clients/route53recoverycluster.d.ts'. ========
Resolution for module '../lib/config-base' was found in cache from location 'd:/DOPAMS/Toystack/dopams-backend-staging/node_modules/aws-sdk/clients'.
======== Module name '../lib/config-base' was successfully resolved to 'd:/DOPAMS/Toystack/dopams-backend-staging/node_modules/aws-sdk/lib/config-base.d.ts' with Package ID 'aws-sdk/lib/config-base.d.ts@2.1693.0'. ========
File 'd:/DOPAMS/Toystack/dopams-backend-staging/node_modules/aws-sdk/clients/package.json' does not exist according to earlier cached lookups.
File 'd:/DOPAMS/Toystack/dopams-backend-staging/node_modules/aws-sdk/package.json' exists according to earlier cached lookups.
======== Resolving module '../lib/request' from 'd:/DOPAMS/Toystack/dopams-backend-staging/node_modules/aws-sdk/clients/route53recoverycontrolconfig.d.ts'. ========
Resolution for module '../lib/request' was found in cache from location 'd:/DOPAMS/Toystack/dopams-backend-staging/node_modules/aws-sdk/clients'.
======== Module name '../lib/request' was successfully resolved to 'd:/DOPAMS/Toystack/dopams-backend-staging/node_modules/aws-sdk/lib/request.d.ts' with Package ID 'aws-sdk/lib/request.d.ts@2.1693.0'. ========
======== Resolving module '../lib/response' from 'd:/DOPAMS/Toystack/dopams-backend-staging/node_modules/aws-sdk/clients/route53recoverycontrolconfig.d.ts'. ========
Resolution for module '../lib/response' was found in cache from location 'd:/DOPAMS/Toystack/dopams-backend-staging/node_modules/aws-sdk/clients'.
======== Module name '../lib/response' was successfully resolved to 'd:/DOPAMS/Toystack/dopams-backend-staging/node_modules/aws-sdk/lib/response.d.ts' with Package ID 'aws-sdk/lib/response.d.ts@2.1693.0'. ========
======== Resolving module '../lib/error' from 'd:/DOPAMS/Toystack/dopams-backend-staging/node_modules/aws-sdk/clients/route53recoverycontrolconfig.d.ts'. ========
Resolution for module '../lib/error' was found in cache from location 'd:/DOPAMS/Toystack/dopams-backend-staging/node_modules/aws-sdk/clients'.
======== Module name '../lib/error' was successfully resolved to 'd:/DOPAMS/Toystack/dopams-backend-staging/node_modules/aws-sdk/lib/error.d.ts' with Package ID 'aws-sdk/lib/error.d.ts@2.1693.0'. ========
======== Resolving module '../lib/service' from 'd:/DOPAMS/Toystack/dopams-backend-staging/node_modules/aws-sdk/clients/route53recoverycontrolconfig.d.ts'. ========
Resolution for module '../lib/service' was found in cache from location 'd:/DOPAMS/Toystack/dopams-backend-staging/node_modules/aws-sdk/clients'.
======== Module name '../lib/service' was successfully resolved to 'd:/DOPAMS/Toystack/dopams-backend-staging/node_modules/aws-sdk/lib/service.d.ts' with Package ID 'aws-sdk/lib/service.d.ts@2.1693.0'. ========
======== Resolving module '../lib/config-base' from 'd:/DOPAMS/Toystack/dopams-backend-staging/node_modules/aws-sdk/clients/route53recoverycontrolconfig.d.ts'. ========
Resolution for module '../lib/config-base' was found in cache from location 'd:/DOPAMS/Toystack/dopams-backend-staging/node_modules/aws-sdk/clients'.
======== Module name '../lib/config-base' was successfully resolved to 'd:/DOPAMS/Toystack/dopams-backend-staging/node_modules/aws-sdk/lib/config-base.d.ts' with Package ID 'aws-sdk/lib/config-base.d.ts@2.1693.0'. ========
File 'd:/DOPAMS/Toystack/dopams-backend-staging/node_modules/aws-sdk/clients/package.json' does not exist according to earlier cached lookups.
File 'd:/DOPAMS/Toystack/dopams-backend-staging/node_modules/aws-sdk/package.json' exists according to earlier cached lookups.
======== Resolving module '../lib/request' from 'd:/DOPAMS/Toystack/dopams-backend-staging/node_modules/aws-sdk/clients/route53recoveryreadiness.d.ts'. ========
Resolution for module '../lib/request' was found in cache from location 'd:/DOPAMS/Toystack/dopams-backend-staging/node_modules/aws-sdk/clients'.
======== Module name '../lib/request' was successfully resolved to 'd:/DOPAMS/Toystack/dopams-backend-staging/node_modules/aws-sdk/lib/request.d.ts' with Package ID 'aws-sdk/lib/request.d.ts@2.1693.0'. ========
======== Resolving module '../lib/response' from 'd:/DOPAMS/Toystack/dopams-backend-staging/node_modules/aws-sdk/clients/route53recoveryreadiness.d.ts'. ========
Resolution for module '../lib/response' was found in cache from location 'd:/DOPAMS/Toystack/dopams-backend-staging/node_modules/aws-sdk/clients'.
======== Module name '../lib/response' was successfully resolved to 'd:/DOPAMS/Toystack/dopams-backend-staging/node_modules/aws-sdk/lib/response.d.ts' with Package ID 'aws-sdk/lib/response.d.ts@2.1693.0'. ========
======== Resolving module '../lib/error' from 'd:/DOPAMS/Toystack/dopams-backend-staging/node_modules/aws-sdk/clients/route53recoveryreadiness.d.ts'. ========
Resolution for module '../lib/error' was found in cache from location 'd:/DOPAMS/Toystack/dopams-backend-staging/node_modules/aws-sdk/clients'.
======== Module name '../lib/error' was successfully resolved to 'd:/DOPAMS/Toystack/dopams-backend-staging/node_modules/aws-sdk/lib/error.d.ts' with Package ID 'aws-sdk/lib/error.d.ts@2.1693.0'. ========
======== Resolving module '../lib/service' from 'd:/DOPAMS/Toystack/dopams-backend-staging/node_modules/aws-sdk/clients/route53recoveryreadiness.d.ts'. ========
Resolution for module '../lib/service' was found in cache from location 'd:/DOPAMS/Toystack/dopams-backend-staging/node_modules/aws-sdk/clients'.
======== Module name '../lib/service' was successfully resolved to 'd:/DOPAMS/Toystack/dopams-backend-staging/node_modules/aws-sdk/lib/service.d.ts' with Package ID 'aws-sdk/lib/service.d.ts@2.1693.0'. ========
======== Resolving module '../lib/config-base' from 'd:/DOPAMS/Toystack/dopams-backend-staging/node_modules/aws-sdk/clients/route53recoveryreadiness.d.ts'. ========
Resolution for module '../lib/config-base' was found in cache from location 'd:/DOPAMS/Toystack/dopams-backend-staging/node_modules/aws-sdk/clients'.
======== Module name '../lib/config-base' was successfully resolved to 'd:/DOPAMS/Toystack/dopams-backend-staging/node_modules/aws-sdk/lib/config-base.d.ts' with Package ID 'aws-sdk/lib/config-base.d.ts@2.1693.0'. ========
File 'd:/DOPAMS/Toystack/dopams-backend-staging/node_modules/aws-sdk/clients/package.json' does not exist according to earlier cached lookups.
File 'd:/DOPAMS/Toystack/dopams-backend-staging/node_modules/aws-sdk/package.json' exists according to earlier cached lookups.
======== Resolving module '../lib/request' from 'd:/DOPAMS/Toystack/dopams-backend-staging/node_modules/aws-sdk/clients/chimesdkidentity.d.ts'. ========
Resolution for module '../lib/request' was found in cache from location 'd:/DOPAMS/Toystack/dopams-backend-staging/node_modules/aws-sdk/clients'.
======== Module name '../lib/request' was successfully resolved to 'd:/DOPAMS/Toystack/dopams-backend-staging/node_modules/aws-sdk/lib/request.d.ts' with Package ID 'aws-sdk/lib/request.d.ts@2.1693.0'. ========
======== Resolving module '../lib/response' from 'd:/DOPAMS/Toystack/dopams-backend-staging/node_modules/aws-sdk/clients/chimesdkidentity.d.ts'. ========
Resolution for module '../lib/response' was found in cache from location 'd:/DOPAMS/Toystack/dopams-backend-staging/node_modules/aws-sdk/clients'.
======== Module name '../lib/response' was successfully resolved to 'd:/DOPAMS/Toystack/dopams-backend-staging/node_modules/aws-sdk/lib/response.d.ts' with Package ID 'aws-sdk/lib/response.d.ts@2.1693.0'. ========
======== Resolving module '../lib/error' from 'd:/DOPAMS/Toystack/dopams-backend-staging/node_modules/aws-sdk/clients/chimesdkidentity.d.ts'. ========
Resolution for module '../lib/error' was found in cache from location 'd:/DOPAMS/Toystack/dopams-backend-staging/node_modules/aws-sdk/clients'.
======== Module name '../lib/error' was successfully resolved to 'd:/DOPAMS/Toystack/dopams-backend-staging/node_modules/aws-sdk/lib/error.d.ts' with Package ID 'aws-sdk/lib/error.d.ts@2.1693.0'. ========
======== Resolving module '../lib/service' from 'd:/DOPAMS/Toystack/dopams-backend-staging/node_modules/aws-sdk/clients/chimesdkidentity.d.ts'. ========
Resolution for module '../lib/service' was found in cache from location 'd:/DOPAMS/Toystack/dopams-backend-staging/node_modules/aws-sdk/clients'.
======== Module name '../lib/service' was successfully resolved to 'd:/DOPAMS/Toystack/dopams-backend-staging/node_modules/aws-sdk/lib/service.d.ts' with Package ID 'aws-sdk/lib/service.d.ts@2.1693.0'. ========
======== Resolving module '../lib/config-base' from 'd:/DOPAMS/Toystack/dopams-backend-staging/node_modules/aws-sdk/clients/chimesdkidentity.d.ts'. ========
Resolution for module '../lib/config-base' was found in cache from location 'd:/DOPAMS/Toystack/dopams-backend-staging/node_modules/aws-sdk/clients'.
======== Module name '../lib/config-base' was successfully resolved to 'd:/DOPAMS/Toystack/dopams-backend-staging/node_modules/aws-sdk/lib/config-base.d.ts' with Package ID 'aws-sdk/lib/config-base.d.ts@2.1693.0'. ========
File 'd:/DOPAMS/Toystack/dopams-backend-staging/node_modules/aws-sdk/clients/package.json' does not exist according to earlier cached lookups.
File 'd:/DOPAMS/Toystack/dopams-backend-staging/node_modules/aws-sdk/package.json' exists according to earlier cached lookups.
======== Resolving module '../lib/request' from 'd:/DOPAMS/Toystack/dopams-backend-staging/node_modules/aws-sdk/clients/chimesdkmessaging.d.ts'. ========
Resolution for module '../lib/request' was found in cache from location 'd:/DOPAMS/Toystack/dopams-backend-staging/node_modules/aws-sdk/clients'.
======== Module name '../lib/request' was successfully resolved to 'd:/DOPAMS/Toystack/dopams-backend-staging/node_modules/aws-sdk/lib/request.d.ts' with Package ID 'aws-sdk/lib/request.d.ts@2.1693.0'. ========
======== Resolving module '../lib/response' from 'd:/DOPAMS/Toystack/dopams-backend-staging/node_modules/aws-sdk/clients/chimesdkmessaging.d.ts'. ========
Resolution for module '../lib/response' was found in cache from location 'd:/DOPAMS/Toystack/dopams-backend-staging/node_modules/aws-sdk/clients'.
======== Module name '../lib/response' was successfully resolved to 'd:/DOPAMS/Toystack/dopams-backend-staging/node_modules/aws-sdk/lib/response.d.ts' with Package ID 'aws-sdk/lib/response.d.ts@2.1693.0'. ========
======== Resolving module '../lib/error' from 'd:/DOPAMS/Toystack/dopams-backend-staging/node_modules/aws-sdk/clients/chimesdkmessaging.d.ts'. ========
Resolution for module '../lib/error' was found in cache from location 'd:/DOPAMS/Toystack/dopams-backend-staging/node_modules/aws-sdk/clients'.
======== Module name '../lib/error' was successfully resolved to 'd:/DOPAMS/Toystack/dopams-backend-staging/node_modules/aws-sdk/lib/error.d.ts' with Package ID 'aws-sdk/lib/error.d.ts@2.1693.0'. ========
======== Resolving module '../lib/service' from 'd:/DOPAMS/Toystack/dopams-backend-staging/node_modules/aws-sdk/clients/chimesdkmessaging.d.ts'. ========
Resolution for module '../lib/service' was found in cache from location 'd:/DOPAMS/Toystack/dopams-backend-staging/node_modules/aws-sdk/clients'.
======== Module name '../lib/service' was successfully resolved to 'd:/DOPAMS/Toystack/dopams-backend-staging/node_modules/aws-sdk/lib/service.d.ts' with Package ID 'aws-sdk/lib/service.d.ts@2.1693.0'. ========
======== Resolving module '../lib/config-base' from 'd:/DOPAMS/Toystack/dopams-backend-staging/node_modules/aws-sdk/clients/chimesdkmessaging.d.ts'. ========
Resolution for module '../lib/config-base' was found in cache from location 'd:/DOPAMS/Toystack/dopams-backend-staging/node_modules/aws-sdk/clients'.
======== Module name '../lib/config-base' was successfully resolved to 'd:/DOPAMS/Toystack/dopams-backend-staging/node_modules/aws-sdk/lib/config-base.d.ts' with Package ID 'aws-sdk/lib/config-base.d.ts@2.1693.0'. ========
File 'd:/DOPAMS/Toystack/dopams-backend-staging/node_modules/aws-sdk/clients/package.json' does not exist according to earlier cached lookups.
File 'd:/DOPAMS/Toystack/dopams-backend-staging/node_modules/aws-sdk/package.json' exists according to earlier cached lookups.
======== Resolving module '../lib/request' from 'd:/DOPAMS/Toystack/dopams-backend-staging/node_modules/aws-sdk/clients/snowdevicemanagement.d.ts'. ========
Resolution for module '../lib/request' was found in cache from location 'd:/DOPAMS/Toystack/dopams-backend-staging/node_modules/aws-sdk/clients'.
======== Module name '../lib/request' was successfully resolved to 'd:/DOPAMS/Toystack/dopams-backend-staging/node_modules/aws-sdk/lib/request.d.ts' with Package ID 'aws-sdk/lib/request.d.ts@2.1693.0'. ========
======== Resolving module '../lib/response' from 'd:/DOPAMS/Toystack/dopams-backend-staging/node_modules/aws-sdk/clients/snowdevicemanagement.d.ts'. ========
Resolution for module '../lib/response' was found in cache from location 'd:/DOPAMS/Toystack/dopams-backend-staging/node_modules/aws-sdk/clients'.
======== Module name '../lib/response' was successfully resolved to 'd:/DOPAMS/Toystack/dopams-backend-staging/node_modules/aws-sdk/lib/response.d.ts' with Package ID 'aws-sdk/lib/response.d.ts@2.1693.0'. ========
======== Resolving module '../lib/error' from 'd:/DOPAMS/Toystack/dopams-backend-staging/node_modules/aws-sdk/clients/snowdevicemanagement.d.ts'. ========
Resolution for module '../lib/error' was found in cache from location 'd:/DOPAMS/Toystack/dopams-backend-staging/node_modules/aws-sdk/clients'.
======== Module name '../lib/error' was successfully resolved to 'd:/DOPAMS/Toystack/dopams-backend-staging/node_modules/aws-sdk/lib/error.d.ts' with Package ID 'aws-sdk/lib/error.d.ts@2.1693.0'. ========
======== Resolving module '../lib/service' from 'd:/DOPAMS/Toystack/dopams-backend-staging/node_modules/aws-sdk/clients/snowdevicemanagement.d.ts'. ========
Resolution for module '../lib/service' was found in cache from location 'd:/DOPAMS/Toystack/dopams-backend-staging/node_modules/aws-sdk/clients'.
======== Module name '../lib/service' was successfully resolved to 'd:/DOPAMS/Toystack/dopams-backend-staging/node_modules/aws-sdk/lib/service.d.ts' with Package ID 'aws-sdk/lib/service.d.ts@2.1693.0'. ========
======== Resolving module '../lib/config-base' from 'd:/DOPAMS/Toystack/dopams-backend-staging/node_modules/aws-sdk/clients/snowdevicemanagement.d.ts'. ========
Resolution for module '../lib/config-base' was found in cache from location 'd:/DOPAMS/Toystack/dopams-backend-staging/node_modules/aws-sdk/clients'.
======== Module name '../lib/config-base' was successfully resolved to 'd:/DOPAMS/Toystack/dopams-backend-staging/node_modules/aws-sdk/lib/config-base.d.ts' with Package ID 'aws-sdk/lib/config-base.d.ts@2.1693.0'. ========
File 'd:/DOPAMS/Toystack/dopams-backend-staging/node_modules/aws-sdk/clients/package.json' does not exist according to earlier cached lookups.
File 'd:/DOPAMS/Toystack/dopams-backend-staging/node_modules/aws-sdk/package.json' exists according to earlier cached lookups.
======== Resolving module '../lib/request' from 'd:/DOPAMS/Toystack/dopams-backend-staging/node_modules/aws-sdk/clients/memorydb.d.ts'. ========
Resolution for module '../lib/request' was found in cache from location 'd:/DOPAMS/Toystack/dopams-backend-staging/node_modules/aws-sdk/clients'.
======== Module name '../lib/request' was successfully resolved to 'd:/DOPAMS/Toystack/dopams-backend-staging/node_modules/aws-sdk/lib/request.d.ts' with Package ID 'aws-sdk/lib/request.d.ts@2.1693.0'. ========
======== Resolving module '../lib/response' from 'd:/DOPAMS/Toystack/dopams-backend-staging/node_modules/aws-sdk/clients/memorydb.d.ts'. ========
Resolution for module '../lib/response' was found in cache from location 'd:/DOPAMS/Toystack/dopams-backend-staging/node_modules/aws-sdk/clients'.
======== Module name '../lib/response' was successfully resolved to 'd:/DOPAMS/Toystack/dopams-backend-staging/node_modules/aws-sdk/lib/response.d.ts' with Package ID 'aws-sdk/lib/response.d.ts@2.1693.0'. ========
======== Resolving module '../lib/error' from 'd:/DOPAMS/Toystack/dopams-backend-staging/node_modules/aws-sdk/clients/memorydb.d.ts'. ========
Resolution for module '../lib/error' was found in cache from location 'd:/DOPAMS/Toystack/dopams-backend-staging/node_modules/aws-sdk/clients'.
======== Module name '../lib/error' was successfully resolved to 'd:/DOPAMS/Toystack/dopams-backend-staging/node_modules/aws-sdk/lib/error.d.ts' with Package ID 'aws-sdk/lib/error.d.ts@2.1693.0'. ========
======== Resolving module '../lib/service' from 'd:/DOPAMS/Toystack/dopams-backend-staging/node_modules/aws-sdk/clients/memorydb.d.ts'. ========
Resolution for module '../lib/service' was found in cache from location 'd:/DOPAMS/Toystack/dopams-backend-staging/node_modules/aws-sdk/clients'.
======== Module name '../lib/service' was successfully resolved to 'd:/DOPAMS/Toystack/dopams-backend-staging/node_modules/aws-sdk/lib/service.d.ts' with Package ID 'aws-sdk/lib/service.d.ts@2.1693.0'. ========
======== Resolving module '../lib/config-base' from 'd:/DOPAMS/Toystack/dopams-backend-staging/node_modules/aws-sdk/clients/memorydb.d.ts'. ========
Resolution for module '../lib/config-base' was found in cache from location 'd:/DOPAMS/Toystack/dopams-backend-staging/node_modules/aws-sdk/clients'.
======== Module name '../lib/config-base' was successfully resolved to 'd:/DOPAMS/Toystack/dopams-backend-staging/node_modules/aws-sdk/lib/config-base.d.ts' with Package ID 'aws-sdk/lib/config-base.d.ts@2.1693.0'. ========
File 'd:/DOPAMS/Toystack/dopams-backend-staging/node_modules/aws-sdk/clients/package.json' does not exist according to earlier cached lookups.
File 'd:/DOPAMS/Toystack/dopams-backend-staging/node_modules/aws-sdk/package.json' exists according to earlier cached lookups.
======== Resolving module '../lib/request' from 'd:/DOPAMS/Toystack/dopams-backend-staging/node_modules/aws-sdk/clients/opensearch.d.ts'. ========
Resolution for module '../lib/request' was found in cache from location 'd:/DOPAMS/Toystack/dopams-backend-staging/node_modules/aws-sdk/clients'.
======== Module name '../lib/request' was successfully resolved to 'd:/DOPAMS/Toystack/dopams-backend-staging/node_modules/aws-sdk/lib/request.d.ts' with Package ID 'aws-sdk/lib/request.d.ts@2.1693.0'. ========
======== Resolving module '../lib/response' from 'd:/DOPAMS/Toystack/dopams-backend-staging/node_modules/aws-sdk/clients/opensearch.d.ts'. ========
Resolution for module '../lib/response' was found in cache from location 'd:/DOPAMS/Toystack/dopams-backend-staging/node_modules/aws-sdk/clients'.
======== Module name '../lib/response' was successfully resolved to 'd:/DOPAMS/Toystack/dopams-backend-staging/node_modules/aws-sdk/lib/response.d.ts' with Package ID 'aws-sdk/lib/response.d.ts@2.1693.0'. ========
======== Resolving module '../lib/error' from 'd:/DOPAMS/Toystack/dopams-backend-staging/node_modules/aws-sdk/clients/opensearch.d.ts'. ========
Resolution for module '../lib/error' was found in cache from location 'd:/DOPAMS/Toystack/dopams-backend-staging/node_modules/aws-sdk/clients'.
======== Module name '../lib/error' was successfully resolved to 'd:/DOPAMS/Toystack/dopams-backend-staging/node_modules/aws-sdk/lib/error.d.ts' with Package ID 'aws-sdk/lib/error.d.ts@2.1693.0'. ========
======== Resolving module '../lib/service' from 'd:/DOPAMS/Toystack/dopams-backend-staging/node_modules/aws-sdk/clients/opensearch.d.ts'. ========
Resolution for module '../lib/service' was found in cache from location 'd:/DOPAMS/Toystack/dopams-backend-staging/node_modules/aws-sdk/clients'.
======== Module name '../lib/service' was successfully resolved to 'd:/DOPAMS/Toystack/dopams-backend-staging/node_modules/aws-sdk/lib/service.d.ts' with Package ID 'aws-sdk/lib/service.d.ts@2.1693.0'. ========
======== Resolving module '../lib/config-base' from 'd:/DOPAMS/Toystack/dopams-backend-staging/node_modules/aws-sdk/clients/opensearch.d.ts'. ========
Resolution for module '../lib/config-base' was found in cache from location 'd:/DOPAMS/Toystack/dopams-backend-staging/node_modules/aws-sdk/clients'.
======== Module name '../lib/config-base' was successfully resolved to 'd:/DOPAMS/Toystack/dopams-backend-staging/node_modules/aws-sdk/lib/config-base.d.ts' with Package ID 'aws-sdk/lib/config-base.d.ts@2.1693.0'. ========
File 'd:/DOPAMS/Toystack/dopams-backend-staging/node_modules/aws-sdk/clients/package.json' does not exist according to earlier cached lookups.
File 'd:/DOPAMS/Toystack/dopams-backend-staging/node_modules/aws-sdk/package.json' exists according to earlier cached lookups.
======== Resolving module '../lib/request' from 'd:/DOPAMS/Toystack/dopams-backend-staging/node_modules/aws-sdk/clients/kafkaconnect.d.ts'. ========
Resolution for module '../lib/request' was found in cache from location 'd:/DOPAMS/Toystack/dopams-backend-staging/node_modules/aws-sdk/clients'.
======== Module name '../lib/request' was successfully resolved to 'd:/DOPAMS/Toystack/dopams-backend-staging/node_modules/aws-sdk/lib/request.d.ts' with Package ID 'aws-sdk/lib/request.d.ts@2.1693.0'. ========
======== Resolving module '../lib/response' from 'd:/DOPAMS/Toystack/dopams-backend-staging/node_modules/aws-sdk/clients/kafkaconnect.d.ts'. ========
Resolution for module '../lib/response' was found in cache from location 'd:/DOPAMS/Toystack/dopams-backend-staging/node_modules/aws-sdk/clients'.
======== Module name '../lib/response' was successfully resolved to 'd:/DOPAMS/Toystack/dopams-backend-staging/node_modules/aws-sdk/lib/response.d.ts' with Package ID 'aws-sdk/lib/response.d.ts@2.1693.0'. ========
======== Resolving module '../lib/error' from 'd:/DOPAMS/Toystack/dopams-backend-staging/node_modules/aws-sdk/clients/kafkaconnect.d.ts'. ========
Resolution for module '../lib/error' was found in cache from location 'd:/DOPAMS/Toystack/dopams-backend-staging/node_modules/aws-sdk/clients'.
======== Module name '../lib/error' was successfully resolved to 'd:/DOPAMS/Toystack/dopams-backend-staging/node_modules/aws-sdk/lib/error.d.ts' with Package ID 'aws-sdk/lib/error.d.ts@2.1693.0'. ========
======== Resolving module '../lib/service' from 'd:/DOPAMS/Toystack/dopams-backend-staging/node_modules/aws-sdk/clients/kafkaconnect.d.ts'. ========
Resolution for module '../lib/service' was found in cache from location 'd:/DOPAMS/Toystack/dopams-backend-staging/node_modules/aws-sdk/clients'.
======== Module name '../lib/service' was successfully resolved to 'd:/DOPAMS/Toystack/dopams-backend-staging/node_modules/aws-sdk/lib/service.d.ts' with Package ID 'aws-sdk/lib/service.d.ts@2.1693.0'. ========
======== Resolving module '../lib/config-base' from 'd:/DOPAMS/Toystack/dopams-backend-staging/node_modules/aws-sdk/clients/kafkaconnect.d.ts'. ========
Resolution for module '../lib/config-base' was found in cache from location 'd:/DOPAMS/Toystack/dopams-backend-staging/node_modules/aws-sdk/clients'.
======== Module name '../lib/config-base' was successfully resolved to 'd:/DOPAMS/Toystack/dopams-backend-staging/node_modules/aws-sdk/lib/config-base.d.ts' with Package ID 'aws-sdk/lib/config-base.d.ts@2.1693.0'. ========
File 'd:/DOPAMS/Toystack/dopams-backend-staging/node_modules/aws-sdk/clients/package.json' does not exist according to earlier cached lookups.
File 'd:/DOPAMS/Toystack/dopams-backend-staging/node_modules/aws-sdk/package.json' exists according to earlier cached lookups.
======== Resolving module '../lib/request' from 'd:/DOPAMS/Toystack/dopams-backend-staging/node_modules/aws-sdk/clients/voiceid.d.ts'. ========
Resolution for module '../lib/request' was found in cache from location 'd:/DOPAMS/Toystack/dopams-backend-staging/node_modules/aws-sdk/clients'.
======== Module name '../lib/request' was successfully resolved to 'd:/DOPAMS/Toystack/dopams-backend-staging/node_modules/aws-sdk/lib/request.d.ts' with Package ID 'aws-sdk/lib/request.d.ts@2.1693.0'. ========
======== Resolving module '../lib/response' from 'd:/DOPAMS/Toystack/dopams-backend-staging/node_modules/aws-sdk/clients/voiceid.d.ts'. ========
Resolution for module '../lib/response' was found in cache from location 'd:/DOPAMS/Toystack/dopams-backend-staging/node_modules/aws-sdk/clients'.
======== Module name '../lib/response' was successfully resolved to 'd:/DOPAMS/Toystack/dopams-backend-staging/node_modules/aws-sdk/lib/response.d.ts' with Package ID 'aws-sdk/lib/response.d.ts@2.1693.0'. ========
======== Resolving module '../lib/error' from 'd:/DOPAMS/Toystack/dopams-backend-staging/node_modules/aws-sdk/clients/voiceid.d.ts'. ========
Resolution for module '../lib/error' was found in cache from location 'd:/DOPAMS/Toystack/dopams-backend-staging/node_modules/aws-sdk/clients'.
======== Module name '../lib/error' was successfully resolved to 'd:/DOPAMS/Toystack/dopams-backend-staging/node_modules/aws-sdk/lib/error.d.ts' with Package ID 'aws-sdk/lib/error.d.ts@2.1693.0'. ========
======== Resolving module '../lib/service' from 'd:/DOPAMS/Toystack/dopams-backend-staging/node_modules/aws-sdk/clients/voiceid.d.ts'. ========
Resolution for module '../lib/service' was found in cache from location 'd:/DOPAMS/Toystack/dopams-backend-staging/node_modules/aws-sdk/clients'.
======== Module name '../lib/service' was successfully resolved to 'd:/DOPAMS/Toystack/dopams-backend-staging/node_modules/aws-sdk/lib/service.d.ts' with Package ID 'aws-sdk/lib/service.d.ts@2.1693.0'. ========
======== Resolving module '../lib/config-base' from 'd:/DOPAMS/Toystack/dopams-backend-staging/node_modules/aws-sdk/clients/voiceid.d.ts'. ========
Resolution for module '../lib/config-base' was found in cache from location 'd:/DOPAMS/Toystack/dopams-backend-staging/node_modules/aws-sdk/clients'.
======== Module name '../lib/config-base' was successfully resolved to 'd:/DOPAMS/Toystack/dopams-backend-staging/node_modules/aws-sdk/lib/config-base.d.ts' with Package ID 'aws-sdk/lib/config-base.d.ts@2.1693.0'. ========
File 'd:/DOPAMS/Toystack/dopams-backend-staging/node_modules/aws-sdk/clients/package.json' does not exist according to earlier cached lookups.
File 'd:/DOPAMS/Toystack/dopams-backend-staging/node_modules/aws-sdk/package.json' exists according to earlier cached lookups.
======== Resolving module '../lib/request' from 'd:/DOPAMS/Toystack/dopams-backend-staging/node_modules/aws-sdk/clients/wisdom.d.ts'. ========
Resolution for module '../lib/request' was found in cache from location 'd:/DOPAMS/Toystack/dopams-backend-staging/node_modules/aws-sdk/clients'.
======== Module name '../lib/request' was successfully resolved to 'd:/DOPAMS/Toystack/dopams-backend-staging/node_modules/aws-sdk/lib/request.d.ts' with Package ID 'aws-sdk/lib/request.d.ts@2.1693.0'. ========
======== Resolving module '../lib/response' from 'd:/DOPAMS/Toystack/dopams-backend-staging/node_modules/aws-sdk/clients/wisdom.d.ts'. ========
Resolution for module '../lib/response' was found in cache from location 'd:/DOPAMS/Toystack/dopams-backend-staging/node_modules/aws-sdk/clients'.
======== Module name '../lib/response' was successfully resolved to 'd:/DOPAMS/Toystack/dopams-backend-staging/node_modules/aws-sdk/lib/response.d.ts' with Package ID 'aws-sdk/lib/response.d.ts@2.1693.0'. ========
======== Resolving module '../lib/error' from 'd:/DOPAMS/Toystack/dopams-backend-staging/node_modules/aws-sdk/clients/wisdom.d.ts'. ========
Resolution for module '../lib/error' was found in cache from location 'd:/DOPAMS/Toystack/dopams-backend-staging/node_modules/aws-sdk/clients'.
======== Module name '../lib/error' was successfully resolved to 'd:/DOPAMS/Toystack/dopams-backend-staging/node_modules/aws-sdk/lib/error.d.ts' with Package ID 'aws-sdk/lib/error.d.ts@2.1693.0'. ========
======== Resolving module '../lib/service' from 'd:/DOPAMS/Toystack/dopams-backend-staging/node_modules/aws-sdk/clients/wisdom.d.ts'. ========
Resolution for module '../lib/service' was found in cache from location 'd:/DOPAMS/Toystack/dopams-backend-staging/node_modules/aws-sdk/clients'.
======== Module name '../lib/service' was successfully resolved to 'd:/DOPAMS/Toystack/dopams-backend-staging/node_modules/aws-sdk/lib/service.d.ts' with Package ID 'aws-sdk/lib/service.d.ts@2.1693.0'. ========
======== Resolving module '../lib/config-base' from 'd:/DOPAMS/Toystack/dopams-backend-staging/node_modules/aws-sdk/clients/wisdom.d.ts'. ========
Resolution for module '../lib/config-base' was found in cache from location 'd:/DOPAMS/Toystack/dopams-backend-staging/node_modules/aws-sdk/clients'.
======== Module name '../lib/config-base' was successfully resolved to 'd:/DOPAMS/Toystack/dopams-backend-staging/node_modules/aws-sdk/lib/config-base.d.ts' with Package ID 'aws-sdk/lib/config-base.d.ts@2.1693.0'. ========
File 'd:/DOPAMS/Toystack/dopams-backend-staging/node_modules/aws-sdk/clients/package.json' does not exist according to earlier cached lookups.
File 'd:/DOPAMS/Toystack/dopams-backend-staging/node_modules/aws-sdk/package.json' exists according to earlier cached lookups.
======== Resolving module '../lib/request' from 'd:/DOPAMS/Toystack/dopams-backend-staging/node_modules/aws-sdk/clients/account.d.ts'. ========
Resolution for module '../lib/request' was found in cache from location 'd:/DOPAMS/Toystack/dopams-backend-staging/node_modules/aws-sdk/clients'.
======== Module name '../lib/request' was successfully resolved to 'd:/DOPAMS/Toystack/dopams-backend-staging/node_modules/aws-sdk/lib/request.d.ts' with Package ID 'aws-sdk/lib/request.d.ts@2.1693.0'. ========
======== Resolving module '../lib/response' from 'd:/DOPAMS/Toystack/dopams-backend-staging/node_modules/aws-sdk/clients/account.d.ts'. ========
Resolution for module '../lib/response' was found in cache from location 'd:/DOPAMS/Toystack/dopams-backend-staging/node_modules/aws-sdk/clients'.
======== Module name '../lib/response' was successfully resolved to 'd:/DOPAMS/Toystack/dopams-backend-staging/node_modules/aws-sdk/lib/response.d.ts' with Package ID 'aws-sdk/lib/response.d.ts@2.1693.0'. ========
======== Resolving module '../lib/error' from 'd:/DOPAMS/Toystack/dopams-backend-staging/node_modules/aws-sdk/clients/account.d.ts'. ========
Resolution for module '../lib/error' was found in cache from location 'd:/DOPAMS/Toystack/dopams-backend-staging/node_modules/aws-sdk/clients'.
======== Module name '../lib/error' was successfully resolved to 'd:/DOPAMS/Toystack/dopams-backend-staging/node_modules/aws-sdk/lib/error.d.ts' with Package ID 'aws-sdk/lib/error.d.ts@2.1693.0'. ========
======== Resolving module '../lib/service' from 'd:/DOPAMS/Toystack/dopams-backend-staging/node_modules/aws-sdk/clients/account.d.ts'. ========
Resolution for module '../lib/service' was found in cache from location 'd:/DOPAMS/Toystack/dopams-backend-staging/node_modules/aws-sdk/clients'.
======== Module name '../lib/service' was successfully resolved to 'd:/DOPAMS/Toystack/dopams-backend-staging/node_modules/aws-sdk/lib/service.d.ts' with Package ID 'aws-sdk/lib/service.d.ts@2.1693.0'. ========
======== Resolving module '../lib/config-base' from 'd:/DOPAMS/Toystack/dopams-backend-staging/node_modules/aws-sdk/clients/account.d.ts'. ========
Resolution for module '../lib/config-base' was found in cache from location 'd:/DOPAMS/Toystack/dopams-backend-staging/node_modules/aws-sdk/clients'.
======== Module name '../lib/config-base' was successfully resolved to 'd:/DOPAMS/Toystack/dopams-backend-staging/node_modules/aws-sdk/lib/config-base.d.ts' with Package ID 'aws-sdk/lib/config-base.d.ts@2.1693.0'. ========
File 'd:/DOPAMS/Toystack/dopams-backend-staging/node_modules/aws-sdk/clients/package.json' does not exist according to earlier cached lookups.
File 'd:/DOPAMS/Toystack/dopams-backend-staging/node_modules/aws-sdk/package.json' exists according to earlier cached lookups.
======== Resolving module '../lib/request' from 'd:/DOPAMS/Toystack/dopams-backend-staging/node_modules/aws-sdk/clients/cloudcontrol.d.ts'. ========
Resolution for module '../lib/request' was found in cache from location 'd:/DOPAMS/Toystack/dopams-backend-staging/node_modules/aws-sdk/clients'.
======== Module name '../lib/request' was successfully resolved to 'd:/DOPAMS/Toystack/dopams-backend-staging/node_modules/aws-sdk/lib/request.d.ts' with Package ID 'aws-sdk/lib/request.d.ts@2.1693.0'. ========
======== Resolving module '../lib/response' from 'd:/DOPAMS/Toystack/dopams-backend-staging/node_modules/aws-sdk/clients/cloudcontrol.d.ts'. ========
Resolution for module '../lib/response' was found in cache from location 'd:/DOPAMS/Toystack/dopams-backend-staging/node_modules/aws-sdk/clients'.
======== Module name '../lib/response' was successfully resolved to 'd:/DOPAMS/Toystack/dopams-backend-staging/node_modules/aws-sdk/lib/response.d.ts' with Package ID 'aws-sdk/lib/response.d.ts@2.1693.0'. ========
======== Resolving module '../lib/error' from 'd:/DOPAMS/Toystack/dopams-backend-staging/node_modules/aws-sdk/clients/cloudcontrol.d.ts'. ========
Resolution for module '../lib/error' was found in cache from location 'd:/DOPAMS/Toystack/dopams-backend-staging/node_modules/aws-sdk/clients'.
======== Module name '../lib/error' was successfully resolved to 'd:/DOPAMS/Toystack/dopams-backend-staging/node_modules/aws-sdk/lib/error.d.ts' with Package ID 'aws-sdk/lib/error.d.ts@2.1693.0'. ========
======== Resolving module '../lib/service' from 'd:/DOPAMS/Toystack/dopams-backend-staging/node_modules/aws-sdk/clients/cloudcontrol.d.ts'. ========
Resolution for module '../lib/service' was found in cache from location 'd:/DOPAMS/Toystack/dopams-backend-staging/node_modules/aws-sdk/clients'.
======== Module name '../lib/service' was successfully resolved to 'd:/DOPAMS/Toystack/dopams-backend-staging/node_modules/aws-sdk/lib/service.d.ts' with Package ID 'aws-sdk/lib/service.d.ts@2.1693.0'. ========
======== Resolving module '../lib/config-base' from 'd:/DOPAMS/Toystack/dopams-backend-staging/node_modules/aws-sdk/clients/cloudcontrol.d.ts'. ========
Resolution for module '../lib/config-base' was found in cache from location 'd:/DOPAMS/Toystack/dopams-backend-staging/node_modules/aws-sdk/clients'.
======== Module name '../lib/config-base' was successfully resolved to 'd:/DOPAMS/Toystack/dopams-backend-staging/node_modules/aws-sdk/lib/config-base.d.ts' with Package ID 'aws-sdk/lib/config-base.d.ts@2.1693.0'. ========
File 'd:/DOPAMS/Toystack/dopams-backend-staging/node_modules/aws-sdk/clients/package.json' does not exist according to earlier cached lookups.
File 'd:/DOPAMS/Toystack/dopams-backend-staging/node_modules/aws-sdk/package.json' exists according to earlier cached lookups.
======== Resolving module '../lib/request' from 'd:/DOPAMS/Toystack/dopams-backend-staging/node_modules/aws-sdk/clients/grafana.d.ts'. ========
Resolution for module '../lib/request' was found in cache from location 'd:/DOPAMS/Toystack/dopams-backend-staging/node_modules/aws-sdk/clients'.
======== Module name '../lib/request' was successfully resolved to 'd:/DOPAMS/Toystack/dopams-backend-staging/node_modules/aws-sdk/lib/request.d.ts' with Package ID 'aws-sdk/lib/request.d.ts@2.1693.0'. ========
======== Resolving module '../lib/response' from 'd:/DOPAMS/Toystack/dopams-backend-staging/node_modules/aws-sdk/clients/grafana.d.ts'. ========
Resolution for module '../lib/response' was found in cache from location 'd:/DOPAMS/Toystack/dopams-backend-staging/node_modules/aws-sdk/clients'.
======== Module name '../lib/response' was successfully resolved to 'd:/DOPAMS/Toystack/dopams-backend-staging/node_modules/aws-sdk/lib/response.d.ts' with Package ID 'aws-sdk/lib/response.d.ts@2.1693.0'. ========
======== Resolving module '../lib/error' from 'd:/DOPAMS/Toystack/dopams-backend-staging/node_modules/aws-sdk/clients/grafana.d.ts'. ========
Resolution for module '../lib/error' was found in cache from location 'd:/DOPAMS/Toystack/dopams-backend-staging/node_modules/aws-sdk/clients'.
======== Module name '../lib/error' was successfully resolved to 'd:/DOPAMS/Toystack/dopams-backend-staging/node_modules/aws-sdk/lib/error.d.ts' with Package ID 'aws-sdk/lib/error.d.ts@2.1693.0'. ========
======== Resolving module '../lib/service' from 'd:/DOPAMS/Toystack/dopams-backend-staging/node_modules/aws-sdk/clients/grafana.d.ts'. ========
Resolution for module '../lib/service' was found in cache from location 'd:/DOPAMS/Toystack/dopams-backend-staging/node_modules/aws-sdk/clients'.
======== Module name '../lib/service' was successfully resolved to 'd:/DOPAMS/Toystack/dopams-backend-staging/node_modules/aws-sdk/lib/service.d.ts' with Package ID 'aws-sdk/lib/service.d.ts@2.1693.0'. ========
======== Resolving module '../lib/config-base' from 'd:/DOPAMS/Toystack/dopams-backend-staging/node_modules/aws-sdk/clients/grafana.d.ts'. ========
Resolution for module '../lib/config-base' was found in cache from location 'd:/DOPAMS/Toystack/dopams-backend-staging/node_modules/aws-sdk/clients'.
======== Module name '../lib/config-base' was successfully resolved to 'd:/DOPAMS/Toystack/dopams-backend-staging/node_modules/aws-sdk/lib/config-base.d.ts' with Package ID 'aws-sdk/lib/config-base.d.ts@2.1693.0'. ========
File 'd:/DOPAMS/Toystack/dopams-backend-staging/node_modules/aws-sdk/clients/package.json' does not exist according to earlier cached lookups.
File 'd:/DOPAMS/Toystack/dopams-backend-staging/node_modules/aws-sdk/package.json' exists according to earlier cached lookups.
======== Resolving module '../lib/request' from 'd:/DOPAMS/Toystack/dopams-backend-staging/node_modules/aws-sdk/clients/panorama.d.ts'. ========
Resolution for module '../lib/request' was found in cache from location 'd:/DOPAMS/Toystack/dopams-backend-staging/node_modules/aws-sdk/clients'.
======== Module name '../lib/request' was successfully resolved to 'd:/DOPAMS/Toystack/dopams-backend-staging/node_modules/aws-sdk/lib/request.d.ts' with Package ID 'aws-sdk/lib/request.d.ts@2.1693.0'. ========
======== Resolving module '../lib/response' from 'd:/DOPAMS/Toystack/dopams-backend-staging/node_modules/aws-sdk/clients/panorama.d.ts'. ========
Resolution for module '../lib/response' was found in cache from location 'd:/DOPAMS/Toystack/dopams-backend-staging/node_modules/aws-sdk/clients'.
======== Module name '../lib/response' was successfully resolved to 'd:/DOPAMS/Toystack/dopams-backend-staging/node_modules/aws-sdk/lib/response.d.ts' with Package ID 'aws-sdk/lib/response.d.ts@2.1693.0'. ========
======== Resolving module '../lib/error' from 'd:/DOPAMS/Toystack/dopams-backend-staging/node_modules/aws-sdk/clients/panorama.d.ts'. ========
Resolution for module '../lib/error' was found in cache from location 'd:/DOPAMS/Toystack/dopams-backend-staging/node_modules/aws-sdk/clients'.
======== Module name '../lib/error' was successfully resolved to 'd:/DOPAMS/Toystack/dopams-backend-staging/node_modules/aws-sdk/lib/error.d.ts' with Package ID 'aws-sdk/lib/error.d.ts@2.1693.0'. ========
======== Resolving module '../lib/service' from 'd:/DOPAMS/Toystack/dopams-backend-staging/node_modules/aws-sdk/clients/panorama.d.ts'. ========
Resolution for module '../lib/service' was found in cache from location 'd:/DOPAMS/Toystack/dopams-backend-staging/node_modules/aws-sdk/clients'.
======== Module name '../lib/service' was successfully resolved to 'd:/DOPAMS/Toystack/dopams-backend-staging/node_modules/aws-sdk/lib/service.d.ts' with Package ID 'aws-sdk/lib/service.d.ts@2.1693.0'. ========
======== Resolving module '../lib/config-base' from 'd:/DOPAMS/Toystack/dopams-backend-staging/node_modules/aws-sdk/clients/panorama.d.ts'. ========
Resolution for module '../lib/config-base' was found in cache from location 'd:/DOPAMS/Toystack/dopams-backend-staging/node_modules/aws-sdk/clients'.
======== Module name '../lib/config-base' was successfully resolved to 'd:/DOPAMS/Toystack/dopams-backend-staging/node_modules/aws-sdk/lib/config-base.d.ts' with Package ID 'aws-sdk/lib/config-base.d.ts@2.1693.0'. ========
File 'd:/DOPAMS/Toystack/dopams-backend-staging/node_modules/aws-sdk/clients/package.json' does not exist according to earlier cached lookups.
File 'd:/DOPAMS/Toystack/dopams-backend-staging/node_modules/aws-sdk/package.json' exists according to earlier cached lookups.
======== Resolving module '../lib/request' from 'd:/DOPAMS/Toystack/dopams-backend-staging/node_modules/aws-sdk/clients/chimesdkmeetings.d.ts'. ========
Resolution for module '../lib/request' was found in cache from location 'd:/DOPAMS/Toystack/dopams-backend-staging/node_modules/aws-sdk/clients'.
======== Module name '../lib/request' was successfully resolved to 'd:/DOPAMS/Toystack/dopams-backend-staging/node_modules/aws-sdk/lib/request.d.ts' with Package ID 'aws-sdk/lib/request.d.ts@2.1693.0'. ========
======== Resolving module '../lib/response' from 'd:/DOPAMS/Toystack/dopams-backend-staging/node_modules/aws-sdk/clients/chimesdkmeetings.d.ts'. ========
Resolution for module '../lib/response' was found in cache from location 'd:/DOPAMS/Toystack/dopams-backend-staging/node_modules/aws-sdk/clients'.
======== Module name '../lib/response' was successfully resolved to 'd:/DOPAMS/Toystack/dopams-backend-staging/node_modules/aws-sdk/lib/response.d.ts' with Package ID 'aws-sdk/lib/response.d.ts@2.1693.0'. ========
======== Resolving module '../lib/error' from 'd:/DOPAMS/Toystack/dopams-backend-staging/node_modules/aws-sdk/clients/chimesdkmeetings.d.ts'. ========
Resolution for module '../lib/error' was found in cache from location 'd:/DOPAMS/Toystack/dopams-backend-staging/node_modules/aws-sdk/clients'.
======== Module name '../lib/error' was successfully resolved to 'd:/DOPAMS/Toystack/dopams-backend-staging/node_modules/aws-sdk/lib/error.d.ts' with Package ID 'aws-sdk/lib/error.d.ts@2.1693.0'. ========
======== Resolving module '../lib/service' from 'd:/DOPAMS/Toystack/dopams-backend-staging/node_modules/aws-sdk/clients/chimesdkmeetings.d.ts'. ========
Resolution for module '../lib/service' was found in cache from location 'd:/DOPAMS/Toystack/dopams-backend-staging/node_modules/aws-sdk/clients'.
======== Module name '../lib/service' was successfully resolved to 'd:/DOPAMS/Toystack/dopams-backend-staging/node_modules/aws-sdk/lib/service.d.ts' with Package ID 'aws-sdk/lib/service.d.ts@2.1693.0'. ========
======== Resolving module '../lib/config-base' from 'd:/DOPAMS/Toystack/dopams-backend-staging/node_modules/aws-sdk/clients/chimesdkmeetings.d.ts'. ========
Resolution for module '../lib/config-base' was found in cache from location 'd:/DOPAMS/Toystack/dopams-backend-staging/node_modules/aws-sdk/clients'.
======== Module name '../lib/config-base' was successfully resolved to 'd:/DOPAMS/Toystack/dopams-backend-staging/node_modules/aws-sdk/lib/config-base.d.ts' with Package ID 'aws-sdk/lib/config-base.d.ts@2.1693.0'. ========
File 'd:/DOPAMS/Toystack/dopams-backend-staging/node_modules/aws-sdk/clients/package.json' does not exist according to earlier cached lookups.
File 'd:/DOPAMS/Toystack/dopams-backend-staging/node_modules/aws-sdk/package.json' exists according to earlier cached lookups.
======== Resolving module '../lib/request' from 'd:/DOPAMS/Toystack/dopams-backend-staging/node_modules/aws-sdk/clients/resiliencehub.d.ts'. ========
Resolution for module '../lib/request' was found in cache from location 'd:/DOPAMS/Toystack/dopams-backend-staging/node_modules/aws-sdk/clients'.
======== Module name '../lib/request' was successfully resolved to 'd:/DOPAMS/Toystack/dopams-backend-staging/node_modules/aws-sdk/lib/request.d.ts' with Package ID 'aws-sdk/lib/request.d.ts@2.1693.0'. ========
======== Resolving module '../lib/response' from 'd:/DOPAMS/Toystack/dopams-backend-staging/node_modules/aws-sdk/clients/resiliencehub.d.ts'. ========
Resolution for module '../lib/response' was found in cache from location 'd:/DOPAMS/Toystack/dopams-backend-staging/node_modules/aws-sdk/clients'.
======== Module name '../lib/response' was successfully resolved to 'd:/DOPAMS/Toystack/dopams-backend-staging/node_modules/aws-sdk/lib/response.d.ts' with Package ID 'aws-sdk/lib/response.d.ts@2.1693.0'. ========
======== Resolving module '../lib/error' from 'd:/DOPAMS/Toystack/dopams-backend-staging/node_modules/aws-sdk/clients/resiliencehub.d.ts'. ========
Resolution for module '../lib/error' was found in cache from location 'd:/DOPAMS/Toystack/dopams-backend-staging/node_modules/aws-sdk/clients'.
======== Module name '../lib/error' was successfully resolved to 'd:/DOPAMS/Toystack/dopams-backend-staging/node_modules/aws-sdk/lib/error.d.ts' with Package ID 'aws-sdk/lib/error.d.ts@2.1693.0'. ========
======== Resolving module '../lib/service' from 'd:/DOPAMS/Toystack/dopams-backend-staging/node_modules/aws-sdk/clients/resiliencehub.d.ts'. ========
Resolution for module '../lib/service' was found in cache from location 'd:/DOPAMS/Toystack/dopams-backend-staging/node_modules/aws-sdk/clients'.
======== Module name '../lib/service' was successfully resolved to 'd:/DOPAMS/Toystack/dopams-backend-staging/node_modules/aws-sdk/lib/service.d.ts' with Package ID 'aws-sdk/lib/service.d.ts@2.1693.0'. ========
======== Resolving module '../lib/config-base' from 'd:/DOPAMS/Toystack/dopams-backend-staging/node_modules/aws-sdk/clients/resiliencehub.d.ts'. ========
Resolution for module '../lib/config-base' was found in cache from location 'd:/DOPAMS/Toystack/dopams-backend-staging/node_modules/aws-sdk/clients'.
======== Module name '../lib/config-base' was successfully resolved to 'd:/DOPAMS/Toystack/dopams-backend-staging/node_modules/aws-sdk/lib/config-base.d.ts' with Package ID 'aws-sdk/lib/config-base.d.ts@2.1693.0'. ========
File 'd:/DOPAMS/Toystack/dopams-backend-staging/node_modules/aws-sdk/clients/package.json' does not exist according to earlier cached lookups.
File 'd:/DOPAMS/Toystack/dopams-backend-staging/node_modules/aws-sdk/package.json' exists according to earlier cached lookups.
======== Resolving module '../lib/request' from 'd:/DOPAMS/Toystack/dopams-backend-staging/node_modules/aws-sdk/clients/migrationhubstrategy.d.ts'. ========
Resolution for module '../lib/request' was found in cache from location 'd:/DOPAMS/Toystack/dopams-backend-staging/node_modules/aws-sdk/clients'.
======== Module name '../lib/request' was successfully resolved to 'd:/DOPAMS/Toystack/dopams-backend-staging/node_modules/aws-sdk/lib/request.d.ts' with Package ID 'aws-sdk/lib/request.d.ts@2.1693.0'. ========
======== Resolving module '../lib/response' from 'd:/DOPAMS/Toystack/dopams-backend-staging/node_modules/aws-sdk/clients/migrationhubstrategy.d.ts'. ========
Resolution for module '../lib/response' was found in cache from location 'd:/DOPAMS/Toystack/dopams-backend-staging/node_modules/aws-sdk/clients'.
======== Module name '../lib/response' was successfully resolved to 'd:/DOPAMS/Toystack/dopams-backend-staging/node_modules/aws-sdk/lib/response.d.ts' with Package ID 'aws-sdk/lib/response.d.ts@2.1693.0'. ========
======== Resolving module '../lib/error' from 'd:/DOPAMS/Toystack/dopams-backend-staging/node_modules/aws-sdk/clients/migrationhubstrategy.d.ts'. ========
Resolution for module '../lib/error' was found in cache from location 'd:/DOPAMS/Toystack/dopams-backend-staging/node_modules/aws-sdk/clients'.
======== Module name '../lib/error' was successfully resolved to 'd:/DOPAMS/Toystack/dopams-backend-staging/node_modules/aws-sdk/lib/error.d.ts' with Package ID 'aws-sdk/lib/error.d.ts@2.1693.0'. ========
======== Resolving module '../lib/service' from 'd:/DOPAMS/Toystack/dopams-backend-staging/node_modules/aws-sdk/clients/migrationhubstrategy.d.ts'. ========
Resolution for module '../lib/service' was found in cache from location 'd:/DOPAMS/Toystack/dopams-backend-staging/node_modules/aws-sdk/clients'.
======== Module name '../lib/service' was successfully resolved to 'd:/DOPAMS/Toystack/dopams-backend-staging/node_modules/aws-sdk/lib/service.d.ts' with Package ID 'aws-sdk/lib/service.d.ts@2.1693.0'. ========
======== Resolving module '../lib/config-base' from 'd:/DOPAMS/Toystack/dopams-backend-staging/node_modules/aws-sdk/clients/migrationhubstrategy.d.ts'. ========
Resolution for module '../lib/config-base' was found in cache from location 'd:/DOPAMS/Toystack/dopams-backend-staging/node_modules/aws-sdk/clients'.
======== Module name '../lib/config-base' was successfully resolved to 'd:/DOPAMS/Toystack/dopams-backend-staging/node_modules/aws-sdk/lib/config-base.d.ts' with Package ID 'aws-sdk/lib/config-base.d.ts@2.1693.0'. ========
File 'd:/DOPAMS/Toystack/dopams-backend-staging/node_modules/aws-sdk/clients/package.json' does not exist according to earlier cached lookups.
File 'd:/DOPAMS/Toystack/dopams-backend-staging/node_modules/aws-sdk/package.json' exists according to earlier cached lookups.
======== Resolving module '../lib/request' from 'd:/DOPAMS/Toystack/dopams-backend-staging/node_modules/aws-sdk/clients/appconfigdata.d.ts'. ========
Resolution for module '../lib/request' was found in cache from location 'd:/DOPAMS/Toystack/dopams-backend-staging/node_modules/aws-sdk/clients'.
======== Module name '../lib/request' was successfully resolved to 'd:/DOPAMS/Toystack/dopams-backend-staging/node_modules/aws-sdk/lib/request.d.ts' with Package ID 'aws-sdk/lib/request.d.ts@2.1693.0'. ========
======== Resolving module '../lib/response' from 'd:/DOPAMS/Toystack/dopams-backend-staging/node_modules/aws-sdk/clients/appconfigdata.d.ts'. ========
Resolution for module '../lib/response' was found in cache from location 'd:/DOPAMS/Toystack/dopams-backend-staging/node_modules/aws-sdk/clients'.
======== Module name '../lib/response' was successfully resolved to 'd:/DOPAMS/Toystack/dopams-backend-staging/node_modules/aws-sdk/lib/response.d.ts' with Package ID 'aws-sdk/lib/response.d.ts@2.1693.0'. ========
======== Resolving module '../lib/error' from 'd:/DOPAMS/Toystack/dopams-backend-staging/node_modules/aws-sdk/clients/appconfigdata.d.ts'. ========
Resolution for module '../lib/error' was found in cache from location 'd:/DOPAMS/Toystack/dopams-backend-staging/node_modules/aws-sdk/clients'.
======== Module name '../lib/error' was successfully resolved to 'd:/DOPAMS/Toystack/dopams-backend-staging/node_modules/aws-sdk/lib/error.d.ts' with Package ID 'aws-sdk/lib/error.d.ts@2.1693.0'. ========
======== Resolving module '../lib/service' from 'd:/DOPAMS/Toystack/dopams-backend-staging/node_modules/aws-sdk/clients/appconfigdata.d.ts'. ========
Resolution for module '../lib/service' was found in cache from location 'd:/DOPAMS/Toystack/dopams-backend-staging/node_modules/aws-sdk/clients'.
======== Module name '../lib/service' was successfully resolved to 'd:/DOPAMS/Toystack/dopams-backend-staging/node_modules/aws-sdk/lib/service.d.ts' with Package ID 'aws-sdk/lib/service.d.ts@2.1693.0'. ========
======== Resolving module '../lib/config-base' from 'd:/DOPAMS/Toystack/dopams-backend-staging/node_modules/aws-sdk/clients/appconfigdata.d.ts'. ========
Resolution for module '../lib/config-base' was found in cache from location 'd:/DOPAMS/Toystack/dopams-backend-staging/node_modules/aws-sdk/clients'.
======== Module name '../lib/config-base' was successfully resolved to 'd:/DOPAMS/Toystack/dopams-backend-staging/node_modules/aws-sdk/lib/config-base.d.ts' with Package ID 'aws-sdk/lib/config-base.d.ts@2.1693.0'. ========
File 'd:/DOPAMS/Toystack/dopams-backend-staging/node_modules/aws-sdk/clients/package.json' does not exist according to earlier cached lookups.
File 'd:/DOPAMS/Toystack/dopams-backend-staging/node_modules/aws-sdk/package.json' exists according to earlier cached lookups.
======== Resolving module '../lib/request' from 'd:/DOPAMS/Toystack/dopams-backend-staging/node_modules/aws-sdk/clients/drs.d.ts'. ========
Resolution for module '../lib/request' was found in cache from location 'd:/DOPAMS/Toystack/dopams-backend-staging/node_modules/aws-sdk/clients'.
======== Module name '../lib/request' was successfully resolved to 'd:/DOPAMS/Toystack/dopams-backend-staging/node_modules/aws-sdk/lib/request.d.ts' with Package ID 'aws-sdk/lib/request.d.ts@2.1693.0'. ========
======== Resolving module '../lib/response' from 'd:/DOPAMS/Toystack/dopams-backend-staging/node_modules/aws-sdk/clients/drs.d.ts'. ========
Resolution for module '../lib/response' was found in cache from location 'd:/DOPAMS/Toystack/dopams-backend-staging/node_modules/aws-sdk/clients'.
======== Module name '../lib/response' was successfully resolved to 'd:/DOPAMS/Toystack/dopams-backend-staging/node_modules/aws-sdk/lib/response.d.ts' with Package ID 'aws-sdk/lib/response.d.ts@2.1693.0'. ========
======== Resolving module '../lib/error' from 'd:/DOPAMS/Toystack/dopams-backend-staging/node_modules/aws-sdk/clients/drs.d.ts'. ========
Resolution for module '../lib/error' was found in cache from location 'd:/DOPAMS/Toystack/dopams-backend-staging/node_modules/aws-sdk/clients'.
======== Module name '../lib/error' was successfully resolved to 'd:/DOPAMS/Toystack/dopams-backend-staging/node_modules/aws-sdk/lib/error.d.ts' with Package ID 'aws-sdk/lib/error.d.ts@2.1693.0'. ========
======== Resolving module '../lib/service' from 'd:/DOPAMS/Toystack/dopams-backend-staging/node_modules/aws-sdk/clients/drs.d.ts'. ========
Resolution for module '../lib/service' was found in cache from location 'd:/DOPAMS/Toystack/dopams-backend-staging/node_modules/aws-sdk/clients'.
======== Module name '../lib/service' was successfully resolved to 'd:/DOPAMS/Toystack/dopams-backend-staging/node_modules/aws-sdk/lib/service.d.ts' with Package ID 'aws-sdk/lib/service.d.ts@2.1693.0'. ========
======== Resolving module '../lib/config-base' from 'd:/DOPAMS/Toystack/dopams-backend-staging/node_modules/aws-sdk/clients/drs.d.ts'. ========
Resolution for module '../lib/config-base' was found in cache from location 'd:/DOPAMS/Toystack/dopams-backend-staging/node_modules/aws-sdk/clients'.
======== Module name '../lib/config-base' was successfully resolved to 'd:/DOPAMS/Toystack/dopams-backend-staging/node_modules/aws-sdk/lib/config-base.d.ts' with Package ID 'aws-sdk/lib/config-base.d.ts@2.1693.0'. ========
File 'd:/DOPAMS/Toystack/dopams-backend-staging/node_modules/aws-sdk/clients/package.json' does not exist according to earlier cached lookups.
File 'd:/DOPAMS/Toystack/dopams-backend-staging/node_modules/aws-sdk/package.json' exists according to earlier cached lookups.
======== Resolving module '../lib/request' from 'd:/DOPAMS/Toystack/dopams-backend-staging/node_modules/aws-sdk/clients/migrationhubrefactorspaces.d.ts'. ========
Resolution for module '../lib/request' was found in cache from location 'd:/DOPAMS/Toystack/dopams-backend-staging/node_modules/aws-sdk/clients'.
======== Module name '../lib/request' was successfully resolved to 'd:/DOPAMS/Toystack/dopams-backend-staging/node_modules/aws-sdk/lib/request.d.ts' with Package ID 'aws-sdk/lib/request.d.ts@2.1693.0'. ========
======== Resolving module '../lib/response' from 'd:/DOPAMS/Toystack/dopams-backend-staging/node_modules/aws-sdk/clients/migrationhubrefactorspaces.d.ts'. ========
Resolution for module '../lib/response' was found in cache from location 'd:/DOPAMS/Toystack/dopams-backend-staging/node_modules/aws-sdk/clients'.
======== Module name '../lib/response' was successfully resolved to 'd:/DOPAMS/Toystack/dopams-backend-staging/node_modules/aws-sdk/lib/response.d.ts' with Package ID 'aws-sdk/lib/response.d.ts@2.1693.0'. ========
======== Resolving module '../lib/error' from 'd:/DOPAMS/Toystack/dopams-backend-staging/node_modules/aws-sdk/clients/migrationhubrefactorspaces.d.ts'. ========
Resolution for module '../lib/error' was found in cache from location 'd:/DOPAMS/Toystack/dopams-backend-staging/node_modules/aws-sdk/clients'.
======== Module name '../lib/error' was successfully resolved to 'd:/DOPAMS/Toystack/dopams-backend-staging/node_modules/aws-sdk/lib/error.d.ts' with Package ID 'aws-sdk/lib/error.d.ts@2.1693.0'. ========
======== Resolving module '../lib/service' from 'd:/DOPAMS/Toystack/dopams-backend-staging/node_modules/aws-sdk/clients/migrationhubrefactorspaces.d.ts'. ========
Resolution for module '../lib/service' was found in cache from location 'd:/DOPAMS/Toystack/dopams-backend-staging/node_modules/aws-sdk/clients'.
======== Module name '../lib/service' was successfully resolved to 'd:/DOPAMS/Toystack/dopams-backend-staging/node_modules/aws-sdk/lib/service.d.ts' with Package ID 'aws-sdk/lib/service.d.ts@2.1693.0'. ========
======== Resolving module '../lib/config-base' from 'd:/DOPAMS/Toystack/dopams-backend-staging/node_modules/aws-sdk/clients/migrationhubrefactorspaces.d.ts'. ========
Resolution for module '../lib/config-base' was found in cache from location 'd:/DOPAMS/Toystack/dopams-backend-staging/node_modules/aws-sdk/clients'.
======== Module name '../lib/config-base' was successfully resolved to 'd:/DOPAMS/Toystack/dopams-backend-staging/node_modules/aws-sdk/lib/config-base.d.ts' with Package ID 'aws-sdk/lib/config-base.d.ts@2.1693.0'. ========
File 'd:/DOPAMS/Toystack/dopams-backend-staging/node_modules/aws-sdk/clients/package.json' does not exist according to earlier cached lookups.
File 'd:/DOPAMS/Toystack/dopams-backend-staging/node_modules/aws-sdk/package.json' exists according to earlier cached lookups.
======== Resolving module '../lib/request' from 'd:/DOPAMS/Toystack/dopams-backend-staging/node_modules/aws-sdk/clients/evidently.d.ts'. ========
Resolution for module '../lib/request' was found in cache from location 'd:/DOPAMS/Toystack/dopams-backend-staging/node_modules/aws-sdk/clients'.
======== Module name '../lib/request' was successfully resolved to 'd:/DOPAMS/Toystack/dopams-backend-staging/node_modules/aws-sdk/lib/request.d.ts' with Package ID 'aws-sdk/lib/request.d.ts@2.1693.0'. ========
======== Resolving module '../lib/response' from 'd:/DOPAMS/Toystack/dopams-backend-staging/node_modules/aws-sdk/clients/evidently.d.ts'. ========
Resolution for module '../lib/response' was found in cache from location 'd:/DOPAMS/Toystack/dopams-backend-staging/node_modules/aws-sdk/clients'.
======== Module name '../lib/response' was successfully resolved to 'd:/DOPAMS/Toystack/dopams-backend-staging/node_modules/aws-sdk/lib/response.d.ts' with Package ID 'aws-sdk/lib/response.d.ts@2.1693.0'. ========
======== Resolving module '../lib/error' from 'd:/DOPAMS/Toystack/dopams-backend-staging/node_modules/aws-sdk/clients/evidently.d.ts'. ========
Resolution for module '../lib/error' was found in cache from location 'd:/DOPAMS/Toystack/dopams-backend-staging/node_modules/aws-sdk/clients'.
======== Module name '../lib/error' was successfully resolved to 'd:/DOPAMS/Toystack/dopams-backend-staging/node_modules/aws-sdk/lib/error.d.ts' with Package ID 'aws-sdk/lib/error.d.ts@2.1693.0'. ========
======== Resolving module '../lib/service' from 'd:/DOPAMS/Toystack/dopams-backend-staging/node_modules/aws-sdk/clients/evidently.d.ts'. ========
Resolution for module '../lib/service' was found in cache from location 'd:/DOPAMS/Toystack/dopams-backend-staging/node_modules/aws-sdk/clients'.
======== Module name '../lib/service' was successfully resolved to 'd:/DOPAMS/Toystack/dopams-backend-staging/node_modules/aws-sdk/lib/service.d.ts' with Package ID 'aws-sdk/lib/service.d.ts@2.1693.0'. ========
======== Resolving module '../lib/config-base' from 'd:/DOPAMS/Toystack/dopams-backend-staging/node_modules/aws-sdk/clients/evidently.d.ts'. ========
Resolution for module '../lib/config-base' was found in cache from location 'd:/DOPAMS/Toystack/dopams-backend-staging/node_modules/aws-sdk/clients'.
======== Module name '../lib/config-base' was successfully resolved to 'd:/DOPAMS/Toystack/dopams-backend-staging/node_modules/aws-sdk/lib/config-base.d.ts' with Package ID 'aws-sdk/lib/config-base.d.ts@2.1693.0'. ========
File 'd:/DOPAMS/Toystack/dopams-backend-staging/node_modules/aws-sdk/clients/package.json' does not exist according to earlier cached lookups.
File 'd:/DOPAMS/Toystack/dopams-backend-staging/node_modules/aws-sdk/package.json' exists according to earlier cached lookups.
======== Resolving module '../lib/request' from 'd:/DOPAMS/Toystack/dopams-backend-staging/node_modules/aws-sdk/clients/inspector2.d.ts'. ========
Resolution for module '../lib/request' was found in cache from location 'd:/DOPAMS/Toystack/dopams-backend-staging/node_modules/aws-sdk/clients'.
======== Module name '../lib/request' was successfully resolved to 'd:/DOPAMS/Toystack/dopams-backend-staging/node_modules/aws-sdk/lib/request.d.ts' with Package ID 'aws-sdk/lib/request.d.ts@2.1693.0'. ========
======== Resolving module '../lib/response' from 'd:/DOPAMS/Toystack/dopams-backend-staging/node_modules/aws-sdk/clients/inspector2.d.ts'. ========
Resolution for module '../lib/response' was found in cache from location 'd:/DOPAMS/Toystack/dopams-backend-staging/node_modules/aws-sdk/clients'.
======== Module name '../lib/response' was successfully resolved to 'd:/DOPAMS/Toystack/dopams-backend-staging/node_modules/aws-sdk/lib/response.d.ts' with Package ID 'aws-sdk/lib/response.d.ts@2.1693.0'. ========
======== Resolving module '../lib/error' from 'd:/DOPAMS/Toystack/dopams-backend-staging/node_modules/aws-sdk/clients/inspector2.d.ts'. ========
Resolution for module '../lib/error' was found in cache from location 'd:/DOPAMS/Toystack/dopams-backend-staging/node_modules/aws-sdk/clients'.
======== Module name '../lib/error' was successfully resolved to 'd:/DOPAMS/Toystack/dopams-backend-staging/node_modules/aws-sdk/lib/error.d.ts' with Package ID 'aws-sdk/lib/error.d.ts@2.1693.0'. ========
======== Resolving module '../lib/service' from 'd:/DOPAMS/Toystack/dopams-backend-staging/node_modules/aws-sdk/clients/inspector2.d.ts'. ========
Resolution for module '../lib/service' was found in cache from location 'd:/DOPAMS/Toystack/dopams-backend-staging/node_modules/aws-sdk/clients'.
======== Module name '../lib/service' was successfully resolved to 'd:/DOPAMS/Toystack/dopams-backend-staging/node_modules/aws-sdk/lib/service.d.ts' with Package ID 'aws-sdk/lib/service.d.ts@2.1693.0'. ========
======== Resolving module '../lib/config-base' from 'd:/DOPAMS/Toystack/dopams-backend-staging/node_modules/aws-sdk/clients/inspector2.d.ts'. ========
Resolution for module '../lib/config-base' was found in cache from location 'd:/DOPAMS/Toystack/dopams-backend-staging/node_modules/aws-sdk/clients'.
======== Module name '../lib/config-base' was successfully resolved to 'd:/DOPAMS/Toystack/dopams-backend-staging/node_modules/aws-sdk/lib/config-base.d.ts' with Package ID 'aws-sdk/lib/config-base.d.ts@2.1693.0'. ========
File 'd:/DOPAMS/Toystack/dopams-backend-staging/node_modules/aws-sdk/clients/package.json' does not exist according to earlier cached lookups.
File 'd:/DOPAMS/Toystack/dopams-backend-staging/node_modules/aws-sdk/package.json' exists according to earlier cached lookups.
======== Resolving module '../lib/request' from 'd:/DOPAMS/Toystack/dopams-backend-staging/node_modules/aws-sdk/clients/rbin.d.ts'. ========
Resolution for module '../lib/request' was found in cache from location 'd:/DOPAMS/Toystack/dopams-backend-staging/node_modules/aws-sdk/clients'.
======== Module name '../lib/request' was successfully resolved to 'd:/DOPAMS/Toystack/dopams-backend-staging/node_modules/aws-sdk/lib/request.d.ts' with Package ID 'aws-sdk/lib/request.d.ts@2.1693.0'. ========
======== Resolving module '../lib/response' from 'd:/DOPAMS/Toystack/dopams-backend-staging/node_modules/aws-sdk/clients/rbin.d.ts'. ========
Resolution for module '../lib/response' was found in cache from location 'd:/DOPAMS/Toystack/dopams-backend-staging/node_modules/aws-sdk/clients'.
======== Module name '../lib/response' was successfully resolved to 'd:/DOPAMS/Toystack/dopams-backend-staging/node_modules/aws-sdk/lib/response.d.ts' with Package ID 'aws-sdk/lib/response.d.ts@2.1693.0'. ========
======== Resolving module '../lib/error' from 'd:/DOPAMS/Toystack/dopams-backend-staging/node_modules/aws-sdk/clients/rbin.d.ts'. ========
Resolution for module '../lib/error' was found in cache from location 'd:/DOPAMS/Toystack/dopams-backend-staging/node_modules/aws-sdk/clients'.
======== Module name '../lib/error' was successfully resolved to 'd:/DOPAMS/Toystack/dopams-backend-staging/node_modules/aws-sdk/lib/error.d.ts' with Package ID 'aws-sdk/lib/error.d.ts@2.1693.0'. ========
======== Resolving module '../lib/service' from 'd:/DOPAMS/Toystack/dopams-backend-staging/node_modules/aws-sdk/clients/rbin.d.ts'. ========
Resolution for module '../lib/service' was found in cache from location 'd:/DOPAMS/Toystack/dopams-backend-staging/node_modules/aws-sdk/clients'.
======== Module name '../lib/service' was successfully resolved to 'd:/DOPAMS/Toystack/dopams-backend-staging/node_modules/aws-sdk/lib/service.d.ts' with Package ID 'aws-sdk/lib/service.d.ts@2.1693.0'. ========
======== Resolving module '../lib/config-base' from 'd:/DOPAMS/Toystack/dopams-backend-staging/node_modules/aws-sdk/clients/rbin.d.ts'. ========
Resolution for module '../lib/config-base' was found in cache from location 'd:/DOPAMS/Toystack/dopams-backend-staging/node_modules/aws-sdk/clients'.
======== Module name '../lib/config-base' was successfully resolved to 'd:/DOPAMS/Toystack/dopams-backend-staging/node_modules/aws-sdk/lib/config-base.d.ts' with Package ID 'aws-sdk/lib/config-base.d.ts@2.1693.0'. ========
File 'd:/DOPAMS/Toystack/dopams-backend-staging/node_modules/aws-sdk/clients/package.json' does not exist according to earlier cached lookups.
File 'd:/DOPAMS/Toystack/dopams-backend-staging/node_modules/aws-sdk/package.json' exists according to earlier cached lookups.
======== Resolving module '../lib/request' from 'd:/DOPAMS/Toystack/dopams-backend-staging/node_modules/aws-sdk/clients/rum.d.ts'. ========
Resolution for module '../lib/request' was found in cache from location 'd:/DOPAMS/Toystack/dopams-backend-staging/node_modules/aws-sdk/clients'.
======== Module name '../lib/request' was successfully resolved to 'd:/DOPAMS/Toystack/dopams-backend-staging/node_modules/aws-sdk/lib/request.d.ts' with Package ID 'aws-sdk/lib/request.d.ts@2.1693.0'. ========
======== Resolving module '../lib/response' from 'd:/DOPAMS/Toystack/dopams-backend-staging/node_modules/aws-sdk/clients/rum.d.ts'. ========
Resolution for module '../lib/response' was found in cache from location 'd:/DOPAMS/Toystack/dopams-backend-staging/node_modules/aws-sdk/clients'.
======== Module name '../lib/response' was successfully resolved to 'd:/DOPAMS/Toystack/dopams-backend-staging/node_modules/aws-sdk/lib/response.d.ts' with Package ID 'aws-sdk/lib/response.d.ts@2.1693.0'. ========
======== Resolving module '../lib/error' from 'd:/DOPAMS/Toystack/dopams-backend-staging/node_modules/aws-sdk/clients/rum.d.ts'. ========
Resolution for module '../lib/error' was found in cache from location 'd:/DOPAMS/Toystack/dopams-backend-staging/node_modules/aws-sdk/clients'.
======== Module name '../lib/error' was successfully resolved to 'd:/DOPAMS/Toystack/dopams-backend-staging/node_modules/aws-sdk/lib/error.d.ts' with Package ID 'aws-sdk/lib/error.d.ts@2.1693.0'. ========
======== Resolving module '../lib/service' from 'd:/DOPAMS/Toystack/dopams-backend-staging/node_modules/aws-sdk/clients/rum.d.ts'. ========
Resolution for module '../lib/service' was found in cache from location 'd:/DOPAMS/Toystack/dopams-backend-staging/node_modules/aws-sdk/clients'.
======== Module name '../lib/service' was successfully resolved to 'd:/DOPAMS/Toystack/dopams-backend-staging/node_modules/aws-sdk/lib/service.d.ts' with Package ID 'aws-sdk/lib/service.d.ts@2.1693.0'. ========
======== Resolving module '../lib/config-base' from 'd:/DOPAMS/Toystack/dopams-backend-staging/node_modules/aws-sdk/clients/rum.d.ts'. ========
Resolution for module '../lib/config-base' was found in cache from location 'd:/DOPAMS/Toystack/dopams-backend-staging/node_modules/aws-sdk/clients'.
======== Module name '../lib/config-base' was successfully resolved to 'd:/DOPAMS/Toystack/dopams-backend-staging/node_modules/aws-sdk/lib/config-base.d.ts' with Package ID 'aws-sdk/lib/config-base.d.ts@2.1693.0'. ========
File 'd:/DOPAMS/Toystack/dopams-backend-staging/node_modules/aws-sdk/clients/package.json' does not exist according to earlier cached lookups.
File 'd:/DOPAMS/Toystack/dopams-backend-staging/node_modules/aws-sdk/package.json' exists according to earlier cached lookups.
======== Resolving module '../lib/request' from 'd:/DOPAMS/Toystack/dopams-backend-staging/node_modules/aws-sdk/clients/backupgateway.d.ts'. ========
Resolution for module '../lib/request' was found in cache from location 'd:/DOPAMS/Toystack/dopams-backend-staging/node_modules/aws-sdk/clients'.
======== Module name '../lib/request' was successfully resolved to 'd:/DOPAMS/Toystack/dopams-backend-staging/node_modules/aws-sdk/lib/request.d.ts' with Package ID 'aws-sdk/lib/request.d.ts@2.1693.0'. ========
======== Resolving module '../lib/response' from 'd:/DOPAMS/Toystack/dopams-backend-staging/node_modules/aws-sdk/clients/backupgateway.d.ts'. ========
Resolution for module '../lib/response' was found in cache from location 'd:/DOPAMS/Toystack/dopams-backend-staging/node_modules/aws-sdk/clients'.
======== Module name '../lib/response' was successfully resolved to 'd:/DOPAMS/Toystack/dopams-backend-staging/node_modules/aws-sdk/lib/response.d.ts' with Package ID 'aws-sdk/lib/response.d.ts@2.1693.0'. ========
======== Resolving module '../lib/error' from 'd:/DOPAMS/Toystack/dopams-backend-staging/node_modules/aws-sdk/clients/backupgateway.d.ts'. ========
Resolution for module '../lib/error' was found in cache from location 'd:/DOPAMS/Toystack/dopams-backend-staging/node_modules/aws-sdk/clients'.
======== Module name '../lib/error' was successfully resolved to 'd:/DOPAMS/Toystack/dopams-backend-staging/node_modules/aws-sdk/lib/error.d.ts' with Package ID 'aws-sdk/lib/error.d.ts@2.1693.0'. ========
======== Resolving module '../lib/service' from 'd:/DOPAMS/Toystack/dopams-backend-staging/node_modules/aws-sdk/clients/backupgateway.d.ts'. ========
Resolution for module '../lib/service' was found in cache from location 'd:/DOPAMS/Toystack/dopams-backend-staging/node_modules/aws-sdk/clients'.
======== Module name '../lib/service' was successfully resolved to 'd:/DOPAMS/Toystack/dopams-backend-staging/node_modules/aws-sdk/lib/service.d.ts' with Package ID 'aws-sdk/lib/service.d.ts@2.1693.0'. ========
======== Resolving module '../lib/config-base' from 'd:/DOPAMS/Toystack/dopams-backend-staging/node_modules/aws-sdk/clients/backupgateway.d.ts'. ========
Resolution for module '../lib/config-base' was found in cache from location 'd:/DOPAMS/Toystack/dopams-backend-staging/node_modules/aws-sdk/clients'.
======== Module name '../lib/config-base' was successfully resolved to 'd:/DOPAMS/Toystack/dopams-backend-staging/node_modules/aws-sdk/lib/config-base.d.ts' with Package ID 'aws-sdk/lib/config-base.d.ts@2.1693.0'. ========
File 'd:/DOPAMS/Toystack/dopams-backend-staging/node_modules/aws-sdk/clients/package.json' does not exist according to earlier cached lookups.
File 'd:/DOPAMS/Toystack/dopams-backend-staging/node_modules/aws-sdk/package.json' exists according to earlier cached lookups.
======== Resolving module '../lib/request' from 'd:/DOPAMS/Toystack/dopams-backend-staging/node_modules/aws-sdk/clients/iottwinmaker.d.ts'. ========
Resolution for module '../lib/request' was found in cache from location 'd:/DOPAMS/Toystack/dopams-backend-staging/node_modules/aws-sdk/clients'.
======== Module name '../lib/request' was successfully resolved to 'd:/DOPAMS/Toystack/dopams-backend-staging/node_modules/aws-sdk/lib/request.d.ts' with Package ID 'aws-sdk/lib/request.d.ts@2.1693.0'. ========
======== Resolving module '../lib/response' from 'd:/DOPAMS/Toystack/dopams-backend-staging/node_modules/aws-sdk/clients/iottwinmaker.d.ts'. ========
Resolution for module '../lib/response' was found in cache from location 'd:/DOPAMS/Toystack/dopams-backend-staging/node_modules/aws-sdk/clients'.
======== Module name '../lib/response' was successfully resolved to 'd:/DOPAMS/Toystack/dopams-backend-staging/node_modules/aws-sdk/lib/response.d.ts' with Package ID 'aws-sdk/lib/response.d.ts@2.1693.0'. ========
======== Resolving module '../lib/error' from 'd:/DOPAMS/Toystack/dopams-backend-staging/node_modules/aws-sdk/clients/iottwinmaker.d.ts'. ========
Resolution for module '../lib/error' was found in cache from location 'd:/DOPAMS/Toystack/dopams-backend-staging/node_modules/aws-sdk/clients'.
======== Module name '../lib/error' was successfully resolved to 'd:/DOPAMS/Toystack/dopams-backend-staging/node_modules/aws-sdk/lib/error.d.ts' with Package ID 'aws-sdk/lib/error.d.ts@2.1693.0'. ========
======== Resolving module '../lib/service' from 'd:/DOPAMS/Toystack/dopams-backend-staging/node_modules/aws-sdk/clients/iottwinmaker.d.ts'. ========
Resolution for module '../lib/service' was found in cache from location 'd:/DOPAMS/Toystack/dopams-backend-staging/node_modules/aws-sdk/clients'.
======== Module name '../lib/service' was successfully resolved to 'd:/DOPAMS/Toystack/dopams-backend-staging/node_modules/aws-sdk/lib/service.d.ts' with Package ID 'aws-sdk/lib/service.d.ts@2.1693.0'. ========
======== Resolving module '../lib/config-base' from 'd:/DOPAMS/Toystack/dopams-backend-staging/node_modules/aws-sdk/clients/iottwinmaker.d.ts'. ========
Resolution for module '../lib/config-base' was found in cache from location 'd:/DOPAMS/Toystack/dopams-backend-staging/node_modules/aws-sdk/clients'.
======== Module name '../lib/config-base' was successfully resolved to 'd:/DOPAMS/Toystack/dopams-backend-staging/node_modules/aws-sdk/lib/config-base.d.ts' with Package ID 'aws-sdk/lib/config-base.d.ts@2.1693.0'. ========
File 'd:/DOPAMS/Toystack/dopams-backend-staging/node_modules/aws-sdk/clients/package.json' does not exist according to earlier cached lookups.
File 'd:/DOPAMS/Toystack/dopams-backend-staging/node_modules/aws-sdk/package.json' exists according to earlier cached lookups.
======== Resolving module '../lib/request' from 'd:/DOPAMS/Toystack/dopams-backend-staging/node_modules/aws-sdk/clients/workspacesweb.d.ts'. ========
Resolution for module '../lib/request' was found in cache from location 'd:/DOPAMS/Toystack/dopams-backend-staging/node_modules/aws-sdk/clients'.
======== Module name '../lib/request' was successfully resolved to 'd:/DOPAMS/Toystack/dopams-backend-staging/node_modules/aws-sdk/lib/request.d.ts' with Package ID 'aws-sdk/lib/request.d.ts@2.1693.0'. ========
======== Resolving module '../lib/response' from 'd:/DOPAMS/Toystack/dopams-backend-staging/node_modules/aws-sdk/clients/workspacesweb.d.ts'. ========
Resolution for module '../lib/response' was found in cache from location 'd:/DOPAMS/Toystack/dopams-backend-staging/node_modules/aws-sdk/clients'.
======== Module name '../lib/response' was successfully resolved to 'd:/DOPAMS/Toystack/dopams-backend-staging/node_modules/aws-sdk/lib/response.d.ts' with Package ID 'aws-sdk/lib/response.d.ts@2.1693.0'. ========
======== Resolving module '../lib/error' from 'd:/DOPAMS/Toystack/dopams-backend-staging/node_modules/aws-sdk/clients/workspacesweb.d.ts'. ========
Resolution for module '../lib/error' was found in cache from location 'd:/DOPAMS/Toystack/dopams-backend-staging/node_modules/aws-sdk/clients'.
======== Module name '../lib/error' was successfully resolved to 'd:/DOPAMS/Toystack/dopams-backend-staging/node_modules/aws-sdk/lib/error.d.ts' with Package ID 'aws-sdk/lib/error.d.ts@2.1693.0'. ========
======== Resolving module '../lib/service' from 'd:/DOPAMS/Toystack/dopams-backend-staging/node_modules/aws-sdk/clients/workspacesweb.d.ts'. ========
Resolution for module '../lib/service' was found in cache from location 'd:/DOPAMS/Toystack/dopams-backend-staging/node_modules/aws-sdk/clients'.
======== Module name '../lib/service' was successfully resolved to 'd:/DOPAMS/Toystack/dopams-backend-staging/node_modules/aws-sdk/lib/service.d.ts' with Package ID 'aws-sdk/lib/service.d.ts@2.1693.0'. ========
======== Resolving module '../lib/config-base' from 'd:/DOPAMS/Toystack/dopams-backend-staging/node_modules/aws-sdk/clients/workspacesweb.d.ts'. ========
Resolution for module '../lib/config-base' was found in cache from location 'd:/DOPAMS/Toystack/dopams-backend-staging/node_modules/aws-sdk/clients'.
======== Module name '../lib/config-base' was successfully resolved to 'd:/DOPAMS/Toystack/dopams-backend-staging/node_modules/aws-sdk/lib/config-base.d.ts' with Package ID 'aws-sdk/lib/config-base.d.ts@2.1693.0'. ========
File 'd:/DOPAMS/Toystack/dopams-backend-staging/node_modules/aws-sdk/clients/package.json' does not exist according to earlier cached lookups.
File 'd:/DOPAMS/Toystack/dopams-backend-staging/node_modules/aws-sdk/package.json' exists according to earlier cached lookups.
======== Resolving module '../lib/request' from 'd:/DOPAMS/Toystack/dopams-backend-staging/node_modules/aws-sdk/clients/amplifyuibuilder.d.ts'. ========
Resolution for module '../lib/request' was found in cache from location 'd:/DOPAMS/Toystack/dopams-backend-staging/node_modules/aws-sdk/clients'.
======== Module name '../lib/request' was successfully resolved to 'd:/DOPAMS/Toystack/dopams-backend-staging/node_modules/aws-sdk/lib/request.d.ts' with Package ID 'aws-sdk/lib/request.d.ts@2.1693.0'. ========
======== Resolving module '../lib/response' from 'd:/DOPAMS/Toystack/dopams-backend-staging/node_modules/aws-sdk/clients/amplifyuibuilder.d.ts'. ========
Resolution for module '../lib/response' was found in cache from location 'd:/DOPAMS/Toystack/dopams-backend-staging/node_modules/aws-sdk/clients'.
======== Module name '../lib/response' was successfully resolved to 'd:/DOPAMS/Toystack/dopams-backend-staging/node_modules/aws-sdk/lib/response.d.ts' with Package ID 'aws-sdk/lib/response.d.ts@2.1693.0'. ========
======== Resolving module '../lib/error' from 'd:/DOPAMS/Toystack/dopams-backend-staging/node_modules/aws-sdk/clients/amplifyuibuilder.d.ts'. ========
Resolution for module '../lib/error' was found in cache from location 'd:/DOPAMS/Toystack/dopams-backend-staging/node_modules/aws-sdk/clients'.
======== Module name '../lib/error' was successfully resolved to 'd:/DOPAMS/Toystack/dopams-backend-staging/node_modules/aws-sdk/lib/error.d.ts' with Package ID 'aws-sdk/lib/error.d.ts@2.1693.0'. ========
======== Resolving module '../lib/service' from 'd:/DOPAMS/Toystack/dopams-backend-staging/node_modules/aws-sdk/clients/amplifyuibuilder.d.ts'. ========
Resolution for module '../lib/service' was found in cache from location 'd:/DOPAMS/Toystack/dopams-backend-staging/node_modules/aws-sdk/clients'.
======== Module name '../lib/service' was successfully resolved to 'd:/DOPAMS/Toystack/dopams-backend-staging/node_modules/aws-sdk/lib/service.d.ts' with Package ID 'aws-sdk/lib/service.d.ts@2.1693.0'. ========
======== Resolving module '../lib/config-base' from 'd:/DOPAMS/Toystack/dopams-backend-staging/node_modules/aws-sdk/clients/amplifyuibuilder.d.ts'. ========
Resolution for module '../lib/config-base' was found in cache from location 'd:/DOPAMS/Toystack/dopams-backend-staging/node_modules/aws-sdk/clients'.
======== Module name '../lib/config-base' was successfully resolved to 'd:/DOPAMS/Toystack/dopams-backend-staging/node_modules/aws-sdk/lib/config-base.d.ts' with Package ID 'aws-sdk/lib/config-base.d.ts@2.1693.0'. ========
File 'd:/DOPAMS/Toystack/dopams-backend-staging/node_modules/aws-sdk/clients/package.json' does not exist according to earlier cached lookups.
File 'd:/DOPAMS/Toystack/dopams-backend-staging/node_modules/aws-sdk/package.json' exists according to earlier cached lookups.
======== Resolving module '../lib/request' from 'd:/DOPAMS/Toystack/dopams-backend-staging/node_modules/aws-sdk/clients/keyspaces.d.ts'. ========
Resolution for module '../lib/request' was found in cache from location 'd:/DOPAMS/Toystack/dopams-backend-staging/node_modules/aws-sdk/clients'.
======== Module name '../lib/request' was successfully resolved to 'd:/DOPAMS/Toystack/dopams-backend-staging/node_modules/aws-sdk/lib/request.d.ts' with Package ID 'aws-sdk/lib/request.d.ts@2.1693.0'. ========
======== Resolving module '../lib/response' from 'd:/DOPAMS/Toystack/dopams-backend-staging/node_modules/aws-sdk/clients/keyspaces.d.ts'. ========
Resolution for module '../lib/response' was found in cache from location 'd:/DOPAMS/Toystack/dopams-backend-staging/node_modules/aws-sdk/clients'.
======== Module name '../lib/response' was successfully resolved to 'd:/DOPAMS/Toystack/dopams-backend-staging/node_modules/aws-sdk/lib/response.d.ts' with Package ID 'aws-sdk/lib/response.d.ts@2.1693.0'. ========
======== Resolving module '../lib/error' from 'd:/DOPAMS/Toystack/dopams-backend-staging/node_modules/aws-sdk/clients/keyspaces.d.ts'. ========
Resolution for module '../lib/error' was found in cache from location 'd:/DOPAMS/Toystack/dopams-backend-staging/node_modules/aws-sdk/clients'.
======== Module name '../lib/error' was successfully resolved to 'd:/DOPAMS/Toystack/dopams-backend-staging/node_modules/aws-sdk/lib/error.d.ts' with Package ID 'aws-sdk/lib/error.d.ts@2.1693.0'. ========
======== Resolving module '../lib/service' from 'd:/DOPAMS/Toystack/dopams-backend-staging/node_modules/aws-sdk/clients/keyspaces.d.ts'. ========
Resolution for module '../lib/service' was found in cache from location 'd:/DOPAMS/Toystack/dopams-backend-staging/node_modules/aws-sdk/clients'.
======== Module name '../lib/service' was successfully resolved to 'd:/DOPAMS/Toystack/dopams-backend-staging/node_modules/aws-sdk/lib/service.d.ts' with Package ID 'aws-sdk/lib/service.d.ts@2.1693.0'. ========
======== Resolving module '../lib/config-base' from 'd:/DOPAMS/Toystack/dopams-backend-staging/node_modules/aws-sdk/clients/keyspaces.d.ts'. ========
Resolution for module '../lib/config-base' was found in cache from location 'd:/DOPAMS/Toystack/dopams-backend-staging/node_modules/aws-sdk/clients'.
======== Module name '../lib/config-base' was successfully resolved to 'd:/DOPAMS/Toystack/dopams-backend-staging/node_modules/aws-sdk/lib/config-base.d.ts' with Package ID 'aws-sdk/lib/config-base.d.ts@2.1693.0'. ========
File 'd:/DOPAMS/Toystack/dopams-backend-staging/node_modules/aws-sdk/clients/package.json' does not exist according to earlier cached lookups.
File 'd:/DOPAMS/Toystack/dopams-backend-staging/node_modules/aws-sdk/package.json' exists according to earlier cached lookups.
======== Resolving module '../lib/request' from 'd:/DOPAMS/Toystack/dopams-backend-staging/node_modules/aws-sdk/clients/billingconductor.d.ts'. ========
Resolution for module '../lib/request' was found in cache from location 'd:/DOPAMS/Toystack/dopams-backend-staging/node_modules/aws-sdk/clients'.
======== Module name '../lib/request' was successfully resolved to 'd:/DOPAMS/Toystack/dopams-backend-staging/node_modules/aws-sdk/lib/request.d.ts' with Package ID 'aws-sdk/lib/request.d.ts@2.1693.0'. ========
======== Resolving module '../lib/response' from 'd:/DOPAMS/Toystack/dopams-backend-staging/node_modules/aws-sdk/clients/billingconductor.d.ts'. ========
Resolution for module '../lib/response' was found in cache from location 'd:/DOPAMS/Toystack/dopams-backend-staging/node_modules/aws-sdk/clients'.
======== Module name '../lib/response' was successfully resolved to 'd:/DOPAMS/Toystack/dopams-backend-staging/node_modules/aws-sdk/lib/response.d.ts' with Package ID 'aws-sdk/lib/response.d.ts@2.1693.0'. ========
======== Resolving module '../lib/error' from 'd:/DOPAMS/Toystack/dopams-backend-staging/node_modules/aws-sdk/clients/billingconductor.d.ts'. ========
Resolution for module '../lib/error' was found in cache from location 'd:/DOPAMS/Toystack/dopams-backend-staging/node_modules/aws-sdk/clients'.
======== Module name '../lib/error' was successfully resolved to 'd:/DOPAMS/Toystack/dopams-backend-staging/node_modules/aws-sdk/lib/error.d.ts' with Package ID 'aws-sdk/lib/error.d.ts@2.1693.0'. ========
======== Resolving module '../lib/service' from 'd:/DOPAMS/Toystack/dopams-backend-staging/node_modules/aws-sdk/clients/billingconductor.d.ts'. ========
Resolution for module '../lib/service' was found in cache from location 'd:/DOPAMS/Toystack/dopams-backend-staging/node_modules/aws-sdk/clients'.
======== Module name '../lib/service' was successfully resolved to 'd:/DOPAMS/Toystack/dopams-backend-staging/node_modules/aws-sdk/lib/service.d.ts' with Package ID 'aws-sdk/lib/service.d.ts@2.1693.0'. ========
======== Resolving module '../lib/config-base' from 'd:/DOPAMS/Toystack/dopams-backend-staging/node_modules/aws-sdk/clients/billingconductor.d.ts'. ========
Resolution for module '../lib/config-base' was found in cache from location 'd:/DOPAMS/Toystack/dopams-backend-staging/node_modules/aws-sdk/clients'.
======== Module name '../lib/config-base' was successfully resolved to 'd:/DOPAMS/Toystack/dopams-backend-staging/node_modules/aws-sdk/lib/config-base.d.ts' with Package ID 'aws-sdk/lib/config-base.d.ts@2.1693.0'. ========
File 'd:/DOPAMS/Toystack/dopams-backend-staging/node_modules/aws-sdk/clients/package.json' does not exist according to earlier cached lookups.
File 'd:/DOPAMS/Toystack/dopams-backend-staging/node_modules/aws-sdk/package.json' exists according to earlier cached lookups.
======== Resolving module '../lib/request' from 'd:/DOPAMS/Toystack/dopams-backend-staging/node_modules/aws-sdk/clients/pinpointsmsvoicev2.d.ts'. ========
Resolution for module '../lib/request' was found in cache from location 'd:/DOPAMS/Toystack/dopams-backend-staging/node_modules/aws-sdk/clients'.
======== Module name '../lib/request' was successfully resolved to 'd:/DOPAMS/Toystack/dopams-backend-staging/node_modules/aws-sdk/lib/request.d.ts' with Package ID 'aws-sdk/lib/request.d.ts@2.1693.0'. ========
======== Resolving module '../lib/response' from 'd:/DOPAMS/Toystack/dopams-backend-staging/node_modules/aws-sdk/clients/pinpointsmsvoicev2.d.ts'. ========
Resolution for module '../lib/response' was found in cache from location 'd:/DOPAMS/Toystack/dopams-backend-staging/node_modules/aws-sdk/clients'.
======== Module name '../lib/response' was successfully resolved to 'd:/DOPAMS/Toystack/dopams-backend-staging/node_modules/aws-sdk/lib/response.d.ts' with Package ID 'aws-sdk/lib/response.d.ts@2.1693.0'. ========
======== Resolving module '../lib/error' from 'd:/DOPAMS/Toystack/dopams-backend-staging/node_modules/aws-sdk/clients/pinpointsmsvoicev2.d.ts'. ========
Resolution for module '../lib/error' was found in cache from location 'd:/DOPAMS/Toystack/dopams-backend-staging/node_modules/aws-sdk/clients'.
======== Module name '../lib/error' was successfully resolved to 'd:/DOPAMS/Toystack/dopams-backend-staging/node_modules/aws-sdk/lib/error.d.ts' with Package ID 'aws-sdk/lib/error.d.ts@2.1693.0'. ========
======== Resolving module '../lib/service' from 'd:/DOPAMS/Toystack/dopams-backend-staging/node_modules/aws-sdk/clients/pinpointsmsvoicev2.d.ts'. ========
Resolution for module '../lib/service' was found in cache from location 'd:/DOPAMS/Toystack/dopams-backend-staging/node_modules/aws-sdk/clients'.
======== Module name '../lib/service' was successfully resolved to 'd:/DOPAMS/Toystack/dopams-backend-staging/node_modules/aws-sdk/lib/service.d.ts' with Package ID 'aws-sdk/lib/service.d.ts@2.1693.0'. ========
======== Resolving module '../lib/config-base' from 'd:/DOPAMS/Toystack/dopams-backend-staging/node_modules/aws-sdk/clients/pinpointsmsvoicev2.d.ts'. ========
Resolution for module '../lib/config-base' was found in cache from location 'd:/DOPAMS/Toystack/dopams-backend-staging/node_modules/aws-sdk/clients'.
======== Module name '../lib/config-base' was successfully resolved to 'd:/DOPAMS/Toystack/dopams-backend-staging/node_modules/aws-sdk/lib/config-base.d.ts' with Package ID 'aws-sdk/lib/config-base.d.ts@2.1693.0'. ========
File 'd:/DOPAMS/Toystack/dopams-backend-staging/node_modules/aws-sdk/clients/package.json' does not exist according to earlier cached lookups.
File 'd:/DOPAMS/Toystack/dopams-backend-staging/node_modules/aws-sdk/package.json' exists according to earlier cached lookups.
======== Resolving module '../lib/request' from 'd:/DOPAMS/Toystack/dopams-backend-staging/node_modules/aws-sdk/clients/ivschat.d.ts'. ========
Resolution for module '../lib/request' was found in cache from location 'd:/DOPAMS/Toystack/dopams-backend-staging/node_modules/aws-sdk/clients'.
======== Module name '../lib/request' was successfully resolved to 'd:/DOPAMS/Toystack/dopams-backend-staging/node_modules/aws-sdk/lib/request.d.ts' with Package ID 'aws-sdk/lib/request.d.ts@2.1693.0'. ========
======== Resolving module '../lib/response' from 'd:/DOPAMS/Toystack/dopams-backend-staging/node_modules/aws-sdk/clients/ivschat.d.ts'. ========
Resolution for module '../lib/response' was found in cache from location 'd:/DOPAMS/Toystack/dopams-backend-staging/node_modules/aws-sdk/clients'.
======== Module name '../lib/response' was successfully resolved to 'd:/DOPAMS/Toystack/dopams-backend-staging/node_modules/aws-sdk/lib/response.d.ts' with Package ID 'aws-sdk/lib/response.d.ts@2.1693.0'. ========
======== Resolving module '../lib/error' from 'd:/DOPAMS/Toystack/dopams-backend-staging/node_modules/aws-sdk/clients/ivschat.d.ts'. ========
Resolution for module '../lib/error' was found in cache from location 'd:/DOPAMS/Toystack/dopams-backend-staging/node_modules/aws-sdk/clients'.
======== Module name '../lib/error' was successfully resolved to 'd:/DOPAMS/Toystack/dopams-backend-staging/node_modules/aws-sdk/lib/error.d.ts' with Package ID 'aws-sdk/lib/error.d.ts@2.1693.0'. ========
======== Resolving module '../lib/service' from 'd:/DOPAMS/Toystack/dopams-backend-staging/node_modules/aws-sdk/clients/ivschat.d.ts'. ========
Resolution for module '../lib/service' was found in cache from location 'd:/DOPAMS/Toystack/dopams-backend-staging/node_modules/aws-sdk/clients'.
======== Module name '../lib/service' was successfully resolved to 'd:/DOPAMS/Toystack/dopams-backend-staging/node_modules/aws-sdk/lib/service.d.ts' with Package ID 'aws-sdk/lib/service.d.ts@2.1693.0'. ========
======== Resolving module '../lib/config-base' from 'd:/DOPAMS/Toystack/dopams-backend-staging/node_modules/aws-sdk/clients/ivschat.d.ts'. ========
Resolution for module '../lib/config-base' was found in cache from location 'd:/DOPAMS/Toystack/dopams-backend-staging/node_modules/aws-sdk/clients'.
======== Module name '../lib/config-base' was successfully resolved to 'd:/DOPAMS/Toystack/dopams-backend-staging/node_modules/aws-sdk/lib/config-base.d.ts' with Package ID 'aws-sdk/lib/config-base.d.ts@2.1693.0'. ========
File 'd:/DOPAMS/Toystack/dopams-backend-staging/node_modules/aws-sdk/clients/package.json' does not exist according to earlier cached lookups.
File 'd:/DOPAMS/Toystack/dopams-backend-staging/node_modules/aws-sdk/package.json' exists according to earlier cached lookups.
======== Resolving module '../lib/request' from 'd:/DOPAMS/Toystack/dopams-backend-staging/node_modules/aws-sdk/clients/chimesdkmediapipelines.d.ts'. ========
Resolution for module '../lib/request' was found in cache from location 'd:/DOPAMS/Toystack/dopams-backend-staging/node_modules/aws-sdk/clients'.
======== Module name '../lib/request' was successfully resolved to 'd:/DOPAMS/Toystack/dopams-backend-staging/node_modules/aws-sdk/lib/request.d.ts' with Package ID 'aws-sdk/lib/request.d.ts@2.1693.0'. ========
======== Resolving module '../lib/response' from 'd:/DOPAMS/Toystack/dopams-backend-staging/node_modules/aws-sdk/clients/chimesdkmediapipelines.d.ts'. ========
Resolution for module '../lib/response' was found in cache from location 'd:/DOPAMS/Toystack/dopams-backend-staging/node_modules/aws-sdk/clients'.
======== Module name '../lib/response' was successfully resolved to 'd:/DOPAMS/Toystack/dopams-backend-staging/node_modules/aws-sdk/lib/response.d.ts' with Package ID 'aws-sdk/lib/response.d.ts@2.1693.0'. ========
======== Resolving module '../lib/error' from 'd:/DOPAMS/Toystack/dopams-backend-staging/node_modules/aws-sdk/clients/chimesdkmediapipelines.d.ts'. ========
Resolution for module '../lib/error' was found in cache from location 'd:/DOPAMS/Toystack/dopams-backend-staging/node_modules/aws-sdk/clients'.
======== Module name '../lib/error' was successfully resolved to 'd:/DOPAMS/Toystack/dopams-backend-staging/node_modules/aws-sdk/lib/error.d.ts' with Package ID 'aws-sdk/lib/error.d.ts@2.1693.0'. ========
======== Resolving module '../lib/service' from 'd:/DOPAMS/Toystack/dopams-backend-staging/node_modules/aws-sdk/clients/chimesdkmediapipelines.d.ts'. ========
Resolution for module '../lib/service' was found in cache from location 'd:/DOPAMS/Toystack/dopams-backend-staging/node_modules/aws-sdk/clients'.
======== Module name '../lib/service' was successfully resolved to 'd:/DOPAMS/Toystack/dopams-backend-staging/node_modules/aws-sdk/lib/service.d.ts' with Package ID 'aws-sdk/lib/service.d.ts@2.1693.0'. ========
======== Resolving module '../lib/config-base' from 'd:/DOPAMS/Toystack/dopams-backend-staging/node_modules/aws-sdk/clients/chimesdkmediapipelines.d.ts'. ========
Resolution for module '../lib/config-base' was found in cache from location 'd:/DOPAMS/Toystack/dopams-backend-staging/node_modules/aws-sdk/clients'.
======== Module name '../lib/config-base' was successfully resolved to 'd:/DOPAMS/Toystack/dopams-backend-staging/node_modules/aws-sdk/lib/config-base.d.ts' with Package ID 'aws-sdk/lib/config-base.d.ts@2.1693.0'. ========
File 'd:/DOPAMS/Toystack/dopams-backend-staging/node_modules/aws-sdk/clients/package.json' does not exist according to earlier cached lookups.
File 'd:/DOPAMS/Toystack/dopams-backend-staging/node_modules/aws-sdk/package.json' exists according to earlier cached lookups.
======== Resolving module '../lib/request' from 'd:/DOPAMS/Toystack/dopams-backend-staging/node_modules/aws-sdk/clients/emrserverless.d.ts'. ========
Resolution for module '../lib/request' was found in cache from location 'd:/DOPAMS/Toystack/dopams-backend-staging/node_modules/aws-sdk/clients'.
======== Module name '../lib/request' was successfully resolved to 'd:/DOPAMS/Toystack/dopams-backend-staging/node_modules/aws-sdk/lib/request.d.ts' with Package ID 'aws-sdk/lib/request.d.ts@2.1693.0'. ========
======== Resolving module '../lib/response' from 'd:/DOPAMS/Toystack/dopams-backend-staging/node_modules/aws-sdk/clients/emrserverless.d.ts'. ========
Resolution for module '../lib/response' was found in cache from location 'd:/DOPAMS/Toystack/dopams-backend-staging/node_modules/aws-sdk/clients'.
======== Module name '../lib/response' was successfully resolved to 'd:/DOPAMS/Toystack/dopams-backend-staging/node_modules/aws-sdk/lib/response.d.ts' with Package ID 'aws-sdk/lib/response.d.ts@2.1693.0'. ========
======== Resolving module '../lib/error' from 'd:/DOPAMS/Toystack/dopams-backend-staging/node_modules/aws-sdk/clients/emrserverless.d.ts'. ========
Resolution for module '../lib/error' was found in cache from location 'd:/DOPAMS/Toystack/dopams-backend-staging/node_modules/aws-sdk/clients'.
======== Module name '../lib/error' was successfully resolved to 'd:/DOPAMS/Toystack/dopams-backend-staging/node_modules/aws-sdk/lib/error.d.ts' with Package ID 'aws-sdk/lib/error.d.ts@2.1693.0'. ========
======== Resolving module '../lib/service' from 'd:/DOPAMS/Toystack/dopams-backend-staging/node_modules/aws-sdk/clients/emrserverless.d.ts'. ========
Resolution for module '../lib/service' was found in cache from location 'd:/DOPAMS/Toystack/dopams-backend-staging/node_modules/aws-sdk/clients'.
======== Module name '../lib/service' was successfully resolved to 'd:/DOPAMS/Toystack/dopams-backend-staging/node_modules/aws-sdk/lib/service.d.ts' with Package ID 'aws-sdk/lib/service.d.ts@2.1693.0'. ========
======== Resolving module '../lib/config-base' from 'd:/DOPAMS/Toystack/dopams-backend-staging/node_modules/aws-sdk/clients/emrserverless.d.ts'. ========
Resolution for module '../lib/config-base' was found in cache from location 'd:/DOPAMS/Toystack/dopams-backend-staging/node_modules/aws-sdk/clients'.
======== Module name '../lib/config-base' was successfully resolved to 'd:/DOPAMS/Toystack/dopams-backend-staging/node_modules/aws-sdk/lib/config-base.d.ts' with Package ID 'aws-sdk/lib/config-base.d.ts@2.1693.0'. ========
File 'd:/DOPAMS/Toystack/dopams-backend-staging/node_modules/aws-sdk/clients/package.json' does not exist according to earlier cached lookups.
File 'd:/DOPAMS/Toystack/dopams-backend-staging/node_modules/aws-sdk/package.json' exists according to earlier cached lookups.
======== Resolving module '../lib/request' from 'd:/DOPAMS/Toystack/dopams-backend-staging/node_modules/aws-sdk/clients/m2.d.ts'. ========
Resolution for module '../lib/request' was found in cache from location 'd:/DOPAMS/Toystack/dopams-backend-staging/node_modules/aws-sdk/clients'.
======== Module name '../lib/request' was successfully resolved to 'd:/DOPAMS/Toystack/dopams-backend-staging/node_modules/aws-sdk/lib/request.d.ts' with Package ID 'aws-sdk/lib/request.d.ts@2.1693.0'. ========
======== Resolving module '../lib/response' from 'd:/DOPAMS/Toystack/dopams-backend-staging/node_modules/aws-sdk/clients/m2.d.ts'. ========
Resolution for module '../lib/response' was found in cache from location 'd:/DOPAMS/Toystack/dopams-backend-staging/node_modules/aws-sdk/clients'.
======== Module name '../lib/response' was successfully resolved to 'd:/DOPAMS/Toystack/dopams-backend-staging/node_modules/aws-sdk/lib/response.d.ts' with Package ID 'aws-sdk/lib/response.d.ts@2.1693.0'. ========
======== Resolving module '../lib/error' from 'd:/DOPAMS/Toystack/dopams-backend-staging/node_modules/aws-sdk/clients/m2.d.ts'. ========
Resolution for module '../lib/error' was found in cache from location 'd:/DOPAMS/Toystack/dopams-backend-staging/node_modules/aws-sdk/clients'.
======== Module name '../lib/error' was successfully resolved to 'd:/DOPAMS/Toystack/dopams-backend-staging/node_modules/aws-sdk/lib/error.d.ts' with Package ID 'aws-sdk/lib/error.d.ts@2.1693.0'. ========
======== Resolving module '../lib/service' from 'd:/DOPAMS/Toystack/dopams-backend-staging/node_modules/aws-sdk/clients/m2.d.ts'. ========
Resolution for module '../lib/service' was found in cache from location 'd:/DOPAMS/Toystack/dopams-backend-staging/node_modules/aws-sdk/clients'.
======== Module name '../lib/service' was successfully resolved to 'd:/DOPAMS/Toystack/dopams-backend-staging/node_modules/aws-sdk/lib/service.d.ts' with Package ID 'aws-sdk/lib/service.d.ts@2.1693.0'. ========
======== Resolving module '../lib/config-base' from 'd:/DOPAMS/Toystack/dopams-backend-staging/node_modules/aws-sdk/clients/m2.d.ts'. ========
Resolution for module '../lib/config-base' was found in cache from location 'd:/DOPAMS/Toystack/dopams-backend-staging/node_modules/aws-sdk/clients'.
======== Module name '../lib/config-base' was successfully resolved to 'd:/DOPAMS/Toystack/dopams-backend-staging/node_modules/aws-sdk/lib/config-base.d.ts' with Package ID 'aws-sdk/lib/config-base.d.ts@2.1693.0'. ========
File 'd:/DOPAMS/Toystack/dopams-backend-staging/node_modules/aws-sdk/clients/package.json' does not exist according to earlier cached lookups.
File 'd:/DOPAMS/Toystack/dopams-backend-staging/node_modules/aws-sdk/package.json' exists according to earlier cached lookups.
======== Resolving module '../lib/request' from 'd:/DOPAMS/Toystack/dopams-backend-staging/node_modules/aws-sdk/clients/connectcampaigns.d.ts'. ========
Resolution for module '../lib/request' was found in cache from location 'd:/DOPAMS/Toystack/dopams-backend-staging/node_modules/aws-sdk/clients'.
======== Module name '../lib/request' was successfully resolved to 'd:/DOPAMS/Toystack/dopams-backend-staging/node_modules/aws-sdk/lib/request.d.ts' with Package ID 'aws-sdk/lib/request.d.ts@2.1693.0'. ========
======== Resolving module '../lib/response' from 'd:/DOPAMS/Toystack/dopams-backend-staging/node_modules/aws-sdk/clients/connectcampaigns.d.ts'. ========
Resolution for module '../lib/response' was found in cache from location 'd:/DOPAMS/Toystack/dopams-backend-staging/node_modules/aws-sdk/clients'.
======== Module name '../lib/response' was successfully resolved to 'd:/DOPAMS/Toystack/dopams-backend-staging/node_modules/aws-sdk/lib/response.d.ts' with Package ID 'aws-sdk/lib/response.d.ts@2.1693.0'. ========
======== Resolving module '../lib/error' from 'd:/DOPAMS/Toystack/dopams-backend-staging/node_modules/aws-sdk/clients/connectcampaigns.d.ts'. ========
Resolution for module '../lib/error' was found in cache from location 'd:/DOPAMS/Toystack/dopams-backend-staging/node_modules/aws-sdk/clients'.
======== Module name '../lib/error' was successfully resolved to 'd:/DOPAMS/Toystack/dopams-backend-staging/node_modules/aws-sdk/lib/error.d.ts' with Package ID 'aws-sdk/lib/error.d.ts@2.1693.0'. ========
======== Resolving module '../lib/service' from 'd:/DOPAMS/Toystack/dopams-backend-staging/node_modules/aws-sdk/clients/connectcampaigns.d.ts'. ========
Resolution for module '../lib/service' was found in cache from location 'd:/DOPAMS/Toystack/dopams-backend-staging/node_modules/aws-sdk/clients'.
======== Module name '../lib/service' was successfully resolved to 'd:/DOPAMS/Toystack/dopams-backend-staging/node_modules/aws-sdk/lib/service.d.ts' with Package ID 'aws-sdk/lib/service.d.ts@2.1693.0'. ========
======== Resolving module '../lib/config-base' from 'd:/DOPAMS/Toystack/dopams-backend-staging/node_modules/aws-sdk/clients/connectcampaigns.d.ts'. ========
Resolution for module '../lib/config-base' was found in cache from location 'd:/DOPAMS/Toystack/dopams-backend-staging/node_modules/aws-sdk/clients'.
======== Module name '../lib/config-base' was successfully resolved to 'd:/DOPAMS/Toystack/dopams-backend-staging/node_modules/aws-sdk/lib/config-base.d.ts' with Package ID 'aws-sdk/lib/config-base.d.ts@2.1693.0'. ========
File 'd:/DOPAMS/Toystack/dopams-backend-staging/node_modules/aws-sdk/clients/package.json' does not exist according to earlier cached lookups.
File 'd:/DOPAMS/Toystack/dopams-backend-staging/node_modules/aws-sdk/package.json' exists according to earlier cached lookups.
======== Resolving module '../lib/request' from 'd:/DOPAMS/Toystack/dopams-backend-staging/node_modules/aws-sdk/clients/redshiftserverless.d.ts'. ========
Resolution for module '../lib/request' was found in cache from location 'd:/DOPAMS/Toystack/dopams-backend-staging/node_modules/aws-sdk/clients'.
======== Module name '../lib/request' was successfully resolved to 'd:/DOPAMS/Toystack/dopams-backend-staging/node_modules/aws-sdk/lib/request.d.ts' with Package ID 'aws-sdk/lib/request.d.ts@2.1693.0'. ========
======== Resolving module '../lib/response' from 'd:/DOPAMS/Toystack/dopams-backend-staging/node_modules/aws-sdk/clients/redshiftserverless.d.ts'. ========
Resolution for module '../lib/response' was found in cache from location 'd:/DOPAMS/Toystack/dopams-backend-staging/node_modules/aws-sdk/clients'.
======== Module name '../lib/response' was successfully resolved to 'd:/DOPAMS/Toystack/dopams-backend-staging/node_modules/aws-sdk/lib/response.d.ts' with Package ID 'aws-sdk/lib/response.d.ts@2.1693.0'. ========
======== Resolving module '../lib/error' from 'd:/DOPAMS/Toystack/dopams-backend-staging/node_modules/aws-sdk/clients/redshiftserverless.d.ts'. ========
Resolution for module '../lib/error' was found in cache from location 'd:/DOPAMS/Toystack/dopams-backend-staging/node_modules/aws-sdk/clients'.
======== Module name '../lib/error' was successfully resolved to 'd:/DOPAMS/Toystack/dopams-backend-staging/node_modules/aws-sdk/lib/error.d.ts' with Package ID 'aws-sdk/lib/error.d.ts@2.1693.0'. ========
======== Resolving module '../lib/service' from 'd:/DOPAMS/Toystack/dopams-backend-staging/node_modules/aws-sdk/clients/redshiftserverless.d.ts'. ========
Resolution for module '../lib/service' was found in cache from location 'd:/DOPAMS/Toystack/dopams-backend-staging/node_modules/aws-sdk/clients'.
======== Module name '../lib/service' was successfully resolved to 'd:/DOPAMS/Toystack/dopams-backend-staging/node_modules/aws-sdk/lib/service.d.ts' with Package ID 'aws-sdk/lib/service.d.ts@2.1693.0'. ========
======== Resolving module '../lib/config-base' from 'd:/DOPAMS/Toystack/dopams-backend-staging/node_modules/aws-sdk/clients/redshiftserverless.d.ts'. ========
Resolution for module '../lib/config-base' was found in cache from location 'd:/DOPAMS/Toystack/dopams-backend-staging/node_modules/aws-sdk/clients'.
======== Module name '../lib/config-base' was successfully resolved to 'd:/DOPAMS/Toystack/dopams-backend-staging/node_modules/aws-sdk/lib/config-base.d.ts' with Package ID 'aws-sdk/lib/config-base.d.ts@2.1693.0'. ========
File 'd:/DOPAMS/Toystack/dopams-backend-staging/node_modules/aws-sdk/clients/package.json' does not exist according to earlier cached lookups.
File 'd:/DOPAMS/Toystack/dopams-backend-staging/node_modules/aws-sdk/package.json' exists according to earlier cached lookups.
======== Resolving module '../lib/request' from 'd:/DOPAMS/Toystack/dopams-backend-staging/node_modules/aws-sdk/clients/rolesanywhere.d.ts'. ========
Resolution for module '../lib/request' was found in cache from location 'd:/DOPAMS/Toystack/dopams-backend-staging/node_modules/aws-sdk/clients'.
======== Module name '../lib/request' was successfully resolved to 'd:/DOPAMS/Toystack/dopams-backend-staging/node_modules/aws-sdk/lib/request.d.ts' with Package ID 'aws-sdk/lib/request.d.ts@2.1693.0'. ========
======== Resolving module '../lib/response' from 'd:/DOPAMS/Toystack/dopams-backend-staging/node_modules/aws-sdk/clients/rolesanywhere.d.ts'. ========
Resolution for module '../lib/response' was found in cache from location 'd:/DOPAMS/Toystack/dopams-backend-staging/node_modules/aws-sdk/clients'.
======== Module name '../lib/response' was successfully resolved to 'd:/DOPAMS/Toystack/dopams-backend-staging/node_modules/aws-sdk/lib/response.d.ts' with Package ID 'aws-sdk/lib/response.d.ts@2.1693.0'. ========
======== Resolving module '../lib/error' from 'd:/DOPAMS/Toystack/dopams-backend-staging/node_modules/aws-sdk/clients/rolesanywhere.d.ts'. ========
Resolution for module '../lib/error' was found in cache from location 'd:/DOPAMS/Toystack/dopams-backend-staging/node_modules/aws-sdk/clients'.
======== Module name '../lib/error' was successfully resolved to 'd:/DOPAMS/Toystack/dopams-backend-staging/node_modules/aws-sdk/lib/error.d.ts' with Package ID 'aws-sdk/lib/error.d.ts@2.1693.0'. ========
======== Resolving module '../lib/service' from 'd:/DOPAMS/Toystack/dopams-backend-staging/node_modules/aws-sdk/clients/rolesanywhere.d.ts'. ========
Resolution for module '../lib/service' was found in cache from location 'd:/DOPAMS/Toystack/dopams-backend-staging/node_modules/aws-sdk/clients'.
======== Module name '../lib/service' was successfully resolved to 'd:/DOPAMS/Toystack/dopams-backend-staging/node_modules/aws-sdk/lib/service.d.ts' with Package ID 'aws-sdk/lib/service.d.ts@2.1693.0'. ========
======== Resolving module '../lib/config-base' from 'd:/DOPAMS/Toystack/dopams-backend-staging/node_modules/aws-sdk/clients/rolesanywhere.d.ts'. ========
Resolution for module '../lib/config-base' was found in cache from location 'd:/DOPAMS/Toystack/dopams-backend-staging/node_modules/aws-sdk/clients'.
======== Module name '../lib/config-base' was successfully resolved to 'd:/DOPAMS/Toystack/dopams-backend-staging/node_modules/aws-sdk/lib/config-base.d.ts' with Package ID 'aws-sdk/lib/config-base.d.ts@2.1693.0'. ========
File 'd:/DOPAMS/Toystack/dopams-backend-staging/node_modules/aws-sdk/clients/package.json' does not exist according to earlier cached lookups.
File 'd:/DOPAMS/Toystack/dopams-backend-staging/node_modules/aws-sdk/package.json' exists according to earlier cached lookups.
======== Resolving module '../lib/request' from 'd:/DOPAMS/Toystack/dopams-backend-staging/node_modules/aws-sdk/clients/licensemanagerusersubscriptions.d.ts'. ========
Resolution for module '../lib/request' was found in cache from location 'd:/DOPAMS/Toystack/dopams-backend-staging/node_modules/aws-sdk/clients'.
======== Module name '../lib/request' was successfully resolved to 'd:/DOPAMS/Toystack/dopams-backend-staging/node_modules/aws-sdk/lib/request.d.ts' with Package ID 'aws-sdk/lib/request.d.ts@2.1693.0'. ========
======== Resolving module '../lib/response' from 'd:/DOPAMS/Toystack/dopams-backend-staging/node_modules/aws-sdk/clients/licensemanagerusersubscriptions.d.ts'. ========
Resolution for module '../lib/response' was found in cache from location 'd:/DOPAMS/Toystack/dopams-backend-staging/node_modules/aws-sdk/clients'.
======== Module name '../lib/response' was successfully resolved to 'd:/DOPAMS/Toystack/dopams-backend-staging/node_modules/aws-sdk/lib/response.d.ts' with Package ID 'aws-sdk/lib/response.d.ts@2.1693.0'. ========
======== Resolving module '../lib/error' from 'd:/DOPAMS/Toystack/dopams-backend-staging/node_modules/aws-sdk/clients/licensemanagerusersubscriptions.d.ts'. ========
Resolution for module '../lib/error' was found in cache from location 'd:/DOPAMS/Toystack/dopams-backend-staging/node_modules/aws-sdk/clients'.
======== Module name '../lib/error' was successfully resolved to 'd:/DOPAMS/Toystack/dopams-backend-staging/node_modules/aws-sdk/lib/error.d.ts' with Package ID 'aws-sdk/lib/error.d.ts@2.1693.0'. ========
======== Resolving module '../lib/service' from 'd:/DOPAMS/Toystack/dopams-backend-staging/node_modules/aws-sdk/clients/licensemanagerusersubscriptions.d.ts'. ========
Resolution for module '../lib/service' was found in cache from location 'd:/DOPAMS/Toystack/dopams-backend-staging/node_modules/aws-sdk/clients'.
======== Module name '../lib/service' was successfully resolved to 'd:/DOPAMS/Toystack/dopams-backend-staging/node_modules/aws-sdk/lib/service.d.ts' with Package ID 'aws-sdk/lib/service.d.ts@2.1693.0'. ========
======== Resolving module '../lib/config-base' from 'd:/DOPAMS/Toystack/dopams-backend-staging/node_modules/aws-sdk/clients/licensemanagerusersubscriptions.d.ts'. ========
Resolution for module '../lib/config-base' was found in cache from location 'd:/DOPAMS/Toystack/dopams-backend-staging/node_modules/aws-sdk/clients'.
======== Module name '../lib/config-base' was successfully resolved to 'd:/DOPAMS/Toystack/dopams-backend-staging/node_modules/aws-sdk/lib/config-base.d.ts' with Package ID 'aws-sdk/lib/config-base.d.ts@2.1693.0'. ========
File 'd:/DOPAMS/Toystack/dopams-backend-staging/node_modules/aws-sdk/clients/package.json' does not exist according to earlier cached lookups.
File 'd:/DOPAMS/Toystack/dopams-backend-staging/node_modules/aws-sdk/package.json' exists according to earlier cached lookups.
======== Resolving module '../lib/request' from 'd:/DOPAMS/Toystack/dopams-backend-staging/node_modules/aws-sdk/clients/privatenetworks.d.ts'. ========
Resolution for module '../lib/request' was found in cache from location 'd:/DOPAMS/Toystack/dopams-backend-staging/node_modules/aws-sdk/clients'.
======== Module name '../lib/request' was successfully resolved to 'd:/DOPAMS/Toystack/dopams-backend-staging/node_modules/aws-sdk/lib/request.d.ts' with Package ID 'aws-sdk/lib/request.d.ts@2.1693.0'. ========
======== Resolving module '../lib/response' from 'd:/DOPAMS/Toystack/dopams-backend-staging/node_modules/aws-sdk/clients/privatenetworks.d.ts'. ========
Resolution for module '../lib/response' was found in cache from location 'd:/DOPAMS/Toystack/dopams-backend-staging/node_modules/aws-sdk/clients'.
======== Module name '../lib/response' was successfully resolved to 'd:/DOPAMS/Toystack/dopams-backend-staging/node_modules/aws-sdk/lib/response.d.ts' with Package ID 'aws-sdk/lib/response.d.ts@2.1693.0'. ========
======== Resolving module '../lib/error' from 'd:/DOPAMS/Toystack/dopams-backend-staging/node_modules/aws-sdk/clients/privatenetworks.d.ts'. ========
Resolution for module '../lib/error' was found in cache from location 'd:/DOPAMS/Toystack/dopams-backend-staging/node_modules/aws-sdk/clients'.
======== Module name '../lib/error' was successfully resolved to 'd:/DOPAMS/Toystack/dopams-backend-staging/node_modules/aws-sdk/lib/error.d.ts' with Package ID 'aws-sdk/lib/error.d.ts@2.1693.0'. ========
======== Resolving module '../lib/service' from 'd:/DOPAMS/Toystack/dopams-backend-staging/node_modules/aws-sdk/clients/privatenetworks.d.ts'. ========
Resolution for module '../lib/service' was found in cache from location 'd:/DOPAMS/Toystack/dopams-backend-staging/node_modules/aws-sdk/clients'.
======== Module name '../lib/service' was successfully resolved to 'd:/DOPAMS/Toystack/dopams-backend-staging/node_modules/aws-sdk/lib/service.d.ts' with Package ID 'aws-sdk/lib/service.d.ts@2.1693.0'. ========
======== Resolving module '../lib/config-base' from 'd:/DOPAMS/Toystack/dopams-backend-staging/node_modules/aws-sdk/clients/privatenetworks.d.ts'. ========
Resolution for module '../lib/config-base' was found in cache from location 'd:/DOPAMS/Toystack/dopams-backend-staging/node_modules/aws-sdk/clients'.
======== Module name '../lib/config-base' was successfully resolved to 'd:/DOPAMS/Toystack/dopams-backend-staging/node_modules/aws-sdk/lib/config-base.d.ts' with Package ID 'aws-sdk/lib/config-base.d.ts@2.1693.0'. ========
File 'd:/DOPAMS/Toystack/dopams-backend-staging/node_modules/aws-sdk/clients/package.json' does not exist according to earlier cached lookups.
File 'd:/DOPAMS/Toystack/dopams-backend-staging/node_modules/aws-sdk/package.json' exists according to earlier cached lookups.
======== Resolving module '../lib/request' from 'd:/DOPAMS/Toystack/dopams-backend-staging/node_modules/aws-sdk/clients/supportapp.d.ts'. ========
Resolution for module '../lib/request' was found in cache from location 'd:/DOPAMS/Toystack/dopams-backend-staging/node_modules/aws-sdk/clients'.
======== Module name '../lib/request' was successfully resolved to 'd:/DOPAMS/Toystack/dopams-backend-staging/node_modules/aws-sdk/lib/request.d.ts' with Package ID 'aws-sdk/lib/request.d.ts@2.1693.0'. ========
======== Resolving module '../lib/response' from 'd:/DOPAMS/Toystack/dopams-backend-staging/node_modules/aws-sdk/clients/supportapp.d.ts'. ========
Resolution for module '../lib/response' was found in cache from location 'd:/DOPAMS/Toystack/dopams-backend-staging/node_modules/aws-sdk/clients'.
======== Module name '../lib/response' was successfully resolved to 'd:/DOPAMS/Toystack/dopams-backend-staging/node_modules/aws-sdk/lib/response.d.ts' with Package ID 'aws-sdk/lib/response.d.ts@2.1693.0'. ========
======== Resolving module '../lib/error' from 'd:/DOPAMS/Toystack/dopams-backend-staging/node_modules/aws-sdk/clients/supportapp.d.ts'. ========
Resolution for module '../lib/error' was found in cache from location 'd:/DOPAMS/Toystack/dopams-backend-staging/node_modules/aws-sdk/clients'.
======== Module name '../lib/error' was successfully resolved to 'd:/DOPAMS/Toystack/dopams-backend-staging/node_modules/aws-sdk/lib/error.d.ts' with Package ID 'aws-sdk/lib/error.d.ts@2.1693.0'. ========
======== Resolving module '../lib/service' from 'd:/DOPAMS/Toystack/dopams-backend-staging/node_modules/aws-sdk/clients/supportapp.d.ts'. ========
Resolution for module '../lib/service' was found in cache from location 'd:/DOPAMS/Toystack/dopams-backend-staging/node_modules/aws-sdk/clients'.
======== Module name '../lib/service' was successfully resolved to 'd:/DOPAMS/Toystack/dopams-backend-staging/node_modules/aws-sdk/lib/service.d.ts' with Package ID 'aws-sdk/lib/service.d.ts@2.1693.0'. ========
======== Resolving module '../lib/config-base' from 'd:/DOPAMS/Toystack/dopams-backend-staging/node_modules/aws-sdk/clients/supportapp.d.ts'. ========
Resolution for module '../lib/config-base' was found in cache from location 'd:/DOPAMS/Toystack/dopams-backend-staging/node_modules/aws-sdk/clients'.
======== Module name '../lib/config-base' was successfully resolved to 'd:/DOPAMS/Toystack/dopams-backend-staging/node_modules/aws-sdk/lib/config-base.d.ts' with Package ID 'aws-sdk/lib/config-base.d.ts@2.1693.0'. ========
File 'd:/DOPAMS/Toystack/dopams-backend-staging/node_modules/aws-sdk/clients/package.json' does not exist according to earlier cached lookups.
File 'd:/DOPAMS/Toystack/dopams-backend-staging/node_modules/aws-sdk/package.json' exists according to earlier cached lookups.
======== Resolving module '../lib/request' from 'd:/DOPAMS/Toystack/dopams-backend-staging/node_modules/aws-sdk/clients/controltower.d.ts'. ========
Resolution for module '../lib/request' was found in cache from location 'd:/DOPAMS/Toystack/dopams-backend-staging/node_modules/aws-sdk/clients'.
======== Module name '../lib/request' was successfully resolved to 'd:/DOPAMS/Toystack/dopams-backend-staging/node_modules/aws-sdk/lib/request.d.ts' with Package ID 'aws-sdk/lib/request.d.ts@2.1693.0'. ========
======== Resolving module '../lib/response' from 'd:/DOPAMS/Toystack/dopams-backend-staging/node_modules/aws-sdk/clients/controltower.d.ts'. ========
Resolution for module '../lib/response' was found in cache from location 'd:/DOPAMS/Toystack/dopams-backend-staging/node_modules/aws-sdk/clients'.
======== Module name '../lib/response' was successfully resolved to 'd:/DOPAMS/Toystack/dopams-backend-staging/node_modules/aws-sdk/lib/response.d.ts' with Package ID 'aws-sdk/lib/response.d.ts@2.1693.0'. ========
======== Resolving module '../lib/error' from 'd:/DOPAMS/Toystack/dopams-backend-staging/node_modules/aws-sdk/clients/controltower.d.ts'. ========
Resolution for module '../lib/error' was found in cache from location 'd:/DOPAMS/Toystack/dopams-backend-staging/node_modules/aws-sdk/clients'.
======== Module name '../lib/error' was successfully resolved to 'd:/DOPAMS/Toystack/dopams-backend-staging/node_modules/aws-sdk/lib/error.d.ts' with Package ID 'aws-sdk/lib/error.d.ts@2.1693.0'. ========
======== Resolving module '../lib/service' from 'd:/DOPAMS/Toystack/dopams-backend-staging/node_modules/aws-sdk/clients/controltower.d.ts'. ========
Resolution for module '../lib/service' was found in cache from location 'd:/DOPAMS/Toystack/dopams-backend-staging/node_modules/aws-sdk/clients'.
======== Module name '../lib/service' was successfully resolved to 'd:/DOPAMS/Toystack/dopams-backend-staging/node_modules/aws-sdk/lib/service.d.ts' with Package ID 'aws-sdk/lib/service.d.ts@2.1693.0'. ========
======== Resolving module '../lib/config-base' from 'd:/DOPAMS/Toystack/dopams-backend-staging/node_modules/aws-sdk/clients/controltower.d.ts'. ========
Resolution for module '../lib/config-base' was found in cache from location 'd:/DOPAMS/Toystack/dopams-backend-staging/node_modules/aws-sdk/clients'.
======== Module name '../lib/config-base' was successfully resolved to 'd:/DOPAMS/Toystack/dopams-backend-staging/node_modules/aws-sdk/lib/config-base.d.ts' with Package ID 'aws-sdk/lib/config-base.d.ts@2.1693.0'. ========
File 'd:/DOPAMS/Toystack/dopams-backend-staging/node_modules/aws-sdk/clients/package.json' does not exist according to earlier cached lookups.
File 'd:/DOPAMS/Toystack/dopams-backend-staging/node_modules/aws-sdk/package.json' exists according to earlier cached lookups.
======== Resolving module '../lib/request' from 'd:/DOPAMS/Toystack/dopams-backend-staging/node_modules/aws-sdk/clients/iotfleetwise.d.ts'. ========
Resolution for module '../lib/request' was found in cache from location 'd:/DOPAMS/Toystack/dopams-backend-staging/node_modules/aws-sdk/clients'.
======== Module name '../lib/request' was successfully resolved to 'd:/DOPAMS/Toystack/dopams-backend-staging/node_modules/aws-sdk/lib/request.d.ts' with Package ID 'aws-sdk/lib/request.d.ts@2.1693.0'. ========
======== Resolving module '../lib/response' from 'd:/DOPAMS/Toystack/dopams-backend-staging/node_modules/aws-sdk/clients/iotfleetwise.d.ts'. ========
Resolution for module '../lib/response' was found in cache from location 'd:/DOPAMS/Toystack/dopams-backend-staging/node_modules/aws-sdk/clients'.
======== Module name '../lib/response' was successfully resolved to 'd:/DOPAMS/Toystack/dopams-backend-staging/node_modules/aws-sdk/lib/response.d.ts' with Package ID 'aws-sdk/lib/response.d.ts@2.1693.0'. ========
======== Resolving module '../lib/error' from 'd:/DOPAMS/Toystack/dopams-backend-staging/node_modules/aws-sdk/clients/iotfleetwise.d.ts'. ========
Resolution for module '../lib/error' was found in cache from location 'd:/DOPAMS/Toystack/dopams-backend-staging/node_modules/aws-sdk/clients'.
======== Module name '../lib/error' was successfully resolved to 'd:/DOPAMS/Toystack/dopams-backend-staging/node_modules/aws-sdk/lib/error.d.ts' with Package ID 'aws-sdk/lib/error.d.ts@2.1693.0'. ========
======== Resolving module '../lib/service' from 'd:/DOPAMS/Toystack/dopams-backend-staging/node_modules/aws-sdk/clients/iotfleetwise.d.ts'. ========
Resolution for module '../lib/service' was found in cache from location 'd:/DOPAMS/Toystack/dopams-backend-staging/node_modules/aws-sdk/clients'.
======== Module name '../lib/service' was successfully resolved to 'd:/DOPAMS/Toystack/dopams-backend-staging/node_modules/aws-sdk/lib/service.d.ts' with Package ID 'aws-sdk/lib/service.d.ts@2.1693.0'. ========
======== Resolving module '../lib/config-base' from 'd:/DOPAMS/Toystack/dopams-backend-staging/node_modules/aws-sdk/clients/iotfleetwise.d.ts'. ========
Resolution for module '../lib/config-base' was found in cache from location 'd:/DOPAMS/Toystack/dopams-backend-staging/node_modules/aws-sdk/clients'.
======== Module name '../lib/config-base' was successfully resolved to 'd:/DOPAMS/Toystack/dopams-backend-staging/node_modules/aws-sdk/lib/config-base.d.ts' with Package ID 'aws-sdk/lib/config-base.d.ts@2.1693.0'. ========
File 'd:/DOPAMS/Toystack/dopams-backend-staging/node_modules/aws-sdk/clients/package.json' does not exist according to earlier cached lookups.
File 'd:/DOPAMS/Toystack/dopams-backend-staging/node_modules/aws-sdk/package.json' exists according to earlier cached lookups.
======== Resolving module '../lib/request' from 'd:/DOPAMS/Toystack/dopams-backend-staging/node_modules/aws-sdk/clients/migrationhuborchestrator.d.ts'. ========
Resolution for module '../lib/request' was found in cache from location 'd:/DOPAMS/Toystack/dopams-backend-staging/node_modules/aws-sdk/clients'.
======== Module name '../lib/request' was successfully resolved to 'd:/DOPAMS/Toystack/dopams-backend-staging/node_modules/aws-sdk/lib/request.d.ts' with Package ID 'aws-sdk/lib/request.d.ts@2.1693.0'. ========
======== Resolving module '../lib/response' from 'd:/DOPAMS/Toystack/dopams-backend-staging/node_modules/aws-sdk/clients/migrationhuborchestrator.d.ts'. ========
Resolution for module '../lib/response' was found in cache from location 'd:/DOPAMS/Toystack/dopams-backend-staging/node_modules/aws-sdk/clients'.
======== Module name '../lib/response' was successfully resolved to 'd:/DOPAMS/Toystack/dopams-backend-staging/node_modules/aws-sdk/lib/response.d.ts' with Package ID 'aws-sdk/lib/response.d.ts@2.1693.0'. ========
======== Resolving module '../lib/error' from 'd:/DOPAMS/Toystack/dopams-backend-staging/node_modules/aws-sdk/clients/migrationhuborchestrator.d.ts'. ========
Resolution for module '../lib/error' was found in cache from location 'd:/DOPAMS/Toystack/dopams-backend-staging/node_modules/aws-sdk/clients'.
======== Module name '../lib/error' was successfully resolved to 'd:/DOPAMS/Toystack/dopams-backend-staging/node_modules/aws-sdk/lib/error.d.ts' with Package ID 'aws-sdk/lib/error.d.ts@2.1693.0'. ========
======== Resolving module '../lib/service' from 'd:/DOPAMS/Toystack/dopams-backend-staging/node_modules/aws-sdk/clients/migrationhuborchestrator.d.ts'. ========
Resolution for module '../lib/service' was found in cache from location 'd:/DOPAMS/Toystack/dopams-backend-staging/node_modules/aws-sdk/clients'.
======== Module name '../lib/service' was successfully resolved to 'd:/DOPAMS/Toystack/dopams-backend-staging/node_modules/aws-sdk/lib/service.d.ts' with Package ID 'aws-sdk/lib/service.d.ts@2.1693.0'. ========
======== Resolving module '../lib/config-base' from 'd:/DOPAMS/Toystack/dopams-backend-staging/node_modules/aws-sdk/clients/migrationhuborchestrator.d.ts'. ========
Resolution for module '../lib/config-base' was found in cache from location 'd:/DOPAMS/Toystack/dopams-backend-staging/node_modules/aws-sdk/clients'.
======== Module name '../lib/config-base' was successfully resolved to 'd:/DOPAMS/Toystack/dopams-backend-staging/node_modules/aws-sdk/lib/config-base.d.ts' with Package ID 'aws-sdk/lib/config-base.d.ts@2.1693.0'. ========
File 'd:/DOPAMS/Toystack/dopams-backend-staging/node_modules/aws-sdk/clients/package.json' does not exist according to earlier cached lookups.
File 'd:/DOPAMS/Toystack/dopams-backend-staging/node_modules/aws-sdk/package.json' exists according to earlier cached lookups.
======== Resolving module '../lib/request' from 'd:/DOPAMS/Toystack/dopams-backend-staging/node_modules/aws-sdk/clients/connectcases.d.ts'. ========
Resolution for module '../lib/request' was found in cache from location 'd:/DOPAMS/Toystack/dopams-backend-staging/node_modules/aws-sdk/clients'.
======== Module name '../lib/request' was successfully resolved to 'd:/DOPAMS/Toystack/dopams-backend-staging/node_modules/aws-sdk/lib/request.d.ts' with Package ID 'aws-sdk/lib/request.d.ts@2.1693.0'. ========
======== Resolving module '../lib/response' from 'd:/DOPAMS/Toystack/dopams-backend-staging/node_modules/aws-sdk/clients/connectcases.d.ts'. ========
Resolution for module '../lib/response' was found in cache from location 'd:/DOPAMS/Toystack/dopams-backend-staging/node_modules/aws-sdk/clients'.
======== Module name '../lib/response' was successfully resolved to 'd:/DOPAMS/Toystack/dopams-backend-staging/node_modules/aws-sdk/lib/response.d.ts' with Package ID 'aws-sdk/lib/response.d.ts@2.1693.0'. ========
======== Resolving module '../lib/error' from 'd:/DOPAMS/Toystack/dopams-backend-staging/node_modules/aws-sdk/clients/connectcases.d.ts'. ========
Resolution for module '../lib/error' was found in cache from location 'd:/DOPAMS/Toystack/dopams-backend-staging/node_modules/aws-sdk/clients'.
======== Module name '../lib/error' was successfully resolved to 'd:/DOPAMS/Toystack/dopams-backend-staging/node_modules/aws-sdk/lib/error.d.ts' with Package ID 'aws-sdk/lib/error.d.ts@2.1693.0'. ========
======== Resolving module '../lib/service' from 'd:/DOPAMS/Toystack/dopams-backend-staging/node_modules/aws-sdk/clients/connectcases.d.ts'. ========
Resolution for module '../lib/service' was found in cache from location 'd:/DOPAMS/Toystack/dopams-backend-staging/node_modules/aws-sdk/clients'.
======== Module name '../lib/service' was successfully resolved to 'd:/DOPAMS/Toystack/dopams-backend-staging/node_modules/aws-sdk/lib/service.d.ts' with Package ID 'aws-sdk/lib/service.d.ts@2.1693.0'. ========
======== Resolving module '../lib/config-base' from 'd:/DOPAMS/Toystack/dopams-backend-staging/node_modules/aws-sdk/clients/connectcases.d.ts'. ========
Resolution for module '../lib/config-base' was found in cache from location 'd:/DOPAMS/Toystack/dopams-backend-staging/node_modules/aws-sdk/clients'.
======== Module name '../lib/config-base' was successfully resolved to 'd:/DOPAMS/Toystack/dopams-backend-staging/node_modules/aws-sdk/lib/config-base.d.ts' with Package ID 'aws-sdk/lib/config-base.d.ts@2.1693.0'. ========
File 'd:/DOPAMS/Toystack/dopams-backend-staging/node_modules/aws-sdk/clients/package.json' does not exist according to earlier cached lookups.
File 'd:/DOPAMS/Toystack/dopams-backend-staging/node_modules/aws-sdk/package.json' exists according to earlier cached lookups.
======== Resolving module '../lib/request' from 'd:/DOPAMS/Toystack/dopams-backend-staging/node_modules/aws-sdk/clients/resourceexplorer2.d.ts'. ========
Resolution for module '../lib/request' was found in cache from location 'd:/DOPAMS/Toystack/dopams-backend-staging/node_modules/aws-sdk/clients'.
======== Module name '../lib/request' was successfully resolved to 'd:/DOPAMS/Toystack/dopams-backend-staging/node_modules/aws-sdk/lib/request.d.ts' with Package ID 'aws-sdk/lib/request.d.ts@2.1693.0'. ========
======== Resolving module '../lib/response' from 'd:/DOPAMS/Toystack/dopams-backend-staging/node_modules/aws-sdk/clients/resourceexplorer2.d.ts'. ========
Resolution for module '../lib/response' was found in cache from location 'd:/DOPAMS/Toystack/dopams-backend-staging/node_modules/aws-sdk/clients'.
======== Module name '../lib/response' was successfully resolved to 'd:/DOPAMS/Toystack/dopams-backend-staging/node_modules/aws-sdk/lib/response.d.ts' with Package ID 'aws-sdk/lib/response.d.ts@2.1693.0'. ========
======== Resolving module '../lib/error' from 'd:/DOPAMS/Toystack/dopams-backend-staging/node_modules/aws-sdk/clients/resourceexplorer2.d.ts'. ========
Resolution for module '../lib/error' was found in cache from location 'd:/DOPAMS/Toystack/dopams-backend-staging/node_modules/aws-sdk/clients'.
======== Module name '../lib/error' was successfully resolved to 'd:/DOPAMS/Toystack/dopams-backend-staging/node_modules/aws-sdk/lib/error.d.ts' with Package ID 'aws-sdk/lib/error.d.ts@2.1693.0'. ========
======== Resolving module '../lib/service' from 'd:/DOPAMS/Toystack/dopams-backend-staging/node_modules/aws-sdk/clients/resourceexplorer2.d.ts'. ========
Resolution for module '../lib/service' was found in cache from location 'd:/DOPAMS/Toystack/dopams-backend-staging/node_modules/aws-sdk/clients'.
======== Module name '../lib/service' was successfully resolved to 'd:/DOPAMS/Toystack/dopams-backend-staging/node_modules/aws-sdk/lib/service.d.ts' with Package ID 'aws-sdk/lib/service.d.ts@2.1693.0'. ========
======== Resolving module '../lib/config-base' from 'd:/DOPAMS/Toystack/dopams-backend-staging/node_modules/aws-sdk/clients/resourceexplorer2.d.ts'. ========
Resolution for module '../lib/config-base' was found in cache from location 'd:/DOPAMS/Toystack/dopams-backend-staging/node_modules/aws-sdk/clients'.
======== Module name '../lib/config-base' was successfully resolved to 'd:/DOPAMS/Toystack/dopams-backend-staging/node_modules/aws-sdk/lib/config-base.d.ts' with Package ID 'aws-sdk/lib/config-base.d.ts@2.1693.0'. ========
File 'd:/DOPAMS/Toystack/dopams-backend-staging/node_modules/aws-sdk/clients/package.json' does not exist according to earlier cached lookups.
File 'd:/DOPAMS/Toystack/dopams-backend-staging/node_modules/aws-sdk/package.json' exists according to earlier cached lookups.
======== Resolving module '../lib/request' from 'd:/DOPAMS/Toystack/dopams-backend-staging/node_modules/aws-sdk/clients/scheduler.d.ts'. ========
Resolution for module '../lib/request' was found in cache from location 'd:/DOPAMS/Toystack/dopams-backend-staging/node_modules/aws-sdk/clients'.
======== Module name '../lib/request' was successfully resolved to 'd:/DOPAMS/Toystack/dopams-backend-staging/node_modules/aws-sdk/lib/request.d.ts' with Package ID 'aws-sdk/lib/request.d.ts@2.1693.0'. ========
======== Resolving module '../lib/response' from 'd:/DOPAMS/Toystack/dopams-backend-staging/node_modules/aws-sdk/clients/scheduler.d.ts'. ========
Resolution for module '../lib/response' was found in cache from location 'd:/DOPAMS/Toystack/dopams-backend-staging/node_modules/aws-sdk/clients'.
======== Module name '../lib/response' was successfully resolved to 'd:/DOPAMS/Toystack/dopams-backend-staging/node_modules/aws-sdk/lib/response.d.ts' with Package ID 'aws-sdk/lib/response.d.ts@2.1693.0'. ========
======== Resolving module '../lib/error' from 'd:/DOPAMS/Toystack/dopams-backend-staging/node_modules/aws-sdk/clients/scheduler.d.ts'. ========
Resolution for module '../lib/error' was found in cache from location 'd:/DOPAMS/Toystack/dopams-backend-staging/node_modules/aws-sdk/clients'.
======== Module name '../lib/error' was successfully resolved to 'd:/DOPAMS/Toystack/dopams-backend-staging/node_modules/aws-sdk/lib/error.d.ts' with Package ID 'aws-sdk/lib/error.d.ts@2.1693.0'. ========
======== Resolving module '../lib/service' from 'd:/DOPAMS/Toystack/dopams-backend-staging/node_modules/aws-sdk/clients/scheduler.d.ts'. ========
Resolution for module '../lib/service' was found in cache from location 'd:/DOPAMS/Toystack/dopams-backend-staging/node_modules/aws-sdk/clients'.
======== Module name '../lib/service' was successfully resolved to 'd:/DOPAMS/Toystack/dopams-backend-staging/node_modules/aws-sdk/lib/service.d.ts' with Package ID 'aws-sdk/lib/service.d.ts@2.1693.0'. ========
======== Resolving module '../lib/config-base' from 'd:/DOPAMS/Toystack/dopams-backend-staging/node_modules/aws-sdk/clients/scheduler.d.ts'. ========
Resolution for module '../lib/config-base' was found in cache from location 'd:/DOPAMS/Toystack/dopams-backend-staging/node_modules/aws-sdk/clients'.
======== Module name '../lib/config-base' was successfully resolved to 'd:/DOPAMS/Toystack/dopams-backend-staging/node_modules/aws-sdk/lib/config-base.d.ts' with Package ID 'aws-sdk/lib/config-base.d.ts@2.1693.0'. ========
File 'd:/DOPAMS/Toystack/dopams-backend-staging/node_modules/aws-sdk/clients/package.json' does not exist according to earlier cached lookups.
File 'd:/DOPAMS/Toystack/dopams-backend-staging/node_modules/aws-sdk/package.json' exists according to earlier cached lookups.
======== Resolving module '../lib/request' from 'd:/DOPAMS/Toystack/dopams-backend-staging/node_modules/aws-sdk/clients/chimesdkvoice.d.ts'. ========
Resolution for module '../lib/request' was found in cache from location 'd:/DOPAMS/Toystack/dopams-backend-staging/node_modules/aws-sdk/clients'.
======== Module name '../lib/request' was successfully resolved to 'd:/DOPAMS/Toystack/dopams-backend-staging/node_modules/aws-sdk/lib/request.d.ts' with Package ID 'aws-sdk/lib/request.d.ts@2.1693.0'. ========
======== Resolving module '../lib/response' from 'd:/DOPAMS/Toystack/dopams-backend-staging/node_modules/aws-sdk/clients/chimesdkvoice.d.ts'. ========
Resolution for module '../lib/response' was found in cache from location 'd:/DOPAMS/Toystack/dopams-backend-staging/node_modules/aws-sdk/clients'.
======== Module name '../lib/response' was successfully resolved to 'd:/DOPAMS/Toystack/dopams-backend-staging/node_modules/aws-sdk/lib/response.d.ts' with Package ID 'aws-sdk/lib/response.d.ts@2.1693.0'. ========
======== Resolving module '../lib/error' from 'd:/DOPAMS/Toystack/dopams-backend-staging/node_modules/aws-sdk/clients/chimesdkvoice.d.ts'. ========
Resolution for module '../lib/error' was found in cache from location 'd:/DOPAMS/Toystack/dopams-backend-staging/node_modules/aws-sdk/clients'.
======== Module name '../lib/error' was successfully resolved to 'd:/DOPAMS/Toystack/dopams-backend-staging/node_modules/aws-sdk/lib/error.d.ts' with Package ID 'aws-sdk/lib/error.d.ts@2.1693.0'. ========
======== Resolving module '../lib/service' from 'd:/DOPAMS/Toystack/dopams-backend-staging/node_modules/aws-sdk/clients/chimesdkvoice.d.ts'. ========
Resolution for module '../lib/service' was found in cache from location 'd:/DOPAMS/Toystack/dopams-backend-staging/node_modules/aws-sdk/clients'.
======== Module name '../lib/service' was successfully resolved to 'd:/DOPAMS/Toystack/dopams-backend-staging/node_modules/aws-sdk/lib/service.d.ts' with Package ID 'aws-sdk/lib/service.d.ts@2.1693.0'. ========
======== Resolving module '../lib/config-base' from 'd:/DOPAMS/Toystack/dopams-backend-staging/node_modules/aws-sdk/clients/chimesdkvoice.d.ts'. ========
Resolution for module '../lib/config-base' was found in cache from location 'd:/DOPAMS/Toystack/dopams-backend-staging/node_modules/aws-sdk/clients'.
======== Module name '../lib/config-base' was successfully resolved to 'd:/DOPAMS/Toystack/dopams-backend-staging/node_modules/aws-sdk/lib/config-base.d.ts' with Package ID 'aws-sdk/lib/config-base.d.ts@2.1693.0'. ========
File 'd:/DOPAMS/Toystack/dopams-backend-staging/node_modules/aws-sdk/clients/package.json' does not exist according to earlier cached lookups.
File 'd:/DOPAMS/Toystack/dopams-backend-staging/node_modules/aws-sdk/package.json' exists according to earlier cached lookups.
======== Resolving module '../lib/request' from 'd:/DOPAMS/Toystack/dopams-backend-staging/node_modules/aws-sdk/clients/ssmsap.d.ts'. ========
Resolution for module '../lib/request' was found in cache from location 'd:/DOPAMS/Toystack/dopams-backend-staging/node_modules/aws-sdk/clients'.
======== Module name '../lib/request' was successfully resolved to 'd:/DOPAMS/Toystack/dopams-backend-staging/node_modules/aws-sdk/lib/request.d.ts' with Package ID 'aws-sdk/lib/request.d.ts@2.1693.0'. ========
======== Resolving module '../lib/response' from 'd:/DOPAMS/Toystack/dopams-backend-staging/node_modules/aws-sdk/clients/ssmsap.d.ts'. ========
Resolution for module '../lib/response' was found in cache from location 'd:/DOPAMS/Toystack/dopams-backend-staging/node_modules/aws-sdk/clients'.
======== Module name '../lib/response' was successfully resolved to 'd:/DOPAMS/Toystack/dopams-backend-staging/node_modules/aws-sdk/lib/response.d.ts' with Package ID 'aws-sdk/lib/response.d.ts@2.1693.0'. ========
======== Resolving module '../lib/error' from 'd:/DOPAMS/Toystack/dopams-backend-staging/node_modules/aws-sdk/clients/ssmsap.d.ts'. ========
Resolution for module '../lib/error' was found in cache from location 'd:/DOPAMS/Toystack/dopams-backend-staging/node_modules/aws-sdk/clients'.
======== Module name '../lib/error' was successfully resolved to 'd:/DOPAMS/Toystack/dopams-backend-staging/node_modules/aws-sdk/lib/error.d.ts' with Package ID 'aws-sdk/lib/error.d.ts@2.1693.0'. ========
======== Resolving module '../lib/service' from 'd:/DOPAMS/Toystack/dopams-backend-staging/node_modules/aws-sdk/clients/ssmsap.d.ts'. ========
Resolution for module '../lib/service' was found in cache from location 'd:/DOPAMS/Toystack/dopams-backend-staging/node_modules/aws-sdk/clients'.
======== Module name '../lib/service' was successfully resolved to 'd:/DOPAMS/Toystack/dopams-backend-staging/node_modules/aws-sdk/lib/service.d.ts' with Package ID 'aws-sdk/lib/service.d.ts@2.1693.0'. ========
======== Resolving module '../lib/config-base' from 'd:/DOPAMS/Toystack/dopams-backend-staging/node_modules/aws-sdk/clients/ssmsap.d.ts'. ========
Resolution for module '../lib/config-base' was found in cache from location 'd:/DOPAMS/Toystack/dopams-backend-staging/node_modules/aws-sdk/clients'.
======== Module name '../lib/config-base' was successfully resolved to 'd:/DOPAMS/Toystack/dopams-backend-staging/node_modules/aws-sdk/lib/config-base.d.ts' with Package ID 'aws-sdk/lib/config-base.d.ts@2.1693.0'. ========
File 'd:/DOPAMS/Toystack/dopams-backend-staging/node_modules/aws-sdk/clients/package.json' does not exist according to earlier cached lookups.
File 'd:/DOPAMS/Toystack/dopams-backend-staging/node_modules/aws-sdk/package.json' exists according to earlier cached lookups.
======== Resolving module '../lib/request' from 'd:/DOPAMS/Toystack/dopams-backend-staging/node_modules/aws-sdk/clients/oam.d.ts'. ========
Resolution for module '../lib/request' was found in cache from location 'd:/DOPAMS/Toystack/dopams-backend-staging/node_modules/aws-sdk/clients'.
======== Module name '../lib/request' was successfully resolved to 'd:/DOPAMS/Toystack/dopams-backend-staging/node_modules/aws-sdk/lib/request.d.ts' with Package ID 'aws-sdk/lib/request.d.ts@2.1693.0'. ========
======== Resolving module '../lib/response' from 'd:/DOPAMS/Toystack/dopams-backend-staging/node_modules/aws-sdk/clients/oam.d.ts'. ========
Resolution for module '../lib/response' was found in cache from location 'd:/DOPAMS/Toystack/dopams-backend-staging/node_modules/aws-sdk/clients'.
======== Module name '../lib/response' was successfully resolved to 'd:/DOPAMS/Toystack/dopams-backend-staging/node_modules/aws-sdk/lib/response.d.ts' with Package ID 'aws-sdk/lib/response.d.ts@2.1693.0'. ========
======== Resolving module '../lib/error' from 'd:/DOPAMS/Toystack/dopams-backend-staging/node_modules/aws-sdk/clients/oam.d.ts'. ========
Resolution for module '../lib/error' was found in cache from location 'd:/DOPAMS/Toystack/dopams-backend-staging/node_modules/aws-sdk/clients'.
======== Module name '../lib/error' was successfully resolved to 'd:/DOPAMS/Toystack/dopams-backend-staging/node_modules/aws-sdk/lib/error.d.ts' with Package ID 'aws-sdk/lib/error.d.ts@2.1693.0'. ========
======== Resolving module '../lib/service' from 'd:/DOPAMS/Toystack/dopams-backend-staging/node_modules/aws-sdk/clients/oam.d.ts'. ========
Resolution for module '../lib/service' was found in cache from location 'd:/DOPAMS/Toystack/dopams-backend-staging/node_modules/aws-sdk/clients'.
======== Module name '../lib/service' was successfully resolved to 'd:/DOPAMS/Toystack/dopams-backend-staging/node_modules/aws-sdk/lib/service.d.ts' with Package ID 'aws-sdk/lib/service.d.ts@2.1693.0'. ========
======== Resolving module '../lib/config-base' from 'd:/DOPAMS/Toystack/dopams-backend-staging/node_modules/aws-sdk/clients/oam.d.ts'. ========
Resolution for module '../lib/config-base' was found in cache from location 'd:/DOPAMS/Toystack/dopams-backend-staging/node_modules/aws-sdk/clients'.
======== Module name '../lib/config-base' was successfully resolved to 'd:/DOPAMS/Toystack/dopams-backend-staging/node_modules/aws-sdk/lib/config-base.d.ts' with Package ID 'aws-sdk/lib/config-base.d.ts@2.1693.0'. ========
File 'd:/DOPAMS/Toystack/dopams-backend-staging/node_modules/aws-sdk/clients/package.json' does not exist according to earlier cached lookups.
File 'd:/DOPAMS/Toystack/dopams-backend-staging/node_modules/aws-sdk/package.json' exists according to earlier cached lookups.
======== Resolving module '../lib/request' from 'd:/DOPAMS/Toystack/dopams-backend-staging/node_modules/aws-sdk/clients/arczonalshift.d.ts'. ========
Resolution for module '../lib/request' was found in cache from location 'd:/DOPAMS/Toystack/dopams-backend-staging/node_modules/aws-sdk/clients'.
======== Module name '../lib/request' was successfully resolved to 'd:/DOPAMS/Toystack/dopams-backend-staging/node_modules/aws-sdk/lib/request.d.ts' with Package ID 'aws-sdk/lib/request.d.ts@2.1693.0'. ========
======== Resolving module '../lib/response' from 'd:/DOPAMS/Toystack/dopams-backend-staging/node_modules/aws-sdk/clients/arczonalshift.d.ts'. ========
Resolution for module '../lib/response' was found in cache from location 'd:/DOPAMS/Toystack/dopams-backend-staging/node_modules/aws-sdk/clients'.
======== Module name '../lib/response' was successfully resolved to 'd:/DOPAMS/Toystack/dopams-backend-staging/node_modules/aws-sdk/lib/response.d.ts' with Package ID 'aws-sdk/lib/response.d.ts@2.1693.0'. ========
======== Resolving module '../lib/error' from 'd:/DOPAMS/Toystack/dopams-backend-staging/node_modules/aws-sdk/clients/arczonalshift.d.ts'. ========
Resolution for module '../lib/error' was found in cache from location 'd:/DOPAMS/Toystack/dopams-backend-staging/node_modules/aws-sdk/clients'.
======== Module name '../lib/error' was successfully resolved to 'd:/DOPAMS/Toystack/dopams-backend-staging/node_modules/aws-sdk/lib/error.d.ts' with Package ID 'aws-sdk/lib/error.d.ts@2.1693.0'. ========
======== Resolving module '../lib/service' from 'd:/DOPAMS/Toystack/dopams-backend-staging/node_modules/aws-sdk/clients/arczonalshift.d.ts'. ========
Resolution for module '../lib/service' was found in cache from location 'd:/DOPAMS/Toystack/dopams-backend-staging/node_modules/aws-sdk/clients'.
======== Module name '../lib/service' was successfully resolved to 'd:/DOPAMS/Toystack/dopams-backend-staging/node_modules/aws-sdk/lib/service.d.ts' with Package ID 'aws-sdk/lib/service.d.ts@2.1693.0'. ========
======== Resolving module '../lib/config-base' from 'd:/DOPAMS/Toystack/dopams-backend-staging/node_modules/aws-sdk/clients/arczonalshift.d.ts'. ========
Resolution for module '../lib/config-base' was found in cache from location 'd:/DOPAMS/Toystack/dopams-backend-staging/node_modules/aws-sdk/clients'.
======== Module name '../lib/config-base' was successfully resolved to 'd:/DOPAMS/Toystack/dopams-backend-staging/node_modules/aws-sdk/lib/config-base.d.ts' with Package ID 'aws-sdk/lib/config-base.d.ts@2.1693.0'. ========
File 'd:/DOPAMS/Toystack/dopams-backend-staging/node_modules/aws-sdk/clients/package.json' does not exist according to earlier cached lookups.
File 'd:/DOPAMS/Toystack/dopams-backend-staging/node_modules/aws-sdk/package.json' exists according to earlier cached lookups.
======== Resolving module '../lib/request' from 'd:/DOPAMS/Toystack/dopams-backend-staging/node_modules/aws-sdk/clients/omics.d.ts'. ========
Resolution for module '../lib/request' was found in cache from location 'd:/DOPAMS/Toystack/dopams-backend-staging/node_modules/aws-sdk/clients'.
======== Module name '../lib/request' was successfully resolved to 'd:/DOPAMS/Toystack/dopams-backend-staging/node_modules/aws-sdk/lib/request.d.ts' with Package ID 'aws-sdk/lib/request.d.ts@2.1693.0'. ========
======== Resolving module '../lib/response' from 'd:/DOPAMS/Toystack/dopams-backend-staging/node_modules/aws-sdk/clients/omics.d.ts'. ========
Resolution for module '../lib/response' was found in cache from location 'd:/DOPAMS/Toystack/dopams-backend-staging/node_modules/aws-sdk/clients'.
======== Module name '../lib/response' was successfully resolved to 'd:/DOPAMS/Toystack/dopams-backend-staging/node_modules/aws-sdk/lib/response.d.ts' with Package ID 'aws-sdk/lib/response.d.ts@2.1693.0'. ========
======== Resolving module '../lib/error' from 'd:/DOPAMS/Toystack/dopams-backend-staging/node_modules/aws-sdk/clients/omics.d.ts'. ========
Resolution for module '../lib/error' was found in cache from location 'd:/DOPAMS/Toystack/dopams-backend-staging/node_modules/aws-sdk/clients'.
======== Module name '../lib/error' was successfully resolved to 'd:/DOPAMS/Toystack/dopams-backend-staging/node_modules/aws-sdk/lib/error.d.ts' with Package ID 'aws-sdk/lib/error.d.ts@2.1693.0'. ========
======== Resolving module '../lib/service' from 'd:/DOPAMS/Toystack/dopams-backend-staging/node_modules/aws-sdk/clients/omics.d.ts'. ========
Resolution for module '../lib/service' was found in cache from location 'd:/DOPAMS/Toystack/dopams-backend-staging/node_modules/aws-sdk/clients'.
======== Module name '../lib/service' was successfully resolved to 'd:/DOPAMS/Toystack/dopams-backend-staging/node_modules/aws-sdk/lib/service.d.ts' with Package ID 'aws-sdk/lib/service.d.ts@2.1693.0'. ========
======== Resolving module '../lib/config-base' from 'd:/DOPAMS/Toystack/dopams-backend-staging/node_modules/aws-sdk/clients/omics.d.ts'. ========
Resolution for module '../lib/config-base' was found in cache from location 'd:/DOPAMS/Toystack/dopams-backend-staging/node_modules/aws-sdk/clients'.
======== Module name '../lib/config-base' was successfully resolved to 'd:/DOPAMS/Toystack/dopams-backend-staging/node_modules/aws-sdk/lib/config-base.d.ts' with Package ID 'aws-sdk/lib/config-base.d.ts@2.1693.0'. ========
======== Resolving module 'stream' from 'd:/DOPAMS/Toystack/dopams-backend-staging/node_modules/aws-sdk/clients/omics.d.ts'. ========
Resolution for module 'stream' was found in cache from location 'd:/DOPAMS/Toystack/dopams-backend-staging/node_modules/aws-sdk/clients'.
======== Module name 'stream' was not resolved. ========
File 'd:/DOPAMS/Toystack/dopams-backend-staging/node_modules/aws-sdk/clients/package.json' does not exist according to earlier cached lookups.
File 'd:/DOPAMS/Toystack/dopams-backend-staging/node_modules/aws-sdk/package.json' exists according to earlier cached lookups.
======== Resolving module '../lib/request' from 'd:/DOPAMS/Toystack/dopams-backend-staging/node_modules/aws-sdk/clients/opensearchserverless.d.ts'. ========
Resolution for module '../lib/request' was found in cache from location 'd:/DOPAMS/Toystack/dopams-backend-staging/node_modules/aws-sdk/clients'.
======== Module name '../lib/request' was successfully resolved to 'd:/DOPAMS/Toystack/dopams-backend-staging/node_modules/aws-sdk/lib/request.d.ts' with Package ID 'aws-sdk/lib/request.d.ts@2.1693.0'. ========
======== Resolving module '../lib/response' from 'd:/DOPAMS/Toystack/dopams-backend-staging/node_modules/aws-sdk/clients/opensearchserverless.d.ts'. ========
Resolution for module '../lib/response' was found in cache from location 'd:/DOPAMS/Toystack/dopams-backend-staging/node_modules/aws-sdk/clients'.
======== Module name '../lib/response' was successfully resolved to 'd:/DOPAMS/Toystack/dopams-backend-staging/node_modules/aws-sdk/lib/response.d.ts' with Package ID 'aws-sdk/lib/response.d.ts@2.1693.0'. ========
======== Resolving module '../lib/error' from 'd:/DOPAMS/Toystack/dopams-backend-staging/node_modules/aws-sdk/clients/opensearchserverless.d.ts'. ========
Resolution for module '../lib/error' was found in cache from location 'd:/DOPAMS/Toystack/dopams-backend-staging/node_modules/aws-sdk/clients'.
======== Module name '../lib/error' was successfully resolved to 'd:/DOPAMS/Toystack/dopams-backend-staging/node_modules/aws-sdk/lib/error.d.ts' with Package ID 'aws-sdk/lib/error.d.ts@2.1693.0'. ========
======== Resolving module '../lib/service' from 'd:/DOPAMS/Toystack/dopams-backend-staging/node_modules/aws-sdk/clients/opensearchserverless.d.ts'. ========
Resolution for module '../lib/service' was found in cache from location 'd:/DOPAMS/Toystack/dopams-backend-staging/node_modules/aws-sdk/clients'.
======== Module name '../lib/service' was successfully resolved to 'd:/DOPAMS/Toystack/dopams-backend-staging/node_modules/aws-sdk/lib/service.d.ts' with Package ID 'aws-sdk/lib/service.d.ts@2.1693.0'. ========
======== Resolving module '../lib/config-base' from 'd:/DOPAMS/Toystack/dopams-backend-staging/node_modules/aws-sdk/clients/opensearchserverless.d.ts'. ========
Resolution for module '../lib/config-base' was found in cache from location 'd:/DOPAMS/Toystack/dopams-backend-staging/node_modules/aws-sdk/clients'.
======== Module name '../lib/config-base' was successfully resolved to 'd:/DOPAMS/Toystack/dopams-backend-staging/node_modules/aws-sdk/lib/config-base.d.ts' with Package ID 'aws-sdk/lib/config-base.d.ts@2.1693.0'. ========
File 'd:/DOPAMS/Toystack/dopams-backend-staging/node_modules/aws-sdk/clients/package.json' does not exist according to earlier cached lookups.
File 'd:/DOPAMS/Toystack/dopams-backend-staging/node_modules/aws-sdk/package.json' exists according to earlier cached lookups.
======== Resolving module '../lib/request' from 'd:/DOPAMS/Toystack/dopams-backend-staging/node_modules/aws-sdk/clients/securitylake.d.ts'. ========
Resolution for module '../lib/request' was found in cache from location 'd:/DOPAMS/Toystack/dopams-backend-staging/node_modules/aws-sdk/clients'.
======== Module name '../lib/request' was successfully resolved to 'd:/DOPAMS/Toystack/dopams-backend-staging/node_modules/aws-sdk/lib/request.d.ts' with Package ID 'aws-sdk/lib/request.d.ts@2.1693.0'. ========
======== Resolving module '../lib/response' from 'd:/DOPAMS/Toystack/dopams-backend-staging/node_modules/aws-sdk/clients/securitylake.d.ts'. ========
Resolution for module '../lib/response' was found in cache from location 'd:/DOPAMS/Toystack/dopams-backend-staging/node_modules/aws-sdk/clients'.
======== Module name '../lib/response' was successfully resolved to 'd:/DOPAMS/Toystack/dopams-backend-staging/node_modules/aws-sdk/lib/response.d.ts' with Package ID 'aws-sdk/lib/response.d.ts@2.1693.0'. ========
======== Resolving module '../lib/error' from 'd:/DOPAMS/Toystack/dopams-backend-staging/node_modules/aws-sdk/clients/securitylake.d.ts'. ========
Resolution for module '../lib/error' was found in cache from location 'd:/DOPAMS/Toystack/dopams-backend-staging/node_modules/aws-sdk/clients'.
======== Module name '../lib/error' was successfully resolved to 'd:/DOPAMS/Toystack/dopams-backend-staging/node_modules/aws-sdk/lib/error.d.ts' with Package ID 'aws-sdk/lib/error.d.ts@2.1693.0'. ========
======== Resolving module '../lib/service' from 'd:/DOPAMS/Toystack/dopams-backend-staging/node_modules/aws-sdk/clients/securitylake.d.ts'. ========
Resolution for module '../lib/service' was found in cache from location 'd:/DOPAMS/Toystack/dopams-backend-staging/node_modules/aws-sdk/clients'.
======== Module name '../lib/service' was successfully resolved to 'd:/DOPAMS/Toystack/dopams-backend-staging/node_modules/aws-sdk/lib/service.d.ts' with Package ID 'aws-sdk/lib/service.d.ts@2.1693.0'. ========
======== Resolving module '../lib/config-base' from 'd:/DOPAMS/Toystack/dopams-backend-staging/node_modules/aws-sdk/clients/securitylake.d.ts'. ========
Resolution for module '../lib/config-base' was found in cache from location 'd:/DOPAMS/Toystack/dopams-backend-staging/node_modules/aws-sdk/clients'.
======== Module name '../lib/config-base' was successfully resolved to 'd:/DOPAMS/Toystack/dopams-backend-staging/node_modules/aws-sdk/lib/config-base.d.ts' with Package ID 'aws-sdk/lib/config-base.d.ts@2.1693.0'. ========
File 'd:/DOPAMS/Toystack/dopams-backend-staging/node_modules/aws-sdk/clients/package.json' does not exist according to earlier cached lookups.
File 'd:/DOPAMS/Toystack/dopams-backend-staging/node_modules/aws-sdk/package.json' exists according to earlier cached lookups.
======== Resolving module '../lib/request' from 'd:/DOPAMS/Toystack/dopams-backend-staging/node_modules/aws-sdk/clients/simspaceweaver.d.ts'. ========
Resolution for module '../lib/request' was found in cache from location 'd:/DOPAMS/Toystack/dopams-backend-staging/node_modules/aws-sdk/clients'.
======== Module name '../lib/request' was successfully resolved to 'd:/DOPAMS/Toystack/dopams-backend-staging/node_modules/aws-sdk/lib/request.d.ts' with Package ID 'aws-sdk/lib/request.d.ts@2.1693.0'. ========
======== Resolving module '../lib/response' from 'd:/DOPAMS/Toystack/dopams-backend-staging/node_modules/aws-sdk/clients/simspaceweaver.d.ts'. ========
Resolution for module '../lib/response' was found in cache from location 'd:/DOPAMS/Toystack/dopams-backend-staging/node_modules/aws-sdk/clients'.
======== Module name '../lib/response' was successfully resolved to 'd:/DOPAMS/Toystack/dopams-backend-staging/node_modules/aws-sdk/lib/response.d.ts' with Package ID 'aws-sdk/lib/response.d.ts@2.1693.0'. ========
======== Resolving module '../lib/error' from 'd:/DOPAMS/Toystack/dopams-backend-staging/node_modules/aws-sdk/clients/simspaceweaver.d.ts'. ========
Resolution for module '../lib/error' was found in cache from location 'd:/DOPAMS/Toystack/dopams-backend-staging/node_modules/aws-sdk/clients'.
======== Module name '../lib/error' was successfully resolved to 'd:/DOPAMS/Toystack/dopams-backend-staging/node_modules/aws-sdk/lib/error.d.ts' with Package ID 'aws-sdk/lib/error.d.ts@2.1693.0'. ========
======== Resolving module '../lib/service' from 'd:/DOPAMS/Toystack/dopams-backend-staging/node_modules/aws-sdk/clients/simspaceweaver.d.ts'. ========
Resolution for module '../lib/service' was found in cache from location 'd:/DOPAMS/Toystack/dopams-backend-staging/node_modules/aws-sdk/clients'.
======== Module name '../lib/service' was successfully resolved to 'd:/DOPAMS/Toystack/dopams-backend-staging/node_modules/aws-sdk/lib/service.d.ts' with Package ID 'aws-sdk/lib/service.d.ts@2.1693.0'. ========
======== Resolving module '../lib/config-base' from 'd:/DOPAMS/Toystack/dopams-backend-staging/node_modules/aws-sdk/clients/simspaceweaver.d.ts'. ========
Resolution for module '../lib/config-base' was found in cache from location 'd:/DOPAMS/Toystack/dopams-backend-staging/node_modules/aws-sdk/clients'.
======== Module name '../lib/config-base' was successfully resolved to 'd:/DOPAMS/Toystack/dopams-backend-staging/node_modules/aws-sdk/lib/config-base.d.ts' with Package ID 'aws-sdk/lib/config-base.d.ts@2.1693.0'. ========
File 'd:/DOPAMS/Toystack/dopams-backend-staging/node_modules/aws-sdk/clients/package.json' does not exist according to earlier cached lookups.
File 'd:/DOPAMS/Toystack/dopams-backend-staging/node_modules/aws-sdk/package.json' exists according to earlier cached lookups.
======== Resolving module '../lib/request' from 'd:/DOPAMS/Toystack/dopams-backend-staging/node_modules/aws-sdk/clients/docdbelastic.d.ts'. ========
Resolution for module '../lib/request' was found in cache from location 'd:/DOPAMS/Toystack/dopams-backend-staging/node_modules/aws-sdk/clients'.
======== Module name '../lib/request' was successfully resolved to 'd:/DOPAMS/Toystack/dopams-backend-staging/node_modules/aws-sdk/lib/request.d.ts' with Package ID 'aws-sdk/lib/request.d.ts@2.1693.0'. ========
======== Resolving module '../lib/response' from 'd:/DOPAMS/Toystack/dopams-backend-staging/node_modules/aws-sdk/clients/docdbelastic.d.ts'. ========
Resolution for module '../lib/response' was found in cache from location 'd:/DOPAMS/Toystack/dopams-backend-staging/node_modules/aws-sdk/clients'.
======== Module name '../lib/response' was successfully resolved to 'd:/DOPAMS/Toystack/dopams-backend-staging/node_modules/aws-sdk/lib/response.d.ts' with Package ID 'aws-sdk/lib/response.d.ts@2.1693.0'. ========
======== Resolving module '../lib/error' from 'd:/DOPAMS/Toystack/dopams-backend-staging/node_modules/aws-sdk/clients/docdbelastic.d.ts'. ========
Resolution for module '../lib/error' was found in cache from location 'd:/DOPAMS/Toystack/dopams-backend-staging/node_modules/aws-sdk/clients'.
======== Module name '../lib/error' was successfully resolved to 'd:/DOPAMS/Toystack/dopams-backend-staging/node_modules/aws-sdk/lib/error.d.ts' with Package ID 'aws-sdk/lib/error.d.ts@2.1693.0'. ========
======== Resolving module '../lib/service' from 'd:/DOPAMS/Toystack/dopams-backend-staging/node_modules/aws-sdk/clients/docdbelastic.d.ts'. ========
Resolution for module '../lib/service' was found in cache from location 'd:/DOPAMS/Toystack/dopams-backend-staging/node_modules/aws-sdk/clients'.
======== Module name '../lib/service' was successfully resolved to 'd:/DOPAMS/Toystack/dopams-backend-staging/node_modules/aws-sdk/lib/service.d.ts' with Package ID 'aws-sdk/lib/service.d.ts@2.1693.0'. ========
======== Resolving module '../lib/config-base' from 'd:/DOPAMS/Toystack/dopams-backend-staging/node_modules/aws-sdk/clients/docdbelastic.d.ts'. ========
Resolution for module '../lib/config-base' was found in cache from location 'd:/DOPAMS/Toystack/dopams-backend-staging/node_modules/aws-sdk/clients'.
======== Module name '../lib/config-base' was successfully resolved to 'd:/DOPAMS/Toystack/dopams-backend-staging/node_modules/aws-sdk/lib/config-base.d.ts' with Package ID 'aws-sdk/lib/config-base.d.ts@2.1693.0'. ========
File 'd:/DOPAMS/Toystack/dopams-backend-staging/node_modules/aws-sdk/clients/package.json' does not exist according to earlier cached lookups.
File 'd:/DOPAMS/Toystack/dopams-backend-staging/node_modules/aws-sdk/package.json' exists according to earlier cached lookups.
======== Resolving module '../lib/request' from 'd:/DOPAMS/Toystack/dopams-backend-staging/node_modules/aws-sdk/clients/sagemakergeospatial.d.ts'. ========
Resolution for module '../lib/request' was found in cache from location 'd:/DOPAMS/Toystack/dopams-backend-staging/node_modules/aws-sdk/clients'.
======== Module name '../lib/request' was successfully resolved to 'd:/DOPAMS/Toystack/dopams-backend-staging/node_modules/aws-sdk/lib/request.d.ts' with Package ID 'aws-sdk/lib/request.d.ts@2.1693.0'. ========
======== Resolving module '../lib/response' from 'd:/DOPAMS/Toystack/dopams-backend-staging/node_modules/aws-sdk/clients/sagemakergeospatial.d.ts'. ========
Resolution for module '../lib/response' was found in cache from location 'd:/DOPAMS/Toystack/dopams-backend-staging/node_modules/aws-sdk/clients'.
======== Module name '../lib/response' was successfully resolved to 'd:/DOPAMS/Toystack/dopams-backend-staging/node_modules/aws-sdk/lib/response.d.ts' with Package ID 'aws-sdk/lib/response.d.ts@2.1693.0'. ========
======== Resolving module '../lib/error' from 'd:/DOPAMS/Toystack/dopams-backend-staging/node_modules/aws-sdk/clients/sagemakergeospatial.d.ts'. ========
Resolution for module '../lib/error' was found in cache from location 'd:/DOPAMS/Toystack/dopams-backend-staging/node_modules/aws-sdk/clients'.
======== Module name '../lib/error' was successfully resolved to 'd:/DOPAMS/Toystack/dopams-backend-staging/node_modules/aws-sdk/lib/error.d.ts' with Package ID 'aws-sdk/lib/error.d.ts@2.1693.0'. ========
======== Resolving module '../lib/service' from 'd:/DOPAMS/Toystack/dopams-backend-staging/node_modules/aws-sdk/clients/sagemakergeospatial.d.ts'. ========
Resolution for module '../lib/service' was found in cache from location 'd:/DOPAMS/Toystack/dopams-backend-staging/node_modules/aws-sdk/clients'.
======== Module name '../lib/service' was successfully resolved to 'd:/DOPAMS/Toystack/dopams-backend-staging/node_modules/aws-sdk/lib/service.d.ts' with Package ID 'aws-sdk/lib/service.d.ts@2.1693.0'. ========
======== Resolving module '../lib/config-base' from 'd:/DOPAMS/Toystack/dopams-backend-staging/node_modules/aws-sdk/clients/sagemakergeospatial.d.ts'. ========
Resolution for module '../lib/config-base' was found in cache from location 'd:/DOPAMS/Toystack/dopams-backend-staging/node_modules/aws-sdk/clients'.
======== Module name '../lib/config-base' was successfully resolved to 'd:/DOPAMS/Toystack/dopams-backend-staging/node_modules/aws-sdk/lib/config-base.d.ts' with Package ID 'aws-sdk/lib/config-base.d.ts@2.1693.0'. ========
======== Resolving module 'stream' from 'd:/DOPAMS/Toystack/dopams-backend-staging/node_modules/aws-sdk/clients/sagemakergeospatial.d.ts'. ========
Resolution for module 'stream' was found in cache from location 'd:/DOPAMS/Toystack/dopams-backend-staging/node_modules/aws-sdk/clients'.
======== Module name 'stream' was not resolved. ========
File 'd:/DOPAMS/Toystack/dopams-backend-staging/node_modules/aws-sdk/clients/package.json' does not exist according to earlier cached lookups.
File 'd:/DOPAMS/Toystack/dopams-backend-staging/node_modules/aws-sdk/package.json' exists according to earlier cached lookups.
======== Resolving module '../lib/request' from 'd:/DOPAMS/Toystack/dopams-backend-staging/node_modules/aws-sdk/clients/codecatalyst.d.ts'. ========
Resolution for module '../lib/request' was found in cache from location 'd:/DOPAMS/Toystack/dopams-backend-staging/node_modules/aws-sdk/clients'.
======== Module name '../lib/request' was successfully resolved to 'd:/DOPAMS/Toystack/dopams-backend-staging/node_modules/aws-sdk/lib/request.d.ts' with Package ID 'aws-sdk/lib/request.d.ts@2.1693.0'. ========
======== Resolving module '../lib/response' from 'd:/DOPAMS/Toystack/dopams-backend-staging/node_modules/aws-sdk/clients/codecatalyst.d.ts'. ========
Resolution for module '../lib/response' was found in cache from location 'd:/DOPAMS/Toystack/dopams-backend-staging/node_modules/aws-sdk/clients'.
======== Module name '../lib/response' was successfully resolved to 'd:/DOPAMS/Toystack/dopams-backend-staging/node_modules/aws-sdk/lib/response.d.ts' with Package ID 'aws-sdk/lib/response.d.ts@2.1693.0'. ========
======== Resolving module '../lib/error' from 'd:/DOPAMS/Toystack/dopams-backend-staging/node_modules/aws-sdk/clients/codecatalyst.d.ts'. ========
Resolution for module '../lib/error' was found in cache from location 'd:/DOPAMS/Toystack/dopams-backend-staging/node_modules/aws-sdk/clients'.
======== Module name '../lib/error' was successfully resolved to 'd:/DOPAMS/Toystack/dopams-backend-staging/node_modules/aws-sdk/lib/error.d.ts' with Package ID 'aws-sdk/lib/error.d.ts@2.1693.0'. ========
======== Resolving module '../lib/service' from 'd:/DOPAMS/Toystack/dopams-backend-staging/node_modules/aws-sdk/clients/codecatalyst.d.ts'. ========
Resolution for module '../lib/service' was found in cache from location 'd:/DOPAMS/Toystack/dopams-backend-staging/node_modules/aws-sdk/clients'.
======== Module name '../lib/service' was successfully resolved to 'd:/DOPAMS/Toystack/dopams-backend-staging/node_modules/aws-sdk/lib/service.d.ts' with Package ID 'aws-sdk/lib/service.d.ts@2.1693.0'. ========
======== Resolving module '../lib/config-base' from 'd:/DOPAMS/Toystack/dopams-backend-staging/node_modules/aws-sdk/clients/codecatalyst.d.ts'. ========
Resolution for module '../lib/config-base' was found in cache from location 'd:/DOPAMS/Toystack/dopams-backend-staging/node_modules/aws-sdk/clients'.
======== Module name '../lib/config-base' was successfully resolved to 'd:/DOPAMS/Toystack/dopams-backend-staging/node_modules/aws-sdk/lib/config-base.d.ts' with Package ID 'aws-sdk/lib/config-base.d.ts@2.1693.0'. ========
File 'd:/DOPAMS/Toystack/dopams-backend-staging/node_modules/aws-sdk/clients/package.json' does not exist according to earlier cached lookups.
File 'd:/DOPAMS/Toystack/dopams-backend-staging/node_modules/aws-sdk/package.json' exists according to earlier cached lookups.
======== Resolving module '../lib/request' from 'd:/DOPAMS/Toystack/dopams-backend-staging/node_modules/aws-sdk/clients/pipes.d.ts'. ========
Resolution for module '../lib/request' was found in cache from location 'd:/DOPAMS/Toystack/dopams-backend-staging/node_modules/aws-sdk/clients'.
======== Module name '../lib/request' was successfully resolved to 'd:/DOPAMS/Toystack/dopams-backend-staging/node_modules/aws-sdk/lib/request.d.ts' with Package ID 'aws-sdk/lib/request.d.ts@2.1693.0'. ========
======== Resolving module '../lib/response' from 'd:/DOPAMS/Toystack/dopams-backend-staging/node_modules/aws-sdk/clients/pipes.d.ts'. ========
Resolution for module '../lib/response' was found in cache from location 'd:/DOPAMS/Toystack/dopams-backend-staging/node_modules/aws-sdk/clients'.
======== Module name '../lib/response' was successfully resolved to 'd:/DOPAMS/Toystack/dopams-backend-staging/node_modules/aws-sdk/lib/response.d.ts' with Package ID 'aws-sdk/lib/response.d.ts@2.1693.0'. ========
======== Resolving module '../lib/error' from 'd:/DOPAMS/Toystack/dopams-backend-staging/node_modules/aws-sdk/clients/pipes.d.ts'. ========
Resolution for module '../lib/error' was found in cache from location 'd:/DOPAMS/Toystack/dopams-backend-staging/node_modules/aws-sdk/clients'.
======== Module name '../lib/error' was successfully resolved to 'd:/DOPAMS/Toystack/dopams-backend-staging/node_modules/aws-sdk/lib/error.d.ts' with Package ID 'aws-sdk/lib/error.d.ts@2.1693.0'. ========
======== Resolving module '../lib/service' from 'd:/DOPAMS/Toystack/dopams-backend-staging/node_modules/aws-sdk/clients/pipes.d.ts'. ========
Resolution for module '../lib/service' was found in cache from location 'd:/DOPAMS/Toystack/dopams-backend-staging/node_modules/aws-sdk/clients'.
======== Module name '../lib/service' was successfully resolved to 'd:/DOPAMS/Toystack/dopams-backend-staging/node_modules/aws-sdk/lib/service.d.ts' with Package ID 'aws-sdk/lib/service.d.ts@2.1693.0'. ========
======== Resolving module '../lib/config-base' from 'd:/DOPAMS/Toystack/dopams-backend-staging/node_modules/aws-sdk/clients/pipes.d.ts'. ========
Resolution for module '../lib/config-base' was found in cache from location 'd:/DOPAMS/Toystack/dopams-backend-staging/node_modules/aws-sdk/clients'.
======== Module name '../lib/config-base' was successfully resolved to 'd:/DOPAMS/Toystack/dopams-backend-staging/node_modules/aws-sdk/lib/config-base.d.ts' with Package ID 'aws-sdk/lib/config-base.d.ts@2.1693.0'. ========
File 'd:/DOPAMS/Toystack/dopams-backend-staging/node_modules/aws-sdk/clients/package.json' does not exist according to earlier cached lookups.
File 'd:/DOPAMS/Toystack/dopams-backend-staging/node_modules/aws-sdk/package.json' exists according to earlier cached lookups.
======== Resolving module '../lib/request' from 'd:/DOPAMS/Toystack/dopams-backend-staging/node_modules/aws-sdk/clients/sagemakermetrics.d.ts'. ========
Resolution for module '../lib/request' was found in cache from location 'd:/DOPAMS/Toystack/dopams-backend-staging/node_modules/aws-sdk/clients'.
======== Module name '../lib/request' was successfully resolved to 'd:/DOPAMS/Toystack/dopams-backend-staging/node_modules/aws-sdk/lib/request.d.ts' with Package ID 'aws-sdk/lib/request.d.ts@2.1693.0'. ========
======== Resolving module '../lib/response' from 'd:/DOPAMS/Toystack/dopams-backend-staging/node_modules/aws-sdk/clients/sagemakermetrics.d.ts'. ========
Resolution for module '../lib/response' was found in cache from location 'd:/DOPAMS/Toystack/dopams-backend-staging/node_modules/aws-sdk/clients'.
======== Module name '../lib/response' was successfully resolved to 'd:/DOPAMS/Toystack/dopams-backend-staging/node_modules/aws-sdk/lib/response.d.ts' with Package ID 'aws-sdk/lib/response.d.ts@2.1693.0'. ========
======== Resolving module '../lib/error' from 'd:/DOPAMS/Toystack/dopams-backend-staging/node_modules/aws-sdk/clients/sagemakermetrics.d.ts'. ========
Resolution for module '../lib/error' was found in cache from location 'd:/DOPAMS/Toystack/dopams-backend-staging/node_modules/aws-sdk/clients'.
======== Module name '../lib/error' was successfully resolved to 'd:/DOPAMS/Toystack/dopams-backend-staging/node_modules/aws-sdk/lib/error.d.ts' with Package ID 'aws-sdk/lib/error.d.ts@2.1693.0'. ========
======== Resolving module '../lib/service' from 'd:/DOPAMS/Toystack/dopams-backend-staging/node_modules/aws-sdk/clients/sagemakermetrics.d.ts'. ========
Resolution for module '../lib/service' was found in cache from location 'd:/DOPAMS/Toystack/dopams-backend-staging/node_modules/aws-sdk/clients'.
======== Module name '../lib/service' was successfully resolved to 'd:/DOPAMS/Toystack/dopams-backend-staging/node_modules/aws-sdk/lib/service.d.ts' with Package ID 'aws-sdk/lib/service.d.ts@2.1693.0'. ========
======== Resolving module '../lib/config-base' from 'd:/DOPAMS/Toystack/dopams-backend-staging/node_modules/aws-sdk/clients/sagemakermetrics.d.ts'. ========
Resolution for module '../lib/config-base' was found in cache from location 'd:/DOPAMS/Toystack/dopams-backend-staging/node_modules/aws-sdk/clients'.
======== Module name '../lib/config-base' was successfully resolved to 'd:/DOPAMS/Toystack/dopams-backend-staging/node_modules/aws-sdk/lib/config-base.d.ts' with Package ID 'aws-sdk/lib/config-base.d.ts@2.1693.0'. ========
File 'd:/DOPAMS/Toystack/dopams-backend-staging/node_modules/aws-sdk/clients/package.json' does not exist according to earlier cached lookups.
File 'd:/DOPAMS/Toystack/dopams-backend-staging/node_modules/aws-sdk/package.json' exists according to earlier cached lookups.
======== Resolving module '../lib/request' from 'd:/DOPAMS/Toystack/dopams-backend-staging/node_modules/aws-sdk/clients/kinesisvideowebrtcstorage.d.ts'. ========
Resolution for module '../lib/request' was found in cache from location 'd:/DOPAMS/Toystack/dopams-backend-staging/node_modules/aws-sdk/clients'.
======== Module name '../lib/request' was successfully resolved to 'd:/DOPAMS/Toystack/dopams-backend-staging/node_modules/aws-sdk/lib/request.d.ts' with Package ID 'aws-sdk/lib/request.d.ts@2.1693.0'. ========
======== Resolving module '../lib/response' from 'd:/DOPAMS/Toystack/dopams-backend-staging/node_modules/aws-sdk/clients/kinesisvideowebrtcstorage.d.ts'. ========
Resolution for module '../lib/response' was found in cache from location 'd:/DOPAMS/Toystack/dopams-backend-staging/node_modules/aws-sdk/clients'.
======== Module name '../lib/response' was successfully resolved to 'd:/DOPAMS/Toystack/dopams-backend-staging/node_modules/aws-sdk/lib/response.d.ts' with Package ID 'aws-sdk/lib/response.d.ts@2.1693.0'. ========
======== Resolving module '../lib/error' from 'd:/DOPAMS/Toystack/dopams-backend-staging/node_modules/aws-sdk/clients/kinesisvideowebrtcstorage.d.ts'. ========
Resolution for module '../lib/error' was found in cache from location 'd:/DOPAMS/Toystack/dopams-backend-staging/node_modules/aws-sdk/clients'.
======== Module name '../lib/error' was successfully resolved to 'd:/DOPAMS/Toystack/dopams-backend-staging/node_modules/aws-sdk/lib/error.d.ts' with Package ID 'aws-sdk/lib/error.d.ts@2.1693.0'. ========
======== Resolving module '../lib/service' from 'd:/DOPAMS/Toystack/dopams-backend-staging/node_modules/aws-sdk/clients/kinesisvideowebrtcstorage.d.ts'. ========
Resolution for module '../lib/service' was found in cache from location 'd:/DOPAMS/Toystack/dopams-backend-staging/node_modules/aws-sdk/clients'.
======== Module name '../lib/service' was successfully resolved to 'd:/DOPAMS/Toystack/dopams-backend-staging/node_modules/aws-sdk/lib/service.d.ts' with Package ID 'aws-sdk/lib/service.d.ts@2.1693.0'. ========
======== Resolving module '../lib/config-base' from 'd:/DOPAMS/Toystack/dopams-backend-staging/node_modules/aws-sdk/clients/kinesisvideowebrtcstorage.d.ts'. ========
Resolution for module '../lib/config-base' was found in cache from location 'd:/DOPAMS/Toystack/dopams-backend-staging/node_modules/aws-sdk/clients'.
======== Module name '../lib/config-base' was successfully resolved to 'd:/DOPAMS/Toystack/dopams-backend-staging/node_modules/aws-sdk/lib/config-base.d.ts' with Package ID 'aws-sdk/lib/config-base.d.ts@2.1693.0'. ========
File 'd:/DOPAMS/Toystack/dopams-backend-staging/node_modules/aws-sdk/clients/package.json' does not exist according to earlier cached lookups.
File 'd:/DOPAMS/Toystack/dopams-backend-staging/node_modules/aws-sdk/package.json' exists according to earlier cached lookups.
======== Resolving module '../lib/request' from 'd:/DOPAMS/Toystack/dopams-backend-staging/node_modules/aws-sdk/clients/licensemanagerlinuxsubscriptions.d.ts'. ========
Resolution for module '../lib/request' was found in cache from location 'd:/DOPAMS/Toystack/dopams-backend-staging/node_modules/aws-sdk/clients'.
======== Module name '../lib/request' was successfully resolved to 'd:/DOPAMS/Toystack/dopams-backend-staging/node_modules/aws-sdk/lib/request.d.ts' with Package ID 'aws-sdk/lib/request.d.ts@2.1693.0'. ========
======== Resolving module '../lib/response' from 'd:/DOPAMS/Toystack/dopams-backend-staging/node_modules/aws-sdk/clients/licensemanagerlinuxsubscriptions.d.ts'. ========
Resolution for module '../lib/response' was found in cache from location 'd:/DOPAMS/Toystack/dopams-backend-staging/node_modules/aws-sdk/clients'.
======== Module name '../lib/response' was successfully resolved to 'd:/DOPAMS/Toystack/dopams-backend-staging/node_modules/aws-sdk/lib/response.d.ts' with Package ID 'aws-sdk/lib/response.d.ts@2.1693.0'. ========
======== Resolving module '../lib/error' from 'd:/DOPAMS/Toystack/dopams-backend-staging/node_modules/aws-sdk/clients/licensemanagerlinuxsubscriptions.d.ts'. ========
Resolution for module '../lib/error' was found in cache from location 'd:/DOPAMS/Toystack/dopams-backend-staging/node_modules/aws-sdk/clients'.
======== Module name '../lib/error' was successfully resolved to 'd:/DOPAMS/Toystack/dopams-backend-staging/node_modules/aws-sdk/lib/error.d.ts' with Package ID 'aws-sdk/lib/error.d.ts@2.1693.0'. ========
======== Resolving module '../lib/service' from 'd:/DOPAMS/Toystack/dopams-backend-staging/node_modules/aws-sdk/clients/licensemanagerlinuxsubscriptions.d.ts'. ========
Resolution for module '../lib/service' was found in cache from location 'd:/DOPAMS/Toystack/dopams-backend-staging/node_modules/aws-sdk/clients'.
======== Module name '../lib/service' was successfully resolved to 'd:/DOPAMS/Toystack/dopams-backend-staging/node_modules/aws-sdk/lib/service.d.ts' with Package ID 'aws-sdk/lib/service.d.ts@2.1693.0'. ========
======== Resolving module '../lib/config-base' from 'd:/DOPAMS/Toystack/dopams-backend-staging/node_modules/aws-sdk/clients/licensemanagerlinuxsubscriptions.d.ts'. ========
Resolution for module '../lib/config-base' was found in cache from location 'd:/DOPAMS/Toystack/dopams-backend-staging/node_modules/aws-sdk/clients'.
======== Module name '../lib/config-base' was successfully resolved to 'd:/DOPAMS/Toystack/dopams-backend-staging/node_modules/aws-sdk/lib/config-base.d.ts' with Package ID 'aws-sdk/lib/config-base.d.ts@2.1693.0'. ========
File 'd:/DOPAMS/Toystack/dopams-backend-staging/node_modules/aws-sdk/clients/package.json' does not exist according to earlier cached lookups.
File 'd:/DOPAMS/Toystack/dopams-backend-staging/node_modules/aws-sdk/package.json' exists according to earlier cached lookups.
======== Resolving module '../lib/request' from 'd:/DOPAMS/Toystack/dopams-backend-staging/node_modules/aws-sdk/clients/kendraranking.d.ts'. ========
Resolution for module '../lib/request' was found in cache from location 'd:/DOPAMS/Toystack/dopams-backend-staging/node_modules/aws-sdk/clients'.
======== Module name '../lib/request' was successfully resolved to 'd:/DOPAMS/Toystack/dopams-backend-staging/node_modules/aws-sdk/lib/request.d.ts' with Package ID 'aws-sdk/lib/request.d.ts@2.1693.0'. ========
======== Resolving module '../lib/response' from 'd:/DOPAMS/Toystack/dopams-backend-staging/node_modules/aws-sdk/clients/kendraranking.d.ts'. ========
Resolution for module '../lib/response' was found in cache from location 'd:/DOPAMS/Toystack/dopams-backend-staging/node_modules/aws-sdk/clients'.
======== Module name '../lib/response' was successfully resolved to 'd:/DOPAMS/Toystack/dopams-backend-staging/node_modules/aws-sdk/lib/response.d.ts' with Package ID 'aws-sdk/lib/response.d.ts@2.1693.0'. ========
======== Resolving module '../lib/error' from 'd:/DOPAMS/Toystack/dopams-backend-staging/node_modules/aws-sdk/clients/kendraranking.d.ts'. ========
Resolution for module '../lib/error' was found in cache from location 'd:/DOPAMS/Toystack/dopams-backend-staging/node_modules/aws-sdk/clients'.
======== Module name '../lib/error' was successfully resolved to 'd:/DOPAMS/Toystack/dopams-backend-staging/node_modules/aws-sdk/lib/error.d.ts' with Package ID 'aws-sdk/lib/error.d.ts@2.1693.0'. ========
======== Resolving module '../lib/service' from 'd:/DOPAMS/Toystack/dopams-backend-staging/node_modules/aws-sdk/clients/kendraranking.d.ts'. ========
Resolution for module '../lib/service' was found in cache from location 'd:/DOPAMS/Toystack/dopams-backend-staging/node_modules/aws-sdk/clients'.
======== Module name '../lib/service' was successfully resolved to 'd:/DOPAMS/Toystack/dopams-backend-staging/node_modules/aws-sdk/lib/service.d.ts' with Package ID 'aws-sdk/lib/service.d.ts@2.1693.0'. ========
======== Resolving module '../lib/config-base' from 'd:/DOPAMS/Toystack/dopams-backend-staging/node_modules/aws-sdk/clients/kendraranking.d.ts'. ========
Resolution for module '../lib/config-base' was found in cache from location 'd:/DOPAMS/Toystack/dopams-backend-staging/node_modules/aws-sdk/clients'.
======== Module name '../lib/config-base' was successfully resolved to 'd:/DOPAMS/Toystack/dopams-backend-staging/node_modules/aws-sdk/lib/config-base.d.ts' with Package ID 'aws-sdk/lib/config-base.d.ts@2.1693.0'. ========
File 'd:/DOPAMS/Toystack/dopams-backend-staging/node_modules/aws-sdk/clients/package.json' does not exist according to earlier cached lookups.
File 'd:/DOPAMS/Toystack/dopams-backend-staging/node_modules/aws-sdk/package.json' exists according to earlier cached lookups.
======== Resolving module '../lib/request' from 'd:/DOPAMS/Toystack/dopams-backend-staging/node_modules/aws-sdk/clients/cleanrooms.d.ts'. ========
Resolution for module '../lib/request' was found in cache from location 'd:/DOPAMS/Toystack/dopams-backend-staging/node_modules/aws-sdk/clients'.
======== Module name '../lib/request' was successfully resolved to 'd:/DOPAMS/Toystack/dopams-backend-staging/node_modules/aws-sdk/lib/request.d.ts' with Package ID 'aws-sdk/lib/request.d.ts@2.1693.0'. ========
======== Resolving module '../lib/response' from 'd:/DOPAMS/Toystack/dopams-backend-staging/node_modules/aws-sdk/clients/cleanrooms.d.ts'. ========
Resolution for module '../lib/response' was found in cache from location 'd:/DOPAMS/Toystack/dopams-backend-staging/node_modules/aws-sdk/clients'.
======== Module name '../lib/response' was successfully resolved to 'd:/DOPAMS/Toystack/dopams-backend-staging/node_modules/aws-sdk/lib/response.d.ts' with Package ID 'aws-sdk/lib/response.d.ts@2.1693.0'. ========
======== Resolving module '../lib/error' from 'd:/DOPAMS/Toystack/dopams-backend-staging/node_modules/aws-sdk/clients/cleanrooms.d.ts'. ========
Resolution for module '../lib/error' was found in cache from location 'd:/DOPAMS/Toystack/dopams-backend-staging/node_modules/aws-sdk/clients'.
======== Module name '../lib/error' was successfully resolved to 'd:/DOPAMS/Toystack/dopams-backend-staging/node_modules/aws-sdk/lib/error.d.ts' with Package ID 'aws-sdk/lib/error.d.ts@2.1693.0'. ========
======== Resolving module '../lib/service' from 'd:/DOPAMS/Toystack/dopams-backend-staging/node_modules/aws-sdk/clients/cleanrooms.d.ts'. ========
Resolution for module '../lib/service' was found in cache from location 'd:/DOPAMS/Toystack/dopams-backend-staging/node_modules/aws-sdk/clients'.
======== Module name '../lib/service' was successfully resolved to 'd:/DOPAMS/Toystack/dopams-backend-staging/node_modules/aws-sdk/lib/service.d.ts' with Package ID 'aws-sdk/lib/service.d.ts@2.1693.0'. ========
======== Resolving module '../lib/config-base' from 'd:/DOPAMS/Toystack/dopams-backend-staging/node_modules/aws-sdk/clients/cleanrooms.d.ts'. ========
Resolution for module '../lib/config-base' was found in cache from location 'd:/DOPAMS/Toystack/dopams-backend-staging/node_modules/aws-sdk/clients'.
======== Module name '../lib/config-base' was successfully resolved to 'd:/DOPAMS/Toystack/dopams-backend-staging/node_modules/aws-sdk/lib/config-base.d.ts' with Package ID 'aws-sdk/lib/config-base.d.ts@2.1693.0'. ========
File 'd:/DOPAMS/Toystack/dopams-backend-staging/node_modules/aws-sdk/clients/package.json' does not exist according to earlier cached lookups.
File 'd:/DOPAMS/Toystack/dopams-backend-staging/node_modules/aws-sdk/package.json' exists according to earlier cached lookups.
======== Resolving module '../lib/request' from 'd:/DOPAMS/Toystack/dopams-backend-staging/node_modules/aws-sdk/clients/cloudtraildata.d.ts'. ========
Resolution for module '../lib/request' was found in cache from location 'd:/DOPAMS/Toystack/dopams-backend-staging/node_modules/aws-sdk/clients'.
======== Module name '../lib/request' was successfully resolved to 'd:/DOPAMS/Toystack/dopams-backend-staging/node_modules/aws-sdk/lib/request.d.ts' with Package ID 'aws-sdk/lib/request.d.ts@2.1693.0'. ========
======== Resolving module '../lib/response' from 'd:/DOPAMS/Toystack/dopams-backend-staging/node_modules/aws-sdk/clients/cloudtraildata.d.ts'. ========
Resolution for module '../lib/response' was found in cache from location 'd:/DOPAMS/Toystack/dopams-backend-staging/node_modules/aws-sdk/clients'.
======== Module name '../lib/response' was successfully resolved to 'd:/DOPAMS/Toystack/dopams-backend-staging/node_modules/aws-sdk/lib/response.d.ts' with Package ID 'aws-sdk/lib/response.d.ts@2.1693.0'. ========
======== Resolving module '../lib/error' from 'd:/DOPAMS/Toystack/dopams-backend-staging/node_modules/aws-sdk/clients/cloudtraildata.d.ts'. ========
Resolution for module '../lib/error' was found in cache from location 'd:/DOPAMS/Toystack/dopams-backend-staging/node_modules/aws-sdk/clients'.
======== Module name '../lib/error' was successfully resolved to 'd:/DOPAMS/Toystack/dopams-backend-staging/node_modules/aws-sdk/lib/error.d.ts' with Package ID 'aws-sdk/lib/error.d.ts@2.1693.0'. ========
======== Resolving module '../lib/service' from 'd:/DOPAMS/Toystack/dopams-backend-staging/node_modules/aws-sdk/clients/cloudtraildata.d.ts'. ========
Resolution for module '../lib/service' was found in cache from location 'd:/DOPAMS/Toystack/dopams-backend-staging/node_modules/aws-sdk/clients'.
======== Module name '../lib/service' was successfully resolved to 'd:/DOPAMS/Toystack/dopams-backend-staging/node_modules/aws-sdk/lib/service.d.ts' with Package ID 'aws-sdk/lib/service.d.ts@2.1693.0'. ========
======== Resolving module '../lib/config-base' from 'd:/DOPAMS/Toystack/dopams-backend-staging/node_modules/aws-sdk/clients/cloudtraildata.d.ts'. ========
Resolution for module '../lib/config-base' was found in cache from location 'd:/DOPAMS/Toystack/dopams-backend-staging/node_modules/aws-sdk/clients'.
======== Module name '../lib/config-base' was successfully resolved to 'd:/DOPAMS/Toystack/dopams-backend-staging/node_modules/aws-sdk/lib/config-base.d.ts' with Package ID 'aws-sdk/lib/config-base.d.ts@2.1693.0'. ========
File 'd:/DOPAMS/Toystack/dopams-backend-staging/node_modules/aws-sdk/clients/package.json' does not exist according to earlier cached lookups.
File 'd:/DOPAMS/Toystack/dopams-backend-staging/node_modules/aws-sdk/package.json' exists according to earlier cached lookups.
======== Resolving module '../lib/request' from 'd:/DOPAMS/Toystack/dopams-backend-staging/node_modules/aws-sdk/clients/tnb.d.ts'. ========
Resolution for module '../lib/request' was found in cache from location 'd:/DOPAMS/Toystack/dopams-backend-staging/node_modules/aws-sdk/clients'.
======== Module name '../lib/request' was successfully resolved to 'd:/DOPAMS/Toystack/dopams-backend-staging/node_modules/aws-sdk/lib/request.d.ts' with Package ID 'aws-sdk/lib/request.d.ts@2.1693.0'. ========
======== Resolving module '../lib/response' from 'd:/DOPAMS/Toystack/dopams-backend-staging/node_modules/aws-sdk/clients/tnb.d.ts'. ========
Resolution for module '../lib/response' was found in cache from location 'd:/DOPAMS/Toystack/dopams-backend-staging/node_modules/aws-sdk/clients'.
======== Module name '../lib/response' was successfully resolved to 'd:/DOPAMS/Toystack/dopams-backend-staging/node_modules/aws-sdk/lib/response.d.ts' with Package ID 'aws-sdk/lib/response.d.ts@2.1693.0'. ========
======== Resolving module '../lib/error' from 'd:/DOPAMS/Toystack/dopams-backend-staging/node_modules/aws-sdk/clients/tnb.d.ts'. ========
Resolution for module '../lib/error' was found in cache from location 'd:/DOPAMS/Toystack/dopams-backend-staging/node_modules/aws-sdk/clients'.
======== Module name '../lib/error' was successfully resolved to 'd:/DOPAMS/Toystack/dopams-backend-staging/node_modules/aws-sdk/lib/error.d.ts' with Package ID 'aws-sdk/lib/error.d.ts@2.1693.0'. ========
======== Resolving module '../lib/service' from 'd:/DOPAMS/Toystack/dopams-backend-staging/node_modules/aws-sdk/clients/tnb.d.ts'. ========
Resolution for module '../lib/service' was found in cache from location 'd:/DOPAMS/Toystack/dopams-backend-staging/node_modules/aws-sdk/clients'.
======== Module name '../lib/service' was successfully resolved to 'd:/DOPAMS/Toystack/dopams-backend-staging/node_modules/aws-sdk/lib/service.d.ts' with Package ID 'aws-sdk/lib/service.d.ts@2.1693.0'. ========
======== Resolving module '../lib/config-base' from 'd:/DOPAMS/Toystack/dopams-backend-staging/node_modules/aws-sdk/clients/tnb.d.ts'. ========
Resolution for module '../lib/config-base' was found in cache from location 'd:/DOPAMS/Toystack/dopams-backend-staging/node_modules/aws-sdk/clients'.
======== Module name '../lib/config-base' was successfully resolved to 'd:/DOPAMS/Toystack/dopams-backend-staging/node_modules/aws-sdk/lib/config-base.d.ts' with Package ID 'aws-sdk/lib/config-base.d.ts@2.1693.0'. ========
File 'd:/DOPAMS/Toystack/dopams-backend-staging/node_modules/aws-sdk/clients/package.json' does not exist according to earlier cached lookups.
File 'd:/DOPAMS/Toystack/dopams-backend-staging/node_modules/aws-sdk/package.json' exists according to earlier cached lookups.
======== Resolving module '../lib/request' from 'd:/DOPAMS/Toystack/dopams-backend-staging/node_modules/aws-sdk/clients/internetmonitor.d.ts'. ========
Resolution for module '../lib/request' was found in cache from location 'd:/DOPAMS/Toystack/dopams-backend-staging/node_modules/aws-sdk/clients'.
======== Module name '../lib/request' was successfully resolved to 'd:/DOPAMS/Toystack/dopams-backend-staging/node_modules/aws-sdk/lib/request.d.ts' with Package ID 'aws-sdk/lib/request.d.ts@2.1693.0'. ========
======== Resolving module '../lib/response' from 'd:/DOPAMS/Toystack/dopams-backend-staging/node_modules/aws-sdk/clients/internetmonitor.d.ts'. ========
Resolution for module '../lib/response' was found in cache from location 'd:/DOPAMS/Toystack/dopams-backend-staging/node_modules/aws-sdk/clients'.
======== Module name '../lib/response' was successfully resolved to 'd:/DOPAMS/Toystack/dopams-backend-staging/node_modules/aws-sdk/lib/response.d.ts' with Package ID 'aws-sdk/lib/response.d.ts@2.1693.0'. ========
======== Resolving module '../lib/error' from 'd:/DOPAMS/Toystack/dopams-backend-staging/node_modules/aws-sdk/clients/internetmonitor.d.ts'. ========
Resolution for module '../lib/error' was found in cache from location 'd:/DOPAMS/Toystack/dopams-backend-staging/node_modules/aws-sdk/clients'.
======== Module name '../lib/error' was successfully resolved to 'd:/DOPAMS/Toystack/dopams-backend-staging/node_modules/aws-sdk/lib/error.d.ts' with Package ID 'aws-sdk/lib/error.d.ts@2.1693.0'. ========
======== Resolving module '../lib/service' from 'd:/DOPAMS/Toystack/dopams-backend-staging/node_modules/aws-sdk/clients/internetmonitor.d.ts'. ========
Resolution for module '../lib/service' was found in cache from location 'd:/DOPAMS/Toystack/dopams-backend-staging/node_modules/aws-sdk/clients'.
======== Module name '../lib/service' was successfully resolved to 'd:/DOPAMS/Toystack/dopams-backend-staging/node_modules/aws-sdk/lib/service.d.ts' with Package ID 'aws-sdk/lib/service.d.ts@2.1693.0'. ========
======== Resolving module '../lib/config-base' from 'd:/DOPAMS/Toystack/dopams-backend-staging/node_modules/aws-sdk/clients/internetmonitor.d.ts'. ========
Resolution for module '../lib/config-base' was found in cache from location 'd:/DOPAMS/Toystack/dopams-backend-staging/node_modules/aws-sdk/clients'.
======== Module name '../lib/config-base' was successfully resolved to 'd:/DOPAMS/Toystack/dopams-backend-staging/node_modules/aws-sdk/lib/config-base.d.ts' with Package ID 'aws-sdk/lib/config-base.d.ts@2.1693.0'. ========
File 'd:/DOPAMS/Toystack/dopams-backend-staging/node_modules/aws-sdk/clients/package.json' does not exist according to earlier cached lookups.
File 'd:/DOPAMS/Toystack/dopams-backend-staging/node_modules/aws-sdk/package.json' exists according to earlier cached lookups.
======== Resolving module '../lib/request' from 'd:/DOPAMS/Toystack/dopams-backend-staging/node_modules/aws-sdk/clients/ivsrealtime.d.ts'. ========
Resolution for module '../lib/request' was found in cache from location 'd:/DOPAMS/Toystack/dopams-backend-staging/node_modules/aws-sdk/clients'.
======== Module name '../lib/request' was successfully resolved to 'd:/DOPAMS/Toystack/dopams-backend-staging/node_modules/aws-sdk/lib/request.d.ts' with Package ID 'aws-sdk/lib/request.d.ts@2.1693.0'. ========
======== Resolving module '../lib/response' from 'd:/DOPAMS/Toystack/dopams-backend-staging/node_modules/aws-sdk/clients/ivsrealtime.d.ts'. ========
Resolution for module '../lib/response' was found in cache from location 'd:/DOPAMS/Toystack/dopams-backend-staging/node_modules/aws-sdk/clients'.
======== Module name '../lib/response' was successfully resolved to 'd:/DOPAMS/Toystack/dopams-backend-staging/node_modules/aws-sdk/lib/response.d.ts' with Package ID 'aws-sdk/lib/response.d.ts@2.1693.0'. ========
======== Resolving module '../lib/error' from 'd:/DOPAMS/Toystack/dopams-backend-staging/node_modules/aws-sdk/clients/ivsrealtime.d.ts'. ========
Resolution for module '../lib/error' was found in cache from location 'd:/DOPAMS/Toystack/dopams-backend-staging/node_modules/aws-sdk/clients'.
======== Module name '../lib/error' was successfully resolved to 'd:/DOPAMS/Toystack/dopams-backend-staging/node_modules/aws-sdk/lib/error.d.ts' with Package ID 'aws-sdk/lib/error.d.ts@2.1693.0'. ========
======== Resolving module '../lib/service' from 'd:/DOPAMS/Toystack/dopams-backend-staging/node_modules/aws-sdk/clients/ivsrealtime.d.ts'. ========
Resolution for module '../lib/service' was found in cache from location 'd:/DOPAMS/Toystack/dopams-backend-staging/node_modules/aws-sdk/clients'.
======== Module name '../lib/service' was successfully resolved to 'd:/DOPAMS/Toystack/dopams-backend-staging/node_modules/aws-sdk/lib/service.d.ts' with Package ID 'aws-sdk/lib/service.d.ts@2.1693.0'. ========
======== Resolving module '../lib/config-base' from 'd:/DOPAMS/Toystack/dopams-backend-staging/node_modules/aws-sdk/clients/ivsrealtime.d.ts'. ========
Resolution for module '../lib/config-base' was found in cache from location 'd:/DOPAMS/Toystack/dopams-backend-staging/node_modules/aws-sdk/clients'.
======== Module name '../lib/config-base' was successfully resolved to 'd:/DOPAMS/Toystack/dopams-backend-staging/node_modules/aws-sdk/lib/config-base.d.ts' with Package ID 'aws-sdk/lib/config-base.d.ts@2.1693.0'. ========
File 'd:/DOPAMS/Toystack/dopams-backend-staging/node_modules/aws-sdk/clients/package.json' does not exist according to earlier cached lookups.
File 'd:/DOPAMS/Toystack/dopams-backend-staging/node_modules/aws-sdk/package.json' exists according to earlier cached lookups.
======== Resolving module '../lib/request' from 'd:/DOPAMS/Toystack/dopams-backend-staging/node_modules/aws-sdk/clients/vpclattice.d.ts'. ========
Resolution for module '../lib/request' was found in cache from location 'd:/DOPAMS/Toystack/dopams-backend-staging/node_modules/aws-sdk/clients'.
======== Module name '../lib/request' was successfully resolved to 'd:/DOPAMS/Toystack/dopams-backend-staging/node_modules/aws-sdk/lib/request.d.ts' with Package ID 'aws-sdk/lib/request.d.ts@2.1693.0'. ========
======== Resolving module '../lib/response' from 'd:/DOPAMS/Toystack/dopams-backend-staging/node_modules/aws-sdk/clients/vpclattice.d.ts'. ========
Resolution for module '../lib/response' was found in cache from location 'd:/DOPAMS/Toystack/dopams-backend-staging/node_modules/aws-sdk/clients'.
======== Module name '../lib/response' was successfully resolved to 'd:/DOPAMS/Toystack/dopams-backend-staging/node_modules/aws-sdk/lib/response.d.ts' with Package ID 'aws-sdk/lib/response.d.ts@2.1693.0'. ========
======== Resolving module '../lib/error' from 'd:/DOPAMS/Toystack/dopams-backend-staging/node_modules/aws-sdk/clients/vpclattice.d.ts'. ========
Resolution for module '../lib/error' was found in cache from location 'd:/DOPAMS/Toystack/dopams-backend-staging/node_modules/aws-sdk/clients'.
======== Module name '../lib/error' was successfully resolved to 'd:/DOPAMS/Toystack/dopams-backend-staging/node_modules/aws-sdk/lib/error.d.ts' with Package ID 'aws-sdk/lib/error.d.ts@2.1693.0'. ========
======== Resolving module '../lib/service' from 'd:/DOPAMS/Toystack/dopams-backend-staging/node_modules/aws-sdk/clients/vpclattice.d.ts'. ========
Resolution for module '../lib/service' was found in cache from location 'd:/DOPAMS/Toystack/dopams-backend-staging/node_modules/aws-sdk/clients'.
======== Module name '../lib/service' was successfully resolved to 'd:/DOPAMS/Toystack/dopams-backend-staging/node_modules/aws-sdk/lib/service.d.ts' with Package ID 'aws-sdk/lib/service.d.ts@2.1693.0'. ========
======== Resolving module '../lib/config-base' from 'd:/DOPAMS/Toystack/dopams-backend-staging/node_modules/aws-sdk/clients/vpclattice.d.ts'. ========
Resolution for module '../lib/config-base' was found in cache from location 'd:/DOPAMS/Toystack/dopams-backend-staging/node_modules/aws-sdk/clients'.
======== Module name '../lib/config-base' was successfully resolved to 'd:/DOPAMS/Toystack/dopams-backend-staging/node_modules/aws-sdk/lib/config-base.d.ts' with Package ID 'aws-sdk/lib/config-base.d.ts@2.1693.0'. ========
File 'd:/DOPAMS/Toystack/dopams-backend-staging/node_modules/aws-sdk/clients/package.json' does not exist according to earlier cached lookups.
File 'd:/DOPAMS/Toystack/dopams-backend-staging/node_modules/aws-sdk/package.json' exists according to earlier cached lookups.
======== Resolving module '../lib/request' from 'd:/DOPAMS/Toystack/dopams-backend-staging/node_modules/aws-sdk/clients/osis.d.ts'. ========
Resolution for module '../lib/request' was found in cache from location 'd:/DOPAMS/Toystack/dopams-backend-staging/node_modules/aws-sdk/clients'.
======== Module name '../lib/request' was successfully resolved to 'd:/DOPAMS/Toystack/dopams-backend-staging/node_modules/aws-sdk/lib/request.d.ts' with Package ID 'aws-sdk/lib/request.d.ts@2.1693.0'. ========
======== Resolving module '../lib/response' from 'd:/DOPAMS/Toystack/dopams-backend-staging/node_modules/aws-sdk/clients/osis.d.ts'. ========
Resolution for module '../lib/response' was found in cache from location 'd:/DOPAMS/Toystack/dopams-backend-staging/node_modules/aws-sdk/clients'.
======== Module name '../lib/response' was successfully resolved to 'd:/DOPAMS/Toystack/dopams-backend-staging/node_modules/aws-sdk/lib/response.d.ts' with Package ID 'aws-sdk/lib/response.d.ts@2.1693.0'. ========
======== Resolving module '../lib/error' from 'd:/DOPAMS/Toystack/dopams-backend-staging/node_modules/aws-sdk/clients/osis.d.ts'. ========
Resolution for module '../lib/error' was found in cache from location 'd:/DOPAMS/Toystack/dopams-backend-staging/node_modules/aws-sdk/clients'.
======== Module name '../lib/error' was successfully resolved to 'd:/DOPAMS/Toystack/dopams-backend-staging/node_modules/aws-sdk/lib/error.d.ts' with Package ID 'aws-sdk/lib/error.d.ts@2.1693.0'. ========
======== Resolving module '../lib/service' from 'd:/DOPAMS/Toystack/dopams-backend-staging/node_modules/aws-sdk/clients/osis.d.ts'. ========
Resolution for module '../lib/service' was found in cache from location 'd:/DOPAMS/Toystack/dopams-backend-staging/node_modules/aws-sdk/clients'.
======== Module name '../lib/service' was successfully resolved to 'd:/DOPAMS/Toystack/dopams-backend-staging/node_modules/aws-sdk/lib/service.d.ts' with Package ID 'aws-sdk/lib/service.d.ts@2.1693.0'. ========
======== Resolving module '../lib/config-base' from 'd:/DOPAMS/Toystack/dopams-backend-staging/node_modules/aws-sdk/clients/osis.d.ts'. ========
Resolution for module '../lib/config-base' was found in cache from location 'd:/DOPAMS/Toystack/dopams-backend-staging/node_modules/aws-sdk/clients'.
======== Module name '../lib/config-base' was successfully resolved to 'd:/DOPAMS/Toystack/dopams-backend-staging/node_modules/aws-sdk/lib/config-base.d.ts' with Package ID 'aws-sdk/lib/config-base.d.ts@2.1693.0'. ========
File 'd:/DOPAMS/Toystack/dopams-backend-staging/node_modules/aws-sdk/clients/package.json' does not exist according to earlier cached lookups.
File 'd:/DOPAMS/Toystack/dopams-backend-staging/node_modules/aws-sdk/package.json' exists according to earlier cached lookups.
======== Resolving module '../lib/request' from 'd:/DOPAMS/Toystack/dopams-backend-staging/node_modules/aws-sdk/clients/mediapackagev2.d.ts'. ========
Resolution for module '../lib/request' was found in cache from location 'd:/DOPAMS/Toystack/dopams-backend-staging/node_modules/aws-sdk/clients'.
======== Module name '../lib/request' was successfully resolved to 'd:/DOPAMS/Toystack/dopams-backend-staging/node_modules/aws-sdk/lib/request.d.ts' with Package ID 'aws-sdk/lib/request.d.ts@2.1693.0'. ========
======== Resolving module '../lib/response' from 'd:/DOPAMS/Toystack/dopams-backend-staging/node_modules/aws-sdk/clients/mediapackagev2.d.ts'. ========
Resolution for module '../lib/response' was found in cache from location 'd:/DOPAMS/Toystack/dopams-backend-staging/node_modules/aws-sdk/clients'.
======== Module name '../lib/response' was successfully resolved to 'd:/DOPAMS/Toystack/dopams-backend-staging/node_modules/aws-sdk/lib/response.d.ts' with Package ID 'aws-sdk/lib/response.d.ts@2.1693.0'. ========
======== Resolving module '../lib/error' from 'd:/DOPAMS/Toystack/dopams-backend-staging/node_modules/aws-sdk/clients/mediapackagev2.d.ts'. ========
Resolution for module '../lib/error' was found in cache from location 'd:/DOPAMS/Toystack/dopams-backend-staging/node_modules/aws-sdk/clients'.
======== Module name '../lib/error' was successfully resolved to 'd:/DOPAMS/Toystack/dopams-backend-staging/node_modules/aws-sdk/lib/error.d.ts' with Package ID 'aws-sdk/lib/error.d.ts@2.1693.0'. ========
======== Resolving module '../lib/service' from 'd:/DOPAMS/Toystack/dopams-backend-staging/node_modules/aws-sdk/clients/mediapackagev2.d.ts'. ========
Resolution for module '../lib/service' was found in cache from location 'd:/DOPAMS/Toystack/dopams-backend-staging/node_modules/aws-sdk/clients'.
======== Module name '../lib/service' was successfully resolved to 'd:/DOPAMS/Toystack/dopams-backend-staging/node_modules/aws-sdk/lib/service.d.ts' with Package ID 'aws-sdk/lib/service.d.ts@2.1693.0'. ========
======== Resolving module '../lib/config-base' from 'd:/DOPAMS/Toystack/dopams-backend-staging/node_modules/aws-sdk/clients/mediapackagev2.d.ts'. ========
Resolution for module '../lib/config-base' was found in cache from location 'd:/DOPAMS/Toystack/dopams-backend-staging/node_modules/aws-sdk/clients'.
======== Module name '../lib/config-base' was successfully resolved to 'd:/DOPAMS/Toystack/dopams-backend-staging/node_modules/aws-sdk/lib/config-base.d.ts' with Package ID 'aws-sdk/lib/config-base.d.ts@2.1693.0'. ========
File 'd:/DOPAMS/Toystack/dopams-backend-staging/node_modules/aws-sdk/clients/package.json' does not exist according to earlier cached lookups.
File 'd:/DOPAMS/Toystack/dopams-backend-staging/node_modules/aws-sdk/package.json' exists according to earlier cached lookups.
======== Resolving module '../lib/request' from 'd:/DOPAMS/Toystack/dopams-backend-staging/node_modules/aws-sdk/clients/paymentcryptography.d.ts'. ========
Resolution for module '../lib/request' was found in cache from location 'd:/DOPAMS/Toystack/dopams-backend-staging/node_modules/aws-sdk/clients'.
======== Module name '../lib/request' was successfully resolved to 'd:/DOPAMS/Toystack/dopams-backend-staging/node_modules/aws-sdk/lib/request.d.ts' with Package ID 'aws-sdk/lib/request.d.ts@2.1693.0'. ========
======== Resolving module '../lib/response' from 'd:/DOPAMS/Toystack/dopams-backend-staging/node_modules/aws-sdk/clients/paymentcryptography.d.ts'. ========
Resolution for module '../lib/response' was found in cache from location 'd:/DOPAMS/Toystack/dopams-backend-staging/node_modules/aws-sdk/clients'.
======== Module name '../lib/response' was successfully resolved to 'd:/DOPAMS/Toystack/dopams-backend-staging/node_modules/aws-sdk/lib/response.d.ts' with Package ID 'aws-sdk/lib/response.d.ts@2.1693.0'. ========
======== Resolving module '../lib/error' from 'd:/DOPAMS/Toystack/dopams-backend-staging/node_modules/aws-sdk/clients/paymentcryptography.d.ts'. ========
Resolution for module '../lib/error' was found in cache from location 'd:/DOPAMS/Toystack/dopams-backend-staging/node_modules/aws-sdk/clients'.
======== Module name '../lib/error' was successfully resolved to 'd:/DOPAMS/Toystack/dopams-backend-staging/node_modules/aws-sdk/lib/error.d.ts' with Package ID 'aws-sdk/lib/error.d.ts@2.1693.0'. ========
======== Resolving module '../lib/service' from 'd:/DOPAMS/Toystack/dopams-backend-staging/node_modules/aws-sdk/clients/paymentcryptography.d.ts'. ========
Resolution for module '../lib/service' was found in cache from location 'd:/DOPAMS/Toystack/dopams-backend-staging/node_modules/aws-sdk/clients'.
======== Module name '../lib/service' was successfully resolved to 'd:/DOPAMS/Toystack/dopams-backend-staging/node_modules/aws-sdk/lib/service.d.ts' with Package ID 'aws-sdk/lib/service.d.ts@2.1693.0'. ========
======== Resolving module '../lib/config-base' from 'd:/DOPAMS/Toystack/dopams-backend-staging/node_modules/aws-sdk/clients/paymentcryptography.d.ts'. ========
Resolution for module '../lib/config-base' was found in cache from location 'd:/DOPAMS/Toystack/dopams-backend-staging/node_modules/aws-sdk/clients'.
======== Module name '../lib/config-base' was successfully resolved to 'd:/DOPAMS/Toystack/dopams-backend-staging/node_modules/aws-sdk/lib/config-base.d.ts' with Package ID 'aws-sdk/lib/config-base.d.ts@2.1693.0'. ========
File 'd:/DOPAMS/Toystack/dopams-backend-staging/node_modules/aws-sdk/clients/package.json' does not exist according to earlier cached lookups.
File 'd:/DOPAMS/Toystack/dopams-backend-staging/node_modules/aws-sdk/package.json' exists according to earlier cached lookups.
======== Resolving module '../lib/request' from 'd:/DOPAMS/Toystack/dopams-backend-staging/node_modules/aws-sdk/clients/paymentcryptographydata.d.ts'. ========
Resolution for module '../lib/request' was found in cache from location 'd:/DOPAMS/Toystack/dopams-backend-staging/node_modules/aws-sdk/clients'.
======== Module name '../lib/request' was successfully resolved to 'd:/DOPAMS/Toystack/dopams-backend-staging/node_modules/aws-sdk/lib/request.d.ts' with Package ID 'aws-sdk/lib/request.d.ts@2.1693.0'. ========
======== Resolving module '../lib/response' from 'd:/DOPAMS/Toystack/dopams-backend-staging/node_modules/aws-sdk/clients/paymentcryptographydata.d.ts'. ========
Resolution for module '../lib/response' was found in cache from location 'd:/DOPAMS/Toystack/dopams-backend-staging/node_modules/aws-sdk/clients'.
======== Module name '../lib/response' was successfully resolved to 'd:/DOPAMS/Toystack/dopams-backend-staging/node_modules/aws-sdk/lib/response.d.ts' with Package ID 'aws-sdk/lib/response.d.ts@2.1693.0'. ========
======== Resolving module '../lib/error' from 'd:/DOPAMS/Toystack/dopams-backend-staging/node_modules/aws-sdk/clients/paymentcryptographydata.d.ts'. ========
Resolution for module '../lib/error' was found in cache from location 'd:/DOPAMS/Toystack/dopams-backend-staging/node_modules/aws-sdk/clients'.
======== Module name '../lib/error' was successfully resolved to 'd:/DOPAMS/Toystack/dopams-backend-staging/node_modules/aws-sdk/lib/error.d.ts' with Package ID 'aws-sdk/lib/error.d.ts@2.1693.0'. ========
======== Resolving module '../lib/service' from 'd:/DOPAMS/Toystack/dopams-backend-staging/node_modules/aws-sdk/clients/paymentcryptographydata.d.ts'. ========
Resolution for module '../lib/service' was found in cache from location 'd:/DOPAMS/Toystack/dopams-backend-staging/node_modules/aws-sdk/clients'.
======== Module name '../lib/service' was successfully resolved to 'd:/DOPAMS/Toystack/dopams-backend-staging/node_modules/aws-sdk/lib/service.d.ts' with Package ID 'aws-sdk/lib/service.d.ts@2.1693.0'. ========
======== Resolving module '../lib/config-base' from 'd:/DOPAMS/Toystack/dopams-backend-staging/node_modules/aws-sdk/clients/paymentcryptographydata.d.ts'. ========
Resolution for module '../lib/config-base' was found in cache from location 'd:/DOPAMS/Toystack/dopams-backend-staging/node_modules/aws-sdk/clients'.
======== Module name '../lib/config-base' was successfully resolved to 'd:/DOPAMS/Toystack/dopams-backend-staging/node_modules/aws-sdk/lib/config-base.d.ts' with Package ID 'aws-sdk/lib/config-base.d.ts@2.1693.0'. ========
File 'd:/DOPAMS/Toystack/dopams-backend-staging/node_modules/aws-sdk/clients/package.json' does not exist according to earlier cached lookups.
File 'd:/DOPAMS/Toystack/dopams-backend-staging/node_modules/aws-sdk/package.json' exists according to earlier cached lookups.
======== Resolving module '../lib/request' from 'd:/DOPAMS/Toystack/dopams-backend-staging/node_modules/aws-sdk/clients/codegurusecurity.d.ts'. ========
Resolution for module '../lib/request' was found in cache from location 'd:/DOPAMS/Toystack/dopams-backend-staging/node_modules/aws-sdk/clients'.
======== Module name '../lib/request' was successfully resolved to 'd:/DOPAMS/Toystack/dopams-backend-staging/node_modules/aws-sdk/lib/request.d.ts' with Package ID 'aws-sdk/lib/request.d.ts@2.1693.0'. ========
======== Resolving module '../lib/response' from 'd:/DOPAMS/Toystack/dopams-backend-staging/node_modules/aws-sdk/clients/codegurusecurity.d.ts'. ========
Resolution for module '../lib/response' was found in cache from location 'd:/DOPAMS/Toystack/dopams-backend-staging/node_modules/aws-sdk/clients'.
======== Module name '../lib/response' was successfully resolved to 'd:/DOPAMS/Toystack/dopams-backend-staging/node_modules/aws-sdk/lib/response.d.ts' with Package ID 'aws-sdk/lib/response.d.ts@2.1693.0'. ========
======== Resolving module '../lib/error' from 'd:/DOPAMS/Toystack/dopams-backend-staging/node_modules/aws-sdk/clients/codegurusecurity.d.ts'. ========
Resolution for module '../lib/error' was found in cache from location 'd:/DOPAMS/Toystack/dopams-backend-staging/node_modules/aws-sdk/clients'.
======== Module name '../lib/error' was successfully resolved to 'd:/DOPAMS/Toystack/dopams-backend-staging/node_modules/aws-sdk/lib/error.d.ts' with Package ID 'aws-sdk/lib/error.d.ts@2.1693.0'. ========
======== Resolving module '../lib/service' from 'd:/DOPAMS/Toystack/dopams-backend-staging/node_modules/aws-sdk/clients/codegurusecurity.d.ts'. ========
Resolution for module '../lib/service' was found in cache from location 'd:/DOPAMS/Toystack/dopams-backend-staging/node_modules/aws-sdk/clients'.
======== Module name '../lib/service' was successfully resolved to 'd:/DOPAMS/Toystack/dopams-backend-staging/node_modules/aws-sdk/lib/service.d.ts' with Package ID 'aws-sdk/lib/service.d.ts@2.1693.0'. ========
======== Resolving module '../lib/config-base' from 'd:/DOPAMS/Toystack/dopams-backend-staging/node_modules/aws-sdk/clients/codegurusecurity.d.ts'. ========
Resolution for module '../lib/config-base' was found in cache from location 'd:/DOPAMS/Toystack/dopams-backend-staging/node_modules/aws-sdk/clients'.
======== Module name '../lib/config-base' was successfully resolved to 'd:/DOPAMS/Toystack/dopams-backend-staging/node_modules/aws-sdk/lib/config-base.d.ts' with Package ID 'aws-sdk/lib/config-base.d.ts@2.1693.0'. ========
File 'd:/DOPAMS/Toystack/dopams-backend-staging/node_modules/aws-sdk/clients/package.json' does not exist according to earlier cached lookups.
File 'd:/DOPAMS/Toystack/dopams-backend-staging/node_modules/aws-sdk/package.json' exists according to earlier cached lookups.
======== Resolving module '../lib/request' from 'd:/DOPAMS/Toystack/dopams-backend-staging/node_modules/aws-sdk/clients/verifiedpermissions.d.ts'. ========
Resolution for module '../lib/request' was found in cache from location 'd:/DOPAMS/Toystack/dopams-backend-staging/node_modules/aws-sdk/clients'.
======== Module name '../lib/request' was successfully resolved to 'd:/DOPAMS/Toystack/dopams-backend-staging/node_modules/aws-sdk/lib/request.d.ts' with Package ID 'aws-sdk/lib/request.d.ts@2.1693.0'. ========
======== Resolving module '../lib/response' from 'd:/DOPAMS/Toystack/dopams-backend-staging/node_modules/aws-sdk/clients/verifiedpermissions.d.ts'. ========
Resolution for module '../lib/response' was found in cache from location 'd:/DOPAMS/Toystack/dopams-backend-staging/node_modules/aws-sdk/clients'.
======== Module name '../lib/response' was successfully resolved to 'd:/DOPAMS/Toystack/dopams-backend-staging/node_modules/aws-sdk/lib/response.d.ts' with Package ID 'aws-sdk/lib/response.d.ts@2.1693.0'. ========
======== Resolving module '../lib/error' from 'd:/DOPAMS/Toystack/dopams-backend-staging/node_modules/aws-sdk/clients/verifiedpermissions.d.ts'. ========
Resolution for module '../lib/error' was found in cache from location 'd:/DOPAMS/Toystack/dopams-backend-staging/node_modules/aws-sdk/clients'.
======== Module name '../lib/error' was successfully resolved to 'd:/DOPAMS/Toystack/dopams-backend-staging/node_modules/aws-sdk/lib/error.d.ts' with Package ID 'aws-sdk/lib/error.d.ts@2.1693.0'. ========
======== Resolving module '../lib/service' from 'd:/DOPAMS/Toystack/dopams-backend-staging/node_modules/aws-sdk/clients/verifiedpermissions.d.ts'. ========
Resolution for module '../lib/service' was found in cache from location 'd:/DOPAMS/Toystack/dopams-backend-staging/node_modules/aws-sdk/clients'.
======== Module name '../lib/service' was successfully resolved to 'd:/DOPAMS/Toystack/dopams-backend-staging/node_modules/aws-sdk/lib/service.d.ts' with Package ID 'aws-sdk/lib/service.d.ts@2.1693.0'. ========
======== Resolving module '../lib/config-base' from 'd:/DOPAMS/Toystack/dopams-backend-staging/node_modules/aws-sdk/clients/verifiedpermissions.d.ts'. ========
Resolution for module '../lib/config-base' was found in cache from location 'd:/DOPAMS/Toystack/dopams-backend-staging/node_modules/aws-sdk/clients'.
======== Module name '../lib/config-base' was successfully resolved to 'd:/DOPAMS/Toystack/dopams-backend-staging/node_modules/aws-sdk/lib/config-base.d.ts' with Package ID 'aws-sdk/lib/config-base.d.ts@2.1693.0'. ========
File 'd:/DOPAMS/Toystack/dopams-backend-staging/node_modules/aws-sdk/clients/package.json' does not exist according to earlier cached lookups.
File 'd:/DOPAMS/Toystack/dopams-backend-staging/node_modules/aws-sdk/package.json' exists according to earlier cached lookups.
======== Resolving module '../lib/request' from 'd:/DOPAMS/Toystack/dopams-backend-staging/node_modules/aws-sdk/clients/appfabric.d.ts'. ========
Resolution for module '../lib/request' was found in cache from location 'd:/DOPAMS/Toystack/dopams-backend-staging/node_modules/aws-sdk/clients'.
======== Module name '../lib/request' was successfully resolved to 'd:/DOPAMS/Toystack/dopams-backend-staging/node_modules/aws-sdk/lib/request.d.ts' with Package ID 'aws-sdk/lib/request.d.ts@2.1693.0'. ========
======== Resolving module '../lib/response' from 'd:/DOPAMS/Toystack/dopams-backend-staging/node_modules/aws-sdk/clients/appfabric.d.ts'. ========
Resolution for module '../lib/response' was found in cache from location 'd:/DOPAMS/Toystack/dopams-backend-staging/node_modules/aws-sdk/clients'.
======== Module name '../lib/response' was successfully resolved to 'd:/DOPAMS/Toystack/dopams-backend-staging/node_modules/aws-sdk/lib/response.d.ts' with Package ID 'aws-sdk/lib/response.d.ts@2.1693.0'. ========
======== Resolving module '../lib/error' from 'd:/DOPAMS/Toystack/dopams-backend-staging/node_modules/aws-sdk/clients/appfabric.d.ts'. ========
Resolution for module '../lib/error' was found in cache from location 'd:/DOPAMS/Toystack/dopams-backend-staging/node_modules/aws-sdk/clients'.
======== Module name '../lib/error' was successfully resolved to 'd:/DOPAMS/Toystack/dopams-backend-staging/node_modules/aws-sdk/lib/error.d.ts' with Package ID 'aws-sdk/lib/error.d.ts@2.1693.0'. ========
======== Resolving module '../lib/service' from 'd:/DOPAMS/Toystack/dopams-backend-staging/node_modules/aws-sdk/clients/appfabric.d.ts'. ========
Resolution for module '../lib/service' was found in cache from location 'd:/DOPAMS/Toystack/dopams-backend-staging/node_modules/aws-sdk/clients'.
======== Module name '../lib/service' was successfully resolved to 'd:/DOPAMS/Toystack/dopams-backend-staging/node_modules/aws-sdk/lib/service.d.ts' with Package ID 'aws-sdk/lib/service.d.ts@2.1693.0'. ========
======== Resolving module '../lib/config-base' from 'd:/DOPAMS/Toystack/dopams-backend-staging/node_modules/aws-sdk/clients/appfabric.d.ts'. ========
Resolution for module '../lib/config-base' was found in cache from location 'd:/DOPAMS/Toystack/dopams-backend-staging/node_modules/aws-sdk/clients'.
======== Module name '../lib/config-base' was successfully resolved to 'd:/DOPAMS/Toystack/dopams-backend-staging/node_modules/aws-sdk/lib/config-base.d.ts' with Package ID 'aws-sdk/lib/config-base.d.ts@2.1693.0'. ========
File 'd:/DOPAMS/Toystack/dopams-backend-staging/node_modules/aws-sdk/clients/package.json' does not exist according to earlier cached lookups.
File 'd:/DOPAMS/Toystack/dopams-backend-staging/node_modules/aws-sdk/package.json' exists according to earlier cached lookups.
======== Resolving module '../lib/request' from 'd:/DOPAMS/Toystack/dopams-backend-staging/node_modules/aws-sdk/clients/medicalimaging.d.ts'. ========
Resolution for module '../lib/request' was found in cache from location 'd:/DOPAMS/Toystack/dopams-backend-staging/node_modules/aws-sdk/clients'.
======== Module name '../lib/request' was successfully resolved to 'd:/DOPAMS/Toystack/dopams-backend-staging/node_modules/aws-sdk/lib/request.d.ts' with Package ID 'aws-sdk/lib/request.d.ts@2.1693.0'. ========
======== Resolving module '../lib/response' from 'd:/DOPAMS/Toystack/dopams-backend-staging/node_modules/aws-sdk/clients/medicalimaging.d.ts'. ========
Resolution for module '../lib/response' was found in cache from location 'd:/DOPAMS/Toystack/dopams-backend-staging/node_modules/aws-sdk/clients'.
======== Module name '../lib/response' was successfully resolved to 'd:/DOPAMS/Toystack/dopams-backend-staging/node_modules/aws-sdk/lib/response.d.ts' with Package ID 'aws-sdk/lib/response.d.ts@2.1693.0'. ========
======== Resolving module '../lib/error' from 'd:/DOPAMS/Toystack/dopams-backend-staging/node_modules/aws-sdk/clients/medicalimaging.d.ts'. ========
Resolution for module '../lib/error' was found in cache from location 'd:/DOPAMS/Toystack/dopams-backend-staging/node_modules/aws-sdk/clients'.
======== Module name '../lib/error' was successfully resolved to 'd:/DOPAMS/Toystack/dopams-backend-staging/node_modules/aws-sdk/lib/error.d.ts' with Package ID 'aws-sdk/lib/error.d.ts@2.1693.0'. ========
======== Resolving module '../lib/service' from 'd:/DOPAMS/Toystack/dopams-backend-staging/node_modules/aws-sdk/clients/medicalimaging.d.ts'. ========
Resolution for module '../lib/service' was found in cache from location 'd:/DOPAMS/Toystack/dopams-backend-staging/node_modules/aws-sdk/clients'.
======== Module name '../lib/service' was successfully resolved to 'd:/DOPAMS/Toystack/dopams-backend-staging/node_modules/aws-sdk/lib/service.d.ts' with Package ID 'aws-sdk/lib/service.d.ts@2.1693.0'. ========
======== Resolving module '../lib/config-base' from 'd:/DOPAMS/Toystack/dopams-backend-staging/node_modules/aws-sdk/clients/medicalimaging.d.ts'. ========
Resolution for module '../lib/config-base' was found in cache from location 'd:/DOPAMS/Toystack/dopams-backend-staging/node_modules/aws-sdk/clients'.
======== Module name '../lib/config-base' was successfully resolved to 'd:/DOPAMS/Toystack/dopams-backend-staging/node_modules/aws-sdk/lib/config-base.d.ts' with Package ID 'aws-sdk/lib/config-base.d.ts@2.1693.0'. ========
======== Resolving module 'stream' from 'd:/DOPAMS/Toystack/dopams-backend-staging/node_modules/aws-sdk/clients/medicalimaging.d.ts'. ========
Resolution for module 'stream' was found in cache from location 'd:/DOPAMS/Toystack/dopams-backend-staging/node_modules/aws-sdk/clients'.
======== Module name 'stream' was not resolved. ========
File 'd:/DOPAMS/Toystack/dopams-backend-staging/node_modules/aws-sdk/clients/package.json' does not exist according to earlier cached lookups.
File 'd:/DOPAMS/Toystack/dopams-backend-staging/node_modules/aws-sdk/package.json' exists according to earlier cached lookups.
======== Resolving module '../lib/request' from 'd:/DOPAMS/Toystack/dopams-backend-staging/node_modules/aws-sdk/clients/entityresolution.d.ts'. ========
Resolution for module '../lib/request' was found in cache from location 'd:/DOPAMS/Toystack/dopams-backend-staging/node_modules/aws-sdk/clients'.
======== Module name '../lib/request' was successfully resolved to 'd:/DOPAMS/Toystack/dopams-backend-staging/node_modules/aws-sdk/lib/request.d.ts' with Package ID 'aws-sdk/lib/request.d.ts@2.1693.0'. ========
======== Resolving module '../lib/response' from 'd:/DOPAMS/Toystack/dopams-backend-staging/node_modules/aws-sdk/clients/entityresolution.d.ts'. ========
Resolution for module '../lib/response' was found in cache from location 'd:/DOPAMS/Toystack/dopams-backend-staging/node_modules/aws-sdk/clients'.
======== Module name '../lib/response' was successfully resolved to 'd:/DOPAMS/Toystack/dopams-backend-staging/node_modules/aws-sdk/lib/response.d.ts' with Package ID 'aws-sdk/lib/response.d.ts@2.1693.0'. ========
======== Resolving module '../lib/error' from 'd:/DOPAMS/Toystack/dopams-backend-staging/node_modules/aws-sdk/clients/entityresolution.d.ts'. ========
Resolution for module '../lib/error' was found in cache from location 'd:/DOPAMS/Toystack/dopams-backend-staging/node_modules/aws-sdk/clients'.
======== Module name '../lib/error' was successfully resolved to 'd:/DOPAMS/Toystack/dopams-backend-staging/node_modules/aws-sdk/lib/error.d.ts' with Package ID 'aws-sdk/lib/error.d.ts@2.1693.0'. ========
======== Resolving module '../lib/service' from 'd:/DOPAMS/Toystack/dopams-backend-staging/node_modules/aws-sdk/clients/entityresolution.d.ts'. ========
Resolution for module '../lib/service' was found in cache from location 'd:/DOPAMS/Toystack/dopams-backend-staging/node_modules/aws-sdk/clients'.
======== Module name '../lib/service' was successfully resolved to 'd:/DOPAMS/Toystack/dopams-backend-staging/node_modules/aws-sdk/lib/service.d.ts' with Package ID 'aws-sdk/lib/service.d.ts@2.1693.0'. ========
======== Resolving module '../lib/config-base' from 'd:/DOPAMS/Toystack/dopams-backend-staging/node_modules/aws-sdk/clients/entityresolution.d.ts'. ========
Resolution for module '../lib/config-base' was found in cache from location 'd:/DOPAMS/Toystack/dopams-backend-staging/node_modules/aws-sdk/clients'.
======== Module name '../lib/config-base' was successfully resolved to 'd:/DOPAMS/Toystack/dopams-backend-staging/node_modules/aws-sdk/lib/config-base.d.ts' with Package ID 'aws-sdk/lib/config-base.d.ts@2.1693.0'. ========
File 'd:/DOPAMS/Toystack/dopams-backend-staging/node_modules/aws-sdk/clients/package.json' does not exist according to earlier cached lookups.
File 'd:/DOPAMS/Toystack/dopams-backend-staging/node_modules/aws-sdk/package.json' exists according to earlier cached lookups.
======== Resolving module '../lib/request' from 'd:/DOPAMS/Toystack/dopams-backend-staging/node_modules/aws-sdk/clients/managedblockchainquery.d.ts'. ========
Resolution for module '../lib/request' was found in cache from location 'd:/DOPAMS/Toystack/dopams-backend-staging/node_modules/aws-sdk/clients'.
======== Module name '../lib/request' was successfully resolved to 'd:/DOPAMS/Toystack/dopams-backend-staging/node_modules/aws-sdk/lib/request.d.ts' with Package ID 'aws-sdk/lib/request.d.ts@2.1693.0'. ========
======== Resolving module '../lib/response' from 'd:/DOPAMS/Toystack/dopams-backend-staging/node_modules/aws-sdk/clients/managedblockchainquery.d.ts'. ========
Resolution for module '../lib/response' was found in cache from location 'd:/DOPAMS/Toystack/dopams-backend-staging/node_modules/aws-sdk/clients'.
======== Module name '../lib/response' was successfully resolved to 'd:/DOPAMS/Toystack/dopams-backend-staging/node_modules/aws-sdk/lib/response.d.ts' with Package ID 'aws-sdk/lib/response.d.ts@2.1693.0'. ========
======== Resolving module '../lib/error' from 'd:/DOPAMS/Toystack/dopams-backend-staging/node_modules/aws-sdk/clients/managedblockchainquery.d.ts'. ========
Resolution for module '../lib/error' was found in cache from location 'd:/DOPAMS/Toystack/dopams-backend-staging/node_modules/aws-sdk/clients'.
======== Module name '../lib/error' was successfully resolved to 'd:/DOPAMS/Toystack/dopams-backend-staging/node_modules/aws-sdk/lib/error.d.ts' with Package ID 'aws-sdk/lib/error.d.ts@2.1693.0'. ========
======== Resolving module '../lib/service' from 'd:/DOPAMS/Toystack/dopams-backend-staging/node_modules/aws-sdk/clients/managedblockchainquery.d.ts'. ========
Resolution for module '../lib/service' was found in cache from location 'd:/DOPAMS/Toystack/dopams-backend-staging/node_modules/aws-sdk/clients'.
======== Module name '../lib/service' was successfully resolved to 'd:/DOPAMS/Toystack/dopams-backend-staging/node_modules/aws-sdk/lib/service.d.ts' with Package ID 'aws-sdk/lib/service.d.ts@2.1693.0'. ========
======== Resolving module '../lib/config-base' from 'd:/DOPAMS/Toystack/dopams-backend-staging/node_modules/aws-sdk/clients/managedblockchainquery.d.ts'. ========
Resolution for module '../lib/config-base' was found in cache from location 'd:/DOPAMS/Toystack/dopams-backend-staging/node_modules/aws-sdk/clients'.
======== Module name '../lib/config-base' was successfully resolved to 'd:/DOPAMS/Toystack/dopams-backend-staging/node_modules/aws-sdk/lib/config-base.d.ts' with Package ID 'aws-sdk/lib/config-base.d.ts@2.1693.0'. ========
File 'd:/DOPAMS/Toystack/dopams-backend-staging/node_modules/aws-sdk/clients/package.json' does not exist according to earlier cached lookups.
File 'd:/DOPAMS/Toystack/dopams-backend-staging/node_modules/aws-sdk/package.json' exists according to earlier cached lookups.
======== Resolving module '../lib/request' from 'd:/DOPAMS/Toystack/dopams-backend-staging/node_modules/aws-sdk/clients/neptunedata.d.ts'. ========
Resolution for module '../lib/request' was found in cache from location 'd:/DOPAMS/Toystack/dopams-backend-staging/node_modules/aws-sdk/clients'.
======== Module name '../lib/request' was successfully resolved to 'd:/DOPAMS/Toystack/dopams-backend-staging/node_modules/aws-sdk/lib/request.d.ts' with Package ID 'aws-sdk/lib/request.d.ts@2.1693.0'. ========
======== Resolving module '../lib/response' from 'd:/DOPAMS/Toystack/dopams-backend-staging/node_modules/aws-sdk/clients/neptunedata.d.ts'. ========
Resolution for module '../lib/response' was found in cache from location 'd:/DOPAMS/Toystack/dopams-backend-staging/node_modules/aws-sdk/clients'.
======== Module name '../lib/response' was successfully resolved to 'd:/DOPAMS/Toystack/dopams-backend-staging/node_modules/aws-sdk/lib/response.d.ts' with Package ID 'aws-sdk/lib/response.d.ts@2.1693.0'. ========
======== Resolving module '../lib/error' from 'd:/DOPAMS/Toystack/dopams-backend-staging/node_modules/aws-sdk/clients/neptunedata.d.ts'. ========
Resolution for module '../lib/error' was found in cache from location 'd:/DOPAMS/Toystack/dopams-backend-staging/node_modules/aws-sdk/clients'.
======== Module name '../lib/error' was successfully resolved to 'd:/DOPAMS/Toystack/dopams-backend-staging/node_modules/aws-sdk/lib/error.d.ts' with Package ID 'aws-sdk/lib/error.d.ts@2.1693.0'. ========
======== Resolving module '../lib/service' from 'd:/DOPAMS/Toystack/dopams-backend-staging/node_modules/aws-sdk/clients/neptunedata.d.ts'. ========
Resolution for module '../lib/service' was found in cache from location 'd:/DOPAMS/Toystack/dopams-backend-staging/node_modules/aws-sdk/clients'.
======== Module name '../lib/service' was successfully resolved to 'd:/DOPAMS/Toystack/dopams-backend-staging/node_modules/aws-sdk/lib/service.d.ts' with Package ID 'aws-sdk/lib/service.d.ts@2.1693.0'. ========
======== Resolving module '../lib/config-base' from 'd:/DOPAMS/Toystack/dopams-backend-staging/node_modules/aws-sdk/clients/neptunedata.d.ts'. ========
Resolution for module '../lib/config-base' was found in cache from location 'd:/DOPAMS/Toystack/dopams-backend-staging/node_modules/aws-sdk/clients'.
======== Module name '../lib/config-base' was successfully resolved to 'd:/DOPAMS/Toystack/dopams-backend-staging/node_modules/aws-sdk/lib/config-base.d.ts' with Package ID 'aws-sdk/lib/config-base.d.ts@2.1693.0'. ========
File 'd:/DOPAMS/Toystack/dopams-backend-staging/node_modules/aws-sdk/clients/package.json' does not exist according to earlier cached lookups.
File 'd:/DOPAMS/Toystack/dopams-backend-staging/node_modules/aws-sdk/package.json' exists according to earlier cached lookups.
======== Resolving module '../lib/request' from 'd:/DOPAMS/Toystack/dopams-backend-staging/node_modules/aws-sdk/clients/pcaconnectorad.d.ts'. ========
Resolution for module '../lib/request' was found in cache from location 'd:/DOPAMS/Toystack/dopams-backend-staging/node_modules/aws-sdk/clients'.
======== Module name '../lib/request' was successfully resolved to 'd:/DOPAMS/Toystack/dopams-backend-staging/node_modules/aws-sdk/lib/request.d.ts' with Package ID 'aws-sdk/lib/request.d.ts@2.1693.0'. ========
======== Resolving module '../lib/response' from 'd:/DOPAMS/Toystack/dopams-backend-staging/node_modules/aws-sdk/clients/pcaconnectorad.d.ts'. ========
Resolution for module '../lib/response' was found in cache from location 'd:/DOPAMS/Toystack/dopams-backend-staging/node_modules/aws-sdk/clients'.
======== Module name '../lib/response' was successfully resolved to 'd:/DOPAMS/Toystack/dopams-backend-staging/node_modules/aws-sdk/lib/response.d.ts' with Package ID 'aws-sdk/lib/response.d.ts@2.1693.0'. ========
======== Resolving module '../lib/error' from 'd:/DOPAMS/Toystack/dopams-backend-staging/node_modules/aws-sdk/clients/pcaconnectorad.d.ts'. ========
Resolution for module '../lib/error' was found in cache from location 'd:/DOPAMS/Toystack/dopams-backend-staging/node_modules/aws-sdk/clients'.
======== Module name '../lib/error' was successfully resolved to 'd:/DOPAMS/Toystack/dopams-backend-staging/node_modules/aws-sdk/lib/error.d.ts' with Package ID 'aws-sdk/lib/error.d.ts@2.1693.0'. ========
======== Resolving module '../lib/service' from 'd:/DOPAMS/Toystack/dopams-backend-staging/node_modules/aws-sdk/clients/pcaconnectorad.d.ts'. ========
Resolution for module '../lib/service' was found in cache from location 'd:/DOPAMS/Toystack/dopams-backend-staging/node_modules/aws-sdk/clients'.
======== Module name '../lib/service' was successfully resolved to 'd:/DOPAMS/Toystack/dopams-backend-staging/node_modules/aws-sdk/lib/service.d.ts' with Package ID 'aws-sdk/lib/service.d.ts@2.1693.0'. ========
======== Resolving module '../lib/config-base' from 'd:/DOPAMS/Toystack/dopams-backend-staging/node_modules/aws-sdk/clients/pcaconnectorad.d.ts'. ========
Resolution for module '../lib/config-base' was found in cache from location 'd:/DOPAMS/Toystack/dopams-backend-staging/node_modules/aws-sdk/clients'.
======== Module name '../lib/config-base' was successfully resolved to 'd:/DOPAMS/Toystack/dopams-backend-staging/node_modules/aws-sdk/lib/config-base.d.ts' with Package ID 'aws-sdk/lib/config-base.d.ts@2.1693.0'. ========
File 'd:/DOPAMS/Toystack/dopams-backend-staging/node_modules/aws-sdk/clients/package.json' does not exist according to earlier cached lookups.
File 'd:/DOPAMS/Toystack/dopams-backend-staging/node_modules/aws-sdk/package.json' exists according to earlier cached lookups.
======== Resolving module '../lib/request' from 'd:/DOPAMS/Toystack/dopams-backend-staging/node_modules/aws-sdk/clients/bedrock.d.ts'. ========
Resolution for module '../lib/request' was found in cache from location 'd:/DOPAMS/Toystack/dopams-backend-staging/node_modules/aws-sdk/clients'.
======== Module name '../lib/request' was successfully resolved to 'd:/DOPAMS/Toystack/dopams-backend-staging/node_modules/aws-sdk/lib/request.d.ts' with Package ID 'aws-sdk/lib/request.d.ts@2.1693.0'. ========
======== Resolving module '../lib/response' from 'd:/DOPAMS/Toystack/dopams-backend-staging/node_modules/aws-sdk/clients/bedrock.d.ts'. ========
Resolution for module '../lib/response' was found in cache from location 'd:/DOPAMS/Toystack/dopams-backend-staging/node_modules/aws-sdk/clients'.
======== Module name '../lib/response' was successfully resolved to 'd:/DOPAMS/Toystack/dopams-backend-staging/node_modules/aws-sdk/lib/response.d.ts' with Package ID 'aws-sdk/lib/response.d.ts@2.1693.0'. ========
======== Resolving module '../lib/error' from 'd:/DOPAMS/Toystack/dopams-backend-staging/node_modules/aws-sdk/clients/bedrock.d.ts'. ========
Resolution for module '../lib/error' was found in cache from location 'd:/DOPAMS/Toystack/dopams-backend-staging/node_modules/aws-sdk/clients'.
======== Module name '../lib/error' was successfully resolved to 'd:/DOPAMS/Toystack/dopams-backend-staging/node_modules/aws-sdk/lib/error.d.ts' with Package ID 'aws-sdk/lib/error.d.ts@2.1693.0'. ========
======== Resolving module '../lib/service' from 'd:/DOPAMS/Toystack/dopams-backend-staging/node_modules/aws-sdk/clients/bedrock.d.ts'. ========
Resolution for module '../lib/service' was found in cache from location 'd:/DOPAMS/Toystack/dopams-backend-staging/node_modules/aws-sdk/clients'.
======== Module name '../lib/service' was successfully resolved to 'd:/DOPAMS/Toystack/dopams-backend-staging/node_modules/aws-sdk/lib/service.d.ts' with Package ID 'aws-sdk/lib/service.d.ts@2.1693.0'. ========
======== Resolving module '../lib/config-base' from 'd:/DOPAMS/Toystack/dopams-backend-staging/node_modules/aws-sdk/clients/bedrock.d.ts'. ========
Resolution for module '../lib/config-base' was found in cache from location 'd:/DOPAMS/Toystack/dopams-backend-staging/node_modules/aws-sdk/clients'.
======== Module name '../lib/config-base' was successfully resolved to 'd:/DOPAMS/Toystack/dopams-backend-staging/node_modules/aws-sdk/lib/config-base.d.ts' with Package ID 'aws-sdk/lib/config-base.d.ts@2.1693.0'. ========
File 'd:/DOPAMS/Toystack/dopams-backend-staging/node_modules/aws-sdk/clients/package.json' does not exist according to earlier cached lookups.
File 'd:/DOPAMS/Toystack/dopams-backend-staging/node_modules/aws-sdk/package.json' exists according to earlier cached lookups.
======== Resolving module '../lib/request' from 'd:/DOPAMS/Toystack/dopams-backend-staging/node_modules/aws-sdk/clients/bedrockruntime.d.ts'. ========
Resolution for module '../lib/request' was found in cache from location 'd:/DOPAMS/Toystack/dopams-backend-staging/node_modules/aws-sdk/clients'.
======== Module name '../lib/request' was successfully resolved to 'd:/DOPAMS/Toystack/dopams-backend-staging/node_modules/aws-sdk/lib/request.d.ts' with Package ID 'aws-sdk/lib/request.d.ts@2.1693.0'. ========
======== Resolving module '../lib/response' from 'd:/DOPAMS/Toystack/dopams-backend-staging/node_modules/aws-sdk/clients/bedrockruntime.d.ts'. ========
Resolution for module '../lib/response' was found in cache from location 'd:/DOPAMS/Toystack/dopams-backend-staging/node_modules/aws-sdk/clients'.
======== Module name '../lib/response' was successfully resolved to 'd:/DOPAMS/Toystack/dopams-backend-staging/node_modules/aws-sdk/lib/response.d.ts' with Package ID 'aws-sdk/lib/response.d.ts@2.1693.0'. ========
======== Resolving module '../lib/error' from 'd:/DOPAMS/Toystack/dopams-backend-staging/node_modules/aws-sdk/clients/bedrockruntime.d.ts'. ========
Resolution for module '../lib/error' was found in cache from location 'd:/DOPAMS/Toystack/dopams-backend-staging/node_modules/aws-sdk/clients'.
======== Module name '../lib/error' was successfully resolved to 'd:/DOPAMS/Toystack/dopams-backend-staging/node_modules/aws-sdk/lib/error.d.ts' with Package ID 'aws-sdk/lib/error.d.ts@2.1693.0'. ========
======== Resolving module '../lib/service' from 'd:/DOPAMS/Toystack/dopams-backend-staging/node_modules/aws-sdk/clients/bedrockruntime.d.ts'. ========
Resolution for module '../lib/service' was found in cache from location 'd:/DOPAMS/Toystack/dopams-backend-staging/node_modules/aws-sdk/clients'.
======== Module name '../lib/service' was successfully resolved to 'd:/DOPAMS/Toystack/dopams-backend-staging/node_modules/aws-sdk/lib/service.d.ts' with Package ID 'aws-sdk/lib/service.d.ts@2.1693.0'. ========
======== Resolving module '../lib/config-base' from 'd:/DOPAMS/Toystack/dopams-backend-staging/node_modules/aws-sdk/clients/bedrockruntime.d.ts'. ========
Resolution for module '../lib/config-base' was found in cache from location 'd:/DOPAMS/Toystack/dopams-backend-staging/node_modules/aws-sdk/clients'.
======== Module name '../lib/config-base' was successfully resolved to 'd:/DOPAMS/Toystack/dopams-backend-staging/node_modules/aws-sdk/lib/config-base.d.ts' with Package ID 'aws-sdk/lib/config-base.d.ts@2.1693.0'. ========
======== Resolving module '../lib/event-stream/event-stream' from 'd:/DOPAMS/Toystack/dopams-backend-staging/node_modules/aws-sdk/clients/bedrockruntime.d.ts'. ========
Resolution for module '../lib/event-stream/event-stream' was found in cache from location 'd:/DOPAMS/Toystack/dopams-backend-staging/node_modules/aws-sdk/clients'.
======== Module name '../lib/event-stream/event-stream' was successfully resolved to 'd:/DOPAMS/Toystack/dopams-backend-staging/node_modules/aws-sdk/lib/event-stream/event-stream.d.ts' with Package ID 'aws-sdk/lib/event-stream/event-stream.d.ts@2.1693.0'. ========
File 'd:/DOPAMS/Toystack/dopams-backend-staging/node_modules/aws-sdk/clients/package.json' does not exist according to earlier cached lookups.
File 'd:/DOPAMS/Toystack/dopams-backend-staging/node_modules/aws-sdk/package.json' exists according to earlier cached lookups.
======== Resolving module '../lib/request' from 'd:/DOPAMS/Toystack/dopams-backend-staging/node_modules/aws-sdk/clients/datazone.d.ts'. ========
Resolution for module '../lib/request' was found in cache from location 'd:/DOPAMS/Toystack/dopams-backend-staging/node_modules/aws-sdk/clients'.
======== Module name '../lib/request' was successfully resolved to 'd:/DOPAMS/Toystack/dopams-backend-staging/node_modules/aws-sdk/lib/request.d.ts' with Package ID 'aws-sdk/lib/request.d.ts@2.1693.0'. ========
======== Resolving module '../lib/response' from 'd:/DOPAMS/Toystack/dopams-backend-staging/node_modules/aws-sdk/clients/datazone.d.ts'. ========
Resolution for module '../lib/response' was found in cache from location 'd:/DOPAMS/Toystack/dopams-backend-staging/node_modules/aws-sdk/clients'.
======== Module name '../lib/response' was successfully resolved to 'd:/DOPAMS/Toystack/dopams-backend-staging/node_modules/aws-sdk/lib/response.d.ts' with Package ID 'aws-sdk/lib/response.d.ts@2.1693.0'. ========
======== Resolving module '../lib/error' from 'd:/DOPAMS/Toystack/dopams-backend-staging/node_modules/aws-sdk/clients/datazone.d.ts'. ========
Resolution for module '../lib/error' was found in cache from location 'd:/DOPAMS/Toystack/dopams-backend-staging/node_modules/aws-sdk/clients'.
======== Module name '../lib/error' was successfully resolved to 'd:/DOPAMS/Toystack/dopams-backend-staging/node_modules/aws-sdk/lib/error.d.ts' with Package ID 'aws-sdk/lib/error.d.ts@2.1693.0'. ========
======== Resolving module '../lib/service' from 'd:/DOPAMS/Toystack/dopams-backend-staging/node_modules/aws-sdk/clients/datazone.d.ts'. ========
Resolution for module '../lib/service' was found in cache from location 'd:/DOPAMS/Toystack/dopams-backend-staging/node_modules/aws-sdk/clients'.
======== Module name '../lib/service' was successfully resolved to 'd:/DOPAMS/Toystack/dopams-backend-staging/node_modules/aws-sdk/lib/service.d.ts' with Package ID 'aws-sdk/lib/service.d.ts@2.1693.0'. ========
======== Resolving module '../lib/config-base' from 'd:/DOPAMS/Toystack/dopams-backend-staging/node_modules/aws-sdk/clients/datazone.d.ts'. ========
Resolution for module '../lib/config-base' was found in cache from location 'd:/DOPAMS/Toystack/dopams-backend-staging/node_modules/aws-sdk/clients'.
======== Module name '../lib/config-base' was successfully resolved to 'd:/DOPAMS/Toystack/dopams-backend-staging/node_modules/aws-sdk/lib/config-base.d.ts' with Package ID 'aws-sdk/lib/config-base.d.ts@2.1693.0'. ========
File 'd:/DOPAMS/Toystack/dopams-backend-staging/node_modules/aws-sdk/clients/package.json' does not exist according to earlier cached lookups.
File 'd:/DOPAMS/Toystack/dopams-backend-staging/node_modules/aws-sdk/package.json' exists according to earlier cached lookups.
======== Resolving module '../lib/request' from 'd:/DOPAMS/Toystack/dopams-backend-staging/node_modules/aws-sdk/clients/launchwizard.d.ts'. ========
Resolution for module '../lib/request' was found in cache from location 'd:/DOPAMS/Toystack/dopams-backend-staging/node_modules/aws-sdk/clients'.
======== Module name '../lib/request' was successfully resolved to 'd:/DOPAMS/Toystack/dopams-backend-staging/node_modules/aws-sdk/lib/request.d.ts' with Package ID 'aws-sdk/lib/request.d.ts@2.1693.0'. ========
======== Resolving module '../lib/response' from 'd:/DOPAMS/Toystack/dopams-backend-staging/node_modules/aws-sdk/clients/launchwizard.d.ts'. ========
Resolution for module '../lib/response' was found in cache from location 'd:/DOPAMS/Toystack/dopams-backend-staging/node_modules/aws-sdk/clients'.
======== Module name '../lib/response' was successfully resolved to 'd:/DOPAMS/Toystack/dopams-backend-staging/node_modules/aws-sdk/lib/response.d.ts' with Package ID 'aws-sdk/lib/response.d.ts@2.1693.0'. ========
======== Resolving module '../lib/error' from 'd:/DOPAMS/Toystack/dopams-backend-staging/node_modules/aws-sdk/clients/launchwizard.d.ts'. ========
Resolution for module '../lib/error' was found in cache from location 'd:/DOPAMS/Toystack/dopams-backend-staging/node_modules/aws-sdk/clients'.
======== Module name '../lib/error' was successfully resolved to 'd:/DOPAMS/Toystack/dopams-backend-staging/node_modules/aws-sdk/lib/error.d.ts' with Package ID 'aws-sdk/lib/error.d.ts@2.1693.0'. ========
======== Resolving module '../lib/service' from 'd:/DOPAMS/Toystack/dopams-backend-staging/node_modules/aws-sdk/clients/launchwizard.d.ts'. ========
Resolution for module '../lib/service' was found in cache from location 'd:/DOPAMS/Toystack/dopams-backend-staging/node_modules/aws-sdk/clients'.
======== Module name '../lib/service' was successfully resolved to 'd:/DOPAMS/Toystack/dopams-backend-staging/node_modules/aws-sdk/lib/service.d.ts' with Package ID 'aws-sdk/lib/service.d.ts@2.1693.0'. ========
======== Resolving module '../lib/config-base' from 'd:/DOPAMS/Toystack/dopams-backend-staging/node_modules/aws-sdk/clients/launchwizard.d.ts'. ========
Resolution for module '../lib/config-base' was found in cache from location 'd:/DOPAMS/Toystack/dopams-backend-staging/node_modules/aws-sdk/clients'.
======== Module name '../lib/config-base' was successfully resolved to 'd:/DOPAMS/Toystack/dopams-backend-staging/node_modules/aws-sdk/lib/config-base.d.ts' with Package ID 'aws-sdk/lib/config-base.d.ts@2.1693.0'. ========
File 'd:/DOPAMS/Toystack/dopams-backend-staging/node_modules/aws-sdk/clients/package.json' does not exist according to earlier cached lookups.
File 'd:/DOPAMS/Toystack/dopams-backend-staging/node_modules/aws-sdk/package.json' exists according to earlier cached lookups.
======== Resolving module '../lib/request' from 'd:/DOPAMS/Toystack/dopams-backend-staging/node_modules/aws-sdk/clients/trustedadvisor.d.ts'. ========
Resolution for module '../lib/request' was found in cache from location 'd:/DOPAMS/Toystack/dopams-backend-staging/node_modules/aws-sdk/clients'.
======== Module name '../lib/request' was successfully resolved to 'd:/DOPAMS/Toystack/dopams-backend-staging/node_modules/aws-sdk/lib/request.d.ts' with Package ID 'aws-sdk/lib/request.d.ts@2.1693.0'. ========
======== Resolving module '../lib/response' from 'd:/DOPAMS/Toystack/dopams-backend-staging/node_modules/aws-sdk/clients/trustedadvisor.d.ts'. ========
Resolution for module '../lib/response' was found in cache from location 'd:/DOPAMS/Toystack/dopams-backend-staging/node_modules/aws-sdk/clients'.
======== Module name '../lib/response' was successfully resolved to 'd:/DOPAMS/Toystack/dopams-backend-staging/node_modules/aws-sdk/lib/response.d.ts' with Package ID 'aws-sdk/lib/response.d.ts@2.1693.0'. ========
======== Resolving module '../lib/error' from 'd:/DOPAMS/Toystack/dopams-backend-staging/node_modules/aws-sdk/clients/trustedadvisor.d.ts'. ========
Resolution for module '../lib/error' was found in cache from location 'd:/DOPAMS/Toystack/dopams-backend-staging/node_modules/aws-sdk/clients'.
======== Module name '../lib/error' was successfully resolved to 'd:/DOPAMS/Toystack/dopams-backend-staging/node_modules/aws-sdk/lib/error.d.ts' with Package ID 'aws-sdk/lib/error.d.ts@2.1693.0'. ========
======== Resolving module '../lib/service' from 'd:/DOPAMS/Toystack/dopams-backend-staging/node_modules/aws-sdk/clients/trustedadvisor.d.ts'. ========
Resolution for module '../lib/service' was found in cache from location 'd:/DOPAMS/Toystack/dopams-backend-staging/node_modules/aws-sdk/clients'.
======== Module name '../lib/service' was successfully resolved to 'd:/DOPAMS/Toystack/dopams-backend-staging/node_modules/aws-sdk/lib/service.d.ts' with Package ID 'aws-sdk/lib/service.d.ts@2.1693.0'. ========
======== Resolving module '../lib/config-base' from 'd:/DOPAMS/Toystack/dopams-backend-staging/node_modules/aws-sdk/clients/trustedadvisor.d.ts'. ========
Resolution for module '../lib/config-base' was found in cache from location 'd:/DOPAMS/Toystack/dopams-backend-staging/node_modules/aws-sdk/clients'.
======== Module name '../lib/config-base' was successfully resolved to 'd:/DOPAMS/Toystack/dopams-backend-staging/node_modules/aws-sdk/lib/config-base.d.ts' with Package ID 'aws-sdk/lib/config-base.d.ts@2.1693.0'. ========
File 'd:/DOPAMS/Toystack/dopams-backend-staging/node_modules/aws-sdk/clients/package.json' does not exist according to earlier cached lookups.
File 'd:/DOPAMS/Toystack/dopams-backend-staging/node_modules/aws-sdk/package.json' exists according to earlier cached lookups.
======== Resolving module '../lib/request' from 'd:/DOPAMS/Toystack/dopams-backend-staging/node_modules/aws-sdk/clients/inspectorscan.d.ts'. ========
Resolution for module '../lib/request' was found in cache from location 'd:/DOPAMS/Toystack/dopams-backend-staging/node_modules/aws-sdk/clients'.
======== Module name '../lib/request' was successfully resolved to 'd:/DOPAMS/Toystack/dopams-backend-staging/node_modules/aws-sdk/lib/request.d.ts' with Package ID 'aws-sdk/lib/request.d.ts@2.1693.0'. ========
======== Resolving module '../lib/response' from 'd:/DOPAMS/Toystack/dopams-backend-staging/node_modules/aws-sdk/clients/inspectorscan.d.ts'. ========
Resolution for module '../lib/response' was found in cache from location 'd:/DOPAMS/Toystack/dopams-backend-staging/node_modules/aws-sdk/clients'.
======== Module name '../lib/response' was successfully resolved to 'd:/DOPAMS/Toystack/dopams-backend-staging/node_modules/aws-sdk/lib/response.d.ts' with Package ID 'aws-sdk/lib/response.d.ts@2.1693.0'. ========
======== Resolving module '../lib/error' from 'd:/DOPAMS/Toystack/dopams-backend-staging/node_modules/aws-sdk/clients/inspectorscan.d.ts'. ========
Resolution for module '../lib/error' was found in cache from location 'd:/DOPAMS/Toystack/dopams-backend-staging/node_modules/aws-sdk/clients'.
======== Module name '../lib/error' was successfully resolved to 'd:/DOPAMS/Toystack/dopams-backend-staging/node_modules/aws-sdk/lib/error.d.ts' with Package ID 'aws-sdk/lib/error.d.ts@2.1693.0'. ========
======== Resolving module '../lib/service' from 'd:/DOPAMS/Toystack/dopams-backend-staging/node_modules/aws-sdk/clients/inspectorscan.d.ts'. ========
Resolution for module '../lib/service' was found in cache from location 'd:/DOPAMS/Toystack/dopams-backend-staging/node_modules/aws-sdk/clients'.
======== Module name '../lib/service' was successfully resolved to 'd:/DOPAMS/Toystack/dopams-backend-staging/node_modules/aws-sdk/lib/service.d.ts' with Package ID 'aws-sdk/lib/service.d.ts@2.1693.0'. ========
======== Resolving module '../lib/config-base' from 'd:/DOPAMS/Toystack/dopams-backend-staging/node_modules/aws-sdk/clients/inspectorscan.d.ts'. ========
Resolution for module '../lib/config-base' was found in cache from location 'd:/DOPAMS/Toystack/dopams-backend-staging/node_modules/aws-sdk/clients'.
======== Module name '../lib/config-base' was successfully resolved to 'd:/DOPAMS/Toystack/dopams-backend-staging/node_modules/aws-sdk/lib/config-base.d.ts' with Package ID 'aws-sdk/lib/config-base.d.ts@2.1693.0'. ========
File 'd:/DOPAMS/Toystack/dopams-backend-staging/node_modules/aws-sdk/clients/package.json' does not exist according to earlier cached lookups.
File 'd:/DOPAMS/Toystack/dopams-backend-staging/node_modules/aws-sdk/package.json' exists according to earlier cached lookups.
======== Resolving module '../lib/request' from 'd:/DOPAMS/Toystack/dopams-backend-staging/node_modules/aws-sdk/clients/bcmdataexports.d.ts'. ========
Resolution for module '../lib/request' was found in cache from location 'd:/DOPAMS/Toystack/dopams-backend-staging/node_modules/aws-sdk/clients'.
======== Module name '../lib/request' was successfully resolved to 'd:/DOPAMS/Toystack/dopams-backend-staging/node_modules/aws-sdk/lib/request.d.ts' with Package ID 'aws-sdk/lib/request.d.ts@2.1693.0'. ========
======== Resolving module '../lib/response' from 'd:/DOPAMS/Toystack/dopams-backend-staging/node_modules/aws-sdk/clients/bcmdataexports.d.ts'. ========
Resolution for module '../lib/response' was found in cache from location 'd:/DOPAMS/Toystack/dopams-backend-staging/node_modules/aws-sdk/clients'.
======== Module name '../lib/response' was successfully resolved to 'd:/DOPAMS/Toystack/dopams-backend-staging/node_modules/aws-sdk/lib/response.d.ts' with Package ID 'aws-sdk/lib/response.d.ts@2.1693.0'. ========
======== Resolving module '../lib/error' from 'd:/DOPAMS/Toystack/dopams-backend-staging/node_modules/aws-sdk/clients/bcmdataexports.d.ts'. ========
Resolution for module '../lib/error' was found in cache from location 'd:/DOPAMS/Toystack/dopams-backend-staging/node_modules/aws-sdk/clients'.
======== Module name '../lib/error' was successfully resolved to 'd:/DOPAMS/Toystack/dopams-backend-staging/node_modules/aws-sdk/lib/error.d.ts' with Package ID 'aws-sdk/lib/error.d.ts@2.1693.0'. ========
======== Resolving module '../lib/service' from 'd:/DOPAMS/Toystack/dopams-backend-staging/node_modules/aws-sdk/clients/bcmdataexports.d.ts'. ========
Resolution for module '../lib/service' was found in cache from location 'd:/DOPAMS/Toystack/dopams-backend-staging/node_modules/aws-sdk/clients'.
======== Module name '../lib/service' was successfully resolved to 'd:/DOPAMS/Toystack/dopams-backend-staging/node_modules/aws-sdk/lib/service.d.ts' with Package ID 'aws-sdk/lib/service.d.ts@2.1693.0'. ========
======== Resolving module '../lib/config-base' from 'd:/DOPAMS/Toystack/dopams-backend-staging/node_modules/aws-sdk/clients/bcmdataexports.d.ts'. ========
Resolution for module '../lib/config-base' was found in cache from location 'd:/DOPAMS/Toystack/dopams-backend-staging/node_modules/aws-sdk/clients'.
======== Module name '../lib/config-base' was successfully resolved to 'd:/DOPAMS/Toystack/dopams-backend-staging/node_modules/aws-sdk/lib/config-base.d.ts' with Package ID 'aws-sdk/lib/config-base.d.ts@2.1693.0'. ========
File 'd:/DOPAMS/Toystack/dopams-backend-staging/node_modules/aws-sdk/clients/package.json' does not exist according to earlier cached lookups.
File 'd:/DOPAMS/Toystack/dopams-backend-staging/node_modules/aws-sdk/package.json' exists according to earlier cached lookups.
======== Resolving module '../lib/request' from 'd:/DOPAMS/Toystack/dopams-backend-staging/node_modules/aws-sdk/clients/costoptimizationhub.d.ts'. ========
Resolution for module '../lib/request' was found in cache from location 'd:/DOPAMS/Toystack/dopams-backend-staging/node_modules/aws-sdk/clients'.
======== Module name '../lib/request' was successfully resolved to 'd:/DOPAMS/Toystack/dopams-backend-staging/node_modules/aws-sdk/lib/request.d.ts' with Package ID 'aws-sdk/lib/request.d.ts@2.1693.0'. ========
======== Resolving module '../lib/response' from 'd:/DOPAMS/Toystack/dopams-backend-staging/node_modules/aws-sdk/clients/costoptimizationhub.d.ts'. ========
Resolution for module '../lib/response' was found in cache from location 'd:/DOPAMS/Toystack/dopams-backend-staging/node_modules/aws-sdk/clients'.
======== Module name '../lib/response' was successfully resolved to 'd:/DOPAMS/Toystack/dopams-backend-staging/node_modules/aws-sdk/lib/response.d.ts' with Package ID 'aws-sdk/lib/response.d.ts@2.1693.0'. ========
======== Resolving module '../lib/error' from 'd:/DOPAMS/Toystack/dopams-backend-staging/node_modules/aws-sdk/clients/costoptimizationhub.d.ts'. ========
Resolution for module '../lib/error' was found in cache from location 'd:/DOPAMS/Toystack/dopams-backend-staging/node_modules/aws-sdk/clients'.
======== Module name '../lib/error' was successfully resolved to 'd:/DOPAMS/Toystack/dopams-backend-staging/node_modules/aws-sdk/lib/error.d.ts' with Package ID 'aws-sdk/lib/error.d.ts@2.1693.0'. ========
======== Resolving module '../lib/service' from 'd:/DOPAMS/Toystack/dopams-backend-staging/node_modules/aws-sdk/clients/costoptimizationhub.d.ts'. ========
Resolution for module '../lib/service' was found in cache from location 'd:/DOPAMS/Toystack/dopams-backend-staging/node_modules/aws-sdk/clients'.
======== Module name '../lib/service' was successfully resolved to 'd:/DOPAMS/Toystack/dopams-backend-staging/node_modules/aws-sdk/lib/service.d.ts' with Package ID 'aws-sdk/lib/service.d.ts@2.1693.0'. ========
======== Resolving module '../lib/config-base' from 'd:/DOPAMS/Toystack/dopams-backend-staging/node_modules/aws-sdk/clients/costoptimizationhub.d.ts'. ========
Resolution for module '../lib/config-base' was found in cache from location 'd:/DOPAMS/Toystack/dopams-backend-staging/node_modules/aws-sdk/clients'.
======== Module name '../lib/config-base' was successfully resolved to 'd:/DOPAMS/Toystack/dopams-backend-staging/node_modules/aws-sdk/lib/config-base.d.ts' with Package ID 'aws-sdk/lib/config-base.d.ts@2.1693.0'. ========
File 'd:/DOPAMS/Toystack/dopams-backend-staging/node_modules/aws-sdk/clients/package.json' does not exist according to earlier cached lookups.
File 'd:/DOPAMS/Toystack/dopams-backend-staging/node_modules/aws-sdk/package.json' exists according to earlier cached lookups.
======== Resolving module '../lib/request' from 'd:/DOPAMS/Toystack/dopams-backend-staging/node_modules/aws-sdk/clients/eksauth.d.ts'. ========
Resolution for module '../lib/request' was found in cache from location 'd:/DOPAMS/Toystack/dopams-backend-staging/node_modules/aws-sdk/clients'.
======== Module name '../lib/request' was successfully resolved to 'd:/DOPAMS/Toystack/dopams-backend-staging/node_modules/aws-sdk/lib/request.d.ts' with Package ID 'aws-sdk/lib/request.d.ts@2.1693.0'. ========
======== Resolving module '../lib/response' from 'd:/DOPAMS/Toystack/dopams-backend-staging/node_modules/aws-sdk/clients/eksauth.d.ts'. ========
Resolution for module '../lib/response' was found in cache from location 'd:/DOPAMS/Toystack/dopams-backend-staging/node_modules/aws-sdk/clients'.
======== Module name '../lib/response' was successfully resolved to 'd:/DOPAMS/Toystack/dopams-backend-staging/node_modules/aws-sdk/lib/response.d.ts' with Package ID 'aws-sdk/lib/response.d.ts@2.1693.0'. ========
======== Resolving module '../lib/error' from 'd:/DOPAMS/Toystack/dopams-backend-staging/node_modules/aws-sdk/clients/eksauth.d.ts'. ========
Resolution for module '../lib/error' was found in cache from location 'd:/DOPAMS/Toystack/dopams-backend-staging/node_modules/aws-sdk/clients'.
======== Module name '../lib/error' was successfully resolved to 'd:/DOPAMS/Toystack/dopams-backend-staging/node_modules/aws-sdk/lib/error.d.ts' with Package ID 'aws-sdk/lib/error.d.ts@2.1693.0'. ========
======== Resolving module '../lib/service' from 'd:/DOPAMS/Toystack/dopams-backend-staging/node_modules/aws-sdk/clients/eksauth.d.ts'. ========
Resolution for module '../lib/service' was found in cache from location 'd:/DOPAMS/Toystack/dopams-backend-staging/node_modules/aws-sdk/clients'.
======== Module name '../lib/service' was successfully resolved to 'd:/DOPAMS/Toystack/dopams-backend-staging/node_modules/aws-sdk/lib/service.d.ts' with Package ID 'aws-sdk/lib/service.d.ts@2.1693.0'. ========
======== Resolving module '../lib/config-base' from 'd:/DOPAMS/Toystack/dopams-backend-staging/node_modules/aws-sdk/clients/eksauth.d.ts'. ========
Resolution for module '../lib/config-base' was found in cache from location 'd:/DOPAMS/Toystack/dopams-backend-staging/node_modules/aws-sdk/clients'.
======== Module name '../lib/config-base' was successfully resolved to 'd:/DOPAMS/Toystack/dopams-backend-staging/node_modules/aws-sdk/lib/config-base.d.ts' with Package ID 'aws-sdk/lib/config-base.d.ts@2.1693.0'. ========
File 'd:/DOPAMS/Toystack/dopams-backend-staging/node_modules/aws-sdk/clients/package.json' does not exist according to earlier cached lookups.
File 'd:/DOPAMS/Toystack/dopams-backend-staging/node_modules/aws-sdk/package.json' exists according to earlier cached lookups.
======== Resolving module '../lib/request' from 'd:/DOPAMS/Toystack/dopams-backend-staging/node_modules/aws-sdk/clients/freetier.d.ts'. ========
Resolution for module '../lib/request' was found in cache from location 'd:/DOPAMS/Toystack/dopams-backend-staging/node_modules/aws-sdk/clients'.
======== Module name '../lib/request' was successfully resolved to 'd:/DOPAMS/Toystack/dopams-backend-staging/node_modules/aws-sdk/lib/request.d.ts' with Package ID 'aws-sdk/lib/request.d.ts@2.1693.0'. ========
======== Resolving module '../lib/response' from 'd:/DOPAMS/Toystack/dopams-backend-staging/node_modules/aws-sdk/clients/freetier.d.ts'. ========
Resolution for module '../lib/response' was found in cache from location 'd:/DOPAMS/Toystack/dopams-backend-staging/node_modules/aws-sdk/clients'.
======== Module name '../lib/response' was successfully resolved to 'd:/DOPAMS/Toystack/dopams-backend-staging/node_modules/aws-sdk/lib/response.d.ts' with Package ID 'aws-sdk/lib/response.d.ts@2.1693.0'. ========
======== Resolving module '../lib/error' from 'd:/DOPAMS/Toystack/dopams-backend-staging/node_modules/aws-sdk/clients/freetier.d.ts'. ========
Resolution for module '../lib/error' was found in cache from location 'd:/DOPAMS/Toystack/dopams-backend-staging/node_modules/aws-sdk/clients'.
======== Module name '../lib/error' was successfully resolved to 'd:/DOPAMS/Toystack/dopams-backend-staging/node_modules/aws-sdk/lib/error.d.ts' with Package ID 'aws-sdk/lib/error.d.ts@2.1693.0'. ========
======== Resolving module '../lib/service' from 'd:/DOPAMS/Toystack/dopams-backend-staging/node_modules/aws-sdk/clients/freetier.d.ts'. ========
Resolution for module '../lib/service' was found in cache from location 'd:/DOPAMS/Toystack/dopams-backend-staging/node_modules/aws-sdk/clients'.
======== Module name '../lib/service' was successfully resolved to 'd:/DOPAMS/Toystack/dopams-backend-staging/node_modules/aws-sdk/lib/service.d.ts' with Package ID 'aws-sdk/lib/service.d.ts@2.1693.0'. ========
======== Resolving module '../lib/config-base' from 'd:/DOPAMS/Toystack/dopams-backend-staging/node_modules/aws-sdk/clients/freetier.d.ts'. ========
Resolution for module '../lib/config-base' was found in cache from location 'd:/DOPAMS/Toystack/dopams-backend-staging/node_modules/aws-sdk/clients'.
======== Module name '../lib/config-base' was successfully resolved to 'd:/DOPAMS/Toystack/dopams-backend-staging/node_modules/aws-sdk/lib/config-base.d.ts' with Package ID 'aws-sdk/lib/config-base.d.ts@2.1693.0'. ========
File 'd:/DOPAMS/Toystack/dopams-backend-staging/node_modules/aws-sdk/clients/package.json' does not exist according to earlier cached lookups.
File 'd:/DOPAMS/Toystack/dopams-backend-staging/node_modules/aws-sdk/package.json' exists according to earlier cached lookups.
======== Resolving module '../lib/request' from 'd:/DOPAMS/Toystack/dopams-backend-staging/node_modules/aws-sdk/clients/repostspace.d.ts'. ========
Resolution for module '../lib/request' was found in cache from location 'd:/DOPAMS/Toystack/dopams-backend-staging/node_modules/aws-sdk/clients'.
======== Module name '../lib/request' was successfully resolved to 'd:/DOPAMS/Toystack/dopams-backend-staging/node_modules/aws-sdk/lib/request.d.ts' with Package ID 'aws-sdk/lib/request.d.ts@2.1693.0'. ========
======== Resolving module '../lib/response' from 'd:/DOPAMS/Toystack/dopams-backend-staging/node_modules/aws-sdk/clients/repostspace.d.ts'. ========
Resolution for module '../lib/response' was found in cache from location 'd:/DOPAMS/Toystack/dopams-backend-staging/node_modules/aws-sdk/clients'.
======== Module name '../lib/response' was successfully resolved to 'd:/DOPAMS/Toystack/dopams-backend-staging/node_modules/aws-sdk/lib/response.d.ts' with Package ID 'aws-sdk/lib/response.d.ts@2.1693.0'. ========
======== Resolving module '../lib/error' from 'd:/DOPAMS/Toystack/dopams-backend-staging/node_modules/aws-sdk/clients/repostspace.d.ts'. ========
Resolution for module '../lib/error' was found in cache from location 'd:/DOPAMS/Toystack/dopams-backend-staging/node_modules/aws-sdk/clients'.
======== Module name '../lib/error' was successfully resolved to 'd:/DOPAMS/Toystack/dopams-backend-staging/node_modules/aws-sdk/lib/error.d.ts' with Package ID 'aws-sdk/lib/error.d.ts@2.1693.0'. ========
======== Resolving module '../lib/service' from 'd:/DOPAMS/Toystack/dopams-backend-staging/node_modules/aws-sdk/clients/repostspace.d.ts'. ========
Resolution for module '../lib/service' was found in cache from location 'd:/DOPAMS/Toystack/dopams-backend-staging/node_modules/aws-sdk/clients'.
======== Module name '../lib/service' was successfully resolved to 'd:/DOPAMS/Toystack/dopams-backend-staging/node_modules/aws-sdk/lib/service.d.ts' with Package ID 'aws-sdk/lib/service.d.ts@2.1693.0'. ========
======== Resolving module '../lib/config-base' from 'd:/DOPAMS/Toystack/dopams-backend-staging/node_modules/aws-sdk/clients/repostspace.d.ts'. ========
Resolution for module '../lib/config-base' was found in cache from location 'd:/DOPAMS/Toystack/dopams-backend-staging/node_modules/aws-sdk/clients'.
======== Module name '../lib/config-base' was successfully resolved to 'd:/DOPAMS/Toystack/dopams-backend-staging/node_modules/aws-sdk/lib/config-base.d.ts' with Package ID 'aws-sdk/lib/config-base.d.ts@2.1693.0'. ========
File 'd:/DOPAMS/Toystack/dopams-backend-staging/node_modules/aws-sdk/clients/package.json' does not exist according to earlier cached lookups.
File 'd:/DOPAMS/Toystack/dopams-backend-staging/node_modules/aws-sdk/package.json' exists according to earlier cached lookups.
======== Resolving module '../lib/request' from 'd:/DOPAMS/Toystack/dopams-backend-staging/node_modules/aws-sdk/clients/workspacesthinclient.d.ts'. ========
Resolution for module '../lib/request' was found in cache from location 'd:/DOPAMS/Toystack/dopams-backend-staging/node_modules/aws-sdk/clients'.
======== Module name '../lib/request' was successfully resolved to 'd:/DOPAMS/Toystack/dopams-backend-staging/node_modules/aws-sdk/lib/request.d.ts' with Package ID 'aws-sdk/lib/request.d.ts@2.1693.0'. ========
======== Resolving module '../lib/response' from 'd:/DOPAMS/Toystack/dopams-backend-staging/node_modules/aws-sdk/clients/workspacesthinclient.d.ts'. ========
Resolution for module '../lib/response' was found in cache from location 'd:/DOPAMS/Toystack/dopams-backend-staging/node_modules/aws-sdk/clients'.
======== Module name '../lib/response' was successfully resolved to 'd:/DOPAMS/Toystack/dopams-backend-staging/node_modules/aws-sdk/lib/response.d.ts' with Package ID 'aws-sdk/lib/response.d.ts@2.1693.0'. ========
======== Resolving module '../lib/error' from 'd:/DOPAMS/Toystack/dopams-backend-staging/node_modules/aws-sdk/clients/workspacesthinclient.d.ts'. ========
Resolution for module '../lib/error' was found in cache from location 'd:/DOPAMS/Toystack/dopams-backend-staging/node_modules/aws-sdk/clients'.
======== Module name '../lib/error' was successfully resolved to 'd:/DOPAMS/Toystack/dopams-backend-staging/node_modules/aws-sdk/lib/error.d.ts' with Package ID 'aws-sdk/lib/error.d.ts@2.1693.0'. ========
======== Resolving module '../lib/service' from 'd:/DOPAMS/Toystack/dopams-backend-staging/node_modules/aws-sdk/clients/workspacesthinclient.d.ts'. ========
Resolution for module '../lib/service' was found in cache from location 'd:/DOPAMS/Toystack/dopams-backend-staging/node_modules/aws-sdk/clients'.
======== Module name '../lib/service' was successfully resolved to 'd:/DOPAMS/Toystack/dopams-backend-staging/node_modules/aws-sdk/lib/service.d.ts' with Package ID 'aws-sdk/lib/service.d.ts@2.1693.0'. ========
======== Resolving module '../lib/config-base' from 'd:/DOPAMS/Toystack/dopams-backend-staging/node_modules/aws-sdk/clients/workspacesthinclient.d.ts'. ========
Resolution for module '../lib/config-base' was found in cache from location 'd:/DOPAMS/Toystack/dopams-backend-staging/node_modules/aws-sdk/clients'.
======== Module name '../lib/config-base' was successfully resolved to 'd:/DOPAMS/Toystack/dopams-backend-staging/node_modules/aws-sdk/lib/config-base.d.ts' with Package ID 'aws-sdk/lib/config-base.d.ts@2.1693.0'. ========
File 'd:/DOPAMS/Toystack/dopams-backend-staging/node_modules/aws-sdk/clients/package.json' does not exist according to earlier cached lookups.
File 'd:/DOPAMS/Toystack/dopams-backend-staging/node_modules/aws-sdk/package.json' exists according to earlier cached lookups.
======== Resolving module '../lib/request' from 'd:/DOPAMS/Toystack/dopams-backend-staging/node_modules/aws-sdk/clients/b2bi.d.ts'. ========
Resolution for module '../lib/request' was found in cache from location 'd:/DOPAMS/Toystack/dopams-backend-staging/node_modules/aws-sdk/clients'.
======== Module name '../lib/request' was successfully resolved to 'd:/DOPAMS/Toystack/dopams-backend-staging/node_modules/aws-sdk/lib/request.d.ts' with Package ID 'aws-sdk/lib/request.d.ts@2.1693.0'. ========
======== Resolving module '../lib/response' from 'd:/DOPAMS/Toystack/dopams-backend-staging/node_modules/aws-sdk/clients/b2bi.d.ts'. ========
Resolution for module '../lib/response' was found in cache from location 'd:/DOPAMS/Toystack/dopams-backend-staging/node_modules/aws-sdk/clients'.
======== Module name '../lib/response' was successfully resolved to 'd:/DOPAMS/Toystack/dopams-backend-staging/node_modules/aws-sdk/lib/response.d.ts' with Package ID 'aws-sdk/lib/response.d.ts@2.1693.0'. ========
======== Resolving module '../lib/error' from 'd:/DOPAMS/Toystack/dopams-backend-staging/node_modules/aws-sdk/clients/b2bi.d.ts'. ========
Resolution for module '../lib/error' was found in cache from location 'd:/DOPAMS/Toystack/dopams-backend-staging/node_modules/aws-sdk/clients'.
======== Module name '../lib/error' was successfully resolved to 'd:/DOPAMS/Toystack/dopams-backend-staging/node_modules/aws-sdk/lib/error.d.ts' with Package ID 'aws-sdk/lib/error.d.ts@2.1693.0'. ========
======== Resolving module '../lib/service' from 'd:/DOPAMS/Toystack/dopams-backend-staging/node_modules/aws-sdk/clients/b2bi.d.ts'. ========
Resolution for module '../lib/service' was found in cache from location 'd:/DOPAMS/Toystack/dopams-backend-staging/node_modules/aws-sdk/clients'.
======== Module name '../lib/service' was successfully resolved to 'd:/DOPAMS/Toystack/dopams-backend-staging/node_modules/aws-sdk/lib/service.d.ts' with Package ID 'aws-sdk/lib/service.d.ts@2.1693.0'. ========
======== Resolving module '../lib/config-base' from 'd:/DOPAMS/Toystack/dopams-backend-staging/node_modules/aws-sdk/clients/b2bi.d.ts'. ========
Resolution for module '../lib/config-base' was found in cache from location 'd:/DOPAMS/Toystack/dopams-backend-staging/node_modules/aws-sdk/clients'.
======== Module name '../lib/config-base' was successfully resolved to 'd:/DOPAMS/Toystack/dopams-backend-staging/node_modules/aws-sdk/lib/config-base.d.ts' with Package ID 'aws-sdk/lib/config-base.d.ts@2.1693.0'. ========
File 'd:/DOPAMS/Toystack/dopams-backend-staging/node_modules/aws-sdk/clients/package.json' does not exist according to earlier cached lookups.
File 'd:/DOPAMS/Toystack/dopams-backend-staging/node_modules/aws-sdk/package.json' exists according to earlier cached lookups.
======== Resolving module '../lib/request' from 'd:/DOPAMS/Toystack/dopams-backend-staging/node_modules/aws-sdk/clients/bedrockagent.d.ts'. ========
Resolution for module '../lib/request' was found in cache from location 'd:/DOPAMS/Toystack/dopams-backend-staging/node_modules/aws-sdk/clients'.
======== Module name '../lib/request' was successfully resolved to 'd:/DOPAMS/Toystack/dopams-backend-staging/node_modules/aws-sdk/lib/request.d.ts' with Package ID 'aws-sdk/lib/request.d.ts@2.1693.0'. ========
======== Resolving module '../lib/response' from 'd:/DOPAMS/Toystack/dopams-backend-staging/node_modules/aws-sdk/clients/bedrockagent.d.ts'. ========
Resolution for module '../lib/response' was found in cache from location 'd:/DOPAMS/Toystack/dopams-backend-staging/node_modules/aws-sdk/clients'.
======== Module name '../lib/response' was successfully resolved to 'd:/DOPAMS/Toystack/dopams-backend-staging/node_modules/aws-sdk/lib/response.d.ts' with Package ID 'aws-sdk/lib/response.d.ts@2.1693.0'. ========
======== Resolving module '../lib/error' from 'd:/DOPAMS/Toystack/dopams-backend-staging/node_modules/aws-sdk/clients/bedrockagent.d.ts'. ========
Resolution for module '../lib/error' was found in cache from location 'd:/DOPAMS/Toystack/dopams-backend-staging/node_modules/aws-sdk/clients'.
======== Module name '../lib/error' was successfully resolved to 'd:/DOPAMS/Toystack/dopams-backend-staging/node_modules/aws-sdk/lib/error.d.ts' with Package ID 'aws-sdk/lib/error.d.ts@2.1693.0'. ========
======== Resolving module '../lib/service' from 'd:/DOPAMS/Toystack/dopams-backend-staging/node_modules/aws-sdk/clients/bedrockagent.d.ts'. ========
Resolution for module '../lib/service' was found in cache from location 'd:/DOPAMS/Toystack/dopams-backend-staging/node_modules/aws-sdk/clients'.
======== Module name '../lib/service' was successfully resolved to 'd:/DOPAMS/Toystack/dopams-backend-staging/node_modules/aws-sdk/lib/service.d.ts' with Package ID 'aws-sdk/lib/service.d.ts@2.1693.0'. ========
======== Resolving module '../lib/config-base' from 'd:/DOPAMS/Toystack/dopams-backend-staging/node_modules/aws-sdk/clients/bedrockagent.d.ts'. ========
Resolution for module '../lib/config-base' was found in cache from location 'd:/DOPAMS/Toystack/dopams-backend-staging/node_modules/aws-sdk/clients'.
======== Module name '../lib/config-base' was successfully resolved to 'd:/DOPAMS/Toystack/dopams-backend-staging/node_modules/aws-sdk/lib/config-base.d.ts' with Package ID 'aws-sdk/lib/config-base.d.ts@2.1693.0'. ========
File 'd:/DOPAMS/Toystack/dopams-backend-staging/node_modules/aws-sdk/clients/package.json' does not exist according to earlier cached lookups.
File 'd:/DOPAMS/Toystack/dopams-backend-staging/node_modules/aws-sdk/package.json' exists according to earlier cached lookups.
======== Resolving module '../lib/request' from 'd:/DOPAMS/Toystack/dopams-backend-staging/node_modules/aws-sdk/clients/bedrockagentruntime.d.ts'. ========
Resolution for module '../lib/request' was found in cache from location 'd:/DOPAMS/Toystack/dopams-backend-staging/node_modules/aws-sdk/clients'.
======== Module name '../lib/request' was successfully resolved to 'd:/DOPAMS/Toystack/dopams-backend-staging/node_modules/aws-sdk/lib/request.d.ts' with Package ID 'aws-sdk/lib/request.d.ts@2.1693.0'. ========
======== Resolving module '../lib/response' from 'd:/DOPAMS/Toystack/dopams-backend-staging/node_modules/aws-sdk/clients/bedrockagentruntime.d.ts'. ========
Resolution for module '../lib/response' was found in cache from location 'd:/DOPAMS/Toystack/dopams-backend-staging/node_modules/aws-sdk/clients'.
======== Module name '../lib/response' was successfully resolved to 'd:/DOPAMS/Toystack/dopams-backend-staging/node_modules/aws-sdk/lib/response.d.ts' with Package ID 'aws-sdk/lib/response.d.ts@2.1693.0'. ========
======== Resolving module '../lib/error' from 'd:/DOPAMS/Toystack/dopams-backend-staging/node_modules/aws-sdk/clients/bedrockagentruntime.d.ts'. ========
Resolution for module '../lib/error' was found in cache from location 'd:/DOPAMS/Toystack/dopams-backend-staging/node_modules/aws-sdk/clients'.
======== Module name '../lib/error' was successfully resolved to 'd:/DOPAMS/Toystack/dopams-backend-staging/node_modules/aws-sdk/lib/error.d.ts' with Package ID 'aws-sdk/lib/error.d.ts@2.1693.0'. ========
======== Resolving module '../lib/service' from 'd:/DOPAMS/Toystack/dopams-backend-staging/node_modules/aws-sdk/clients/bedrockagentruntime.d.ts'. ========
Resolution for module '../lib/service' was found in cache from location 'd:/DOPAMS/Toystack/dopams-backend-staging/node_modules/aws-sdk/clients'.
======== Module name '../lib/service' was successfully resolved to 'd:/DOPAMS/Toystack/dopams-backend-staging/node_modules/aws-sdk/lib/service.d.ts' with Package ID 'aws-sdk/lib/service.d.ts@2.1693.0'. ========
======== Resolving module '../lib/config-base' from 'd:/DOPAMS/Toystack/dopams-backend-staging/node_modules/aws-sdk/clients/bedrockagentruntime.d.ts'. ========
Resolution for module '../lib/config-base' was found in cache from location 'd:/DOPAMS/Toystack/dopams-backend-staging/node_modules/aws-sdk/clients'.
======== Module name '../lib/config-base' was successfully resolved to 'd:/DOPAMS/Toystack/dopams-backend-staging/node_modules/aws-sdk/lib/config-base.d.ts' with Package ID 'aws-sdk/lib/config-base.d.ts@2.1693.0'. ========
======== Resolving module '../lib/event-stream/event-stream' from 'd:/DOPAMS/Toystack/dopams-backend-staging/node_modules/aws-sdk/clients/bedrockagentruntime.d.ts'. ========
Resolution for module '../lib/event-stream/event-stream' was found in cache from location 'd:/DOPAMS/Toystack/dopams-backend-staging/node_modules/aws-sdk/clients'.
======== Module name '../lib/event-stream/event-stream' was successfully resolved to 'd:/DOPAMS/Toystack/dopams-backend-staging/node_modules/aws-sdk/lib/event-stream/event-stream.d.ts' with Package ID 'aws-sdk/lib/event-stream/event-stream.d.ts@2.1693.0'. ========
File 'd:/DOPAMS/Toystack/dopams-backend-staging/node_modules/aws-sdk/clients/package.json' does not exist according to earlier cached lookups.
File 'd:/DOPAMS/Toystack/dopams-backend-staging/node_modules/aws-sdk/package.json' exists according to earlier cached lookups.
======== Resolving module '../lib/request' from 'd:/DOPAMS/Toystack/dopams-backend-staging/node_modules/aws-sdk/clients/qbusiness.d.ts'. ========
Resolution for module '../lib/request' was found in cache from location 'd:/DOPAMS/Toystack/dopams-backend-staging/node_modules/aws-sdk/clients'.
======== Module name '../lib/request' was successfully resolved to 'd:/DOPAMS/Toystack/dopams-backend-staging/node_modules/aws-sdk/lib/request.d.ts' with Package ID 'aws-sdk/lib/request.d.ts@2.1693.0'. ========
======== Resolving module '../lib/response' from 'd:/DOPAMS/Toystack/dopams-backend-staging/node_modules/aws-sdk/clients/qbusiness.d.ts'. ========
Resolution for module '../lib/response' was found in cache from location 'd:/DOPAMS/Toystack/dopams-backend-staging/node_modules/aws-sdk/clients'.
======== Module name '../lib/response' was successfully resolved to 'd:/DOPAMS/Toystack/dopams-backend-staging/node_modules/aws-sdk/lib/response.d.ts' with Package ID 'aws-sdk/lib/response.d.ts@2.1693.0'. ========
======== Resolving module '../lib/error' from 'd:/DOPAMS/Toystack/dopams-backend-staging/node_modules/aws-sdk/clients/qbusiness.d.ts'. ========
Resolution for module '../lib/error' was found in cache from location 'd:/DOPAMS/Toystack/dopams-backend-staging/node_modules/aws-sdk/clients'.
======== Module name '../lib/error' was successfully resolved to 'd:/DOPAMS/Toystack/dopams-backend-staging/node_modules/aws-sdk/lib/error.d.ts' with Package ID 'aws-sdk/lib/error.d.ts@2.1693.0'. ========
======== Resolving module '../lib/service' from 'd:/DOPAMS/Toystack/dopams-backend-staging/node_modules/aws-sdk/clients/qbusiness.d.ts'. ========
Resolution for module '../lib/service' was found in cache from location 'd:/DOPAMS/Toystack/dopams-backend-staging/node_modules/aws-sdk/clients'.
======== Module name '../lib/service' was successfully resolved to 'd:/DOPAMS/Toystack/dopams-backend-staging/node_modules/aws-sdk/lib/service.d.ts' with Package ID 'aws-sdk/lib/service.d.ts@2.1693.0'. ========
======== Resolving module '../lib/config-base' from 'd:/DOPAMS/Toystack/dopams-backend-staging/node_modules/aws-sdk/clients/qbusiness.d.ts'. ========
Resolution for module '../lib/config-base' was found in cache from location 'd:/DOPAMS/Toystack/dopams-backend-staging/node_modules/aws-sdk/clients'.
======== Module name '../lib/config-base' was successfully resolved to 'd:/DOPAMS/Toystack/dopams-backend-staging/node_modules/aws-sdk/lib/config-base.d.ts' with Package ID 'aws-sdk/lib/config-base.d.ts@2.1693.0'. ========
File 'd:/DOPAMS/Toystack/dopams-backend-staging/node_modules/aws-sdk/clients/package.json' does not exist according to earlier cached lookups.
File 'd:/DOPAMS/Toystack/dopams-backend-staging/node_modules/aws-sdk/package.json' exists according to earlier cached lookups.
======== Resolving module '../lib/request' from 'd:/DOPAMS/Toystack/dopams-backend-staging/node_modules/aws-sdk/clients/qconnect.d.ts'. ========
Resolution for module '../lib/request' was found in cache from location 'd:/DOPAMS/Toystack/dopams-backend-staging/node_modules/aws-sdk/clients'.
======== Module name '../lib/request' was successfully resolved to 'd:/DOPAMS/Toystack/dopams-backend-staging/node_modules/aws-sdk/lib/request.d.ts' with Package ID 'aws-sdk/lib/request.d.ts@2.1693.0'. ========
======== Resolving module '../lib/response' from 'd:/DOPAMS/Toystack/dopams-backend-staging/node_modules/aws-sdk/clients/qconnect.d.ts'. ========
Resolution for module '../lib/response' was found in cache from location 'd:/DOPAMS/Toystack/dopams-backend-staging/node_modules/aws-sdk/clients'.
======== Module name '../lib/response' was successfully resolved to 'd:/DOPAMS/Toystack/dopams-backend-staging/node_modules/aws-sdk/lib/response.d.ts' with Package ID 'aws-sdk/lib/response.d.ts@2.1693.0'. ========
======== Resolving module '../lib/error' from 'd:/DOPAMS/Toystack/dopams-backend-staging/node_modules/aws-sdk/clients/qconnect.d.ts'. ========
Resolution for module '../lib/error' was found in cache from location 'd:/DOPAMS/Toystack/dopams-backend-staging/node_modules/aws-sdk/clients'.
======== Module name '../lib/error' was successfully resolved to 'd:/DOPAMS/Toystack/dopams-backend-staging/node_modules/aws-sdk/lib/error.d.ts' with Package ID 'aws-sdk/lib/error.d.ts@2.1693.0'. ========
======== Resolving module '../lib/service' from 'd:/DOPAMS/Toystack/dopams-backend-staging/node_modules/aws-sdk/clients/qconnect.d.ts'. ========
Resolution for module '../lib/service' was found in cache from location 'd:/DOPAMS/Toystack/dopams-backend-staging/node_modules/aws-sdk/clients'.
======== Module name '../lib/service' was successfully resolved to 'd:/DOPAMS/Toystack/dopams-backend-staging/node_modules/aws-sdk/lib/service.d.ts' with Package ID 'aws-sdk/lib/service.d.ts@2.1693.0'. ========
======== Resolving module '../lib/config-base' from 'd:/DOPAMS/Toystack/dopams-backend-staging/node_modules/aws-sdk/clients/qconnect.d.ts'. ========
Resolution for module '../lib/config-base' was found in cache from location 'd:/DOPAMS/Toystack/dopams-backend-staging/node_modules/aws-sdk/clients'.
======== Module name '../lib/config-base' was successfully resolved to 'd:/DOPAMS/Toystack/dopams-backend-staging/node_modules/aws-sdk/lib/config-base.d.ts' with Package ID 'aws-sdk/lib/config-base.d.ts@2.1693.0'. ========
File 'd:/DOPAMS/Toystack/dopams-backend-staging/node_modules/aws-sdk/clients/package.json' does not exist according to earlier cached lookups.
File 'd:/DOPAMS/Toystack/dopams-backend-staging/node_modules/aws-sdk/package.json' exists according to earlier cached lookups.
======== Resolving module '../lib/request' from 'd:/DOPAMS/Toystack/dopams-backend-staging/node_modules/aws-sdk/clients/cleanroomsml.d.ts'. ========
Resolution for module '../lib/request' was found in cache from location 'd:/DOPAMS/Toystack/dopams-backend-staging/node_modules/aws-sdk/clients'.
======== Module name '../lib/request' was successfully resolved to 'd:/DOPAMS/Toystack/dopams-backend-staging/node_modules/aws-sdk/lib/request.d.ts' with Package ID 'aws-sdk/lib/request.d.ts@2.1693.0'. ========
======== Resolving module '../lib/response' from 'd:/DOPAMS/Toystack/dopams-backend-staging/node_modules/aws-sdk/clients/cleanroomsml.d.ts'. ========
Resolution for module '../lib/response' was found in cache from location 'd:/DOPAMS/Toystack/dopams-backend-staging/node_modules/aws-sdk/clients'.
======== Module name '../lib/response' was successfully resolved to 'd:/DOPAMS/Toystack/dopams-backend-staging/node_modules/aws-sdk/lib/response.d.ts' with Package ID 'aws-sdk/lib/response.d.ts@2.1693.0'. ========
======== Resolving module '../lib/error' from 'd:/DOPAMS/Toystack/dopams-backend-staging/node_modules/aws-sdk/clients/cleanroomsml.d.ts'. ========
Resolution for module '../lib/error' was found in cache from location 'd:/DOPAMS/Toystack/dopams-backend-staging/node_modules/aws-sdk/clients'.
======== Module name '../lib/error' was successfully resolved to 'd:/DOPAMS/Toystack/dopams-backend-staging/node_modules/aws-sdk/lib/error.d.ts' with Package ID 'aws-sdk/lib/error.d.ts@2.1693.0'. ========
======== Resolving module '../lib/service' from 'd:/DOPAMS/Toystack/dopams-backend-staging/node_modules/aws-sdk/clients/cleanroomsml.d.ts'. ========
Resolution for module '../lib/service' was found in cache from location 'd:/DOPAMS/Toystack/dopams-backend-staging/node_modules/aws-sdk/clients'.
======== Module name '../lib/service' was successfully resolved to 'd:/DOPAMS/Toystack/dopams-backend-staging/node_modules/aws-sdk/lib/service.d.ts' with Package ID 'aws-sdk/lib/service.d.ts@2.1693.0'. ========
======== Resolving module '../lib/config-base' from 'd:/DOPAMS/Toystack/dopams-backend-staging/node_modules/aws-sdk/clients/cleanroomsml.d.ts'. ========
Resolution for module '../lib/config-base' was found in cache from location 'd:/DOPAMS/Toystack/dopams-backend-staging/node_modules/aws-sdk/clients'.
======== Module name '../lib/config-base' was successfully resolved to 'd:/DOPAMS/Toystack/dopams-backend-staging/node_modules/aws-sdk/lib/config-base.d.ts' with Package ID 'aws-sdk/lib/config-base.d.ts@2.1693.0'. ========
File 'd:/DOPAMS/Toystack/dopams-backend-staging/node_modules/aws-sdk/clients/package.json' does not exist according to earlier cached lookups.
File 'd:/DOPAMS/Toystack/dopams-backend-staging/node_modules/aws-sdk/package.json' exists according to earlier cached lookups.
======== Resolving module '../lib/request' from 'd:/DOPAMS/Toystack/dopams-backend-staging/node_modules/aws-sdk/clients/marketplaceagreement.d.ts'. ========
Resolution for module '../lib/request' was found in cache from location 'd:/DOPAMS/Toystack/dopams-backend-staging/node_modules/aws-sdk/clients'.
======== Module name '../lib/request' was successfully resolved to 'd:/DOPAMS/Toystack/dopams-backend-staging/node_modules/aws-sdk/lib/request.d.ts' with Package ID 'aws-sdk/lib/request.d.ts@2.1693.0'. ========
======== Resolving module '../lib/response' from 'd:/DOPAMS/Toystack/dopams-backend-staging/node_modules/aws-sdk/clients/marketplaceagreement.d.ts'. ========
Resolution for module '../lib/response' was found in cache from location 'd:/DOPAMS/Toystack/dopams-backend-staging/node_modules/aws-sdk/clients'.
======== Module name '../lib/response' was successfully resolved to 'd:/DOPAMS/Toystack/dopams-backend-staging/node_modules/aws-sdk/lib/response.d.ts' with Package ID 'aws-sdk/lib/response.d.ts@2.1693.0'. ========
======== Resolving module '../lib/error' from 'd:/DOPAMS/Toystack/dopams-backend-staging/node_modules/aws-sdk/clients/marketplaceagreement.d.ts'. ========
Resolution for module '../lib/error' was found in cache from location 'd:/DOPAMS/Toystack/dopams-backend-staging/node_modules/aws-sdk/clients'.
======== Module name '../lib/error' was successfully resolved to 'd:/DOPAMS/Toystack/dopams-backend-staging/node_modules/aws-sdk/lib/error.d.ts' with Package ID 'aws-sdk/lib/error.d.ts@2.1693.0'. ========
======== Resolving module '../lib/service' from 'd:/DOPAMS/Toystack/dopams-backend-staging/node_modules/aws-sdk/clients/marketplaceagreement.d.ts'. ========
Resolution for module '../lib/service' was found in cache from location 'd:/DOPAMS/Toystack/dopams-backend-staging/node_modules/aws-sdk/clients'.
======== Module name '../lib/service' was successfully resolved to 'd:/DOPAMS/Toystack/dopams-backend-staging/node_modules/aws-sdk/lib/service.d.ts' with Package ID 'aws-sdk/lib/service.d.ts@2.1693.0'. ========
======== Resolving module '../lib/config-base' from 'd:/DOPAMS/Toystack/dopams-backend-staging/node_modules/aws-sdk/clients/marketplaceagreement.d.ts'. ========
Resolution for module '../lib/config-base' was found in cache from location 'd:/DOPAMS/Toystack/dopams-backend-staging/node_modules/aws-sdk/clients'.
======== Module name '../lib/config-base' was successfully resolved to 'd:/DOPAMS/Toystack/dopams-backend-staging/node_modules/aws-sdk/lib/config-base.d.ts' with Package ID 'aws-sdk/lib/config-base.d.ts@2.1693.0'. ========
File 'd:/DOPAMS/Toystack/dopams-backend-staging/node_modules/aws-sdk/clients/package.json' does not exist according to earlier cached lookups.
File 'd:/DOPAMS/Toystack/dopams-backend-staging/node_modules/aws-sdk/package.json' exists according to earlier cached lookups.
======== Resolving module '../lib/request' from 'd:/DOPAMS/Toystack/dopams-backend-staging/node_modules/aws-sdk/clients/marketplacedeployment.d.ts'. ========
Resolution for module '../lib/request' was found in cache from location 'd:/DOPAMS/Toystack/dopams-backend-staging/node_modules/aws-sdk/clients'.
======== Module name '../lib/request' was successfully resolved to 'd:/DOPAMS/Toystack/dopams-backend-staging/node_modules/aws-sdk/lib/request.d.ts' with Package ID 'aws-sdk/lib/request.d.ts@2.1693.0'. ========
======== Resolving module '../lib/response' from 'd:/DOPAMS/Toystack/dopams-backend-staging/node_modules/aws-sdk/clients/marketplacedeployment.d.ts'. ========
Resolution for module '../lib/response' was found in cache from location 'd:/DOPAMS/Toystack/dopams-backend-staging/node_modules/aws-sdk/clients'.
======== Module name '../lib/response' was successfully resolved to 'd:/DOPAMS/Toystack/dopams-backend-staging/node_modules/aws-sdk/lib/response.d.ts' with Package ID 'aws-sdk/lib/response.d.ts@2.1693.0'. ========
======== Resolving module '../lib/error' from 'd:/DOPAMS/Toystack/dopams-backend-staging/node_modules/aws-sdk/clients/marketplacedeployment.d.ts'. ========
Resolution for module '../lib/error' was found in cache from location 'd:/DOPAMS/Toystack/dopams-backend-staging/node_modules/aws-sdk/clients'.
======== Module name '../lib/error' was successfully resolved to 'd:/DOPAMS/Toystack/dopams-backend-staging/node_modules/aws-sdk/lib/error.d.ts' with Package ID 'aws-sdk/lib/error.d.ts@2.1693.0'. ========
======== Resolving module '../lib/service' from 'd:/DOPAMS/Toystack/dopams-backend-staging/node_modules/aws-sdk/clients/marketplacedeployment.d.ts'. ========
Resolution for module '../lib/service' was found in cache from location 'd:/DOPAMS/Toystack/dopams-backend-staging/node_modules/aws-sdk/clients'.
======== Module name '../lib/service' was successfully resolved to 'd:/DOPAMS/Toystack/dopams-backend-staging/node_modules/aws-sdk/lib/service.d.ts' with Package ID 'aws-sdk/lib/service.d.ts@2.1693.0'. ========
======== Resolving module '../lib/config-base' from 'd:/DOPAMS/Toystack/dopams-backend-staging/node_modules/aws-sdk/clients/marketplacedeployment.d.ts'. ========
Resolution for module '../lib/config-base' was found in cache from location 'd:/DOPAMS/Toystack/dopams-backend-staging/node_modules/aws-sdk/clients'.
======== Module name '../lib/config-base' was successfully resolved to 'd:/DOPAMS/Toystack/dopams-backend-staging/node_modules/aws-sdk/lib/config-base.d.ts' with Package ID 'aws-sdk/lib/config-base.d.ts@2.1693.0'. ========
File 'd:/DOPAMS/Toystack/dopams-backend-staging/node_modules/aws-sdk/clients/package.json' does not exist according to earlier cached lookups.
File 'd:/DOPAMS/Toystack/dopams-backend-staging/node_modules/aws-sdk/package.json' exists according to earlier cached lookups.
======== Resolving module '../lib/request' from 'd:/DOPAMS/Toystack/dopams-backend-staging/node_modules/aws-sdk/clients/networkmonitor.d.ts'. ========
Resolution for module '../lib/request' was found in cache from location 'd:/DOPAMS/Toystack/dopams-backend-staging/node_modules/aws-sdk/clients'.
======== Module name '../lib/request' was successfully resolved to 'd:/DOPAMS/Toystack/dopams-backend-staging/node_modules/aws-sdk/lib/request.d.ts' with Package ID 'aws-sdk/lib/request.d.ts@2.1693.0'. ========
======== Resolving module '../lib/response' from 'd:/DOPAMS/Toystack/dopams-backend-staging/node_modules/aws-sdk/clients/networkmonitor.d.ts'. ========
Resolution for module '../lib/response' was found in cache from location 'd:/DOPAMS/Toystack/dopams-backend-staging/node_modules/aws-sdk/clients'.
======== Module name '../lib/response' was successfully resolved to 'd:/DOPAMS/Toystack/dopams-backend-staging/node_modules/aws-sdk/lib/response.d.ts' with Package ID 'aws-sdk/lib/response.d.ts@2.1693.0'. ========
======== Resolving module '../lib/error' from 'd:/DOPAMS/Toystack/dopams-backend-staging/node_modules/aws-sdk/clients/networkmonitor.d.ts'. ========
Resolution for module '../lib/error' was found in cache from location 'd:/DOPAMS/Toystack/dopams-backend-staging/node_modules/aws-sdk/clients'.
======== Module name '../lib/error' was successfully resolved to 'd:/DOPAMS/Toystack/dopams-backend-staging/node_modules/aws-sdk/lib/error.d.ts' with Package ID 'aws-sdk/lib/error.d.ts@2.1693.0'. ========
======== Resolving module '../lib/service' from 'd:/DOPAMS/Toystack/dopams-backend-staging/node_modules/aws-sdk/clients/networkmonitor.d.ts'. ========
Resolution for module '../lib/service' was found in cache from location 'd:/DOPAMS/Toystack/dopams-backend-staging/node_modules/aws-sdk/clients'.
======== Module name '../lib/service' was successfully resolved to 'd:/DOPAMS/Toystack/dopams-backend-staging/node_modules/aws-sdk/lib/service.d.ts' with Package ID 'aws-sdk/lib/service.d.ts@2.1693.0'. ========
======== Resolving module '../lib/config-base' from 'd:/DOPAMS/Toystack/dopams-backend-staging/node_modules/aws-sdk/clients/networkmonitor.d.ts'. ========
Resolution for module '../lib/config-base' was found in cache from location 'd:/DOPAMS/Toystack/dopams-backend-staging/node_modules/aws-sdk/clients'.
======== Module name '../lib/config-base' was successfully resolved to 'd:/DOPAMS/Toystack/dopams-backend-staging/node_modules/aws-sdk/lib/config-base.d.ts' with Package ID 'aws-sdk/lib/config-base.d.ts@2.1693.0'. ========
File 'd:/DOPAMS/Toystack/dopams-backend-staging/node_modules/aws-sdk/clients/package.json' does not exist according to earlier cached lookups.
File 'd:/DOPAMS/Toystack/dopams-backend-staging/node_modules/aws-sdk/package.json' exists according to earlier cached lookups.
======== Resolving module '../lib/request' from 'd:/DOPAMS/Toystack/dopams-backend-staging/node_modules/aws-sdk/clients/supplychain.d.ts'. ========
Resolution for module '../lib/request' was found in cache from location 'd:/DOPAMS/Toystack/dopams-backend-staging/node_modules/aws-sdk/clients'.
======== Module name '../lib/request' was successfully resolved to 'd:/DOPAMS/Toystack/dopams-backend-staging/node_modules/aws-sdk/lib/request.d.ts' with Package ID 'aws-sdk/lib/request.d.ts@2.1693.0'. ========
======== Resolving module '../lib/response' from 'd:/DOPAMS/Toystack/dopams-backend-staging/node_modules/aws-sdk/clients/supplychain.d.ts'. ========
Resolution for module '../lib/response' was found in cache from location 'd:/DOPAMS/Toystack/dopams-backend-staging/node_modules/aws-sdk/clients'.
======== Module name '../lib/response' was successfully resolved to 'd:/DOPAMS/Toystack/dopams-backend-staging/node_modules/aws-sdk/lib/response.d.ts' with Package ID 'aws-sdk/lib/response.d.ts@2.1693.0'. ========
======== Resolving module '../lib/error' from 'd:/DOPAMS/Toystack/dopams-backend-staging/node_modules/aws-sdk/clients/supplychain.d.ts'. ========
Resolution for module '../lib/error' was found in cache from location 'd:/DOPAMS/Toystack/dopams-backend-staging/node_modules/aws-sdk/clients'.
======== Module name '../lib/error' was successfully resolved to 'd:/DOPAMS/Toystack/dopams-backend-staging/node_modules/aws-sdk/lib/error.d.ts' with Package ID 'aws-sdk/lib/error.d.ts@2.1693.0'. ========
======== Resolving module '../lib/service' from 'd:/DOPAMS/Toystack/dopams-backend-staging/node_modules/aws-sdk/clients/supplychain.d.ts'. ========
Resolution for module '../lib/service' was found in cache from location 'd:/DOPAMS/Toystack/dopams-backend-staging/node_modules/aws-sdk/clients'.
======== Module name '../lib/service' was successfully resolved to 'd:/DOPAMS/Toystack/dopams-backend-staging/node_modules/aws-sdk/lib/service.d.ts' with Package ID 'aws-sdk/lib/service.d.ts@2.1693.0'. ========
======== Resolving module '../lib/config-base' from 'd:/DOPAMS/Toystack/dopams-backend-staging/node_modules/aws-sdk/clients/supplychain.d.ts'. ========
Resolution for module '../lib/config-base' was found in cache from location 'd:/DOPAMS/Toystack/dopams-backend-staging/node_modules/aws-sdk/clients'.
======== Module name '../lib/config-base' was successfully resolved to 'd:/DOPAMS/Toystack/dopams-backend-staging/node_modules/aws-sdk/lib/config-base.d.ts' with Package ID 'aws-sdk/lib/config-base.d.ts@2.1693.0'. ========
File 'd:/DOPAMS/Toystack/dopams-backend-staging/node_modules/aws-sdk/clients/package.json' does not exist according to earlier cached lookups.
File 'd:/DOPAMS/Toystack/dopams-backend-staging/node_modules/aws-sdk/package.json' exists according to earlier cached lookups.
======== Resolving module '../lib/request' from 'd:/DOPAMS/Toystack/dopams-backend-staging/node_modules/aws-sdk/clients/artifact.d.ts'. ========
Resolution for module '../lib/request' was found in cache from location 'd:/DOPAMS/Toystack/dopams-backend-staging/node_modules/aws-sdk/clients'.
======== Module name '../lib/request' was successfully resolved to 'd:/DOPAMS/Toystack/dopams-backend-staging/node_modules/aws-sdk/lib/request.d.ts' with Package ID 'aws-sdk/lib/request.d.ts@2.1693.0'. ========
======== Resolving module '../lib/response' from 'd:/DOPAMS/Toystack/dopams-backend-staging/node_modules/aws-sdk/clients/artifact.d.ts'. ========
Resolution for module '../lib/response' was found in cache from location 'd:/DOPAMS/Toystack/dopams-backend-staging/node_modules/aws-sdk/clients'.
======== Module name '../lib/response' was successfully resolved to 'd:/DOPAMS/Toystack/dopams-backend-staging/node_modules/aws-sdk/lib/response.d.ts' with Package ID 'aws-sdk/lib/response.d.ts@2.1693.0'. ========
======== Resolving module '../lib/error' from 'd:/DOPAMS/Toystack/dopams-backend-staging/node_modules/aws-sdk/clients/artifact.d.ts'. ========
Resolution for module '../lib/error' was found in cache from location 'd:/DOPAMS/Toystack/dopams-backend-staging/node_modules/aws-sdk/clients'.
======== Module name '../lib/error' was successfully resolved to 'd:/DOPAMS/Toystack/dopams-backend-staging/node_modules/aws-sdk/lib/error.d.ts' with Package ID 'aws-sdk/lib/error.d.ts@2.1693.0'. ========
======== Resolving module '../lib/service' from 'd:/DOPAMS/Toystack/dopams-backend-staging/node_modules/aws-sdk/clients/artifact.d.ts'. ========
Resolution for module '../lib/service' was found in cache from location 'd:/DOPAMS/Toystack/dopams-backend-staging/node_modules/aws-sdk/clients'.
======== Module name '../lib/service' was successfully resolved to 'd:/DOPAMS/Toystack/dopams-backend-staging/node_modules/aws-sdk/lib/service.d.ts' with Package ID 'aws-sdk/lib/service.d.ts@2.1693.0'. ========
======== Resolving module '../lib/config-base' from 'd:/DOPAMS/Toystack/dopams-backend-staging/node_modules/aws-sdk/clients/artifact.d.ts'. ========
Resolution for module '../lib/config-base' was found in cache from location 'd:/DOPAMS/Toystack/dopams-backend-staging/node_modules/aws-sdk/clients'.
======== Module name '../lib/config-base' was successfully resolved to 'd:/DOPAMS/Toystack/dopams-backend-staging/node_modules/aws-sdk/lib/config-base.d.ts' with Package ID 'aws-sdk/lib/config-base.d.ts@2.1693.0'. ========
File 'd:/DOPAMS/Toystack/dopams-backend-staging/node_modules/aws-sdk/clients/package.json' does not exist according to earlier cached lookups.
File 'd:/DOPAMS/Toystack/dopams-backend-staging/node_modules/aws-sdk/package.json' exists according to earlier cached lookups.
======== Resolving module '../lib/request' from 'd:/DOPAMS/Toystack/dopams-backend-staging/node_modules/aws-sdk/clients/chatbot.d.ts'. ========
Resolution for module '../lib/request' was found in cache from location 'd:/DOPAMS/Toystack/dopams-backend-staging/node_modules/aws-sdk/clients'.
======== Module name '../lib/request' was successfully resolved to 'd:/DOPAMS/Toystack/dopams-backend-staging/node_modules/aws-sdk/lib/request.d.ts' with Package ID 'aws-sdk/lib/request.d.ts@2.1693.0'. ========
======== Resolving module '../lib/response' from 'd:/DOPAMS/Toystack/dopams-backend-staging/node_modules/aws-sdk/clients/chatbot.d.ts'. ========
Resolution for module '../lib/response' was found in cache from location 'd:/DOPAMS/Toystack/dopams-backend-staging/node_modules/aws-sdk/clients'.
======== Module name '../lib/response' was successfully resolved to 'd:/DOPAMS/Toystack/dopams-backend-staging/node_modules/aws-sdk/lib/response.d.ts' with Package ID 'aws-sdk/lib/response.d.ts@2.1693.0'. ========
======== Resolving module '../lib/error' from 'd:/DOPAMS/Toystack/dopams-backend-staging/node_modules/aws-sdk/clients/chatbot.d.ts'. ========
Resolution for module '../lib/error' was found in cache from location 'd:/DOPAMS/Toystack/dopams-backend-staging/node_modules/aws-sdk/clients'.
======== Module name '../lib/error' was successfully resolved to 'd:/DOPAMS/Toystack/dopams-backend-staging/node_modules/aws-sdk/lib/error.d.ts' with Package ID 'aws-sdk/lib/error.d.ts@2.1693.0'. ========
======== Resolving module '../lib/service' from 'd:/DOPAMS/Toystack/dopams-backend-staging/node_modules/aws-sdk/clients/chatbot.d.ts'. ========
Resolution for module '../lib/service' was found in cache from location 'd:/DOPAMS/Toystack/dopams-backend-staging/node_modules/aws-sdk/clients'.
======== Module name '../lib/service' was successfully resolved to 'd:/DOPAMS/Toystack/dopams-backend-staging/node_modules/aws-sdk/lib/service.d.ts' with Package ID 'aws-sdk/lib/service.d.ts@2.1693.0'. ========
======== Resolving module '../lib/config-base' from 'd:/DOPAMS/Toystack/dopams-backend-staging/node_modules/aws-sdk/clients/chatbot.d.ts'. ========
Resolution for module '../lib/config-base' was found in cache from location 'd:/DOPAMS/Toystack/dopams-backend-staging/node_modules/aws-sdk/clients'.
======== Module name '../lib/config-base' was successfully resolved to 'd:/DOPAMS/Toystack/dopams-backend-staging/node_modules/aws-sdk/lib/config-base.d.ts' with Package ID 'aws-sdk/lib/config-base.d.ts@2.1693.0'. ========
File 'd:/DOPAMS/Toystack/dopams-backend-staging/node_modules/aws-sdk/clients/package.json' does not exist according to earlier cached lookups.
File 'd:/DOPAMS/Toystack/dopams-backend-staging/node_modules/aws-sdk/package.json' exists according to earlier cached lookups.
======== Resolving module '../lib/request' from 'd:/DOPAMS/Toystack/dopams-backend-staging/node_modules/aws-sdk/clients/timestreaminfluxdb.d.ts'. ========
Resolution for module '../lib/request' was found in cache from location 'd:/DOPAMS/Toystack/dopams-backend-staging/node_modules/aws-sdk/clients'.
======== Module name '../lib/request' was successfully resolved to 'd:/DOPAMS/Toystack/dopams-backend-staging/node_modules/aws-sdk/lib/request.d.ts' with Package ID 'aws-sdk/lib/request.d.ts@2.1693.0'. ========
======== Resolving module '../lib/response' from 'd:/DOPAMS/Toystack/dopams-backend-staging/node_modules/aws-sdk/clients/timestreaminfluxdb.d.ts'. ========
Resolution for module '../lib/response' was found in cache from location 'd:/DOPAMS/Toystack/dopams-backend-staging/node_modules/aws-sdk/clients'.
======== Module name '../lib/response' was successfully resolved to 'd:/DOPAMS/Toystack/dopams-backend-staging/node_modules/aws-sdk/lib/response.d.ts' with Package ID 'aws-sdk/lib/response.d.ts@2.1693.0'. ========
======== Resolving module '../lib/error' from 'd:/DOPAMS/Toystack/dopams-backend-staging/node_modules/aws-sdk/clients/timestreaminfluxdb.d.ts'. ========
Resolution for module '../lib/error' was found in cache from location 'd:/DOPAMS/Toystack/dopams-backend-staging/node_modules/aws-sdk/clients'.
======== Module name '../lib/error' was successfully resolved to 'd:/DOPAMS/Toystack/dopams-backend-staging/node_modules/aws-sdk/lib/error.d.ts' with Package ID 'aws-sdk/lib/error.d.ts@2.1693.0'. ========
======== Resolving module '../lib/service' from 'd:/DOPAMS/Toystack/dopams-backend-staging/node_modules/aws-sdk/clients/timestreaminfluxdb.d.ts'. ========
Resolution for module '../lib/service' was found in cache from location 'd:/DOPAMS/Toystack/dopams-backend-staging/node_modules/aws-sdk/clients'.
======== Module name '../lib/service' was successfully resolved to 'd:/DOPAMS/Toystack/dopams-backend-staging/node_modules/aws-sdk/lib/service.d.ts' with Package ID 'aws-sdk/lib/service.d.ts@2.1693.0'. ========
======== Resolving module '../lib/config-base' from 'd:/DOPAMS/Toystack/dopams-backend-staging/node_modules/aws-sdk/clients/timestreaminfluxdb.d.ts'. ========
Resolution for module '../lib/config-base' was found in cache from location 'd:/DOPAMS/Toystack/dopams-backend-staging/node_modules/aws-sdk/clients'.
======== Module name '../lib/config-base' was successfully resolved to 'd:/DOPAMS/Toystack/dopams-backend-staging/node_modules/aws-sdk/lib/config-base.d.ts' with Package ID 'aws-sdk/lib/config-base.d.ts@2.1693.0'. ========
File 'd:/DOPAMS/Toystack/dopams-backend-staging/node_modules/aws-sdk/clients/package.json' does not exist according to earlier cached lookups.
File 'd:/DOPAMS/Toystack/dopams-backend-staging/node_modules/aws-sdk/package.json' exists according to earlier cached lookups.
======== Resolving module '../lib/request' from 'd:/DOPAMS/Toystack/dopams-backend-staging/node_modules/aws-sdk/clients/codeconnections.d.ts'. ========
Resolution for module '../lib/request' was found in cache from location 'd:/DOPAMS/Toystack/dopams-backend-staging/node_modules/aws-sdk/clients'.
======== Module name '../lib/request' was successfully resolved to 'd:/DOPAMS/Toystack/dopams-backend-staging/node_modules/aws-sdk/lib/request.d.ts' with Package ID 'aws-sdk/lib/request.d.ts@2.1693.0'. ========
======== Resolving module '../lib/response' from 'd:/DOPAMS/Toystack/dopams-backend-staging/node_modules/aws-sdk/clients/codeconnections.d.ts'. ========
Resolution for module '../lib/response' was found in cache from location 'd:/DOPAMS/Toystack/dopams-backend-staging/node_modules/aws-sdk/clients'.
======== Module name '../lib/response' was successfully resolved to 'd:/DOPAMS/Toystack/dopams-backend-staging/node_modules/aws-sdk/lib/response.d.ts' with Package ID 'aws-sdk/lib/response.d.ts@2.1693.0'. ========
======== Resolving module '../lib/error' from 'd:/DOPAMS/Toystack/dopams-backend-staging/node_modules/aws-sdk/clients/codeconnections.d.ts'. ========
Resolution for module '../lib/error' was found in cache from location 'd:/DOPAMS/Toystack/dopams-backend-staging/node_modules/aws-sdk/clients'.
======== Module name '../lib/error' was successfully resolved to 'd:/DOPAMS/Toystack/dopams-backend-staging/node_modules/aws-sdk/lib/error.d.ts' with Package ID 'aws-sdk/lib/error.d.ts@2.1693.0'. ========
======== Resolving module '../lib/service' from 'd:/DOPAMS/Toystack/dopams-backend-staging/node_modules/aws-sdk/clients/codeconnections.d.ts'. ========
Resolution for module '../lib/service' was found in cache from location 'd:/DOPAMS/Toystack/dopams-backend-staging/node_modules/aws-sdk/clients'.
======== Module name '../lib/service' was successfully resolved to 'd:/DOPAMS/Toystack/dopams-backend-staging/node_modules/aws-sdk/lib/service.d.ts' with Package ID 'aws-sdk/lib/service.d.ts@2.1693.0'. ========
======== Resolving module '../lib/config-base' from 'd:/DOPAMS/Toystack/dopams-backend-staging/node_modules/aws-sdk/clients/codeconnections.d.ts'. ========
Resolution for module '../lib/config-base' was found in cache from location 'd:/DOPAMS/Toystack/dopams-backend-staging/node_modules/aws-sdk/clients'.
======== Module name '../lib/config-base' was successfully resolved to 'd:/DOPAMS/Toystack/dopams-backend-staging/node_modules/aws-sdk/lib/config-base.d.ts' with Package ID 'aws-sdk/lib/config-base.d.ts@2.1693.0'. ========
File 'd:/DOPAMS/Toystack/dopams-backend-staging/node_modules/aws-sdk/clients/package.json' does not exist according to earlier cached lookups.
File 'd:/DOPAMS/Toystack/dopams-backend-staging/node_modules/aws-sdk/package.json' exists according to earlier cached lookups.
======== Resolving module '../lib/request' from 'd:/DOPAMS/Toystack/dopams-backend-staging/node_modules/aws-sdk/clients/deadline.d.ts'. ========
Resolution for module '../lib/request' was found in cache from location 'd:/DOPAMS/Toystack/dopams-backend-staging/node_modules/aws-sdk/clients'.
======== Module name '../lib/request' was successfully resolved to 'd:/DOPAMS/Toystack/dopams-backend-staging/node_modules/aws-sdk/lib/request.d.ts' with Package ID 'aws-sdk/lib/request.d.ts@2.1693.0'. ========
======== Resolving module '../lib/response' from 'd:/DOPAMS/Toystack/dopams-backend-staging/node_modules/aws-sdk/clients/deadline.d.ts'. ========
Resolution for module '../lib/response' was found in cache from location 'd:/DOPAMS/Toystack/dopams-backend-staging/node_modules/aws-sdk/clients'.
======== Module name '../lib/response' was successfully resolved to 'd:/DOPAMS/Toystack/dopams-backend-staging/node_modules/aws-sdk/lib/response.d.ts' with Package ID 'aws-sdk/lib/response.d.ts@2.1693.0'. ========
======== Resolving module '../lib/error' from 'd:/DOPAMS/Toystack/dopams-backend-staging/node_modules/aws-sdk/clients/deadline.d.ts'. ========
Resolution for module '../lib/error' was found in cache from location 'd:/DOPAMS/Toystack/dopams-backend-staging/node_modules/aws-sdk/clients'.
======== Module name '../lib/error' was successfully resolved to 'd:/DOPAMS/Toystack/dopams-backend-staging/node_modules/aws-sdk/lib/error.d.ts' with Package ID 'aws-sdk/lib/error.d.ts@2.1693.0'. ========
======== Resolving module '../lib/service' from 'd:/DOPAMS/Toystack/dopams-backend-staging/node_modules/aws-sdk/clients/deadline.d.ts'. ========
Resolution for module '../lib/service' was found in cache from location 'd:/DOPAMS/Toystack/dopams-backend-staging/node_modules/aws-sdk/clients'.
======== Module name '../lib/service' was successfully resolved to 'd:/DOPAMS/Toystack/dopams-backend-staging/node_modules/aws-sdk/lib/service.d.ts' with Package ID 'aws-sdk/lib/service.d.ts@2.1693.0'. ========
======== Resolving module '../lib/config-base' from 'd:/DOPAMS/Toystack/dopams-backend-staging/node_modules/aws-sdk/clients/deadline.d.ts'. ========
Resolution for module '../lib/config-base' was found in cache from location 'd:/DOPAMS/Toystack/dopams-backend-staging/node_modules/aws-sdk/clients'.
======== Module name '../lib/config-base' was successfully resolved to 'd:/DOPAMS/Toystack/dopams-backend-staging/node_modules/aws-sdk/lib/config-base.d.ts' with Package ID 'aws-sdk/lib/config-base.d.ts@2.1693.0'. ========
File 'd:/DOPAMS/Toystack/dopams-backend-staging/node_modules/aws-sdk/clients/package.json' does not exist according to earlier cached lookups.
File 'd:/DOPAMS/Toystack/dopams-backend-staging/node_modules/aws-sdk/package.json' exists according to earlier cached lookups.
======== Resolving module '../lib/request' from 'd:/DOPAMS/Toystack/dopams-backend-staging/node_modules/aws-sdk/clients/controlcatalog.d.ts'. ========
Resolution for module '../lib/request' was found in cache from location 'd:/DOPAMS/Toystack/dopams-backend-staging/node_modules/aws-sdk/clients'.
======== Module name '../lib/request' was successfully resolved to 'd:/DOPAMS/Toystack/dopams-backend-staging/node_modules/aws-sdk/lib/request.d.ts' with Package ID 'aws-sdk/lib/request.d.ts@2.1693.0'. ========
======== Resolving module '../lib/response' from 'd:/DOPAMS/Toystack/dopams-backend-staging/node_modules/aws-sdk/clients/controlcatalog.d.ts'. ========
Resolution for module '../lib/response' was found in cache from location 'd:/DOPAMS/Toystack/dopams-backend-staging/node_modules/aws-sdk/clients'.
======== Module name '../lib/response' was successfully resolved to 'd:/DOPAMS/Toystack/dopams-backend-staging/node_modules/aws-sdk/lib/response.d.ts' with Package ID 'aws-sdk/lib/response.d.ts@2.1693.0'. ========
======== Resolving module '../lib/error' from 'd:/DOPAMS/Toystack/dopams-backend-staging/node_modules/aws-sdk/clients/controlcatalog.d.ts'. ========
Resolution for module '../lib/error' was found in cache from location 'd:/DOPAMS/Toystack/dopams-backend-staging/node_modules/aws-sdk/clients'.
======== Module name '../lib/error' was successfully resolved to 'd:/DOPAMS/Toystack/dopams-backend-staging/node_modules/aws-sdk/lib/error.d.ts' with Package ID 'aws-sdk/lib/error.d.ts@2.1693.0'. ========
======== Resolving module '../lib/service' from 'd:/DOPAMS/Toystack/dopams-backend-staging/node_modules/aws-sdk/clients/controlcatalog.d.ts'. ========
Resolution for module '../lib/service' was found in cache from location 'd:/DOPAMS/Toystack/dopams-backend-staging/node_modules/aws-sdk/clients'.
======== Module name '../lib/service' was successfully resolved to 'd:/DOPAMS/Toystack/dopams-backend-staging/node_modules/aws-sdk/lib/service.d.ts' with Package ID 'aws-sdk/lib/service.d.ts@2.1693.0'. ========
======== Resolving module '../lib/config-base' from 'd:/DOPAMS/Toystack/dopams-backend-staging/node_modules/aws-sdk/clients/controlcatalog.d.ts'. ========
Resolution for module '../lib/config-base' was found in cache from location 'd:/DOPAMS/Toystack/dopams-backend-staging/node_modules/aws-sdk/clients'.
======== Module name '../lib/config-base' was successfully resolved to 'd:/DOPAMS/Toystack/dopams-backend-staging/node_modules/aws-sdk/lib/config-base.d.ts' with Package ID 'aws-sdk/lib/config-base.d.ts@2.1693.0'. ========
File 'd:/DOPAMS/Toystack/dopams-backend-staging/node_modules/aws-sdk/clients/package.json' does not exist according to earlier cached lookups.
File 'd:/DOPAMS/Toystack/dopams-backend-staging/node_modules/aws-sdk/package.json' exists according to earlier cached lookups.
======== Resolving module '../lib/request' from 'd:/DOPAMS/Toystack/dopams-backend-staging/node_modules/aws-sdk/clients/route53profiles.d.ts'. ========
Resolution for module '../lib/request' was found in cache from location 'd:/DOPAMS/Toystack/dopams-backend-staging/node_modules/aws-sdk/clients'.
======== Module name '../lib/request' was successfully resolved to 'd:/DOPAMS/Toystack/dopams-backend-staging/node_modules/aws-sdk/lib/request.d.ts' with Package ID 'aws-sdk/lib/request.d.ts@2.1693.0'. ========
======== Resolving module '../lib/response' from 'd:/DOPAMS/Toystack/dopams-backend-staging/node_modules/aws-sdk/clients/route53profiles.d.ts'. ========
Resolution for module '../lib/response' was found in cache from location 'd:/DOPAMS/Toystack/dopams-backend-staging/node_modules/aws-sdk/clients'.
======== Module name '../lib/response' was successfully resolved to 'd:/DOPAMS/Toystack/dopams-backend-staging/node_modules/aws-sdk/lib/response.d.ts' with Package ID 'aws-sdk/lib/response.d.ts@2.1693.0'. ========
======== Resolving module '../lib/error' from 'd:/DOPAMS/Toystack/dopams-backend-staging/node_modules/aws-sdk/clients/route53profiles.d.ts'. ========
Resolution for module '../lib/error' was found in cache from location 'd:/DOPAMS/Toystack/dopams-backend-staging/node_modules/aws-sdk/clients'.
======== Module name '../lib/error' was successfully resolved to 'd:/DOPAMS/Toystack/dopams-backend-staging/node_modules/aws-sdk/lib/error.d.ts' with Package ID 'aws-sdk/lib/error.d.ts@2.1693.0'. ========
======== Resolving module '../lib/service' from 'd:/DOPAMS/Toystack/dopams-backend-staging/node_modules/aws-sdk/clients/route53profiles.d.ts'. ========
Resolution for module '../lib/service' was found in cache from location 'd:/DOPAMS/Toystack/dopams-backend-staging/node_modules/aws-sdk/clients'.
======== Module name '../lib/service' was successfully resolved to 'd:/DOPAMS/Toystack/dopams-backend-staging/node_modules/aws-sdk/lib/service.d.ts' with Package ID 'aws-sdk/lib/service.d.ts@2.1693.0'. ========
======== Resolving module '../lib/config-base' from 'd:/DOPAMS/Toystack/dopams-backend-staging/node_modules/aws-sdk/clients/route53profiles.d.ts'. ========
Resolution for module '../lib/config-base' was found in cache from location 'd:/DOPAMS/Toystack/dopams-backend-staging/node_modules/aws-sdk/clients'.
======== Module name '../lib/config-base' was successfully resolved to 'd:/DOPAMS/Toystack/dopams-backend-staging/node_modules/aws-sdk/lib/config-base.d.ts' with Package ID 'aws-sdk/lib/config-base.d.ts@2.1693.0'. ========
File 'd:/DOPAMS/Toystack/dopams-backend-staging/node_modules/aws-sdk/clients/package.json' does not exist according to earlier cached lookups.
File 'd:/DOPAMS/Toystack/dopams-backend-staging/node_modules/aws-sdk/package.json' exists according to earlier cached lookups.
======== Resolving module '../lib/request' from 'd:/DOPAMS/Toystack/dopams-backend-staging/node_modules/aws-sdk/clients/mailmanager.d.ts'. ========
Resolution for module '../lib/request' was found in cache from location 'd:/DOPAMS/Toystack/dopams-backend-staging/node_modules/aws-sdk/clients'.
======== Module name '../lib/request' was successfully resolved to 'd:/DOPAMS/Toystack/dopams-backend-staging/node_modules/aws-sdk/lib/request.d.ts' with Package ID 'aws-sdk/lib/request.d.ts@2.1693.0'. ========
======== Resolving module '../lib/response' from 'd:/DOPAMS/Toystack/dopams-backend-staging/node_modules/aws-sdk/clients/mailmanager.d.ts'. ========
Resolution for module '../lib/response' was found in cache from location 'd:/DOPAMS/Toystack/dopams-backend-staging/node_modules/aws-sdk/clients'.
======== Module name '../lib/response' was successfully resolved to 'd:/DOPAMS/Toystack/dopams-backend-staging/node_modules/aws-sdk/lib/response.d.ts' with Package ID 'aws-sdk/lib/response.d.ts@2.1693.0'. ========
======== Resolving module '../lib/error' from 'd:/DOPAMS/Toystack/dopams-backend-staging/node_modules/aws-sdk/clients/mailmanager.d.ts'. ========
Resolution for module '../lib/error' was found in cache from location 'd:/DOPAMS/Toystack/dopams-backend-staging/node_modules/aws-sdk/clients'.
======== Module name '../lib/error' was successfully resolved to 'd:/DOPAMS/Toystack/dopams-backend-staging/node_modules/aws-sdk/lib/error.d.ts' with Package ID 'aws-sdk/lib/error.d.ts@2.1693.0'. ========
======== Resolving module '../lib/service' from 'd:/DOPAMS/Toystack/dopams-backend-staging/node_modules/aws-sdk/clients/mailmanager.d.ts'. ========
Resolution for module '../lib/service' was found in cache from location 'd:/DOPAMS/Toystack/dopams-backend-staging/node_modules/aws-sdk/clients'.
======== Module name '../lib/service' was successfully resolved to 'd:/DOPAMS/Toystack/dopams-backend-staging/node_modules/aws-sdk/lib/service.d.ts' with Package ID 'aws-sdk/lib/service.d.ts@2.1693.0'. ========
======== Resolving module '../lib/config-base' from 'd:/DOPAMS/Toystack/dopams-backend-staging/node_modules/aws-sdk/clients/mailmanager.d.ts'. ========
Resolution for module '../lib/config-base' was found in cache from location 'd:/DOPAMS/Toystack/dopams-backend-staging/node_modules/aws-sdk/clients'.
======== Module name '../lib/config-base' was successfully resolved to 'd:/DOPAMS/Toystack/dopams-backend-staging/node_modules/aws-sdk/lib/config-base.d.ts' with Package ID 'aws-sdk/lib/config-base.d.ts@2.1693.0'. ========
File 'd:/DOPAMS/Toystack/dopams-backend-staging/node_modules/aws-sdk/clients/package.json' does not exist according to earlier cached lookups.
File 'd:/DOPAMS/Toystack/dopams-backend-staging/node_modules/aws-sdk/package.json' exists according to earlier cached lookups.
======== Resolving module '../lib/request' from 'd:/DOPAMS/Toystack/dopams-backend-staging/node_modules/aws-sdk/clients/taxsettings.d.ts'. ========
Resolution for module '../lib/request' was found in cache from location 'd:/DOPAMS/Toystack/dopams-backend-staging/node_modules/aws-sdk/clients'.
======== Module name '../lib/request' was successfully resolved to 'd:/DOPAMS/Toystack/dopams-backend-staging/node_modules/aws-sdk/lib/request.d.ts' with Package ID 'aws-sdk/lib/request.d.ts@2.1693.0'. ========
======== Resolving module '../lib/response' from 'd:/DOPAMS/Toystack/dopams-backend-staging/node_modules/aws-sdk/clients/taxsettings.d.ts'. ========
Resolution for module '../lib/response' was found in cache from location 'd:/DOPAMS/Toystack/dopams-backend-staging/node_modules/aws-sdk/clients'.
======== Module name '../lib/response' was successfully resolved to 'd:/DOPAMS/Toystack/dopams-backend-staging/node_modules/aws-sdk/lib/response.d.ts' with Package ID 'aws-sdk/lib/response.d.ts@2.1693.0'. ========
======== Resolving module '../lib/error' from 'd:/DOPAMS/Toystack/dopams-backend-staging/node_modules/aws-sdk/clients/taxsettings.d.ts'. ========
Resolution for module '../lib/error' was found in cache from location 'd:/DOPAMS/Toystack/dopams-backend-staging/node_modules/aws-sdk/clients'.
======== Module name '../lib/error' was successfully resolved to 'd:/DOPAMS/Toystack/dopams-backend-staging/node_modules/aws-sdk/lib/error.d.ts' with Package ID 'aws-sdk/lib/error.d.ts@2.1693.0'. ========
======== Resolving module '../lib/service' from 'd:/DOPAMS/Toystack/dopams-backend-staging/node_modules/aws-sdk/clients/taxsettings.d.ts'. ========
Resolution for module '../lib/service' was found in cache from location 'd:/DOPAMS/Toystack/dopams-backend-staging/node_modules/aws-sdk/clients'.
======== Module name '../lib/service' was successfully resolved to 'd:/DOPAMS/Toystack/dopams-backend-staging/node_modules/aws-sdk/lib/service.d.ts' with Package ID 'aws-sdk/lib/service.d.ts@2.1693.0'. ========
======== Resolving module '../lib/config-base' from 'd:/DOPAMS/Toystack/dopams-backend-staging/node_modules/aws-sdk/clients/taxsettings.d.ts'. ========
Resolution for module '../lib/config-base' was found in cache from location 'd:/DOPAMS/Toystack/dopams-backend-staging/node_modules/aws-sdk/clients'.
======== Module name '../lib/config-base' was successfully resolved to 'd:/DOPAMS/Toystack/dopams-backend-staging/node_modules/aws-sdk/lib/config-base.d.ts' with Package ID 'aws-sdk/lib/config-base.d.ts@2.1693.0'. ========
File 'd:/DOPAMS/Toystack/dopams-backend-staging/node_modules/aws-sdk/clients/package.json' does not exist according to earlier cached lookups.
File 'd:/DOPAMS/Toystack/dopams-backend-staging/node_modules/aws-sdk/package.json' exists according to earlier cached lookups.
======== Resolving module '../lib/request' from 'd:/DOPAMS/Toystack/dopams-backend-staging/node_modules/aws-sdk/clients/applicationsignals.d.ts'. ========
Resolution for module '../lib/request' was found in cache from location 'd:/DOPAMS/Toystack/dopams-backend-staging/node_modules/aws-sdk/clients'.
======== Module name '../lib/request' was successfully resolved to 'd:/DOPAMS/Toystack/dopams-backend-staging/node_modules/aws-sdk/lib/request.d.ts' with Package ID 'aws-sdk/lib/request.d.ts@2.1693.0'. ========
======== Resolving module '../lib/response' from 'd:/DOPAMS/Toystack/dopams-backend-staging/node_modules/aws-sdk/clients/applicationsignals.d.ts'. ========
Resolution for module '../lib/response' was found in cache from location 'd:/DOPAMS/Toystack/dopams-backend-staging/node_modules/aws-sdk/clients'.
======== Module name '../lib/response' was successfully resolved to 'd:/DOPAMS/Toystack/dopams-backend-staging/node_modules/aws-sdk/lib/response.d.ts' with Package ID 'aws-sdk/lib/response.d.ts@2.1693.0'. ========
======== Resolving module '../lib/error' from 'd:/DOPAMS/Toystack/dopams-backend-staging/node_modules/aws-sdk/clients/applicationsignals.d.ts'. ========
Resolution for module '../lib/error' was found in cache from location 'd:/DOPAMS/Toystack/dopams-backend-staging/node_modules/aws-sdk/clients'.
======== Module name '../lib/error' was successfully resolved to 'd:/DOPAMS/Toystack/dopams-backend-staging/node_modules/aws-sdk/lib/error.d.ts' with Package ID 'aws-sdk/lib/error.d.ts@2.1693.0'. ========
======== Resolving module '../lib/service' from 'd:/DOPAMS/Toystack/dopams-backend-staging/node_modules/aws-sdk/clients/applicationsignals.d.ts'. ========
Resolution for module '../lib/service' was found in cache from location 'd:/DOPAMS/Toystack/dopams-backend-staging/node_modules/aws-sdk/clients'.
======== Module name '../lib/service' was successfully resolved to 'd:/DOPAMS/Toystack/dopams-backend-staging/node_modules/aws-sdk/lib/service.d.ts' with Package ID 'aws-sdk/lib/service.d.ts@2.1693.0'. ========
======== Resolving module '../lib/config-base' from 'd:/DOPAMS/Toystack/dopams-backend-staging/node_modules/aws-sdk/clients/applicationsignals.d.ts'. ========
Resolution for module '../lib/config-base' was found in cache from location 'd:/DOPAMS/Toystack/dopams-backend-staging/node_modules/aws-sdk/clients'.
======== Module name '../lib/config-base' was successfully resolved to 'd:/DOPAMS/Toystack/dopams-backend-staging/node_modules/aws-sdk/lib/config-base.d.ts' with Package ID 'aws-sdk/lib/config-base.d.ts@2.1693.0'. ========
File 'd:/DOPAMS/Toystack/dopams-backend-staging/node_modules/aws-sdk/clients/package.json' does not exist according to earlier cached lookups.
File 'd:/DOPAMS/Toystack/dopams-backend-staging/node_modules/aws-sdk/package.json' exists according to earlier cached lookups.
======== Resolving module '../lib/request' from 'd:/DOPAMS/Toystack/dopams-backend-staging/node_modules/aws-sdk/clients/pcaconnectorscep.d.ts'. ========
Resolution for module '../lib/request' was found in cache from location 'd:/DOPAMS/Toystack/dopams-backend-staging/node_modules/aws-sdk/clients'.
======== Module name '../lib/request' was successfully resolved to 'd:/DOPAMS/Toystack/dopams-backend-staging/node_modules/aws-sdk/lib/request.d.ts' with Package ID 'aws-sdk/lib/request.d.ts@2.1693.0'. ========
======== Resolving module '../lib/response' from 'd:/DOPAMS/Toystack/dopams-backend-staging/node_modules/aws-sdk/clients/pcaconnectorscep.d.ts'. ========
Resolution for module '../lib/response' was found in cache from location 'd:/DOPAMS/Toystack/dopams-backend-staging/node_modules/aws-sdk/clients'.
======== Module name '../lib/response' was successfully resolved to 'd:/DOPAMS/Toystack/dopams-backend-staging/node_modules/aws-sdk/lib/response.d.ts' with Package ID 'aws-sdk/lib/response.d.ts@2.1693.0'. ========
======== Resolving module '../lib/error' from 'd:/DOPAMS/Toystack/dopams-backend-staging/node_modules/aws-sdk/clients/pcaconnectorscep.d.ts'. ========
Resolution for module '../lib/error' was found in cache from location 'd:/DOPAMS/Toystack/dopams-backend-staging/node_modules/aws-sdk/clients'.
======== Module name '../lib/error' was successfully resolved to 'd:/DOPAMS/Toystack/dopams-backend-staging/node_modules/aws-sdk/lib/error.d.ts' with Package ID 'aws-sdk/lib/error.d.ts@2.1693.0'. ========
======== Resolving module '../lib/service' from 'd:/DOPAMS/Toystack/dopams-backend-staging/node_modules/aws-sdk/clients/pcaconnectorscep.d.ts'. ========
Resolution for module '../lib/service' was found in cache from location 'd:/DOPAMS/Toystack/dopams-backend-staging/node_modules/aws-sdk/clients'.
======== Module name '../lib/service' was successfully resolved to 'd:/DOPAMS/Toystack/dopams-backend-staging/node_modules/aws-sdk/lib/service.d.ts' with Package ID 'aws-sdk/lib/service.d.ts@2.1693.0'. ========
======== Resolving module '../lib/config-base' from 'd:/DOPAMS/Toystack/dopams-backend-staging/node_modules/aws-sdk/clients/pcaconnectorscep.d.ts'. ========
Resolution for module '../lib/config-base' was found in cache from location 'd:/DOPAMS/Toystack/dopams-backend-staging/node_modules/aws-sdk/clients'.
======== Module name '../lib/config-base' was successfully resolved to 'd:/DOPAMS/Toystack/dopams-backend-staging/node_modules/aws-sdk/lib/config-base.d.ts' with Package ID 'aws-sdk/lib/config-base.d.ts@2.1693.0'. ========
File 'd:/DOPAMS/Toystack/dopams-backend-staging/node_modules/aws-sdk/clients/package.json' does not exist according to earlier cached lookups.
File 'd:/DOPAMS/Toystack/dopams-backend-staging/node_modules/aws-sdk/package.json' exists according to earlier cached lookups.
======== Resolving module '../lib/request' from 'd:/DOPAMS/Toystack/dopams-backend-staging/node_modules/aws-sdk/clients/apptest.d.ts'. ========
Resolution for module '../lib/request' was found in cache from location 'd:/DOPAMS/Toystack/dopams-backend-staging/node_modules/aws-sdk/clients'.
======== Module name '../lib/request' was successfully resolved to 'd:/DOPAMS/Toystack/dopams-backend-staging/node_modules/aws-sdk/lib/request.d.ts' with Package ID 'aws-sdk/lib/request.d.ts@2.1693.0'. ========
======== Resolving module '../lib/response' from 'd:/DOPAMS/Toystack/dopams-backend-staging/node_modules/aws-sdk/clients/apptest.d.ts'. ========
Resolution for module '../lib/response' was found in cache from location 'd:/DOPAMS/Toystack/dopams-backend-staging/node_modules/aws-sdk/clients'.
======== Module name '../lib/response' was successfully resolved to 'd:/DOPAMS/Toystack/dopams-backend-staging/node_modules/aws-sdk/lib/response.d.ts' with Package ID 'aws-sdk/lib/response.d.ts@2.1693.0'. ========
======== Resolving module '../lib/error' from 'd:/DOPAMS/Toystack/dopams-backend-staging/node_modules/aws-sdk/clients/apptest.d.ts'. ========
Resolution for module '../lib/error' was found in cache from location 'd:/DOPAMS/Toystack/dopams-backend-staging/node_modules/aws-sdk/clients'.
======== Module name '../lib/error' was successfully resolved to 'd:/DOPAMS/Toystack/dopams-backend-staging/node_modules/aws-sdk/lib/error.d.ts' with Package ID 'aws-sdk/lib/error.d.ts@2.1693.0'. ========
======== Resolving module '../lib/service' from 'd:/DOPAMS/Toystack/dopams-backend-staging/node_modules/aws-sdk/clients/apptest.d.ts'. ========
Resolution for module '../lib/service' was found in cache from location 'd:/DOPAMS/Toystack/dopams-backend-staging/node_modules/aws-sdk/clients'.
======== Module name '../lib/service' was successfully resolved to 'd:/DOPAMS/Toystack/dopams-backend-staging/node_modules/aws-sdk/lib/service.d.ts' with Package ID 'aws-sdk/lib/service.d.ts@2.1693.0'. ========
======== Resolving module '../lib/config-base' from 'd:/DOPAMS/Toystack/dopams-backend-staging/node_modules/aws-sdk/clients/apptest.d.ts'. ========
Resolution for module '../lib/config-base' was found in cache from location 'd:/DOPAMS/Toystack/dopams-backend-staging/node_modules/aws-sdk/clients'.
======== Module name '../lib/config-base' was successfully resolved to 'd:/DOPAMS/Toystack/dopams-backend-staging/node_modules/aws-sdk/lib/config-base.d.ts' with Package ID 'aws-sdk/lib/config-base.d.ts@2.1693.0'. ========
File 'd:/DOPAMS/Toystack/dopams-backend-staging/node_modules/aws-sdk/clients/package.json' does not exist according to earlier cached lookups.
File 'd:/DOPAMS/Toystack/dopams-backend-staging/node_modules/aws-sdk/package.json' exists according to earlier cached lookups.
======== Resolving module '../lib/request' from 'd:/DOPAMS/Toystack/dopams-backend-staging/node_modules/aws-sdk/clients/qapps.d.ts'. ========
Resolution for module '../lib/request' was found in cache from location 'd:/DOPAMS/Toystack/dopams-backend-staging/node_modules/aws-sdk/clients'.
======== Module name '../lib/request' was successfully resolved to 'd:/DOPAMS/Toystack/dopams-backend-staging/node_modules/aws-sdk/lib/request.d.ts' with Package ID 'aws-sdk/lib/request.d.ts@2.1693.0'. ========
======== Resolving module '../lib/response' from 'd:/DOPAMS/Toystack/dopams-backend-staging/node_modules/aws-sdk/clients/qapps.d.ts'. ========
Resolution for module '../lib/response' was found in cache from location 'd:/DOPAMS/Toystack/dopams-backend-staging/node_modules/aws-sdk/clients'.
======== Module name '../lib/response' was successfully resolved to 'd:/DOPAMS/Toystack/dopams-backend-staging/node_modules/aws-sdk/lib/response.d.ts' with Package ID 'aws-sdk/lib/response.d.ts@2.1693.0'. ========
======== Resolving module '../lib/error' from 'd:/DOPAMS/Toystack/dopams-backend-staging/node_modules/aws-sdk/clients/qapps.d.ts'. ========
Resolution for module '../lib/error' was found in cache from location 'd:/DOPAMS/Toystack/dopams-backend-staging/node_modules/aws-sdk/clients'.
======== Module name '../lib/error' was successfully resolved to 'd:/DOPAMS/Toystack/dopams-backend-staging/node_modules/aws-sdk/lib/error.d.ts' with Package ID 'aws-sdk/lib/error.d.ts@2.1693.0'. ========
======== Resolving module '../lib/service' from 'd:/DOPAMS/Toystack/dopams-backend-staging/node_modules/aws-sdk/clients/qapps.d.ts'. ========
Resolution for module '../lib/service' was found in cache from location 'd:/DOPAMS/Toystack/dopams-backend-staging/node_modules/aws-sdk/clients'.
======== Module name '../lib/service' was successfully resolved to 'd:/DOPAMS/Toystack/dopams-backend-staging/node_modules/aws-sdk/lib/service.d.ts' with Package ID 'aws-sdk/lib/service.d.ts@2.1693.0'. ========
======== Resolving module '../lib/config-base' from 'd:/DOPAMS/Toystack/dopams-backend-staging/node_modules/aws-sdk/clients/qapps.d.ts'. ========
Resolution for module '../lib/config-base' was found in cache from location 'd:/DOPAMS/Toystack/dopams-backend-staging/node_modules/aws-sdk/clients'.
======== Module name '../lib/config-base' was successfully resolved to 'd:/DOPAMS/Toystack/dopams-backend-staging/node_modules/aws-sdk/lib/config-base.d.ts' with Package ID 'aws-sdk/lib/config-base.d.ts@2.1693.0'. ========
File 'd:/DOPAMS/Toystack/dopams-backend-staging/node_modules/aws-sdk/clients/package.json' does not exist according to earlier cached lookups.
File 'd:/DOPAMS/Toystack/dopams-backend-staging/node_modules/aws-sdk/package.json' exists according to earlier cached lookups.
======== Resolving module '../lib/request' from 'd:/DOPAMS/Toystack/dopams-backend-staging/node_modules/aws-sdk/clients/ssmquicksetup.d.ts'. ========
Resolution for module '../lib/request' was found in cache from location 'd:/DOPAMS/Toystack/dopams-backend-staging/node_modules/aws-sdk/clients'.
======== Module name '../lib/request' was successfully resolved to 'd:/DOPAMS/Toystack/dopams-backend-staging/node_modules/aws-sdk/lib/request.d.ts' with Package ID 'aws-sdk/lib/request.d.ts@2.1693.0'. ========
======== Resolving module '../lib/response' from 'd:/DOPAMS/Toystack/dopams-backend-staging/node_modules/aws-sdk/clients/ssmquicksetup.d.ts'. ========
Resolution for module '../lib/response' was found in cache from location 'd:/DOPAMS/Toystack/dopams-backend-staging/node_modules/aws-sdk/clients'.
======== Module name '../lib/response' was successfully resolved to 'd:/DOPAMS/Toystack/dopams-backend-staging/node_modules/aws-sdk/lib/response.d.ts' with Package ID 'aws-sdk/lib/response.d.ts@2.1693.0'. ========
======== Resolving module '../lib/error' from 'd:/DOPAMS/Toystack/dopams-backend-staging/node_modules/aws-sdk/clients/ssmquicksetup.d.ts'. ========
Resolution for module '../lib/error' was found in cache from location 'd:/DOPAMS/Toystack/dopams-backend-staging/node_modules/aws-sdk/clients'.
======== Module name '../lib/error' was successfully resolved to 'd:/DOPAMS/Toystack/dopams-backend-staging/node_modules/aws-sdk/lib/error.d.ts' with Package ID 'aws-sdk/lib/error.d.ts@2.1693.0'. ========
======== Resolving module '../lib/service' from 'd:/DOPAMS/Toystack/dopams-backend-staging/node_modules/aws-sdk/clients/ssmquicksetup.d.ts'. ========
Resolution for module '../lib/service' was found in cache from location 'd:/DOPAMS/Toystack/dopams-backend-staging/node_modules/aws-sdk/clients'.
======== Module name '../lib/service' was successfully resolved to 'd:/DOPAMS/Toystack/dopams-backend-staging/node_modules/aws-sdk/lib/service.d.ts' with Package ID 'aws-sdk/lib/service.d.ts@2.1693.0'. ========
======== Resolving module '../lib/config-base' from 'd:/DOPAMS/Toystack/dopams-backend-staging/node_modules/aws-sdk/clients/ssmquicksetup.d.ts'. ========
Resolution for module '../lib/config-base' was found in cache from location 'd:/DOPAMS/Toystack/dopams-backend-staging/node_modules/aws-sdk/clients'.
======== Module name '../lib/config-base' was successfully resolved to 'd:/DOPAMS/Toystack/dopams-backend-staging/node_modules/aws-sdk/lib/config-base.d.ts' with Package ID 'aws-sdk/lib/config-base.d.ts@2.1693.0'. ========
File 'd:/DOPAMS/Toystack/dopams-backend-staging/node_modules/aws-sdk/clients/package.json' does not exist according to earlier cached lookups.
File 'd:/DOPAMS/Toystack/dopams-backend-staging/node_modules/aws-sdk/package.json' exists according to earlier cached lookups.
======== Resolving module '../lib/request' from 'd:/DOPAMS/Toystack/dopams-backend-staging/node_modules/aws-sdk/clients/pcs.d.ts'. ========
Resolution for module '../lib/request' was found in cache from location 'd:/DOPAMS/Toystack/dopams-backend-staging/node_modules/aws-sdk/clients'.
======== Module name '../lib/request' was successfully resolved to 'd:/DOPAMS/Toystack/dopams-backend-staging/node_modules/aws-sdk/lib/request.d.ts' with Package ID 'aws-sdk/lib/request.d.ts@2.1693.0'. ========
======== Resolving module '../lib/response' from 'd:/DOPAMS/Toystack/dopams-backend-staging/node_modules/aws-sdk/clients/pcs.d.ts'. ========
Resolution for module '../lib/response' was found in cache from location 'd:/DOPAMS/Toystack/dopams-backend-staging/node_modules/aws-sdk/clients'.
======== Module name '../lib/response' was successfully resolved to 'd:/DOPAMS/Toystack/dopams-backend-staging/node_modules/aws-sdk/lib/response.d.ts' with Package ID 'aws-sdk/lib/response.d.ts@2.1693.0'. ========
======== Resolving module '../lib/error' from 'd:/DOPAMS/Toystack/dopams-backend-staging/node_modules/aws-sdk/clients/pcs.d.ts'. ========
Resolution for module '../lib/error' was found in cache from location 'd:/DOPAMS/Toystack/dopams-backend-staging/node_modules/aws-sdk/clients'.
======== Module name '../lib/error' was successfully resolved to 'd:/DOPAMS/Toystack/dopams-backend-staging/node_modules/aws-sdk/lib/error.d.ts' with Package ID 'aws-sdk/lib/error.d.ts@2.1693.0'. ========
======== Resolving module '../lib/service' from 'd:/DOPAMS/Toystack/dopams-backend-staging/node_modules/aws-sdk/clients/pcs.d.ts'. ========
Resolution for module '../lib/service' was found in cache from location 'd:/DOPAMS/Toystack/dopams-backend-staging/node_modules/aws-sdk/clients'.
======== Module name '../lib/service' was successfully resolved to 'd:/DOPAMS/Toystack/dopams-backend-staging/node_modules/aws-sdk/lib/service.d.ts' with Package ID 'aws-sdk/lib/service.d.ts@2.1693.0'. ========
======== Resolving module '../lib/config-base' from 'd:/DOPAMS/Toystack/dopams-backend-staging/node_modules/aws-sdk/clients/pcs.d.ts'. ========
Resolution for module '../lib/config-base' was found in cache from location 'd:/DOPAMS/Toystack/dopams-backend-staging/node_modules/aws-sdk/clients'.
======== Module name '../lib/config-base' was successfully resolved to 'd:/DOPAMS/Toystack/dopams-backend-staging/node_modules/aws-sdk/lib/config-base.d.ts' with Package ID 'aws-sdk/lib/config-base.d.ts@2.1693.0'. ========
File 'd:/DOPAMS/Toystack/dopams-backend-staging/node_modules/aws-sdk/lib/package.json' does not exist according to earlier cached lookups.
File 'd:/DOPAMS/Toystack/dopams-backend-staging/node_modules/aws-sdk/package.json' exists according to earlier cached lookups.
======== Resolving module './config' from 'd:/DOPAMS/Toystack/dopams-backend-staging/node_modules/aws-sdk/lib/core.d.ts'. ========
Explicitly specified module resolution kind: 'Node10'.
Loading module as file / folder, candidate module location 'd:/DOPAMS/Toystack/dopams-backend-staging/node_modules/aws-sdk/lib/config', target file types: TypeScript, Declaration.
File 'd:/DOPAMS/Toystack/dopams-backend-staging/node_modules/aws-sdk/lib/config.ts' does not exist.
File 'd:/DOPAMS/Toystack/dopams-backend-staging/node_modules/aws-sdk/lib/config.tsx' does not exist.
File 'd:/DOPAMS/Toystack/dopams-backend-staging/node_modules/aws-sdk/lib/config.d.ts' exists - use it as a name resolution result.
File 'd:/DOPAMS/Toystack/dopams-backend-staging/node_modules/aws-sdk/package.json' exists according to earlier cached lookups.
======== Module name './config' was successfully resolved to 'd:/DOPAMS/Toystack/dopams-backend-staging/node_modules/aws-sdk/lib/config.d.ts' with Package ID 'aws-sdk/lib/config.d.ts@2.1693.0'. ========
======== Resolving module './config-base' from 'd:/DOPAMS/Toystack/dopams-backend-staging/node_modules/aws-sdk/lib/core.d.ts'. ========
Resolution for module './config-base' was found in cache from location 'd:/DOPAMS/Toystack/dopams-backend-staging/node_modules/aws-sdk/lib'.
======== Module name './config-base' was successfully resolved to 'd:/DOPAMS/Toystack/dopams-backend-staging/node_modules/aws-sdk/lib/config-base.d.ts' with Package ID 'aws-sdk/lib/config-base.d.ts@2.1693.0'. ========
======== Resolving module './credentials' from 'd:/DOPAMS/Toystack/dopams-backend-staging/node_modules/aws-sdk/lib/core.d.ts'. ========
Resolution for module './credentials' was found in cache from location 'd:/DOPAMS/Toystack/dopams-backend-staging/node_modules/aws-sdk/lib'.
======== Module name './credentials' was successfully resolved to 'd:/DOPAMS/Toystack/dopams-backend-staging/node_modules/aws-sdk/lib/credentials.d.ts' with Package ID 'aws-sdk/lib/credentials.d.ts@2.1693.0'. ========
======== Resolving module './credentials/cognito_identity_credentials' from 'd:/DOPAMS/Toystack/dopams-backend-staging/node_modules/aws-sdk/lib/core.d.ts'. ========
Explicitly specified module resolution kind: 'Node10'.
Loading module as file / folder, candidate module location 'd:/DOPAMS/Toystack/dopams-backend-staging/node_modules/aws-sdk/lib/credentials/cognito_identity_credentials', target file types: TypeScript, Declaration.
File 'd:/DOPAMS/Toystack/dopams-backend-staging/node_modules/aws-sdk/lib/credentials/cognito_identity_credentials.ts' does not exist.
File 'd:/DOPAMS/Toystack/dopams-backend-staging/node_modules/aws-sdk/lib/credentials/cognito_identity_credentials.tsx' does not exist.
File 'd:/DOPAMS/Toystack/dopams-backend-staging/node_modules/aws-sdk/lib/credentials/cognito_identity_credentials.d.ts' exists - use it as a name resolution result.
File 'd:/DOPAMS/Toystack/dopams-backend-staging/node_modules/aws-sdk/package.json' exists according to earlier cached lookups.
======== Module name './credentials/cognito_identity_credentials' was successfully resolved to 'd:/DOPAMS/Toystack/dopams-backend-staging/node_modules/aws-sdk/lib/credentials/cognito_identity_credentials.d.ts' with Package ID 'aws-sdk/lib/credentials/cognito_identity_credentials.d.ts@2.1693.0'. ========
======== Resolving module './credentials/credential_provider_chain' from 'd:/DOPAMS/Toystack/dopams-backend-staging/node_modules/aws-sdk/lib/core.d.ts'. ========
Resolution for module './credentials/credential_provider_chain' was found in cache from location 'd:/DOPAMS/Toystack/dopams-backend-staging/node_modules/aws-sdk/lib'.
======== Module name './credentials/credential_provider_chain' was successfully resolved to 'd:/DOPAMS/Toystack/dopams-backend-staging/node_modules/aws-sdk/lib/credentials/credential_provider_chain.d.ts' with Package ID 'aws-sdk/lib/credentials/credential_provider_chain.d.ts@2.1693.0'. ========
======== Resolving module './credentials/ec2_metadata_credentials' from 'd:/DOPAMS/Toystack/dopams-backend-staging/node_modules/aws-sdk/lib/core.d.ts'. ========
Explicitly specified module resolution kind: 'Node10'.
Loading module as file / folder, candidate module location 'd:/DOPAMS/Toystack/dopams-backend-staging/node_modules/aws-sdk/lib/credentials/ec2_metadata_credentials', target file types: TypeScript, Declaration.
File 'd:/DOPAMS/Toystack/dopams-backend-staging/node_modules/aws-sdk/lib/credentials/ec2_metadata_credentials.ts' does not exist.
File 'd:/DOPAMS/Toystack/dopams-backend-staging/node_modules/aws-sdk/lib/credentials/ec2_metadata_credentials.tsx' does not exist.
File 'd:/DOPAMS/Toystack/dopams-backend-staging/node_modules/aws-sdk/lib/credentials/ec2_metadata_credentials.d.ts' exists - use it as a name resolution result.
File 'd:/DOPAMS/Toystack/dopams-backend-staging/node_modules/aws-sdk/package.json' exists according to earlier cached lookups.
======== Module name './credentials/ec2_metadata_credentials' was successfully resolved to 'd:/DOPAMS/Toystack/dopams-backend-staging/node_modules/aws-sdk/lib/credentials/ec2_metadata_credentials.d.ts' with Package ID 'aws-sdk/lib/credentials/ec2_metadata_credentials.d.ts@2.1693.0'. ========
======== Resolving module './credentials/remote_credentials' from 'd:/DOPAMS/Toystack/dopams-backend-staging/node_modules/aws-sdk/lib/core.d.ts'. ========
Explicitly specified module resolution kind: 'Node10'.
Loading module as file / folder, candidate module location 'd:/DOPAMS/Toystack/dopams-backend-staging/node_modules/aws-sdk/lib/credentials/remote_credentials', target file types: TypeScript, Declaration.
File 'd:/DOPAMS/Toystack/dopams-backend-staging/node_modules/aws-sdk/lib/credentials/remote_credentials.ts' does not exist.
File 'd:/DOPAMS/Toystack/dopams-backend-staging/node_modules/aws-sdk/lib/credentials/remote_credentials.tsx' does not exist.
File 'd:/DOPAMS/Toystack/dopams-backend-staging/node_modules/aws-sdk/lib/credentials/remote_credentials.d.ts' exists - use it as a name resolution result.
File 'd:/DOPAMS/Toystack/dopams-backend-staging/node_modules/aws-sdk/package.json' exists according to earlier cached lookups.
======== Module name './credentials/remote_credentials' was successfully resolved to 'd:/DOPAMS/Toystack/dopams-backend-staging/node_modules/aws-sdk/lib/credentials/remote_credentials.d.ts' with Package ID 'aws-sdk/lib/credentials/remote_credentials.d.ts@2.1693.0'. ========
======== Resolving module './credentials/ecs_credentials' from 'd:/DOPAMS/Toystack/dopams-backend-staging/node_modules/aws-sdk/lib/core.d.ts'. ========
Explicitly specified module resolution kind: 'Node10'.
Loading module as file / folder, candidate module location 'd:/DOPAMS/Toystack/dopams-backend-staging/node_modules/aws-sdk/lib/credentials/ecs_credentials', target file types: TypeScript, Declaration.
File 'd:/DOPAMS/Toystack/dopams-backend-staging/node_modules/aws-sdk/lib/credentials/ecs_credentials.ts' does not exist.
File 'd:/DOPAMS/Toystack/dopams-backend-staging/node_modules/aws-sdk/lib/credentials/ecs_credentials.tsx' does not exist.
File 'd:/DOPAMS/Toystack/dopams-backend-staging/node_modules/aws-sdk/lib/credentials/ecs_credentials.d.ts' exists - use it as a name resolution result.
File 'd:/DOPAMS/Toystack/dopams-backend-staging/node_modules/aws-sdk/package.json' exists according to earlier cached lookups.
======== Module name './credentials/ecs_credentials' was successfully resolved to 'd:/DOPAMS/Toystack/dopams-backend-staging/node_modules/aws-sdk/lib/credentials/ecs_credentials.d.ts' with Package ID 'aws-sdk/lib/credentials/ecs_credentials.d.ts@2.1693.0'. ========
======== Resolving module './credentials/environment_credentials' from 'd:/DOPAMS/Toystack/dopams-backend-staging/node_modules/aws-sdk/lib/core.d.ts'. ========
Explicitly specified module resolution kind: 'Node10'.
Loading module as file / folder, candidate module location 'd:/DOPAMS/Toystack/dopams-backend-staging/node_modules/aws-sdk/lib/credentials/environment_credentials', target file types: TypeScript, Declaration.
File 'd:/DOPAMS/Toystack/dopams-backend-staging/node_modules/aws-sdk/lib/credentials/environment_credentials.ts' does not exist.
File 'd:/DOPAMS/Toystack/dopams-backend-staging/node_modules/aws-sdk/lib/credentials/environment_credentials.tsx' does not exist.
File 'd:/DOPAMS/Toystack/dopams-backend-staging/node_modules/aws-sdk/lib/credentials/environment_credentials.d.ts' exists - use it as a name resolution result.
File 'd:/DOPAMS/Toystack/dopams-backend-staging/node_modules/aws-sdk/package.json' exists according to earlier cached lookups.
======== Module name './credentials/environment_credentials' was successfully resolved to 'd:/DOPAMS/Toystack/dopams-backend-staging/node_modules/aws-sdk/lib/credentials/environment_credentials.d.ts' with Package ID 'aws-sdk/lib/credentials/environment_credentials.d.ts@2.1693.0'. ========
======== Resolving module './credentials/file_system_credentials' from 'd:/DOPAMS/Toystack/dopams-backend-staging/node_modules/aws-sdk/lib/core.d.ts'. ========
Explicitly specified module resolution kind: 'Node10'.
Loading module as file / folder, candidate module location 'd:/DOPAMS/Toystack/dopams-backend-staging/node_modules/aws-sdk/lib/credentials/file_system_credentials', target file types: TypeScript, Declaration.
File 'd:/DOPAMS/Toystack/dopams-backend-staging/node_modules/aws-sdk/lib/credentials/file_system_credentials.ts' does not exist.
File 'd:/DOPAMS/Toystack/dopams-backend-staging/node_modules/aws-sdk/lib/credentials/file_system_credentials.tsx' does not exist.
File 'd:/DOPAMS/Toystack/dopams-backend-staging/node_modules/aws-sdk/lib/credentials/file_system_credentials.d.ts' exists - use it as a name resolution result.
File 'd:/DOPAMS/Toystack/dopams-backend-staging/node_modules/aws-sdk/package.json' exists according to earlier cached lookups.
======== Module name './credentials/file_system_credentials' was successfully resolved to 'd:/DOPAMS/Toystack/dopams-backend-staging/node_modules/aws-sdk/lib/credentials/file_system_credentials.d.ts' with Package ID 'aws-sdk/lib/credentials/file_system_credentials.d.ts@2.1693.0'. ========
======== Resolving module './credentials/saml_credentials' from 'd:/DOPAMS/Toystack/dopams-backend-staging/node_modules/aws-sdk/lib/core.d.ts'. ========
Explicitly specified module resolution kind: 'Node10'.
Loading module as file / folder, candidate module location 'd:/DOPAMS/Toystack/dopams-backend-staging/node_modules/aws-sdk/lib/credentials/saml_credentials', target file types: TypeScript, Declaration.
File 'd:/DOPAMS/Toystack/dopams-backend-staging/node_modules/aws-sdk/lib/credentials/saml_credentials.ts' does not exist.
File 'd:/DOPAMS/Toystack/dopams-backend-staging/node_modules/aws-sdk/lib/credentials/saml_credentials.tsx' does not exist.
File 'd:/DOPAMS/Toystack/dopams-backend-staging/node_modules/aws-sdk/lib/credentials/saml_credentials.d.ts' exists - use it as a name resolution result.
File 'd:/DOPAMS/Toystack/dopams-backend-staging/node_modules/aws-sdk/package.json' exists according to earlier cached lookups.
======== Module name './credentials/saml_credentials' was successfully resolved to 'd:/DOPAMS/Toystack/dopams-backend-staging/node_modules/aws-sdk/lib/credentials/saml_credentials.d.ts' with Package ID 'aws-sdk/lib/credentials/saml_credentials.d.ts@2.1693.0'. ========
======== Resolving module './credentials/shared_ini_file_credentials' from 'd:/DOPAMS/Toystack/dopams-backend-staging/node_modules/aws-sdk/lib/core.d.ts'. ========
Explicitly specified module resolution kind: 'Node10'.
Loading module as file / folder, candidate module location 'd:/DOPAMS/Toystack/dopams-backend-staging/node_modules/aws-sdk/lib/credentials/shared_ini_file_credentials', target file types: TypeScript, Declaration.
File 'd:/DOPAMS/Toystack/dopams-backend-staging/node_modules/aws-sdk/lib/credentials/shared_ini_file_credentials.ts' does not exist.
File 'd:/DOPAMS/Toystack/dopams-backend-staging/node_modules/aws-sdk/lib/credentials/shared_ini_file_credentials.tsx' does not exist.
File 'd:/DOPAMS/Toystack/dopams-backend-staging/node_modules/aws-sdk/lib/credentials/shared_ini_file_credentials.d.ts' exists - use it as a name resolution result.
File 'd:/DOPAMS/Toystack/dopams-backend-staging/node_modules/aws-sdk/package.json' exists according to earlier cached lookups.
======== Module name './credentials/shared_ini_file_credentials' was successfully resolved to 'd:/DOPAMS/Toystack/dopams-backend-staging/node_modules/aws-sdk/lib/credentials/shared_ini_file_credentials.d.ts' with Package ID 'aws-sdk/lib/credentials/shared_ini_file_credentials.d.ts@2.1693.0'. ========
======== Resolving module './credentials/sso_credentials' from 'd:/DOPAMS/Toystack/dopams-backend-staging/node_modules/aws-sdk/lib/core.d.ts'. ========
Explicitly specified module resolution kind: 'Node10'.
Loading module as file / folder, candidate module location 'd:/DOPAMS/Toystack/dopams-backend-staging/node_modules/aws-sdk/lib/credentials/sso_credentials', target file types: TypeScript, Declaration.
File 'd:/DOPAMS/Toystack/dopams-backend-staging/node_modules/aws-sdk/lib/credentials/sso_credentials.ts' does not exist.
File 'd:/DOPAMS/Toystack/dopams-backend-staging/node_modules/aws-sdk/lib/credentials/sso_credentials.tsx' does not exist.
File 'd:/DOPAMS/Toystack/dopams-backend-staging/node_modules/aws-sdk/lib/credentials/sso_credentials.d.ts' exists - use it as a name resolution result.
File 'd:/DOPAMS/Toystack/dopams-backend-staging/node_modules/aws-sdk/package.json' exists according to earlier cached lookups.
======== Module name './credentials/sso_credentials' was successfully resolved to 'd:/DOPAMS/Toystack/dopams-backend-staging/node_modules/aws-sdk/lib/credentials/sso_credentials.d.ts' with Package ID 'aws-sdk/lib/credentials/sso_credentials.d.ts@2.1693.0'. ========
======== Resolving module './credentials/process_credentials' from 'd:/DOPAMS/Toystack/dopams-backend-staging/node_modules/aws-sdk/lib/core.d.ts'. ========
Explicitly specified module resolution kind: 'Node10'.
Loading module as file / folder, candidate module location 'd:/DOPAMS/Toystack/dopams-backend-staging/node_modules/aws-sdk/lib/credentials/process_credentials', target file types: TypeScript, Declaration.
File 'd:/DOPAMS/Toystack/dopams-backend-staging/node_modules/aws-sdk/lib/credentials/process_credentials.ts' does not exist.
File 'd:/DOPAMS/Toystack/dopams-backend-staging/node_modules/aws-sdk/lib/credentials/process_credentials.tsx' does not exist.
File 'd:/DOPAMS/Toystack/dopams-backend-staging/node_modules/aws-sdk/lib/credentials/process_credentials.d.ts' exists - use it as a name resolution result.
File 'd:/DOPAMS/Toystack/dopams-backend-staging/node_modules/aws-sdk/package.json' exists according to earlier cached lookups.
======== Module name './credentials/process_credentials' was successfully resolved to 'd:/DOPAMS/Toystack/dopams-backend-staging/node_modules/aws-sdk/lib/credentials/process_credentials.d.ts' with Package ID 'aws-sdk/lib/credentials/process_credentials.d.ts@2.1693.0'. ========
======== Resolving module './credentials/temporary_credentials' from 'd:/DOPAMS/Toystack/dopams-backend-staging/node_modules/aws-sdk/lib/core.d.ts'. ========
Explicitly specified module resolution kind: 'Node10'.
Loading module as file / folder, candidate module location 'd:/DOPAMS/Toystack/dopams-backend-staging/node_modules/aws-sdk/lib/credentials/temporary_credentials', target file types: TypeScript, Declaration.
File 'd:/DOPAMS/Toystack/dopams-backend-staging/node_modules/aws-sdk/lib/credentials/temporary_credentials.ts' does not exist.
File 'd:/DOPAMS/Toystack/dopams-backend-staging/node_modules/aws-sdk/lib/credentials/temporary_credentials.tsx' does not exist.
File 'd:/DOPAMS/Toystack/dopams-backend-staging/node_modules/aws-sdk/lib/credentials/temporary_credentials.d.ts' exists - use it as a name resolution result.
File 'd:/DOPAMS/Toystack/dopams-backend-staging/node_modules/aws-sdk/package.json' exists according to earlier cached lookups.
======== Module name './credentials/temporary_credentials' was successfully resolved to 'd:/DOPAMS/Toystack/dopams-backend-staging/node_modules/aws-sdk/lib/credentials/temporary_credentials.d.ts' with Package ID 'aws-sdk/lib/credentials/temporary_credentials.d.ts@2.1693.0'. ========
======== Resolving module './credentials/chainable_temporary_credentials' from 'd:/DOPAMS/Toystack/dopams-backend-staging/node_modules/aws-sdk/lib/core.d.ts'. ========
Explicitly specified module resolution kind: 'Node10'.
Loading module as file / folder, candidate module location 'd:/DOPAMS/Toystack/dopams-backend-staging/node_modules/aws-sdk/lib/credentials/chainable_temporary_credentials', target file types: TypeScript, Declaration.
File 'd:/DOPAMS/Toystack/dopams-backend-staging/node_modules/aws-sdk/lib/credentials/chainable_temporary_credentials.ts' does not exist.
File 'd:/DOPAMS/Toystack/dopams-backend-staging/node_modules/aws-sdk/lib/credentials/chainable_temporary_credentials.tsx' does not exist.
File 'd:/DOPAMS/Toystack/dopams-backend-staging/node_modules/aws-sdk/lib/credentials/chainable_temporary_credentials.d.ts' exists - use it as a name resolution result.
File 'd:/DOPAMS/Toystack/dopams-backend-staging/node_modules/aws-sdk/package.json' exists according to earlier cached lookups.
======== Module name './credentials/chainable_temporary_credentials' was successfully resolved to 'd:/DOPAMS/Toystack/dopams-backend-staging/node_modules/aws-sdk/lib/credentials/chainable_temporary_credentials.d.ts' with Package ID 'aws-sdk/lib/credentials/chainable_temporary_credentials.d.ts@2.1693.0'. ========
======== Resolving module './credentials/web_identity_credentials' from 'd:/DOPAMS/Toystack/dopams-backend-staging/node_modules/aws-sdk/lib/core.d.ts'. ========
Explicitly specified module resolution kind: 'Node10'.
Loading module as file / folder, candidate module location 'd:/DOPAMS/Toystack/dopams-backend-staging/node_modules/aws-sdk/lib/credentials/web_identity_credentials', target file types: TypeScript, Declaration.
File 'd:/DOPAMS/Toystack/dopams-backend-staging/node_modules/aws-sdk/lib/credentials/web_identity_credentials.ts' does not exist.
File 'd:/DOPAMS/Toystack/dopams-backend-staging/node_modules/aws-sdk/lib/credentials/web_identity_credentials.tsx' does not exist.
File 'd:/DOPAMS/Toystack/dopams-backend-staging/node_modules/aws-sdk/lib/credentials/web_identity_credentials.d.ts' exists - use it as a name resolution result.
File 'd:/DOPAMS/Toystack/dopams-backend-staging/node_modules/aws-sdk/package.json' exists according to earlier cached lookups.
======== Module name './credentials/web_identity_credentials' was successfully resolved to 'd:/DOPAMS/Toystack/dopams-backend-staging/node_modules/aws-sdk/lib/credentials/web_identity_credentials.d.ts' with Package ID 'aws-sdk/lib/credentials/web_identity_credentials.d.ts@2.1693.0'. ========
======== Resolving module './credentials/token_file_web_identity_credentials' from 'd:/DOPAMS/Toystack/dopams-backend-staging/node_modules/aws-sdk/lib/core.d.ts'. ========
Explicitly specified module resolution kind: 'Node10'.
Loading module as file / folder, candidate module location 'd:/DOPAMS/Toystack/dopams-backend-staging/node_modules/aws-sdk/lib/credentials/token_file_web_identity_credentials', target file types: TypeScript, Declaration.
File 'd:/DOPAMS/Toystack/dopams-backend-staging/node_modules/aws-sdk/lib/credentials/token_file_web_identity_credentials.ts' does not exist.
File 'd:/DOPAMS/Toystack/dopams-backend-staging/node_modules/aws-sdk/lib/credentials/token_file_web_identity_credentials.tsx' does not exist.
File 'd:/DOPAMS/Toystack/dopams-backend-staging/node_modules/aws-sdk/lib/credentials/token_file_web_identity_credentials.d.ts' exists - use it as a name resolution result.
File 'd:/DOPAMS/Toystack/dopams-backend-staging/node_modules/aws-sdk/package.json' exists according to earlier cached lookups.
======== Module name './credentials/token_file_web_identity_credentials' was successfully resolved to 'd:/DOPAMS/Toystack/dopams-backend-staging/node_modules/aws-sdk/lib/credentials/token_file_web_identity_credentials.d.ts' with Package ID 'aws-sdk/lib/credentials/token_file_web_identity_credentials.d.ts@2.1693.0'. ========
======== Resolving module './token' from 'd:/DOPAMS/Toystack/dopams-backend-staging/node_modules/aws-sdk/lib/core.d.ts'. ========
Resolution for module './token' was found in cache from location 'd:/DOPAMS/Toystack/dopams-backend-staging/node_modules/aws-sdk/lib'.
======== Module name './token' was successfully resolved to 'd:/DOPAMS/Toystack/dopams-backend-staging/node_modules/aws-sdk/lib/token.d.ts' with Package ID 'aws-sdk/lib/token.d.ts@2.1693.0'. ========
======== Resolving module './token/static_token_provider' from 'd:/DOPAMS/Toystack/dopams-backend-staging/node_modules/aws-sdk/lib/core.d.ts'. ========
Explicitly specified module resolution kind: 'Node10'.
Loading module as file / folder, candidate module location 'd:/DOPAMS/Toystack/dopams-backend-staging/node_modules/aws-sdk/lib/token/static_token_provider', target file types: TypeScript, Declaration.
File 'd:/DOPAMS/Toystack/dopams-backend-staging/node_modules/aws-sdk/lib/token/static_token_provider.ts' does not exist.
File 'd:/DOPAMS/Toystack/dopams-backend-staging/node_modules/aws-sdk/lib/token/static_token_provider.tsx' does not exist.
File 'd:/DOPAMS/Toystack/dopams-backend-staging/node_modules/aws-sdk/lib/token/static_token_provider.d.ts' exists - use it as a name resolution result.
File 'd:/DOPAMS/Toystack/dopams-backend-staging/node_modules/aws-sdk/package.json' exists according to earlier cached lookups.
======== Module name './token/static_token_provider' was successfully resolved to 'd:/DOPAMS/Toystack/dopams-backend-staging/node_modules/aws-sdk/lib/token/static_token_provider.d.ts' with Package ID 'aws-sdk/lib/token/static_token_provider.d.ts@2.1693.0'. ========
======== Resolving module './token/sso_token_provider' from 'd:/DOPAMS/Toystack/dopams-backend-staging/node_modules/aws-sdk/lib/core.d.ts'. ========
Explicitly specified module resolution kind: 'Node10'.
Loading module as file / folder, candidate module location 'd:/DOPAMS/Toystack/dopams-backend-staging/node_modules/aws-sdk/lib/token/sso_token_provider', target file types: TypeScript, Declaration.
File 'd:/DOPAMS/Toystack/dopams-backend-staging/node_modules/aws-sdk/lib/token/sso_token_provider.ts' does not exist.
File 'd:/DOPAMS/Toystack/dopams-backend-staging/node_modules/aws-sdk/lib/token/sso_token_provider.tsx' does not exist.
File 'd:/DOPAMS/Toystack/dopams-backend-staging/node_modules/aws-sdk/lib/token/sso_token_provider.d.ts' exists - use it as a name resolution result.
File 'd:/DOPAMS/Toystack/dopams-backend-staging/node_modules/aws-sdk/package.json' exists according to earlier cached lookups.
======== Module name './token/sso_token_provider' was successfully resolved to 'd:/DOPAMS/Toystack/dopams-backend-staging/node_modules/aws-sdk/lib/token/sso_token_provider.d.ts' with Package ID 'aws-sdk/lib/token/sso_token_provider.d.ts@2.1693.0'. ========
======== Resolving module './token/token_provider_chain' from 'd:/DOPAMS/Toystack/dopams-backend-staging/node_modules/aws-sdk/lib/core.d.ts'. ========
Resolution for module './token/token_provider_chain' was found in cache from location 'd:/DOPAMS/Toystack/dopams-backend-staging/node_modules/aws-sdk/lib'.
======== Module name './token/token_provider_chain' was successfully resolved to 'd:/DOPAMS/Toystack/dopams-backend-staging/node_modules/aws-sdk/lib/token/token_provider_chain.d.ts' with Package ID 'aws-sdk/lib/token/token_provider_chain.d.ts@2.1693.0'. ========
======== Resolving module './endpoint' from 'd:/DOPAMS/Toystack/dopams-backend-staging/node_modules/aws-sdk/lib/core.d.ts'. ========
Resolution for module './endpoint' was found in cache from location 'd:/DOPAMS/Toystack/dopams-backend-staging/node_modules/aws-sdk/lib'.
======== Module name './endpoint' was successfully resolved to 'd:/DOPAMS/Toystack/dopams-backend-staging/node_modules/aws-sdk/lib/endpoint.d.ts' with Package ID 'aws-sdk/lib/endpoint.d.ts@2.1693.0'. ========
======== Resolving module './event_listeners' from 'd:/DOPAMS/Toystack/dopams-backend-staging/node_modules/aws-sdk/lib/core.d.ts'. ========
Explicitly specified module resolution kind: 'Node10'.
Loading module as file / folder, candidate module location 'd:/DOPAMS/Toystack/dopams-backend-staging/node_modules/aws-sdk/lib/event_listeners', target file types: TypeScript, Declaration.
File 'd:/DOPAMS/Toystack/dopams-backend-staging/node_modules/aws-sdk/lib/event_listeners.ts' does not exist.
File 'd:/DOPAMS/Toystack/dopams-backend-staging/node_modules/aws-sdk/lib/event_listeners.tsx' does not exist.
File 'd:/DOPAMS/Toystack/dopams-backend-staging/node_modules/aws-sdk/lib/event_listeners.d.ts' exists - use it as a name resolution result.
File 'd:/DOPAMS/Toystack/dopams-backend-staging/node_modules/aws-sdk/package.json' exists according to earlier cached lookups.
======== Module name './event_listeners' was successfully resolved to 'd:/DOPAMS/Toystack/dopams-backend-staging/node_modules/aws-sdk/lib/event_listeners.d.ts' with Package ID 'aws-sdk/lib/event_listeners.d.ts@2.1693.0'. ========
======== Resolving module './http_request' from 'd:/DOPAMS/Toystack/dopams-backend-staging/node_modules/aws-sdk/lib/core.d.ts'. ========
Resolution for module './http_request' was found in cache from location 'd:/DOPAMS/Toystack/dopams-backend-staging/node_modules/aws-sdk/lib'.
======== Module name './http_request' was successfully resolved to 'd:/DOPAMS/Toystack/dopams-backend-staging/node_modules/aws-sdk/lib/http_request.d.ts' with Package ID 'aws-sdk/lib/http_request.d.ts@2.1693.0'. ========
======== Resolving module './http_response' from 'd:/DOPAMS/Toystack/dopams-backend-staging/node_modules/aws-sdk/lib/core.d.ts'. ========
Resolution for module './http_response' was found in cache from location 'd:/DOPAMS/Toystack/dopams-backend-staging/node_modules/aws-sdk/lib'.
======== Module name './http_response' was successfully resolved to 'd:/DOPAMS/Toystack/dopams-backend-staging/node_modules/aws-sdk/lib/http_response.d.ts' with Package ID 'aws-sdk/lib/http_response.d.ts@2.1693.0'. ========
======== Resolving module './metadata_service' from 'd:/DOPAMS/Toystack/dopams-backend-staging/node_modules/aws-sdk/lib/core.d.ts'. ========
Explicitly specified module resolution kind: 'Node10'.
Loading module as file / folder, candidate module location 'd:/DOPAMS/Toystack/dopams-backend-staging/node_modules/aws-sdk/lib/metadata_service', target file types: TypeScript, Declaration.
File 'd:/DOPAMS/Toystack/dopams-backend-staging/node_modules/aws-sdk/lib/metadata_service.ts' does not exist.
File 'd:/DOPAMS/Toystack/dopams-backend-staging/node_modules/aws-sdk/lib/metadata_service.tsx' does not exist.
File 'd:/DOPAMS/Toystack/dopams-backend-staging/node_modules/aws-sdk/lib/metadata_service.d.ts' exists - use it as a name resolution result.
File 'd:/DOPAMS/Toystack/dopams-backend-staging/node_modules/aws-sdk/package.json' exists according to earlier cached lookups.
======== Module name './metadata_service' was successfully resolved to 'd:/DOPAMS/Toystack/dopams-backend-staging/node_modules/aws-sdk/lib/metadata_service.d.ts' with Package ID 'aws-sdk/lib/metadata_service.d.ts@2.1693.0'. ========
======== Resolving module './request' from 'd:/DOPAMS/Toystack/dopams-backend-staging/node_modules/aws-sdk/lib/core.d.ts'. ========
Resolution for module './request' was found in cache from location 'd:/DOPAMS/Toystack/dopams-backend-staging/node_modules/aws-sdk/lib'.
======== Module name './request' was successfully resolved to 'd:/DOPAMS/Toystack/dopams-backend-staging/node_modules/aws-sdk/lib/request.d.ts' with Package ID 'aws-sdk/lib/request.d.ts@2.1693.0'. ========
======== Resolving module './response' from 'd:/DOPAMS/Toystack/dopams-backend-staging/node_modules/aws-sdk/lib/core.d.ts'. ========
Resolution for module './response' was found in cache from location 'd:/DOPAMS/Toystack/dopams-backend-staging/node_modules/aws-sdk/lib'.
======== Module name './response' was successfully resolved to 'd:/DOPAMS/Toystack/dopams-backend-staging/node_modules/aws-sdk/lib/response.d.ts' with Package ID 'aws-sdk/lib/response.d.ts@2.1693.0'. ========
======== Resolving module './service' from 'd:/DOPAMS/Toystack/dopams-backend-staging/node_modules/aws-sdk/lib/core.d.ts'. ========
Resolution for module './service' was found in cache from location 'd:/DOPAMS/Toystack/dopams-backend-staging/node_modules/aws-sdk/lib'.
======== Module name './service' was successfully resolved to 'd:/DOPAMS/Toystack/dopams-backend-staging/node_modules/aws-sdk/lib/service.d.ts' with Package ID 'aws-sdk/lib/service.d.ts@2.1693.0'. ========
======== Resolving module './error' from 'd:/DOPAMS/Toystack/dopams-backend-staging/node_modules/aws-sdk/lib/core.d.ts'. ========
Resolution for module './error' was found in cache from location 'd:/DOPAMS/Toystack/dopams-backend-staging/node_modules/aws-sdk/lib'.
======== Module name './error' was successfully resolved to 'd:/DOPAMS/Toystack/dopams-backend-staging/node_modules/aws-sdk/lib/error.d.ts' with Package ID 'aws-sdk/lib/error.d.ts@2.1693.0'. ========
======== Resolving module './shared-ini/ini-loader' from 'd:/DOPAMS/Toystack/dopams-backend-staging/node_modules/aws-sdk/lib/core.d.ts'. ========
Explicitly specified module resolution kind: 'Node10'.
Loading module as file / folder, candidate module location 'd:/DOPAMS/Toystack/dopams-backend-staging/node_modules/aws-sdk/lib/shared-ini/ini-loader', target file types: TypeScript, Declaration.
File 'd:/DOPAMS/Toystack/dopams-backend-staging/node_modules/aws-sdk/lib/shared-ini/ini-loader.ts' does not exist.
File 'd:/DOPAMS/Toystack/dopams-backend-staging/node_modules/aws-sdk/lib/shared-ini/ini-loader.tsx' does not exist.
File 'd:/DOPAMS/Toystack/dopams-backend-staging/node_modules/aws-sdk/lib/shared-ini/ini-loader.d.ts' exists - use it as a name resolution result.
File 'd:/DOPAMS/Toystack/dopams-backend-staging/node_modules/aws-sdk/package.json' exists according to earlier cached lookups.
======== Module name './shared-ini/ini-loader' was successfully resolved to 'd:/DOPAMS/Toystack/dopams-backend-staging/node_modules/aws-sdk/lib/shared-ini/ini-loader.d.ts' with Package ID 'aws-sdk/lib/shared-ini/ini-loader.d.ts@2.1693.0'. ========
======== Resolving module './model' from 'd:/DOPAMS/Toystack/dopams-backend-staging/node_modules/aws-sdk/lib/core.d.ts'. ========
Explicitly specified module resolution kind: 'Node10'.
Loading module as file / folder, candidate module location 'd:/DOPAMS/Toystack/dopams-backend-staging/node_modules/aws-sdk/lib/model', target file types: TypeScript, Declaration.
File 'd:/DOPAMS/Toystack/dopams-backend-staging/node_modules/aws-sdk/lib/model.ts' does not exist.
File 'd:/DOPAMS/Toystack/dopams-backend-staging/node_modules/aws-sdk/lib/model.tsx' does not exist.
File 'd:/DOPAMS/Toystack/dopams-backend-staging/node_modules/aws-sdk/lib/model.d.ts' does not exist.
File 'd:/DOPAMS/Toystack/dopams-backend-staging/node_modules/aws-sdk/lib/model/package.json' does not exist.
File 'd:/DOPAMS/Toystack/dopams-backend-staging/node_modules/aws-sdk/lib/model/index.ts' does not exist.
File 'd:/DOPAMS/Toystack/dopams-backend-staging/node_modules/aws-sdk/lib/model/index.tsx' does not exist.
File 'd:/DOPAMS/Toystack/dopams-backend-staging/node_modules/aws-sdk/lib/model/index.d.ts' exists - use it as a name resolution result.
======== Module name './model' was successfully resolved to 'd:/DOPAMS/Toystack/dopams-backend-staging/node_modules/aws-sdk/lib/model/index.d.ts'. ========
File 'd:/DOPAMS/Toystack/dopams-backend-staging/node_modules/aws-sdk/lib/credentials/package.json' does not exist according to earlier cached lookups.
File 'd:/DOPAMS/Toystack/dopams-backend-staging/node_modules/aws-sdk/lib/package.json' does not exist according to earlier cached lookups.
File 'd:/DOPAMS/Toystack/dopams-backend-staging/node_modules/aws-sdk/package.json' exists according to earlier cached lookups.
======== Resolving module '../credentials' from 'd:/DOPAMS/Toystack/dopams-backend-staging/node_modules/aws-sdk/lib/credentials/cognito_identity_credentials.d.ts'. ========
Resolution for module '../credentials' was found in cache from location 'd:/DOPAMS/Toystack/dopams-backend-staging/node_modules/aws-sdk/lib/credentials'.
======== Module name '../credentials' was successfully resolved to 'd:/DOPAMS/Toystack/dopams-backend-staging/node_modules/aws-sdk/lib/credentials.d.ts' with Package ID 'aws-sdk/lib/credentials.d.ts@2.1693.0'. ========
======== Resolving module '../error' from 'd:/DOPAMS/Toystack/dopams-backend-staging/node_modules/aws-sdk/lib/credentials/cognito_identity_credentials.d.ts'. ========
Resolution for module '../error' was found in cache from location 'd:/DOPAMS/Toystack/dopams-backend-staging/node_modules/aws-sdk/lib/credentials'.
======== Module name '../error' was successfully resolved to 'd:/DOPAMS/Toystack/dopams-backend-staging/node_modules/aws-sdk/lib/error.d.ts' with Package ID 'aws-sdk/lib/error.d.ts@2.1693.0'. ========
======== Resolving module '../config-base' from 'd:/DOPAMS/Toystack/dopams-backend-staging/node_modules/aws-sdk/lib/credentials/cognito_identity_credentials.d.ts'. ========
Explicitly specified module resolution kind: 'Node10'.
Loading module as file / folder, candidate module location 'd:/DOPAMS/Toystack/dopams-backend-staging/node_modules/aws-sdk/lib/config-base', target file types: TypeScript, Declaration.
File 'd:/DOPAMS/Toystack/dopams-backend-staging/node_modules/aws-sdk/lib/config-base.ts' does not exist.
File 'd:/DOPAMS/Toystack/dopams-backend-staging/node_modules/aws-sdk/lib/config-base.tsx' does not exist.
File 'd:/DOPAMS/Toystack/dopams-backend-staging/node_modules/aws-sdk/lib/config-base.d.ts' exists - use it as a name resolution result.
File 'd:/DOPAMS/Toystack/dopams-backend-staging/node_modules/aws-sdk/package.json' exists according to earlier cached lookups.
======== Module name '../config-base' was successfully resolved to 'd:/DOPAMS/Toystack/dopams-backend-staging/node_modules/aws-sdk/lib/config-base.d.ts' with Package ID 'aws-sdk/lib/config-base.d.ts@2.1693.0'. ========
======== Resolving module '../../clients/cognitoidentity' from 'd:/DOPAMS/Toystack/dopams-backend-staging/node_modules/aws-sdk/lib/credentials/cognito_identity_credentials.d.ts'. ========
Explicitly specified module resolution kind: 'Node10'.
Loading module as file / folder, candidate module location 'd:/DOPAMS/Toystack/dopams-backend-staging/node_modules/aws-sdk/clients/cognitoidentity', target file types: TypeScript, Declaration.
File 'd:/DOPAMS/Toystack/dopams-backend-staging/node_modules/aws-sdk/clients/cognitoidentity.ts' does not exist.
File 'd:/DOPAMS/Toystack/dopams-backend-staging/node_modules/aws-sdk/clients/cognitoidentity.tsx' does not exist.
File 'd:/DOPAMS/Toystack/dopams-backend-staging/node_modules/aws-sdk/clients/cognitoidentity.d.ts' exists - use it as a name resolution result.
File 'd:/DOPAMS/Toystack/dopams-backend-staging/node_modules/aws-sdk/package.json' exists according to earlier cached lookups.
======== Module name '../../clients/cognitoidentity' was successfully resolved to 'd:/DOPAMS/Toystack/dopams-backend-staging/node_modules/aws-sdk/clients/cognitoidentity.d.ts' with Package ID 'aws-sdk/clients/cognitoidentity.d.ts@2.1693.0'. ========
======== Resolving module '../../clients/sts' from 'd:/DOPAMS/Toystack/dopams-backend-staging/node_modules/aws-sdk/lib/credentials/cognito_identity_credentials.d.ts'. ========
Explicitly specified module resolution kind: 'Node10'.
Loading module as file / folder, candidate module location 'd:/DOPAMS/Toystack/dopams-backend-staging/node_modules/aws-sdk/clients/sts', target file types: TypeScript, Declaration.
File 'd:/DOPAMS/Toystack/dopams-backend-staging/node_modules/aws-sdk/clients/sts.ts' does not exist.
File 'd:/DOPAMS/Toystack/dopams-backend-staging/node_modules/aws-sdk/clients/sts.tsx' does not exist.
File 'd:/DOPAMS/Toystack/dopams-backend-staging/node_modules/aws-sdk/clients/sts.d.ts' exists - use it as a name resolution result.
File 'd:/DOPAMS/Toystack/dopams-backend-staging/node_modules/aws-sdk/package.json' exists according to earlier cached lookups.
======== Module name '../../clients/sts' was successfully resolved to 'd:/DOPAMS/Toystack/dopams-backend-staging/node_modules/aws-sdk/clients/sts.d.ts' with Package ID 'aws-sdk/clients/sts.d.ts@2.1693.0'. ========
File 'd:/DOPAMS/Toystack/dopams-backend-staging/node_modules/aws-sdk/lib/credentials/package.json' does not exist according to earlier cached lookups.
File 'd:/DOPAMS/Toystack/dopams-backend-staging/node_modules/aws-sdk/lib/package.json' does not exist according to earlier cached lookups.
File 'd:/DOPAMS/Toystack/dopams-backend-staging/node_modules/aws-sdk/package.json' exists according to earlier cached lookups.
======== Resolving module '../credentials' from 'd:/DOPAMS/Toystack/dopams-backend-staging/node_modules/aws-sdk/lib/credentials/ec2_metadata_credentials.d.ts'. ========
Resolution for module '../credentials' was found in cache from location 'd:/DOPAMS/Toystack/dopams-backend-staging/node_modules/aws-sdk/lib/credentials'.
======== Module name '../credentials' was successfully resolved to 'd:/DOPAMS/Toystack/dopams-backend-staging/node_modules/aws-sdk/lib/credentials.d.ts' with Package ID 'aws-sdk/lib/credentials.d.ts@2.1693.0'. ========
======== Resolving module '../config-base' from 'd:/DOPAMS/Toystack/dopams-backend-staging/node_modules/aws-sdk/lib/credentials/ec2_metadata_credentials.d.ts'. ========
Resolution for module '../config-base' was found in cache from location 'd:/DOPAMS/Toystack/dopams-backend-staging/node_modules/aws-sdk/lib/credentials'.
======== Module name '../config-base' was successfully resolved to 'd:/DOPAMS/Toystack/dopams-backend-staging/node_modules/aws-sdk/lib/config-base.d.ts' with Package ID 'aws-sdk/lib/config-base.d.ts@2.1693.0'. ========
File 'd:/DOPAMS/Toystack/dopams-backend-staging/node_modules/aws-sdk/lib/credentials/package.json' does not exist according to earlier cached lookups.
File 'd:/DOPAMS/Toystack/dopams-backend-staging/node_modules/aws-sdk/lib/package.json' does not exist according to earlier cached lookups.
File 'd:/DOPAMS/Toystack/dopams-backend-staging/node_modules/aws-sdk/package.json' exists according to earlier cached lookups.
======== Resolving module '../credentials' from 'd:/DOPAMS/Toystack/dopams-backend-staging/node_modules/aws-sdk/lib/credentials/remote_credentials.d.ts'. ========
Resolution for module '../credentials' was found in cache from location 'd:/DOPAMS/Toystack/dopams-backend-staging/node_modules/aws-sdk/lib/credentials'.
======== Module name '../credentials' was successfully resolved to 'd:/DOPAMS/Toystack/dopams-backend-staging/node_modules/aws-sdk/lib/credentials.d.ts' with Package ID 'aws-sdk/lib/credentials.d.ts@2.1693.0'. ========
File 'd:/DOPAMS/Toystack/dopams-backend-staging/node_modules/aws-sdk/lib/credentials/package.json' does not exist according to earlier cached lookups.
File 'd:/DOPAMS/Toystack/dopams-backend-staging/node_modules/aws-sdk/lib/package.json' does not exist according to earlier cached lookups.
File 'd:/DOPAMS/Toystack/dopams-backend-staging/node_modules/aws-sdk/package.json' exists according to earlier cached lookups.
======== Resolving module './remote_credentials' from 'd:/DOPAMS/Toystack/dopams-backend-staging/node_modules/aws-sdk/lib/credentials/ecs_credentials.d.ts'. ========
Explicitly specified module resolution kind: 'Node10'.
Loading module as file / folder, candidate module location 'd:/DOPAMS/Toystack/dopams-backend-staging/node_modules/aws-sdk/lib/credentials/remote_credentials', target file types: TypeScript, Declaration.
File 'd:/DOPAMS/Toystack/dopams-backend-staging/node_modules/aws-sdk/lib/credentials/remote_credentials.ts' does not exist.
File 'd:/DOPAMS/Toystack/dopams-backend-staging/node_modules/aws-sdk/lib/credentials/remote_credentials.tsx' does not exist.
File 'd:/DOPAMS/Toystack/dopams-backend-staging/node_modules/aws-sdk/lib/credentials/remote_credentials.d.ts' exists - use it as a name resolution result.
File 'd:/DOPAMS/Toystack/dopams-backend-staging/node_modules/aws-sdk/package.json' exists according to earlier cached lookups.
======== Module name './remote_credentials' was successfully resolved to 'd:/DOPAMS/Toystack/dopams-backend-staging/node_modules/aws-sdk/lib/credentials/remote_credentials.d.ts' with Package ID 'aws-sdk/lib/credentials/remote_credentials.d.ts@2.1693.0'. ========
File 'd:/DOPAMS/Toystack/dopams-backend-staging/node_modules/aws-sdk/lib/credentials/package.json' does not exist according to earlier cached lookups.
File 'd:/DOPAMS/Toystack/dopams-backend-staging/node_modules/aws-sdk/lib/package.json' does not exist according to earlier cached lookups.
File 'd:/DOPAMS/Toystack/dopams-backend-staging/node_modules/aws-sdk/package.json' exists according to earlier cached lookups.
======== Resolving module '../credentials' from 'd:/DOPAMS/Toystack/dopams-backend-staging/node_modules/aws-sdk/lib/credentials/environment_credentials.d.ts'. ========
Resolution for module '../credentials' was found in cache from location 'd:/DOPAMS/Toystack/dopams-backend-staging/node_modules/aws-sdk/lib/credentials'.
======== Module name '../credentials' was successfully resolved to 'd:/DOPAMS/Toystack/dopams-backend-staging/node_modules/aws-sdk/lib/credentials.d.ts' with Package ID 'aws-sdk/lib/credentials.d.ts@2.1693.0'. ========
File 'd:/DOPAMS/Toystack/dopams-backend-staging/node_modules/aws-sdk/lib/credentials/package.json' does not exist according to earlier cached lookups.
File 'd:/DOPAMS/Toystack/dopams-backend-staging/node_modules/aws-sdk/lib/package.json' does not exist according to earlier cached lookups.
File 'd:/DOPAMS/Toystack/dopams-backend-staging/node_modules/aws-sdk/package.json' exists according to earlier cached lookups.
======== Resolving module '../credentials' from 'd:/DOPAMS/Toystack/dopams-backend-staging/node_modules/aws-sdk/lib/credentials/file_system_credentials.d.ts'. ========
Resolution for module '../credentials' was found in cache from location 'd:/DOPAMS/Toystack/dopams-backend-staging/node_modules/aws-sdk/lib/credentials'.
======== Module name '../credentials' was successfully resolved to 'd:/DOPAMS/Toystack/dopams-backend-staging/node_modules/aws-sdk/lib/credentials.d.ts' with Package ID 'aws-sdk/lib/credentials.d.ts@2.1693.0'. ========
File 'd:/DOPAMS/Toystack/dopams-backend-staging/node_modules/aws-sdk/lib/credentials/package.json' does not exist according to earlier cached lookups.
File 'd:/DOPAMS/Toystack/dopams-backend-staging/node_modules/aws-sdk/lib/package.json' does not exist according to earlier cached lookups.
File 'd:/DOPAMS/Toystack/dopams-backend-staging/node_modules/aws-sdk/package.json' exists according to earlier cached lookups.
======== Resolving module '../credentials' from 'd:/DOPAMS/Toystack/dopams-backend-staging/node_modules/aws-sdk/lib/credentials/saml_credentials.d.ts'. ========
Resolution for module '../credentials' was found in cache from location 'd:/DOPAMS/Toystack/dopams-backend-staging/node_modules/aws-sdk/lib/credentials'.
======== Module name '../credentials' was successfully resolved to 'd:/DOPAMS/Toystack/dopams-backend-staging/node_modules/aws-sdk/lib/credentials.d.ts' with Package ID 'aws-sdk/lib/credentials.d.ts@2.1693.0'. ========
File 'd:/DOPAMS/Toystack/dopams-backend-staging/node_modules/aws-sdk/lib/credentials/package.json' does not exist according to earlier cached lookups.
File 'd:/DOPAMS/Toystack/dopams-backend-staging/node_modules/aws-sdk/lib/package.json' does not exist according to earlier cached lookups.
File 'd:/DOPAMS/Toystack/dopams-backend-staging/node_modules/aws-sdk/package.json' exists according to earlier cached lookups.
======== Resolving module '../credentials' from 'd:/DOPAMS/Toystack/dopams-backend-staging/node_modules/aws-sdk/lib/credentials/shared_ini_file_credentials.d.ts'. ========
Resolution for module '../credentials' was found in cache from location 'd:/DOPAMS/Toystack/dopams-backend-staging/node_modules/aws-sdk/lib/credentials'.
======== Module name '../credentials' was successfully resolved to 'd:/DOPAMS/Toystack/dopams-backend-staging/node_modules/aws-sdk/lib/credentials.d.ts' with Package ID 'aws-sdk/lib/credentials.d.ts@2.1693.0'. ========
======== Resolving module '../config-base' from 'd:/DOPAMS/Toystack/dopams-backend-staging/node_modules/aws-sdk/lib/credentials/shared_ini_file_credentials.d.ts'. ========
Resolution for module '../config-base' was found in cache from location 'd:/DOPAMS/Toystack/dopams-backend-staging/node_modules/aws-sdk/lib/credentials'.
======== Module name '../config-base' was successfully resolved to 'd:/DOPAMS/Toystack/dopams-backend-staging/node_modules/aws-sdk/lib/config-base.d.ts' with Package ID 'aws-sdk/lib/config-base.d.ts@2.1693.0'. ========
File 'd:/DOPAMS/Toystack/dopams-backend-staging/node_modules/aws-sdk/lib/credentials/package.json' does not exist according to earlier cached lookups.
File 'd:/DOPAMS/Toystack/dopams-backend-staging/node_modules/aws-sdk/lib/package.json' does not exist according to earlier cached lookups.
File 'd:/DOPAMS/Toystack/dopams-backend-staging/node_modules/aws-sdk/package.json' exists according to earlier cached lookups.
======== Resolving module '../credentials' from 'd:/DOPAMS/Toystack/dopams-backend-staging/node_modules/aws-sdk/lib/credentials/sso_credentials.d.ts'. ========
Resolution for module '../credentials' was found in cache from location 'd:/DOPAMS/Toystack/dopams-backend-staging/node_modules/aws-sdk/lib/credentials'.
======== Module name '../credentials' was successfully resolved to 'd:/DOPAMS/Toystack/dopams-backend-staging/node_modules/aws-sdk/lib/credentials.d.ts' with Package ID 'aws-sdk/lib/credentials.d.ts@2.1693.0'. ========
======== Resolving module '../../clients/sso' from 'd:/DOPAMS/Toystack/dopams-backend-staging/node_modules/aws-sdk/lib/credentials/sso_credentials.d.ts'. ========
Explicitly specified module resolution kind: 'Node10'.
Loading module as file / folder, candidate module location 'd:/DOPAMS/Toystack/dopams-backend-staging/node_modules/aws-sdk/clients/sso', target file types: TypeScript, Declaration.
File 'd:/DOPAMS/Toystack/dopams-backend-staging/node_modules/aws-sdk/clients/sso.ts' does not exist.
File 'd:/DOPAMS/Toystack/dopams-backend-staging/node_modules/aws-sdk/clients/sso.tsx' does not exist.
File 'd:/DOPAMS/Toystack/dopams-backend-staging/node_modules/aws-sdk/clients/sso.d.ts' exists - use it as a name resolution result.
File 'd:/DOPAMS/Toystack/dopams-backend-staging/node_modules/aws-sdk/package.json' exists according to earlier cached lookups.
======== Module name '../../clients/sso' was successfully resolved to 'd:/DOPAMS/Toystack/dopams-backend-staging/node_modules/aws-sdk/clients/sso.d.ts' with Package ID 'aws-sdk/clients/sso.d.ts@2.1693.0'. ========
======== Resolving module '../config-base' from 'd:/DOPAMS/Toystack/dopams-backend-staging/node_modules/aws-sdk/lib/credentials/sso_credentials.d.ts'. ========
Resolution for module '../config-base' was found in cache from location 'd:/DOPAMS/Toystack/dopams-backend-staging/node_modules/aws-sdk/lib/credentials'.
======== Module name '../config-base' was successfully resolved to 'd:/DOPAMS/Toystack/dopams-backend-staging/node_modules/aws-sdk/lib/config-base.d.ts' with Package ID 'aws-sdk/lib/config-base.d.ts@2.1693.0'. ========
File 'd:/DOPAMS/Toystack/dopams-backend-staging/node_modules/aws-sdk/lib/credentials/package.json' does not exist according to earlier cached lookups.
File 'd:/DOPAMS/Toystack/dopams-backend-staging/node_modules/aws-sdk/lib/package.json' does not exist according to earlier cached lookups.
File 'd:/DOPAMS/Toystack/dopams-backend-staging/node_modules/aws-sdk/package.json' exists according to earlier cached lookups.
======== Resolving module '../credentials' from 'd:/DOPAMS/Toystack/dopams-backend-staging/node_modules/aws-sdk/lib/credentials/process_credentials.d.ts'. ========
Resolution for module '../credentials' was found in cache from location 'd:/DOPAMS/Toystack/dopams-backend-staging/node_modules/aws-sdk/lib/credentials'.
======== Module name '../credentials' was successfully resolved to 'd:/DOPAMS/Toystack/dopams-backend-staging/node_modules/aws-sdk/lib/credentials.d.ts' with Package ID 'aws-sdk/lib/credentials.d.ts@2.1693.0'. ========
======== Resolving module '../config-base' from 'd:/DOPAMS/Toystack/dopams-backend-staging/node_modules/aws-sdk/lib/credentials/process_credentials.d.ts'. ========
Resolution for module '../config-base' was found in cache from location 'd:/DOPAMS/Toystack/dopams-backend-staging/node_modules/aws-sdk/lib/credentials'.
======== Module name '../config-base' was successfully resolved to 'd:/DOPAMS/Toystack/dopams-backend-staging/node_modules/aws-sdk/lib/config-base.d.ts' with Package ID 'aws-sdk/lib/config-base.d.ts@2.1693.0'. ========
File 'd:/DOPAMS/Toystack/dopams-backend-staging/node_modules/aws-sdk/lib/credentials/package.json' does not exist according to earlier cached lookups.
File 'd:/DOPAMS/Toystack/dopams-backend-staging/node_modules/aws-sdk/lib/package.json' does not exist according to earlier cached lookups.
File 'd:/DOPAMS/Toystack/dopams-backend-staging/node_modules/aws-sdk/package.json' exists according to earlier cached lookups.
======== Resolving module '../credentials' from 'd:/DOPAMS/Toystack/dopams-backend-staging/node_modules/aws-sdk/lib/credentials/temporary_credentials.d.ts'. ========
Resolution for module '../credentials' was found in cache from location 'd:/DOPAMS/Toystack/dopams-backend-staging/node_modules/aws-sdk/lib/credentials'.
======== Module name '../credentials' was successfully resolved to 'd:/DOPAMS/Toystack/dopams-backend-staging/node_modules/aws-sdk/lib/credentials.d.ts' with Package ID 'aws-sdk/lib/credentials.d.ts@2.1693.0'. ========
======== Resolving module '../error' from 'd:/DOPAMS/Toystack/dopams-backend-staging/node_modules/aws-sdk/lib/credentials/temporary_credentials.d.ts'. ========
Resolution for module '../error' was found in cache from location 'd:/DOPAMS/Toystack/dopams-backend-staging/node_modules/aws-sdk/lib/credentials'.
======== Module name '../error' was successfully resolved to 'd:/DOPAMS/Toystack/dopams-backend-staging/node_modules/aws-sdk/lib/error.d.ts' with Package ID 'aws-sdk/lib/error.d.ts@2.1693.0'. ========
======== Resolving module '../../clients/sts' from 'd:/DOPAMS/Toystack/dopams-backend-staging/node_modules/aws-sdk/lib/credentials/temporary_credentials.d.ts'. ========
Resolution for module '../../clients/sts' was found in cache from location 'd:/DOPAMS/Toystack/dopams-backend-staging/node_modules/aws-sdk/lib/credentials'.
======== Module name '../../clients/sts' was successfully resolved to 'd:/DOPAMS/Toystack/dopams-backend-staging/node_modules/aws-sdk/clients/sts.d.ts' with Package ID 'aws-sdk/clients/sts.d.ts@2.1693.0'. ========
File 'd:/DOPAMS/Toystack/dopams-backend-staging/node_modules/aws-sdk/lib/credentials/package.json' does not exist according to earlier cached lookups.
File 'd:/DOPAMS/Toystack/dopams-backend-staging/node_modules/aws-sdk/lib/package.json' does not exist according to earlier cached lookups.
File 'd:/DOPAMS/Toystack/dopams-backend-staging/node_modules/aws-sdk/package.json' exists according to earlier cached lookups.
======== Resolving module '../credentials' from 'd:/DOPAMS/Toystack/dopams-backend-staging/node_modules/aws-sdk/lib/credentials/chainable_temporary_credentials.d.ts'. ========
Resolution for module '../credentials' was found in cache from location 'd:/DOPAMS/Toystack/dopams-backend-staging/node_modules/aws-sdk/lib/credentials'.
======== Module name '../credentials' was successfully resolved to 'd:/DOPAMS/Toystack/dopams-backend-staging/node_modules/aws-sdk/lib/credentials.d.ts' with Package ID 'aws-sdk/lib/credentials.d.ts@2.1693.0'. ========
======== Resolving module '../error' from 'd:/DOPAMS/Toystack/dopams-backend-staging/node_modules/aws-sdk/lib/credentials/chainable_temporary_credentials.d.ts'. ========
Resolution for module '../error' was found in cache from location 'd:/DOPAMS/Toystack/dopams-backend-staging/node_modules/aws-sdk/lib/credentials'.
======== Module name '../error' was successfully resolved to 'd:/DOPAMS/Toystack/dopams-backend-staging/node_modules/aws-sdk/lib/error.d.ts' with Package ID 'aws-sdk/lib/error.d.ts@2.1693.0'. ========
======== Resolving module '../../clients/sts' from 'd:/DOPAMS/Toystack/dopams-backend-staging/node_modules/aws-sdk/lib/credentials/chainable_temporary_credentials.d.ts'. ========
Resolution for module '../../clients/sts' was found in cache from location 'd:/DOPAMS/Toystack/dopams-backend-staging/node_modules/aws-sdk/lib/credentials'.
======== Module name '../../clients/sts' was successfully resolved to 'd:/DOPAMS/Toystack/dopams-backend-staging/node_modules/aws-sdk/clients/sts.d.ts' with Package ID 'aws-sdk/clients/sts.d.ts@2.1693.0'. ========
File 'd:/DOPAMS/Toystack/dopams-backend-staging/node_modules/aws-sdk/lib/credentials/package.json' does not exist according to earlier cached lookups.
File 'd:/DOPAMS/Toystack/dopams-backend-staging/node_modules/aws-sdk/lib/package.json' does not exist according to earlier cached lookups.
File 'd:/DOPAMS/Toystack/dopams-backend-staging/node_modules/aws-sdk/package.json' exists according to earlier cached lookups.
======== Resolving module '../credentials' from 'd:/DOPAMS/Toystack/dopams-backend-staging/node_modules/aws-sdk/lib/credentials/web_identity_credentials.d.ts'. ========
Resolution for module '../credentials' was found in cache from location 'd:/DOPAMS/Toystack/dopams-backend-staging/node_modules/aws-sdk/lib/credentials'.
======== Module name '../credentials' was successfully resolved to 'd:/DOPAMS/Toystack/dopams-backend-staging/node_modules/aws-sdk/lib/credentials.d.ts' with Package ID 'aws-sdk/lib/credentials.d.ts@2.1693.0'. ========
======== Resolving module '../error' from 'd:/DOPAMS/Toystack/dopams-backend-staging/node_modules/aws-sdk/lib/credentials/web_identity_credentials.d.ts'. ========
Resolution for module '../error' was found in cache from location 'd:/DOPAMS/Toystack/dopams-backend-staging/node_modules/aws-sdk/lib/credentials'.
======== Module name '../error' was successfully resolved to 'd:/DOPAMS/Toystack/dopams-backend-staging/node_modules/aws-sdk/lib/error.d.ts' with Package ID 'aws-sdk/lib/error.d.ts@2.1693.0'. ========
======== Resolving module '../config-base' from 'd:/DOPAMS/Toystack/dopams-backend-staging/node_modules/aws-sdk/lib/credentials/web_identity_credentials.d.ts'. ========
Resolution for module '../config-base' was found in cache from location 'd:/DOPAMS/Toystack/dopams-backend-staging/node_modules/aws-sdk/lib/credentials'.
======== Module name '../config-base' was successfully resolved to 'd:/DOPAMS/Toystack/dopams-backend-staging/node_modules/aws-sdk/lib/config-base.d.ts' with Package ID 'aws-sdk/lib/config-base.d.ts@2.1693.0'. ========
======== Resolving module '../../clients/sts' from 'd:/DOPAMS/Toystack/dopams-backend-staging/node_modules/aws-sdk/lib/credentials/web_identity_credentials.d.ts'. ========
Resolution for module '../../clients/sts' was found in cache from location 'd:/DOPAMS/Toystack/dopams-backend-staging/node_modules/aws-sdk/lib/credentials'.
======== Module name '../../clients/sts' was successfully resolved to 'd:/DOPAMS/Toystack/dopams-backend-staging/node_modules/aws-sdk/clients/sts.d.ts' with Package ID 'aws-sdk/clients/sts.d.ts@2.1693.0'. ========
File 'd:/DOPAMS/Toystack/dopams-backend-staging/node_modules/aws-sdk/lib/credentials/package.json' does not exist according to earlier cached lookups.
File 'd:/DOPAMS/Toystack/dopams-backend-staging/node_modules/aws-sdk/lib/package.json' does not exist according to earlier cached lookups.
File 'd:/DOPAMS/Toystack/dopams-backend-staging/node_modules/aws-sdk/package.json' exists according to earlier cached lookups.
======== Resolving module '../credentials' from 'd:/DOPAMS/Toystack/dopams-backend-staging/node_modules/aws-sdk/lib/credentials/token_file_web_identity_credentials.d.ts'. ========
Resolution for module '../credentials' was found in cache from location 'd:/DOPAMS/Toystack/dopams-backend-staging/node_modules/aws-sdk/lib/credentials'.
======== Module name '../credentials' was successfully resolved to 'd:/DOPAMS/Toystack/dopams-backend-staging/node_modules/aws-sdk/lib/credentials.d.ts' with Package ID 'aws-sdk/lib/credentials.d.ts@2.1693.0'. ========
======== Resolving module '../error' from 'd:/DOPAMS/Toystack/dopams-backend-staging/node_modules/aws-sdk/lib/credentials/token_file_web_identity_credentials.d.ts'. ========
Resolution for module '../error' was found in cache from location 'd:/DOPAMS/Toystack/dopams-backend-staging/node_modules/aws-sdk/lib/credentials'.
======== Module name '../error' was successfully resolved to 'd:/DOPAMS/Toystack/dopams-backend-staging/node_modules/aws-sdk/lib/error.d.ts' with Package ID 'aws-sdk/lib/error.d.ts@2.1693.0'. ========
======== Resolving module '../../clients/sts' from 'd:/DOPAMS/Toystack/dopams-backend-staging/node_modules/aws-sdk/lib/credentials/token_file_web_identity_credentials.d.ts'. ========
Resolution for module '../../clients/sts' was found in cache from location 'd:/DOPAMS/Toystack/dopams-backend-staging/node_modules/aws-sdk/lib/credentials'.
======== Module name '../../clients/sts' was successfully resolved to 'd:/DOPAMS/Toystack/dopams-backend-staging/node_modules/aws-sdk/clients/sts.d.ts' with Package ID 'aws-sdk/clients/sts.d.ts@2.1693.0'. ========
File 'd:/DOPAMS/Toystack/dopams-backend-staging/node_modules/aws-sdk/lib/token/package.json' does not exist according to earlier cached lookups.
File 'd:/DOPAMS/Toystack/dopams-backend-staging/node_modules/aws-sdk/lib/package.json' does not exist according to earlier cached lookups.
File 'd:/DOPAMS/Toystack/dopams-backend-staging/node_modules/aws-sdk/package.json' exists according to earlier cached lookups.
======== Resolving module '../token' from 'd:/DOPAMS/Toystack/dopams-backend-staging/node_modules/aws-sdk/lib/token/static_token_provider.d.ts'. ========
Resolution for module '../token' was found in cache from location 'd:/DOPAMS/Toystack/dopams-backend-staging/node_modules/aws-sdk/lib/token'.
======== Module name '../token' was successfully resolved to 'd:/DOPAMS/Toystack/dopams-backend-staging/node_modules/aws-sdk/lib/token.d.ts' with Package ID 'aws-sdk/lib/token.d.ts@2.1693.0'. ========
File 'd:/DOPAMS/Toystack/dopams-backend-staging/node_modules/aws-sdk/lib/token/package.json' does not exist according to earlier cached lookups.
File 'd:/DOPAMS/Toystack/dopams-backend-staging/node_modules/aws-sdk/lib/package.json' does not exist according to earlier cached lookups.
File 'd:/DOPAMS/Toystack/dopams-backend-staging/node_modules/aws-sdk/package.json' exists according to earlier cached lookups.
======== Resolving module '../token' from 'd:/DOPAMS/Toystack/dopams-backend-staging/node_modules/aws-sdk/lib/token/sso_token_provider.d.ts'. ========
Resolution for module '../token' was found in cache from location 'd:/DOPAMS/Toystack/dopams-backend-staging/node_modules/aws-sdk/lib/token'.
======== Module name '../token' was successfully resolved to 'd:/DOPAMS/Toystack/dopams-backend-staging/node_modules/aws-sdk/lib/token.d.ts' with Package ID 'aws-sdk/lib/token.d.ts@2.1693.0'. ========
File 'd:/DOPAMS/Toystack/dopams-backend-staging/node_modules/aws-sdk/lib/package.json' does not exist according to earlier cached lookups.
File 'd:/DOPAMS/Toystack/dopams-backend-staging/node_modules/aws-sdk/package.json' exists according to earlier cached lookups.
File 'd:/DOPAMS/Toystack/dopams-backend-staging/node_modules/aws-sdk/lib/package.json' does not exist according to earlier cached lookups.
File 'd:/DOPAMS/Toystack/dopams-backend-staging/node_modules/aws-sdk/package.json' exists according to earlier cached lookups.
======== Resolving module './error' from 'd:/DOPAMS/Toystack/dopams-backend-staging/node_modules/aws-sdk/lib/metadata_service.d.ts'. ========
Resolution for module './error' was found in cache from location 'd:/DOPAMS/Toystack/dopams-backend-staging/node_modules/aws-sdk/lib'.
======== Module name './error' was successfully resolved to 'd:/DOPAMS/Toystack/dopams-backend-staging/node_modules/aws-sdk/lib/error.d.ts' with Package ID 'aws-sdk/lib/error.d.ts@2.1693.0'. ========
File 'd:/DOPAMS/Toystack/dopams-backend-staging/node_modules/aws-sdk/lib/shared-ini/package.json' does not exist.
File 'd:/DOPAMS/Toystack/dopams-backend-staging/node_modules/aws-sdk/lib/package.json' does not exist according to earlier cached lookups.
File 'd:/DOPAMS/Toystack/dopams-backend-staging/node_modules/aws-sdk/package.json' exists according to earlier cached lookups.
File 'd:/DOPAMS/Toystack/dopams-backend-staging/node_modules/aws-sdk/lib/model/package.json' does not exist according to earlier cached lookups.
File 'd:/DOPAMS/Toystack/dopams-backend-staging/node_modules/aws-sdk/lib/package.json' does not exist according to earlier cached lookups.
File 'd:/DOPAMS/Toystack/dopams-backend-staging/node_modules/aws-sdk/package.json' exists according to earlier cached lookups.
File 'd:/DOPAMS/Toystack/dopams-backend-staging/node_modules/exceljs/package.json' exists according to earlier cached lookups.
======== Resolving module 'stream' from 'd:/DOPAMS/Toystack/dopams-backend-staging/node_modules/exceljs/index.d.ts'. ========
Explicitly specified module resolution kind: 'Node10'.
'baseUrl' option is set to 'd:/DOPAMS/Toystack/dopams-backend-staging/src', using this value to resolve non-relative module name 'stream'.
'paths' option is specified, looking for a pattern to match module name 'stream'.
'baseUrl' option is set to 'd:/DOPAMS/Toystack/dopams-backend-staging/src', using this value to resolve non-relative module name 'stream'.
Resolving module name 'stream' relative to base url 'd:/DOPAMS/Toystack/dopams-backend-staging/src' - 'd:/DOPAMS/Toystack/dopams-backend-staging/src/stream'.
Loading module as file / folder, candidate module location 'd:/DOPAMS/Toystack/dopams-backend-staging/src/stream', target file types: TypeScript, Declaration.
File 'd:/DOPAMS/Toystack/dopams-backend-staging/src/stream.ts' does not exist.
File 'd:/DOPAMS/Toystack/dopams-backend-staging/src/stream.tsx' does not exist.
File 'd:/DOPAMS/Toystack/dopams-backend-staging/src/stream.d.ts' does not exist.
Directory 'd:/DOPAMS/Toystack/dopams-backend-staging/src/stream' does not exist, skipping all lookups in it.
Loading module 'stream' from 'node_modules' folder, target file types: TypeScript, Declaration.
Searching all ancestor node_modules directories for preferred extensions: TypeScript, Declaration.
File 'd:/DOPAMS/Toystack/dopams-backend-staging/node_modules/exceljs/node_modules/stream.ts' does not exist.
File 'd:/DOPAMS/Toystack/dopams-backend-staging/node_modules/exceljs/node_modules/stream.tsx' does not exist.
File 'd:/DOPAMS/Toystack/dopams-backend-staging/node_modules/exceljs/node_modules/stream.d.ts' does not exist.
Directory 'd:/DOPAMS/Toystack/dopams-backend-staging/node_modules/exceljs/node_modules/@types' does not exist, skipping all lookups in it.
Resolution for module 'stream' was found in cache from location 'd:/DOPAMS/Toystack/dopams-backend-staging'.
======== Module name 'stream' was not resolved. ========
======== Resolving module 'events' from 'd:/DOPAMS/Toystack/dopams-backend-staging/node_modules/exceljs/index.d.ts'. ========
Explicitly specified module resolution kind: 'Node10'.
'baseUrl' option is set to 'd:/DOPAMS/Toystack/dopams-backend-staging/src', using this value to resolve non-relative module name 'events'.
'paths' option is specified, looking for a pattern to match module name 'events'.
'baseUrl' option is set to 'd:/DOPAMS/Toystack/dopams-backend-staging/src', using this value to resolve non-relative module name 'events'.
Resolving module name 'events' relative to base url 'd:/DOPAMS/Toystack/dopams-backend-staging/src' - 'd:/DOPAMS/Toystack/dopams-backend-staging/src/events'.
Loading module as file / folder, candidate module location 'd:/DOPAMS/Toystack/dopams-backend-staging/src/events', target file types: TypeScript, Declaration.
File 'd:/DOPAMS/Toystack/dopams-backend-staging/src/events.ts' does not exist.
File 'd:/DOPAMS/Toystack/dopams-backend-staging/src/events.tsx' does not exist.
File 'd:/DOPAMS/Toystack/dopams-backend-staging/src/events.d.ts' does not exist.
Directory 'd:/DOPAMS/Toystack/dopams-backend-staging/src/events' does not exist, skipping all lookups in it.
Loading module 'events' from 'node_modules' folder, target file types: TypeScript, Declaration.
Searching all ancestor node_modules directories for preferred extensions: TypeScript, Declaration.
File 'd:/DOPAMS/Toystack/dopams-backend-staging/node_modules/exceljs/node_modules/events.ts' does not exist.
File 'd:/DOPAMS/Toystack/dopams-backend-staging/node_modules/exceljs/node_modules/events.tsx' does not exist.
File 'd:/DOPAMS/Toystack/dopams-backend-staging/node_modules/exceljs/node_modules/events.d.ts' does not exist.
Directory 'd:/DOPAMS/Toystack/dopams-backend-staging/node_modules/exceljs/node_modules/@types' does not exist, skipping all lookups in it.
File 'd:/DOPAMS/Toystack/dopams-backend-staging/node_modules/events/package.json' exists according to earlier cached lookups.
File 'd:/DOPAMS/Toystack/dopams-backend-staging/node_modules/events.ts' does not exist.
File 'd:/DOPAMS/Toystack/dopams-backend-staging/node_modules/events.tsx' does not exist.
File 'd:/DOPAMS/Toystack/dopams-backend-staging/node_modules/events.d.ts' does not exist.
'package.json' does not have a 'typings' field.
'package.json' does not have a 'types' field.
'package.json' has 'main' field './events.js' that references 'd:/DOPAMS/Toystack/dopams-backend-staging/node_modules/events/events.js'.
File name 'd:/DOPAMS/Toystack/dopams-backend-staging/node_modules/events/events.js' has a '.js' extension - stripping it.
File 'd:/DOPAMS/Toystack/dopams-backend-staging/node_modules/events/events.ts' does not exist.
File 'd:/DOPAMS/Toystack/dopams-backend-staging/node_modules/events/events.tsx' does not exist.
File 'd:/DOPAMS/Toystack/dopams-backend-staging/node_modules/events/events.d.ts' does not exist.
Loading module as file / folder, candidate module location 'd:/DOPAMS/Toystack/dopams-backend-staging/node_modules/events/events.js', target file types: TypeScript, Declaration.
File name 'd:/DOPAMS/Toystack/dopams-backend-staging/node_modules/events/events.js' has a '.js' extension - stripping it.
File 'd:/DOPAMS/Toystack/dopams-backend-staging/node_modules/events/events.ts' does not exist.
File 'd:/DOPAMS/Toystack/dopams-backend-staging/node_modules/events/events.tsx' does not exist.
File 'd:/DOPAMS/Toystack/dopams-backend-staging/node_modules/events/events.d.ts' does not exist.
File 'd:/DOPAMS/Toystack/dopams-backend-staging/node_modules/events/events.js.ts' does not exist.
File 'd:/DOPAMS/Toystack/dopams-backend-staging/node_modules/events/events.js.tsx' does not exist.
File 'd:/DOPAMS/Toystack/dopams-backend-staging/node_modules/events/events.js.d.ts' does not exist.
Directory 'd:/DOPAMS/Toystack/dopams-backend-staging/node_modules/events/events.js' does not exist, skipping all lookups in it.
File 'd:/DOPAMS/Toystack/dopams-backend-staging/node_modules/events/index.ts' does not exist.
File 'd:/DOPAMS/Toystack/dopams-backend-staging/node_modules/events/index.tsx' does not exist.
File 'd:/DOPAMS/Toystack/dopams-backend-staging/node_modules/events/index.d.ts' does not exist.
File 'd:/DOPAMS/Toystack/dopams-backend-staging/node_modules/@types/events.d.ts' does not exist.
Directory 'd:/DOPAMS/Toystack/node_modules' does not exist, skipping all lookups in it.
Directory 'd:/DOPAMS/node_modules' does not exist, skipping all lookups in it.
Directory 'd:/node_modules' does not exist, skipping all lookups in it.
'baseUrl' option is set to 'd:/DOPAMS/Toystack/dopams-backend-staging/src', using this value to resolve non-relative module name 'events'.
'paths' option is specified, looking for a pattern to match module name 'events'.
'baseUrl' option is set to 'd:/DOPAMS/Toystack/dopams-backend-staging/src', using this value to resolve non-relative module name 'events'.
Resolving module name 'events' relative to base url 'd:/DOPAMS/Toystack/dopams-backend-staging/src' - 'd:/DOPAMS/Toystack/dopams-backend-staging/src/events'.
Loading module as file / folder, candidate module location 'd:/DOPAMS/Toystack/dopams-backend-staging/src/events', target file types: JavaScript, JSON.
File 'd:/DOPAMS/Toystack/dopams-backend-staging/src/events.js' does not exist.
File 'd:/DOPAMS/Toystack/dopams-backend-staging/src/events.jsx' does not exist.
Directory 'd:/DOPAMS/Toystack/dopams-backend-staging/src/events' does not exist, skipping all lookups in it.
Loading module 'events' from 'node_modules' folder, target file types: JavaScript, JSON.
Searching all ancestor node_modules directories for fallback extensions: JavaScript, JSON.
File 'd:/DOPAMS/Toystack/dopams-backend-staging/node_modules/exceljs/node_modules/events.js' does not exist.
File 'd:/DOPAMS/Toystack/dopams-backend-staging/node_modules/exceljs/node_modules/events.jsx' does not exist.
File 'd:/DOPAMS/Toystack/dopams-backend-staging/node_modules/events/package.json' exists according to earlier cached lookups.
File 'd:/DOPAMS/Toystack/dopams-backend-staging/node_modules/events.js' does not exist.
File 'd:/DOPAMS/Toystack/dopams-backend-staging/node_modules/events.jsx' does not exist.
'package.json' has 'main' field './events.js' that references 'd:/DOPAMS/Toystack/dopams-backend-staging/node_modules/events/events.js'.
File name 'd:/DOPAMS/Toystack/dopams-backend-staging/node_modules/events/events.js' has a '.js' extension - stripping it.
File 'd:/DOPAMS/Toystack/dopams-backend-staging/node_modules/events/events.js' exists - use it as a name resolution result.
Resolution of non-relative name failed; trying with '--moduleResolution bundler' to see if project may need configuration update.
'baseUrl' option is set to 'd:/DOPAMS/Toystack/dopams-backend-staging/src', using this value to resolve non-relative module name 'events'.
'paths' option is specified, looking for a pattern to match module name 'events'.
'baseUrl' option is set to 'd:/DOPAMS/Toystack/dopams-backend-staging/src', using this value to resolve non-relative module name 'events'.
Resolving module name 'events' relative to base url 'd:/DOPAMS/Toystack/dopams-backend-staging/src' - 'd:/DOPAMS/Toystack/dopams-backend-staging/src/events'.
Loading module as file / folder, candidate module location 'd:/DOPAMS/Toystack/dopams-backend-staging/src/events', target file types: TypeScript, Declaration.
File 'd:/DOPAMS/Toystack/dopams-backend-staging/src/events.ts' does not exist.
File 'd:/DOPAMS/Toystack/dopams-backend-staging/src/events.tsx' does not exist.
File 'd:/DOPAMS/Toystack/dopams-backend-staging/src/events.d.ts' does not exist.
Directory 'd:/DOPAMS/Toystack/dopams-backend-staging/src/events' does not exist, skipping all lookups in it.
Loading module 'events' from 'node_modules' folder, target file types: TypeScript, Declaration.
Searching all ancestor node_modules directories for preferred extensions: TypeScript, Declaration.
File 'd:/DOPAMS/Toystack/dopams-backend-staging/node_modules/exceljs/node_modules/events.ts' does not exist.
File 'd:/DOPAMS/Toystack/dopams-backend-staging/node_modules/exceljs/node_modules/events.tsx' does not exist.
File 'd:/DOPAMS/Toystack/dopams-backend-staging/node_modules/exceljs/node_modules/events.d.ts' does not exist.
Directory 'd:/DOPAMS/Toystack/dopams-backend-staging/node_modules/exceljs/node_modules/@types' does not exist, skipping all lookups in it.
File 'd:/DOPAMS/Toystack/dopams-backend-staging/node_modules/events/package.json' exists according to earlier cached lookups.
File 'd:/DOPAMS/Toystack/dopams-backend-staging/node_modules/events.ts' does not exist.
File 'd:/DOPAMS/Toystack/dopams-backend-staging/node_modules/events.tsx' does not exist.
File 'd:/DOPAMS/Toystack/dopams-backend-staging/node_modules/events.d.ts' does not exist.
'package.json' does not have a 'typings' field.
'package.json' does not have a 'types' field.
'package.json' has 'main' field './events.js' that references 'd:/DOPAMS/Toystack/dopams-backend-staging/node_modules/events/events.js'.
File name 'd:/DOPAMS/Toystack/dopams-backend-staging/node_modules/events/events.js' has a '.js' extension - stripping it.
File 'd:/DOPAMS/Toystack/dopams-backend-staging/node_modules/events/events.ts' does not exist.
File 'd:/DOPAMS/Toystack/dopams-backend-staging/node_modules/events/events.tsx' does not exist.
File 'd:/DOPAMS/Toystack/dopams-backend-staging/node_modules/events/events.d.ts' does not exist.
Loading module as file / folder, candidate module location 'd:/DOPAMS/Toystack/dopams-backend-staging/node_modules/events/events.js', target file types: TypeScript, Declaration.
File name 'd:/DOPAMS/Toystack/dopams-backend-staging/node_modules/events/events.js' has a '.js' extension - stripping it.
File 'd:/DOPAMS/Toystack/dopams-backend-staging/node_modules/events/events.ts' does not exist.
File 'd:/DOPAMS/Toystack/dopams-backend-staging/node_modules/events/events.tsx' does not exist.
File 'd:/DOPAMS/Toystack/dopams-backend-staging/node_modules/events/events.d.ts' does not exist.
File 'd:/DOPAMS/Toystack/dopams-backend-staging/node_modules/events/events.js.ts' does not exist.
File 'd:/DOPAMS/Toystack/dopams-backend-staging/node_modules/events/events.js.tsx' does not exist.
File 'd:/DOPAMS/Toystack/dopams-backend-staging/node_modules/events/events.js.d.ts' does not exist.
Directory 'd:/DOPAMS/Toystack/dopams-backend-staging/node_modules/events/events.js' does not exist, skipping all lookups in it.
File 'd:/DOPAMS/Toystack/dopams-backend-staging/node_modules/events/index.ts' does not exist.
File 'd:/DOPAMS/Toystack/dopams-backend-staging/node_modules/events/index.tsx' does not exist.
File 'd:/DOPAMS/Toystack/dopams-backend-staging/node_modules/events/index.d.ts' does not exist.
File 'd:/DOPAMS/Toystack/dopams-backend-staging/node_modules/@types/events.d.ts' does not exist.
Directory 'd:/DOPAMS/Toystack/node_modules' does not exist, skipping all lookups in it.
Directory 'd:/DOPAMS/node_modules' does not exist, skipping all lookups in it.
Directory 'd:/node_modules' does not exist, skipping all lookups in it.
Resolving real path for 'd:/DOPAMS/Toystack/dopams-backend-staging/node_modules/events/events.js', result 'D:/DOPAMS/Toystack/dopams-backend-staging/node_modules/events/events.js'.
======== Module name 'events' was successfully resolved to 'd:/DOPAMS/Toystack/dopams-backend-staging/node_modules/events/events.js' with Package ID 'events/events.js@1.1.1'. ========
======== Resolving module 'graphql' from 'd:/DOPAMS/Toystack/dopams-backend-staging/src/schema/user/suspect.ts'. ========
Resolution for module 'graphql' was found in cache from location 'd:/DOPAMS/Toystack/dopams-backend-staging/src/schema/user'.
======== Module name 'graphql' was successfully resolved to 'd:/DOPAMS/Toystack/dopams-backend-staging/node_modules/graphql/index.d.ts' with Package ID 'graphql/index.d.ts@16.12.0'. ========
======== Resolving module 'graphql' from 'd:/DOPAMS/Toystack/dopams-backend-staging/src/schema/user/enums/account-activation-status.ts'. ========
Resolution for module 'graphql' was found in cache from location 'd:/DOPAMS/Toystack/dopams-backend-staging/src/schema/user/enums'.
======== Module name 'graphql' was successfully resolved to 'd:/DOPAMS/Toystack/dopams-backend-staging/node_modules/graphql/index.d.ts' with Package ID 'graphql/index.d.ts@16.12.0'. ========
======== Resolving module 'graphql' from 'd:/DOPAMS/Toystack/dopams-backend-staging/src/utils/errors/employeeException.ts'. ========
Resolution for module 'graphql' was found in cache from location 'd:/DOPAMS/Toystack/dopams-backend-staging/src/utils/errors'.
======== Module name 'graphql' was successfully resolved to 'd:/DOPAMS/Toystack/dopams-backend-staging/node_modules/graphql/index.d.ts' with Package ID 'graphql/index.d.ts@16.12.0'. ========
======== Resolving module 'graphql' from 'd:/DOPAMS/Toystack/dopams-backend-staging/src/utils/errors/failed-operation.ts'. ========
Resolution for module 'graphql' was found in cache from location 'd:/DOPAMS/Toystack/dopams-backend-staging/src/utils/errors'.
======== Module name 'graphql' was successfully resolved to 'd:/DOPAMS/Toystack/dopams-backend-staging/node_modules/graphql/index.d.ts' with Package ID 'graphql/index.d.ts@16.12.0'. ========
======== Resolving module 'graphql' from 'd:/DOPAMS/Toystack/dopams-backend-staging/src/utils/errors/invalid-operation.ts'. ========
Resolution for module 'graphql' was found in cache from location 'd:/DOPAMS/Toystack/dopams-backend-staging/src/utils/errors'.
======== Module name 'graphql' was successfully resolved to 'd:/DOPAMS/Toystack/dopams-backend-staging/node_modules/graphql/index.d.ts' with Package ID 'graphql/index.d.ts@16.12.0'. ========
======== Resolving module 'graphql' from 'd:/DOPAMS/Toystack/dopams-backend-staging/src/utils/errors/organizationException.ts'. ========
Resolution for module 'graphql' was found in cache from location 'd:/DOPAMS/Toystack/dopams-backend-staging/src/utils/errors'.
======== Module name 'graphql' was successfully resolved to 'd:/DOPAMS/Toystack/dopams-backend-staging/node_modules/graphql/index.d.ts' with Package ID 'graphql/index.d.ts@16.12.0'. ========
======== Resolving module 'graphql' from 'd:/DOPAMS/Toystack/dopams-backend-staging/src/utils/errors/permission-already-exists.ts'. ========
Resolution for module 'graphql' was found in cache from location 'd:/DOPAMS/Toystack/dopams-backend-staging/src/utils/errors'.
======== Module name 'graphql' was successfully resolved to 'd:/DOPAMS/Toystack/dopams-backend-staging/node_modules/graphql/index.d.ts' with Package ID 'graphql/index.d.ts@16.12.0'. ========
======== Resolving module 'graphql' from 'd:/DOPAMS/Toystack/dopams-backend-staging/src/utils/errors/permission-does-not-exist.ts'. ========
Resolution for module 'graphql' was found in cache from location 'd:/DOPAMS/Toystack/dopams-backend-staging/src/utils/errors'.
======== Module name 'graphql' was successfully resolved to 'd:/DOPAMS/Toystack/dopams-backend-staging/node_modules/graphql/index.d.ts' with Package ID 'graphql/index.d.ts@16.12.0'. ========
======== Resolving module 'graphql' from 'd:/DOPAMS/Toystack/dopams-backend-staging/src/utils/errors/service-unavailable.ts'. ========
Resolution for module 'graphql' was found in cache from location 'd:/DOPAMS/Toystack/dopams-backend-staging/src/utils/errors'.
======== Module name 'graphql' was successfully resolved to 'd:/DOPAMS/Toystack/dopams-backend-staging/node_modules/graphql/index.d.ts' with Package ID 'graphql/index.d.ts@16.12.0'. ========
======== Resolving module 'graphql' from 'd:/DOPAMS/Toystack/dopams-backend-staging/src/utils/errors/userException.ts'. ========
Resolution for module 'graphql' was found in cache from location 'd:/DOPAMS/Toystack/dopams-backend-staging/src/utils/errors'.
======== Module name 'graphql' was successfully resolved to 'd:/DOPAMS/Toystack/dopams-backend-staging/node_modules/graphql/index.d.ts' with Package ID 'graphql/index.d.ts@16.12.0'. ========
======== Resolving type reference directive 'bcryptjs', containing file 'd:/DOPAMS/Toystack/dopams-backend-staging/__inferred type names__.ts', root directory 'd:/DOPAMS/Toystack/dopams-backend-staging/node_modules/@types,d:/DOPAMS/Toystack/node_modules/@types,d:/DOPAMS/node_modules/@types,d:/node_modules/@types'. ========
Resolving with primary search path 'd:/DOPAMS/Toystack/dopams-backend-staging/node_modules/@types, d:/DOPAMS/Toystack/node_modules/@types, d:/DOPAMS/node_modules/@types, d:/node_modules/@types'.
Found 'package.json' at 'd:/DOPAMS/Toystack/dopams-backend-staging/node_modules/@types/bcryptjs/package.json'.
'package.json' does not have a 'typesVersions' field.
'package.json' does not have a 'typings' field.
'package.json' does not have a 'types' field.
'package.json' had a falsy 'main' field.
File 'd:/DOPAMS/Toystack/dopams-backend-staging/node_modules/@types/bcryptjs/index.d.ts' does not exist.
Directory 'd:/DOPAMS/Toystack/node_modules/@types' does not exist, skipping all lookups in it.
Directory 'd:/DOPAMS/node_modules/@types' does not exist, skipping all lookups in it.
Directory 'd:/node_modules/@types' does not exist, skipping all lookups in it.
Looking up in 'node_modules' folder, initial location 'd:/DOPAMS/Toystack/dopams-backend-staging'.
Searching all ancestor node_modules directories for preferred extensions: Declaration.
Found 'package.json' at 'd:/DOPAMS/Toystack/dopams-backend-staging/node_modules/bcryptjs/package.json'.
File 'd:/DOPAMS/Toystack/dopams-backend-staging/node_modules/bcryptjs.d.ts' does not exist.
'package.json' does not have a 'typesVersions' field.
'package.json' does not have a 'typings' field.
'package.json' has 'types' field 'umd/index.d.ts' that references 'd:/DOPAMS/Toystack/dopams-backend-staging/node_modules/bcryptjs/umd/index.d.ts'.
File 'd:/DOPAMS/Toystack/dopams-backend-staging/node_modules/bcryptjs/umd/index.d.ts' exists - use it as a name resolution result.
'package.json' does not have a 'peerDependencies' field.
Resolving real path for 'd:/DOPAMS/Toystack/dopams-backend-staging/node_modules/bcryptjs/umd/index.d.ts', result 'D:/DOPAMS/Toystack/dopams-backend-staging/node_modules/bcryptjs/umd/index.d.ts'.
======== Type reference directive 'bcryptjs' was successfully resolved to 'd:/DOPAMS/Toystack/dopams-backend-staging/node_modules/bcryptjs/umd/index.d.ts' with Package ID 'bcryptjs/umd/index.d.ts@3.0.3', primary: false. ========
======== Resolving type reference directive 'body-parser', containing file 'd:/DOPAMS/Toystack/dopams-backend-staging/__inferred type names__.ts', root directory 'd:/DOPAMS/Toystack/dopams-backend-staging/node_modules/@types,d:/DOPAMS/Toystack/node_modules/@types,d:/DOPAMS/node_modules/@types,d:/node_modules/@types'. ========
Resolving with primary search path 'd:/DOPAMS/Toystack/dopams-backend-staging/node_modules/@types, d:/DOPAMS/Toystack/node_modules/@types, d:/DOPAMS/node_modules/@types, d:/node_modules/@types'.
File 'd:/DOPAMS/Toystack/dopams-backend-staging/node_modules/@types/body-parser/package.json' exists according to earlier cached lookups.
'package.json' does not have a 'typings' field.
'package.json' has 'types' field 'index.d.ts' that references 'd:/DOPAMS/Toystack/dopams-backend-staging/node_modules/@types/body-parser/index.d.ts'.
File 'd:/DOPAMS/Toystack/dopams-backend-staging/node_modules/@types/body-parser/index.d.ts' exists - use it as a name resolution result.
Resolving real path for 'd:/DOPAMS/Toystack/dopams-backend-staging/node_modules/@types/body-parser/index.d.ts', result 'D:/DOPAMS/Toystack/dopams-backend-staging/node_modules/@types/body-parser/index.d.ts'.
======== Type reference directive 'body-parser' was successfully resolved to 'd:/DOPAMS/Toystack/dopams-backend-staging/node_modules/@types/body-parser/index.d.ts' with Package ID '@types/body-parser/index.d.ts@1.19.6', primary: true. ========
======== Resolving type reference directive 'connect', containing file 'd:/DOPAMS/Toystack/dopams-backend-staging/__inferred type names__.ts', root directory 'd:/DOPAMS/Toystack/dopams-backend-staging/node_modules/@types,d:/DOPAMS/Toystack/node_modules/@types,d:/DOPAMS/node_modules/@types,d:/node_modules/@types'. ========
Resolving with primary search path 'd:/DOPAMS/Toystack/dopams-backend-staging/node_modules/@types, d:/DOPAMS/Toystack/node_modules/@types, d:/DOPAMS/node_modules/@types, d:/node_modules/@types'.
File 'd:/DOPAMS/Toystack/dopams-backend-staging/node_modules/@types/connect/package.json' exists according to earlier cached lookups.
'package.json' does not have a 'typings' field.
'package.json' has 'types' field 'index.d.ts' that references 'd:/DOPAMS/Toystack/dopams-backend-staging/node_modules/@types/connect/index.d.ts'.
File 'd:/DOPAMS/Toystack/dopams-backend-staging/node_modules/@types/connect/index.d.ts' exists - use it as a name resolution result.
Resolving real path for 'd:/DOPAMS/Toystack/dopams-backend-staging/node_modules/@types/connect/index.d.ts', result 'D:/DOPAMS/Toystack/dopams-backend-staging/node_modules/@types/connect/index.d.ts'.
======== Type reference directive 'connect' was successfully resolved to 'd:/DOPAMS/Toystack/dopams-backend-staging/node_modules/@types/connect/index.d.ts' with Package ID '@types/connect/index.d.ts@3.4.38', primary: true. ========
======== Resolving type reference directive 'express', containing file 'd:/DOPAMS/Toystack/dopams-backend-staging/__inferred type names__.ts', root directory 'd:/DOPAMS/Toystack/dopams-backend-staging/node_modules/@types,d:/DOPAMS/Toystack/node_modules/@types,d:/DOPAMS/node_modules/@types,d:/node_modules/@types'. ========
Resolving with primary search path 'd:/DOPAMS/Toystack/dopams-backend-staging/node_modules/@types, d:/DOPAMS/Toystack/node_modules/@types, d:/DOPAMS/node_modules/@types, d:/node_modules/@types'.
File 'd:/DOPAMS/Toystack/dopams-backend-staging/node_modules/@types/express/package.json' exists according to earlier cached lookups.
'package.json' does not have a 'typings' field.
'package.json' has 'types' field 'index.d.ts' that references 'd:/DOPAMS/Toystack/dopams-backend-staging/node_modules/@types/express/index.d.ts'.
File 'd:/DOPAMS/Toystack/dopams-backend-staging/node_modules/@types/express/index.d.ts' exists - use it as a name resolution result.
Resolving real path for 'd:/DOPAMS/Toystack/dopams-backend-staging/node_modules/@types/express/index.d.ts', result 'D:/DOPAMS/Toystack/dopams-backend-staging/node_modules/@types/express/index.d.ts'.
======== Type reference directive 'express' was successfully resolved to 'd:/DOPAMS/Toystack/dopams-backend-staging/node_modules/@types/express/index.d.ts' with Package ID '@types/express/index.d.ts@4.17.25', primary: true. ========
======== Resolving type reference directive 'express-serve-static-core', containing file 'd:/DOPAMS/Toystack/dopams-backend-staging/__inferred type names__.ts', root directory 'd:/DOPAMS/Toystack/dopams-backend-staging/node_modules/@types,d:/DOPAMS/Toystack/node_modules/@types,d:/DOPAMS/node_modules/@types,d:/node_modules/@types'. ========
Resolving with primary search path 'd:/DOPAMS/Toystack/dopams-backend-staging/node_modules/@types, d:/DOPAMS/Toystack/node_modules/@types, d:/DOPAMS/node_modules/@types, d:/node_modules/@types'.
File 'd:/DOPAMS/Toystack/dopams-backend-staging/node_modules/@types/express-serve-static-core/package.json' exists according to earlier cached lookups.
'package.json' does not have a 'typings' field.
'package.json' has 'types' field 'index.d.ts' that references 'd:/DOPAMS/Toystack/dopams-backend-staging/node_modules/@types/express-serve-static-core/index.d.ts'.
File 'd:/DOPAMS/Toystack/dopams-backend-staging/node_modules/@types/express-serve-static-core/index.d.ts' exists - use it as a name resolution result.
Resolving real path for 'd:/DOPAMS/Toystack/dopams-backend-staging/node_modules/@types/express-serve-static-core/index.d.ts', result 'D:/DOPAMS/Toystack/dopams-backend-staging/node_modules/@types/express-serve-static-core/index.d.ts'.
======== Type reference directive 'express-serve-static-core' was successfully resolved to 'd:/DOPAMS/Toystack/dopams-backend-staging/node_modules/@types/express-serve-static-core/index.d.ts' with Package ID '@types/express-serve-static-core/index.d.ts@4.19.8', primary: true. ========
======== Resolving type reference directive 'http-cache-semantics', containing file 'd:/DOPAMS/Toystack/dopams-backend-staging/__inferred type names__.ts', root directory 'd:/DOPAMS/Toystack/dopams-backend-staging/node_modules/@types,d:/DOPAMS/Toystack/node_modules/@types,d:/DOPAMS/node_modules/@types,d:/node_modules/@types'. ========
Resolving with primary search path 'd:/DOPAMS/Toystack/dopams-backend-staging/node_modules/@types, d:/DOPAMS/Toystack/node_modules/@types, d:/DOPAMS/node_modules/@types, d:/node_modules/@types'.
Found 'package.json' at 'd:/DOPAMS/Toystack/dopams-backend-staging/node_modules/@types/http-cache-semantics/package.json'.
'package.json' does not have a 'typesVersions' field.
'package.json' does not have a 'typings' field.
'package.json' has 'types' field 'index.d.ts' that references 'd:/DOPAMS/Toystack/dopams-backend-staging/node_modules/@types/http-cache-semantics/index.d.ts'.
File 'd:/DOPAMS/Toystack/dopams-backend-staging/node_modules/@types/http-cache-semantics/index.d.ts' exists - use it as a name resolution result.
'package.json' has a 'peerDependencies' field.
Resolving real path for 'd:/DOPAMS/Toystack/dopams-backend-staging/node_modules/@types/http-cache-semantics', result 'D:/DOPAMS/Toystack/dopams-backend-staging/node_modules/@types/http-cache-semantics'.
Resolving real path for 'd:/DOPAMS/Toystack/dopams-backend-staging/node_modules/@types/http-cache-semantics/index.d.ts', result 'D:/DOPAMS/Toystack/dopams-backend-staging/node_modules/@types/http-cache-semantics/index.d.ts'.
======== Type reference directive 'http-cache-semantics' was successfully resolved to 'd:/DOPAMS/Toystack/dopams-backend-staging/node_modules/@types/http-cache-semantics/index.d.ts' with Package ID '@types/http-cache-semantics/index.d.ts@4.2.0', primary: true. ========
======== Resolving type reference directive 'http-errors', containing file 'd:/DOPAMS/Toystack/dopams-backend-staging/__inferred type names__.ts', root directory 'd:/DOPAMS/Toystack/dopams-backend-staging/node_modules/@types,d:/DOPAMS/Toystack/node_modules/@types,d:/DOPAMS/node_modules/@types,d:/node_modules/@types'. ========
Resolving with primary search path 'd:/DOPAMS/Toystack/dopams-backend-staging/node_modules/@types, d:/DOPAMS/Toystack/node_modules/@types, d:/DOPAMS/node_modules/@types, d:/node_modules/@types'.
File 'd:/DOPAMS/Toystack/dopams-backend-staging/node_modules/@types/http-errors/package.json' exists according to earlier cached lookups.
'package.json' does not have a 'typings' field.
'package.json' has 'types' field 'index.d.ts' that references 'd:/DOPAMS/Toystack/dopams-backend-staging/node_modules/@types/http-errors/index.d.ts'.
File 'd:/DOPAMS/Toystack/dopams-backend-staging/node_modules/@types/http-errors/index.d.ts' exists - use it as a name resolution result.
Resolving real path for 'd:/DOPAMS/Toystack/dopams-backend-staging/node_modules/@types/http-errors/index.d.ts', result 'D:/DOPAMS/Toystack/dopams-backend-staging/node_modules/@types/http-errors/index.d.ts'.
======== Type reference directive 'http-errors' was successfully resolved to 'd:/DOPAMS/Toystack/dopams-backend-staging/node_modules/@types/http-errors/index.d.ts' with Package ID '@types/http-errors/index.d.ts@2.0.5', primary: true. ========
======== Resolving type reference directive 'json5', containing file 'd:/DOPAMS/Toystack/dopams-backend-staging/__inferred type names__.ts', root directory 'd:/DOPAMS/Toystack/dopams-backend-staging/node_modules/@types,d:/DOPAMS/Toystack/node_modules/@types,d:/DOPAMS/node_modules/@types,d:/node_modules/@types'. ========
Resolving with primary search path 'd:/DOPAMS/Toystack/dopams-backend-staging/node_modules/@types, d:/DOPAMS/Toystack/node_modules/@types, d:/DOPAMS/node_modules/@types, d:/node_modules/@types'.
Found 'package.json' at 'd:/DOPAMS/Toystack/dopams-backend-staging/node_modules/@types/json5/package.json'.
'package.json' does not have a 'typesVersions' field.
'package.json' has 'typings' field 'index.d.ts' that references 'd:/DOPAMS/Toystack/dopams-backend-staging/node_modules/@types/json5/index.d.ts'.
File 'd:/DOPAMS/Toystack/dopams-backend-staging/node_modules/@types/json5/index.d.ts' exists - use it as a name resolution result.
'package.json' does not have a 'peerDependencies' field.
Resolving real path for 'd:/DOPAMS/Toystack/dopams-backend-staging/node_modules/@types/json5/index.d.ts', result 'D:/DOPAMS/Toystack/dopams-backend-staging/node_modules/@types/json5/index.d.ts'.
======== Type reference directive 'json5' was successfully resolved to 'd:/DOPAMS/Toystack/dopams-backend-staging/node_modules/@types/json5/index.d.ts' with Package ID '@types/json5/index.d.ts@0.0.29', primary: true. ========
======== Resolving type reference directive 'jsonwebtoken', containing file 'd:/DOPAMS/Toystack/dopams-backend-staging/__inferred type names__.ts', root directory 'd:/DOPAMS/Toystack/dopams-backend-staging/node_modules/@types,d:/DOPAMS/Toystack/node_modules/@types,d:/DOPAMS/node_modules/@types,d:/node_modules/@types'. ========
Resolving with primary search path 'd:/DOPAMS/Toystack/dopams-backend-staging/node_modules/@types, d:/DOPAMS/Toystack/node_modules/@types, d:/DOPAMS/node_modules/@types, d:/node_modules/@types'.
File 'd:/DOPAMS/Toystack/dopams-backend-staging/node_modules/@types/jsonwebtoken/package.json' exists according to earlier cached lookups.
'package.json' does not have a 'typings' field.
'package.json' has 'types' field 'index.d.ts' that references 'd:/DOPAMS/Toystack/dopams-backend-staging/node_modules/@types/jsonwebtoken/index.d.ts'.
File 'd:/DOPAMS/Toystack/dopams-backend-staging/node_modules/@types/jsonwebtoken/index.d.ts' exists - use it as a name resolution result.
Resolving real path for 'd:/DOPAMS/Toystack/dopams-backend-staging/node_modules/@types/jsonwebtoken/index.d.ts', result 'D:/DOPAMS/Toystack/dopams-backend-staging/node_modules/@types/jsonwebtoken/index.d.ts'.
======== Type reference directive 'jsonwebtoken' was successfully resolved to 'd:/DOPAMS/Toystack/dopams-backend-staging/node_modules/@types/jsonwebtoken/index.d.ts' with Package ID '@types/jsonwebtoken/index.d.ts@9.0.10', primary: true. ========
======== Resolving type reference directive 'lodash', containing file 'd:/DOPAMS/Toystack/dopams-backend-staging/__inferred type names__.ts', root directory 'd:/DOPAMS/Toystack/dopams-backend-staging/node_modules/@types,d:/DOPAMS/Toystack/node_modules/@types,d:/DOPAMS/node_modules/@types,d:/node_modules/@types'. ========
Resolving with primary search path 'd:/DOPAMS/Toystack/dopams-backend-staging/node_modules/@types, d:/DOPAMS/Toystack/node_modules/@types, d:/DOPAMS/node_modules/@types, d:/node_modules/@types'.
Found 'package.json' at 'd:/DOPAMS/Toystack/dopams-backend-staging/node_modules/@types/lodash/package.json'.
'package.json' does not have a 'typesVersions' field.
'package.json' does not have a 'typings' field.
'package.json' has 'types' field 'index.d.ts' that references 'd:/DOPAMS/Toystack/dopams-backend-staging/node_modules/@types/lodash/index.d.ts'.
File 'd:/DOPAMS/Toystack/dopams-backend-staging/node_modules/@types/lodash/index.d.ts' exists - use it as a name resolution result.
'package.json' has a 'peerDependencies' field.
Resolving real path for 'd:/DOPAMS/Toystack/dopams-backend-staging/node_modules/@types/lodash', result 'D:/DOPAMS/Toystack/dopams-backend-staging/node_modules/@types/lodash'.
Resolving real path for 'd:/DOPAMS/Toystack/dopams-backend-staging/node_modules/@types/lodash/index.d.ts', result 'D:/DOPAMS/Toystack/dopams-backend-staging/node_modules/@types/lodash/index.d.ts'.
======== Type reference directive 'lodash' was successfully resolved to 'd:/DOPAMS/Toystack/dopams-backend-staging/node_modules/@types/lodash/index.d.ts' with Package ID '@types/lodash/index.d.ts@4.17.23', primary: true. ========
======== Resolving type reference directive 'long', containing file 'd:/DOPAMS/Toystack/dopams-backend-staging/__inferred type names__.ts', root directory 'd:/DOPAMS/Toystack/dopams-backend-staging/node_modules/@types,d:/DOPAMS/Toystack/node_modules/@types,d:/DOPAMS/node_modules/@types,d:/node_modules/@types'. ========
Resolving with primary search path 'd:/DOPAMS/Toystack/dopams-backend-staging/node_modules/@types, d:/DOPAMS/Toystack/node_modules/@types, d:/DOPAMS/node_modules/@types, d:/node_modules/@types'.
Found 'package.json' at 'd:/DOPAMS/Toystack/dopams-backend-staging/node_modules/@types/long/package.json'.
'package.json' does not have a 'typesVersions' field.
'package.json' does not have a 'typings' field.
'package.json' has 'types' field 'index.d.ts' that references 'd:/DOPAMS/Toystack/dopams-backend-staging/node_modules/@types/long/index.d.ts'.
File 'd:/DOPAMS/Toystack/dopams-backend-staging/node_modules/@types/long/index.d.ts' exists - use it as a name resolution result.
'package.json' does not have a 'peerDependencies' field.
Resolving real path for 'd:/DOPAMS/Toystack/dopams-backend-staging/node_modules/@types/long/index.d.ts', result 'D:/DOPAMS/Toystack/dopams-backend-staging/node_modules/@types/long/index.d.ts'.
======== Type reference directive 'long' was successfully resolved to 'd:/DOPAMS/Toystack/dopams-backend-staging/node_modules/@types/long/index.d.ts' with Package ID '@types/long/index.d.ts@4.0.2', primary: true. ========
======== Resolving type reference directive 'mime', containing file 'd:/DOPAMS/Toystack/dopams-backend-staging/__inferred type names__.ts', root directory 'd:/DOPAMS/Toystack/dopams-backend-staging/node_modules/@types,d:/DOPAMS/Toystack/node_modules/@types,d:/DOPAMS/node_modules/@types,d:/node_modules/@types'. ========
Resolving with primary search path 'd:/DOPAMS/Toystack/dopams-backend-staging/node_modules/@types, d:/DOPAMS/Toystack/node_modules/@types, d:/DOPAMS/node_modules/@types, d:/node_modules/@types'.
File 'd:/DOPAMS/Toystack/dopams-backend-staging/node_modules/@types/mime/package.json' exists according to earlier cached lookups.
'package.json' does not have a 'typings' field.
'package.json' has 'types' field 'index.d.ts' that references 'd:/DOPAMS/Toystack/dopams-backend-staging/node_modules/@types/mime/index.d.ts'.
File 'd:/DOPAMS/Toystack/dopams-backend-staging/node_modules/@types/mime/index.d.ts' exists - use it as a name resolution result.
Resolving real path for 'd:/DOPAMS/Toystack/dopams-backend-staging/node_modules/@types/mime/index.d.ts', result 'D:/DOPAMS/Toystack/dopams-backend-staging/node_modules/@types/mime/index.d.ts'.
======== Type reference directive 'mime' was successfully resolved to 'd:/DOPAMS/Toystack/dopams-backend-staging/node_modules/@types/mime/index.d.ts' with Package ID '@types/mime/index.d.ts@1.3.5', primary: true. ========
======== Resolving type reference directive 'ms', containing file 'd:/DOPAMS/Toystack/dopams-backend-staging/__inferred type names__.ts', root directory 'd:/DOPAMS/Toystack/dopams-backend-staging/node_modules/@types,d:/DOPAMS/Toystack/node_modules/@types,d:/DOPAMS/node_modules/@types,d:/node_modules/@types'. ========
Resolving with primary search path 'd:/DOPAMS/Toystack/dopams-backend-staging/node_modules/@types, d:/DOPAMS/Toystack/node_modules/@types, d:/DOPAMS/node_modules/@types, d:/node_modules/@types'.
File 'd:/DOPAMS/Toystack/dopams-backend-staging/node_modules/@types/ms/package.json' exists according to earlier cached lookups.
'package.json' does not have a 'typings' field.
'package.json' has 'types' field 'index.d.ts' that references 'd:/DOPAMS/Toystack/dopams-backend-staging/node_modules/@types/ms/index.d.ts'.
File 'd:/DOPAMS/Toystack/dopams-backend-staging/node_modules/@types/ms/index.d.ts' exists - use it as a name resolution result.
Resolving real path for 'd:/DOPAMS/Toystack/dopams-backend-staging/node_modules/@types/ms/index.d.ts', result 'D:/DOPAMS/Toystack/dopams-backend-staging/node_modules/@types/ms/index.d.ts'.
======== Type reference directive 'ms' was successfully resolved to 'd:/DOPAMS/Toystack/dopams-backend-staging/node_modules/@types/ms/index.d.ts' with Package ID '@types/ms/index.d.ts@2.1.0', primary: true. ========
======== Resolving type reference directive 'node', containing file 'd:/DOPAMS/Toystack/dopams-backend-staging/__inferred type names__.ts', root directory 'd:/DOPAMS/Toystack/dopams-backend-staging/node_modules/@types,d:/DOPAMS/Toystack/node_modules/@types,d:/DOPAMS/node_modules/@types,d:/node_modules/@types'. ========
Resolving with primary search path 'd:/DOPAMS/Toystack/dopams-backend-staging/node_modules/@types, d:/DOPAMS/Toystack/node_modules/@types, d:/DOPAMS/node_modules/@types, d:/node_modules/@types'.
File 'd:/DOPAMS/Toystack/dopams-backend-staging/node_modules/@types/node/package.json' exists according to earlier cached lookups.
'package.json' does not have a 'typings' field.
'package.json' has 'types' field 'index.d.ts' that references 'd:/DOPAMS/Toystack/dopams-backend-staging/node_modules/@types/node/index.d.ts'.
File 'd:/DOPAMS/Toystack/dopams-backend-staging/node_modules/@types/node/index.d.ts' exists - use it as a name resolution result.
Resolving real path for 'd:/DOPAMS/Toystack/dopams-backend-staging/node_modules/@types/node/index.d.ts', result 'D:/DOPAMS/Toystack/dopams-backend-staging/node_modules/@types/node/index.d.ts'.
======== Type reference directive 'node' was successfully resolved to 'd:/DOPAMS/Toystack/dopams-backend-staging/node_modules/@types/node/index.d.ts' with Package ID '@types/node/index.d.ts@22.19.10', primary: true. ========
======== Resolving type reference directive 'node-fetch', containing file 'd:/DOPAMS/Toystack/dopams-backend-staging/__inferred type names__.ts', root directory 'd:/DOPAMS/Toystack/dopams-backend-staging/node_modules/@types,d:/DOPAMS/Toystack/node_modules/@types,d:/DOPAMS/node_modules/@types,d:/node_modules/@types'. ========
Resolving with primary search path 'd:/DOPAMS/Toystack/dopams-backend-staging/node_modules/@types, d:/DOPAMS/Toystack/node_modules/@types, d:/DOPAMS/node_modules/@types, d:/node_modules/@types'.
Found 'package.json' at 'd:/DOPAMS/Toystack/dopams-backend-staging/node_modules/@types/node-fetch/package.json'.
'package.json' does not have a 'typesVersions' field.
'package.json' does not have a 'typings' field.
'package.json' has 'types' field 'index.d.ts' that references 'd:/DOPAMS/Toystack/dopams-backend-staging/node_modules/@types/node-fetch/index.d.ts'.
File 'd:/DOPAMS/Toystack/dopams-backend-staging/node_modules/@types/node-fetch/index.d.ts' exists - use it as a name resolution result.
'package.json' has a 'peerDependencies' field.
Resolving real path for 'd:/DOPAMS/Toystack/dopams-backend-staging/node_modules/@types/node-fetch', result 'D:/DOPAMS/Toystack/dopams-backend-staging/node_modules/@types/node-fetch'.
Resolving real path for 'd:/DOPAMS/Toystack/dopams-backend-staging/node_modules/@types/node-fetch/index.d.ts', result 'D:/DOPAMS/Toystack/dopams-backend-staging/node_modules/@types/node-fetch/index.d.ts'.
======== Type reference directive 'node-fetch' was successfully resolved to 'd:/DOPAMS/Toystack/dopams-backend-staging/node_modules/@types/node-fetch/index.d.ts' with Package ID '@types/node-fetch/index.d.ts@2.6.13', primary: true. ========
======== Resolving type reference directive 'nodemailer', containing file 'd:/DOPAMS/Toystack/dopams-backend-staging/__inferred type names__.ts', root directory 'd:/DOPAMS/Toystack/dopams-backend-staging/node_modules/@types,d:/DOPAMS/Toystack/node_modules/@types,d:/DOPAMS/node_modules/@types,d:/node_modules/@types'. ========
Resolving with primary search path 'd:/DOPAMS/Toystack/dopams-backend-staging/node_modules/@types, d:/DOPAMS/Toystack/node_modules/@types, d:/DOPAMS/node_modules/@types, d:/node_modules/@types'.
Found 'package.json' at 'd:/DOPAMS/Toystack/dopams-backend-staging/node_modules/@types/nodemailer/package.json'.
'package.json' does not have a 'typesVersions' field.
'package.json' does not have a 'typings' field.
'package.json' has 'types' field 'index.d.ts' that references 'd:/DOPAMS/Toystack/dopams-backend-staging/node_modules/@types/nodemailer/index.d.ts'.
File 'd:/DOPAMS/Toystack/dopams-backend-staging/node_modules/@types/nodemailer/index.d.ts' exists - use it as a name resolution result.
'package.json' has a 'peerDependencies' field.
Resolving real path for 'd:/DOPAMS/Toystack/dopams-backend-staging/node_modules/@types/nodemailer', result 'D:/DOPAMS/Toystack/dopams-backend-staging/node_modules/@types/nodemailer'.
Resolving real path for 'd:/DOPAMS/Toystack/dopams-backend-staging/node_modules/@types/nodemailer/index.d.ts', result 'D:/DOPAMS/Toystack/dopams-backend-staging/node_modules/@types/nodemailer/index.d.ts'.
======== Type reference directive 'nodemailer' was successfully resolved to 'd:/DOPAMS/Toystack/dopams-backend-staging/node_modules/@types/nodemailer/index.d.ts' with Package ID '@types/nodemailer/index.d.ts@6.4.22', primary: true. ========
======== Resolving type reference directive 'qs', containing file 'd:/DOPAMS/Toystack/dopams-backend-staging/__inferred type names__.ts', root directory 'd:/DOPAMS/Toystack/dopams-backend-staging/node_modules/@types,d:/DOPAMS/Toystack/node_modules/@types,d:/DOPAMS/node_modules/@types,d:/node_modules/@types'. ========
Resolving with primary search path 'd:/DOPAMS/Toystack/dopams-backend-staging/node_modules/@types, d:/DOPAMS/Toystack/node_modules/@types, d:/DOPAMS/node_modules/@types, d:/node_modules/@types'.
File 'd:/DOPAMS/Toystack/dopams-backend-staging/node_modules/@types/qs/package.json' exists according to earlier cached lookups.
'package.json' does not have a 'typings' field.
'package.json' has 'types' field 'index.d.ts' that references 'd:/DOPAMS/Toystack/dopams-backend-staging/node_modules/@types/qs/index.d.ts'.
File 'd:/DOPAMS/Toystack/dopams-backend-staging/node_modules/@types/qs/index.d.ts' exists - use it as a name resolution result.
Resolving real path for 'd:/DOPAMS/Toystack/dopams-backend-staging/node_modules/@types/qs/index.d.ts', result 'D:/DOPAMS/Toystack/dopams-backend-staging/node_modules/@types/qs/index.d.ts'.
======== Type reference directive 'qs' was successfully resolved to 'd:/DOPAMS/Toystack/dopams-backend-staging/node_modules/@types/qs/index.d.ts' with Package ID '@types/qs/index.d.ts@6.14.0', primary: true. ========
======== Resolving type reference directive 'range-parser', containing file 'd:/DOPAMS/Toystack/dopams-backend-staging/__inferred type names__.ts', root directory 'd:/DOPAMS/Toystack/dopams-backend-staging/node_modules/@types,d:/DOPAMS/Toystack/node_modules/@types,d:/DOPAMS/node_modules/@types,d:/node_modules/@types'. ========
Resolving with primary search path 'd:/DOPAMS/Toystack/dopams-backend-staging/node_modules/@types, d:/DOPAMS/Toystack/node_modules/@types, d:/DOPAMS/node_modules/@types, d:/node_modules/@types'.
File 'd:/DOPAMS/Toystack/dopams-backend-staging/node_modules/@types/range-parser/package.json' exists according to earlier cached lookups.
'package.json' does not have a 'typings' field.
'package.json' has 'types' field 'index.d.ts' that references 'd:/DOPAMS/Toystack/dopams-backend-staging/node_modules/@types/range-parser/index.d.ts'.
File 'd:/DOPAMS/Toystack/dopams-backend-staging/node_modules/@types/range-parser/index.d.ts' exists - use it as a name resolution result.
Resolving real path for 'd:/DOPAMS/Toystack/dopams-backend-staging/node_modules/@types/range-parser/index.d.ts', result 'D:/DOPAMS/Toystack/dopams-backend-staging/node_modules/@types/range-parser/index.d.ts'.
======== Type reference directive 'range-parser' was successfully resolved to 'd:/DOPAMS/Toystack/dopams-backend-staging/node_modules/@types/range-parser/index.d.ts' with Package ID '@types/range-parser/index.d.ts@1.2.7', primary: true. ========
======== Resolving type reference directive 'send', containing file 'd:/DOPAMS/Toystack/dopams-backend-staging/__inferred type names__.ts', root directory 'd:/DOPAMS/Toystack/dopams-backend-staging/node_modules/@types,d:/DOPAMS/Toystack/node_modules/@types,d:/DOPAMS/node_modules/@types,d:/node_modules/@types'. ========
Resolving with primary search path 'd:/DOPAMS/Toystack/dopams-backend-staging/node_modules/@types, d:/DOPAMS/Toystack/node_modules/@types, d:/DOPAMS/node_modules/@types, d:/node_modules/@types'.
File 'd:/DOPAMS/Toystack/dopams-backend-staging/node_modules/@types/send/package.json' exists according to earlier cached lookups.
'package.json' does not have a 'typings' field.
'package.json' has 'types' field 'index.d.ts' that references 'd:/DOPAMS/Toystack/dopams-backend-staging/node_modules/@types/send/index.d.ts'.
File 'd:/DOPAMS/Toystack/dopams-backend-staging/node_modules/@types/send/index.d.ts' exists - use it as a name resolution result.
Resolving real path for 'd:/DOPAMS/Toystack/dopams-backend-staging/node_modules/@types/send/index.d.ts', result 'D:/DOPAMS/Toystack/dopams-backend-staging/node_modules/@types/send/index.d.ts'.
======== Type reference directive 'send' was successfully resolved to 'd:/DOPAMS/Toystack/dopams-backend-staging/node_modules/@types/send/index.d.ts' with Package ID '@types/send/index.d.ts@1.2.1', primary: true. ========
======== Resolving type reference directive 'serve-static', containing file 'd:/DOPAMS/Toystack/dopams-backend-staging/__inferred type names__.ts', root directory 'd:/DOPAMS/Toystack/dopams-backend-staging/node_modules/@types,d:/DOPAMS/Toystack/node_modules/@types,d:/DOPAMS/node_modules/@types,d:/node_modules/@types'. ========
Resolving with primary search path 'd:/DOPAMS/Toystack/dopams-backend-staging/node_modules/@types, d:/DOPAMS/Toystack/node_modules/@types, d:/DOPAMS/node_modules/@types, d:/node_modules/@types'.
File 'd:/DOPAMS/Toystack/dopams-backend-staging/node_modules/@types/serve-static/package.json' exists according to earlier cached lookups.
'package.json' does not have a 'typings' field.
'package.json' has 'types' field 'index.d.ts' that references 'd:/DOPAMS/Toystack/dopams-backend-staging/node_modules/@types/serve-static/index.d.ts'.
File 'd:/DOPAMS/Toystack/dopams-backend-staging/node_modules/@types/serve-static/index.d.ts' exists - use it as a name resolution result.
Resolving real path for 'd:/DOPAMS/Toystack/dopams-backend-staging/node_modules/@types/serve-static/index.d.ts', result 'D:/DOPAMS/Toystack/dopams-backend-staging/node_modules/@types/serve-static/index.d.ts'.
======== Type reference directive 'serve-static' was successfully resolved to 'd:/DOPAMS/Toystack/dopams-backend-staging/node_modules/@types/serve-static/index.d.ts' with Package ID '@types/serve-static/index.d.ts@1.15.10', primary: true. ========
======== Resolving type reference directive 'strip-bom', containing file 'd:/DOPAMS/Toystack/dopams-backend-staging/__inferred type names__.ts', root directory 'd:/DOPAMS/Toystack/dopams-backend-staging/node_modules/@types,d:/DOPAMS/Toystack/node_modules/@types,d:/DOPAMS/node_modules/@types,d:/node_modules/@types'. ========
Resolving with primary search path 'd:/DOPAMS/Toystack/dopams-backend-staging/node_modules/@types, d:/DOPAMS/Toystack/node_modules/@types, d:/DOPAMS/node_modules/@types, d:/node_modules/@types'.
Found 'package.json' at 'd:/DOPAMS/Toystack/dopams-backend-staging/node_modules/@types/strip-bom/package.json'.
'package.json' does not have a 'typesVersions' field.
'package.json' does not have a 'typings' field.
'package.json' does not have a 'types' field.
'package.json' had a falsy 'main' field.
File 'd:/DOPAMS/Toystack/dopams-backend-staging/node_modules/@types/strip-bom/index.d.ts' exists - use it as a name resolution result.
'package.json' has a 'peerDependencies' field.
Resolving real path for 'd:/DOPAMS/Toystack/dopams-backend-staging/node_modules/@types/strip-bom', result 'D:/DOPAMS/Toystack/dopams-backend-staging/node_modules/@types/strip-bom'.
Resolving real path for 'd:/DOPAMS/Toystack/dopams-backend-staging/node_modules/@types/strip-bom/index.d.ts', result 'D:/DOPAMS/Toystack/dopams-backend-staging/node_modules/@types/strip-bom/index.d.ts'.
======== Type reference directive 'strip-bom' was successfully resolved to 'd:/DOPAMS/Toystack/dopams-backend-staging/node_modules/@types/strip-bom/index.d.ts' with Package ID '@types/strip-bom/index.d.ts@3.0.0', primary: true. ========
======== Resolving type reference directive 'strip-json-comments', containing file 'd:/DOPAMS/Toystack/dopams-backend-staging/__inferred type names__.ts', root directory 'd:/DOPAMS/Toystack/dopams-backend-staging/node_modules/@types,d:/DOPAMS/Toystack/node_modules/@types,d:/DOPAMS/node_modules/@types,d:/node_modules/@types'. ========
Resolving with primary search path 'd:/DOPAMS/Toystack/dopams-backend-staging/node_modules/@types, d:/DOPAMS/Toystack/node_modules/@types, d:/DOPAMS/node_modules/@types, d:/node_modules/@types'.
Found 'package.json' at 'd:/DOPAMS/Toystack/dopams-backend-staging/node_modules/@types/strip-json-comments/package.json'.
'package.json' does not have a 'typesVersions' field.
'package.json' does not have a 'typings' field.
'package.json' does not have a 'types' field.
'package.json' had a falsy 'main' field.
File 'd:/DOPAMS/Toystack/dopams-backend-staging/node_modules/@types/strip-json-comments/index.d.ts' exists - use it as a name resolution result.
'package.json' does not have a 'peerDependencies' field.
Resolving real path for 'd:/DOPAMS/Toystack/dopams-backend-staging/node_modules/@types/strip-json-comments/index.d.ts', result 'D:/DOPAMS/Toystack/dopams-backend-staging/node_modules/@types/strip-json-comments/index.d.ts'.
======== Type reference directive 'strip-json-comments' was successfully resolved to 'd:/DOPAMS/Toystack/dopams-backend-staging/node_modules/@types/strip-json-comments/index.d.ts' with Package ID '@types/strip-json-comments/index.d.ts@0.0.30', primary: true. ========
======== Resolving type reference directive 'triple-beam', containing file 'd:/DOPAMS/Toystack/dopams-backend-staging/__inferred type names__.ts', root directory 'd:/DOPAMS/Toystack/dopams-backend-staging/node_modules/@types,d:/DOPAMS/Toystack/node_modules/@types,d:/DOPAMS/node_modules/@types,d:/node_modules/@types'. ========
Resolving with primary search path 'd:/DOPAMS/Toystack/dopams-backend-staging/node_modules/@types, d:/DOPAMS/Toystack/node_modules/@types, d:/DOPAMS/node_modules/@types, d:/node_modules/@types'.
File 'd:/DOPAMS/Toystack/dopams-backend-staging/node_modules/@types/triple-beam/package.json' exists according to earlier cached lookups.
'package.json' does not have a 'typings' field.
'package.json' has 'types' field 'index.d.ts' that references 'd:/DOPAMS/Toystack/dopams-backend-staging/node_modules/@types/triple-beam/index.d.ts'.
File 'd:/DOPAMS/Toystack/dopams-backend-staging/node_modules/@types/triple-beam/index.d.ts' exists - use it as a name resolution result.
Resolving real path for 'd:/DOPAMS/Toystack/dopams-backend-staging/node_modules/@types/triple-beam/index.d.ts', result 'D:/DOPAMS/Toystack/dopams-backend-staging/node_modules/@types/triple-beam/index.d.ts'.
======== Type reference directive 'triple-beam' was successfully resolved to 'd:/DOPAMS/Toystack/dopams-backend-staging/node_modules/@types/triple-beam/index.d.ts' with Package ID '@types/triple-beam/index.d.ts@1.3.5', primary: true. ========
======== Resolving type reference directive 'uuid', containing file 'd:/DOPAMS/Toystack/dopams-backend-staging/__inferred type names__.ts', root directory 'd:/DOPAMS/Toystack/dopams-backend-staging/node_modules/@types,d:/DOPAMS/Toystack/node_modules/@types,d:/DOPAMS/node_modules/@types,d:/node_modules/@types'. ========
Resolving with primary search path 'd:/DOPAMS/Toystack/dopams-backend-staging/node_modules/@types, d:/DOPAMS/Toystack/node_modules/@types, d:/DOPAMS/node_modules/@types, d:/node_modules/@types'.
Found 'package.json' at 'd:/DOPAMS/Toystack/dopams-backend-staging/node_modules/@types/uuid/package.json'.
'package.json' does not have a 'typesVersions' field.
'package.json' does not have a 'typings' field.
'package.json' has 'types' field 'index.d.ts' that references 'd:/DOPAMS/Toystack/dopams-backend-staging/node_modules/@types/uuid/index.d.ts'.
File 'd:/DOPAMS/Toystack/dopams-backend-staging/node_modules/@types/uuid/index.d.ts' exists - use it as a name resolution result.
'package.json' does not have a 'peerDependencies' field.
Resolving real path for 'd:/DOPAMS/Toystack/dopams-backend-staging/node_modules/@types/uuid/index.d.ts', result 'D:/DOPAMS/Toystack/dopams-backend-staging/node_modules/@types/uuid/index.d.ts'.
======== Type reference directive 'uuid' was successfully resolved to 'd:/DOPAMS/Toystack/dopams-backend-staging/node_modules/@types/uuid/index.d.ts' with Package ID '@types/uuid/index.d.ts@10.0.0', primary: true. ========
======== Resolving type reference directive 'yup', containing file 'd:/DOPAMS/Toystack/dopams-backend-staging/__inferred type names__.ts', root directory 'd:/DOPAMS/Toystack/dopams-backend-staging/node_modules/@types,d:/DOPAMS/Toystack/node_modules/@types,d:/DOPAMS/node_modules/@types,d:/node_modules/@types'. ========
Resolving with primary search path 'd:/DOPAMS/Toystack/dopams-backend-staging/node_modules/@types, d:/DOPAMS/Toystack/node_modules/@types, d:/DOPAMS/node_modules/@types, d:/node_modules/@types'.
Found 'package.json' at 'd:/DOPAMS/Toystack/dopams-backend-staging/node_modules/@types/yup/package.json'.
'package.json' does not have a 'typesVersions' field.
'package.json' does not have a 'typings' field.
'package.json' has 'types' field 'index.d.ts' that references 'd:/DOPAMS/Toystack/dopams-backend-staging/node_modules/@types/yup/index.d.ts'.
File 'd:/DOPAMS/Toystack/dopams-backend-staging/node_modules/@types/yup/index.d.ts' exists - use it as a name resolution result.
'package.json' does not have a 'peerDependencies' field.
Resolving real path for 'd:/DOPAMS/Toystack/dopams-backend-staging/node_modules/@types/yup/index.d.ts', result 'D:/DOPAMS/Toystack/dopams-backend-staging/node_modules/@types/yup/index.d.ts'.
======== Type reference directive 'yup' was successfully resolved to 'd:/DOPAMS/Toystack/dopams-backend-staging/node_modules/@types/yup/index.d.ts' with Package ID '@types/yup/index.d.ts@0.29.13', primary: true. ========
Found 'package.json' at 'd:/DOPAMS/Toystack/dopams-backend-staging/node_modules/bcryptjs/umd/package.json'.
======== Resolving module './types.js' from 'd:/DOPAMS/Toystack/dopams-backend-staging/node_modules/bcryptjs/umd/index.d.ts'. ========
Explicitly specified module resolution kind: 'Node10'.
Loading module as file / folder, candidate module location 'd:/DOPAMS/Toystack/dopams-backend-staging/node_modules/bcryptjs/umd/types.js', target file types: TypeScript, Declaration.
File name 'd:/DOPAMS/Toystack/dopams-backend-staging/node_modules/bcryptjs/umd/types.js' has a '.js' extension - stripping it.
File 'd:/DOPAMS/Toystack/dopams-backend-staging/node_modules/bcryptjs/umd/types.ts' does not exist.
File 'd:/DOPAMS/Toystack/dopams-backend-staging/node_modules/bcryptjs/umd/types.tsx' does not exist.
File 'd:/DOPAMS/Toystack/dopams-backend-staging/node_modules/bcryptjs/umd/types.d.ts' exists - use it as a name resolution result.
File 'd:/DOPAMS/Toystack/dopams-backend-staging/node_modules/bcryptjs/package.json' exists according to earlier cached lookups.
======== Module name './types.js' was successfully resolved to 'd:/DOPAMS/Toystack/dopams-backend-staging/node_modules/bcryptjs/umd/types.d.ts' with Package ID 'bcryptjs/umd/types.d.ts@3.0.3'. ========
File 'd:/DOPAMS/Toystack/dopams-backend-staging/node_modules/bcryptjs/umd/package.json' exists according to earlier cached lookups.
File 'd:/DOPAMS/Toystack/dopams-backend-staging/node_modules/@types/http-cache-semantics/package.json' exists according to earlier cached lookups.
File 'd:/DOPAMS/Toystack/dopams-backend-staging/node_modules/@types/json5/package.json' exists according to earlier cached lookups.
File 'd:/DOPAMS/Toystack/dopams-backend-staging/node_modules/@types/lodash/package.json' exists according to earlier cached lookups.
File 'd:/DOPAMS/Toystack/dopams-backend-staging/node_modules/@types/lodash/common/package.json' does not exist.
File 'd:/DOPAMS/Toystack/dopams-backend-staging/node_modules/@types/lodash/package.json' exists according to earlier cached lookups.
======== Resolving module '../index' from 'd:/DOPAMS/Toystack/dopams-backend-staging/node_modules/@types/lodash/common/common.d.ts'. ========
Explicitly specified module resolution kind: 'Node10'.
Loading module as file / folder, candidate module location 'd:/DOPAMS/Toystack/dopams-backend-staging/node_modules/@types/lodash/index', target file types: TypeScript, Declaration.
File 'd:/DOPAMS/Toystack/dopams-backend-staging/node_modules/@types/lodash/index.ts' does not exist.
File 'd:/DOPAMS/Toystack/dopams-backend-staging/node_modules/@types/lodash/index.tsx' does not exist.
File 'd:/DOPAMS/Toystack/dopams-backend-staging/node_modules/@types/lodash/index.d.ts' exists - use it as a name resolution result.
File 'd:/DOPAMS/Toystack/dopams-backend-staging/node_modules/@types/lodash/package.json' exists according to earlier cached lookups.
======== Module name '../index' was successfully resolved to 'd:/DOPAMS/Toystack/dopams-backend-staging/node_modules/@types/lodash/index.d.ts' with Package ID '@types/lodash/index.d.ts@4.17.23'. ========
File 'd:/DOPAMS/Toystack/dopams-backend-staging/node_modules/@types/lodash/common/package.json' does not exist according to earlier cached lookups.
File 'd:/DOPAMS/Toystack/dopams-backend-staging/node_modules/@types/lodash/package.json' exists according to earlier cached lookups.
======== Resolving module '../index' from 'd:/DOPAMS/Toystack/dopams-backend-staging/node_modules/@types/lodash/common/array.d.ts'. ========
Resolution for module '../index' was found in cache from location 'd:/DOPAMS/Toystack/dopams-backend-staging/node_modules/@types/lodash/common'.
======== Module name '../index' was successfully resolved to 'd:/DOPAMS/Toystack/dopams-backend-staging/node_modules/@types/lodash/index.d.ts' with Package ID '@types/lodash/index.d.ts@4.17.23'. ========
File 'd:/DOPAMS/Toystack/dopams-backend-staging/node_modules/@types/lodash/common/package.json' does not exist according to earlier cached lookups.
File 'd:/DOPAMS/Toystack/dopams-backend-staging/node_modules/@types/lodash/package.json' exists according to earlier cached lookups.
======== Resolving module '../index' from 'd:/DOPAMS/Toystack/dopams-backend-staging/node_modules/@types/lodash/common/collection.d.ts'. ========
Resolution for module '../index' was found in cache from location 'd:/DOPAMS/Toystack/dopams-backend-staging/node_modules/@types/lodash/common'.
======== Module name '../index' was successfully resolved to 'd:/DOPAMS/Toystack/dopams-backend-staging/node_modules/@types/lodash/index.d.ts' with Package ID '@types/lodash/index.d.ts@4.17.23'. ========
File 'd:/DOPAMS/Toystack/dopams-backend-staging/node_modules/@types/lodash/common/package.json' does not exist according to earlier cached lookups.
File 'd:/DOPAMS/Toystack/dopams-backend-staging/node_modules/@types/lodash/package.json' exists according to earlier cached lookups.
======== Resolving module '../index' from 'd:/DOPAMS/Toystack/dopams-backend-staging/node_modules/@types/lodash/common/date.d.ts'. ========
Resolution for module '../index' was found in cache from location 'd:/DOPAMS/Toystack/dopams-backend-staging/node_modules/@types/lodash/common'.
======== Module name '../index' was successfully resolved to 'd:/DOPAMS/Toystack/dopams-backend-staging/node_modules/@types/lodash/index.d.ts' with Package ID '@types/lodash/index.d.ts@4.17.23'. ========
File 'd:/DOPAMS/Toystack/dopams-backend-staging/node_modules/@types/lodash/common/package.json' does not exist according to earlier cached lookups.
File 'd:/DOPAMS/Toystack/dopams-backend-staging/node_modules/@types/lodash/package.json' exists according to earlier cached lookups.
======== Resolving module '../index' from 'd:/DOPAMS/Toystack/dopams-backend-staging/node_modules/@types/lodash/common/function.d.ts'. ========
Resolution for module '../index' was found in cache from location 'd:/DOPAMS/Toystack/dopams-backend-staging/node_modules/@types/lodash/common'.
======== Module name '../index' was successfully resolved to 'd:/DOPAMS/Toystack/dopams-backend-staging/node_modules/@types/lodash/index.d.ts' with Package ID '@types/lodash/index.d.ts@4.17.23'. ========
File 'd:/DOPAMS/Toystack/dopams-backend-staging/node_modules/@types/lodash/common/package.json' does not exist according to earlier cached lookups.
File 'd:/DOPAMS/Toystack/dopams-backend-staging/node_modules/@types/lodash/package.json' exists according to earlier cached lookups.
======== Resolving module '../index' from 'd:/DOPAMS/Toystack/dopams-backend-staging/node_modules/@types/lodash/common/lang.d.ts'. ========
Resolution for module '../index' was found in cache from location 'd:/DOPAMS/Toystack/dopams-backend-staging/node_modules/@types/lodash/common'.
======== Module name '../index' was successfully resolved to 'd:/DOPAMS/Toystack/dopams-backend-staging/node_modules/@types/lodash/index.d.ts' with Package ID '@types/lodash/index.d.ts@4.17.23'. ========
File 'd:/DOPAMS/Toystack/dopams-backend-staging/node_modules/@types/lodash/common/package.json' does not exist according to earlier cached lookups.
File 'd:/DOPAMS/Toystack/dopams-backend-staging/node_modules/@types/lodash/package.json' exists according to earlier cached lookups.
======== Resolving module '../index' from 'd:/DOPAMS/Toystack/dopams-backend-staging/node_modules/@types/lodash/common/math.d.ts'. ========
Resolution for module '../index' was found in cache from location 'd:/DOPAMS/Toystack/dopams-backend-staging/node_modules/@types/lodash/common'.
======== Module name '../index' was successfully resolved to 'd:/DOPAMS/Toystack/dopams-backend-staging/node_modules/@types/lodash/index.d.ts' with Package ID '@types/lodash/index.d.ts@4.17.23'. ========
File 'd:/DOPAMS/Toystack/dopams-backend-staging/node_modules/@types/lodash/common/package.json' does not exist according to earlier cached lookups.
File 'd:/DOPAMS/Toystack/dopams-backend-staging/node_modules/@types/lodash/package.json' exists according to earlier cached lookups.
======== Resolving module '../index' from 'd:/DOPAMS/Toystack/dopams-backend-staging/node_modules/@types/lodash/common/number.d.ts'. ========
Resolution for module '../index' was found in cache from location 'd:/DOPAMS/Toystack/dopams-backend-staging/node_modules/@types/lodash/common'.
======== Module name '../index' was successfully resolved to 'd:/DOPAMS/Toystack/dopams-backend-staging/node_modules/@types/lodash/index.d.ts' with Package ID '@types/lodash/index.d.ts@4.17.23'. ========
File 'd:/DOPAMS/Toystack/dopams-backend-staging/node_modules/@types/lodash/common/package.json' does not exist according to earlier cached lookups.
File 'd:/DOPAMS/Toystack/dopams-backend-staging/node_modules/@types/lodash/package.json' exists according to earlier cached lookups.
======== Resolving module '../index' from 'd:/DOPAMS/Toystack/dopams-backend-staging/node_modules/@types/lodash/common/object.d.ts'. ========
Resolution for module '../index' was found in cache from location 'd:/DOPAMS/Toystack/dopams-backend-staging/node_modules/@types/lodash/common'.
======== Module name '../index' was successfully resolved to 'd:/DOPAMS/Toystack/dopams-backend-staging/node_modules/@types/lodash/index.d.ts' with Package ID '@types/lodash/index.d.ts@4.17.23'. ========
======== Resolving module './common' from 'd:/DOPAMS/Toystack/dopams-backend-staging/node_modules/@types/lodash/common/object.d.ts'. ========
Explicitly specified module resolution kind: 'Node10'.
Loading module as file / folder, candidate module location 'd:/DOPAMS/Toystack/dopams-backend-staging/node_modules/@types/lodash/common/common', target file types: TypeScript, Declaration.
File 'd:/DOPAMS/Toystack/dopams-backend-staging/node_modules/@types/lodash/common/common.ts' does not exist.
File 'd:/DOPAMS/Toystack/dopams-backend-staging/node_modules/@types/lodash/common/common.tsx' does not exist.
File 'd:/DOPAMS/Toystack/dopams-backend-staging/node_modules/@types/lodash/common/common.d.ts' exists - use it as a name resolution result.
File 'd:/DOPAMS/Toystack/dopams-backend-staging/node_modules/@types/lodash/package.json' exists according to earlier cached lookups.
======== Module name './common' was successfully resolved to 'd:/DOPAMS/Toystack/dopams-backend-staging/node_modules/@types/lodash/common/common.d.ts' with Package ID '@types/lodash/common/common.d.ts@4.17.23'. ========
File 'd:/DOPAMS/Toystack/dopams-backend-staging/node_modules/@types/lodash/common/package.json' does not exist according to earlier cached lookups.
File 'd:/DOPAMS/Toystack/dopams-backend-staging/node_modules/@types/lodash/package.json' exists according to earlier cached lookups.
======== Resolving module '../index' from 'd:/DOPAMS/Toystack/dopams-backend-staging/node_modules/@types/lodash/common/seq.d.ts'. ========
Resolution for module '../index' was found in cache from location 'd:/DOPAMS/Toystack/dopams-backend-staging/node_modules/@types/lodash/common'.
======== Module name '../index' was successfully resolved to 'd:/DOPAMS/Toystack/dopams-backend-staging/node_modules/@types/lodash/index.d.ts' with Package ID '@types/lodash/index.d.ts@4.17.23'. ========
File 'd:/DOPAMS/Toystack/dopams-backend-staging/node_modules/@types/lodash/common/package.json' does not exist according to earlier cached lookups.
File 'd:/DOPAMS/Toystack/dopams-backend-staging/node_modules/@types/lodash/package.json' exists according to earlier cached lookups.
======== Resolving module '../index' from 'd:/DOPAMS/Toystack/dopams-backend-staging/node_modules/@types/lodash/common/string.d.ts'. ========
Resolution for module '../index' was found in cache from location 'd:/DOPAMS/Toystack/dopams-backend-staging/node_modules/@types/lodash/common'.
======== Module name '../index' was successfully resolved to 'd:/DOPAMS/Toystack/dopams-backend-staging/node_modules/@types/lodash/index.d.ts' with Package ID '@types/lodash/index.d.ts@4.17.23'. ========
File 'd:/DOPAMS/Toystack/dopams-backend-staging/node_modules/@types/lodash/common/package.json' does not exist according to earlier cached lookups.
File 'd:/DOPAMS/Toystack/dopams-backend-staging/node_modules/@types/lodash/package.json' exists according to earlier cached lookups.
======== Resolving module '../index' from 'd:/DOPAMS/Toystack/dopams-backend-staging/node_modules/@types/lodash/common/util.d.ts'. ========
Resolution for module '../index' was found in cache from location 'd:/DOPAMS/Toystack/dopams-backend-staging/node_modules/@types/lodash/common'.
======== Module name '../index' was successfully resolved to 'd:/DOPAMS/Toystack/dopams-backend-staging/node_modules/@types/lodash/index.d.ts' with Package ID '@types/lodash/index.d.ts@4.17.23'. ========
File 'd:/DOPAMS/Toystack/dopams-backend-staging/node_modules/@types/long/package.json' exists according to earlier cached lookups.
File 'd:/DOPAMS/Toystack/dopams-backend-staging/node_modules/@types/node-fetch/package.json' exists according to earlier cached lookups.
======== Resolving type reference directive 'node', containing file 'd:/DOPAMS/Toystack/dopams-backend-staging/node_modules/@types/node-fetch/index.d.ts', root directory 'd:/DOPAMS/Toystack/dopams-backend-staging/node_modules/@types,d:/DOPAMS/Toystack/node_modules/@types,d:/DOPAMS/node_modules/@types,d:/node_modules/@types'. ========
Resolving with primary search path 'd:/DOPAMS/Toystack/dopams-backend-staging/node_modules/@types, d:/DOPAMS/Toystack/node_modules/@types, d:/DOPAMS/node_modules/@types, d:/node_modules/@types'.
File 'd:/DOPAMS/Toystack/dopams-backend-staging/node_modules/@types/node/package.json' exists according to earlier cached lookups.
'package.json' does not have a 'typings' field.
'package.json' has 'types' field 'index.d.ts' that references 'd:/DOPAMS/Toystack/dopams-backend-staging/node_modules/@types/node/index.d.ts'.
File 'd:/DOPAMS/Toystack/dopams-backend-staging/node_modules/@types/node/index.d.ts' exists - use it as a name resolution result.
Resolving real path for 'd:/DOPAMS/Toystack/dopams-backend-staging/node_modules/@types/node/index.d.ts', result 'D:/DOPAMS/Toystack/dopams-backend-staging/node_modules/@types/node/index.d.ts'.
======== Type reference directive 'node' was successfully resolved to 'd:/DOPAMS/Toystack/dopams-backend-staging/node_modules/@types/node/index.d.ts' with Package ID '@types/node/index.d.ts@22.19.10', primary: true. ========
======== Resolving module 'form-data' from 'd:/DOPAMS/Toystack/dopams-backend-staging/node_modules/@types/node-fetch/index.d.ts'. ========
Explicitly specified module resolution kind: 'Node10'.
'baseUrl' option is set to 'd:/DOPAMS/Toystack/dopams-backend-staging/src', using this value to resolve non-relative module name 'form-data'.
'paths' option is specified, looking for a pattern to match module name 'form-data'.
'baseUrl' option is set to 'd:/DOPAMS/Toystack/dopams-backend-staging/src', using this value to resolve non-relative module name 'form-data'.
Resolving module name 'form-data' relative to base url 'd:/DOPAMS/Toystack/dopams-backend-staging/src' - 'd:/DOPAMS/Toystack/dopams-backend-staging/src/form-data'.
Loading module as file / folder, candidate module location 'd:/DOPAMS/Toystack/dopams-backend-staging/src/form-data', target file types: TypeScript, Declaration.
File 'd:/DOPAMS/Toystack/dopams-backend-staging/src/form-data.ts' does not exist.
File 'd:/DOPAMS/Toystack/dopams-backend-staging/src/form-data.tsx' does not exist.
File 'd:/DOPAMS/Toystack/dopams-backend-staging/src/form-data.d.ts' does not exist.
Directory 'd:/DOPAMS/Toystack/dopams-backend-staging/src/form-data' does not exist, skipping all lookups in it.
Loading module 'form-data' from 'node_modules' folder, target file types: TypeScript, Declaration.
Searching all ancestor node_modules directories for preferred extensions: TypeScript, Declaration.
Directory 'd:/DOPAMS/Toystack/dopams-backend-staging/node_modules/@types/node-fetch/node_modules' does not exist, skipping all lookups in it.
Directory 'd:/DOPAMS/Toystack/dopams-backend-staging/node_modules/@types/node_modules' does not exist, skipping all lookups in it.
Found 'package.json' at 'd:/DOPAMS/Toystack/dopams-backend-staging/node_modules/form-data/package.json'.
File 'd:/DOPAMS/Toystack/dopams-backend-staging/node_modules/form-data.ts' does not exist.
File 'd:/DOPAMS/Toystack/dopams-backend-staging/node_modules/form-data.tsx' does not exist.
File 'd:/DOPAMS/Toystack/dopams-backend-staging/node_modules/form-data.d.ts' does not exist.
'package.json' does not have a 'typesVersions' field.
'package.json' has 'typings' field './index.d.ts' that references 'd:/DOPAMS/Toystack/dopams-backend-staging/node_modules/form-data/index.d.ts'.
File 'd:/DOPAMS/Toystack/dopams-backend-staging/node_modules/form-data/index.d.ts' exists - use it as a name resolution result.
'package.json' does not have a 'peerDependencies' field.
Resolving real path for 'd:/DOPAMS/Toystack/dopams-backend-staging/node_modules/form-data/index.d.ts', result 'D:/DOPAMS/Toystack/dopams-backend-staging/node_modules/form-data/index.d.ts'.
======== Module name 'form-data' was successfully resolved to 'd:/DOPAMS/Toystack/dopams-backend-staging/node_modules/form-data/index.d.ts' with Package ID 'form-data/index.d.ts@4.0.5'. ========
======== Resolving module 'http' from 'd:/DOPAMS/Toystack/dopams-backend-staging/node_modules/@types/node-fetch/index.d.ts'. ========
Explicitly specified module resolution kind: 'Node10'.
'baseUrl' option is set to 'd:/DOPAMS/Toystack/dopams-backend-staging/src', using this value to resolve non-relative module name 'http'.
'paths' option is specified, looking for a pattern to match module name 'http'.
'baseUrl' option is set to 'd:/DOPAMS/Toystack/dopams-backend-staging/src', using this value to resolve non-relative module name 'http'.
Resolving module name 'http' relative to base url 'd:/DOPAMS/Toystack/dopams-backend-staging/src' - 'd:/DOPAMS/Toystack/dopams-backend-staging/src/http'.
Loading module as file / folder, candidate module location 'd:/DOPAMS/Toystack/dopams-backend-staging/src/http', target file types: TypeScript, Declaration.
File 'd:/DOPAMS/Toystack/dopams-backend-staging/src/http.ts' does not exist.
File 'd:/DOPAMS/Toystack/dopams-backend-staging/src/http.tsx' does not exist.
File 'd:/DOPAMS/Toystack/dopams-backend-staging/src/http.d.ts' does not exist.
Directory 'd:/DOPAMS/Toystack/dopams-backend-staging/src/http' does not exist, skipping all lookups in it.
Loading module 'http' from 'node_modules' folder, target file types: TypeScript, Declaration.
Searching all ancestor node_modules directories for preferred extensions: TypeScript, Declaration.
Directory 'd:/DOPAMS/Toystack/dopams-backend-staging/node_modules/@types/node-fetch/node_modules' does not exist, skipping all lookups in it.
Resolution for module 'http' was found in cache from location 'd:/DOPAMS/Toystack/dopams-backend-staging/node_modules/@types'.
======== Module name 'http' was not resolved. ========
======== Resolving module 'url' from 'd:/DOPAMS/Toystack/dopams-backend-staging/node_modules/@types/node-fetch/index.d.ts'. ========
Explicitly specified module resolution kind: 'Node10'.
'baseUrl' option is set to 'd:/DOPAMS/Toystack/dopams-backend-staging/src', using this value to resolve non-relative module name 'url'.
'paths' option is specified, looking for a pattern to match module name 'url'.
'baseUrl' option is set to 'd:/DOPAMS/Toystack/dopams-backend-staging/src', using this value to resolve non-relative module name 'url'.
Resolving module name 'url' relative to base url 'd:/DOPAMS/Toystack/dopams-backend-staging/src' - 'd:/DOPAMS/Toystack/dopams-backend-staging/src/url'.
Loading module as file / folder, candidate module location 'd:/DOPAMS/Toystack/dopams-backend-staging/src/url', target file types: TypeScript, Declaration.
File 'd:/DOPAMS/Toystack/dopams-backend-staging/src/url.ts' does not exist.
File 'd:/DOPAMS/Toystack/dopams-backend-staging/src/url.tsx' does not exist.
File 'd:/DOPAMS/Toystack/dopams-backend-staging/src/url.d.ts' does not exist.
Directory 'd:/DOPAMS/Toystack/dopams-backend-staging/src/url' does not exist, skipping all lookups in it.
Loading module 'url' from 'node_modules' folder, target file types: TypeScript, Declaration.
Searching all ancestor node_modules directories for preferred extensions: TypeScript, Declaration.
Directory 'd:/DOPAMS/Toystack/dopams-backend-staging/node_modules/@types/node-fetch/node_modules' does not exist, skipping all lookups in it.
Resolution for module 'url' was found in cache from location 'd:/DOPAMS/Toystack/dopams-backend-staging/node_modules/@types'.
======== Module name 'url' was successfully resolved to 'd:/DOPAMS/Toystack/dopams-backend-staging/node_modules/url/url.js' with Package ID 'url/url.js@0.10.3'. ========
======== Resolving module './externals' from 'd:/DOPAMS/Toystack/dopams-backend-staging/node_modules/@types/node-fetch/index.d.ts'. ========
Explicitly specified module resolution kind: 'Node10'.
Loading module as file / folder, candidate module location 'd:/DOPAMS/Toystack/dopams-backend-staging/node_modules/@types/node-fetch/externals', target file types: TypeScript, Declaration.
File 'd:/DOPAMS/Toystack/dopams-backend-staging/node_modules/@types/node-fetch/externals.ts' does not exist.
File 'd:/DOPAMS/Toystack/dopams-backend-staging/node_modules/@types/node-fetch/externals.tsx' does not exist.
File 'd:/DOPAMS/Toystack/dopams-backend-staging/node_modules/@types/node-fetch/externals.d.ts' exists - use it as a name resolution result.
File 'd:/DOPAMS/Toystack/dopams-backend-staging/node_modules/@types/node-fetch/package.json' exists according to earlier cached lookups.
======== Module name './externals' was successfully resolved to 'd:/DOPAMS/Toystack/dopams-backend-staging/node_modules/@types/node-fetch/externals.d.ts' with Package ID '@types/node-fetch/externals.d.ts@2.6.13'. ========
File 'd:/DOPAMS/Toystack/dopams-backend-staging/node_modules/form-data/package.json' exists according to earlier cached lookups.
======== Resolving type reference directive 'node', containing file 'd:/DOPAMS/Toystack/dopams-backend-staging/node_modules/form-data/index.d.ts', root directory 'd:/DOPAMS/Toystack/dopams-backend-staging/node_modules/@types,d:/DOPAMS/Toystack/node_modules/@types,d:/DOPAMS/node_modules/@types,d:/node_modules/@types'. ========
Resolving with primary search path 'd:/DOPAMS/Toystack/dopams-backend-staging/node_modules/@types, d:/DOPAMS/Toystack/node_modules/@types, d:/DOPAMS/node_modules/@types, d:/node_modules/@types'.
File 'd:/DOPAMS/Toystack/dopams-backend-staging/node_modules/@types/node/package.json' exists according to earlier cached lookups.
'package.json' does not have a 'typings' field.
'package.json' has 'types' field 'index.d.ts' that references 'd:/DOPAMS/Toystack/dopams-backend-staging/node_modules/@types/node/index.d.ts'.
File 'd:/DOPAMS/Toystack/dopams-backend-staging/node_modules/@types/node/index.d.ts' exists - use it as a name resolution result.
Resolving real path for 'd:/DOPAMS/Toystack/dopams-backend-staging/node_modules/@types/node/index.d.ts', result 'D:/DOPAMS/Toystack/dopams-backend-staging/node_modules/@types/node/index.d.ts'.
======== Type reference directive 'node' was successfully resolved to 'd:/DOPAMS/Toystack/dopams-backend-staging/node_modules/@types/node/index.d.ts' with Package ID '@types/node/index.d.ts@22.19.10', primary: true. ========
======== Resolving module 'stream' from 'd:/DOPAMS/Toystack/dopams-backend-staging/node_modules/form-data/index.d.ts'. ========
Explicitly specified module resolution kind: 'Node10'.
'baseUrl' option is set to 'd:/DOPAMS/Toystack/dopams-backend-staging/src', using this value to resolve non-relative module name 'stream'.
'paths' option is specified, looking for a pattern to match module name 'stream'.
'baseUrl' option is set to 'd:/DOPAMS/Toystack/dopams-backend-staging/src', using this value to resolve non-relative module name 'stream'.
Resolving module name 'stream' relative to base url 'd:/DOPAMS/Toystack/dopams-backend-staging/src' - 'd:/DOPAMS/Toystack/dopams-backend-staging/src/stream'.
Loading module as file / folder, candidate module location 'd:/DOPAMS/Toystack/dopams-backend-staging/src/stream', target file types: TypeScript, Declaration.
File 'd:/DOPAMS/Toystack/dopams-backend-staging/src/stream.ts' does not exist.
File 'd:/DOPAMS/Toystack/dopams-backend-staging/src/stream.tsx' does not exist.
File 'd:/DOPAMS/Toystack/dopams-backend-staging/src/stream.d.ts' does not exist.
Directory 'd:/DOPAMS/Toystack/dopams-backend-staging/src/stream' does not exist, skipping all lookups in it.
Loading module 'stream' from 'node_modules' folder, target file types: TypeScript, Declaration.
Searching all ancestor node_modules directories for preferred extensions: TypeScript, Declaration.
Directory 'd:/DOPAMS/Toystack/dopams-backend-staging/node_modules/form-data/node_modules' does not exist, skipping all lookups in it.
Resolution for module 'stream' was found in cache from location 'd:/DOPAMS/Toystack/dopams-backend-staging'.
======== Module name 'stream' was not resolved. ========
======== Resolving module 'http' from 'd:/DOPAMS/Toystack/dopams-backend-staging/node_modules/form-data/index.d.ts'. ========
Explicitly specified module resolution kind: 'Node10'.
'baseUrl' option is set to 'd:/DOPAMS/Toystack/dopams-backend-staging/src', using this value to resolve non-relative module name 'http'.
'paths' option is specified, looking for a pattern to match module name 'http'.
'baseUrl' option is set to 'd:/DOPAMS/Toystack/dopams-backend-staging/src', using this value to resolve non-relative module name 'http'.
Resolving module name 'http' relative to base url 'd:/DOPAMS/Toystack/dopams-backend-staging/src' - 'd:/DOPAMS/Toystack/dopams-backend-staging/src/http'.
Loading module as file / folder, candidate module location 'd:/DOPAMS/Toystack/dopams-backend-staging/src/http', target file types: TypeScript, Declaration.
File 'd:/DOPAMS/Toystack/dopams-backend-staging/src/http.ts' does not exist.
File 'd:/DOPAMS/Toystack/dopams-backend-staging/src/http.tsx' does not exist.
File 'd:/DOPAMS/Toystack/dopams-backend-staging/src/http.d.ts' does not exist.
Directory 'd:/DOPAMS/Toystack/dopams-backend-staging/src/http' does not exist, skipping all lookups in it.
Loading module 'http' from 'node_modules' folder, target file types: TypeScript, Declaration.
Searching all ancestor node_modules directories for preferred extensions: TypeScript, Declaration.
Directory 'd:/DOPAMS/Toystack/dopams-backend-staging/node_modules/form-data/node_modules' does not exist, skipping all lookups in it.
Resolution for module 'http' was found in cache from location 'd:/DOPAMS/Toystack/dopams-backend-staging'.
======== Module name 'http' was not resolved. ========
File 'd:/DOPAMS/Toystack/dopams-backend-staging/node_modules/@types/node-fetch/package.json' exists according to earlier cached lookups.
File 'd:/DOPAMS/Toystack/dopams-backend-staging/node_modules/@types/nodemailer/package.json' exists according to earlier cached lookups.
======== Resolving type reference directive 'node', containing file 'd:/DOPAMS/Toystack/dopams-backend-staging/node_modules/@types/nodemailer/index.d.ts', root directory 'd:/DOPAMS/Toystack/dopams-backend-staging/node_modules/@types,d:/DOPAMS/Toystack/node_modules/@types,d:/DOPAMS/node_modules/@types,d:/node_modules/@types'. ========
Resolving with primary search path 'd:/DOPAMS/Toystack/dopams-backend-staging/node_modules/@types, d:/DOPAMS/Toystack/node_modules/@types, d:/DOPAMS/node_modules/@types, d:/node_modules/@types'.
File 'd:/DOPAMS/Toystack/dopams-backend-staging/node_modules/@types/node/package.json' exists according to earlier cached lookups.
'package.json' does not have a 'typings' field.
'package.json' has 'types' field 'index.d.ts' that references 'd:/DOPAMS/Toystack/dopams-backend-staging/node_modules/@types/node/index.d.ts'.
File 'd:/DOPAMS/Toystack/dopams-backend-staging/node_modules/@types/node/index.d.ts' exists - use it as a name resolution result.
Resolving real path for 'd:/DOPAMS/Toystack/dopams-backend-staging/node_modules/@types/node/index.d.ts', result 'D:/DOPAMS/Toystack/dopams-backend-staging/node_modules/@types/node/index.d.ts'.
======== Type reference directive 'node' was successfully resolved to 'd:/DOPAMS/Toystack/dopams-backend-staging/node_modules/@types/node/index.d.ts' with Package ID '@types/node/index.d.ts@22.19.10', primary: true. ========
======== Resolving module './lib/json-transport' from 'd:/DOPAMS/Toystack/dopams-backend-staging/node_modules/@types/nodemailer/index.d.ts'. ========
Explicitly specified module resolution kind: 'Node10'.
Loading module as file / folder, candidate module location 'd:/DOPAMS/Toystack/dopams-backend-staging/node_modules/@types/nodemailer/lib/json-transport', target file types: TypeScript, Declaration.
File 'd:/DOPAMS/Toystack/dopams-backend-staging/node_modules/@types/nodemailer/lib/json-transport.ts' does not exist.
File 'd:/DOPAMS/Toystack/dopams-backend-staging/node_modules/@types/nodemailer/lib/json-transport.tsx' does not exist.
File 'd:/DOPAMS/Toystack/dopams-backend-staging/node_modules/@types/nodemailer/lib/json-transport.d.ts' does not exist.
File 'd:/DOPAMS/Toystack/dopams-backend-staging/node_modules/@types/nodemailer/lib/json-transport/package.json' does not exist.
File 'd:/DOPAMS/Toystack/dopams-backend-staging/node_modules/@types/nodemailer/lib/json-transport/index.ts' does not exist.
File 'd:/DOPAMS/Toystack/dopams-backend-staging/node_modules/@types/nodemailer/lib/json-transport/index.tsx' does not exist.
File 'd:/DOPAMS/Toystack/dopams-backend-staging/node_modules/@types/nodemailer/lib/json-transport/index.d.ts' exists - use it as a name resolution result.
======== Module name './lib/json-transport' was successfully resolved to 'd:/DOPAMS/Toystack/dopams-backend-staging/node_modules/@types/nodemailer/lib/json-transport/index.d.ts'. ========
======== Resolving module './lib/mailer' from 'd:/DOPAMS/Toystack/dopams-backend-staging/node_modules/@types/nodemailer/index.d.ts'. ========
Explicitly specified module resolution kind: 'Node10'.
Loading module as file / folder, candidate module location 'd:/DOPAMS/Toystack/dopams-backend-staging/node_modules/@types/nodemailer/lib/mailer', target file types: TypeScript, Declaration.
File 'd:/DOPAMS/Toystack/dopams-backend-staging/node_modules/@types/nodemailer/lib/mailer.ts' does not exist.
File 'd:/DOPAMS/Toystack/dopams-backend-staging/node_modules/@types/nodemailer/lib/mailer.tsx' does not exist.
File 'd:/DOPAMS/Toystack/dopams-backend-staging/node_modules/@types/nodemailer/lib/mailer.d.ts' does not exist.
File 'd:/DOPAMS/Toystack/dopams-backend-staging/node_modules/@types/nodemailer/lib/mailer/package.json' does not exist.
File 'd:/DOPAMS/Toystack/dopams-backend-staging/node_modules/@types/nodemailer/lib/mailer/index.ts' does not exist.
File 'd:/DOPAMS/Toystack/dopams-backend-staging/node_modules/@types/nodemailer/lib/mailer/index.tsx' does not exist.
File 'd:/DOPAMS/Toystack/dopams-backend-staging/node_modules/@types/nodemailer/lib/mailer/index.d.ts' exists - use it as a name resolution result.
======== Module name './lib/mailer' was successfully resolved to 'd:/DOPAMS/Toystack/dopams-backend-staging/node_modules/@types/nodemailer/lib/mailer/index.d.ts'. ========
======== Resolving module './lib/mailer/mail-message' from 'd:/DOPAMS/Toystack/dopams-backend-staging/node_modules/@types/nodemailer/index.d.ts'. ========
Explicitly specified module resolution kind: 'Node10'.
Loading module as file / folder, candidate module location 'd:/DOPAMS/Toystack/dopams-backend-staging/node_modules/@types/nodemailer/lib/mailer/mail-message', target file types: TypeScript, Declaration.
File 'd:/DOPAMS/Toystack/dopams-backend-staging/node_modules/@types/nodemailer/lib/mailer/mail-message.ts' does not exist.
File 'd:/DOPAMS/Toystack/dopams-backend-staging/node_modules/@types/nodemailer/lib/mailer/mail-message.tsx' does not exist.
File 'd:/DOPAMS/Toystack/dopams-backend-staging/node_modules/@types/nodemailer/lib/mailer/mail-message.d.ts' exists - use it as a name resolution result.
File 'd:/DOPAMS/Toystack/dopams-backend-staging/node_modules/@types/nodemailer/package.json' exists according to earlier cached lookups.
======== Module name './lib/mailer/mail-message' was successfully resolved to 'd:/DOPAMS/Toystack/dopams-backend-staging/node_modules/@types/nodemailer/lib/mailer/mail-message.d.ts' with Package ID '@types/nodemailer/lib/mailer/mail-message.d.ts@6.4.22'. ========
======== Resolving module './lib/sendmail-transport' from 'd:/DOPAMS/Toystack/dopams-backend-staging/node_modules/@types/nodemailer/index.d.ts'. ========
Explicitly specified module resolution kind: 'Node10'.
Loading module as file / folder, candidate module location 'd:/DOPAMS/Toystack/dopams-backend-staging/node_modules/@types/nodemailer/lib/sendmail-transport', target file types: TypeScript, Declaration.
File 'd:/DOPAMS/Toystack/dopams-backend-staging/node_modules/@types/nodemailer/lib/sendmail-transport.ts' does not exist.
File 'd:/DOPAMS/Toystack/dopams-backend-staging/node_modules/@types/nodemailer/lib/sendmail-transport.tsx' does not exist.
File 'd:/DOPAMS/Toystack/dopams-backend-staging/node_modules/@types/nodemailer/lib/sendmail-transport.d.ts' does not exist.
File 'd:/DOPAMS/Toystack/dopams-backend-staging/node_modules/@types/nodemailer/lib/sendmail-transport/package.json' does not exist.
File 'd:/DOPAMS/Toystack/dopams-backend-staging/node_modules/@types/nodemailer/lib/sendmail-transport/index.ts' does not exist.
File 'd:/DOPAMS/Toystack/dopams-backend-staging/node_modules/@types/nodemailer/lib/sendmail-transport/index.tsx' does not exist.
File 'd:/DOPAMS/Toystack/dopams-backend-staging/node_modules/@types/nodemailer/lib/sendmail-transport/index.d.ts' exists - use it as a name resolution result.
======== Module name './lib/sendmail-transport' was successfully resolved to 'd:/DOPAMS/Toystack/dopams-backend-staging/node_modules/@types/nodemailer/lib/sendmail-transport/index.d.ts'. ========
======== Resolving module './lib/ses-transport' from 'd:/DOPAMS/Toystack/dopams-backend-staging/node_modules/@types/nodemailer/index.d.ts'. ========
Explicitly specified module resolution kind: 'Node10'.
Loading module as file / folder, candidate module location 'd:/DOPAMS/Toystack/dopams-backend-staging/node_modules/@types/nodemailer/lib/ses-transport', target file types: TypeScript, Declaration.
File 'd:/DOPAMS/Toystack/dopams-backend-staging/node_modules/@types/nodemailer/lib/ses-transport.ts' does not exist.
File 'd:/DOPAMS/Toystack/dopams-backend-staging/node_modules/@types/nodemailer/lib/ses-transport.tsx' does not exist.
File 'd:/DOPAMS/Toystack/dopams-backend-staging/node_modules/@types/nodemailer/lib/ses-transport.d.ts' does not exist.
File 'd:/DOPAMS/Toystack/dopams-backend-staging/node_modules/@types/nodemailer/lib/ses-transport/package.json' does not exist.
File 'd:/DOPAMS/Toystack/dopams-backend-staging/node_modules/@types/nodemailer/lib/ses-transport/index.ts' does not exist.
File 'd:/DOPAMS/Toystack/dopams-backend-staging/node_modules/@types/nodemailer/lib/ses-transport/index.tsx' does not exist.
File 'd:/DOPAMS/Toystack/dopams-backend-staging/node_modules/@types/nodemailer/lib/ses-transport/index.d.ts' exists - use it as a name resolution result.
======== Module name './lib/ses-transport' was successfully resolved to 'd:/DOPAMS/Toystack/dopams-backend-staging/node_modules/@types/nodemailer/lib/ses-transport/index.d.ts'. ========
======== Resolving module './lib/smtp-pool' from 'd:/DOPAMS/Toystack/dopams-backend-staging/node_modules/@types/nodemailer/index.d.ts'. ========
Explicitly specified module resolution kind: 'Node10'.
Loading module as file / folder, candidate module location 'd:/DOPAMS/Toystack/dopams-backend-staging/node_modules/@types/nodemailer/lib/smtp-pool', target file types: TypeScript, Declaration.
File 'd:/DOPAMS/Toystack/dopams-backend-staging/node_modules/@types/nodemailer/lib/smtp-pool.ts' does not exist.
File 'd:/DOPAMS/Toystack/dopams-backend-staging/node_modules/@types/nodemailer/lib/smtp-pool.tsx' does not exist.
File 'd:/DOPAMS/Toystack/dopams-backend-staging/node_modules/@types/nodemailer/lib/smtp-pool.d.ts' does not exist.
File 'd:/DOPAMS/Toystack/dopams-backend-staging/node_modules/@types/nodemailer/lib/smtp-pool/package.json' does not exist.
File 'd:/DOPAMS/Toystack/dopams-backend-staging/node_modules/@types/nodemailer/lib/smtp-pool/index.ts' does not exist.
File 'd:/DOPAMS/Toystack/dopams-backend-staging/node_modules/@types/nodemailer/lib/smtp-pool/index.tsx' does not exist.
File 'd:/DOPAMS/Toystack/dopams-backend-staging/node_modules/@types/nodemailer/lib/smtp-pool/index.d.ts' exists - use it as a name resolution result.
======== Module name './lib/smtp-pool' was successfully resolved to 'd:/DOPAMS/Toystack/dopams-backend-staging/node_modules/@types/nodemailer/lib/smtp-pool/index.d.ts'. ========
======== Resolving module './lib/smtp-transport' from 'd:/DOPAMS/Toystack/dopams-backend-staging/node_modules/@types/nodemailer/index.d.ts'. ========
Explicitly specified module resolution kind: 'Node10'.
Loading module as file / folder, candidate module location 'd:/DOPAMS/Toystack/dopams-backend-staging/node_modules/@types/nodemailer/lib/smtp-transport', target file types: TypeScript, Declaration.
File 'd:/DOPAMS/Toystack/dopams-backend-staging/node_modules/@types/nodemailer/lib/smtp-transport.ts' does not exist.
File 'd:/DOPAMS/Toystack/dopams-backend-staging/node_modules/@types/nodemailer/lib/smtp-transport.tsx' does not exist.
File 'd:/DOPAMS/Toystack/dopams-backend-staging/node_modules/@types/nodemailer/lib/smtp-transport.d.ts' does not exist.
File 'd:/DOPAMS/Toystack/dopams-backend-staging/node_modules/@types/nodemailer/lib/smtp-transport/package.json' does not exist.
File 'd:/DOPAMS/Toystack/dopams-backend-staging/node_modules/@types/nodemailer/lib/smtp-transport/index.ts' does not exist.
File 'd:/DOPAMS/Toystack/dopams-backend-staging/node_modules/@types/nodemailer/lib/smtp-transport/index.tsx' does not exist.
File 'd:/DOPAMS/Toystack/dopams-backend-staging/node_modules/@types/nodemailer/lib/smtp-transport/index.d.ts' exists - use it as a name resolution result.
======== Module name './lib/smtp-transport' was successfully resolved to 'd:/DOPAMS/Toystack/dopams-backend-staging/node_modules/@types/nodemailer/lib/smtp-transport/index.d.ts'. ========
======== Resolving module './lib/stream-transport' from 'd:/DOPAMS/Toystack/dopams-backend-staging/node_modules/@types/nodemailer/index.d.ts'. ========
Explicitly specified module resolution kind: 'Node10'.
Loading module as file / folder, candidate module location 'd:/DOPAMS/Toystack/dopams-backend-staging/node_modules/@types/nodemailer/lib/stream-transport', target file types: TypeScript, Declaration.
File 'd:/DOPAMS/Toystack/dopams-backend-staging/node_modules/@types/nodemailer/lib/stream-transport.ts' does not exist.
File 'd:/DOPAMS/Toystack/dopams-backend-staging/node_modules/@types/nodemailer/lib/stream-transport.tsx' does not exist.
File 'd:/DOPAMS/Toystack/dopams-backend-staging/node_modules/@types/nodemailer/lib/stream-transport.d.ts' does not exist.
File 'd:/DOPAMS/Toystack/dopams-backend-staging/node_modules/@types/nodemailer/lib/stream-transport/package.json' does not exist.
File 'd:/DOPAMS/Toystack/dopams-backend-staging/node_modules/@types/nodemailer/lib/stream-transport/index.ts' does not exist.
File 'd:/DOPAMS/Toystack/dopams-backend-staging/node_modules/@types/nodemailer/lib/stream-transport/index.tsx' does not exist.
File 'd:/DOPAMS/Toystack/dopams-backend-staging/node_modules/@types/nodemailer/lib/stream-transport/index.d.ts' exists - use it as a name resolution result.
======== Module name './lib/stream-transport' was successfully resolved to 'd:/DOPAMS/Toystack/dopams-backend-staging/node_modules/@types/nodemailer/lib/stream-transport/index.d.ts'. ========
File 'd:/DOPAMS/Toystack/dopams-backend-staging/node_modules/@types/nodemailer/lib/json-transport/package.json' does not exist according to earlier cached lookups.
File 'd:/DOPAMS/Toystack/dopams-backend-staging/node_modules/@types/nodemailer/lib/package.json' does not exist.
File 'd:/DOPAMS/Toystack/dopams-backend-staging/node_modules/@types/nodemailer/package.json' exists according to earlier cached lookups.
======== Resolving type reference directive 'node', containing file 'd:/DOPAMS/Toystack/dopams-backend-staging/node_modules/@types/nodemailer/lib/json-transport/index.d.ts', root directory 'd:/DOPAMS/Toystack/dopams-backend-staging/node_modules/@types,d:/DOPAMS/Toystack/node_modules/@types,d:/DOPAMS/node_modules/@types,d:/node_modules/@types'. ========
Resolving with primary search path 'd:/DOPAMS/Toystack/dopams-backend-staging/node_modules/@types, d:/DOPAMS/Toystack/node_modules/@types, d:/DOPAMS/node_modules/@types, d:/node_modules/@types'.
File 'd:/DOPAMS/Toystack/dopams-backend-staging/node_modules/@types/node/package.json' exists according to earlier cached lookups.
'package.json' does not have a 'typings' field.
'package.json' has 'types' field 'index.d.ts' that references 'd:/DOPAMS/Toystack/dopams-backend-staging/node_modules/@types/node/index.d.ts'.
File 'd:/DOPAMS/Toystack/dopams-backend-staging/node_modules/@types/node/index.d.ts' exists - use it as a name resolution result.
Resolving real path for 'd:/DOPAMS/Toystack/dopams-backend-staging/node_modules/@types/node/index.d.ts', result 'D:/DOPAMS/Toystack/dopams-backend-staging/node_modules/@types/node/index.d.ts'.
======== Type reference directive 'node' was successfully resolved to 'd:/DOPAMS/Toystack/dopams-backend-staging/node_modules/@types/node/index.d.ts' with Package ID '@types/node/index.d.ts@22.19.10', primary: true. ========
======== Resolving module 'events' from 'd:/DOPAMS/Toystack/dopams-backend-staging/node_modules/@types/nodemailer/lib/json-transport/index.d.ts'. ========
Explicitly specified module resolution kind: 'Node10'.
'baseUrl' option is set to 'd:/DOPAMS/Toystack/dopams-backend-staging/src', using this value to resolve non-relative module name 'events'.
'paths' option is specified, looking for a pattern to match module name 'events'.
'baseUrl' option is set to 'd:/DOPAMS/Toystack/dopams-backend-staging/src', using this value to resolve non-relative module name 'events'.
Resolving module name 'events' relative to base url 'd:/DOPAMS/Toystack/dopams-backend-staging/src' - 'd:/DOPAMS/Toystack/dopams-backend-staging/src/events'.
Loading module as file / folder, candidate module location 'd:/DOPAMS/Toystack/dopams-backend-staging/src/events', target file types: TypeScript, Declaration.
File 'd:/DOPAMS/Toystack/dopams-backend-staging/src/events.ts' does not exist.
File 'd:/DOPAMS/Toystack/dopams-backend-staging/src/events.tsx' does not exist.
File 'd:/DOPAMS/Toystack/dopams-backend-staging/src/events.d.ts' does not exist.
Directory 'd:/DOPAMS/Toystack/dopams-backend-staging/src/events' does not exist, skipping all lookups in it.
Loading module 'events' from 'node_modules' folder, target file types: TypeScript, Declaration.
Searching all ancestor node_modules directories for preferred extensions: TypeScript, Declaration.
Directory 'd:/DOPAMS/Toystack/dopams-backend-staging/node_modules/@types/nodemailer/lib/json-transport/node_modules' does not exist, skipping all lookups in it.
Directory 'd:/DOPAMS/Toystack/dopams-backend-staging/node_modules/@types/nodemailer/lib/node_modules' does not exist, skipping all lookups in it.
Directory 'd:/DOPAMS/Toystack/dopams-backend-staging/node_modules/@types/nodemailer/node_modules' does not exist, skipping all lookups in it.
Resolution for module 'events' was found in cache from location 'd:/DOPAMS/Toystack/dopams-backend-staging/node_modules/@types'.
======== Module name 'events' was successfully resolved to 'd:/DOPAMS/Toystack/dopams-backend-staging/node_modules/events/events.js' with Package ID 'events/events.js@1.1.1'. ========
======== Resolving module '../..' from 'd:/DOPAMS/Toystack/dopams-backend-staging/node_modules/@types/nodemailer/lib/json-transport/index.d.ts'. ========
Explicitly specified module resolution kind: 'Node10'.
Loading module as file / folder, candidate module location 'd:/DOPAMS/Toystack/dopams-backend-staging/node_modules/@types/nodemailer/', target file types: TypeScript, Declaration.
File 'd:/DOPAMS/Toystack/dopams-backend-staging/node_modules/@types/nodemailer/package.json' exists according to earlier cached lookups.
'package.json' does not have a 'typings' field.
'package.json' has 'types' field 'index.d.ts' that references 'd:/DOPAMS/Toystack/dopams-backend-staging/node_modules/@types/nodemailer/index.d.ts'.
File 'd:/DOPAMS/Toystack/dopams-backend-staging/node_modules/@types/nodemailer/index.d.ts' exists - use it as a name resolution result.
======== Module name '../..' was successfully resolved to 'd:/DOPAMS/Toystack/dopams-backend-staging/node_modules/@types/nodemailer/index.d.ts' with Package ID '@types/nodemailer/ndex.d.ts@6.4.22'. ========
======== Resolving module '../shared' from 'd:/DOPAMS/Toystack/dopams-backend-staging/node_modules/@types/nodemailer/lib/json-transport/index.d.ts'. ========
Explicitly specified module resolution kind: 'Node10'.
Loading module as file / folder, candidate module location 'd:/DOPAMS/Toystack/dopams-backend-staging/node_modules/@types/nodemailer/lib/shared', target file types: TypeScript, Declaration.
File 'd:/DOPAMS/Toystack/dopams-backend-staging/node_modules/@types/nodemailer/lib/shared.ts' does not exist.
File 'd:/DOPAMS/Toystack/dopams-backend-staging/node_modules/@types/nodemailer/lib/shared.tsx' does not exist.
File 'd:/DOPAMS/Toystack/dopams-backend-staging/node_modules/@types/nodemailer/lib/shared.d.ts' does not exist.
File 'd:/DOPAMS/Toystack/dopams-backend-staging/node_modules/@types/nodemailer/lib/shared/package.json' does not exist.
File 'd:/DOPAMS/Toystack/dopams-backend-staging/node_modules/@types/nodemailer/lib/shared/index.ts' does not exist.
File 'd:/DOPAMS/Toystack/dopams-backend-staging/node_modules/@types/nodemailer/lib/shared/index.tsx' does not exist.
File 'd:/DOPAMS/Toystack/dopams-backend-staging/node_modules/@types/nodemailer/lib/shared/index.d.ts' exists - use it as a name resolution result.
======== Module name '../shared' was successfully resolved to 'd:/DOPAMS/Toystack/dopams-backend-staging/node_modules/@types/nodemailer/lib/shared/index.d.ts'. ========
======== Resolving module '../mailer' from 'd:/DOPAMS/Toystack/dopams-backend-staging/node_modules/@types/nodemailer/lib/json-transport/index.d.ts'. ========
Explicitly specified module resolution kind: 'Node10'.
Loading module as file / folder, candidate module location 'd:/DOPAMS/Toystack/dopams-backend-staging/node_modules/@types/nodemailer/lib/mailer', target file types: TypeScript, Declaration.
File 'd:/DOPAMS/Toystack/dopams-backend-staging/node_modules/@types/nodemailer/lib/mailer.ts' does not exist.
File 'd:/DOPAMS/Toystack/dopams-backend-staging/node_modules/@types/nodemailer/lib/mailer.tsx' does not exist.
File 'd:/DOPAMS/Toystack/dopams-backend-staging/node_modules/@types/nodemailer/lib/mailer.d.ts' does not exist.
File 'd:/DOPAMS/Toystack/dopams-backend-staging/node_modules/@types/nodemailer/lib/mailer/package.json' does not exist according to earlier cached lookups.
File 'd:/DOPAMS/Toystack/dopams-backend-staging/node_modules/@types/nodemailer/lib/mailer/index.ts' does not exist.
File 'd:/DOPAMS/Toystack/dopams-backend-staging/node_modules/@types/nodemailer/lib/mailer/index.tsx' does not exist.
File 'd:/DOPAMS/Toystack/dopams-backend-staging/node_modules/@types/nodemailer/lib/mailer/index.d.ts' exists - use it as a name resolution result.
======== Module name '../mailer' was successfully resolved to 'd:/DOPAMS/Toystack/dopams-backend-staging/node_modules/@types/nodemailer/lib/mailer/index.d.ts'. ========
======== Resolving module '../mailer/mail-message' from 'd:/DOPAMS/Toystack/dopams-backend-staging/node_modules/@types/nodemailer/lib/json-transport/index.d.ts'. ========
Explicitly specified module resolution kind: 'Node10'.
Loading module as file / folder, candidate module location 'd:/DOPAMS/Toystack/dopams-backend-staging/node_modules/@types/nodemailer/lib/mailer/mail-message', target file types: TypeScript, Declaration.
File 'd:/DOPAMS/Toystack/dopams-backend-staging/node_modules/@types/nodemailer/lib/mailer/mail-message.ts' does not exist.
File 'd:/DOPAMS/Toystack/dopams-backend-staging/node_modules/@types/nodemailer/lib/mailer/mail-message.tsx' does not exist.
File 'd:/DOPAMS/Toystack/dopams-backend-staging/node_modules/@types/nodemailer/lib/mailer/mail-message.d.ts' exists - use it as a name resolution result.
File 'd:/DOPAMS/Toystack/dopams-backend-staging/node_modules/@types/nodemailer/package.json' exists according to earlier cached lookups.
======== Module name '../mailer/mail-message' was successfully resolved to 'd:/DOPAMS/Toystack/dopams-backend-staging/node_modules/@types/nodemailer/lib/mailer/mail-message.d.ts' with Package ID '@types/nodemailer/lib/mailer/mail-message.d.ts@6.4.22'. ========
======== Resolving module '../mime-node' from 'd:/DOPAMS/Toystack/dopams-backend-staging/node_modules/@types/nodemailer/lib/json-transport/index.d.ts'. ========
Explicitly specified module resolution kind: 'Node10'.
Loading module as file / folder, candidate module location 'd:/DOPAMS/Toystack/dopams-backend-staging/node_modules/@types/nodemailer/lib/mime-node', target file types: TypeScript, Declaration.
File 'd:/DOPAMS/Toystack/dopams-backend-staging/node_modules/@types/nodemailer/lib/mime-node.ts' does not exist.
File 'd:/DOPAMS/Toystack/dopams-backend-staging/node_modules/@types/nodemailer/lib/mime-node.tsx' does not exist.
File 'd:/DOPAMS/Toystack/dopams-backend-staging/node_modules/@types/nodemailer/lib/mime-node.d.ts' does not exist.
File 'd:/DOPAMS/Toystack/dopams-backend-staging/node_modules/@types/nodemailer/lib/mime-node/package.json' does not exist.
File 'd:/DOPAMS/Toystack/dopams-backend-staging/node_modules/@types/nodemailer/lib/mime-node/index.ts' does not exist.
File 'd:/DOPAMS/Toystack/dopams-backend-staging/node_modules/@types/nodemailer/lib/mime-node/index.tsx' does not exist.
File 'd:/DOPAMS/Toystack/dopams-backend-staging/node_modules/@types/nodemailer/lib/mime-node/index.d.ts' exists - use it as a name resolution result.
======== Module name '../mime-node' was successfully resolved to 'd:/DOPAMS/Toystack/dopams-backend-staging/node_modules/@types/nodemailer/lib/mime-node/index.d.ts'. ========
File 'd:/DOPAMS/Toystack/dopams-backend-staging/node_modules/@types/nodemailer/lib/shared/package.json' does not exist according to earlier cached lookups.
File 'd:/DOPAMS/Toystack/dopams-backend-staging/node_modules/@types/nodemailer/lib/package.json' does not exist according to earlier cached lookups.
File 'd:/DOPAMS/Toystack/dopams-backend-staging/node_modules/@types/nodemailer/package.json' exists according to earlier cached lookups.
======== Resolving type reference directive 'node', containing file 'd:/DOPAMS/Toystack/dopams-backend-staging/node_modules/@types/nodemailer/lib/shared/index.d.ts', root directory 'd:/DOPAMS/Toystack/dopams-backend-staging/node_modules/@types,d:/DOPAMS/Toystack/node_modules/@types,d:/DOPAMS/node_modules/@types,d:/node_modules/@types'. ========
Resolving with primary search path 'd:/DOPAMS/Toystack/dopams-backend-staging/node_modules/@types, d:/DOPAMS/Toystack/node_modules/@types, d:/DOPAMS/node_modules/@types, d:/node_modules/@types'.
File 'd:/DOPAMS/Toystack/dopams-backend-staging/node_modules/@types/node/package.json' exists according to earlier cached lookups.
'package.json' does not have a 'typings' field.
'package.json' has 'types' field 'index.d.ts' that references 'd:/DOPAMS/Toystack/dopams-backend-staging/node_modules/@types/node/index.d.ts'.
File 'd:/DOPAMS/Toystack/dopams-backend-staging/node_modules/@types/node/index.d.ts' exists - use it as a name resolution result.
Resolving real path for 'd:/DOPAMS/Toystack/dopams-backend-staging/node_modules/@types/node/index.d.ts', result 'D:/DOPAMS/Toystack/dopams-backend-staging/node_modules/@types/node/index.d.ts'.
======== Type reference directive 'node' was successfully resolved to 'd:/DOPAMS/Toystack/dopams-backend-staging/node_modules/@types/node/index.d.ts' with Package ID '@types/node/index.d.ts@22.19.10', primary: true. ========
======== Resolving module '../smtp-connection' from 'd:/DOPAMS/Toystack/dopams-backend-staging/node_modules/@types/nodemailer/lib/shared/index.d.ts'. ========
Explicitly specified module resolution kind: 'Node10'.
Loading module as file / folder, candidate module location 'd:/DOPAMS/Toystack/dopams-backend-staging/node_modules/@types/nodemailer/lib/smtp-connection', target file types: TypeScript, Declaration.
File 'd:/DOPAMS/Toystack/dopams-backend-staging/node_modules/@types/nodemailer/lib/smtp-connection.ts' does not exist.
File 'd:/DOPAMS/Toystack/dopams-backend-staging/node_modules/@types/nodemailer/lib/smtp-connection.tsx' does not exist.
File 'd:/DOPAMS/Toystack/dopams-backend-staging/node_modules/@types/nodemailer/lib/smtp-connection.d.ts' does not exist.
File 'd:/DOPAMS/Toystack/dopams-backend-staging/node_modules/@types/nodemailer/lib/smtp-connection/package.json' does not exist.
File 'd:/DOPAMS/Toystack/dopams-backend-staging/node_modules/@types/nodemailer/lib/smtp-connection/index.ts' does not exist.
File 'd:/DOPAMS/Toystack/dopams-backend-staging/node_modules/@types/nodemailer/lib/smtp-connection/index.tsx' does not exist.
File 'd:/DOPAMS/Toystack/dopams-backend-staging/node_modules/@types/nodemailer/lib/smtp-connection/index.d.ts' exists - use it as a name resolution result.
======== Module name '../smtp-connection' was successfully resolved to 'd:/DOPAMS/Toystack/dopams-backend-staging/node_modules/@types/nodemailer/lib/smtp-connection/index.d.ts'. ========
======== Resolving module 'stream' from 'd:/DOPAMS/Toystack/dopams-backend-staging/node_modules/@types/nodemailer/lib/shared/index.d.ts'. ========
Explicitly specified module resolution kind: 'Node10'.
'baseUrl' option is set to 'd:/DOPAMS/Toystack/dopams-backend-staging/src', using this value to resolve non-relative module name 'stream'.
'paths' option is specified, looking for a pattern to match module name 'stream'.
'baseUrl' option is set to 'd:/DOPAMS/Toystack/dopams-backend-staging/src', using this value to resolve non-relative module name 'stream'.
Resolving module name 'stream' relative to base url 'd:/DOPAMS/Toystack/dopams-backend-staging/src' - 'd:/DOPAMS/Toystack/dopams-backend-staging/src/stream'.
Loading module as file / folder, candidate module location 'd:/DOPAMS/Toystack/dopams-backend-staging/src/stream', target file types: TypeScript, Declaration.
File 'd:/DOPAMS/Toystack/dopams-backend-staging/src/stream.ts' does not exist.
File 'd:/DOPAMS/Toystack/dopams-backend-staging/src/stream.tsx' does not exist.
File 'd:/DOPAMS/Toystack/dopams-backend-staging/src/stream.d.ts' does not exist.
Directory 'd:/DOPAMS/Toystack/dopams-backend-staging/src/stream' does not exist, skipping all lookups in it.
Loading module 'stream' from 'node_modules' folder, target file types: TypeScript, Declaration.
Searching all ancestor node_modules directories for preferred extensions: TypeScript, Declaration.
Directory 'd:/DOPAMS/Toystack/dopams-backend-staging/node_modules/@types/nodemailer/lib/shared/node_modules' does not exist, skipping all lookups in it.
Directory 'd:/DOPAMS/Toystack/dopams-backend-staging/node_modules/@types/nodemailer/lib/node_modules' does not exist, skipping all lookups in it.
Directory 'd:/DOPAMS/Toystack/dopams-backend-staging/node_modules/@types/nodemailer/node_modules' does not exist, skipping all lookups in it.
Resolution for module 'stream' was found in cache from location 'd:/DOPAMS/Toystack/dopams-backend-staging/node_modules/@types'.
======== Module name 'stream' was not resolved. ========
File 'd:/DOPAMS/Toystack/dopams-backend-staging/node_modules/@types/nodemailer/lib/smtp-connection/package.json' does not exist according to earlier cached lookups.
File 'd:/DOPAMS/Toystack/dopams-backend-staging/node_modules/@types/nodemailer/lib/package.json' does not exist according to earlier cached lookups.
File 'd:/DOPAMS/Toystack/dopams-backend-staging/node_modules/@types/nodemailer/package.json' exists according to earlier cached lookups.
======== Resolving type reference directive 'node', containing file 'd:/DOPAMS/Toystack/dopams-backend-staging/node_modules/@types/nodemailer/lib/smtp-connection/index.d.ts', root directory 'd:/DOPAMS/Toystack/dopams-backend-staging/node_modules/@types,d:/DOPAMS/Toystack/node_modules/@types,d:/DOPAMS/node_modules/@types,d:/node_modules/@types'. ========
Resolving with primary search path 'd:/DOPAMS/Toystack/dopams-backend-staging/node_modules/@types, d:/DOPAMS/Toystack/node_modules/@types, d:/DOPAMS/node_modules/@types, d:/node_modules/@types'.
File 'd:/DOPAMS/Toystack/dopams-backend-staging/node_modules/@types/node/package.json' exists according to earlier cached lookups.
'package.json' does not have a 'typings' field.
'package.json' has 'types' field 'index.d.ts' that references 'd:/DOPAMS/Toystack/dopams-backend-staging/node_modules/@types/node/index.d.ts'.
File 'd:/DOPAMS/Toystack/dopams-backend-staging/node_modules/@types/node/index.d.ts' exists - use it as a name resolution result.
Resolving real path for 'd:/DOPAMS/Toystack/dopams-backend-staging/node_modules/@types/node/index.d.ts', result 'D:/DOPAMS/Toystack/dopams-backend-staging/node_modules/@types/node/index.d.ts'.
======== Type reference directive 'node' was successfully resolved to 'd:/DOPAMS/Toystack/dopams-backend-staging/node_modules/@types/node/index.d.ts' with Package ID '@types/node/index.d.ts@22.19.10', primary: true. ========
======== Resolving module 'events' from 'd:/DOPAMS/Toystack/dopams-backend-staging/node_modules/@types/nodemailer/lib/smtp-connection/index.d.ts'. ========
Explicitly specified module resolution kind: 'Node10'.
'baseUrl' option is set to 'd:/DOPAMS/Toystack/dopams-backend-staging/src', using this value to resolve non-relative module name 'events'.
'paths' option is specified, looking for a pattern to match module name 'events'.
'baseUrl' option is set to 'd:/DOPAMS/Toystack/dopams-backend-staging/src', using this value to resolve non-relative module name 'events'.
Resolving module name 'events' relative to base url 'd:/DOPAMS/Toystack/dopams-backend-staging/src' - 'd:/DOPAMS/Toystack/dopams-backend-staging/src/events'.
Loading module as file / folder, candidate module location 'd:/DOPAMS/Toystack/dopams-backend-staging/src/events', target file types: TypeScript, Declaration.
File 'd:/DOPAMS/Toystack/dopams-backend-staging/src/events.ts' does not exist.
File 'd:/DOPAMS/Toystack/dopams-backend-staging/src/events.tsx' does not exist.
File 'd:/DOPAMS/Toystack/dopams-backend-staging/src/events.d.ts' does not exist.
Directory 'd:/DOPAMS/Toystack/dopams-backend-staging/src/events' does not exist, skipping all lookups in it.
Loading module 'events' from 'node_modules' folder, target file types: TypeScript, Declaration.
Searching all ancestor node_modules directories for preferred extensions: TypeScript, Declaration.
Directory 'd:/DOPAMS/Toystack/dopams-backend-staging/node_modules/@types/nodemailer/lib/smtp-connection/node_modules' does not exist, skipping all lookups in it.
Resolution for module 'events' was found in cache from location 'd:/DOPAMS/Toystack/dopams-backend-staging/node_modules/@types/nodemailer/lib'.
======== Module name 'events' was successfully resolved to 'd:/DOPAMS/Toystack/dopams-backend-staging/node_modules/events/events.js' with Package ID 'events/events.js@1.1.1'. ========
======== Resolving module 'net' from 'd:/DOPAMS/Toystack/dopams-backend-staging/node_modules/@types/nodemailer/lib/smtp-connection/index.d.ts'. ========
Explicitly specified module resolution kind: 'Node10'.
'baseUrl' option is set to 'd:/DOPAMS/Toystack/dopams-backend-staging/src', using this value to resolve non-relative module name 'net'.
'paths' option is specified, looking for a pattern to match module name 'net'.
'baseUrl' option is set to 'd:/DOPAMS/Toystack/dopams-backend-staging/src', using this value to resolve non-relative module name 'net'.
Resolving module name 'net' relative to base url 'd:/DOPAMS/Toystack/dopams-backend-staging/src' - 'd:/DOPAMS/Toystack/dopams-backend-staging/src/net'.
Loading module as file / folder, candidate module location 'd:/DOPAMS/Toystack/dopams-backend-staging/src/net', target file types: TypeScript, Declaration.
File 'd:/DOPAMS/Toystack/dopams-backend-staging/src/net.ts' does not exist.
File 'd:/DOPAMS/Toystack/dopams-backend-staging/src/net.tsx' does not exist.
File 'd:/DOPAMS/Toystack/dopams-backend-staging/src/net.d.ts' does not exist.
Directory 'd:/DOPAMS/Toystack/dopams-backend-staging/src/net' does not exist, skipping all lookups in it.
Loading module 'net' from 'node_modules' folder, target file types: TypeScript, Declaration.
Searching all ancestor node_modules directories for preferred extensions: TypeScript, Declaration.
Directory 'd:/DOPAMS/Toystack/dopams-backend-staging/node_modules/@types/nodemailer/lib/smtp-connection/node_modules' does not exist, skipping all lookups in it.
Directory 'd:/DOPAMS/Toystack/dopams-backend-staging/node_modules/@types/nodemailer/lib/node_modules' does not exist, skipping all lookups in it.
Directory 'd:/DOPAMS/Toystack/dopams-backend-staging/node_modules/@types/nodemailer/node_modules' does not exist, skipping all lookups in it.
Resolution for module 'net' was found in cache from location 'd:/DOPAMS/Toystack/dopams-backend-staging/node_modules/@types'.
======== Module name 'net' was not resolved. ========
======== Resolving module 'stream' from 'd:/DOPAMS/Toystack/dopams-backend-staging/node_modules/@types/nodemailer/lib/smtp-connection/index.d.ts'. ========
Explicitly specified module resolution kind: 'Node10'.
'baseUrl' option is set to 'd:/DOPAMS/Toystack/dopams-backend-staging/src', using this value to resolve non-relative module name 'stream'.
'paths' option is specified, looking for a pattern to match module name 'stream'.
'baseUrl' option is set to 'd:/DOPAMS/Toystack/dopams-backend-staging/src', using this value to resolve non-relative module name 'stream'.
Resolving module name 'stream' relative to base url 'd:/DOPAMS/Toystack/dopams-backend-staging/src' - 'd:/DOPAMS/Toystack/dopams-backend-staging/src/stream'.
Loading module as file / folder, candidate module location 'd:/DOPAMS/Toystack/dopams-backend-staging/src/stream', target file types: TypeScript, Declaration.
File 'd:/DOPAMS/Toystack/dopams-backend-staging/src/stream.ts' does not exist.
File 'd:/DOPAMS/Toystack/dopams-backend-staging/src/stream.tsx' does not exist.
File 'd:/DOPAMS/Toystack/dopams-backend-staging/src/stream.d.ts' does not exist.
Directory 'd:/DOPAMS/Toystack/dopams-backend-staging/src/stream' does not exist, skipping all lookups in it.
Loading module 'stream' from 'node_modules' folder, target file types: TypeScript, Declaration.
Searching all ancestor node_modules directories for preferred extensions: TypeScript, Declaration.
Directory 'd:/DOPAMS/Toystack/dopams-backend-staging/node_modules/@types/nodemailer/lib/smtp-connection/node_modules' does not exist, skipping all lookups in it.
Resolution for module 'stream' was found in cache from location 'd:/DOPAMS/Toystack/dopams-backend-staging/node_modules/@types/nodemailer/lib'.
======== Module name 'stream' was not resolved. ========
======== Resolving module 'tls' from 'd:/DOPAMS/Toystack/dopams-backend-staging/node_modules/@types/nodemailer/lib/smtp-connection/index.d.ts'. ========
Explicitly specified module resolution kind: 'Node10'.
'baseUrl' option is set to 'd:/DOPAMS/Toystack/dopams-backend-staging/src', using this value to resolve non-relative module name 'tls'.
'paths' option is specified, looking for a pattern to match module name 'tls'.
'baseUrl' option is set to 'd:/DOPAMS/Toystack/dopams-backend-staging/src', using this value to resolve non-relative module name 'tls'.
Resolving module name 'tls' relative to base url 'd:/DOPAMS/Toystack/dopams-backend-staging/src' - 'd:/DOPAMS/Toystack/dopams-backend-staging/src/tls'.
Loading module as file / folder, candidate module location 'd:/DOPAMS/Toystack/dopams-backend-staging/src/tls', target file types: TypeScript, Declaration.
File 'd:/DOPAMS/Toystack/dopams-backend-staging/src/tls.ts' does not exist.
File 'd:/DOPAMS/Toystack/dopams-backend-staging/src/tls.tsx' does not exist.
File 'd:/DOPAMS/Toystack/dopams-backend-staging/src/tls.d.ts' does not exist.
Directory 'd:/DOPAMS/Toystack/dopams-backend-staging/src/tls' does not exist, skipping all lookups in it.
Loading module 'tls' from 'node_modules' folder, target file types: TypeScript, Declaration.
Searching all ancestor node_modules directories for preferred extensions: TypeScript, Declaration.
Directory 'd:/DOPAMS/Toystack/dopams-backend-staging/node_modules/@types/nodemailer/lib/smtp-connection/node_modules' does not exist, skipping all lookups in it.
Directory 'd:/DOPAMS/Toystack/dopams-backend-staging/node_modules/@types/nodemailer/lib/node_modules' does not exist, skipping all lookups in it.
Directory 'd:/DOPAMS/Toystack/dopams-backend-staging/node_modules/@types/nodemailer/node_modules' does not exist, skipping all lookups in it.
Resolution for module 'tls' was found in cache from location 'd:/DOPAMS/Toystack/dopams-backend-staging/node_modules/@types'.
======== Module name 'tls' was not resolved. ========
======== Resolving module '../shared' from 'd:/DOPAMS/Toystack/dopams-backend-staging/node_modules/@types/nodemailer/lib/smtp-connection/index.d.ts'. ========
Explicitly specified module resolution kind: 'Node10'.
Loading module as file / folder, candidate module location 'd:/DOPAMS/Toystack/dopams-backend-staging/node_modules/@types/nodemailer/lib/shared', target file types: TypeScript, Declaration.
File 'd:/DOPAMS/Toystack/dopams-backend-staging/node_modules/@types/nodemailer/lib/shared.ts' does not exist.
File 'd:/DOPAMS/Toystack/dopams-backend-staging/node_modules/@types/nodemailer/lib/shared.tsx' does not exist.
File 'd:/DOPAMS/Toystack/dopams-backend-staging/node_modules/@types/nodemailer/lib/shared.d.ts' does not exist.
File 'd:/DOPAMS/Toystack/dopams-backend-staging/node_modules/@types/nodemailer/lib/shared/package.json' does not exist according to earlier cached lookups.
File 'd:/DOPAMS/Toystack/dopams-backend-staging/node_modules/@types/nodemailer/lib/shared/index.ts' does not exist.
File 'd:/DOPAMS/Toystack/dopams-backend-staging/node_modules/@types/nodemailer/lib/shared/index.tsx' does not exist.
File 'd:/DOPAMS/Toystack/dopams-backend-staging/node_modules/@types/nodemailer/lib/shared/index.d.ts' exists - use it as a name resolution result.
======== Module name '../shared' was successfully resolved to 'd:/DOPAMS/Toystack/dopams-backend-staging/node_modules/@types/nodemailer/lib/shared/index.d.ts'. ========
======== Resolving module '../mime-node' from 'd:/DOPAMS/Toystack/dopams-backend-staging/node_modules/@types/nodemailer/lib/smtp-connection/index.d.ts'. ========
Explicitly specified module resolution kind: 'Node10'.
Loading module as file / folder, candidate module location 'd:/DOPAMS/Toystack/dopams-backend-staging/node_modules/@types/nodemailer/lib/mime-node', target file types: TypeScript, Declaration.
File 'd:/DOPAMS/Toystack/dopams-backend-staging/node_modules/@types/nodemailer/lib/mime-node.ts' does not exist.
File 'd:/DOPAMS/Toystack/dopams-backend-staging/node_modules/@types/nodemailer/lib/mime-node.tsx' does not exist.
File 'd:/DOPAMS/Toystack/dopams-backend-staging/node_modules/@types/nodemailer/lib/mime-node.d.ts' does not exist.
File 'd:/DOPAMS/Toystack/dopams-backend-staging/node_modules/@types/nodemailer/lib/mime-node/package.json' does not exist according to earlier cached lookups.
File 'd:/DOPAMS/Toystack/dopams-backend-staging/node_modules/@types/nodemailer/lib/mime-node/index.ts' does not exist.
File 'd:/DOPAMS/Toystack/dopams-backend-staging/node_modules/@types/nodemailer/lib/mime-node/index.tsx' does not exist.
File 'd:/DOPAMS/Toystack/dopams-backend-staging/node_modules/@types/nodemailer/lib/mime-node/index.d.ts' exists - use it as a name resolution result.
======== Module name '../mime-node' was successfully resolved to 'd:/DOPAMS/Toystack/dopams-backend-staging/node_modules/@types/nodemailer/lib/mime-node/index.d.ts'. ========
======== Resolving module '../xoauth2' from 'd:/DOPAMS/Toystack/dopams-backend-staging/node_modules/@types/nodemailer/lib/smtp-connection/index.d.ts'. ========
Explicitly specified module resolution kind: 'Node10'.
Loading module as file / folder, candidate module location 'd:/DOPAMS/Toystack/dopams-backend-staging/node_modules/@types/nodemailer/lib/xoauth2', target file types: TypeScript, Declaration.
File 'd:/DOPAMS/Toystack/dopams-backend-staging/node_modules/@types/nodemailer/lib/xoauth2.ts' does not exist.
File 'd:/DOPAMS/Toystack/dopams-backend-staging/node_modules/@types/nodemailer/lib/xoauth2.tsx' does not exist.
File 'd:/DOPAMS/Toystack/dopams-backend-staging/node_modules/@types/nodemailer/lib/xoauth2.d.ts' does not exist.
File 'd:/DOPAMS/Toystack/dopams-backend-staging/node_modules/@types/nodemailer/lib/xoauth2/package.json' does not exist.
File 'd:/DOPAMS/Toystack/dopams-backend-staging/node_modules/@types/nodemailer/lib/xoauth2/index.ts' does not exist.
File 'd:/DOPAMS/Toystack/dopams-backend-staging/node_modules/@types/nodemailer/lib/xoauth2/index.tsx' does not exist.
File 'd:/DOPAMS/Toystack/dopams-backend-staging/node_modules/@types/nodemailer/lib/xoauth2/index.d.ts' exists - use it as a name resolution result.
======== Module name '../xoauth2' was successfully resolved to 'd:/DOPAMS/Toystack/dopams-backend-staging/node_modules/@types/nodemailer/lib/xoauth2/index.d.ts'. ========
File 'd:/DOPAMS/Toystack/dopams-backend-staging/node_modules/@types/nodemailer/lib/mime-node/package.json' does not exist according to earlier cached lookups.
File 'd:/DOPAMS/Toystack/dopams-backend-staging/node_modules/@types/nodemailer/lib/package.json' does not exist according to earlier cached lookups.
File 'd:/DOPAMS/Toystack/dopams-backend-staging/node_modules/@types/nodemailer/package.json' exists according to earlier cached lookups.
======== Resolving type reference directive 'node', containing file 'd:/DOPAMS/Toystack/dopams-backend-staging/node_modules/@types/nodemailer/lib/mime-node/index.d.ts', root directory 'd:/DOPAMS/Toystack/dopams-backend-staging/node_modules/@types,d:/DOPAMS/Toystack/node_modules/@types,d:/DOPAMS/node_modules/@types,d:/node_modules/@types'. ========
Resolving with primary search path 'd:/DOPAMS/Toystack/dopams-backend-staging/node_modules/@types, d:/DOPAMS/Toystack/node_modules/@types, d:/DOPAMS/node_modules/@types, d:/node_modules/@types'.
File 'd:/DOPAMS/Toystack/dopams-backend-staging/node_modules/@types/node/package.json' exists according to earlier cached lookups.
'package.json' does not have a 'typings' field.
'package.json' has 'types' field 'index.d.ts' that references 'd:/DOPAMS/Toystack/dopams-backend-staging/node_modules/@types/node/index.d.ts'.
File 'd:/DOPAMS/Toystack/dopams-backend-staging/node_modules/@types/node/index.d.ts' exists - use it as a name resolution result.
Resolving real path for 'd:/DOPAMS/Toystack/dopams-backend-staging/node_modules/@types/node/index.d.ts', result 'D:/DOPAMS/Toystack/dopams-backend-staging/node_modules/@types/node/index.d.ts'.
======== Type reference directive 'node' was successfully resolved to 'd:/DOPAMS/Toystack/dopams-backend-staging/node_modules/@types/node/index.d.ts' with Package ID '@types/node/index.d.ts@22.19.10', primary: true. ========
======== Resolving module 'stream' from 'd:/DOPAMS/Toystack/dopams-backend-staging/node_modules/@types/nodemailer/lib/mime-node/index.d.ts'. ========
Explicitly specified module resolution kind: 'Node10'.
'baseUrl' option is set to 'd:/DOPAMS/Toystack/dopams-backend-staging/src', using this value to resolve non-relative module name 'stream'.
'paths' option is specified, looking for a pattern to match module name 'stream'.
'baseUrl' option is set to 'd:/DOPAMS/Toystack/dopams-backend-staging/src', using this value to resolve non-relative module name 'stream'.
Resolving module name 'stream' relative to base url 'd:/DOPAMS/Toystack/dopams-backend-staging/src' - 'd:/DOPAMS/Toystack/dopams-backend-staging/src/stream'.
Loading module as file / folder, candidate module location 'd:/DOPAMS/Toystack/dopams-backend-staging/src/stream', target file types: TypeScript, Declaration.
File 'd:/DOPAMS/Toystack/dopams-backend-staging/src/stream.ts' does not exist.
File 'd:/DOPAMS/Toystack/dopams-backend-staging/src/stream.tsx' does not exist.
File 'd:/DOPAMS/Toystack/dopams-backend-staging/src/stream.d.ts' does not exist.
Directory 'd:/DOPAMS/Toystack/dopams-backend-staging/src/stream' does not exist, skipping all lookups in it.
Loading module 'stream' from 'node_modules' folder, target file types: TypeScript, Declaration.
Searching all ancestor node_modules directories for preferred extensions: TypeScript, Declaration.
Directory 'd:/DOPAMS/Toystack/dopams-backend-staging/node_modules/@types/nodemailer/lib/mime-node/node_modules' does not exist, skipping all lookups in it.
Resolution for module 'stream' was found in cache from location 'd:/DOPAMS/Toystack/dopams-backend-staging/node_modules/@types/nodemailer/lib'.
======== Module name 'stream' was not resolved. ========
======== Resolving module '../mailer' from 'd:/DOPAMS/Toystack/dopams-backend-staging/node_modules/@types/nodemailer/lib/mime-node/index.d.ts'. ========
Explicitly specified module resolution kind: 'Node10'.
Loading module as file / folder, candidate module location 'd:/DOPAMS/Toystack/dopams-backend-staging/node_modules/@types/nodemailer/lib/mailer', target file types: TypeScript, Declaration.
File 'd:/DOPAMS/Toystack/dopams-backend-staging/node_modules/@types/nodemailer/lib/mailer.ts' does not exist.
File 'd:/DOPAMS/Toystack/dopams-backend-staging/node_modules/@types/nodemailer/lib/mailer.tsx' does not exist.
File 'd:/DOPAMS/Toystack/dopams-backend-staging/node_modules/@types/nodemailer/lib/mailer.d.ts' does not exist.
File 'd:/DOPAMS/Toystack/dopams-backend-staging/node_modules/@types/nodemailer/lib/mailer/package.json' does not exist according to earlier cached lookups.
File 'd:/DOPAMS/Toystack/dopams-backend-staging/node_modules/@types/nodemailer/lib/mailer/index.ts' does not exist.
File 'd:/DOPAMS/Toystack/dopams-backend-staging/node_modules/@types/nodemailer/lib/mailer/index.tsx' does not exist.
File 'd:/DOPAMS/Toystack/dopams-backend-staging/node_modules/@types/nodemailer/lib/mailer/index.d.ts' exists - use it as a name resolution result.
======== Module name '../mailer' was successfully resolved to 'd:/DOPAMS/Toystack/dopams-backend-staging/node_modules/@types/nodemailer/lib/mailer/index.d.ts'. ========
File 'd:/DOPAMS/Toystack/dopams-backend-staging/node_modules/@types/nodemailer/lib/mailer/package.json' does not exist according to earlier cached lookups.
File 'd:/DOPAMS/Toystack/dopams-backend-staging/node_modules/@types/nodemailer/lib/package.json' does not exist according to earlier cached lookups.
File 'd:/DOPAMS/Toystack/dopams-backend-staging/node_modules/@types/nodemailer/package.json' exists according to earlier cached lookups.
======== Resolving type reference directive 'node', containing file 'd:/DOPAMS/Toystack/dopams-backend-staging/node_modules/@types/nodemailer/lib/mailer/index.d.ts', root directory 'd:/DOPAMS/Toystack/dopams-backend-staging/node_modules/@types,d:/DOPAMS/Toystack/node_modules/@types,d:/DOPAMS/node_modules/@types,d:/node_modules/@types'. ========
Resolving with primary search path 'd:/DOPAMS/Toystack/dopams-backend-staging/node_modules/@types, d:/DOPAMS/Toystack/node_modules/@types, d:/DOPAMS/node_modules/@types, d:/node_modules/@types'.
File 'd:/DOPAMS/Toystack/dopams-backend-staging/node_modules/@types/node/package.json' exists according to earlier cached lookups.
'package.json' does not have a 'typings' field.
'package.json' has 'types' field 'index.d.ts' that references 'd:/DOPAMS/Toystack/dopams-backend-staging/node_modules/@types/node/index.d.ts'.
File 'd:/DOPAMS/Toystack/dopams-backend-staging/node_modules/@types/node/index.d.ts' exists - use it as a name resolution result.
Resolving real path for 'd:/DOPAMS/Toystack/dopams-backend-staging/node_modules/@types/node/index.d.ts', result 'D:/DOPAMS/Toystack/dopams-backend-staging/node_modules/@types/node/index.d.ts'.
======== Type reference directive 'node' was successfully resolved to 'd:/DOPAMS/Toystack/dopams-backend-staging/node_modules/@types/node/index.d.ts' with Package ID '@types/node/index.d.ts@22.19.10', primary: true. ========
======== Resolving module 'events' from 'd:/DOPAMS/Toystack/dopams-backend-staging/node_modules/@types/nodemailer/lib/mailer/index.d.ts'. ========
Explicitly specified module resolution kind: 'Node10'.
'baseUrl' option is set to 'd:/DOPAMS/Toystack/dopams-backend-staging/src', using this value to resolve non-relative module name 'events'.
'paths' option is specified, looking for a pattern to match module name 'events'.
'baseUrl' option is set to 'd:/DOPAMS/Toystack/dopams-backend-staging/src', using this value to resolve non-relative module name 'events'.
Resolving module name 'events' relative to base url 'd:/DOPAMS/Toystack/dopams-backend-staging/src' - 'd:/DOPAMS/Toystack/dopams-backend-staging/src/events'.
Loading module as file / folder, candidate module location 'd:/DOPAMS/Toystack/dopams-backend-staging/src/events', target file types: TypeScript, Declaration.
File 'd:/DOPAMS/Toystack/dopams-backend-staging/src/events.ts' does not exist.
File 'd:/DOPAMS/Toystack/dopams-backend-staging/src/events.tsx' does not exist.
File 'd:/DOPAMS/Toystack/dopams-backend-staging/src/events.d.ts' does not exist.
Directory 'd:/DOPAMS/Toystack/dopams-backend-staging/src/events' does not exist, skipping all lookups in it.
Loading module 'events' from 'node_modules' folder, target file types: TypeScript, Declaration.
Searching all ancestor node_modules directories for preferred extensions: TypeScript, Declaration.
Directory 'd:/DOPAMS/Toystack/dopams-backend-staging/node_modules/@types/nodemailer/lib/mailer/node_modules' does not exist, skipping all lookups in it.
Resolution for module 'events' was found in cache from location 'd:/DOPAMS/Toystack/dopams-backend-staging/node_modules/@types/nodemailer/lib'.
======== Module name 'events' was successfully resolved to 'd:/DOPAMS/Toystack/dopams-backend-staging/node_modules/events/events.js' with Package ID 'events/events.js@1.1.1'. ========
======== Resolving module 'net' from 'd:/DOPAMS/Toystack/dopams-backend-staging/node_modules/@types/nodemailer/lib/mailer/index.d.ts'. ========
Explicitly specified module resolution kind: 'Node10'.
'baseUrl' option is set to 'd:/DOPAMS/Toystack/dopams-backend-staging/src', using this value to resolve non-relative module name 'net'.
'paths' option is specified, looking for a pattern to match module name 'net'.
'baseUrl' option is set to 'd:/DOPAMS/Toystack/dopams-backend-staging/src', using this value to resolve non-relative module name 'net'.
Resolving module name 'net' relative to base url 'd:/DOPAMS/Toystack/dopams-backend-staging/src' - 'd:/DOPAMS/Toystack/dopams-backend-staging/src/net'.
Loading module as file / folder, candidate module location 'd:/DOPAMS/Toystack/dopams-backend-staging/src/net', target file types: TypeScript, Declaration.
File 'd:/DOPAMS/Toystack/dopams-backend-staging/src/net.ts' does not exist.
File 'd:/DOPAMS/Toystack/dopams-backend-staging/src/net.tsx' does not exist.
File 'd:/DOPAMS/Toystack/dopams-backend-staging/src/net.d.ts' does not exist.
Directory 'd:/DOPAMS/Toystack/dopams-backend-staging/src/net' does not exist, skipping all lookups in it.
Loading module 'net' from 'node_modules' folder, target file types: TypeScript, Declaration.
Searching all ancestor node_modules directories for preferred extensions: TypeScript, Declaration.
Directory 'd:/DOPAMS/Toystack/dopams-backend-staging/node_modules/@types/nodemailer/lib/mailer/node_modules' does not exist, skipping all lookups in it.
Resolution for module 'net' was found in cache from location 'd:/DOPAMS/Toystack/dopams-backend-staging/node_modules/@types/nodemailer/lib'.
======== Module name 'net' was not resolved. ========
======== Resolving module 'stream' from 'd:/DOPAMS/Toystack/dopams-backend-staging/node_modules/@types/nodemailer/lib/mailer/index.d.ts'. ========
Explicitly specified module resolution kind: 'Node10'.
'baseUrl' option is set to 'd:/DOPAMS/Toystack/dopams-backend-staging/src', using this value to resolve non-relative module name 'stream'.
'paths' option is specified, looking for a pattern to match module name 'stream'.
'baseUrl' option is set to 'd:/DOPAMS/Toystack/dopams-backend-staging/src', using this value to resolve non-relative module name 'stream'.
Resolving module name 'stream' relative to base url 'd:/DOPAMS/Toystack/dopams-backend-staging/src' - 'd:/DOPAMS/Toystack/dopams-backend-staging/src/stream'.
Loading module as file / folder, candidate module location 'd:/DOPAMS/Toystack/dopams-backend-staging/src/stream', target file types: TypeScript, Declaration.
File 'd:/DOPAMS/Toystack/dopams-backend-staging/src/stream.ts' does not exist.
File 'd:/DOPAMS/Toystack/dopams-backend-staging/src/stream.tsx' does not exist.
File 'd:/DOPAMS/Toystack/dopams-backend-staging/src/stream.d.ts' does not exist.
Directory 'd:/DOPAMS/Toystack/dopams-backend-staging/src/stream' does not exist, skipping all lookups in it.
Loading module 'stream' from 'node_modules' folder, target file types: TypeScript, Declaration.
Searching all ancestor node_modules directories for preferred extensions: TypeScript, Declaration.
Directory 'd:/DOPAMS/Toystack/dopams-backend-staging/node_modules/@types/nodemailer/lib/mailer/node_modules' does not exist, skipping all lookups in it.
Resolution for module 'stream' was found in cache from location 'd:/DOPAMS/Toystack/dopams-backend-staging/node_modules/@types/nodemailer/lib'.
======== Module name 'stream' was not resolved. ========
======== Resolving module 'url' from 'd:/DOPAMS/Toystack/dopams-backend-staging/node_modules/@types/nodemailer/lib/mailer/index.d.ts'. ========
Explicitly specified module resolution kind: 'Node10'.
'baseUrl' option is set to 'd:/DOPAMS/Toystack/dopams-backend-staging/src', using this value to resolve non-relative module name 'url'.
'paths' option is specified, looking for a pattern to match module name 'url'.
'baseUrl' option is set to 'd:/DOPAMS/Toystack/dopams-backend-staging/src', using this value to resolve non-relative module name 'url'.
Resolving module name 'url' relative to base url 'd:/DOPAMS/Toystack/dopams-backend-staging/src' - 'd:/DOPAMS/Toystack/dopams-backend-staging/src/url'.
Loading module as file / folder, candidate module location 'd:/DOPAMS/Toystack/dopams-backend-staging/src/url', target file types: TypeScript, Declaration.
File 'd:/DOPAMS/Toystack/dopams-backend-staging/src/url.ts' does not exist.
File 'd:/DOPAMS/Toystack/dopams-backend-staging/src/url.tsx' does not exist.
File 'd:/DOPAMS/Toystack/dopams-backend-staging/src/url.d.ts' does not exist.
Directory 'd:/DOPAMS/Toystack/dopams-backend-staging/src/url' does not exist, skipping all lookups in it.
Loading module 'url' from 'node_modules' folder, target file types: TypeScript, Declaration.
Searching all ancestor node_modules directories for preferred extensions: TypeScript, Declaration.
Directory 'd:/DOPAMS/Toystack/dopams-backend-staging/node_modules/@types/nodemailer/lib/mailer/node_modules' does not exist, skipping all lookups in it.
Directory 'd:/DOPAMS/Toystack/dopams-backend-staging/node_modules/@types/nodemailer/lib/node_modules' does not exist, skipping all lookups in it.
Directory 'd:/DOPAMS/Toystack/dopams-backend-staging/node_modules/@types/nodemailer/node_modules' does not exist, skipping all lookups in it.
Resolution for module 'url' was found in cache from location 'd:/DOPAMS/Toystack/dopams-backend-staging/node_modules/@types'.
======== Module name 'url' was successfully resolved to 'd:/DOPAMS/Toystack/dopams-backend-staging/node_modules/url/url.js' with Package ID 'url/url.js@0.10.3'. ========
======== Resolving module '../..' from 'd:/DOPAMS/Toystack/dopams-backend-staging/node_modules/@types/nodemailer/lib/mailer/index.d.ts'. ========
Explicitly specified module resolution kind: 'Node10'.
Loading module as file / folder, candidate module location 'd:/DOPAMS/Toystack/dopams-backend-staging/node_modules/@types/nodemailer/', target file types: TypeScript, Declaration.
File 'd:/DOPAMS/Toystack/dopams-backend-staging/node_modules/@types/nodemailer/package.json' exists according to earlier cached lookups.
'package.json' does not have a 'typings' field.
'package.json' has 'types' field 'index.d.ts' that references 'd:/DOPAMS/Toystack/dopams-backend-staging/node_modules/@types/nodemailer/index.d.ts'.
File 'd:/DOPAMS/Toystack/dopams-backend-staging/node_modules/@types/nodemailer/index.d.ts' exists - use it as a name resolution result.
======== Module name '../..' was successfully resolved to 'd:/DOPAMS/Toystack/dopams-backend-staging/node_modules/@types/nodemailer/index.d.ts' with Package ID '@types/nodemailer/ndex.d.ts@6.4.22'. ========
======== Resolving module '../shared' from 'd:/DOPAMS/Toystack/dopams-backend-staging/node_modules/@types/nodemailer/lib/mailer/index.d.ts'. ========
Explicitly specified module resolution kind: 'Node10'.
Loading module as file / folder, candidate module location 'd:/DOPAMS/Toystack/dopams-backend-staging/node_modules/@types/nodemailer/lib/shared', target file types: TypeScript, Declaration.
File 'd:/DOPAMS/Toystack/dopams-backend-staging/node_modules/@types/nodemailer/lib/shared.ts' does not exist.
File 'd:/DOPAMS/Toystack/dopams-backend-staging/node_modules/@types/nodemailer/lib/shared.tsx' does not exist.
File 'd:/DOPAMS/Toystack/dopams-backend-staging/node_modules/@types/nodemailer/lib/shared.d.ts' does not exist.
File 'd:/DOPAMS/Toystack/dopams-backend-staging/node_modules/@types/nodemailer/lib/shared/package.json' does not exist according to earlier cached lookups.
File 'd:/DOPAMS/Toystack/dopams-backend-staging/node_modules/@types/nodemailer/lib/shared/index.ts' does not exist.
File 'd:/DOPAMS/Toystack/dopams-backend-staging/node_modules/@types/nodemailer/lib/shared/index.tsx' does not exist.
File 'd:/DOPAMS/Toystack/dopams-backend-staging/node_modules/@types/nodemailer/lib/shared/index.d.ts' exists - use it as a name resolution result.
======== Module name '../shared' was successfully resolved to 'd:/DOPAMS/Toystack/dopams-backend-staging/node_modules/@types/nodemailer/lib/shared/index.d.ts'. ========
======== Resolving module '../dkim' from 'd:/DOPAMS/Toystack/dopams-backend-staging/node_modules/@types/nodemailer/lib/mailer/index.d.ts'. ========
Explicitly specified module resolution kind: 'Node10'.
Loading module as file / folder, candidate module location 'd:/DOPAMS/Toystack/dopams-backend-staging/node_modules/@types/nodemailer/lib/dkim', target file types: TypeScript, Declaration.
File 'd:/DOPAMS/Toystack/dopams-backend-staging/node_modules/@types/nodemailer/lib/dkim.ts' does not exist.
File 'd:/DOPAMS/Toystack/dopams-backend-staging/node_modules/@types/nodemailer/lib/dkim.tsx' does not exist.
File 'd:/DOPAMS/Toystack/dopams-backend-staging/node_modules/@types/nodemailer/lib/dkim.d.ts' does not exist.
File 'd:/DOPAMS/Toystack/dopams-backend-staging/node_modules/@types/nodemailer/lib/dkim/package.json' does not exist.
File 'd:/DOPAMS/Toystack/dopams-backend-staging/node_modules/@types/nodemailer/lib/dkim/index.ts' does not exist.
File 'd:/DOPAMS/Toystack/dopams-backend-staging/node_modules/@types/nodemailer/lib/dkim/index.tsx' does not exist.
File 'd:/DOPAMS/Toystack/dopams-backend-staging/node_modules/@types/nodemailer/lib/dkim/index.d.ts' exists - use it as a name resolution result.
======== Module name '../dkim' was successfully resolved to 'd:/DOPAMS/Toystack/dopams-backend-staging/node_modules/@types/nodemailer/lib/dkim/index.d.ts'. ========
======== Resolving module './mail-message' from 'd:/DOPAMS/Toystack/dopams-backend-staging/node_modules/@types/nodemailer/lib/mailer/index.d.ts'. ========
Explicitly specified module resolution kind: 'Node10'.
Loading module as file / folder, candidate module location 'd:/DOPAMS/Toystack/dopams-backend-staging/node_modules/@types/nodemailer/lib/mailer/mail-message', target file types: TypeScript, Declaration.
File 'd:/DOPAMS/Toystack/dopams-backend-staging/node_modules/@types/nodemailer/lib/mailer/mail-message.ts' does not exist.
File 'd:/DOPAMS/Toystack/dopams-backend-staging/node_modules/@types/nodemailer/lib/mailer/mail-message.tsx' does not exist.
File 'd:/DOPAMS/Toystack/dopams-backend-staging/node_modules/@types/nodemailer/lib/mailer/mail-message.d.ts' exists - use it as a name resolution result.
File 'd:/DOPAMS/Toystack/dopams-backend-staging/node_modules/@types/nodemailer/package.json' exists according to earlier cached lookups.
======== Module name './mail-message' was successfully resolved to 'd:/DOPAMS/Toystack/dopams-backend-staging/node_modules/@types/nodemailer/lib/mailer/mail-message.d.ts' with Package ID '@types/nodemailer/lib/mailer/mail-message.d.ts@6.4.22'. ========
======== Resolving module '../mime-node' from 'd:/DOPAMS/Toystack/dopams-backend-staging/node_modules/@types/nodemailer/lib/mailer/index.d.ts'. ========
Explicitly specified module resolution kind: 'Node10'.
Loading module as file / folder, candidate module location 'd:/DOPAMS/Toystack/dopams-backend-staging/node_modules/@types/nodemailer/lib/mime-node', target file types: TypeScript, Declaration.
File 'd:/DOPAMS/Toystack/dopams-backend-staging/node_modules/@types/nodemailer/lib/mime-node.ts' does not exist.
File 'd:/DOPAMS/Toystack/dopams-backend-staging/node_modules/@types/nodemailer/lib/mime-node.tsx' does not exist.
File 'd:/DOPAMS/Toystack/dopams-backend-staging/node_modules/@types/nodemailer/lib/mime-node.d.ts' does not exist.
File 'd:/DOPAMS/Toystack/dopams-backend-staging/node_modules/@types/nodemailer/lib/mime-node/package.json' does not exist according to earlier cached lookups.
File 'd:/DOPAMS/Toystack/dopams-backend-staging/node_modules/@types/nodemailer/lib/mime-node/index.ts' does not exist.
File 'd:/DOPAMS/Toystack/dopams-backend-staging/node_modules/@types/nodemailer/lib/mime-node/index.tsx' does not exist.
File 'd:/DOPAMS/Toystack/dopams-backend-staging/node_modules/@types/nodemailer/lib/mime-node/index.d.ts' exists - use it as a name resolution result.
======== Module name '../mime-node' was successfully resolved to 'd:/DOPAMS/Toystack/dopams-backend-staging/node_modules/@types/nodemailer/lib/mime-node/index.d.ts'. ========
======== Resolving module '../smtp-connection' from 'd:/DOPAMS/Toystack/dopams-backend-staging/node_modules/@types/nodemailer/lib/mailer/index.d.ts'. ========
Explicitly specified module resolution kind: 'Node10'.
Loading module as file / folder, candidate module location 'd:/DOPAMS/Toystack/dopams-backend-staging/node_modules/@types/nodemailer/lib/smtp-connection', target file types: TypeScript, Declaration.
File 'd:/DOPAMS/Toystack/dopams-backend-staging/node_modules/@types/nodemailer/lib/smtp-connection.ts' does not exist.
File 'd:/DOPAMS/Toystack/dopams-backend-staging/node_modules/@types/nodemailer/lib/smtp-connection.tsx' does not exist.
File 'd:/DOPAMS/Toystack/dopams-backend-staging/node_modules/@types/nodemailer/lib/smtp-connection.d.ts' does not exist.
File 'd:/DOPAMS/Toystack/dopams-backend-staging/node_modules/@types/nodemailer/lib/smtp-connection/package.json' does not exist according to earlier cached lookups.
File 'd:/DOPAMS/Toystack/dopams-backend-staging/node_modules/@types/nodemailer/lib/smtp-connection/index.ts' does not exist.
File 'd:/DOPAMS/Toystack/dopams-backend-staging/node_modules/@types/nodemailer/lib/smtp-connection/index.tsx' does not exist.
File 'd:/DOPAMS/Toystack/dopams-backend-staging/node_modules/@types/nodemailer/lib/smtp-connection/index.d.ts' exists - use it as a name resolution result.
======== Module name '../smtp-connection' was successfully resolved to 'd:/DOPAMS/Toystack/dopams-backend-staging/node_modules/@types/nodemailer/lib/smtp-connection/index.d.ts'. ========
======== Resolving module '../xoauth2' from 'd:/DOPAMS/Toystack/dopams-backend-staging/node_modules/@types/nodemailer/lib/mailer/index.d.ts'. ========
Explicitly specified module resolution kind: 'Node10'.
Loading module as file / folder, candidate module location 'd:/DOPAMS/Toystack/dopams-backend-staging/node_modules/@types/nodemailer/lib/xoauth2', target file types: TypeScript, Declaration.
File 'd:/DOPAMS/Toystack/dopams-backend-staging/node_modules/@types/nodemailer/lib/xoauth2.ts' does not exist.
File 'd:/DOPAMS/Toystack/dopams-backend-staging/node_modules/@types/nodemailer/lib/xoauth2.tsx' does not exist.
File 'd:/DOPAMS/Toystack/dopams-backend-staging/node_modules/@types/nodemailer/lib/xoauth2.d.ts' does not exist.
File 'd:/DOPAMS/Toystack/dopams-backend-staging/node_modules/@types/nodemailer/lib/xoauth2/package.json' does not exist according to earlier cached lookups.
File 'd:/DOPAMS/Toystack/dopams-backend-staging/node_modules/@types/nodemailer/lib/xoauth2/index.ts' does not exist.
File 'd:/DOPAMS/Toystack/dopams-backend-staging/node_modules/@types/nodemailer/lib/xoauth2/index.tsx' does not exist.
File 'd:/DOPAMS/Toystack/dopams-backend-staging/node_modules/@types/nodemailer/lib/xoauth2/index.d.ts' exists - use it as a name resolution result.
======== Module name '../xoauth2' was successfully resolved to 'd:/DOPAMS/Toystack/dopams-backend-staging/node_modules/@types/nodemailer/lib/xoauth2/index.d.ts'. ========
File 'd:/DOPAMS/Toystack/dopams-backend-staging/node_modules/@types/nodemailer/lib/dkim/package.json' does not exist according to earlier cached lookups.
File 'd:/DOPAMS/Toystack/dopams-backend-staging/node_modules/@types/nodemailer/lib/package.json' does not exist according to earlier cached lookups.
File 'd:/DOPAMS/Toystack/dopams-backend-staging/node_modules/@types/nodemailer/package.json' exists according to earlier cached lookups.
======== Resolving type reference directive 'node', containing file 'd:/DOPAMS/Toystack/dopams-backend-staging/node_modules/@types/nodemailer/lib/dkim/index.d.ts', root directory 'd:/DOPAMS/Toystack/dopams-backend-staging/node_modules/@types,d:/DOPAMS/Toystack/node_modules/@types,d:/DOPAMS/node_modules/@types,d:/node_modules/@types'. ========
Resolving with primary search path 'd:/DOPAMS/Toystack/dopams-backend-staging/node_modules/@types, d:/DOPAMS/Toystack/node_modules/@types, d:/DOPAMS/node_modules/@types, d:/node_modules/@types'.
File 'd:/DOPAMS/Toystack/dopams-backend-staging/node_modules/@types/node/package.json' exists according to earlier cached lookups.
'package.json' does not have a 'typings' field.
'package.json' has 'types' field 'index.d.ts' that references 'd:/DOPAMS/Toystack/dopams-backend-staging/node_modules/@types/node/index.d.ts'.
File 'd:/DOPAMS/Toystack/dopams-backend-staging/node_modules/@types/node/index.d.ts' exists - use it as a name resolution result.
Resolving real path for 'd:/DOPAMS/Toystack/dopams-backend-staging/node_modules/@types/node/index.d.ts', result 'D:/DOPAMS/Toystack/dopams-backend-staging/node_modules/@types/node/index.d.ts'.
======== Type reference directive 'node' was successfully resolved to 'd:/DOPAMS/Toystack/dopams-backend-staging/node_modules/@types/node/index.d.ts' with Package ID '@types/node/index.d.ts@22.19.10', primary: true. ========
======== Resolving module 'stream' from 'd:/DOPAMS/Toystack/dopams-backend-staging/node_modules/@types/nodemailer/lib/dkim/index.d.ts'. ========
Explicitly specified module resolution kind: 'Node10'.
'baseUrl' option is set to 'd:/DOPAMS/Toystack/dopams-backend-staging/src', using this value to resolve non-relative module name 'stream'.
'paths' option is specified, looking for a pattern to match module name 'stream'.
'baseUrl' option is set to 'd:/DOPAMS/Toystack/dopams-backend-staging/src', using this value to resolve non-relative module name 'stream'.
Resolving module name 'stream' relative to base url 'd:/DOPAMS/Toystack/dopams-backend-staging/src' - 'd:/DOPAMS/Toystack/dopams-backend-staging/src/stream'.
Loading module as file / folder, candidate module location 'd:/DOPAMS/Toystack/dopams-backend-staging/src/stream', target file types: TypeScript, Declaration.
File 'd:/DOPAMS/Toystack/dopams-backend-staging/src/stream.ts' does not exist.
File 'd:/DOPAMS/Toystack/dopams-backend-staging/src/stream.tsx' does not exist.
File 'd:/DOPAMS/Toystack/dopams-backend-staging/src/stream.d.ts' does not exist.
Directory 'd:/DOPAMS/Toystack/dopams-backend-staging/src/stream' does not exist, skipping all lookups in it.
Loading module 'stream' from 'node_modules' folder, target file types: TypeScript, Declaration.
Searching all ancestor node_modules directories for preferred extensions: TypeScript, Declaration.
Directory 'd:/DOPAMS/Toystack/dopams-backend-staging/node_modules/@types/nodemailer/lib/dkim/node_modules' does not exist, skipping all lookups in it.
Resolution for module 'stream' was found in cache from location 'd:/DOPAMS/Toystack/dopams-backend-staging/node_modules/@types/nodemailer/lib'.
======== Module name 'stream' was not resolved. ========
File 'd:/DOPAMS/Toystack/dopams-backend-staging/node_modules/@types/nodemailer/lib/mailer/package.json' does not exist according to earlier cached lookups.
File 'd:/DOPAMS/Toystack/dopams-backend-staging/node_modules/@types/nodemailer/lib/package.json' does not exist according to earlier cached lookups.
File 'd:/DOPAMS/Toystack/dopams-backend-staging/node_modules/@types/nodemailer/package.json' exists according to earlier cached lookups.
======== Resolving type reference directive 'node', containing file 'd:/DOPAMS/Toystack/dopams-backend-staging/node_modules/@types/nodemailer/lib/mailer/mail-message.d.ts'. ========
Resolution for type reference directive 'node' was found in cache from location 'd:/DOPAMS/Toystack/dopams-backend-staging/node_modules/@types/nodemailer/lib/mailer'.
======== Type reference directive 'node' was successfully resolved to 'd:/DOPAMS/Toystack/dopams-backend-staging/node_modules/@types/node/index.d.ts' with Package ID '@types/node/index.d.ts@22.19.10', primary: true. ========
======== Resolving module 'stream' from 'd:/DOPAMS/Toystack/dopams-backend-staging/node_modules/@types/nodemailer/lib/mailer/mail-message.d.ts'. ========
Resolution for module 'stream' was found in cache from location 'd:/DOPAMS/Toystack/dopams-backend-staging/node_modules/@types/nodemailer/lib/mailer'.
======== Module name 'stream' was not resolved. ========
======== Resolving module '.' from 'd:/DOPAMS/Toystack/dopams-backend-staging/node_modules/@types/nodemailer/lib/mailer/mail-message.d.ts'. ========
Explicitly specified module resolution kind: 'Node10'.
Loading module as file / folder, candidate module location 'd:/DOPAMS/Toystack/dopams-backend-staging/node_modules/@types/nodemailer/lib/mailer/', target file types: TypeScript, Declaration.
File 'd:/DOPAMS/Toystack/dopams-backend-staging/node_modules/@types/nodemailer/lib/mailer/package.json' does not exist according to earlier cached lookups.
File 'd:/DOPAMS/Toystack/dopams-backend-staging/node_modules/@types/nodemailer/lib/mailer/index.ts' does not exist.
File 'd:/DOPAMS/Toystack/dopams-backend-staging/node_modules/@types/nodemailer/lib/mailer/index.tsx' does not exist.
File 'd:/DOPAMS/Toystack/dopams-backend-staging/node_modules/@types/nodemailer/lib/mailer/index.d.ts' exists - use it as a name resolution result.
======== Module name '.' was successfully resolved to 'd:/DOPAMS/Toystack/dopams-backend-staging/node_modules/@types/nodemailer/lib/mailer/index.d.ts'. ========
======== Resolving module '../mime-node' from 'd:/DOPAMS/Toystack/dopams-backend-staging/node_modules/@types/nodemailer/lib/mailer/mail-message.d.ts'. ========
Resolution for module '../mime-node' was found in cache from location 'd:/DOPAMS/Toystack/dopams-backend-staging/node_modules/@types/nodemailer/lib/mailer'.
======== Module name '../mime-node' was successfully resolved to 'd:/DOPAMS/Toystack/dopams-backend-staging/node_modules/@types/nodemailer/lib/mime-node/index.d.ts'. ========
File 'd:/DOPAMS/Toystack/dopams-backend-staging/node_modules/@types/nodemailer/lib/xoauth2/package.json' does not exist according to earlier cached lookups.
File 'd:/DOPAMS/Toystack/dopams-backend-staging/node_modules/@types/nodemailer/lib/package.json' does not exist according to earlier cached lookups.
File 'd:/DOPAMS/Toystack/dopams-backend-staging/node_modules/@types/nodemailer/package.json' exists according to earlier cached lookups.
======== Resolving type reference directive 'node', containing file 'd:/DOPAMS/Toystack/dopams-backend-staging/node_modules/@types/nodemailer/lib/xoauth2/index.d.ts', root directory 'd:/DOPAMS/Toystack/dopams-backend-staging/node_modules/@types,d:/DOPAMS/Toystack/node_modules/@types,d:/DOPAMS/node_modules/@types,d:/node_modules/@types'. ========
Resolving with primary search path 'd:/DOPAMS/Toystack/dopams-backend-staging/node_modules/@types, d:/DOPAMS/Toystack/node_modules/@types, d:/DOPAMS/node_modules/@types, d:/node_modules/@types'.
File 'd:/DOPAMS/Toystack/dopams-backend-staging/node_modules/@types/node/package.json' exists according to earlier cached lookups.
'package.json' does not have a 'typings' field.
'package.json' has 'types' field 'index.d.ts' that references 'd:/DOPAMS/Toystack/dopams-backend-staging/node_modules/@types/node/index.d.ts'.
File 'd:/DOPAMS/Toystack/dopams-backend-staging/node_modules/@types/node/index.d.ts' exists - use it as a name resolution result.
Resolving real path for 'd:/DOPAMS/Toystack/dopams-backend-staging/node_modules/@types/node/index.d.ts', result 'D:/DOPAMS/Toystack/dopams-backend-staging/node_modules/@types/node/index.d.ts'.
======== Type reference directive 'node' was successfully resolved to 'd:/DOPAMS/Toystack/dopams-backend-staging/node_modules/@types/node/index.d.ts' with Package ID '@types/node/index.d.ts@22.19.10', primary: true. ========
======== Resolving module 'http' from 'd:/DOPAMS/Toystack/dopams-backend-staging/node_modules/@types/nodemailer/lib/xoauth2/index.d.ts'. ========
Explicitly specified module resolution kind: 'Node10'.
'baseUrl' option is set to 'd:/DOPAMS/Toystack/dopams-backend-staging/src', using this value to resolve non-relative module name 'http'.
'paths' option is specified, looking for a pattern to match module name 'http'.
'baseUrl' option is set to 'd:/DOPAMS/Toystack/dopams-backend-staging/src', using this value to resolve non-relative module name 'http'.
Resolving module name 'http' relative to base url 'd:/DOPAMS/Toystack/dopams-backend-staging/src' - 'd:/DOPAMS/Toystack/dopams-backend-staging/src/http'.
Loading module as file / folder, candidate module location 'd:/DOPAMS/Toystack/dopams-backend-staging/src/http', target file types: TypeScript, Declaration.
File 'd:/DOPAMS/Toystack/dopams-backend-staging/src/http.ts' does not exist.
File 'd:/DOPAMS/Toystack/dopams-backend-staging/src/http.tsx' does not exist.
File 'd:/DOPAMS/Toystack/dopams-backend-staging/src/http.d.ts' does not exist.
Directory 'd:/DOPAMS/Toystack/dopams-backend-staging/src/http' does not exist, skipping all lookups in it.
Loading module 'http' from 'node_modules' folder, target file types: TypeScript, Declaration.
Searching all ancestor node_modules directories for preferred extensions: TypeScript, Declaration.
Directory 'd:/DOPAMS/Toystack/dopams-backend-staging/node_modules/@types/nodemailer/lib/xoauth2/node_modules' does not exist, skipping all lookups in it.
Directory 'd:/DOPAMS/Toystack/dopams-backend-staging/node_modules/@types/nodemailer/lib/node_modules' does not exist, skipping all lookups in it.
Directory 'd:/DOPAMS/Toystack/dopams-backend-staging/node_modules/@types/nodemailer/node_modules' does not exist, skipping all lookups in it.
Resolution for module 'http' was found in cache from location 'd:/DOPAMS/Toystack/dopams-backend-staging/node_modules/@types'.
======== Module name 'http' was not resolved. ========
======== Resolving module 'stream' from 'd:/DOPAMS/Toystack/dopams-backend-staging/node_modules/@types/nodemailer/lib/xoauth2/index.d.ts'. ========
Explicitly specified module resolution kind: 'Node10'.
'baseUrl' option is set to 'd:/DOPAMS/Toystack/dopams-backend-staging/src', using this value to resolve non-relative module name 'stream'.
'paths' option is specified, looking for a pattern to match module name 'stream'.
'baseUrl' option is set to 'd:/DOPAMS/Toystack/dopams-backend-staging/src', using this value to resolve non-relative module name 'stream'.
Resolving module name 'stream' relative to base url 'd:/DOPAMS/Toystack/dopams-backend-staging/src' - 'd:/DOPAMS/Toystack/dopams-backend-staging/src/stream'.
Loading module as file / folder, candidate module location 'd:/DOPAMS/Toystack/dopams-backend-staging/src/stream', target file types: TypeScript, Declaration.
File 'd:/DOPAMS/Toystack/dopams-backend-staging/src/stream.ts' does not exist.
File 'd:/DOPAMS/Toystack/dopams-backend-staging/src/stream.tsx' does not exist.
File 'd:/DOPAMS/Toystack/dopams-backend-staging/src/stream.d.ts' does not exist.
Directory 'd:/DOPAMS/Toystack/dopams-backend-staging/src/stream' does not exist, skipping all lookups in it.
Loading module 'stream' from 'node_modules' folder, target file types: TypeScript, Declaration.
Searching all ancestor node_modules directories for preferred extensions: TypeScript, Declaration.
Directory 'd:/DOPAMS/Toystack/dopams-backend-staging/node_modules/@types/nodemailer/lib/xoauth2/node_modules' does not exist, skipping all lookups in it.
Resolution for module 'stream' was found in cache from location 'd:/DOPAMS/Toystack/dopams-backend-staging/node_modules/@types/nodemailer/lib'.
======== Module name 'stream' was not resolved. ========
======== Resolving module '../shared' from 'd:/DOPAMS/Toystack/dopams-backend-staging/node_modules/@types/nodemailer/lib/xoauth2/index.d.ts'. ========
Explicitly specified module resolution kind: 'Node10'.
Loading module as file / folder, candidate module location 'd:/DOPAMS/Toystack/dopams-backend-staging/node_modules/@types/nodemailer/lib/shared', target file types: TypeScript, Declaration.
File 'd:/DOPAMS/Toystack/dopams-backend-staging/node_modules/@types/nodemailer/lib/shared.ts' does not exist.
File 'd:/DOPAMS/Toystack/dopams-backend-staging/node_modules/@types/nodemailer/lib/shared.tsx' does not exist.
File 'd:/DOPAMS/Toystack/dopams-backend-staging/node_modules/@types/nodemailer/lib/shared.d.ts' does not exist.
File 'd:/DOPAMS/Toystack/dopams-backend-staging/node_modules/@types/nodemailer/lib/shared/package.json' does not exist according to earlier cached lookups.
File 'd:/DOPAMS/Toystack/dopams-backend-staging/node_modules/@types/nodemailer/lib/shared/index.ts' does not exist.
File 'd:/DOPAMS/Toystack/dopams-backend-staging/node_modules/@types/nodemailer/lib/shared/index.tsx' does not exist.
File 'd:/DOPAMS/Toystack/dopams-backend-staging/node_modules/@types/nodemailer/lib/shared/index.d.ts' exists - use it as a name resolution result.
======== Module name '../shared' was successfully resolved to 'd:/DOPAMS/Toystack/dopams-backend-staging/node_modules/@types/nodemailer/lib/shared/index.d.ts'. ========
File 'd:/DOPAMS/Toystack/dopams-backend-staging/node_modules/@types/nodemailer/lib/sendmail-transport/package.json' does not exist according to earlier cached lookups.
File 'd:/DOPAMS/Toystack/dopams-backend-staging/node_modules/@types/nodemailer/lib/package.json' does not exist according to earlier cached lookups.
File 'd:/DOPAMS/Toystack/dopams-backend-staging/node_modules/@types/nodemailer/package.json' exists according to earlier cached lookups.
======== Resolving type reference directive 'node', containing file 'd:/DOPAMS/Toystack/dopams-backend-staging/node_modules/@types/nodemailer/lib/sendmail-transport/index.d.ts', root directory 'd:/DOPAMS/Toystack/dopams-backend-staging/node_modules/@types,d:/DOPAMS/Toystack/node_modules/@types,d:/DOPAMS/node_modules/@types,d:/node_modules/@types'. ========
Resolving with primary search path 'd:/DOPAMS/Toystack/dopams-backend-staging/node_modules/@types, d:/DOPAMS/Toystack/node_modules/@types, d:/DOPAMS/node_modules/@types, d:/node_modules/@types'.
File 'd:/DOPAMS/Toystack/dopams-backend-staging/node_modules/@types/node/package.json' exists according to earlier cached lookups.
'package.json' does not have a 'typings' field.
'package.json' has 'types' field 'index.d.ts' that references 'd:/DOPAMS/Toystack/dopams-backend-staging/node_modules/@types/node/index.d.ts'.
File 'd:/DOPAMS/Toystack/dopams-backend-staging/node_modules/@types/node/index.d.ts' exists - use it as a name resolution result.
Resolving real path for 'd:/DOPAMS/Toystack/dopams-backend-staging/node_modules/@types/node/index.d.ts', result 'D:/DOPAMS/Toystack/dopams-backend-staging/node_modules/@types/node/index.d.ts'.
======== Type reference directive 'node' was successfully resolved to 'd:/DOPAMS/Toystack/dopams-backend-staging/node_modules/@types/node/index.d.ts' with Package ID '@types/node/index.d.ts@22.19.10', primary: true. ========
======== Resolving module '../..' from 'd:/DOPAMS/Toystack/dopams-backend-staging/node_modules/@types/nodemailer/lib/sendmail-transport/index.d.ts'. ========
Explicitly specified module resolution kind: 'Node10'.
Loading module as file / folder, candidate module location 'd:/DOPAMS/Toystack/dopams-backend-staging/node_modules/@types/nodemailer/', target file types: TypeScript, Declaration.
File 'd:/DOPAMS/Toystack/dopams-backend-staging/node_modules/@types/nodemailer/package.json' exists according to earlier cached lookups.
'package.json' does not have a 'typings' field.
'package.json' has 'types' field 'index.d.ts' that references 'd:/DOPAMS/Toystack/dopams-backend-staging/node_modules/@types/nodemailer/index.d.ts'.
File 'd:/DOPAMS/Toystack/dopams-backend-staging/node_modules/@types/nodemailer/index.d.ts' exists - use it as a name resolution result.
======== Module name '../..' was successfully resolved to 'd:/DOPAMS/Toystack/dopams-backend-staging/node_modules/@types/nodemailer/index.d.ts' with Package ID '@types/nodemailer/ndex.d.ts@6.4.22'. ========
======== Resolving module '../shared' from 'd:/DOPAMS/Toystack/dopams-backend-staging/node_modules/@types/nodemailer/lib/sendmail-transport/index.d.ts'. ========
Explicitly specified module resolution kind: 'Node10'.
Loading module as file / folder, candidate module location 'd:/DOPAMS/Toystack/dopams-backend-staging/node_modules/@types/nodemailer/lib/shared', target file types: TypeScript, Declaration.
File 'd:/DOPAMS/Toystack/dopams-backend-staging/node_modules/@types/nodemailer/lib/shared.ts' does not exist.
File 'd:/DOPAMS/Toystack/dopams-backend-staging/node_modules/@types/nodemailer/lib/shared.tsx' does not exist.
File 'd:/DOPAMS/Toystack/dopams-backend-staging/node_modules/@types/nodemailer/lib/shared.d.ts' does not exist.
File 'd:/DOPAMS/Toystack/dopams-backend-staging/node_modules/@types/nodemailer/lib/shared/package.json' does not exist according to earlier cached lookups.
File 'd:/DOPAMS/Toystack/dopams-backend-staging/node_modules/@types/nodemailer/lib/shared/index.ts' does not exist.
File 'd:/DOPAMS/Toystack/dopams-backend-staging/node_modules/@types/nodemailer/lib/shared/index.tsx' does not exist.
File 'd:/DOPAMS/Toystack/dopams-backend-staging/node_modules/@types/nodemailer/lib/shared/index.d.ts' exists - use it as a name resolution result.
======== Module name '../shared' was successfully resolved to 'd:/DOPAMS/Toystack/dopams-backend-staging/node_modules/@types/nodemailer/lib/shared/index.d.ts'. ========
======== Resolving module '../mailer' from 'd:/DOPAMS/Toystack/dopams-backend-staging/node_modules/@types/nodemailer/lib/sendmail-transport/index.d.ts'. ========
Explicitly specified module resolution kind: 'Node10'.
Loading module as file / folder, candidate module location 'd:/DOPAMS/Toystack/dopams-backend-staging/node_modules/@types/nodemailer/lib/mailer', target file types: TypeScript, Declaration.
File 'd:/DOPAMS/Toystack/dopams-backend-staging/node_modules/@types/nodemailer/lib/mailer.ts' does not exist.
File 'd:/DOPAMS/Toystack/dopams-backend-staging/node_modules/@types/nodemailer/lib/mailer.tsx' does not exist.
File 'd:/DOPAMS/Toystack/dopams-backend-staging/node_modules/@types/nodemailer/lib/mailer.d.ts' does not exist.
File 'd:/DOPAMS/Toystack/dopams-backend-staging/node_modules/@types/nodemailer/lib/mailer/package.json' does not exist according to earlier cached lookups.
File 'd:/DOPAMS/Toystack/dopams-backend-staging/node_modules/@types/nodemailer/lib/mailer/index.ts' does not exist.
File 'd:/DOPAMS/Toystack/dopams-backend-staging/node_modules/@types/nodemailer/lib/mailer/index.tsx' does not exist.
File 'd:/DOPAMS/Toystack/dopams-backend-staging/node_modules/@types/nodemailer/lib/mailer/index.d.ts' exists - use it as a name resolution result.
======== Module name '../mailer' was successfully resolved to 'd:/DOPAMS/Toystack/dopams-backend-staging/node_modules/@types/nodemailer/lib/mailer/index.d.ts'. ========
======== Resolving module '../mailer/mail-message' from 'd:/DOPAMS/Toystack/dopams-backend-staging/node_modules/@types/nodemailer/lib/sendmail-transport/index.d.ts'. ========
Explicitly specified module resolution kind: 'Node10'.
Loading module as file / folder, candidate module location 'd:/DOPAMS/Toystack/dopams-backend-staging/node_modules/@types/nodemailer/lib/mailer/mail-message', target file types: TypeScript, Declaration.
File 'd:/DOPAMS/Toystack/dopams-backend-staging/node_modules/@types/nodemailer/lib/mailer/mail-message.ts' does not exist.
File 'd:/DOPAMS/Toystack/dopams-backend-staging/node_modules/@types/nodemailer/lib/mailer/mail-message.tsx' does not exist.
File 'd:/DOPAMS/Toystack/dopams-backend-staging/node_modules/@types/nodemailer/lib/mailer/mail-message.d.ts' exists - use it as a name resolution result.
File 'd:/DOPAMS/Toystack/dopams-backend-staging/node_modules/@types/nodemailer/package.json' exists according to earlier cached lookups.
======== Module name '../mailer/mail-message' was successfully resolved to 'd:/DOPAMS/Toystack/dopams-backend-staging/node_modules/@types/nodemailer/lib/mailer/mail-message.d.ts' with Package ID '@types/nodemailer/lib/mailer/mail-message.d.ts@6.4.22'. ========
======== Resolving module '../mime-node' from 'd:/DOPAMS/Toystack/dopams-backend-staging/node_modules/@types/nodemailer/lib/sendmail-transport/index.d.ts'. ========
Explicitly specified module resolution kind: 'Node10'.
Loading module as file / folder, candidate module location 'd:/DOPAMS/Toystack/dopams-backend-staging/node_modules/@types/nodemailer/lib/mime-node', target file types: TypeScript, Declaration.
File 'd:/DOPAMS/Toystack/dopams-backend-staging/node_modules/@types/nodemailer/lib/mime-node.ts' does not exist.
File 'd:/DOPAMS/Toystack/dopams-backend-staging/node_modules/@types/nodemailer/lib/mime-node.tsx' does not exist.
File 'd:/DOPAMS/Toystack/dopams-backend-staging/node_modules/@types/nodemailer/lib/mime-node.d.ts' does not exist.
File 'd:/DOPAMS/Toystack/dopams-backend-staging/node_modules/@types/nodemailer/lib/mime-node/package.json' does not exist according to earlier cached lookups.
File 'd:/DOPAMS/Toystack/dopams-backend-staging/node_modules/@types/nodemailer/lib/mime-node/index.ts' does not exist.
File 'd:/DOPAMS/Toystack/dopams-backend-staging/node_modules/@types/nodemailer/lib/mime-node/index.tsx' does not exist.
File 'd:/DOPAMS/Toystack/dopams-backend-staging/node_modules/@types/nodemailer/lib/mime-node/index.d.ts' exists - use it as a name resolution result.
======== Module name '../mime-node' was successfully resolved to 'd:/DOPAMS/Toystack/dopams-backend-staging/node_modules/@types/nodemailer/lib/mime-node/index.d.ts'. ========
File 'd:/DOPAMS/Toystack/dopams-backend-staging/node_modules/@types/nodemailer/lib/ses-transport/package.json' does not exist according to earlier cached lookups.
File 'd:/DOPAMS/Toystack/dopams-backend-staging/node_modules/@types/nodemailer/lib/package.json' does not exist according to earlier cached lookups.
File 'd:/DOPAMS/Toystack/dopams-backend-staging/node_modules/@types/nodemailer/package.json' exists according to earlier cached lookups.
======== Resolving type reference directive 'node', containing file 'd:/DOPAMS/Toystack/dopams-backend-staging/node_modules/@types/nodemailer/lib/ses-transport/index.d.ts', root directory 'd:/DOPAMS/Toystack/dopams-backend-staging/node_modules/@types,d:/DOPAMS/Toystack/node_modules/@types,d:/DOPAMS/node_modules/@types,d:/node_modules/@types'. ========
Resolving with primary search path 'd:/DOPAMS/Toystack/dopams-backend-staging/node_modules/@types, d:/DOPAMS/Toystack/node_modules/@types, d:/DOPAMS/node_modules/@types, d:/node_modules/@types'.
File 'd:/DOPAMS/Toystack/dopams-backend-staging/node_modules/@types/node/package.json' exists according to earlier cached lookups.
'package.json' does not have a 'typings' field.
'package.json' has 'types' field 'index.d.ts' that references 'd:/DOPAMS/Toystack/dopams-backend-staging/node_modules/@types/node/index.d.ts'.
File 'd:/DOPAMS/Toystack/dopams-backend-staging/node_modules/@types/node/index.d.ts' exists - use it as a name resolution result.
Resolving real path for 'd:/DOPAMS/Toystack/dopams-backend-staging/node_modules/@types/node/index.d.ts', result 'D:/DOPAMS/Toystack/dopams-backend-staging/node_modules/@types/node/index.d.ts'.
======== Type reference directive 'node' was successfully resolved to 'd:/DOPAMS/Toystack/dopams-backend-staging/node_modules/@types/node/index.d.ts' with Package ID '@types/node/index.d.ts@22.19.10', primary: true. ========
======== Resolving module 'node:events' from 'd:/DOPAMS/Toystack/dopams-backend-staging/node_modules/@types/nodemailer/lib/ses-transport/index.d.ts'. ========
Explicitly specified module resolution kind: 'Node10'.
'baseUrl' option is set to 'd:/DOPAMS/Toystack/dopams-backend-staging/src', using this value to resolve non-relative module name 'node:events'.
'paths' option is specified, looking for a pattern to match module name 'node:events'.
'baseUrl' option is set to 'd:/DOPAMS/Toystack/dopams-backend-staging/src', using this value to resolve non-relative module name 'node:events'.
Resolving module name 'node:events' relative to base url 'd:/DOPAMS/Toystack/dopams-backend-staging/src' - 'd:/DOPAMS/Toystack/dopams-backend-staging/src/node:events'.
Loading module as file / folder, candidate module location 'd:/DOPAMS/Toystack/dopams-backend-staging/src/node:events', target file types: TypeScript, Declaration.
File 'd:/DOPAMS/Toystack/dopams-backend-staging/src/node:events.ts' does not exist.
File 'd:/DOPAMS/Toystack/dopams-backend-staging/src/node:events.tsx' does not exist.
File 'd:/DOPAMS/Toystack/dopams-backend-staging/src/node:events.d.ts' does not exist.
Directory 'd:/DOPAMS/Toystack/dopams-backend-staging/src/node:events' does not exist, skipping all lookups in it.
Skipping module 'node:events' that looks like an absolute URI, target file types: TypeScript, Declaration.
'baseUrl' option is set to 'd:/DOPAMS/Toystack/dopams-backend-staging/src', using this value to resolve non-relative module name 'node:events'.
'paths' option is specified, looking for a pattern to match module name 'node:events'.
'baseUrl' option is set to 'd:/DOPAMS/Toystack/dopams-backend-staging/src', using this value to resolve non-relative module name 'node:events'.
Resolving module name 'node:events' relative to base url 'd:/DOPAMS/Toystack/dopams-backend-staging/src' - 'd:/DOPAMS/Toystack/dopams-backend-staging/src/node:events'.
Loading module as file / folder, candidate module location 'd:/DOPAMS/Toystack/dopams-backend-staging/src/node:events', target file types: JavaScript, JSON.
File 'd:/DOPAMS/Toystack/dopams-backend-staging/src/node:events.js' does not exist.
File 'd:/DOPAMS/Toystack/dopams-backend-staging/src/node:events.jsx' does not exist.
Directory 'd:/DOPAMS/Toystack/dopams-backend-staging/src/node:events' does not exist, skipping all lookups in it.
Skipping module 'node:events' that looks like an absolute URI, target file types: JavaScript, JSON.
======== Module name 'node:events' was not resolved. ========
======== Resolving module '../..' from 'd:/DOPAMS/Toystack/dopams-backend-staging/node_modules/@types/nodemailer/lib/ses-transport/index.d.ts'. ========
Explicitly specified module resolution kind: 'Node10'.
Loading module as file / folder, candidate module location 'd:/DOPAMS/Toystack/dopams-backend-staging/node_modules/@types/nodemailer/', target file types: TypeScript, Declaration.
File 'd:/DOPAMS/Toystack/dopams-backend-staging/node_modules/@types/nodemailer/package.json' exists according to earlier cached lookups.
'package.json' does not have a 'typings' field.
'package.json' has 'types' field 'index.d.ts' that references 'd:/DOPAMS/Toystack/dopams-backend-staging/node_modules/@types/nodemailer/index.d.ts'.
File 'd:/DOPAMS/Toystack/dopams-backend-staging/node_modules/@types/nodemailer/index.d.ts' exists - use it as a name resolution result.
======== Module name '../..' was successfully resolved to 'd:/DOPAMS/Toystack/dopams-backend-staging/node_modules/@types/nodemailer/index.d.ts' with Package ID '@types/nodemailer/ndex.d.ts@6.4.22'. ========
======== Resolving module '../shared' from 'd:/DOPAMS/Toystack/dopams-backend-staging/node_modules/@types/nodemailer/lib/ses-transport/index.d.ts'. ========
Explicitly specified module resolution kind: 'Node10'.
Loading module as file / folder, candidate module location 'd:/DOPAMS/Toystack/dopams-backend-staging/node_modules/@types/nodemailer/lib/shared', target file types: TypeScript, Declaration.
File 'd:/DOPAMS/Toystack/dopams-backend-staging/node_modules/@types/nodemailer/lib/shared.ts' does not exist.
File 'd:/DOPAMS/Toystack/dopams-backend-staging/node_modules/@types/nodemailer/lib/shared.tsx' does not exist.
File 'd:/DOPAMS/Toystack/dopams-backend-staging/node_modules/@types/nodemailer/lib/shared.d.ts' does not exist.
File 'd:/DOPAMS/Toystack/dopams-backend-staging/node_modules/@types/nodemailer/lib/shared/package.json' does not exist according to earlier cached lookups.
File 'd:/DOPAMS/Toystack/dopams-backend-staging/node_modules/@types/nodemailer/lib/shared/index.ts' does not exist.
File 'd:/DOPAMS/Toystack/dopams-backend-staging/node_modules/@types/nodemailer/lib/shared/index.tsx' does not exist.
File 'd:/DOPAMS/Toystack/dopams-backend-staging/node_modules/@types/nodemailer/lib/shared/index.d.ts' exists - use it as a name resolution result.
======== Module name '../shared' was successfully resolved to 'd:/DOPAMS/Toystack/dopams-backend-staging/node_modules/@types/nodemailer/lib/shared/index.d.ts'. ========
======== Resolving module '../mailer' from 'd:/DOPAMS/Toystack/dopams-backend-staging/node_modules/@types/nodemailer/lib/ses-transport/index.d.ts'. ========
Explicitly specified module resolution kind: 'Node10'.
Loading module as file / folder, candidate module location 'd:/DOPAMS/Toystack/dopams-backend-staging/node_modules/@types/nodemailer/lib/mailer', target file types: TypeScript, Declaration.
File 'd:/DOPAMS/Toystack/dopams-backend-staging/node_modules/@types/nodemailer/lib/mailer.ts' does not exist.
File 'd:/DOPAMS/Toystack/dopams-backend-staging/node_modules/@types/nodemailer/lib/mailer.tsx' does not exist.
File 'd:/DOPAMS/Toystack/dopams-backend-staging/node_modules/@types/nodemailer/lib/mailer.d.ts' does not exist.
File 'd:/DOPAMS/Toystack/dopams-backend-staging/node_modules/@types/nodemailer/lib/mailer/package.json' does not exist according to earlier cached lookups.
File 'd:/DOPAMS/Toystack/dopams-backend-staging/node_modules/@types/nodemailer/lib/mailer/index.ts' does not exist.
File 'd:/DOPAMS/Toystack/dopams-backend-staging/node_modules/@types/nodemailer/lib/mailer/index.tsx' does not exist.
File 'd:/DOPAMS/Toystack/dopams-backend-staging/node_modules/@types/nodemailer/lib/mailer/index.d.ts' exists - use it as a name resolution result.
======== Module name '../mailer' was successfully resolved to 'd:/DOPAMS/Toystack/dopams-backend-staging/node_modules/@types/nodemailer/lib/mailer/index.d.ts'. ========
======== Resolving module '../mailer/mail-message' from 'd:/DOPAMS/Toystack/dopams-backend-staging/node_modules/@types/nodemailer/lib/ses-transport/index.d.ts'. ========
Explicitly specified module resolution kind: 'Node10'.
Loading module as file / folder, candidate module location 'd:/DOPAMS/Toystack/dopams-backend-staging/node_modules/@types/nodemailer/lib/mailer/mail-message', target file types: TypeScript, Declaration.
File 'd:/DOPAMS/Toystack/dopams-backend-staging/node_modules/@types/nodemailer/lib/mailer/mail-message.ts' does not exist.
File 'd:/DOPAMS/Toystack/dopams-backend-staging/node_modules/@types/nodemailer/lib/mailer/mail-message.tsx' does not exist.
File 'd:/DOPAMS/Toystack/dopams-backend-staging/node_modules/@types/nodemailer/lib/mailer/mail-message.d.ts' exists - use it as a name resolution result.
File 'd:/DOPAMS/Toystack/dopams-backend-staging/node_modules/@types/nodemailer/package.json' exists according to earlier cached lookups.
======== Module name '../mailer/mail-message' was successfully resolved to 'd:/DOPAMS/Toystack/dopams-backend-staging/node_modules/@types/nodemailer/lib/mailer/mail-message.d.ts' with Package ID '@types/nodemailer/lib/mailer/mail-message.d.ts@6.4.22'. ========
======== Resolving module '../mime-node' from 'd:/DOPAMS/Toystack/dopams-backend-staging/node_modules/@types/nodemailer/lib/ses-transport/index.d.ts'. ========
Explicitly specified module resolution kind: 'Node10'.
Loading module as file / folder, candidate module location 'd:/DOPAMS/Toystack/dopams-backend-staging/node_modules/@types/nodemailer/lib/mime-node', target file types: TypeScript, Declaration.
File 'd:/DOPAMS/Toystack/dopams-backend-staging/node_modules/@types/nodemailer/lib/mime-node.ts' does not exist.
File 'd:/DOPAMS/Toystack/dopams-backend-staging/node_modules/@types/nodemailer/lib/mime-node.tsx' does not exist.
File 'd:/DOPAMS/Toystack/dopams-backend-staging/node_modules/@types/nodemailer/lib/mime-node.d.ts' does not exist.
File 'd:/DOPAMS/Toystack/dopams-backend-staging/node_modules/@types/nodemailer/lib/mime-node/package.json' does not exist according to earlier cached lookups.
File 'd:/DOPAMS/Toystack/dopams-backend-staging/node_modules/@types/nodemailer/lib/mime-node/index.ts' does not exist.
File 'd:/DOPAMS/Toystack/dopams-backend-staging/node_modules/@types/nodemailer/lib/mime-node/index.tsx' does not exist.
File 'd:/DOPAMS/Toystack/dopams-backend-staging/node_modules/@types/nodemailer/lib/mime-node/index.d.ts' exists - use it as a name resolution result.
======== Module name '../mime-node' was successfully resolved to 'd:/DOPAMS/Toystack/dopams-backend-staging/node_modules/@types/nodemailer/lib/mime-node/index.d.ts'. ========
File 'd:/DOPAMS/Toystack/dopams-backend-staging/node_modules/@types/nodemailer/lib/smtp-pool/package.json' does not exist according to earlier cached lookups.
File 'd:/DOPAMS/Toystack/dopams-backend-staging/node_modules/@types/nodemailer/lib/package.json' does not exist according to earlier cached lookups.
File 'd:/DOPAMS/Toystack/dopams-backend-staging/node_modules/@types/nodemailer/package.json' exists according to earlier cached lookups.
======== Resolving type reference directive 'node', containing file 'd:/DOPAMS/Toystack/dopams-backend-staging/node_modules/@types/nodemailer/lib/smtp-pool/index.d.ts', root directory 'd:/DOPAMS/Toystack/dopams-backend-staging/node_modules/@types,d:/DOPAMS/Toystack/node_modules/@types,d:/DOPAMS/node_modules/@types,d:/node_modules/@types'. ========
Resolving with primary search path 'd:/DOPAMS/Toystack/dopams-backend-staging/node_modules/@types, d:/DOPAMS/Toystack/node_modules/@types, d:/DOPAMS/node_modules/@types, d:/node_modules/@types'.
File 'd:/DOPAMS/Toystack/dopams-backend-staging/node_modules/@types/node/package.json' exists according to earlier cached lookups.
'package.json' does not have a 'typings' field.
'package.json' has 'types' field 'index.d.ts' that references 'd:/DOPAMS/Toystack/dopams-backend-staging/node_modules/@types/node/index.d.ts'.
File 'd:/DOPAMS/Toystack/dopams-backend-staging/node_modules/@types/node/index.d.ts' exists - use it as a name resolution result.
Resolving real path for 'd:/DOPAMS/Toystack/dopams-backend-staging/node_modules/@types/node/index.d.ts', result 'D:/DOPAMS/Toystack/dopams-backend-staging/node_modules/@types/node/index.d.ts'.
======== Type reference directive 'node' was successfully resolved to 'd:/DOPAMS/Toystack/dopams-backend-staging/node_modules/@types/node/index.d.ts' with Package ID '@types/node/index.d.ts@22.19.10', primary: true. ========
======== Resolving module 'events' from 'd:/DOPAMS/Toystack/dopams-backend-staging/node_modules/@types/nodemailer/lib/smtp-pool/index.d.ts'. ========
Explicitly specified module resolution kind: 'Node10'.
'baseUrl' option is set to 'd:/DOPAMS/Toystack/dopams-backend-staging/src', using this value to resolve non-relative module name 'events'.
'paths' option is specified, looking for a pattern to match module name 'events'.
'baseUrl' option is set to 'd:/DOPAMS/Toystack/dopams-backend-staging/src', using this value to resolve non-relative module name 'events'.
Resolving module name 'events' relative to base url 'd:/DOPAMS/Toystack/dopams-backend-staging/src' - 'd:/DOPAMS/Toystack/dopams-backend-staging/src/events'.
Loading module as file / folder, candidate module location 'd:/DOPAMS/Toystack/dopams-backend-staging/src/events', target file types: TypeScript, Declaration.
File 'd:/DOPAMS/Toystack/dopams-backend-staging/src/events.ts' does not exist.
File 'd:/DOPAMS/Toystack/dopams-backend-staging/src/events.tsx' does not exist.
File 'd:/DOPAMS/Toystack/dopams-backend-staging/src/events.d.ts' does not exist.
Directory 'd:/DOPAMS/Toystack/dopams-backend-staging/src/events' does not exist, skipping all lookups in it.
Loading module 'events' from 'node_modules' folder, target file types: TypeScript, Declaration.
Searching all ancestor node_modules directories for preferred extensions: TypeScript, Declaration.
Directory 'd:/DOPAMS/Toystack/dopams-backend-staging/node_modules/@types/nodemailer/lib/smtp-pool/node_modules' does not exist, skipping all lookups in it.
Resolution for module 'events' was found in cache from location 'd:/DOPAMS/Toystack/dopams-backend-staging/node_modules/@types/nodemailer/lib'.
======== Module name 'events' was successfully resolved to 'd:/DOPAMS/Toystack/dopams-backend-staging/node_modules/events/events.js' with Package ID 'events/events.js@1.1.1'. ========
======== Resolving module '../..' from 'd:/DOPAMS/Toystack/dopams-backend-staging/node_modules/@types/nodemailer/lib/smtp-pool/index.d.ts'. ========
Explicitly specified module resolution kind: 'Node10'.
Loading module as file / folder, candidate module location 'd:/DOPAMS/Toystack/dopams-backend-staging/node_modules/@types/nodemailer/', target file types: TypeScript, Declaration.
File 'd:/DOPAMS/Toystack/dopams-backend-staging/node_modules/@types/nodemailer/package.json' exists according to earlier cached lookups.
'package.json' does not have a 'typings' field.
'package.json' has 'types' field 'index.d.ts' that references 'd:/DOPAMS/Toystack/dopams-backend-staging/node_modules/@types/nodemailer/index.d.ts'.
File 'd:/DOPAMS/Toystack/dopams-backend-staging/node_modules/@types/nodemailer/index.d.ts' exists - use it as a name resolution result.
======== Module name '../..' was successfully resolved to 'd:/DOPAMS/Toystack/dopams-backend-staging/node_modules/@types/nodemailer/index.d.ts' with Package ID '@types/nodemailer/ndex.d.ts@6.4.22'. ========
======== Resolving module '../shared' from 'd:/DOPAMS/Toystack/dopams-backend-staging/node_modules/@types/nodemailer/lib/smtp-pool/index.d.ts'. ========
Explicitly specified module resolution kind: 'Node10'.
Loading module as file / folder, candidate module location 'd:/DOPAMS/Toystack/dopams-backend-staging/node_modules/@types/nodemailer/lib/shared', target file types: TypeScript, Declaration.
File 'd:/DOPAMS/Toystack/dopams-backend-staging/node_modules/@types/nodemailer/lib/shared.ts' does not exist.
File 'd:/DOPAMS/Toystack/dopams-backend-staging/node_modules/@types/nodemailer/lib/shared.tsx' does not exist.
File 'd:/DOPAMS/Toystack/dopams-backend-staging/node_modules/@types/nodemailer/lib/shared.d.ts' does not exist.
File 'd:/DOPAMS/Toystack/dopams-backend-staging/node_modules/@types/nodemailer/lib/shared/package.json' does not exist according to earlier cached lookups.
File 'd:/DOPAMS/Toystack/dopams-backend-staging/node_modules/@types/nodemailer/lib/shared/index.ts' does not exist.
File 'd:/DOPAMS/Toystack/dopams-backend-staging/node_modules/@types/nodemailer/lib/shared/index.tsx' does not exist.
File 'd:/DOPAMS/Toystack/dopams-backend-staging/node_modules/@types/nodemailer/lib/shared/index.d.ts' exists - use it as a name resolution result.
======== Module name '../shared' was successfully resolved to 'd:/DOPAMS/Toystack/dopams-backend-staging/node_modules/@types/nodemailer/lib/shared/index.d.ts'. ========
======== Resolving module '../mailer' from 'd:/DOPAMS/Toystack/dopams-backend-staging/node_modules/@types/nodemailer/lib/smtp-pool/index.d.ts'. ========
Explicitly specified module resolution kind: 'Node10'.
Loading module as file / folder, candidate module location 'd:/DOPAMS/Toystack/dopams-backend-staging/node_modules/@types/nodemailer/lib/mailer', target file types: TypeScript, Declaration.
File 'd:/DOPAMS/Toystack/dopams-backend-staging/node_modules/@types/nodemailer/lib/mailer.ts' does not exist.
File 'd:/DOPAMS/Toystack/dopams-backend-staging/node_modules/@types/nodemailer/lib/mailer.tsx' does not exist.
File 'd:/DOPAMS/Toystack/dopams-backend-staging/node_modules/@types/nodemailer/lib/mailer.d.ts' does not exist.
File 'd:/DOPAMS/Toystack/dopams-backend-staging/node_modules/@types/nodemailer/lib/mailer/package.json' does not exist according to earlier cached lookups.
File 'd:/DOPAMS/Toystack/dopams-backend-staging/node_modules/@types/nodemailer/lib/mailer/index.ts' does not exist.
File 'd:/DOPAMS/Toystack/dopams-backend-staging/node_modules/@types/nodemailer/lib/mailer/index.tsx' does not exist.
File 'd:/DOPAMS/Toystack/dopams-backend-staging/node_modules/@types/nodemailer/lib/mailer/index.d.ts' exists - use it as a name resolution result.
======== Module name '../mailer' was successfully resolved to 'd:/DOPAMS/Toystack/dopams-backend-staging/node_modules/@types/nodemailer/lib/mailer/index.d.ts'. ========
======== Resolving module '../mailer/mail-message' from 'd:/DOPAMS/Toystack/dopams-backend-staging/node_modules/@types/nodemailer/lib/smtp-pool/index.d.ts'. ========
Explicitly specified module resolution kind: 'Node10'.
Loading module as file / folder, candidate module location 'd:/DOPAMS/Toystack/dopams-backend-staging/node_modules/@types/nodemailer/lib/mailer/mail-message', target file types: TypeScript, Declaration.
File 'd:/DOPAMS/Toystack/dopams-backend-staging/node_modules/@types/nodemailer/lib/mailer/mail-message.ts' does not exist.
File 'd:/DOPAMS/Toystack/dopams-backend-staging/node_modules/@types/nodemailer/lib/mailer/mail-message.tsx' does not exist.
File 'd:/DOPAMS/Toystack/dopams-backend-staging/node_modules/@types/nodemailer/lib/mailer/mail-message.d.ts' exists - use it as a name resolution result.
File 'd:/DOPAMS/Toystack/dopams-backend-staging/node_modules/@types/nodemailer/package.json' exists according to earlier cached lookups.
======== Module name '../mailer/mail-message' was successfully resolved to 'd:/DOPAMS/Toystack/dopams-backend-staging/node_modules/@types/nodemailer/lib/mailer/mail-message.d.ts' with Package ID '@types/nodemailer/lib/mailer/mail-message.d.ts@6.4.22'. ========
======== Resolving module '../mime-node' from 'd:/DOPAMS/Toystack/dopams-backend-staging/node_modules/@types/nodemailer/lib/smtp-pool/index.d.ts'. ========
Explicitly specified module resolution kind: 'Node10'.
Loading module as file / folder, candidate module location 'd:/DOPAMS/Toystack/dopams-backend-staging/node_modules/@types/nodemailer/lib/mime-node', target file types: TypeScript, Declaration.
File 'd:/DOPAMS/Toystack/dopams-backend-staging/node_modules/@types/nodemailer/lib/mime-node.ts' does not exist.
File 'd:/DOPAMS/Toystack/dopams-backend-staging/node_modules/@types/nodemailer/lib/mime-node.tsx' does not exist.
File 'd:/DOPAMS/Toystack/dopams-backend-staging/node_modules/@types/nodemailer/lib/mime-node.d.ts' does not exist.
File 'd:/DOPAMS/Toystack/dopams-backend-staging/node_modules/@types/nodemailer/lib/mime-node/package.json' does not exist according to earlier cached lookups.
File 'd:/DOPAMS/Toystack/dopams-backend-staging/node_modules/@types/nodemailer/lib/mime-node/index.ts' does not exist.
File 'd:/DOPAMS/Toystack/dopams-backend-staging/node_modules/@types/nodemailer/lib/mime-node/index.tsx' does not exist.
File 'd:/DOPAMS/Toystack/dopams-backend-staging/node_modules/@types/nodemailer/lib/mime-node/index.d.ts' exists - use it as a name resolution result.
======== Module name '../mime-node' was successfully resolved to 'd:/DOPAMS/Toystack/dopams-backend-staging/node_modules/@types/nodemailer/lib/mime-node/index.d.ts'. ========
======== Resolving module '../smtp-connection' from 'd:/DOPAMS/Toystack/dopams-backend-staging/node_modules/@types/nodemailer/lib/smtp-pool/index.d.ts'. ========
Explicitly specified module resolution kind: 'Node10'.
Loading module as file / folder, candidate module location 'd:/DOPAMS/Toystack/dopams-backend-staging/node_modules/@types/nodemailer/lib/smtp-connection', target file types: TypeScript, Declaration.
File 'd:/DOPAMS/Toystack/dopams-backend-staging/node_modules/@types/nodemailer/lib/smtp-connection.ts' does not exist.
File 'd:/DOPAMS/Toystack/dopams-backend-staging/node_modules/@types/nodemailer/lib/smtp-connection.tsx' does not exist.
File 'd:/DOPAMS/Toystack/dopams-backend-staging/node_modules/@types/nodemailer/lib/smtp-connection.d.ts' does not exist.
File 'd:/DOPAMS/Toystack/dopams-backend-staging/node_modules/@types/nodemailer/lib/smtp-connection/package.json' does not exist according to earlier cached lookups.
File 'd:/DOPAMS/Toystack/dopams-backend-staging/node_modules/@types/nodemailer/lib/smtp-connection/index.ts' does not exist.
File 'd:/DOPAMS/Toystack/dopams-backend-staging/node_modules/@types/nodemailer/lib/smtp-connection/index.tsx' does not exist.
File 'd:/DOPAMS/Toystack/dopams-backend-staging/node_modules/@types/nodemailer/lib/smtp-connection/index.d.ts' exists - use it as a name resolution result.
======== Module name '../smtp-connection' was successfully resolved to 'd:/DOPAMS/Toystack/dopams-backend-staging/node_modules/@types/nodemailer/lib/smtp-connection/index.d.ts'. ========
File 'd:/DOPAMS/Toystack/dopams-backend-staging/node_modules/@types/nodemailer/lib/smtp-transport/package.json' does not exist according to earlier cached lookups.
File 'd:/DOPAMS/Toystack/dopams-backend-staging/node_modules/@types/nodemailer/lib/package.json' does not exist according to earlier cached lookups.
File 'd:/DOPAMS/Toystack/dopams-backend-staging/node_modules/@types/nodemailer/package.json' exists according to earlier cached lookups.
======== Resolving type reference directive 'node', containing file 'd:/DOPAMS/Toystack/dopams-backend-staging/node_modules/@types/nodemailer/lib/smtp-transport/index.d.ts', root directory 'd:/DOPAMS/Toystack/dopams-backend-staging/node_modules/@types,d:/DOPAMS/Toystack/node_modules/@types,d:/DOPAMS/node_modules/@types,d:/node_modules/@types'. ========
Resolving with primary search path 'd:/DOPAMS/Toystack/dopams-backend-staging/node_modules/@types, d:/DOPAMS/Toystack/node_modules/@types, d:/DOPAMS/node_modules/@types, d:/node_modules/@types'.
File 'd:/DOPAMS/Toystack/dopams-backend-staging/node_modules/@types/node/package.json' exists according to earlier cached lookups.
'package.json' does not have a 'typings' field.
'package.json' has 'types' field 'index.d.ts' that references 'd:/DOPAMS/Toystack/dopams-backend-staging/node_modules/@types/node/index.d.ts'.
File 'd:/DOPAMS/Toystack/dopams-backend-staging/node_modules/@types/node/index.d.ts' exists - use it as a name resolution result.
Resolving real path for 'd:/DOPAMS/Toystack/dopams-backend-staging/node_modules/@types/node/index.d.ts', result 'D:/DOPAMS/Toystack/dopams-backend-staging/node_modules/@types/node/index.d.ts'.
======== Type reference directive 'node' was successfully resolved to 'd:/DOPAMS/Toystack/dopams-backend-staging/node_modules/@types/node/index.d.ts' with Package ID '@types/node/index.d.ts@22.19.10', primary: true. ========
======== Resolving module 'events' from 'd:/DOPAMS/Toystack/dopams-backend-staging/node_modules/@types/nodemailer/lib/smtp-transport/index.d.ts'. ========
Explicitly specified module resolution kind: 'Node10'.
'baseUrl' option is set to 'd:/DOPAMS/Toystack/dopams-backend-staging/src', using this value to resolve non-relative module name 'events'.
'paths' option is specified, looking for a pattern to match module name 'events'.
'baseUrl' option is set to 'd:/DOPAMS/Toystack/dopams-backend-staging/src', using this value to resolve non-relative module name 'events'.
Resolving module name 'events' relative to base url 'd:/DOPAMS/Toystack/dopams-backend-staging/src' - 'd:/DOPAMS/Toystack/dopams-backend-staging/src/events'.
Loading module as file / folder, candidate module location 'd:/DOPAMS/Toystack/dopams-backend-staging/src/events', target file types: TypeScript, Declaration.
File 'd:/DOPAMS/Toystack/dopams-backend-staging/src/events.ts' does not exist.
File 'd:/DOPAMS/Toystack/dopams-backend-staging/src/events.tsx' does not exist.
File 'd:/DOPAMS/Toystack/dopams-backend-staging/src/events.d.ts' does not exist.
Directory 'd:/DOPAMS/Toystack/dopams-backend-staging/src/events' does not exist, skipping all lookups in it.
Loading module 'events' from 'node_modules' folder, target file types: TypeScript, Declaration.
Searching all ancestor node_modules directories for preferred extensions: TypeScript, Declaration.
Directory 'd:/DOPAMS/Toystack/dopams-backend-staging/node_modules/@types/nodemailer/lib/smtp-transport/node_modules' does not exist, skipping all lookups in it.
Resolution for module 'events' was found in cache from location 'd:/DOPAMS/Toystack/dopams-backend-staging/node_modules/@types/nodemailer/lib'.
======== Module name 'events' was successfully resolved to 'd:/DOPAMS/Toystack/dopams-backend-staging/node_modules/events/events.js' with Package ID 'events/events.js@1.1.1'. ========
======== Resolving module 'stream' from 'd:/DOPAMS/Toystack/dopams-backend-staging/node_modules/@types/nodemailer/lib/smtp-transport/index.d.ts'. ========
Explicitly specified module resolution kind: 'Node10'.
'baseUrl' option is set to 'd:/DOPAMS/Toystack/dopams-backend-staging/src', using this value to resolve non-relative module name 'stream'.
'paths' option is specified, looking for a pattern to match module name 'stream'.
'baseUrl' option is set to 'd:/DOPAMS/Toystack/dopams-backend-staging/src', using this value to resolve non-relative module name 'stream'.
Resolving module name 'stream' relative to base url 'd:/DOPAMS/Toystack/dopams-backend-staging/src' - 'd:/DOPAMS/Toystack/dopams-backend-staging/src/stream'.
Loading module as file / folder, candidate module location 'd:/DOPAMS/Toystack/dopams-backend-staging/src/stream', target file types: TypeScript, Declaration.
File 'd:/DOPAMS/Toystack/dopams-backend-staging/src/stream.ts' does not exist.
File 'd:/DOPAMS/Toystack/dopams-backend-staging/src/stream.tsx' does not exist.
File 'd:/DOPAMS/Toystack/dopams-backend-staging/src/stream.d.ts' does not exist.
Directory 'd:/DOPAMS/Toystack/dopams-backend-staging/src/stream' does not exist, skipping all lookups in it.
Loading module 'stream' from 'node_modules' folder, target file types: TypeScript, Declaration.
Searching all ancestor node_modules directories for preferred extensions: TypeScript, Declaration.
Directory 'd:/DOPAMS/Toystack/dopams-backend-staging/node_modules/@types/nodemailer/lib/smtp-transport/node_modules' does not exist, skipping all lookups in it.
Resolution for module 'stream' was found in cache from location 'd:/DOPAMS/Toystack/dopams-backend-staging/node_modules/@types/nodemailer/lib'.
======== Module name 'stream' was not resolved. ========
======== Resolving module '../..' from 'd:/DOPAMS/Toystack/dopams-backend-staging/node_modules/@types/nodemailer/lib/smtp-transport/index.d.ts'. ========
Explicitly specified module resolution kind: 'Node10'.
Loading module as file / folder, candidate module location 'd:/DOPAMS/Toystack/dopams-backend-staging/node_modules/@types/nodemailer/', target file types: TypeScript, Declaration.
File 'd:/DOPAMS/Toystack/dopams-backend-staging/node_modules/@types/nodemailer/package.json' exists according to earlier cached lookups.
'package.json' does not have a 'typings' field.
'package.json' has 'types' field 'index.d.ts' that references 'd:/DOPAMS/Toystack/dopams-backend-staging/node_modules/@types/nodemailer/index.d.ts'.
File 'd:/DOPAMS/Toystack/dopams-backend-staging/node_modules/@types/nodemailer/index.d.ts' exists - use it as a name resolution result.
======== Module name '../..' was successfully resolved to 'd:/DOPAMS/Toystack/dopams-backend-staging/node_modules/@types/nodemailer/index.d.ts' with Package ID '@types/nodemailer/ndex.d.ts@6.4.22'. ========
======== Resolving module '../shared' from 'd:/DOPAMS/Toystack/dopams-backend-staging/node_modules/@types/nodemailer/lib/smtp-transport/index.d.ts'. ========
Explicitly specified module resolution kind: 'Node10'.
Loading module as file / folder, candidate module location 'd:/DOPAMS/Toystack/dopams-backend-staging/node_modules/@types/nodemailer/lib/shared', target file types: TypeScript, Declaration.
File 'd:/DOPAMS/Toystack/dopams-backend-staging/node_modules/@types/nodemailer/lib/shared.ts' does not exist.
File 'd:/DOPAMS/Toystack/dopams-backend-staging/node_modules/@types/nodemailer/lib/shared.tsx' does not exist.
File 'd:/DOPAMS/Toystack/dopams-backend-staging/node_modules/@types/nodemailer/lib/shared.d.ts' does not exist.
File 'd:/DOPAMS/Toystack/dopams-backend-staging/node_modules/@types/nodemailer/lib/shared/package.json' does not exist according to earlier cached lookups.
File 'd:/DOPAMS/Toystack/dopams-backend-staging/node_modules/@types/nodemailer/lib/shared/index.ts' does not exist.
File 'd:/DOPAMS/Toystack/dopams-backend-staging/node_modules/@types/nodemailer/lib/shared/index.tsx' does not exist.
File 'd:/DOPAMS/Toystack/dopams-backend-staging/node_modules/@types/nodemailer/lib/shared/index.d.ts' exists - use it as a name resolution result.
======== Module name '../shared' was successfully resolved to 'd:/DOPAMS/Toystack/dopams-backend-staging/node_modules/@types/nodemailer/lib/shared/index.d.ts'. ========
======== Resolving module '../mailer' from 'd:/DOPAMS/Toystack/dopams-backend-staging/node_modules/@types/nodemailer/lib/smtp-transport/index.d.ts'. ========
Explicitly specified module resolution kind: 'Node10'.
Loading module as file / folder, candidate module location 'd:/DOPAMS/Toystack/dopams-backend-staging/node_modules/@types/nodemailer/lib/mailer', target file types: TypeScript, Declaration.
File 'd:/DOPAMS/Toystack/dopams-backend-staging/node_modules/@types/nodemailer/lib/mailer.ts' does not exist.
File 'd:/DOPAMS/Toystack/dopams-backend-staging/node_modules/@types/nodemailer/lib/mailer.tsx' does not exist.
File 'd:/DOPAMS/Toystack/dopams-backend-staging/node_modules/@types/nodemailer/lib/mailer.d.ts' does not exist.
File 'd:/DOPAMS/Toystack/dopams-backend-staging/node_modules/@types/nodemailer/lib/mailer/package.json' does not exist according to earlier cached lookups.
File 'd:/DOPAMS/Toystack/dopams-backend-staging/node_modules/@types/nodemailer/lib/mailer/index.ts' does not exist.
File 'd:/DOPAMS/Toystack/dopams-backend-staging/node_modules/@types/nodemailer/lib/mailer/index.tsx' does not exist.
File 'd:/DOPAMS/Toystack/dopams-backend-staging/node_modules/@types/nodemailer/lib/mailer/index.d.ts' exists - use it as a name resolution result.
======== Module name '../mailer' was successfully resolved to 'd:/DOPAMS/Toystack/dopams-backend-staging/node_modules/@types/nodemailer/lib/mailer/index.d.ts'. ========
======== Resolving module '../mailer/mail-message' from 'd:/DOPAMS/Toystack/dopams-backend-staging/node_modules/@types/nodemailer/lib/smtp-transport/index.d.ts'. ========
Explicitly specified module resolution kind: 'Node10'.
Loading module as file / folder, candidate module location 'd:/DOPAMS/Toystack/dopams-backend-staging/node_modules/@types/nodemailer/lib/mailer/mail-message', target file types: TypeScript, Declaration.
File 'd:/DOPAMS/Toystack/dopams-backend-staging/node_modules/@types/nodemailer/lib/mailer/mail-message.ts' does not exist.
File 'd:/DOPAMS/Toystack/dopams-backend-staging/node_modules/@types/nodemailer/lib/mailer/mail-message.tsx' does not exist.
File 'd:/DOPAMS/Toystack/dopams-backend-staging/node_modules/@types/nodemailer/lib/mailer/mail-message.d.ts' exists - use it as a name resolution result.
File 'd:/DOPAMS/Toystack/dopams-backend-staging/node_modules/@types/nodemailer/package.json' exists according to earlier cached lookups.
======== Module name '../mailer/mail-message' was successfully resolved to 'd:/DOPAMS/Toystack/dopams-backend-staging/node_modules/@types/nodemailer/lib/mailer/mail-message.d.ts' with Package ID '@types/nodemailer/lib/mailer/mail-message.d.ts@6.4.22'. ========
======== Resolving module '../mime-node' from 'd:/DOPAMS/Toystack/dopams-backend-staging/node_modules/@types/nodemailer/lib/smtp-transport/index.d.ts'. ========
Explicitly specified module resolution kind: 'Node10'.
Loading module as file / folder, candidate module location 'd:/DOPAMS/Toystack/dopams-backend-staging/node_modules/@types/nodemailer/lib/mime-node', target file types: TypeScript, Declaration.
File 'd:/DOPAMS/Toystack/dopams-backend-staging/node_modules/@types/nodemailer/lib/mime-node.ts' does not exist.
File 'd:/DOPAMS/Toystack/dopams-backend-staging/node_modules/@types/nodemailer/lib/mime-node.tsx' does not exist.
File 'd:/DOPAMS/Toystack/dopams-backend-staging/node_modules/@types/nodemailer/lib/mime-node.d.ts' does not exist.
File 'd:/DOPAMS/Toystack/dopams-backend-staging/node_modules/@types/nodemailer/lib/mime-node/package.json' does not exist according to earlier cached lookups.
File 'd:/DOPAMS/Toystack/dopams-backend-staging/node_modules/@types/nodemailer/lib/mime-node/index.ts' does not exist.
File 'd:/DOPAMS/Toystack/dopams-backend-staging/node_modules/@types/nodemailer/lib/mime-node/index.tsx' does not exist.
File 'd:/DOPAMS/Toystack/dopams-backend-staging/node_modules/@types/nodemailer/lib/mime-node/index.d.ts' exists - use it as a name resolution result.
======== Module name '../mime-node' was successfully resolved to 'd:/DOPAMS/Toystack/dopams-backend-staging/node_modules/@types/nodemailer/lib/mime-node/index.d.ts'. ========
======== Resolving module '../smtp-connection' from 'd:/DOPAMS/Toystack/dopams-backend-staging/node_modules/@types/nodemailer/lib/smtp-transport/index.d.ts'. ========
Explicitly specified module resolution kind: 'Node10'.
Loading module as file / folder, candidate module location 'd:/DOPAMS/Toystack/dopams-backend-staging/node_modules/@types/nodemailer/lib/smtp-connection', target file types: TypeScript, Declaration.
File 'd:/DOPAMS/Toystack/dopams-backend-staging/node_modules/@types/nodemailer/lib/smtp-connection.ts' does not exist.
File 'd:/DOPAMS/Toystack/dopams-backend-staging/node_modules/@types/nodemailer/lib/smtp-connection.tsx' does not exist.
File 'd:/DOPAMS/Toystack/dopams-backend-staging/node_modules/@types/nodemailer/lib/smtp-connection.d.ts' does not exist.
File 'd:/DOPAMS/Toystack/dopams-backend-staging/node_modules/@types/nodemailer/lib/smtp-connection/package.json' does not exist according to earlier cached lookups.
File 'd:/DOPAMS/Toystack/dopams-backend-staging/node_modules/@types/nodemailer/lib/smtp-connection/index.ts' does not exist.
File 'd:/DOPAMS/Toystack/dopams-backend-staging/node_modules/@types/nodemailer/lib/smtp-connection/index.tsx' does not exist.
File 'd:/DOPAMS/Toystack/dopams-backend-staging/node_modules/@types/nodemailer/lib/smtp-connection/index.d.ts' exists - use it as a name resolution result.
======== Module name '../smtp-connection' was successfully resolved to 'd:/DOPAMS/Toystack/dopams-backend-staging/node_modules/@types/nodemailer/lib/smtp-connection/index.d.ts'. ========
======== Resolving module '../xoauth2' from 'd:/DOPAMS/Toystack/dopams-backend-staging/node_modules/@types/nodemailer/lib/smtp-transport/index.d.ts'. ========
Explicitly specified module resolution kind: 'Node10'.
Loading module as file / folder, candidate module location 'd:/DOPAMS/Toystack/dopams-backend-staging/node_modules/@types/nodemailer/lib/xoauth2', target file types: TypeScript, Declaration.
File 'd:/DOPAMS/Toystack/dopams-backend-staging/node_modules/@types/nodemailer/lib/xoauth2.ts' does not exist.
File 'd:/DOPAMS/Toystack/dopams-backend-staging/node_modules/@types/nodemailer/lib/xoauth2.tsx' does not exist.
File 'd:/DOPAMS/Toystack/dopams-backend-staging/node_modules/@types/nodemailer/lib/xoauth2.d.ts' does not exist.
File 'd:/DOPAMS/Toystack/dopams-backend-staging/node_modules/@types/nodemailer/lib/xoauth2/package.json' does not exist according to earlier cached lookups.
File 'd:/DOPAMS/Toystack/dopams-backend-staging/node_modules/@types/nodemailer/lib/xoauth2/index.ts' does not exist.
File 'd:/DOPAMS/Toystack/dopams-backend-staging/node_modules/@types/nodemailer/lib/xoauth2/index.tsx' does not exist.
File 'd:/DOPAMS/Toystack/dopams-backend-staging/node_modules/@types/nodemailer/lib/xoauth2/index.d.ts' exists - use it as a name resolution result.
======== Module name '../xoauth2' was successfully resolved to 'd:/DOPAMS/Toystack/dopams-backend-staging/node_modules/@types/nodemailer/lib/xoauth2/index.d.ts'. ========
File 'd:/DOPAMS/Toystack/dopams-backend-staging/node_modules/@types/nodemailer/lib/stream-transport/package.json' does not exist according to earlier cached lookups.
File 'd:/DOPAMS/Toystack/dopams-backend-staging/node_modules/@types/nodemailer/lib/package.json' does not exist according to earlier cached lookups.
File 'd:/DOPAMS/Toystack/dopams-backend-staging/node_modules/@types/nodemailer/package.json' exists according to earlier cached lookups.
======== Resolving type reference directive 'node', containing file 'd:/DOPAMS/Toystack/dopams-backend-staging/node_modules/@types/nodemailer/lib/stream-transport/index.d.ts', root directory 'd:/DOPAMS/Toystack/dopams-backend-staging/node_modules/@types,d:/DOPAMS/Toystack/node_modules/@types,d:/DOPAMS/node_modules/@types,d:/node_modules/@types'. ========
Resolving with primary search path 'd:/DOPAMS/Toystack/dopams-backend-staging/node_modules/@types, d:/DOPAMS/Toystack/node_modules/@types, d:/DOPAMS/node_modules/@types, d:/node_modules/@types'.
File 'd:/DOPAMS/Toystack/dopams-backend-staging/node_modules/@types/node/package.json' exists according to earlier cached lookups.
'package.json' does not have a 'typings' field.
'package.json' has 'types' field 'index.d.ts' that references 'd:/DOPAMS/Toystack/dopams-backend-staging/node_modules/@types/node/index.d.ts'.
File 'd:/DOPAMS/Toystack/dopams-backend-staging/node_modules/@types/node/index.d.ts' exists - use it as a name resolution result.
Resolving real path for 'd:/DOPAMS/Toystack/dopams-backend-staging/node_modules/@types/node/index.d.ts', result 'D:/DOPAMS/Toystack/dopams-backend-staging/node_modules/@types/node/index.d.ts'.
======== Type reference directive 'node' was successfully resolved to 'd:/DOPAMS/Toystack/dopams-backend-staging/node_modules/@types/node/index.d.ts' with Package ID '@types/node/index.d.ts@22.19.10', primary: true. ========
======== Resolving module 'events' from 'd:/DOPAMS/Toystack/dopams-backend-staging/node_modules/@types/nodemailer/lib/stream-transport/index.d.ts'. ========
Explicitly specified module resolution kind: 'Node10'.
'baseUrl' option is set to 'd:/DOPAMS/Toystack/dopams-backend-staging/src', using this value to resolve non-relative module name 'events'.
'paths' option is specified, looking for a pattern to match module name 'events'.
'baseUrl' option is set to 'd:/DOPAMS/Toystack/dopams-backend-staging/src', using this value to resolve non-relative module name 'events'.
Resolving module name 'events' relative to base url 'd:/DOPAMS/Toystack/dopams-backend-staging/src' - 'd:/DOPAMS/Toystack/dopams-backend-staging/src/events'.
Loading module as file / folder, candidate module location 'd:/DOPAMS/Toystack/dopams-backend-staging/src/events', target file types: TypeScript, Declaration.
File 'd:/DOPAMS/Toystack/dopams-backend-staging/src/events.ts' does not exist.
File 'd:/DOPAMS/Toystack/dopams-backend-staging/src/events.tsx' does not exist.
File 'd:/DOPAMS/Toystack/dopams-backend-staging/src/events.d.ts' does not exist.
Directory 'd:/DOPAMS/Toystack/dopams-backend-staging/src/events' does not exist, skipping all lookups in it.
Loading module 'events' from 'node_modules' folder, target file types: TypeScript, Declaration.
Searching all ancestor node_modules directories for preferred extensions: TypeScript, Declaration.
Directory 'd:/DOPAMS/Toystack/dopams-backend-staging/node_modules/@types/nodemailer/lib/stream-transport/node_modules' does not exist, skipping all lookups in it.
Resolution for module 'events' was found in cache from location 'd:/DOPAMS/Toystack/dopams-backend-staging/node_modules/@types/nodemailer/lib'.
======== Module name 'events' was successfully resolved to 'd:/DOPAMS/Toystack/dopams-backend-staging/node_modules/events/events.js' with Package ID 'events/events.js@1.1.1'. ========
======== Resolving module 'stream' from 'd:/DOPAMS/Toystack/dopams-backend-staging/node_modules/@types/nodemailer/lib/stream-transport/index.d.ts'. ========
Explicitly specified module resolution kind: 'Node10'.
'baseUrl' option is set to 'd:/DOPAMS/Toystack/dopams-backend-staging/src', using this value to resolve non-relative module name 'stream'.
'paths' option is specified, looking for a pattern to match module name 'stream'.
'baseUrl' option is set to 'd:/DOPAMS/Toystack/dopams-backend-staging/src', using this value to resolve non-relative module name 'stream'.
Resolving module name 'stream' relative to base url 'd:/DOPAMS/Toystack/dopams-backend-staging/src' - 'd:/DOPAMS/Toystack/dopams-backend-staging/src/stream'.
Loading module as file / folder, candidate module location 'd:/DOPAMS/Toystack/dopams-backend-staging/src/stream', target file types: TypeScript, Declaration.
File 'd:/DOPAMS/Toystack/dopams-backend-staging/src/stream.ts' does not exist.
File 'd:/DOPAMS/Toystack/dopams-backend-staging/src/stream.tsx' does not exist.
File 'd:/DOPAMS/Toystack/dopams-backend-staging/src/stream.d.ts' does not exist.
Directory 'd:/DOPAMS/Toystack/dopams-backend-staging/src/stream' does not exist, skipping all lookups in it.
Loading module 'stream' from 'node_modules' folder, target file types: TypeScript, Declaration.
Searching all ancestor node_modules directories for preferred extensions: TypeScript, Declaration.
Directory 'd:/DOPAMS/Toystack/dopams-backend-staging/node_modules/@types/nodemailer/lib/stream-transport/node_modules' does not exist, skipping all lookups in it.
Resolution for module 'stream' was found in cache from location 'd:/DOPAMS/Toystack/dopams-backend-staging/node_modules/@types/nodemailer/lib'.
======== Module name 'stream' was not resolved. ========
======== Resolving module '../..' from 'd:/DOPAMS/Toystack/dopams-backend-staging/node_modules/@types/nodemailer/lib/stream-transport/index.d.ts'. ========
Explicitly specified module resolution kind: 'Node10'.
Loading module as file / folder, candidate module location 'd:/DOPAMS/Toystack/dopams-backend-staging/node_modules/@types/nodemailer/', target file types: TypeScript, Declaration.
File 'd:/DOPAMS/Toystack/dopams-backend-staging/node_modules/@types/nodemailer/package.json' exists according to earlier cached lookups.
'package.json' does not have a 'typings' field.
'package.json' has 'types' field 'index.d.ts' that references 'd:/DOPAMS/Toystack/dopams-backend-staging/node_modules/@types/nodemailer/index.d.ts'.
File 'd:/DOPAMS/Toystack/dopams-backend-staging/node_modules/@types/nodemailer/index.d.ts' exists - use it as a name resolution result.
======== Module name '../..' was successfully resolved to 'd:/DOPAMS/Toystack/dopams-backend-staging/node_modules/@types/nodemailer/index.d.ts' with Package ID '@types/nodemailer/ndex.d.ts@6.4.22'. ========
======== Resolving module '../shared' from 'd:/DOPAMS/Toystack/dopams-backend-staging/node_modules/@types/nodemailer/lib/stream-transport/index.d.ts'. ========
Explicitly specified module resolution kind: 'Node10'.
Loading module as file / folder, candidate module location 'd:/DOPAMS/Toystack/dopams-backend-staging/node_modules/@types/nodemailer/lib/shared', target file types: TypeScript, Declaration.
File 'd:/DOPAMS/Toystack/dopams-backend-staging/node_modules/@types/nodemailer/lib/shared.ts' does not exist.
File 'd:/DOPAMS/Toystack/dopams-backend-staging/node_modules/@types/nodemailer/lib/shared.tsx' does not exist.
File 'd:/DOPAMS/Toystack/dopams-backend-staging/node_modules/@types/nodemailer/lib/shared.d.ts' does not exist.
File 'd:/DOPAMS/Toystack/dopams-backend-staging/node_modules/@types/nodemailer/lib/shared/package.json' does not exist according to earlier cached lookups.
File 'd:/DOPAMS/Toystack/dopams-backend-staging/node_modules/@types/nodemailer/lib/shared/index.ts' does not exist.
File 'd:/DOPAMS/Toystack/dopams-backend-staging/node_modules/@types/nodemailer/lib/shared/index.tsx' does not exist.
File 'd:/DOPAMS/Toystack/dopams-backend-staging/node_modules/@types/nodemailer/lib/shared/index.d.ts' exists - use it as a name resolution result.
======== Module name '../shared' was successfully resolved to 'd:/DOPAMS/Toystack/dopams-backend-staging/node_modules/@types/nodemailer/lib/shared/index.d.ts'. ========
======== Resolving module '../mailer' from 'd:/DOPAMS/Toystack/dopams-backend-staging/node_modules/@types/nodemailer/lib/stream-transport/index.d.ts'. ========
Explicitly specified module resolution kind: 'Node10'.
Loading module as file / folder, candidate module location 'd:/DOPAMS/Toystack/dopams-backend-staging/node_modules/@types/nodemailer/lib/mailer', target file types: TypeScript, Declaration.
File 'd:/DOPAMS/Toystack/dopams-backend-staging/node_modules/@types/nodemailer/lib/mailer.ts' does not exist.
File 'd:/DOPAMS/Toystack/dopams-backend-staging/node_modules/@types/nodemailer/lib/mailer.tsx' does not exist.
File 'd:/DOPAMS/Toystack/dopams-backend-staging/node_modules/@types/nodemailer/lib/mailer.d.ts' does not exist.
File 'd:/DOPAMS/Toystack/dopams-backend-staging/node_modules/@types/nodemailer/lib/mailer/package.json' does not exist according to earlier cached lookups.
File 'd:/DOPAMS/Toystack/dopams-backend-staging/node_modules/@types/nodemailer/lib/mailer/index.ts' does not exist.
File 'd:/DOPAMS/Toystack/dopams-backend-staging/node_modules/@types/nodemailer/lib/mailer/index.tsx' does not exist.
File 'd:/DOPAMS/Toystack/dopams-backend-staging/node_modules/@types/nodemailer/lib/mailer/index.d.ts' exists - use it as a name resolution result.
======== Module name '../mailer' was successfully resolved to 'd:/DOPAMS/Toystack/dopams-backend-staging/node_modules/@types/nodemailer/lib/mailer/index.d.ts'. ========
======== Resolving module '../mailer/mail-message' from 'd:/DOPAMS/Toystack/dopams-backend-staging/node_modules/@types/nodemailer/lib/stream-transport/index.d.ts'. ========
Explicitly specified module resolution kind: 'Node10'.
Loading module as file / folder, candidate module location 'd:/DOPAMS/Toystack/dopams-backend-staging/node_modules/@types/nodemailer/lib/mailer/mail-message', target file types: TypeScript, Declaration.
File 'd:/DOPAMS/Toystack/dopams-backend-staging/node_modules/@types/nodemailer/lib/mailer/mail-message.ts' does not exist.
File 'd:/DOPAMS/Toystack/dopams-backend-staging/node_modules/@types/nodemailer/lib/mailer/mail-message.tsx' does not exist.
File 'd:/DOPAMS/Toystack/dopams-backend-staging/node_modules/@types/nodemailer/lib/mailer/mail-message.d.ts' exists - use it as a name resolution result.
File 'd:/DOPAMS/Toystack/dopams-backend-staging/node_modules/@types/nodemailer/package.json' exists according to earlier cached lookups.
======== Module name '../mailer/mail-message' was successfully resolved to 'd:/DOPAMS/Toystack/dopams-backend-staging/node_modules/@types/nodemailer/lib/mailer/mail-message.d.ts' with Package ID '@types/nodemailer/lib/mailer/mail-message.d.ts@6.4.22'. ========
======== Resolving module '../mime-node' from 'd:/DOPAMS/Toystack/dopams-backend-staging/node_modules/@types/nodemailer/lib/stream-transport/index.d.ts'. ========
Explicitly specified module resolution kind: 'Node10'.
Loading module as file / folder, candidate module location 'd:/DOPAMS/Toystack/dopams-backend-staging/node_modules/@types/nodemailer/lib/mime-node', target file types: TypeScript, Declaration.
File 'd:/DOPAMS/Toystack/dopams-backend-staging/node_modules/@types/nodemailer/lib/mime-node.ts' does not exist.
File 'd:/DOPAMS/Toystack/dopams-backend-staging/node_modules/@types/nodemailer/lib/mime-node.tsx' does not exist.
File 'd:/DOPAMS/Toystack/dopams-backend-staging/node_modules/@types/nodemailer/lib/mime-node.d.ts' does not exist.
File 'd:/DOPAMS/Toystack/dopams-backend-staging/node_modules/@types/nodemailer/lib/mime-node/package.json' does not exist according to earlier cached lookups.
File 'd:/DOPAMS/Toystack/dopams-backend-staging/node_modules/@types/nodemailer/lib/mime-node/index.ts' does not exist.
File 'd:/DOPAMS/Toystack/dopams-backend-staging/node_modules/@types/nodemailer/lib/mime-node/index.tsx' does not exist.
File 'd:/DOPAMS/Toystack/dopams-backend-staging/node_modules/@types/nodemailer/lib/mime-node/index.d.ts' exists - use it as a name resolution result.
======== Module name '../mime-node' was successfully resolved to 'd:/DOPAMS/Toystack/dopams-backend-staging/node_modules/@types/nodemailer/lib/mime-node/index.d.ts'. ========
File 'd:/DOPAMS/Toystack/dopams-backend-staging/node_modules/@types/strip-bom/package.json' exists according to earlier cached lookups.
File 'd:/DOPAMS/Toystack/dopams-backend-staging/node_modules/@types/strip-json-comments/package.json' exists according to earlier cached lookups.
File 'd:/DOPAMS/Toystack/dopams-backend-staging/node_modules/@types/uuid/package.json' exists according to earlier cached lookups.
File 'd:/DOPAMS/Toystack/dopams-backend-staging/node_modules/@types/yup/package.json' exists according to earlier cached lookups.
